INFO     healthpartners_interview_data_engineer_take_home.download:download.py:53 🏗️ Fetching datasets...
INFO     healthpartners_interview_data_engineer_take_home.download:download.py:67 ✅ Finished fetching datasets.
