2024-08-23 11:36:47 - INFO - Starting CMS data download and processing...
2024-08-23 11:36:47 - INFO - 🏗️ Fetching datasets...
2024-08-23 11:36:47 - DEBUG - Starting new HTTPS connection (1): data.cms.gov:443
2024-08-23 11:36:47 - DEBUG - https://data.cms.gov:443 "GET /provider-data/api/1/metastore/schemas/dataset/items HTTP/11" 200 30377
2024-08-23 11:36:47 - INFO - Validated dataset: Dialysis Facility - Listing by Facility
2024-08-23 11:36:47 - INFO - Validated dataset: Dialysis Facility - State Averages
2024-08-23 11:36:47 - INFO - Validated dataset: Dialysis Facility - National Averages
2024-08-23 11:36:47 - INFO - Validated dataset: Patient survey (ICH CAHPS) - Facility
2024-08-23 11:36:47 - INFO - Validated dataset: Patient survey (ICH CAHPS) - National
2024-08-23 11:36:47 - INFO - Validated dataset: Home Health Care - Zip Codes
2024-08-23 11:36:47 - INFO - Validated dataset: Home Health Care Agencies
2024-08-23 11:36:47 - INFO - Validated dataset: Home Health Care - National Data
2024-08-23 11:36:47 - INFO - Validated dataset: Hospice - Zip Data
2024-08-23 11:36:47 - INFO - Validated dataset: Hospice - General Information
2024-08-23 11:36:47 - INFO - Validated dataset: Hospice - Provider Data
2024-08-23 11:36:47 - INFO - Validated dataset: Hospice care - Provider CAHPS Hospice Survey Data
2024-08-23 11:36:47 - INFO - Validated dataset: Hospice care - National CAHPS Hospice Survey Data
2024-08-23 11:36:47 - INFO - Validated dataset: Outpatient and Ambulatory Surgery Consumer Assessment of Healthcare Providers and Systems (OAS CAHPS) survey for ambulatory surgical centers - Facility
2024-08-23 11:36:47 - INFO - Validated dataset: Ambulatory Surgical Center Quality Measures - Facility
2024-08-23 11:36:47 - INFO - Validated dataset: Ambulatory Surgical Center Quality Measures - National
2024-08-23 11:36:47 - INFO - Validated dataset: Outpatient and Ambulatory Surgery Consumer Assessment of Healthcare Providers and Systems (OAS CAHPS) survey for ambulatory surgical centers - National
2024-08-23 11:36:47 - INFO - Validated dataset: Ambulatory Surgical Center Quality Measures - State
2024-08-23 11:36:47 - INFO - Validated dataset: Outpatient and Ambulatory Surgery Consumer Assessment of Healthcare Providers and Systems (OAS CAHPS) survey for ambulatory surgical centers - State
2024-08-23 11:36:47 - INFO - Validated dataset: Comprehensive Care For Joint Replacement Model - Provider Data
2024-08-23 11:36:47 - INFO - Validated dataset: CMS Medicare PSI-90 and component measures - six-digit estimate dataset
2024-08-23 11:36:47 - INFO - Validated dataset: Complications and Deaths - Hospital
2024-08-23 11:36:47 - INFO - Validated dataset: Complications and Deaths - National
2024-08-23 11:36:47 - INFO - Validated dataset: Complications and Deaths - State
2024-08-23 11:36:47 - INFO - Validated dataset: Footnote Crosswalk
2024-08-23 11:36:47 - INFO - Validated dataset: Outpatient and Ambulatory Surgery Consumer Assessment of Healthcare Providers and Systems (OAS CAHPS) survey - Footnotes
2024-08-23 11:36:47 - INFO - Validated dataset: Table 2: FY2021 Distribution of Net Change in Base Operating DRG Payment Amount
2024-08-23 11:36:47 - INFO - Validated dataset: Table 1: FY2021 Net Change in Base Operating DRG Payment Amount
2024-08-23 11:36:47 - INFO - Validated dataset: Table 3: FY2021 Percent Change in Medicare Payments
2024-08-23 11:36:47 - INFO - Validated dataset: Table 4: FY2021 Value-Based Incentive Payment Amount
2024-08-23 11:36:47 - INFO - Validated dataset: Patient survey (HCAHPS) - Hospital
2024-08-23 11:36:47 - INFO - Validated dataset: Patient survey (HCAHPS) - National
2024-08-23 11:36:47 - INFO - Validated dataset: Patient survey (HCAHPS) - State
2024-08-23 11:36:47 - INFO - Validated dataset: Healthcare Associated Infections - Hospital
2024-08-23 11:36:47 - INFO - Validated dataset: Healthcare Associated Infections - National
2024-08-23 11:36:47 - INFO - Validated dataset: Healthcare Associated Infections - State
2024-08-23 11:36:47 - INFO - Validated dataset: Outpatient and Ambulatory Surgery Consumer Assessment of Healthcare Providers and Systems (OAS CAHPS) survey for hospital outpatient departments - Facility
2024-08-23 11:36:47 - INFO - Validated dataset: Outpatient and Ambulatory Surgery Consumer Assessment of Healthcare Providers and Systems (OAS CAHPS) survey for hospital outpatient departments - National
2024-08-23 11:36:47 - INFO - Validated dataset: Outpatient and Ambulatory Surgery Consumer Assessment of Healthcare Providers and Systems (OAS CAHPS) survey for hospital outpatient departments - State
2024-08-23 11:36:47 - INFO - Validated dataset: Hospital General Information
2024-08-23 11:36:47 - INFO - Validated dataset: Complications and Unplanned Hospital Visits - PPS-Exempt Cancer Hospital - Hospital
2024-08-23 11:36:47 - INFO - Validated dataset: Complications and Unplanned Hospital Visits - PPS-Exempt Cancer Hospital - National
2024-08-23 11:36:47 - INFO - Validated dataset: Hospital-Acquired Condition (HAC) Reduction Program
2024-08-23 11:36:47 - INFO - Validated dataset: Medicare Spending Per Beneficiary - Hospital Additional Decimal Places
2024-08-23 11:36:47 - INFO - Validated dataset: Safety and Healthcare-Associated Infection Measures - PPS-Exempt Cancer Hospital
2024-08-23 11:36:47 - INFO - Validated dataset: Patient Survey (PCH - HCAHPS) PPS-Exempt Cancer Hospital - Hospital
2024-08-23 11:36:47 - INFO - Validated dataset: Patient Survey (PCH - HCAHPS) PPS-Exempt Cancer Hospital - National
2024-08-23 11:36:47 - INFO - Validated dataset: Patient Survey (PCH - HCAHPS) PPS-Exempt Cancer Hospital - State
2024-08-23 11:36:47 - INFO - Validated dataset: Hospital Readmissions Reduction Program
2024-08-23 11:36:47 - INFO - Validated dataset: Hospital Value-Based Purchasing (HVBP) - Clinical Outcomes Domain Scores
2024-08-23 11:36:47 - INFO - Validated dataset: Hospital Value-Based Purchasing (HVBP) - Efficiency Scores
2024-08-23 11:36:47 - INFO - Validated dataset: Hospital Value-Based Purchasing (HVBP) - Person and Community Engagement Domain Scores (HCAHPS)
2024-08-23 11:36:47 - INFO - Validated dataset: Hospital Value-Based Purchasing (HVBP) - Safety
2024-08-23 11:36:47 - INFO - Validated dataset: Hospital Value-Based Purchasing (HVBP) - Total Performance Score
2024-08-23 11:36:47 - INFO - Validated dataset: Inpatient Psychiatric Facility Quality Measure Data - by Facility
2024-08-23 11:36:47 - INFO - Validated dataset: Inpatient Psychiatric Facility Quality Measure Data - National
2024-08-23 11:36:47 - INFO - Validated dataset: Inpatient Psychiatric Facility Quality Measure Data - by State
2024-08-23 11:36:47 - INFO - Validated dataset: Measure Dates
2024-08-23 11:36:47 - INFO - Validated dataset: Medicare Hospital Spending by Claim
2024-08-23 11:36:47 - INFO - Validated dataset: Medicare Spending Per Beneficiary - Hospital
2024-08-23 11:36:47 - INFO - Validated dataset: Medicare Spending Per Beneficiary - National
2024-08-23 11:36:47 - INFO - Validated dataset: Medicare Spending Per Beneficiary - State
2024-08-23 11:36:47 - INFO - Validated dataset: Outpatient Imaging Efficiency - Hospital
2024-08-23 11:36:47 - INFO - Validated dataset: Outpatient Imaging Efficiency - National
2024-08-23 11:36:47 - INFO - Validated dataset: Outpatient Imaging Efficiency - State
2024-08-23 11:36:47 - INFO - Validated dataset: Payment - National
2024-08-23 11:36:47 - INFO - Validated dataset: Payment and value of care - Hospital
2024-08-23 11:36:47 - INFO - Validated dataset: Timely and Effective Care - Hospital
2024-08-23 11:36:47 - INFO - Validated dataset: Timely and Effective Care - National
2024-08-23 11:36:47 - INFO - Validated dataset: Timely and Effective Care - State
2024-08-23 11:36:47 - INFO - Validated dataset: Unplanned Hospital Visits - Hospital
2024-08-23 11:36:47 - INFO - Validated dataset: Unplanned Hospital Visits - National
2024-08-23 11:36:47 - INFO - Validated dataset: Unplanned Hospital Visits - State
2024-08-23 11:36:47 - INFO - Validated dataset: Veterans Health Administration Behavioral Health Data
2024-08-23 11:36:47 - INFO - Validated dataset: Veterans Health Administration Timely and Effective Care Data
2024-08-23 11:36:47 - INFO - Validated dataset: Value of care - National
2024-08-23 11:36:47 - INFO - Validated dataset: Veterans Health Administration Provider Level Data
2024-08-23 11:36:47 - INFO - Validated dataset: Data Updates
2024-08-23 11:36:47 - INFO - Validated dataset: Inpatient Rehabilitation Facility - General Information
2024-08-23 11:36:47 - INFO - Validated dataset: Inpatient Rehabilitation Facility - Provider Data
2024-08-23 11:36:47 - INFO - Validated dataset: Inpatient Rehabilitation Facility - Conditions
2024-08-23 11:36:47 - INFO - Validated dataset: Long-Term Care Hospital - General Information
2024-08-23 11:36:47 - INFO - Validated dataset: Long-Term Care Hospital - Provider Data
2024-08-23 11:36:47 - INFO - Validated dataset: Fire Safety Deficiencies
2024-08-23 11:36:47 - INFO - Validated dataset: Health Deficiencies
2024-08-23 11:36:47 - INFO - Validated dataset: MDS Quality Measures
2024-08-23 11:36:47 - INFO - Validated dataset: Medicare Claims Quality Measures
2024-08-23 11:36:47 - INFO - Validated dataset: Ownership
2024-08-23 11:36:47 - INFO - Validated dataset: Penalties
2024-08-23 11:36:47 - INFO - Validated dataset: Provider Information
2024-08-23 11:36:47 - INFO - Validated dataset: Skilled Nursing Facility Quality Reporting Program - Provider Data
2024-08-23 11:36:47 - INFO - Validated dataset: Skilled Nursing Facility Quality Reporting Program - Swing Beds - Provider Data
2024-08-23 11:36:47 - INFO - Validated dataset: State US Averages
2024-08-23 11:36:47 - INFO - Validated dataset: Survey Summary
2024-08-23 11:36:47 - INFO - Validated dataset: FY 2024 SNF VBP Facility-Level Dataset
2024-08-23 11:36:47 - INFO - Validated dataset: FY 2024 SNF VBP Aggregate Performance
2024-08-23 11:36:47 - INFO - Validated dataset: Nursing Home Data Collection Intervals
2024-08-23 11:36:47 - INFO - Validated dataset: Citation Code Look-up
2024-08-23 11:36:47 - INFO - Validated dataset: National Downloadable File
2024-08-23 11:36:47 - INFO - Validated dataset: PY 2022 Group Public Reporting: MIPS Measures and Attestations
2024-08-23 11:36:47 - INFO - Validated dataset: PY 2022 Group Public Reporting: Patient Experience
2024-08-23 11:36:47 - INFO - Validated dataset: PY 2022 Clinician Public Reporting: MIPS Measures and Attestations
2024-08-23 11:36:47 - INFO - Validated dataset: PY 2022 Clinician Public Reporting: Overall MIPS Performance
2024-08-23 11:36:47 - INFO - Validated dataset: Inspection Dates
2024-08-23 11:36:47 - INFO - Validated dataset: State-Level Health Inspection Cut Points
2024-08-23 11:36:47 - INFO - Validated dataset: Home Health Care - Patient Survey (HHCAHPS) 2023Q1 to 2023Q4
2024-08-23 11:36:47 - INFO - Validated dataset: Home Health Care - Patient Survey (HHCAHPS) National Data 2023Q1 to 2023Q4
2024-08-23 11:36:47 - INFO - Validated dataset: Home Health Care - Patient Survey (HHCAHPS) State Data 2023Q1 to 2023Q4
2024-08-23 11:36:47 - INFO - Validated dataset: Home Health Care - Patient Survey (HHCAHPS) Measure Dates 2023Q1 to 2023Q4
2024-08-23 11:36:47 - INFO - Validated dataset: Addiction Medicine Office Visit Costs
2024-08-23 11:36:47 - INFO - Validated dataset: Advanced Heart Failure and Transplant Cardiology Office Visit Costs
2024-08-23 11:36:47 - INFO - Validated dataset: Allergy/ Immunology Office Visit Costs
2024-08-23 11:36:47 - INFO - Validated dataset: Anesthesiology Office Visit Costs
2024-08-23 11:36:47 - INFO - Validated dataset: Cardiac Surgery Office Visit Costs
2024-08-23 11:36:47 - INFO - Validated dataset: Cardiology Office Visit Costs
2024-08-23 11:36:47 - INFO - Validated dataset: Certified Clinical Nurse Specialist Office Visit Costs
2024-08-23 11:36:47 - INFO - Validated dataset: Certified Nurse Midwife Office Visit Costs
2024-08-23 11:36:47 - INFO - Validated dataset: Certified Registered Nurse Anesthetist (CRNA) Office Visit Costs
2024-08-23 11:36:47 - INFO - Validated dataset: Clinic or Group Practice Office Visit Costs
2024-08-23 11:36:47 - INFO - Validated dataset: Clinical Cardiac Electrophysiology Office Visit Costs
2024-08-23 11:36:47 - INFO - Validated dataset: Clinical Laboratory Office Visit Costs
2024-08-23 11:36:47 - INFO - Validated dataset: Colorectal Surgery (Proctology) Office Visit Costs
2024-08-23 11:36:47 - INFO - Validated dataset: Critical Care (Intensivists) Office Visit Costs
2024-08-23 11:36:47 - INFO - Validated dataset: Dentist Office Visit Costs
2024-08-23 11:36:47 - INFO - Validated dataset: Dermatology Office Visit Costs
2024-08-23 11:36:47 - INFO - Validated dataset: Diagnostic Radiology Office Visit Costs
2024-08-23 11:36:47 - INFO - Validated dataset: Emergency Medicine Office Visit Costs
2024-08-23 11:36:47 - INFO - Validated dataset: Endocrinology Office Visit Costs
2024-08-23 11:36:47 - INFO - Validated dataset: Family Practice Office Visit Costs
2024-08-23 11:36:47 - INFO - Validated dataset: Gastroenterology Office Visit Costs
2024-08-23 11:36:47 - INFO - Validated dataset: General Practice Office Visit Costs
2024-08-23 11:36:47 - INFO - Validated dataset: General Surgery Office Visit Costs
2024-08-23 11:36:47 - INFO - Validated dataset: Geriatric Medicine Office Visit Costs
2024-08-23 11:36:47 - INFO - Validated dataset: Geriatric Psychiatry Office Visit Costs
2024-08-23 11:36:47 - INFO - Validated dataset: Gynecological Oncology Office Visit Costs
2024-08-23 11:36:47 - INFO - Validated dataset: Hand Surgery Office Visit Costs
2024-08-23 11:36:47 - INFO - Validated dataset: Hematology Office Visit Costs
2024-08-23 11:36:47 - INFO - Validated dataset: Hematology-Oncology Office Visit Costs
2024-08-23 11:36:47 - INFO - Validated dataset: Hematopoietic Cell Transplantation and Cellular Therapy Office Visit Costs
2024-08-23 11:36:47 - INFO - Validated dataset: Hospice and Palliative Care Office Visit Costs
2024-08-23 11:36:47 - INFO - Validated dataset: Hospitalist Office Visit Costs
2024-08-23 11:36:47 - INFO - Validated dataset: Infectious Disease Office Visit Costs
2024-08-23 11:36:47 - INFO - Validated dataset: Internal Medicine Office Visit Costs
2024-08-23 11:36:47 - INFO - Validated dataset: Interventional Cardiology Office Visit Costs
2024-08-23 11:36:47 - INFO - Validated dataset: Interventional Pain Management Office Visit Costs
2024-08-23 11:36:47 - INFO - Validated dataset: Interventional Radiology Office Visit Costs
2024-08-23 11:36:47 - INFO - Validated dataset: Maxillofacial Surgery Office Visit Costs
2024-08-23 11:36:47 - INFO - Validated dataset: Medical Oncology Office Visit Costs
2024-08-23 11:36:47 - INFO - Validated dataset: Medical Toxicology Office Visit Costs
2024-08-23 11:36:47 - INFO - Validated dataset: Nephrology Office Visit Costs
2024-08-23 11:36:47 - INFO - Validated dataset: Neurology Office Visit Costs
2024-08-23 11:36:47 - INFO - Validated dataset: Neuropsychiatry Office Visit Costs
2024-08-23 11:36:47 - INFO - Validated dataset: Neurosurgery Office Visit Costs
2024-08-23 11:36:47 - INFO - Validated dataset: Nuclear Medicine Office Visit Costs
2024-08-23 11:36:47 - INFO - Validated dataset: Nurse Practitioner Office Visit Costs
2024-08-23 11:36:47 - INFO - Validated dataset: Obstetrics & Gynecology Office Visit Costs
2024-08-23 11:36:47 - INFO - Validated dataset: Ophthalmology Office Visit Costs
2024-08-23 11:36:47 - INFO - Validated dataset: Optometry Office Visit Costs
2024-08-23 11:36:47 - INFO - Validated dataset: Oral Surgery (Dentist only) Office Visit Costs
2024-08-23 11:36:47 - INFO - Validated dataset: Orthopedic Surgery Office Visit Costs
2024-08-23 11:36:47 - INFO - Validated dataset: Osteopathic Manipulative Medicine Office Visit Costs
2024-08-23 11:36:47 - INFO - Validated dataset: Otolaryngology Office Visit Costs
2024-08-23 11:36:47 - INFO - Validated dataset: Pain Management Office Visit Costs
2024-08-23 11:36:47 - INFO - Validated dataset: Pathology Office Visit Costs
2024-08-23 11:36:47 - INFO - Validated dataset: Pediatric Medicine Office Visit Costs
2024-08-23 11:36:47 - INFO - Validated dataset: Peripheral Vascular Disease Office Visit Costs
2024-08-23 11:36:47 - INFO - Validated dataset: Physical Medicine and Rehabilitation Office Visit Costs
2024-08-23 11:36:47 - INFO - Validated dataset: Physical Therapist in Private Practice Office Visit Costs
2024-08-23 11:36:47 - INFO - Validated dataset: Physician Assistant Office Visit Costs
2024-08-23 11:36:47 - INFO - Validated dataset: Plastic and Reconstructive Surgery Office Visit Costs
2024-08-23 11:36:47 - INFO - Validated dataset: Podiatry Office Visit Costs
2024-08-23 11:36:47 - INFO - Validated dataset: Preventive Medicine Office Visit Costs
2024-08-23 11:36:47 - INFO - Validated dataset: Psychiatry Office Visit Costs
2024-08-23 11:36:47 - INFO - Validated dataset: Psychologist, Clinical Office Visit Costs
2024-08-23 11:36:47 - INFO - Validated dataset: Public Health or Welfare Agency Office Visit Costs
2024-08-23 11:36:47 - INFO - Validated dataset: Pulmonary Disease Office Visit Costs
2024-08-23 11:36:47 - INFO - Validated dataset: Radiation Oncology Office Visit Costs
2024-08-23 11:36:47 - INFO - Validated dataset: Registered Dietitian or Nutrition Professional Office Visit Costs
2024-08-23 11:36:47 - INFO - Validated dataset: Rheumatology Office Visit Costs
2024-08-23 11:36:47 - INFO - Validated dataset: Sleep Medicine Office Visit Costs
2024-08-23 11:36:47 - INFO - Validated dataset: Sports Medicine Office Visit Costs
2024-08-23 11:36:47 - INFO - Validated dataset: Surgical Oncology Office Visit Costs
2024-08-23 11:36:47 - INFO - Validated dataset: Thoracic Surgery Office Visit Costs
2024-08-23 11:36:47 - INFO - Validated dataset: Undefined Physician type Office Visit Costs
2024-08-23 11:36:47 - INFO - Validated dataset: Undersea and Hyperbaric Medicine Office Visit Costs
2024-08-23 11:36:47 - INFO - Validated dataset: Urology Office Visit Costs
2024-08-23 11:36:47 - INFO - Validated dataset: Vascular Surgery Office Visit Costs
2024-08-23 11:36:47 - INFO - Validated dataset: PY 2022 Virtual Group Public Reporting: MIPS Measures and Attestations
2024-08-23 11:36:47 - INFO - Validated dataset: COVID-19 Vaccination Rates - Provider Data
2024-08-23 11:36:47 - INFO - Validated dataset: COVID-19 Vaccination Rates - State and National Averages
2024-08-23 11:36:47 - INFO - Validated dataset: Hospice care - State CAHPS Hospice Survey Data
2024-08-23 11:36:47 - INFO - Validated dataset: Hospice - State Data
2024-08-23 11:36:47 - INFO - Validated dataset: Licensed Clinical Social Worker Office Visit Costs
2024-08-23 11:36:47 - INFO - Validated dataset: Medical Genetics and Genomics Office Visit Costs
2024-08-23 11:36:47 - INFO - Validated dataset: Home Health Care - State by State Data
2024-08-23 11:36:47 - INFO - Validated dataset: Home Health Care - Measure Date Range
2024-08-23 11:36:47 - INFO - Validated dataset: Payment - State
2024-08-23 11:36:47 - INFO - Validated dataset: Maternal Health - Hospital
2024-08-23 11:36:47 - INFO - Validated dataset: Maternal Health - National
2024-08-23 11:36:47 - INFO - Validated dataset: Maternal Health - State
2024-08-23 11:36:47 - INFO - Validated dataset: Medical Equipment Suppliers
2024-08-23 11:36:47 - INFO - Validated dataset: Inpatient Rehabilitation Facility - National Data
2024-08-23 11:36:47 - INFO - Validated dataset: Long-Term Care Hospital - National Data
2024-08-23 11:36:47 - INFO - Validated dataset: Skilled Nursing Facility Quality Reporting Program - National Data
2024-08-23 11:36:47 - INFO - Validated dataset: Patient survey (ICH CAHPS) - State
2024-08-23 11:36:47 - INFO - Validated dataset: Hospice-National Data
2024-08-23 11:36:47 - INFO - Validated dataset: Facility Affiliation Data
2024-08-23 11:36:47 - INFO - Validated dataset: Utilization Data
2024-08-23 11:36:47 - INFO - Validated dataset: ESRD QIP - Clinical Depression Screening and Follow-up - Payment Year 2024
2024-08-23 11:36:47 - INFO - Validated dataset: ESRD QIP - Complete QIP Data - Payment Year 2024
2024-08-23 11:36:47 - INFO - Validated dataset: ESRD QIP - Dialysis Adequacy - Payment Year 2024
2024-08-23 11:36:47 - INFO - Validated dataset: ESRD QIP - Footnotes - Payment Year 2024
2024-08-23 11:36:47 - INFO - Validated dataset: ESRD QIP - Hypercalcemia - Payment Year 2024
2024-08-23 11:36:47 - INFO - Validated dataset: ESRD QIP - NHSN Dialysis Event Measure - Payment Year 2024
2024-08-23 11:36:47 - INFO - Validated dataset: ESRD QIP - NHSN Bloodstream Infection - Payment Year 2024
2024-08-23 11:36:47 - INFO - Validated dataset: ESRD QIP - Standardized Readmission Ratio - Payment Year 2024
2024-08-23 11:36:47 - INFO - Validated dataset: ESRD QIP - Standardized Transfusion Ratio - Payment Year 2024
2024-08-23 11:36:47 - INFO - Validated dataset: ESRD QIP - Total Performance Scores - Payment Year 2024
2024-08-23 11:36:47 - INFO - Validated dataset: ESRD QIP - Vascular Access Topic - Payment Year 2024
2024-08-23 11:36:47 - INFO - Validated dataset: ESRD QIP - Ultrafiltration Rate - Payment Year 2024
2024-08-23 11:36:47 - INFO - Validated dataset: ESRD QIP - Standardized Hospitalization Ratio - Payment Year 2024
2024-08-23 11:36:47 - INFO - Validated dataset: ESRD QIP - Medication Reconciliation - Payment Year 2024
2024-08-23 11:36:47 - INFO - Validated dataset: ESRD QIP - Percentage of Prevalent Patients Waitlisted - Payment Year 2024
2024-08-23 11:36:47 - INFO - Validated dataset: Patient-Reported Outcomes - Hospital
2024-08-23 11:36:47 - INFO - Validated dataset: Palliative Care - PPS-Exempt Cancer Hospital - Hospital
2024-08-23 11:36:47 - INFO - Validated dataset: Palliative Care - PPS-Exempt Cancer Hospital - National
2024-08-23 11:36:47 - INFO - Validated dataset: Audiologist Office Visit Costs
2024-08-23 11:36:47 - INFO - Validated dataset: Mass Immunizer Roster Biller Office Visit Costs
2024-08-23 11:36:47 - INFO - Validated dataset: Micrographic Dermatologic Surgery Office Visit Costs
2024-08-23 11:36:47 - INFO - Validated dataset: Opioid Treatment Program Office Visit Costs
2024-08-23 11:36:47 - INFO - Validated dataset: Pharmacy Office Visit Costs
2024-08-23 11:36:47 - INFO - ✅ Finished fetching datasets.
2024-08-23 11:36:47 - INFO - Completed CMS data download and processing.
2024-08-23 11:41:45 - INFO - Starting CMS data download and processing...
2024-08-23 11:41:45 - INFO - 🏗️ Fetching datasets...
2024-08-23 11:41:45 - DEBUG - Starting new HTTPS connection (1): data.cms.gov:443
2024-08-23 11:41:45 - DEBUG - https://data.cms.gov:443 "GET /provider-data/api/1/metastore/schemas/dataset/items HTTP/11" 200 30377
2024-08-23 11:41:45 - INFO - Validated dataset: Dialysis Facility - Listing by Facility
2024-08-23 11:41:45 - INFO - Validated dataset: Dialysis Facility - State Averages
2024-08-23 11:41:45 - INFO - Validated dataset: Dialysis Facility - National Averages
2024-08-23 11:41:45 - INFO - Validated dataset: Patient survey (ICH CAHPS) - Facility
2024-08-23 11:41:45 - INFO - Validated dataset: Patient survey (ICH CAHPS) - National
2024-08-23 11:41:45 - INFO - Validated dataset: Home Health Care - Zip Codes
2024-08-23 11:41:45 - INFO - Validated dataset: Home Health Care Agencies
2024-08-23 11:41:45 - INFO - Validated dataset: Home Health Care - National Data
2024-08-23 11:41:45 - INFO - Validated dataset: Hospice - Zip Data
2024-08-23 11:41:45 - INFO - Validated dataset: Hospice - General Information
2024-08-23 11:41:45 - INFO - Validated dataset: Hospice - Provider Data
2024-08-23 11:41:45 - INFO - Validated dataset: Hospice care - Provider CAHPS Hospice Survey Data
2024-08-23 11:41:45 - INFO - Validated dataset: Hospice care - National CAHPS Hospice Survey Data
2024-08-23 11:41:45 - INFO - Validated dataset: Outpatient and Ambulatory Surgery Consumer Assessment of Healthcare Providers and Systems (OAS CAHPS) survey for ambulatory surgical centers - Facility
2024-08-23 11:41:45 - INFO - Validated dataset: Ambulatory Surgical Center Quality Measures - Facility
2024-08-23 11:41:45 - INFO - Validated dataset: Ambulatory Surgical Center Quality Measures - National
2024-08-23 11:41:45 - INFO - Validated dataset: Outpatient and Ambulatory Surgery Consumer Assessment of Healthcare Providers and Systems (OAS CAHPS) survey for ambulatory surgical centers - National
2024-08-23 11:41:45 - INFO - Validated dataset: Ambulatory Surgical Center Quality Measures - State
2024-08-23 11:41:45 - INFO - Validated dataset: Outpatient and Ambulatory Surgery Consumer Assessment of Healthcare Providers and Systems (OAS CAHPS) survey for ambulatory surgical centers - State
2024-08-23 11:41:45 - INFO - Validated dataset: Comprehensive Care For Joint Replacement Model - Provider Data
2024-08-23 11:41:45 - INFO - Validated dataset: CMS Medicare PSI-90 and component measures - six-digit estimate dataset
2024-08-23 11:41:45 - INFO - Validated dataset: Complications and Deaths - Hospital
2024-08-23 11:41:45 - INFO - Validated dataset: Complications and Deaths - National
2024-08-23 11:41:45 - INFO - Validated dataset: Complications and Deaths - State
2024-08-23 11:41:45 - INFO - Validated dataset: Footnote Crosswalk
2024-08-23 11:41:45 - INFO - Validated dataset: Outpatient and Ambulatory Surgery Consumer Assessment of Healthcare Providers and Systems (OAS CAHPS) survey - Footnotes
2024-08-23 11:41:45 - INFO - Validated dataset: Table 2: FY2021 Distribution of Net Change in Base Operating DRG Payment Amount
2024-08-23 11:41:45 - INFO - Validated dataset: Table 1: FY2021 Net Change in Base Operating DRG Payment Amount
2024-08-23 11:41:45 - INFO - Validated dataset: Table 3: FY2021 Percent Change in Medicare Payments
2024-08-23 11:41:45 - INFO - Validated dataset: Table 4: FY2021 Value-Based Incentive Payment Amount
2024-08-23 11:41:45 - INFO - Validated dataset: Patient survey (HCAHPS) - Hospital
2024-08-23 11:41:45 - INFO - Validated dataset: Patient survey (HCAHPS) - National
2024-08-23 11:41:45 - INFO - Validated dataset: Patient survey (HCAHPS) - State
2024-08-23 11:41:45 - INFO - Validated dataset: Healthcare Associated Infections - Hospital
2024-08-23 11:41:45 - INFO - Validated dataset: Healthcare Associated Infections - National
2024-08-23 11:41:45 - INFO - Validated dataset: Healthcare Associated Infections - State
2024-08-23 11:41:45 - INFO - Validated dataset: Outpatient and Ambulatory Surgery Consumer Assessment of Healthcare Providers and Systems (OAS CAHPS) survey for hospital outpatient departments - Facility
2024-08-23 11:41:45 - INFO - Validated dataset: Outpatient and Ambulatory Surgery Consumer Assessment of Healthcare Providers and Systems (OAS CAHPS) survey for hospital outpatient departments - National
2024-08-23 11:41:45 - INFO - Validated dataset: Outpatient and Ambulatory Surgery Consumer Assessment of Healthcare Providers and Systems (OAS CAHPS) survey for hospital outpatient departments - State
2024-08-23 11:41:45 - INFO - Validated dataset: Hospital General Information
2024-08-23 11:41:45 - INFO - Validated dataset: Complications and Unplanned Hospital Visits - PPS-Exempt Cancer Hospital - Hospital
2024-08-23 11:41:45 - INFO - Validated dataset: Complications and Unplanned Hospital Visits - PPS-Exempt Cancer Hospital - National
2024-08-23 11:41:45 - INFO - Validated dataset: Hospital-Acquired Condition (HAC) Reduction Program
2024-08-23 11:41:45 - INFO - Validated dataset: Medicare Spending Per Beneficiary - Hospital Additional Decimal Places
2024-08-23 11:41:45 - INFO - Validated dataset: Safety and Healthcare-Associated Infection Measures - PPS-Exempt Cancer Hospital
2024-08-23 11:41:45 - INFO - Validated dataset: Patient Survey (PCH - HCAHPS) PPS-Exempt Cancer Hospital - Hospital
2024-08-23 11:41:45 - INFO - Validated dataset: Patient Survey (PCH - HCAHPS) PPS-Exempt Cancer Hospital - National
2024-08-23 11:41:45 - INFO - Validated dataset: Patient Survey (PCH - HCAHPS) PPS-Exempt Cancer Hospital - State
2024-08-23 11:41:45 - INFO - Validated dataset: Hospital Readmissions Reduction Program
2024-08-23 11:41:45 - INFO - Validated dataset: Hospital Value-Based Purchasing (HVBP) - Clinical Outcomes Domain Scores
2024-08-23 11:41:45 - INFO - Validated dataset: Hospital Value-Based Purchasing (HVBP) - Efficiency Scores
2024-08-23 11:41:45 - INFO - Validated dataset: Hospital Value-Based Purchasing (HVBP) - Person and Community Engagement Domain Scores (HCAHPS)
2024-08-23 11:41:45 - INFO - Validated dataset: Hospital Value-Based Purchasing (HVBP) - Safety
2024-08-23 11:41:45 - INFO - Validated dataset: Hospital Value-Based Purchasing (HVBP) - Total Performance Score
2024-08-23 11:41:45 - INFO - Validated dataset: Inpatient Psychiatric Facility Quality Measure Data - by Facility
2024-08-23 11:41:45 - INFO - Validated dataset: Inpatient Psychiatric Facility Quality Measure Data - National
2024-08-23 11:41:45 - INFO - Validated dataset: Inpatient Psychiatric Facility Quality Measure Data - by State
2024-08-23 11:41:45 - INFO - Validated dataset: Measure Dates
2024-08-23 11:41:45 - INFO - Validated dataset: Medicare Hospital Spending by Claim
2024-08-23 11:41:45 - INFO - Validated dataset: Medicare Spending Per Beneficiary - Hospital
2024-08-23 11:41:45 - INFO - Validated dataset: Medicare Spending Per Beneficiary - National
2024-08-23 11:41:45 - INFO - Validated dataset: Medicare Spending Per Beneficiary - State
2024-08-23 11:41:45 - INFO - Validated dataset: Outpatient Imaging Efficiency - Hospital
2024-08-23 11:41:45 - INFO - Validated dataset: Outpatient Imaging Efficiency - National
2024-08-23 11:41:45 - INFO - Validated dataset: Outpatient Imaging Efficiency - State
2024-08-23 11:41:45 - INFO - Validated dataset: Payment - National
2024-08-23 11:41:45 - INFO - Validated dataset: Payment and value of care - Hospital
2024-08-23 11:41:45 - INFO - Validated dataset: Timely and Effective Care - Hospital
2024-08-23 11:41:45 - INFO - Validated dataset: Timely and Effective Care - National
2024-08-23 11:41:45 - INFO - Validated dataset: Timely and Effective Care - State
2024-08-23 11:41:45 - INFO - Validated dataset: Unplanned Hospital Visits - Hospital
2024-08-23 11:41:45 - INFO - Validated dataset: Unplanned Hospital Visits - National
2024-08-23 11:41:45 - INFO - Validated dataset: Unplanned Hospital Visits - State
2024-08-23 11:41:45 - INFO - Validated dataset: Veterans Health Administration Behavioral Health Data
2024-08-23 11:41:45 - INFO - Validated dataset: Veterans Health Administration Timely and Effective Care Data
2024-08-23 11:41:45 - INFO - Validated dataset: Value of care - National
2024-08-23 11:41:45 - INFO - Validated dataset: Veterans Health Administration Provider Level Data
2024-08-23 11:41:45 - INFO - Validated dataset: Data Updates
2024-08-23 11:41:45 - INFO - Validated dataset: Inpatient Rehabilitation Facility - General Information
2024-08-23 11:41:45 - INFO - Validated dataset: Inpatient Rehabilitation Facility - Provider Data
2024-08-23 11:41:45 - INFO - Validated dataset: Inpatient Rehabilitation Facility - Conditions
2024-08-23 11:41:45 - INFO - Validated dataset: Long-Term Care Hospital - General Information
2024-08-23 11:41:45 - INFO - Validated dataset: Long-Term Care Hospital - Provider Data
2024-08-23 11:41:45 - INFO - Validated dataset: Fire Safety Deficiencies
2024-08-23 11:41:45 - INFO - Validated dataset: Health Deficiencies
2024-08-23 11:41:45 - INFO - Validated dataset: MDS Quality Measures
2024-08-23 11:41:45 - INFO - Validated dataset: Medicare Claims Quality Measures
2024-08-23 11:41:45 - INFO - Validated dataset: Ownership
2024-08-23 11:41:45 - INFO - Validated dataset: Penalties
2024-08-23 11:41:45 - INFO - Validated dataset: Provider Information
2024-08-23 11:41:45 - INFO - Validated dataset: Skilled Nursing Facility Quality Reporting Program - Provider Data
2024-08-23 11:41:45 - INFO - Validated dataset: Skilled Nursing Facility Quality Reporting Program - Swing Beds - Provider Data
2024-08-23 11:41:45 - INFO - Validated dataset: State US Averages
2024-08-23 11:41:45 - INFO - Validated dataset: Survey Summary
2024-08-23 11:41:45 - INFO - Validated dataset: FY 2024 SNF VBP Facility-Level Dataset
2024-08-23 11:41:45 - INFO - Validated dataset: FY 2024 SNF VBP Aggregate Performance
2024-08-23 11:41:45 - INFO - Validated dataset: Nursing Home Data Collection Intervals
2024-08-23 11:41:45 - INFO - Validated dataset: Citation Code Look-up
2024-08-23 11:41:45 - INFO - Validated dataset: National Downloadable File
2024-08-23 11:41:45 - INFO - Validated dataset: PY 2022 Group Public Reporting: MIPS Measures and Attestations
2024-08-23 11:41:45 - INFO - Validated dataset: PY 2022 Group Public Reporting: Patient Experience
2024-08-23 11:41:45 - INFO - Validated dataset: PY 2022 Clinician Public Reporting: MIPS Measures and Attestations
2024-08-23 11:41:45 - INFO - Validated dataset: PY 2022 Clinician Public Reporting: Overall MIPS Performance
2024-08-23 11:41:45 - INFO - Validated dataset: Inspection Dates
2024-08-23 11:41:45 - INFO - Validated dataset: State-Level Health Inspection Cut Points
2024-08-23 11:41:45 - INFO - Validated dataset: Home Health Care - Patient Survey (HHCAHPS) 2023Q1 to 2023Q4
2024-08-23 11:41:45 - INFO - Validated dataset: Home Health Care - Patient Survey (HHCAHPS) National Data 2023Q1 to 2023Q4
2024-08-23 11:41:45 - INFO - Validated dataset: Home Health Care - Patient Survey (HHCAHPS) State Data 2023Q1 to 2023Q4
2024-08-23 11:41:45 - INFO - Validated dataset: Home Health Care - Patient Survey (HHCAHPS) Measure Dates 2023Q1 to 2023Q4
2024-08-23 11:41:45 - INFO - Validated dataset: Addiction Medicine Office Visit Costs
2024-08-23 11:41:45 - INFO - Validated dataset: Advanced Heart Failure and Transplant Cardiology Office Visit Costs
2024-08-23 11:41:45 - INFO - Validated dataset: Allergy/ Immunology Office Visit Costs
2024-08-23 11:41:45 - INFO - Validated dataset: Anesthesiology Office Visit Costs
2024-08-23 11:41:45 - INFO - Validated dataset: Cardiac Surgery Office Visit Costs
2024-08-23 11:41:45 - INFO - Validated dataset: Cardiology Office Visit Costs
2024-08-23 11:41:45 - INFO - Validated dataset: Certified Clinical Nurse Specialist Office Visit Costs
2024-08-23 11:41:45 - INFO - Validated dataset: Certified Nurse Midwife Office Visit Costs
2024-08-23 11:41:45 - INFO - Validated dataset: Certified Registered Nurse Anesthetist (CRNA) Office Visit Costs
2024-08-23 11:41:45 - INFO - Validated dataset: Clinic or Group Practice Office Visit Costs
2024-08-23 11:41:45 - INFO - Validated dataset: Clinical Cardiac Electrophysiology Office Visit Costs
2024-08-23 11:41:45 - INFO - Validated dataset: Clinical Laboratory Office Visit Costs
2024-08-23 11:41:45 - INFO - Validated dataset: Colorectal Surgery (Proctology) Office Visit Costs
2024-08-23 11:41:45 - INFO - Validated dataset: Critical Care (Intensivists) Office Visit Costs
2024-08-23 11:41:45 - INFO - Validated dataset: Dentist Office Visit Costs
2024-08-23 11:41:45 - INFO - Validated dataset: Dermatology Office Visit Costs
2024-08-23 11:41:45 - INFO - Validated dataset: Diagnostic Radiology Office Visit Costs
2024-08-23 11:41:45 - INFO - Validated dataset: Emergency Medicine Office Visit Costs
2024-08-23 11:41:45 - INFO - Validated dataset: Endocrinology Office Visit Costs
2024-08-23 11:41:45 - INFO - Validated dataset: Family Practice Office Visit Costs
2024-08-23 11:41:45 - INFO - Validated dataset: Gastroenterology Office Visit Costs
2024-08-23 11:41:45 - INFO - Validated dataset: General Practice Office Visit Costs
2024-08-23 11:41:45 - INFO - Validated dataset: General Surgery Office Visit Costs
2024-08-23 11:41:45 - INFO - Validated dataset: Geriatric Medicine Office Visit Costs
2024-08-23 11:41:45 - INFO - Validated dataset: Geriatric Psychiatry Office Visit Costs
2024-08-23 11:41:45 - INFO - Validated dataset: Gynecological Oncology Office Visit Costs
2024-08-23 11:41:45 - INFO - Validated dataset: Hand Surgery Office Visit Costs
2024-08-23 11:41:45 - INFO - Validated dataset: Hematology Office Visit Costs
2024-08-23 11:41:45 - INFO - Validated dataset: Hematology-Oncology Office Visit Costs
2024-08-23 11:41:45 - INFO - Validated dataset: Hematopoietic Cell Transplantation and Cellular Therapy Office Visit Costs
2024-08-23 11:41:45 - INFO - Validated dataset: Hospice and Palliative Care Office Visit Costs
2024-08-23 11:41:45 - INFO - Validated dataset: Hospitalist Office Visit Costs
2024-08-23 11:41:45 - INFO - Validated dataset: Infectious Disease Office Visit Costs
2024-08-23 11:41:45 - INFO - Validated dataset: Internal Medicine Office Visit Costs
2024-08-23 11:41:45 - INFO - Validated dataset: Interventional Cardiology Office Visit Costs
2024-08-23 11:41:45 - INFO - Validated dataset: Interventional Pain Management Office Visit Costs
2024-08-23 11:41:45 - INFO - Validated dataset: Interventional Radiology Office Visit Costs
2024-08-23 11:41:45 - INFO - Validated dataset: Maxillofacial Surgery Office Visit Costs
2024-08-23 11:41:45 - INFO - Validated dataset: Medical Oncology Office Visit Costs
2024-08-23 11:41:45 - INFO - Validated dataset: Medical Toxicology Office Visit Costs
2024-08-23 11:41:45 - INFO - Validated dataset: Nephrology Office Visit Costs
2024-08-23 11:41:45 - INFO - Validated dataset: Neurology Office Visit Costs
2024-08-23 11:41:45 - INFO - Validated dataset: Neuropsychiatry Office Visit Costs
2024-08-23 11:41:45 - INFO - Validated dataset: Neurosurgery Office Visit Costs
2024-08-23 11:41:45 - INFO - Validated dataset: Nuclear Medicine Office Visit Costs
2024-08-23 11:41:45 - INFO - Validated dataset: Nurse Practitioner Office Visit Costs
2024-08-23 11:41:45 - INFO - Validated dataset: Obstetrics & Gynecology Office Visit Costs
2024-08-23 11:41:45 - INFO - Validated dataset: Ophthalmology Office Visit Costs
2024-08-23 11:41:45 - INFO - Validated dataset: Optometry Office Visit Costs
2024-08-23 11:41:45 - INFO - Validated dataset: Oral Surgery (Dentist only) Office Visit Costs
2024-08-23 11:41:45 - INFO - Validated dataset: Orthopedic Surgery Office Visit Costs
2024-08-23 11:41:45 - INFO - Validated dataset: Osteopathic Manipulative Medicine Office Visit Costs
2024-08-23 11:41:45 - INFO - Validated dataset: Otolaryngology Office Visit Costs
2024-08-23 11:41:45 - INFO - Validated dataset: Pain Management Office Visit Costs
2024-08-23 11:41:45 - INFO - Validated dataset: Pathology Office Visit Costs
2024-08-23 11:41:45 - INFO - Validated dataset: Pediatric Medicine Office Visit Costs
2024-08-23 11:41:45 - INFO - Validated dataset: Peripheral Vascular Disease Office Visit Costs
2024-08-23 11:41:45 - INFO - Validated dataset: Physical Medicine and Rehabilitation Office Visit Costs
2024-08-23 11:41:45 - INFO - Validated dataset: Physical Therapist in Private Practice Office Visit Costs
2024-08-23 11:41:45 - INFO - Validated dataset: Physician Assistant Office Visit Costs
2024-08-23 11:41:45 - INFO - Validated dataset: Plastic and Reconstructive Surgery Office Visit Costs
2024-08-23 11:41:45 - INFO - Validated dataset: Podiatry Office Visit Costs
2024-08-23 11:41:45 - INFO - Validated dataset: Preventive Medicine Office Visit Costs
2024-08-23 11:41:45 - INFO - Validated dataset: Psychiatry Office Visit Costs
2024-08-23 11:41:45 - INFO - Validated dataset: Psychologist, Clinical Office Visit Costs
2024-08-23 11:41:45 - INFO - Validated dataset: Public Health or Welfare Agency Office Visit Costs
2024-08-23 11:41:45 - INFO - Validated dataset: Pulmonary Disease Office Visit Costs
2024-08-23 11:41:45 - INFO - Validated dataset: Radiation Oncology Office Visit Costs
2024-08-23 11:41:45 - INFO - Validated dataset: Registered Dietitian or Nutrition Professional Office Visit Costs
2024-08-23 11:41:45 - INFO - Validated dataset: Rheumatology Office Visit Costs
2024-08-23 11:41:45 - INFO - Validated dataset: Sleep Medicine Office Visit Costs
2024-08-23 11:41:45 - INFO - Validated dataset: Sports Medicine Office Visit Costs
2024-08-23 11:41:45 - INFO - Validated dataset: Surgical Oncology Office Visit Costs
2024-08-23 11:41:45 - INFO - Validated dataset: Thoracic Surgery Office Visit Costs
2024-08-23 11:41:45 - INFO - Validated dataset: Undefined Physician type Office Visit Costs
2024-08-23 11:41:45 - INFO - Validated dataset: Undersea and Hyperbaric Medicine Office Visit Costs
2024-08-23 11:41:45 - INFO - Validated dataset: Urology Office Visit Costs
2024-08-23 11:41:45 - INFO - Validated dataset: Vascular Surgery Office Visit Costs
2024-08-23 11:41:45 - INFO - Validated dataset: PY 2022 Virtual Group Public Reporting: MIPS Measures and Attestations
2024-08-23 11:41:45 - INFO - Validated dataset: COVID-19 Vaccination Rates - Provider Data
2024-08-23 11:41:45 - INFO - Validated dataset: COVID-19 Vaccination Rates - State and National Averages
2024-08-23 11:41:45 - INFO - Validated dataset: Hospice care - State CAHPS Hospice Survey Data
2024-08-23 11:41:45 - INFO - Validated dataset: Hospice - State Data
2024-08-23 11:41:45 - INFO - Validated dataset: Licensed Clinical Social Worker Office Visit Costs
2024-08-23 11:41:45 - INFO - Validated dataset: Medical Genetics and Genomics Office Visit Costs
2024-08-23 11:41:45 - INFO - Validated dataset: Home Health Care - State by State Data
2024-08-23 11:41:45 - INFO - Validated dataset: Home Health Care - Measure Date Range
2024-08-23 11:41:45 - INFO - Validated dataset: Payment - State
2024-08-23 11:41:45 - INFO - Validated dataset: Maternal Health - Hospital
2024-08-23 11:41:45 - INFO - Validated dataset: Maternal Health - National
2024-08-23 11:41:45 - INFO - Validated dataset: Maternal Health - State
2024-08-23 11:41:45 - INFO - Validated dataset: Medical Equipment Suppliers
2024-08-23 11:41:45 - INFO - Validated dataset: Inpatient Rehabilitation Facility - National Data
2024-08-23 11:41:45 - INFO - Validated dataset: Long-Term Care Hospital - National Data
2024-08-23 11:41:45 - INFO - Validated dataset: Skilled Nursing Facility Quality Reporting Program - National Data
2024-08-23 11:41:45 - INFO - Validated dataset: Patient survey (ICH CAHPS) - State
2024-08-23 11:41:45 - INFO - Validated dataset: Hospice-National Data
2024-08-23 11:41:45 - INFO - Validated dataset: Facility Affiliation Data
2024-08-23 11:41:45 - INFO - Validated dataset: Utilization Data
2024-08-23 11:41:45 - INFO - Validated dataset: ESRD QIP - Clinical Depression Screening and Follow-up - Payment Year 2024
2024-08-23 11:41:45 - INFO - Validated dataset: ESRD QIP - Complete QIP Data - Payment Year 2024
2024-08-23 11:41:45 - INFO - Validated dataset: ESRD QIP - Dialysis Adequacy - Payment Year 2024
2024-08-23 11:41:45 - INFO - Validated dataset: ESRD QIP - Footnotes - Payment Year 2024
2024-08-23 11:41:45 - INFO - Validated dataset: ESRD QIP - Hypercalcemia - Payment Year 2024
2024-08-23 11:41:45 - INFO - Validated dataset: ESRD QIP - NHSN Dialysis Event Measure - Payment Year 2024
2024-08-23 11:41:45 - INFO - Validated dataset: ESRD QIP - NHSN Bloodstream Infection - Payment Year 2024
2024-08-23 11:41:45 - INFO - Validated dataset: ESRD QIP - Standardized Readmission Ratio - Payment Year 2024
2024-08-23 11:41:45 - INFO - Validated dataset: ESRD QIP - Standardized Transfusion Ratio - Payment Year 2024
2024-08-23 11:41:45 - INFO - Validated dataset: ESRD QIP - Total Performance Scores - Payment Year 2024
2024-08-23 11:41:45 - INFO - Validated dataset: ESRD QIP - Vascular Access Topic - Payment Year 2024
2024-08-23 11:41:45 - INFO - Validated dataset: ESRD QIP - Ultrafiltration Rate - Payment Year 2024
2024-08-23 11:41:45 - INFO - Validated dataset: ESRD QIP - Standardized Hospitalization Ratio - Payment Year 2024
2024-08-23 11:41:45 - INFO - Validated dataset: ESRD QIP - Medication Reconciliation - Payment Year 2024
2024-08-23 11:41:45 - INFO - Validated dataset: ESRD QIP - Percentage of Prevalent Patients Waitlisted - Payment Year 2024
2024-08-23 11:41:45 - INFO - Validated dataset: Patient-Reported Outcomes - Hospital
2024-08-23 11:41:45 - INFO - Validated dataset: Palliative Care - PPS-Exempt Cancer Hospital - Hospital
2024-08-23 11:41:45 - INFO - Validated dataset: Palliative Care - PPS-Exempt Cancer Hospital - National
2024-08-23 11:41:45 - INFO - Validated dataset: Audiologist Office Visit Costs
2024-08-23 11:41:45 - INFO - Validated dataset: Mass Immunizer Roster Biller Office Visit Costs
2024-08-23 11:41:45 - INFO - Validated dataset: Micrographic Dermatologic Surgery Office Visit Costs
2024-08-23 11:41:45 - INFO - Validated dataset: Opioid Treatment Program Office Visit Costs
2024-08-23 11:41:45 - INFO - Validated dataset: Pharmacy Office Visit Costs
2024-08-23 11:41:45 - INFO - ✅ Finished fetching datasets.
2024-08-23 11:41:46 - INFO - Completed CMS data download and processing.
2024-08-23 11:44:21 - INFO - Starting CMS data download and processing...
2024-08-23 11:44:21 - INFO - 🏗️ Fetching datasets...
2024-08-23 11:44:21 - DEBUG - Starting new HTTPS connection (1): data.cms.gov:443
2024-08-23 11:44:21 - DEBUG - https://data.cms.gov:443 "GET /provider-data/api/1/metastore/schemas/dataset/items HTTP/11" 200 30377
2024-08-23 11:44:22 - INFO - Validated dataset: Dialysis Facility - Listing by Facility
2024-08-23 11:44:22 - INFO - Validated dataset: Dialysis Facility - State Averages
2024-08-23 11:44:22 - INFO - Validated dataset: Dialysis Facility - National Averages
2024-08-23 11:44:22 - INFO - Validated dataset: Patient survey (ICH CAHPS) - Facility
2024-08-23 11:44:22 - INFO - Validated dataset: Patient survey (ICH CAHPS) - National
2024-08-23 11:44:22 - INFO - Validated dataset: Home Health Care - Zip Codes
2024-08-23 11:44:22 - INFO - Validated dataset: Home Health Care Agencies
2024-08-23 11:44:22 - INFO - Validated dataset: Home Health Care - National Data
2024-08-23 11:44:22 - INFO - Validated dataset: Hospice - Zip Data
2024-08-23 11:44:22 - INFO - Validated dataset: Hospice - General Information
2024-08-23 11:44:22 - INFO - Validated dataset: Hospice - Provider Data
2024-08-23 11:44:22 - INFO - Validated dataset: Hospice care - Provider CAHPS Hospice Survey Data
2024-08-23 11:44:22 - INFO - Validated dataset: Hospice care - National CAHPS Hospice Survey Data
2024-08-23 11:44:22 - INFO - Validated dataset: Outpatient and Ambulatory Surgery Consumer Assessment of Healthcare Providers and Systems (OAS CAHPS) survey for ambulatory surgical centers - Facility
2024-08-23 11:44:22 - INFO - Validated dataset: Ambulatory Surgical Center Quality Measures - Facility
2024-08-23 11:44:22 - INFO - Validated dataset: Ambulatory Surgical Center Quality Measures - National
2024-08-23 11:44:22 - INFO - Validated dataset: Outpatient and Ambulatory Surgery Consumer Assessment of Healthcare Providers and Systems (OAS CAHPS) survey for ambulatory surgical centers - National
2024-08-23 11:44:22 - INFO - Validated dataset: Ambulatory Surgical Center Quality Measures - State
2024-08-23 11:44:22 - INFO - Validated dataset: Outpatient and Ambulatory Surgery Consumer Assessment of Healthcare Providers and Systems (OAS CAHPS) survey for ambulatory surgical centers - State
2024-08-23 11:44:22 - INFO - Validated dataset: Comprehensive Care For Joint Replacement Model - Provider Data
2024-08-23 11:44:22 - INFO - Validated dataset: CMS Medicare PSI-90 and component measures - six-digit estimate dataset
2024-08-23 11:44:22 - INFO - Validated dataset: Complications and Deaths - Hospital
2024-08-23 11:44:22 - INFO - Validated dataset: Complications and Deaths - National
2024-08-23 11:44:22 - INFO - Validated dataset: Complications and Deaths - State
2024-08-23 11:44:22 - INFO - Validated dataset: Footnote Crosswalk
2024-08-23 11:44:22 - INFO - Validated dataset: Outpatient and Ambulatory Surgery Consumer Assessment of Healthcare Providers and Systems (OAS CAHPS) survey - Footnotes
2024-08-23 11:44:22 - INFO - Validated dataset: Table 2: FY2021 Distribution of Net Change in Base Operating DRG Payment Amount
2024-08-23 11:44:22 - INFO - Validated dataset: Table 1: FY2021 Net Change in Base Operating DRG Payment Amount
2024-08-23 11:44:22 - INFO - Validated dataset: Table 3: FY2021 Percent Change in Medicare Payments
2024-08-23 11:44:22 - INFO - Validated dataset: Table 4: FY2021 Value-Based Incentive Payment Amount
2024-08-23 11:44:22 - INFO - Validated dataset: Patient survey (HCAHPS) - Hospital
2024-08-23 11:44:22 - INFO - Validated dataset: Patient survey (HCAHPS) - National
2024-08-23 11:44:22 - INFO - Validated dataset: Patient survey (HCAHPS) - State
2024-08-23 11:44:22 - INFO - Validated dataset: Healthcare Associated Infections - Hospital
2024-08-23 11:44:22 - INFO - Validated dataset: Healthcare Associated Infections - National
2024-08-23 11:44:22 - INFO - Validated dataset: Healthcare Associated Infections - State
2024-08-23 11:44:22 - INFO - Validated dataset: Outpatient and Ambulatory Surgery Consumer Assessment of Healthcare Providers and Systems (OAS CAHPS) survey for hospital outpatient departments - Facility
2024-08-23 11:44:22 - INFO - Validated dataset: Outpatient and Ambulatory Surgery Consumer Assessment of Healthcare Providers and Systems (OAS CAHPS) survey for hospital outpatient departments - National
2024-08-23 11:44:22 - INFO - Validated dataset: Outpatient and Ambulatory Surgery Consumer Assessment of Healthcare Providers and Systems (OAS CAHPS) survey for hospital outpatient departments - State
2024-08-23 11:44:22 - INFO - Validated dataset: Hospital General Information
2024-08-23 11:44:22 - INFO - Validated dataset: Complications and Unplanned Hospital Visits - PPS-Exempt Cancer Hospital - Hospital
2024-08-23 11:44:22 - INFO - Validated dataset: Complications and Unplanned Hospital Visits - PPS-Exempt Cancer Hospital - National
2024-08-23 11:44:22 - INFO - Validated dataset: Hospital-Acquired Condition (HAC) Reduction Program
2024-08-23 11:44:22 - INFO - Validated dataset: Medicare Spending Per Beneficiary - Hospital Additional Decimal Places
2024-08-23 11:44:22 - INFO - Validated dataset: Safety and Healthcare-Associated Infection Measures - PPS-Exempt Cancer Hospital
2024-08-23 11:44:22 - INFO - Validated dataset: Patient Survey (PCH - HCAHPS) PPS-Exempt Cancer Hospital - Hospital
2024-08-23 11:44:22 - INFO - Validated dataset: Patient Survey (PCH - HCAHPS) PPS-Exempt Cancer Hospital - National
2024-08-23 11:44:22 - INFO - Validated dataset: Patient Survey (PCH - HCAHPS) PPS-Exempt Cancer Hospital - State
2024-08-23 11:44:22 - INFO - Validated dataset: Hospital Readmissions Reduction Program
2024-08-23 11:44:22 - INFO - Validated dataset: Hospital Value-Based Purchasing (HVBP) - Clinical Outcomes Domain Scores
2024-08-23 11:44:22 - INFO - Validated dataset: Hospital Value-Based Purchasing (HVBP) - Efficiency Scores
2024-08-23 11:44:22 - INFO - Validated dataset: Hospital Value-Based Purchasing (HVBP) - Person and Community Engagement Domain Scores (HCAHPS)
2024-08-23 11:44:22 - INFO - Validated dataset: Hospital Value-Based Purchasing (HVBP) - Safety
2024-08-23 11:44:22 - INFO - Validated dataset: Hospital Value-Based Purchasing (HVBP) - Total Performance Score
2024-08-23 11:44:22 - INFO - Validated dataset: Inpatient Psychiatric Facility Quality Measure Data - by Facility
2024-08-23 11:44:22 - INFO - Validated dataset: Inpatient Psychiatric Facility Quality Measure Data - National
2024-08-23 11:44:22 - INFO - Validated dataset: Inpatient Psychiatric Facility Quality Measure Data - by State
2024-08-23 11:44:22 - INFO - Validated dataset: Measure Dates
2024-08-23 11:44:22 - INFO - Validated dataset: Medicare Hospital Spending by Claim
2024-08-23 11:44:22 - INFO - Validated dataset: Medicare Spending Per Beneficiary - Hospital
2024-08-23 11:44:22 - INFO - Validated dataset: Medicare Spending Per Beneficiary - National
2024-08-23 11:44:22 - INFO - Validated dataset: Medicare Spending Per Beneficiary - State
2024-08-23 11:44:22 - INFO - Validated dataset: Outpatient Imaging Efficiency - Hospital
2024-08-23 11:44:22 - INFO - Validated dataset: Outpatient Imaging Efficiency - National
2024-08-23 11:44:22 - INFO - Validated dataset: Outpatient Imaging Efficiency - State
2024-08-23 11:44:22 - INFO - Validated dataset: Payment - National
2024-08-23 11:44:22 - INFO - Validated dataset: Payment and value of care - Hospital
2024-08-23 11:44:22 - INFO - Validated dataset: Timely and Effective Care - Hospital
2024-08-23 11:44:22 - INFO - Validated dataset: Timely and Effective Care - National
2024-08-23 11:44:22 - INFO - Validated dataset: Timely and Effective Care - State
2024-08-23 11:44:22 - INFO - Validated dataset: Unplanned Hospital Visits - Hospital
2024-08-23 11:44:22 - INFO - Validated dataset: Unplanned Hospital Visits - National
2024-08-23 11:44:22 - INFO - Validated dataset: Unplanned Hospital Visits - State
2024-08-23 11:44:22 - INFO - Validated dataset: Veterans Health Administration Behavioral Health Data
2024-08-23 11:44:22 - INFO - Validated dataset: Veterans Health Administration Timely and Effective Care Data
2024-08-23 11:44:22 - INFO - Validated dataset: Value of care - National
2024-08-23 11:44:22 - INFO - Validated dataset: Veterans Health Administration Provider Level Data
2024-08-23 11:44:22 - INFO - Validated dataset: Data Updates
2024-08-23 11:44:22 - INFO - Validated dataset: Inpatient Rehabilitation Facility - General Information
2024-08-23 11:44:22 - INFO - Validated dataset: Inpatient Rehabilitation Facility - Provider Data
2024-08-23 11:44:22 - INFO - Validated dataset: Inpatient Rehabilitation Facility - Conditions
2024-08-23 11:44:22 - INFO - Validated dataset: Long-Term Care Hospital - General Information
2024-08-23 11:44:22 - INFO - Validated dataset: Long-Term Care Hospital - Provider Data
2024-08-23 11:44:22 - INFO - Validated dataset: Fire Safety Deficiencies
2024-08-23 11:44:22 - INFO - Validated dataset: Health Deficiencies
2024-08-23 11:44:22 - INFO - Validated dataset: MDS Quality Measures
2024-08-23 11:44:22 - INFO - Validated dataset: Medicare Claims Quality Measures
2024-08-23 11:44:22 - INFO - Validated dataset: Ownership
2024-08-23 11:44:22 - INFO - Validated dataset: Penalties
2024-08-23 11:44:22 - INFO - Validated dataset: Provider Information
2024-08-23 11:44:22 - INFO - Validated dataset: Skilled Nursing Facility Quality Reporting Program - Provider Data
2024-08-23 11:44:22 - INFO - Validated dataset: Skilled Nursing Facility Quality Reporting Program - Swing Beds - Provider Data
2024-08-23 11:44:22 - INFO - Validated dataset: State US Averages
2024-08-23 11:44:22 - INFO - Validated dataset: Survey Summary
2024-08-23 11:44:22 - INFO - Validated dataset: FY 2024 SNF VBP Facility-Level Dataset
2024-08-23 11:44:22 - INFO - Validated dataset: FY 2024 SNF VBP Aggregate Performance
2024-08-23 11:44:22 - INFO - Validated dataset: Nursing Home Data Collection Intervals
2024-08-23 11:44:22 - INFO - Validated dataset: Citation Code Look-up
2024-08-23 11:44:22 - INFO - Validated dataset: National Downloadable File
2024-08-23 11:44:22 - INFO - Validated dataset: PY 2022 Group Public Reporting: MIPS Measures and Attestations
2024-08-23 11:44:22 - INFO - Validated dataset: PY 2022 Group Public Reporting: Patient Experience
2024-08-23 11:44:22 - INFO - Validated dataset: PY 2022 Clinician Public Reporting: MIPS Measures and Attestations
2024-08-23 11:44:22 - INFO - Validated dataset: PY 2022 Clinician Public Reporting: Overall MIPS Performance
2024-08-23 11:44:22 - INFO - Validated dataset: Inspection Dates
2024-08-23 11:44:22 - INFO - Validated dataset: State-Level Health Inspection Cut Points
2024-08-23 11:44:22 - INFO - Validated dataset: Home Health Care - Patient Survey (HHCAHPS) 2023Q1 to 2023Q4
2024-08-23 11:44:22 - INFO - Validated dataset: Home Health Care - Patient Survey (HHCAHPS) National Data 2023Q1 to 2023Q4
2024-08-23 11:44:22 - INFO - Validated dataset: Home Health Care - Patient Survey (HHCAHPS) State Data 2023Q1 to 2023Q4
2024-08-23 11:44:22 - INFO - Validated dataset: Home Health Care - Patient Survey (HHCAHPS) Measure Dates 2023Q1 to 2023Q4
2024-08-23 11:44:22 - INFO - Validated dataset: Addiction Medicine Office Visit Costs
2024-08-23 11:44:22 - INFO - Validated dataset: Advanced Heart Failure and Transplant Cardiology Office Visit Costs
2024-08-23 11:44:22 - INFO - Validated dataset: Allergy/ Immunology Office Visit Costs
2024-08-23 11:44:22 - INFO - Validated dataset: Anesthesiology Office Visit Costs
2024-08-23 11:44:22 - INFO - Validated dataset: Cardiac Surgery Office Visit Costs
2024-08-23 11:44:22 - INFO - Validated dataset: Cardiology Office Visit Costs
2024-08-23 11:44:22 - INFO - Validated dataset: Certified Clinical Nurse Specialist Office Visit Costs
2024-08-23 11:44:22 - INFO - Validated dataset: Certified Nurse Midwife Office Visit Costs
2024-08-23 11:44:22 - INFO - Validated dataset: Certified Registered Nurse Anesthetist (CRNA) Office Visit Costs
2024-08-23 11:44:22 - INFO - Validated dataset: Clinic or Group Practice Office Visit Costs
2024-08-23 11:44:22 - INFO - Validated dataset: Clinical Cardiac Electrophysiology Office Visit Costs
2024-08-23 11:44:22 - INFO - Validated dataset: Clinical Laboratory Office Visit Costs
2024-08-23 11:44:22 - INFO - Validated dataset: Colorectal Surgery (Proctology) Office Visit Costs
2024-08-23 11:44:22 - INFO - Validated dataset: Critical Care (Intensivists) Office Visit Costs
2024-08-23 11:44:22 - INFO - Validated dataset: Dentist Office Visit Costs
2024-08-23 11:44:22 - INFO - Validated dataset: Dermatology Office Visit Costs
2024-08-23 11:44:22 - INFO - Validated dataset: Diagnostic Radiology Office Visit Costs
2024-08-23 11:44:22 - INFO - Validated dataset: Emergency Medicine Office Visit Costs
2024-08-23 11:44:22 - INFO - Validated dataset: Endocrinology Office Visit Costs
2024-08-23 11:44:22 - INFO - Validated dataset: Family Practice Office Visit Costs
2024-08-23 11:44:22 - INFO - Validated dataset: Gastroenterology Office Visit Costs
2024-08-23 11:44:22 - INFO - Validated dataset: General Practice Office Visit Costs
2024-08-23 11:44:22 - INFO - Validated dataset: General Surgery Office Visit Costs
2024-08-23 11:44:22 - INFO - Validated dataset: Geriatric Medicine Office Visit Costs
2024-08-23 11:44:22 - INFO - Validated dataset: Geriatric Psychiatry Office Visit Costs
2024-08-23 11:44:22 - INFO - Validated dataset: Gynecological Oncology Office Visit Costs
2024-08-23 11:44:22 - INFO - Validated dataset: Hand Surgery Office Visit Costs
2024-08-23 11:44:22 - INFO - Validated dataset: Hematology Office Visit Costs
2024-08-23 11:44:22 - INFO - Validated dataset: Hematology-Oncology Office Visit Costs
2024-08-23 11:44:22 - INFO - Validated dataset: Hematopoietic Cell Transplantation and Cellular Therapy Office Visit Costs
2024-08-23 11:44:22 - INFO - Validated dataset: Hospice and Palliative Care Office Visit Costs
2024-08-23 11:44:22 - INFO - Validated dataset: Hospitalist Office Visit Costs
2024-08-23 11:44:22 - INFO - Validated dataset: Infectious Disease Office Visit Costs
2024-08-23 11:44:22 - INFO - Validated dataset: Internal Medicine Office Visit Costs
2024-08-23 11:44:22 - INFO - Validated dataset: Interventional Cardiology Office Visit Costs
2024-08-23 11:44:22 - INFO - Validated dataset: Interventional Pain Management Office Visit Costs
2024-08-23 11:44:22 - INFO - Validated dataset: Interventional Radiology Office Visit Costs
2024-08-23 11:44:22 - INFO - Validated dataset: Maxillofacial Surgery Office Visit Costs
2024-08-23 11:44:22 - INFO - Validated dataset: Medical Oncology Office Visit Costs
2024-08-23 11:44:22 - INFO - Validated dataset: Medical Toxicology Office Visit Costs
2024-08-23 11:44:22 - INFO - Validated dataset: Nephrology Office Visit Costs
2024-08-23 11:44:22 - INFO - Validated dataset: Neurology Office Visit Costs
2024-08-23 11:44:22 - INFO - Validated dataset: Neuropsychiatry Office Visit Costs
2024-08-23 11:44:22 - INFO - Validated dataset: Neurosurgery Office Visit Costs
2024-08-23 11:44:22 - INFO - Validated dataset: Nuclear Medicine Office Visit Costs
2024-08-23 11:44:22 - INFO - Validated dataset: Nurse Practitioner Office Visit Costs
2024-08-23 11:44:22 - INFO - Validated dataset: Obstetrics & Gynecology Office Visit Costs
2024-08-23 11:44:22 - INFO - Validated dataset: Ophthalmology Office Visit Costs
2024-08-23 11:44:22 - INFO - Validated dataset: Optometry Office Visit Costs
2024-08-23 11:44:22 - INFO - Validated dataset: Oral Surgery (Dentist only) Office Visit Costs
2024-08-23 11:44:22 - INFO - Validated dataset: Orthopedic Surgery Office Visit Costs
2024-08-23 11:44:22 - INFO - Validated dataset: Osteopathic Manipulative Medicine Office Visit Costs
2024-08-23 11:44:22 - INFO - Validated dataset: Otolaryngology Office Visit Costs
2024-08-23 11:44:22 - INFO - Validated dataset: Pain Management Office Visit Costs
2024-08-23 11:44:22 - INFO - Validated dataset: Pathology Office Visit Costs
2024-08-23 11:44:22 - INFO - Validated dataset: Pediatric Medicine Office Visit Costs
2024-08-23 11:44:22 - INFO - Validated dataset: Peripheral Vascular Disease Office Visit Costs
2024-08-23 11:44:22 - INFO - Validated dataset: Physical Medicine and Rehabilitation Office Visit Costs
2024-08-23 11:44:22 - INFO - Validated dataset: Physical Therapist in Private Practice Office Visit Costs
2024-08-23 11:44:22 - INFO - Validated dataset: Physician Assistant Office Visit Costs
2024-08-23 11:44:22 - INFO - Validated dataset: Plastic and Reconstructive Surgery Office Visit Costs
2024-08-23 11:44:22 - INFO - Validated dataset: Podiatry Office Visit Costs
2024-08-23 11:44:22 - INFO - Validated dataset: Preventive Medicine Office Visit Costs
2024-08-23 11:44:22 - INFO - Validated dataset: Psychiatry Office Visit Costs
2024-08-23 11:44:22 - INFO - Validated dataset: Psychologist, Clinical Office Visit Costs
2024-08-23 11:44:22 - INFO - Validated dataset: Public Health or Welfare Agency Office Visit Costs
2024-08-23 11:44:22 - INFO - Validated dataset: Pulmonary Disease Office Visit Costs
2024-08-23 11:44:22 - INFO - Validated dataset: Radiation Oncology Office Visit Costs
2024-08-23 11:44:22 - INFO - Validated dataset: Registered Dietitian or Nutrition Professional Office Visit Costs
2024-08-23 11:44:22 - INFO - Validated dataset: Rheumatology Office Visit Costs
2024-08-23 11:44:22 - INFO - Validated dataset: Sleep Medicine Office Visit Costs
2024-08-23 11:44:22 - INFO - Validated dataset: Sports Medicine Office Visit Costs
2024-08-23 11:44:22 - INFO - Validated dataset: Surgical Oncology Office Visit Costs
2024-08-23 11:44:22 - INFO - Validated dataset: Thoracic Surgery Office Visit Costs
2024-08-23 11:44:22 - INFO - Validated dataset: Undefined Physician type Office Visit Costs
2024-08-23 11:44:22 - INFO - Validated dataset: Undersea and Hyperbaric Medicine Office Visit Costs
2024-08-23 11:44:22 - INFO - Validated dataset: Urology Office Visit Costs
2024-08-23 11:44:22 - INFO - Validated dataset: Vascular Surgery Office Visit Costs
2024-08-23 11:44:22 - INFO - Validated dataset: PY 2022 Virtual Group Public Reporting: MIPS Measures and Attestations
2024-08-23 11:44:22 - INFO - Validated dataset: COVID-19 Vaccination Rates - Provider Data
2024-08-23 11:44:22 - INFO - Validated dataset: COVID-19 Vaccination Rates - State and National Averages
2024-08-23 11:44:22 - INFO - Validated dataset: Hospice care - State CAHPS Hospice Survey Data
2024-08-23 11:44:22 - INFO - Validated dataset: Hospice - State Data
2024-08-23 11:44:22 - INFO - Validated dataset: Licensed Clinical Social Worker Office Visit Costs
2024-08-23 11:44:22 - INFO - Validated dataset: Medical Genetics and Genomics Office Visit Costs
2024-08-23 11:44:22 - INFO - Validated dataset: Home Health Care - State by State Data
2024-08-23 11:44:22 - INFO - Validated dataset: Home Health Care - Measure Date Range
2024-08-23 11:44:22 - INFO - Validated dataset: Payment - State
2024-08-23 11:44:22 - INFO - Validated dataset: Maternal Health - Hospital
2024-08-23 11:44:22 - INFO - Validated dataset: Maternal Health - National
2024-08-23 11:44:22 - INFO - Validated dataset: Maternal Health - State
2024-08-23 11:44:22 - INFO - Validated dataset: Medical Equipment Suppliers
2024-08-23 11:44:22 - INFO - Validated dataset: Inpatient Rehabilitation Facility - National Data
2024-08-23 11:44:22 - INFO - Validated dataset: Long-Term Care Hospital - National Data
2024-08-23 11:44:22 - INFO - Validated dataset: Skilled Nursing Facility Quality Reporting Program - National Data
2024-08-23 11:44:22 - INFO - Validated dataset: Patient survey (ICH CAHPS) - State
2024-08-23 11:44:22 - INFO - Validated dataset: Hospice-National Data
2024-08-23 11:44:22 - INFO - Validated dataset: Facility Affiliation Data
2024-08-23 11:44:22 - INFO - Validated dataset: Utilization Data
2024-08-23 11:44:22 - INFO - Validated dataset: ESRD QIP - Clinical Depression Screening and Follow-up - Payment Year 2024
2024-08-23 11:44:22 - INFO - Validated dataset: ESRD QIP - Complete QIP Data - Payment Year 2024
2024-08-23 11:44:22 - INFO - Validated dataset: ESRD QIP - Dialysis Adequacy - Payment Year 2024
2024-08-23 11:44:22 - INFO - Validated dataset: ESRD QIP - Footnotes - Payment Year 2024
2024-08-23 11:44:22 - INFO - Validated dataset: ESRD QIP - Hypercalcemia - Payment Year 2024
2024-08-23 11:44:22 - INFO - Validated dataset: ESRD QIP - NHSN Dialysis Event Measure - Payment Year 2024
2024-08-23 11:44:22 - INFO - Validated dataset: ESRD QIP - NHSN Bloodstream Infection - Payment Year 2024
2024-08-23 11:44:22 - INFO - Validated dataset: ESRD QIP - Standardized Readmission Ratio - Payment Year 2024
2024-08-23 11:44:22 - INFO - Validated dataset: ESRD QIP - Standardized Transfusion Ratio - Payment Year 2024
2024-08-23 11:44:22 - INFO - Validated dataset: ESRD QIP - Total Performance Scores - Payment Year 2024
2024-08-23 11:44:22 - INFO - Validated dataset: ESRD QIP - Vascular Access Topic - Payment Year 2024
2024-08-23 11:44:22 - INFO - Validated dataset: ESRD QIP - Ultrafiltration Rate - Payment Year 2024
2024-08-23 11:44:22 - INFO - Validated dataset: ESRD QIP - Standardized Hospitalization Ratio - Payment Year 2024
2024-08-23 11:44:22 - INFO - Validated dataset: ESRD QIP - Medication Reconciliation - Payment Year 2024
2024-08-23 11:44:22 - INFO - Validated dataset: ESRD QIP - Percentage of Prevalent Patients Waitlisted - Payment Year 2024
2024-08-23 11:44:22 - INFO - Validated dataset: Patient-Reported Outcomes - Hospital
2024-08-23 11:44:22 - INFO - Validated dataset: Palliative Care - PPS-Exempt Cancer Hospital - Hospital
2024-08-23 11:44:22 - INFO - Validated dataset: Palliative Care - PPS-Exempt Cancer Hospital - National
2024-08-23 11:44:22 - INFO - Validated dataset: Audiologist Office Visit Costs
2024-08-23 11:44:22 - INFO - Validated dataset: Mass Immunizer Roster Biller Office Visit Costs
2024-08-23 11:44:22 - INFO - Validated dataset: Micrographic Dermatologic Surgery Office Visit Costs
2024-08-23 11:44:22 - INFO - Validated dataset: Opioid Treatment Program Office Visit Costs
2024-08-23 11:44:22 - INFO - Validated dataset: Pharmacy Office Visit Costs
2024-08-23 11:44:22 - INFO - ✅ Finished fetching datasets.
2024-08-23 11:44:22 - INFO - Completed CMS data download and processing.
2024-08-23 11:46:30 - INFO - Starting CMS data download and processing...
2024-08-23 11:46:30 - INFO - 🏗️ Fetching datasets...
2024-08-23 11:46:30 - DEBUG - Starting new HTTPS connection (1): data.cms.gov:443
2024-08-23 11:46:31 - DEBUG - https://data.cms.gov:443 "GET /provider-data/api/1/metastore/schemas/dataset/items HTTP/11" 200 30377
2024-08-23 11:46:31 - INFO - Validated dataset: Dialysis Facility - Listing by Facility
2024-08-23 11:46:31 - INFO - Validated dataset: Dialysis Facility - State Averages
2024-08-23 11:46:31 - INFO - Validated dataset: Dialysis Facility - National Averages
2024-08-23 11:46:31 - INFO - Validated dataset: Patient survey (ICH CAHPS) - Facility
2024-08-23 11:46:31 - INFO - Validated dataset: Patient survey (ICH CAHPS) - National
2024-08-23 11:46:31 - INFO - Validated dataset: Home Health Care - Zip Codes
2024-08-23 11:46:31 - INFO - Validated dataset: Home Health Care Agencies
2024-08-23 11:46:31 - INFO - Validated dataset: Home Health Care - National Data
2024-08-23 11:46:31 - INFO - Validated dataset: Hospice - Zip Data
2024-08-23 11:46:31 - INFO - Validated dataset: Hospice - General Information
2024-08-23 11:46:31 - INFO - Validated dataset: Hospice - Provider Data
2024-08-23 11:46:31 - INFO - Validated dataset: Hospice care - Provider CAHPS Hospice Survey Data
2024-08-23 11:46:31 - INFO - Validated dataset: Hospice care - National CAHPS Hospice Survey Data
2024-08-23 11:46:31 - INFO - Validated dataset: Outpatient and Ambulatory Surgery Consumer Assessment of Healthcare Providers and Systems (OAS CAHPS) survey for ambulatory surgical centers - Facility
2024-08-23 11:46:31 - INFO - Validated dataset: Ambulatory Surgical Center Quality Measures - Facility
2024-08-23 11:46:31 - INFO - Validated dataset: Ambulatory Surgical Center Quality Measures - National
2024-08-23 11:46:31 - INFO - Validated dataset: Outpatient and Ambulatory Surgery Consumer Assessment of Healthcare Providers and Systems (OAS CAHPS) survey for ambulatory surgical centers - National
2024-08-23 11:46:31 - INFO - Validated dataset: Ambulatory Surgical Center Quality Measures - State
2024-08-23 11:46:31 - INFO - Validated dataset: Outpatient and Ambulatory Surgery Consumer Assessment of Healthcare Providers and Systems (OAS CAHPS) survey for ambulatory surgical centers - State
2024-08-23 11:46:31 - INFO - Validated dataset: Comprehensive Care For Joint Replacement Model - Provider Data
2024-08-23 11:46:31 - INFO - Validated dataset: CMS Medicare PSI-90 and component measures - six-digit estimate dataset
2024-08-23 11:46:31 - INFO - Validated dataset: Complications and Deaths - Hospital
2024-08-23 11:46:31 - INFO - Validated dataset: Complications and Deaths - National
2024-08-23 11:46:31 - INFO - Validated dataset: Complications and Deaths - State
2024-08-23 11:46:31 - INFO - Validated dataset: Footnote Crosswalk
2024-08-23 11:46:31 - INFO - Validated dataset: Outpatient and Ambulatory Surgery Consumer Assessment of Healthcare Providers and Systems (OAS CAHPS) survey - Footnotes
2024-08-23 11:46:31 - INFO - Validated dataset: Table 2: FY2021 Distribution of Net Change in Base Operating DRG Payment Amount
2024-08-23 11:46:31 - INFO - Validated dataset: Table 1: FY2021 Net Change in Base Operating DRG Payment Amount
2024-08-23 11:46:31 - INFO - Validated dataset: Table 3: FY2021 Percent Change in Medicare Payments
2024-08-23 11:46:31 - INFO - Validated dataset: Table 4: FY2021 Value-Based Incentive Payment Amount
2024-08-23 11:46:31 - INFO - Validated dataset: Patient survey (HCAHPS) - Hospital
2024-08-23 11:46:31 - INFO - Validated dataset: Patient survey (HCAHPS) - National
2024-08-23 11:46:31 - INFO - Validated dataset: Patient survey (HCAHPS) - State
2024-08-23 11:46:31 - INFO - Validated dataset: Healthcare Associated Infections - Hospital
2024-08-23 11:46:31 - INFO - Validated dataset: Healthcare Associated Infections - National
2024-08-23 11:46:31 - INFO - Validated dataset: Healthcare Associated Infections - State
2024-08-23 11:46:31 - INFO - Validated dataset: Outpatient and Ambulatory Surgery Consumer Assessment of Healthcare Providers and Systems (OAS CAHPS) survey for hospital outpatient departments - Facility
2024-08-23 11:46:31 - INFO - Validated dataset: Outpatient and Ambulatory Surgery Consumer Assessment of Healthcare Providers and Systems (OAS CAHPS) survey for hospital outpatient departments - National
2024-08-23 11:46:31 - INFO - Validated dataset: Outpatient and Ambulatory Surgery Consumer Assessment of Healthcare Providers and Systems (OAS CAHPS) survey for hospital outpatient departments - State
2024-08-23 11:46:31 - INFO - Validated dataset: Hospital General Information
2024-08-23 11:46:31 - INFO - Validated dataset: Complications and Unplanned Hospital Visits - PPS-Exempt Cancer Hospital - Hospital
2024-08-23 11:46:31 - INFO - Validated dataset: Complications and Unplanned Hospital Visits - PPS-Exempt Cancer Hospital - National
2024-08-23 11:46:31 - INFO - Validated dataset: Hospital-Acquired Condition (HAC) Reduction Program
2024-08-23 11:46:31 - INFO - Validated dataset: Medicare Spending Per Beneficiary - Hospital Additional Decimal Places
2024-08-23 11:46:31 - INFO - Validated dataset: Safety and Healthcare-Associated Infection Measures - PPS-Exempt Cancer Hospital
2024-08-23 11:46:31 - INFO - Validated dataset: Patient Survey (PCH - HCAHPS) PPS-Exempt Cancer Hospital - Hospital
2024-08-23 11:46:31 - INFO - Validated dataset: Patient Survey (PCH - HCAHPS) PPS-Exempt Cancer Hospital - National
2024-08-23 11:46:31 - INFO - Validated dataset: Patient Survey (PCH - HCAHPS) PPS-Exempt Cancer Hospital - State
2024-08-23 11:46:31 - INFO - Validated dataset: Hospital Readmissions Reduction Program
2024-08-23 11:46:31 - INFO - Validated dataset: Hospital Value-Based Purchasing (HVBP) - Clinical Outcomes Domain Scores
2024-08-23 11:46:31 - INFO - Validated dataset: Hospital Value-Based Purchasing (HVBP) - Efficiency Scores
2024-08-23 11:46:31 - INFO - Validated dataset: Hospital Value-Based Purchasing (HVBP) - Person and Community Engagement Domain Scores (HCAHPS)
2024-08-23 11:46:31 - INFO - Validated dataset: Hospital Value-Based Purchasing (HVBP) - Safety
2024-08-23 11:46:31 - INFO - Validated dataset: Hospital Value-Based Purchasing (HVBP) - Total Performance Score
2024-08-23 11:46:31 - INFO - Validated dataset: Inpatient Psychiatric Facility Quality Measure Data - by Facility
2024-08-23 11:46:31 - INFO - Validated dataset: Inpatient Psychiatric Facility Quality Measure Data - National
2024-08-23 11:46:31 - INFO - Validated dataset: Inpatient Psychiatric Facility Quality Measure Data - by State
2024-08-23 11:46:31 - INFO - Validated dataset: Measure Dates
2024-08-23 11:46:31 - INFO - Validated dataset: Medicare Hospital Spending by Claim
2024-08-23 11:46:31 - INFO - Validated dataset: Medicare Spending Per Beneficiary - Hospital
2024-08-23 11:46:31 - INFO - Validated dataset: Medicare Spending Per Beneficiary - National
2024-08-23 11:46:31 - INFO - Validated dataset: Medicare Spending Per Beneficiary - State
2024-08-23 11:46:31 - INFO - Validated dataset: Outpatient Imaging Efficiency - Hospital
2024-08-23 11:46:31 - INFO - Validated dataset: Outpatient Imaging Efficiency - National
2024-08-23 11:46:31 - INFO - Validated dataset: Outpatient Imaging Efficiency - State
2024-08-23 11:46:31 - INFO - Validated dataset: Payment - National
2024-08-23 11:46:31 - INFO - Validated dataset: Payment and value of care - Hospital
2024-08-23 11:46:31 - INFO - Validated dataset: Timely and Effective Care - Hospital
2024-08-23 11:46:31 - INFO - Validated dataset: Timely and Effective Care - National
2024-08-23 11:46:31 - INFO - Validated dataset: Timely and Effective Care - State
2024-08-23 11:46:31 - INFO - Validated dataset: Unplanned Hospital Visits - Hospital
2024-08-23 11:46:31 - INFO - Validated dataset: Unplanned Hospital Visits - National
2024-08-23 11:46:31 - INFO - Validated dataset: Unplanned Hospital Visits - State
2024-08-23 11:46:31 - INFO - Validated dataset: Veterans Health Administration Behavioral Health Data
2024-08-23 11:46:31 - INFO - Validated dataset: Veterans Health Administration Timely and Effective Care Data
2024-08-23 11:46:31 - INFO - Validated dataset: Value of care - National
2024-08-23 11:46:31 - INFO - Validated dataset: Veterans Health Administration Provider Level Data
2024-08-23 11:46:31 - INFO - Validated dataset: Data Updates
2024-08-23 11:46:31 - INFO - Validated dataset: Inpatient Rehabilitation Facility - General Information
2024-08-23 11:46:31 - INFO - Validated dataset: Inpatient Rehabilitation Facility - Provider Data
2024-08-23 11:46:31 - INFO - Validated dataset: Inpatient Rehabilitation Facility - Conditions
2024-08-23 11:46:31 - INFO - Validated dataset: Long-Term Care Hospital - General Information
2024-08-23 11:46:31 - INFO - Validated dataset: Long-Term Care Hospital - Provider Data
2024-08-23 11:46:31 - INFO - Validated dataset: Fire Safety Deficiencies
2024-08-23 11:46:31 - INFO - Validated dataset: Health Deficiencies
2024-08-23 11:46:31 - INFO - Validated dataset: MDS Quality Measures
2024-08-23 11:46:31 - INFO - Validated dataset: Medicare Claims Quality Measures
2024-08-23 11:46:31 - INFO - Validated dataset: Ownership
2024-08-23 11:46:31 - INFO - Validated dataset: Penalties
2024-08-23 11:46:31 - INFO - Validated dataset: Provider Information
2024-08-23 11:46:31 - INFO - Validated dataset: Skilled Nursing Facility Quality Reporting Program - Provider Data
2024-08-23 11:46:31 - INFO - Validated dataset: Skilled Nursing Facility Quality Reporting Program - Swing Beds - Provider Data
2024-08-23 11:46:31 - INFO - Validated dataset: State US Averages
2024-08-23 11:46:31 - INFO - Validated dataset: Survey Summary
2024-08-23 11:46:31 - INFO - Validated dataset: FY 2024 SNF VBP Facility-Level Dataset
2024-08-23 11:46:31 - INFO - Validated dataset: FY 2024 SNF VBP Aggregate Performance
2024-08-23 11:46:31 - INFO - Validated dataset: Nursing Home Data Collection Intervals
2024-08-23 11:46:31 - INFO - Validated dataset: Citation Code Look-up
2024-08-23 11:46:31 - INFO - Validated dataset: National Downloadable File
2024-08-23 11:46:31 - INFO - Validated dataset: PY 2022 Group Public Reporting: MIPS Measures and Attestations
2024-08-23 11:46:31 - INFO - Validated dataset: PY 2022 Group Public Reporting: Patient Experience
2024-08-23 11:46:31 - INFO - Validated dataset: PY 2022 Clinician Public Reporting: MIPS Measures and Attestations
2024-08-23 11:46:31 - INFO - Validated dataset: PY 2022 Clinician Public Reporting: Overall MIPS Performance
2024-08-23 11:46:31 - INFO - Validated dataset: Inspection Dates
2024-08-23 11:46:31 - INFO - Validated dataset: State-Level Health Inspection Cut Points
2024-08-23 11:46:31 - INFO - Validated dataset: Home Health Care - Patient Survey (HHCAHPS) 2023Q1 to 2023Q4
2024-08-23 11:46:31 - INFO - Validated dataset: Home Health Care - Patient Survey (HHCAHPS) National Data 2023Q1 to 2023Q4
2024-08-23 11:46:31 - INFO - Validated dataset: Home Health Care - Patient Survey (HHCAHPS) State Data 2023Q1 to 2023Q4
2024-08-23 11:46:31 - INFO - Validated dataset: Home Health Care - Patient Survey (HHCAHPS) Measure Dates 2023Q1 to 2023Q4
2024-08-23 11:46:31 - INFO - Validated dataset: Addiction Medicine Office Visit Costs
2024-08-23 11:46:31 - INFO - Validated dataset: Advanced Heart Failure and Transplant Cardiology Office Visit Costs
2024-08-23 11:46:31 - INFO - Validated dataset: Allergy/ Immunology Office Visit Costs
2024-08-23 11:46:31 - INFO - Validated dataset: Anesthesiology Office Visit Costs
2024-08-23 11:46:31 - INFO - Validated dataset: Cardiac Surgery Office Visit Costs
2024-08-23 11:46:31 - INFO - Validated dataset: Cardiology Office Visit Costs
2024-08-23 11:46:31 - INFO - Validated dataset: Certified Clinical Nurse Specialist Office Visit Costs
2024-08-23 11:46:31 - INFO - Validated dataset: Certified Nurse Midwife Office Visit Costs
2024-08-23 11:46:31 - INFO - Validated dataset: Certified Registered Nurse Anesthetist (CRNA) Office Visit Costs
2024-08-23 11:46:31 - INFO - Validated dataset: Clinic or Group Practice Office Visit Costs
2024-08-23 11:46:31 - INFO - Validated dataset: Clinical Cardiac Electrophysiology Office Visit Costs
2024-08-23 11:46:31 - INFO - Validated dataset: Clinical Laboratory Office Visit Costs
2024-08-23 11:46:31 - INFO - Validated dataset: Colorectal Surgery (Proctology) Office Visit Costs
2024-08-23 11:46:31 - INFO - Validated dataset: Critical Care (Intensivists) Office Visit Costs
2024-08-23 11:46:31 - INFO - Validated dataset: Dentist Office Visit Costs
2024-08-23 11:46:31 - INFO - Validated dataset: Dermatology Office Visit Costs
2024-08-23 11:46:31 - INFO - Validated dataset: Diagnostic Radiology Office Visit Costs
2024-08-23 11:46:31 - INFO - Validated dataset: Emergency Medicine Office Visit Costs
2024-08-23 11:46:31 - INFO - Validated dataset: Endocrinology Office Visit Costs
2024-08-23 11:46:31 - INFO - Validated dataset: Family Practice Office Visit Costs
2024-08-23 11:46:31 - INFO - Validated dataset: Gastroenterology Office Visit Costs
2024-08-23 11:46:31 - INFO - Validated dataset: General Practice Office Visit Costs
2024-08-23 11:46:31 - INFO - Validated dataset: General Surgery Office Visit Costs
2024-08-23 11:46:31 - INFO - Validated dataset: Geriatric Medicine Office Visit Costs
2024-08-23 11:46:31 - INFO - Validated dataset: Geriatric Psychiatry Office Visit Costs
2024-08-23 11:46:31 - INFO - Validated dataset: Gynecological Oncology Office Visit Costs
2024-08-23 11:46:31 - INFO - Validated dataset: Hand Surgery Office Visit Costs
2024-08-23 11:46:31 - INFO - Validated dataset: Hematology Office Visit Costs
2024-08-23 11:46:31 - INFO - Validated dataset: Hematology-Oncology Office Visit Costs
2024-08-23 11:46:31 - INFO - Validated dataset: Hematopoietic Cell Transplantation and Cellular Therapy Office Visit Costs
2024-08-23 11:46:31 - INFO - Validated dataset: Hospice and Palliative Care Office Visit Costs
2024-08-23 11:46:31 - INFO - Validated dataset: Hospitalist Office Visit Costs
2024-08-23 11:46:31 - INFO - Validated dataset: Infectious Disease Office Visit Costs
2024-08-23 11:46:31 - INFO - Validated dataset: Internal Medicine Office Visit Costs
2024-08-23 11:46:31 - INFO - Validated dataset: Interventional Cardiology Office Visit Costs
2024-08-23 11:46:31 - INFO - Validated dataset: Interventional Pain Management Office Visit Costs
2024-08-23 11:46:31 - INFO - Validated dataset: Interventional Radiology Office Visit Costs
2024-08-23 11:46:31 - INFO - Validated dataset: Maxillofacial Surgery Office Visit Costs
2024-08-23 11:46:31 - INFO - Validated dataset: Medical Oncology Office Visit Costs
2024-08-23 11:46:31 - INFO - Validated dataset: Medical Toxicology Office Visit Costs
2024-08-23 11:46:31 - INFO - Validated dataset: Nephrology Office Visit Costs
2024-08-23 11:46:31 - INFO - Validated dataset: Neurology Office Visit Costs
2024-08-23 11:46:31 - INFO - Validated dataset: Neuropsychiatry Office Visit Costs
2024-08-23 11:46:31 - INFO - Validated dataset: Neurosurgery Office Visit Costs
2024-08-23 11:46:31 - INFO - Validated dataset: Nuclear Medicine Office Visit Costs
2024-08-23 11:46:31 - INFO - Validated dataset: Nurse Practitioner Office Visit Costs
2024-08-23 11:46:31 - INFO - Validated dataset: Obstetrics & Gynecology Office Visit Costs
2024-08-23 11:46:31 - INFO - Validated dataset: Ophthalmology Office Visit Costs
2024-08-23 11:46:31 - INFO - Validated dataset: Optometry Office Visit Costs
2024-08-23 11:46:31 - INFO - Validated dataset: Oral Surgery (Dentist only) Office Visit Costs
2024-08-23 11:46:31 - INFO - Validated dataset: Orthopedic Surgery Office Visit Costs
2024-08-23 11:46:31 - INFO - Validated dataset: Osteopathic Manipulative Medicine Office Visit Costs
2024-08-23 11:46:31 - INFO - Validated dataset: Otolaryngology Office Visit Costs
2024-08-23 11:46:31 - INFO - Validated dataset: Pain Management Office Visit Costs
2024-08-23 11:46:31 - INFO - Validated dataset: Pathology Office Visit Costs
2024-08-23 11:46:31 - INFO - Validated dataset: Pediatric Medicine Office Visit Costs
2024-08-23 11:46:31 - INFO - Validated dataset: Peripheral Vascular Disease Office Visit Costs
2024-08-23 11:46:31 - INFO - Validated dataset: Physical Medicine and Rehabilitation Office Visit Costs
2024-08-23 11:46:31 - INFO - Validated dataset: Physical Therapist in Private Practice Office Visit Costs
2024-08-23 11:46:31 - INFO - Validated dataset: Physician Assistant Office Visit Costs
2024-08-23 11:46:31 - INFO - Validated dataset: Plastic and Reconstructive Surgery Office Visit Costs
2024-08-23 11:46:31 - INFO - Validated dataset: Podiatry Office Visit Costs
2024-08-23 11:46:31 - INFO - Validated dataset: Preventive Medicine Office Visit Costs
2024-08-23 11:46:31 - INFO - Validated dataset: Psychiatry Office Visit Costs
2024-08-23 11:46:31 - INFO - Validated dataset: Psychologist, Clinical Office Visit Costs
2024-08-23 11:46:31 - INFO - Validated dataset: Public Health or Welfare Agency Office Visit Costs
2024-08-23 11:46:31 - INFO - Validated dataset: Pulmonary Disease Office Visit Costs
2024-08-23 11:46:31 - INFO - Validated dataset: Radiation Oncology Office Visit Costs
2024-08-23 11:46:31 - INFO - Validated dataset: Registered Dietitian or Nutrition Professional Office Visit Costs
2024-08-23 11:46:31 - INFO - Validated dataset: Rheumatology Office Visit Costs
2024-08-23 11:46:31 - INFO - Validated dataset: Sleep Medicine Office Visit Costs
2024-08-23 11:46:31 - INFO - Validated dataset: Sports Medicine Office Visit Costs
2024-08-23 11:46:31 - INFO - Validated dataset: Surgical Oncology Office Visit Costs
2024-08-23 11:46:31 - INFO - Validated dataset: Thoracic Surgery Office Visit Costs
2024-08-23 11:46:31 - INFO - Validated dataset: Undefined Physician type Office Visit Costs
2024-08-23 11:46:31 - INFO - Validated dataset: Undersea and Hyperbaric Medicine Office Visit Costs
2024-08-23 11:46:31 - INFO - Validated dataset: Urology Office Visit Costs
2024-08-23 11:46:31 - INFO - Validated dataset: Vascular Surgery Office Visit Costs
2024-08-23 11:46:31 - INFO - Validated dataset: PY 2022 Virtual Group Public Reporting: MIPS Measures and Attestations
2024-08-23 11:46:31 - INFO - Validated dataset: COVID-19 Vaccination Rates - Provider Data
2024-08-23 11:46:31 - INFO - Validated dataset: COVID-19 Vaccination Rates - State and National Averages
2024-08-23 11:46:31 - INFO - Validated dataset: Hospice care - State CAHPS Hospice Survey Data
2024-08-23 11:46:31 - INFO - Validated dataset: Hospice - State Data
2024-08-23 11:46:31 - INFO - Validated dataset: Licensed Clinical Social Worker Office Visit Costs
2024-08-23 11:46:31 - INFO - Validated dataset: Medical Genetics and Genomics Office Visit Costs
2024-08-23 11:46:31 - INFO - Validated dataset: Home Health Care - State by State Data
2024-08-23 11:46:31 - INFO - Validated dataset: Home Health Care - Measure Date Range
2024-08-23 11:46:31 - INFO - Validated dataset: Payment - State
2024-08-23 11:46:31 - INFO - Validated dataset: Maternal Health - Hospital
2024-08-23 11:46:31 - INFO - Validated dataset: Maternal Health - National
2024-08-23 11:46:31 - INFO - Validated dataset: Maternal Health - State
2024-08-23 11:46:31 - INFO - Validated dataset: Medical Equipment Suppliers
2024-08-23 11:46:31 - INFO - Validated dataset: Inpatient Rehabilitation Facility - National Data
2024-08-23 11:46:31 - INFO - Validated dataset: Long-Term Care Hospital - National Data
2024-08-23 11:46:31 - INFO - Validated dataset: Skilled Nursing Facility Quality Reporting Program - National Data
2024-08-23 11:46:31 - INFO - Validated dataset: Patient survey (ICH CAHPS) - State
2024-08-23 11:46:31 - INFO - Validated dataset: Hospice-National Data
2024-08-23 11:46:31 - INFO - Validated dataset: Facility Affiliation Data
2024-08-23 11:46:31 - INFO - Validated dataset: Utilization Data
2024-08-23 11:46:31 - INFO - Validated dataset: ESRD QIP - Clinical Depression Screening and Follow-up - Payment Year 2024
2024-08-23 11:46:31 - INFO - Validated dataset: ESRD QIP - Complete QIP Data - Payment Year 2024
2024-08-23 11:46:31 - INFO - Validated dataset: ESRD QIP - Dialysis Adequacy - Payment Year 2024
2024-08-23 11:46:31 - INFO - Validated dataset: ESRD QIP - Footnotes - Payment Year 2024
2024-08-23 11:46:31 - INFO - Validated dataset: ESRD QIP - Hypercalcemia - Payment Year 2024
2024-08-23 11:46:31 - INFO - Validated dataset: ESRD QIP - NHSN Dialysis Event Measure - Payment Year 2024
2024-08-23 11:46:31 - INFO - Validated dataset: ESRD QIP - NHSN Bloodstream Infection - Payment Year 2024
2024-08-23 11:46:31 - INFO - Validated dataset: ESRD QIP - Standardized Readmission Ratio - Payment Year 2024
2024-08-23 11:46:31 - INFO - Validated dataset: ESRD QIP - Standardized Transfusion Ratio - Payment Year 2024
2024-08-23 11:46:31 - INFO - Validated dataset: ESRD QIP - Total Performance Scores - Payment Year 2024
2024-08-23 11:46:31 - INFO - Validated dataset: ESRD QIP - Vascular Access Topic - Payment Year 2024
2024-08-23 11:46:31 - INFO - Validated dataset: ESRD QIP - Ultrafiltration Rate - Payment Year 2024
2024-08-23 11:46:31 - INFO - Validated dataset: ESRD QIP - Standardized Hospitalization Ratio - Payment Year 2024
2024-08-23 11:46:31 - INFO - Validated dataset: ESRD QIP - Medication Reconciliation - Payment Year 2024
2024-08-23 11:46:31 - INFO - Validated dataset: ESRD QIP - Percentage of Prevalent Patients Waitlisted - Payment Year 2024
2024-08-23 11:46:31 - INFO - Validated dataset: Patient-Reported Outcomes - Hospital
2024-08-23 11:46:31 - INFO - Validated dataset: Palliative Care - PPS-Exempt Cancer Hospital - Hospital
2024-08-23 11:46:31 - INFO - Validated dataset: Palliative Care - PPS-Exempt Cancer Hospital - National
2024-08-23 11:46:31 - INFO - Validated dataset: Audiologist Office Visit Costs
2024-08-23 11:46:31 - INFO - Validated dataset: Mass Immunizer Roster Biller Office Visit Costs
2024-08-23 11:46:31 - INFO - Validated dataset: Micrographic Dermatologic Surgery Office Visit Costs
2024-08-23 11:46:31 - INFO - Validated dataset: Opioid Treatment Program Office Visit Costs
2024-08-23 11:46:31 - INFO - Validated dataset: Pharmacy Office Visit Costs
2024-08-23 11:46:31 - INFO - ✅ Finished fetching datasets.
2024-08-23 11:46:31 - INFO - Completed CMS data download and processing.
2024-08-23 11:57:01 - INFO - Starting CMS data download and processing...
2024-08-23 11:57:01 - INFO - 🏗️ Fetching datasets...
2024-08-23 11:57:01 - DEBUG - Starting new HTTPS connection (1): data.cms.gov:443
2024-08-23 11:57:01 - DEBUG - https://data.cms.gov:443 "GET /provider-data/api/1/metastore/schemas/dataset/items HTTP/11" 200 30377
2024-08-23 11:57:01 - INFO - Validated dataset: Dialysis Facility - Listing by Facility
2024-08-23 11:57:01 - INFO - Validated dataset: Dialysis Facility - State Averages
2024-08-23 11:57:01 - INFO - Validated dataset: Dialysis Facility - National Averages
2024-08-23 11:57:01 - INFO - Validated dataset: Patient survey (ICH CAHPS) - Facility
2024-08-23 11:57:01 - INFO - Validated dataset: Patient survey (ICH CAHPS) - National
2024-08-23 11:57:01 - INFO - Validated dataset: Home Health Care - Zip Codes
2024-08-23 11:57:01 - INFO - Validated dataset: Home Health Care Agencies
2024-08-23 11:57:01 - INFO - Validated dataset: Home Health Care - National Data
2024-08-23 11:57:01 - INFO - Validated dataset: Hospice - Zip Data
2024-08-23 11:57:01 - INFO - Validated dataset: Hospice - General Information
2024-08-23 11:57:01 - INFO - Validated dataset: Hospice - Provider Data
2024-08-23 11:57:01 - INFO - Validated dataset: Hospice care - Provider CAHPS Hospice Survey Data
2024-08-23 11:57:01 - INFO - Validated dataset: Hospice care - National CAHPS Hospice Survey Data
2024-08-23 11:57:01 - INFO - Validated dataset: Outpatient and Ambulatory Surgery Consumer Assessment of Healthcare Providers and Systems (OAS CAHPS) survey for ambulatory surgical centers - Facility
2024-08-23 11:57:01 - INFO - Validated dataset: Ambulatory Surgical Center Quality Measures - Facility
2024-08-23 11:57:01 - INFO - Validated dataset: Ambulatory Surgical Center Quality Measures - National
2024-08-23 11:57:01 - INFO - Validated dataset: Outpatient and Ambulatory Surgery Consumer Assessment of Healthcare Providers and Systems (OAS CAHPS) survey for ambulatory surgical centers - National
2024-08-23 11:57:01 - INFO - Validated dataset: Ambulatory Surgical Center Quality Measures - State
2024-08-23 11:57:01 - INFO - Validated dataset: Outpatient and Ambulatory Surgery Consumer Assessment of Healthcare Providers and Systems (OAS CAHPS) survey for ambulatory surgical centers - State
2024-08-23 11:57:01 - INFO - Validated dataset: Comprehensive Care For Joint Replacement Model - Provider Data
2024-08-23 11:57:01 - INFO - Validated dataset: CMS Medicare PSI-90 and component measures - six-digit estimate dataset
2024-08-23 11:57:01 - INFO - Validated dataset: Complications and Deaths - Hospital
2024-08-23 11:57:01 - INFO - Validated dataset: Complications and Deaths - National
2024-08-23 11:57:01 - INFO - Validated dataset: Complications and Deaths - State
2024-08-23 11:57:01 - INFO - Validated dataset: Footnote Crosswalk
2024-08-23 11:57:01 - INFO - Validated dataset: Outpatient and Ambulatory Surgery Consumer Assessment of Healthcare Providers and Systems (OAS CAHPS) survey - Footnotes
2024-08-23 11:57:01 - INFO - Validated dataset: Table 2: FY2021 Distribution of Net Change in Base Operating DRG Payment Amount
2024-08-23 11:57:01 - INFO - Validated dataset: Table 1: FY2021 Net Change in Base Operating DRG Payment Amount
2024-08-23 11:57:01 - INFO - Validated dataset: Table 3: FY2021 Percent Change in Medicare Payments
2024-08-23 11:57:01 - INFO - Validated dataset: Table 4: FY2021 Value-Based Incentive Payment Amount
2024-08-23 11:57:01 - INFO - Validated dataset: Patient survey (HCAHPS) - Hospital
2024-08-23 11:57:01 - INFO - Validated dataset: Patient survey (HCAHPS) - National
2024-08-23 11:57:01 - INFO - Validated dataset: Patient survey (HCAHPS) - State
2024-08-23 11:57:01 - INFO - Validated dataset: Healthcare Associated Infections - Hospital
2024-08-23 11:57:01 - INFO - Validated dataset: Healthcare Associated Infections - National
2024-08-23 11:57:01 - INFO - Validated dataset: Healthcare Associated Infections - State
2024-08-23 11:57:01 - INFO - Validated dataset: Outpatient and Ambulatory Surgery Consumer Assessment of Healthcare Providers and Systems (OAS CAHPS) survey for hospital outpatient departments - Facility
2024-08-23 11:57:01 - INFO - Validated dataset: Outpatient and Ambulatory Surgery Consumer Assessment of Healthcare Providers and Systems (OAS CAHPS) survey for hospital outpatient departments - National
2024-08-23 11:57:01 - INFO - Validated dataset: Outpatient and Ambulatory Surgery Consumer Assessment of Healthcare Providers and Systems (OAS CAHPS) survey for hospital outpatient departments - State
2024-08-23 11:57:01 - INFO - Validated dataset: Hospital General Information
2024-08-23 11:57:01 - INFO - Validated dataset: Complications and Unplanned Hospital Visits - PPS-Exempt Cancer Hospital - Hospital
2024-08-23 11:57:01 - INFO - Validated dataset: Complications and Unplanned Hospital Visits - PPS-Exempt Cancer Hospital - National
2024-08-23 11:57:01 - INFO - Validated dataset: Hospital-Acquired Condition (HAC) Reduction Program
2024-08-23 11:57:01 - INFO - Validated dataset: Medicare Spending Per Beneficiary - Hospital Additional Decimal Places
2024-08-23 11:57:01 - INFO - Validated dataset: Safety and Healthcare-Associated Infection Measures - PPS-Exempt Cancer Hospital
2024-08-23 11:57:01 - INFO - Validated dataset: Patient Survey (PCH - HCAHPS) PPS-Exempt Cancer Hospital - Hospital
2024-08-23 11:57:01 - INFO - Validated dataset: Patient Survey (PCH - HCAHPS) PPS-Exempt Cancer Hospital - National
2024-08-23 11:57:01 - INFO - Validated dataset: Patient Survey (PCH - HCAHPS) PPS-Exempt Cancer Hospital - State
2024-08-23 11:57:01 - INFO - Validated dataset: Hospital Readmissions Reduction Program
2024-08-23 11:57:01 - INFO - Validated dataset: Hospital Value-Based Purchasing (HVBP) - Clinical Outcomes Domain Scores
2024-08-23 11:57:01 - INFO - Validated dataset: Hospital Value-Based Purchasing (HVBP) - Efficiency Scores
2024-08-23 11:57:01 - INFO - Validated dataset: Hospital Value-Based Purchasing (HVBP) - Person and Community Engagement Domain Scores (HCAHPS)
2024-08-23 11:57:01 - INFO - Validated dataset: Hospital Value-Based Purchasing (HVBP) - Safety
2024-08-23 11:57:01 - INFO - Validated dataset: Hospital Value-Based Purchasing (HVBP) - Total Performance Score
2024-08-23 11:57:01 - INFO - Validated dataset: Inpatient Psychiatric Facility Quality Measure Data - by Facility
2024-08-23 11:57:01 - INFO - Validated dataset: Inpatient Psychiatric Facility Quality Measure Data - National
2024-08-23 11:57:01 - INFO - Validated dataset: Inpatient Psychiatric Facility Quality Measure Data - by State
2024-08-23 11:57:01 - INFO - Validated dataset: Measure Dates
2024-08-23 11:57:01 - INFO - Validated dataset: Medicare Hospital Spending by Claim
2024-08-23 11:57:01 - INFO - Validated dataset: Medicare Spending Per Beneficiary - Hospital
2024-08-23 11:57:01 - INFO - Validated dataset: Medicare Spending Per Beneficiary - National
2024-08-23 11:57:01 - INFO - Validated dataset: Medicare Spending Per Beneficiary - State
2024-08-23 11:57:01 - INFO - Validated dataset: Outpatient Imaging Efficiency - Hospital
2024-08-23 11:57:01 - INFO - Validated dataset: Outpatient Imaging Efficiency - National
2024-08-23 11:57:01 - INFO - Validated dataset: Outpatient Imaging Efficiency - State
2024-08-23 11:57:01 - INFO - Validated dataset: Payment - National
2024-08-23 11:57:01 - INFO - Validated dataset: Payment and value of care - Hospital
2024-08-23 11:57:01 - INFO - Validated dataset: Timely and Effective Care - Hospital
2024-08-23 11:57:01 - INFO - Validated dataset: Timely and Effective Care - National
2024-08-23 11:57:01 - INFO - Validated dataset: Timely and Effective Care - State
2024-08-23 11:57:01 - INFO - Validated dataset: Unplanned Hospital Visits - Hospital
2024-08-23 11:57:01 - INFO - Validated dataset: Unplanned Hospital Visits - National
2024-08-23 11:57:01 - INFO - Validated dataset: Unplanned Hospital Visits - State
2024-08-23 11:57:01 - INFO - Validated dataset: Veterans Health Administration Behavioral Health Data
2024-08-23 11:57:01 - INFO - Validated dataset: Veterans Health Administration Timely and Effective Care Data
2024-08-23 11:57:01 - INFO - Validated dataset: Value of care - National
2024-08-23 11:57:01 - INFO - Validated dataset: Veterans Health Administration Provider Level Data
2024-08-23 11:57:01 - INFO - Validated dataset: Data Updates
2024-08-23 11:57:01 - INFO - Validated dataset: Inpatient Rehabilitation Facility - General Information
2024-08-23 11:57:01 - INFO - Validated dataset: Inpatient Rehabilitation Facility - Provider Data
2024-08-23 11:57:01 - INFO - Validated dataset: Inpatient Rehabilitation Facility - Conditions
2024-08-23 11:57:01 - INFO - Validated dataset: Long-Term Care Hospital - General Information
2024-08-23 11:57:01 - INFO - Validated dataset: Long-Term Care Hospital - Provider Data
2024-08-23 11:57:01 - INFO - Validated dataset: Fire Safety Deficiencies
2024-08-23 11:57:01 - INFO - Validated dataset: Health Deficiencies
2024-08-23 11:57:01 - INFO - Validated dataset: MDS Quality Measures
2024-08-23 11:57:01 - INFO - Validated dataset: Medicare Claims Quality Measures
2024-08-23 11:57:01 - INFO - Validated dataset: Ownership
2024-08-23 11:57:01 - INFO - Validated dataset: Penalties
2024-08-23 11:57:01 - INFO - Validated dataset: Provider Information
2024-08-23 11:57:01 - INFO - Validated dataset: Skilled Nursing Facility Quality Reporting Program - Provider Data
2024-08-23 11:57:01 - INFO - Validated dataset: Skilled Nursing Facility Quality Reporting Program - Swing Beds - Provider Data
2024-08-23 11:57:01 - INFO - Validated dataset: State US Averages
2024-08-23 11:57:01 - INFO - Validated dataset: Survey Summary
2024-08-23 11:57:01 - INFO - Validated dataset: FY 2024 SNF VBP Facility-Level Dataset
2024-08-23 11:57:01 - INFO - Validated dataset: FY 2024 SNF VBP Aggregate Performance
2024-08-23 11:57:01 - INFO - Validated dataset: Nursing Home Data Collection Intervals
2024-08-23 11:57:01 - INFO - Validated dataset: Citation Code Look-up
2024-08-23 11:57:01 - INFO - Validated dataset: National Downloadable File
2024-08-23 11:57:01 - INFO - Validated dataset: PY 2022 Group Public Reporting: MIPS Measures and Attestations
2024-08-23 11:57:01 - INFO - Validated dataset: PY 2022 Group Public Reporting: Patient Experience
2024-08-23 11:57:01 - INFO - Validated dataset: PY 2022 Clinician Public Reporting: MIPS Measures and Attestations
2024-08-23 11:57:01 - INFO - Validated dataset: PY 2022 Clinician Public Reporting: Overall MIPS Performance
2024-08-23 11:57:01 - INFO - Validated dataset: Inspection Dates
2024-08-23 11:57:01 - INFO - Validated dataset: State-Level Health Inspection Cut Points
2024-08-23 11:57:01 - INFO - Validated dataset: Home Health Care - Patient Survey (HHCAHPS) 2023Q1 to 2023Q4
2024-08-23 11:57:01 - INFO - Validated dataset: Home Health Care - Patient Survey (HHCAHPS) National Data 2023Q1 to 2023Q4
2024-08-23 11:57:01 - INFO - Validated dataset: Home Health Care - Patient Survey (HHCAHPS) State Data 2023Q1 to 2023Q4
2024-08-23 11:57:01 - INFO - Validated dataset: Home Health Care - Patient Survey (HHCAHPS) Measure Dates 2023Q1 to 2023Q4
2024-08-23 11:57:01 - INFO - Validated dataset: Addiction Medicine Office Visit Costs
2024-08-23 11:57:01 - INFO - Validated dataset: Advanced Heart Failure and Transplant Cardiology Office Visit Costs
2024-08-23 11:57:01 - INFO - Validated dataset: Allergy/ Immunology Office Visit Costs
2024-08-23 11:57:01 - INFO - Validated dataset: Anesthesiology Office Visit Costs
2024-08-23 11:57:01 - INFO - Validated dataset: Cardiac Surgery Office Visit Costs
2024-08-23 11:57:01 - INFO - Validated dataset: Cardiology Office Visit Costs
2024-08-23 11:57:01 - INFO - Validated dataset: Certified Clinical Nurse Specialist Office Visit Costs
2024-08-23 11:57:01 - INFO - Validated dataset: Certified Nurse Midwife Office Visit Costs
2024-08-23 11:57:01 - INFO - Validated dataset: Certified Registered Nurse Anesthetist (CRNA) Office Visit Costs
2024-08-23 11:57:01 - INFO - Validated dataset: Clinic or Group Practice Office Visit Costs
2024-08-23 11:57:01 - INFO - Validated dataset: Clinical Cardiac Electrophysiology Office Visit Costs
2024-08-23 11:57:01 - INFO - Validated dataset: Clinical Laboratory Office Visit Costs
2024-08-23 11:57:01 - INFO - Validated dataset: Colorectal Surgery (Proctology) Office Visit Costs
2024-08-23 11:57:01 - INFO - Validated dataset: Critical Care (Intensivists) Office Visit Costs
2024-08-23 11:57:01 - INFO - Validated dataset: Dentist Office Visit Costs
2024-08-23 11:57:01 - INFO - Validated dataset: Dermatology Office Visit Costs
2024-08-23 11:57:01 - INFO - Validated dataset: Diagnostic Radiology Office Visit Costs
2024-08-23 11:57:01 - INFO - Validated dataset: Emergency Medicine Office Visit Costs
2024-08-23 11:57:01 - INFO - Validated dataset: Endocrinology Office Visit Costs
2024-08-23 11:57:01 - INFO - Validated dataset: Family Practice Office Visit Costs
2024-08-23 11:57:01 - INFO - Validated dataset: Gastroenterology Office Visit Costs
2024-08-23 11:57:01 - INFO - Validated dataset: General Practice Office Visit Costs
2024-08-23 11:57:01 - INFO - Validated dataset: General Surgery Office Visit Costs
2024-08-23 11:57:01 - INFO - Validated dataset: Geriatric Medicine Office Visit Costs
2024-08-23 11:57:01 - INFO - Validated dataset: Geriatric Psychiatry Office Visit Costs
2024-08-23 11:57:01 - INFO - Validated dataset: Gynecological Oncology Office Visit Costs
2024-08-23 11:57:01 - INFO - Validated dataset: Hand Surgery Office Visit Costs
2024-08-23 11:57:01 - INFO - Validated dataset: Hematology Office Visit Costs
2024-08-23 11:57:01 - INFO - Validated dataset: Hematology-Oncology Office Visit Costs
2024-08-23 11:57:01 - INFO - Validated dataset: Hematopoietic Cell Transplantation and Cellular Therapy Office Visit Costs
2024-08-23 11:57:01 - INFO - Validated dataset: Hospice and Palliative Care Office Visit Costs
2024-08-23 11:57:01 - INFO - Validated dataset: Hospitalist Office Visit Costs
2024-08-23 11:57:01 - INFO - Validated dataset: Infectious Disease Office Visit Costs
2024-08-23 11:57:01 - INFO - Validated dataset: Internal Medicine Office Visit Costs
2024-08-23 11:57:01 - INFO - Validated dataset: Interventional Cardiology Office Visit Costs
2024-08-23 11:57:01 - INFO - Validated dataset: Interventional Pain Management Office Visit Costs
2024-08-23 11:57:01 - INFO - Validated dataset: Interventional Radiology Office Visit Costs
2024-08-23 11:57:01 - INFO - Validated dataset: Maxillofacial Surgery Office Visit Costs
2024-08-23 11:57:01 - INFO - Validated dataset: Medical Oncology Office Visit Costs
2024-08-23 11:57:01 - INFO - Validated dataset: Medical Toxicology Office Visit Costs
2024-08-23 11:57:01 - INFO - Validated dataset: Nephrology Office Visit Costs
2024-08-23 11:57:01 - INFO - Validated dataset: Neurology Office Visit Costs
2024-08-23 11:57:01 - INFO - Validated dataset: Neuropsychiatry Office Visit Costs
2024-08-23 11:57:01 - INFO - Validated dataset: Neurosurgery Office Visit Costs
2024-08-23 11:57:01 - INFO - Validated dataset: Nuclear Medicine Office Visit Costs
2024-08-23 11:57:01 - INFO - Validated dataset: Nurse Practitioner Office Visit Costs
2024-08-23 11:57:01 - INFO - Validated dataset: Obstetrics & Gynecology Office Visit Costs
2024-08-23 11:57:01 - INFO - Validated dataset: Ophthalmology Office Visit Costs
2024-08-23 11:57:01 - INFO - Validated dataset: Optometry Office Visit Costs
2024-08-23 11:57:01 - INFO - Validated dataset: Oral Surgery (Dentist only) Office Visit Costs
2024-08-23 11:57:01 - INFO - Validated dataset: Orthopedic Surgery Office Visit Costs
2024-08-23 11:57:01 - INFO - Validated dataset: Osteopathic Manipulative Medicine Office Visit Costs
2024-08-23 11:57:01 - INFO - Validated dataset: Otolaryngology Office Visit Costs
2024-08-23 11:57:01 - INFO - Validated dataset: Pain Management Office Visit Costs
2024-08-23 11:57:01 - INFO - Validated dataset: Pathology Office Visit Costs
2024-08-23 11:57:01 - INFO - Validated dataset: Pediatric Medicine Office Visit Costs
2024-08-23 11:57:01 - INFO - Validated dataset: Peripheral Vascular Disease Office Visit Costs
2024-08-23 11:57:01 - INFO - Validated dataset: Physical Medicine and Rehabilitation Office Visit Costs
2024-08-23 11:57:01 - INFO - Validated dataset: Physical Therapist in Private Practice Office Visit Costs
2024-08-23 11:57:01 - INFO - Validated dataset: Physician Assistant Office Visit Costs
2024-08-23 11:57:01 - INFO - Validated dataset: Plastic and Reconstructive Surgery Office Visit Costs
2024-08-23 11:57:01 - INFO - Validated dataset: Podiatry Office Visit Costs
2024-08-23 11:57:01 - INFO - Validated dataset: Preventive Medicine Office Visit Costs
2024-08-23 11:57:01 - INFO - Validated dataset: Psychiatry Office Visit Costs
2024-08-23 11:57:01 - INFO - Validated dataset: Psychologist, Clinical Office Visit Costs
2024-08-23 11:57:01 - INFO - Validated dataset: Public Health or Welfare Agency Office Visit Costs
2024-08-23 11:57:01 - INFO - Validated dataset: Pulmonary Disease Office Visit Costs
2024-08-23 11:57:01 - INFO - Validated dataset: Radiation Oncology Office Visit Costs
2024-08-23 11:57:01 - INFO - Validated dataset: Registered Dietitian or Nutrition Professional Office Visit Costs
2024-08-23 11:57:01 - INFO - Validated dataset: Rheumatology Office Visit Costs
2024-08-23 11:57:01 - INFO - Validated dataset: Sleep Medicine Office Visit Costs
2024-08-23 11:57:01 - INFO - Validated dataset: Sports Medicine Office Visit Costs
2024-08-23 11:57:01 - INFO - Validated dataset: Surgical Oncology Office Visit Costs
2024-08-23 11:57:01 - INFO - Validated dataset: Thoracic Surgery Office Visit Costs
2024-08-23 11:57:01 - INFO - Validated dataset: Undefined Physician type Office Visit Costs
2024-08-23 11:57:01 - INFO - Validated dataset: Undersea and Hyperbaric Medicine Office Visit Costs
2024-08-23 11:57:01 - INFO - Validated dataset: Urology Office Visit Costs
2024-08-23 11:57:01 - INFO - Validated dataset: Vascular Surgery Office Visit Costs
2024-08-23 11:57:01 - INFO - Validated dataset: PY 2022 Virtual Group Public Reporting: MIPS Measures and Attestations
2024-08-23 11:57:01 - INFO - Validated dataset: COVID-19 Vaccination Rates - Provider Data
2024-08-23 11:57:01 - INFO - Validated dataset: COVID-19 Vaccination Rates - State and National Averages
2024-08-23 11:57:01 - INFO - Validated dataset: Hospice care - State CAHPS Hospice Survey Data
2024-08-23 11:57:01 - INFO - Validated dataset: Hospice - State Data
2024-08-23 11:57:01 - INFO - Validated dataset: Licensed Clinical Social Worker Office Visit Costs
2024-08-23 11:57:01 - INFO - Validated dataset: Medical Genetics and Genomics Office Visit Costs
2024-08-23 11:57:01 - INFO - Validated dataset: Home Health Care - State by State Data
2024-08-23 11:57:01 - INFO - Validated dataset: Home Health Care - Measure Date Range
2024-08-23 11:57:01 - INFO - Validated dataset: Payment - State
2024-08-23 11:57:01 - INFO - Validated dataset: Maternal Health - Hospital
2024-08-23 11:57:01 - INFO - Validated dataset: Maternal Health - National
2024-08-23 11:57:01 - INFO - Validated dataset: Maternal Health - State
2024-08-23 11:57:01 - INFO - Validated dataset: Medical Equipment Suppliers
2024-08-23 11:57:01 - INFO - Validated dataset: Inpatient Rehabilitation Facility - National Data
2024-08-23 11:57:01 - INFO - Validated dataset: Long-Term Care Hospital - National Data
2024-08-23 11:57:01 - INFO - Validated dataset: Skilled Nursing Facility Quality Reporting Program - National Data
2024-08-23 11:57:01 - INFO - Validated dataset: Patient survey (ICH CAHPS) - State
2024-08-23 11:57:01 - INFO - Validated dataset: Hospice-National Data
2024-08-23 11:57:01 - INFO - Validated dataset: Facility Affiliation Data
2024-08-23 11:57:01 - INFO - Validated dataset: Utilization Data
2024-08-23 11:57:01 - INFO - Validated dataset: ESRD QIP - Clinical Depression Screening and Follow-up - Payment Year 2024
2024-08-23 11:57:01 - INFO - Validated dataset: ESRD QIP - Complete QIP Data - Payment Year 2024
2024-08-23 11:57:01 - INFO - Validated dataset: ESRD QIP - Dialysis Adequacy - Payment Year 2024
2024-08-23 11:57:01 - INFO - Validated dataset: ESRD QIP - Footnotes - Payment Year 2024
2024-08-23 11:57:01 - INFO - Validated dataset: ESRD QIP - Hypercalcemia - Payment Year 2024
2024-08-23 11:57:01 - INFO - Validated dataset: ESRD QIP - NHSN Dialysis Event Measure - Payment Year 2024
2024-08-23 11:57:01 - INFO - Validated dataset: ESRD QIP - NHSN Bloodstream Infection - Payment Year 2024
2024-08-23 11:57:01 - INFO - Validated dataset: ESRD QIP - Standardized Readmission Ratio - Payment Year 2024
2024-08-23 11:57:01 - INFO - Validated dataset: ESRD QIP - Standardized Transfusion Ratio - Payment Year 2024
2024-08-23 11:57:01 - INFO - Validated dataset: ESRD QIP - Total Performance Scores - Payment Year 2024
2024-08-23 11:57:01 - INFO - Validated dataset: ESRD QIP - Vascular Access Topic - Payment Year 2024
2024-08-23 11:57:01 - INFO - Validated dataset: ESRD QIP - Ultrafiltration Rate - Payment Year 2024
2024-08-23 11:57:01 - INFO - Validated dataset: ESRD QIP - Standardized Hospitalization Ratio - Payment Year 2024
2024-08-23 11:57:01 - INFO - Validated dataset: ESRD QIP - Medication Reconciliation - Payment Year 2024
2024-08-23 11:57:01 - INFO - Validated dataset: ESRD QIP - Percentage of Prevalent Patients Waitlisted - Payment Year 2024
2024-08-23 11:57:01 - INFO - Validated dataset: Patient-Reported Outcomes - Hospital
2024-08-23 11:57:01 - INFO - Validated dataset: Palliative Care - PPS-Exempt Cancer Hospital - Hospital
2024-08-23 11:57:01 - INFO - Validated dataset: Palliative Care - PPS-Exempt Cancer Hospital - National
2024-08-23 11:57:01 - INFO - Validated dataset: Audiologist Office Visit Costs
2024-08-23 11:57:01 - INFO - Validated dataset: Mass Immunizer Roster Biller Office Visit Costs
2024-08-23 11:57:01 - INFO - Validated dataset: Micrographic Dermatologic Surgery Office Visit Costs
2024-08-23 11:57:01 - INFO - Validated dataset: Opioid Treatment Program Office Visit Costs
2024-08-23 11:57:01 - INFO - Validated dataset: Pharmacy Office Visit Costs
2024-08-23 11:57:01 - INFO - ✅ Finished fetching datasets.
2024-08-23 11:57:01 - INFO - Completed CMS data download and processing.
2024-08-23 12:04:42 - INFO - Starting CMS data download and processing...
2024-08-23 12:04:42 - ERROR - Failed to download datasets
Traceback (most recent call last):
  File "C:\Users\edmun\Projects\Repositories\healthpartners-interview\src\healthpartners_interview\download.py", line 38, in download_datasets
    with Profiler() as profiler:
        # Call the fetch_datasets function
        datasets = fetch_datasets()
  File "C:\Users\edmun\AppData\Local\Programs\Python\Python313\Lib\site-packages\pyinstrument\profiler.py", line 236, in __enter__
    self.start(caller_frame=inspect.currentframe().f_back)  # type: ignore
    ~~~~~~~~~~^^^^^^^^^^^^^^^^^^^^^^^^^^^^^^^^^^^^^^^^^^^^
  File "C:\Users\edmun\AppData\Local\Programs\Python\Python313\Lib\site-packages\pyinstrument\profiler.py", line 155, in start
    get_stack_sampler().subscribe(
    ~~~~~~~~~~~~~~~~~~~~~~~~~~~~~^
        self._sampler_saw_call_stack,
        ^^^^^^^^^^^^^^^^^^^^^^^^^^^^^
    ...<2 lines>...
        use_timing_thread=self.use_timing_thread,
        ^^^^^^^^^^^^^^^^^^^^^^^^^^^^^^^^^^^^^^^^^
    )
    ^
  File "C:\Users\edmun\AppData\Local\Programs\Python\Python313\Lib\site-packages\pyinstrument\stack_sampler.py", line 80, in subscribe
    raise RuntimeError(
        "There is already a profiler running. You cannot run multiple profilers in the same thread or async context, unless you disable async support."
    )
RuntimeError: There is already a profiler running. You cannot run multiple profilers in the same thread or async context, unless you disable async support.
2024-08-23 12:04:42 - INFO - Completed CMS data download and processing.
2024-08-23 12:04:49 - INFO - Starting CMS data download and processing...
2024-08-23 12:04:49 - ERROR - Failed to download datasets
Traceback (most recent call last):
  File "C:\Users\edmun\Projects\Repositories\healthpartners-interview\src\healthpartners_interview\download.py", line 38, in download_datasets
    with Profiler() as profiler:
        # Call the fetch_datasets function
        datasets = fetch_datasets()
  File "C:\Users\edmun\AppData\Local\Programs\Python\Python313\Lib\site-packages\pyinstrument\profiler.py", line 236, in __enter__
    self.start(caller_frame=inspect.currentframe().f_back)  # type: ignore
    ~~~~~~~~~~^^^^^^^^^^^^^^^^^^^^^^^^^^^^^^^^^^^^^^^^^^^^
  File "C:\Users\edmun\AppData\Local\Programs\Python\Python313\Lib\site-packages\pyinstrument\profiler.py", line 155, in start
    get_stack_sampler().subscribe(
    ~~~~~~~~~~~~~~~~~~~~~~~~~~~~~^
        self._sampler_saw_call_stack,
        ^^^^^^^^^^^^^^^^^^^^^^^^^^^^^
    ...<2 lines>...
        use_timing_thread=self.use_timing_thread,
        ^^^^^^^^^^^^^^^^^^^^^^^^^^^^^^^^^^^^^^^^^
    )
    ^
  File "C:\Users\edmun\AppData\Local\Programs\Python\Python313\Lib\site-packages\pyinstrument\stack_sampler.py", line 80, in subscribe
    raise RuntimeError(
        "There is already a profiler running. You cannot run multiple profilers in the same thread or async context, unless you disable async support."
    )
RuntimeError: There is already a profiler running. You cannot run multiple profilers in the same thread or async context, unless you disable async support.
2024-08-23 12:04:49 - INFO - Completed CMS data download and processing.
2024-08-23 12:05:05 - INFO - Starting CMS data download and processing...
2024-08-23 12:05:05 - INFO - 🏗️ Fetching datasets...
2024-08-23 12:05:05 - DEBUG - Starting new HTTPS connection (1): data.cms.gov:443
2024-08-23 12:05:07 - DEBUG - https://data.cms.gov:443 "GET /provider-data/api/1/metastore/schemas/dataset/items HTTP/11" 200 30377
2024-08-23 12:05:07 - INFO - Validated dataset: Dialysis Facility - Listing by Facility
2024-08-23 12:05:07 - INFO - Validated dataset: Dialysis Facility - State Averages
2024-08-23 12:05:07 - INFO - Validated dataset: Dialysis Facility - National Averages
2024-08-23 12:05:07 - INFO - Validated dataset: Patient survey (ICH CAHPS) - Facility
2024-08-23 12:05:07 - INFO - Validated dataset: Patient survey (ICH CAHPS) - National
2024-08-23 12:05:07 - INFO - Validated dataset: Home Health Care - Zip Codes
2024-08-23 12:05:07 - INFO - Validated dataset: Home Health Care Agencies
2024-08-23 12:05:07 - INFO - Validated dataset: Home Health Care - National Data
2024-08-23 12:05:07 - INFO - Validated dataset: Hospice - Zip Data
2024-08-23 12:05:07 - INFO - Validated dataset: Hospice - General Information
2024-08-23 12:05:07 - INFO - Validated dataset: Hospice - Provider Data
2024-08-23 12:05:07 - INFO - Validated dataset: Hospice care - Provider CAHPS Hospice Survey Data
2024-08-23 12:05:07 - INFO - Validated dataset: Hospice care - National CAHPS Hospice Survey Data
2024-08-23 12:05:07 - INFO - Validated dataset: Outpatient and Ambulatory Surgery Consumer Assessment of Healthcare Providers and Systems (OAS CAHPS) survey for ambulatory surgical centers - Facility
2024-08-23 12:05:07 - INFO - Validated dataset: Ambulatory Surgical Center Quality Measures - Facility
2024-08-23 12:05:07 - INFO - Validated dataset: Ambulatory Surgical Center Quality Measures - National
2024-08-23 12:05:07 - INFO - Validated dataset: Outpatient and Ambulatory Surgery Consumer Assessment of Healthcare Providers and Systems (OAS CAHPS) survey for ambulatory surgical centers - National
2024-08-23 12:05:07 - INFO - Validated dataset: Ambulatory Surgical Center Quality Measures - State
2024-08-23 12:05:07 - INFO - Validated dataset: Outpatient and Ambulatory Surgery Consumer Assessment of Healthcare Providers and Systems (OAS CAHPS) survey for ambulatory surgical centers - State
2024-08-23 12:05:07 - INFO - Validated dataset: Comprehensive Care For Joint Replacement Model - Provider Data
2024-08-23 12:05:07 - INFO - Validated dataset: CMS Medicare PSI-90 and component measures - six-digit estimate dataset
2024-08-23 12:05:07 - INFO - Validated dataset: Complications and Deaths - Hospital
2024-08-23 12:05:07 - INFO - Validated dataset: Complications and Deaths - National
2024-08-23 12:05:07 - INFO - Validated dataset: Complications and Deaths - State
2024-08-23 12:05:07 - INFO - Validated dataset: Footnote Crosswalk
2024-08-23 12:05:07 - INFO - Validated dataset: Outpatient and Ambulatory Surgery Consumer Assessment of Healthcare Providers and Systems (OAS CAHPS) survey - Footnotes
2024-08-23 12:05:07 - INFO - Validated dataset: Table 2: FY2021 Distribution of Net Change in Base Operating DRG Payment Amount
2024-08-23 12:05:07 - INFO - Validated dataset: Table 1: FY2021 Net Change in Base Operating DRG Payment Amount
2024-08-23 12:05:07 - INFO - Validated dataset: Table 3: FY2021 Percent Change in Medicare Payments
2024-08-23 12:05:07 - INFO - Validated dataset: Table 4: FY2021 Value-Based Incentive Payment Amount
2024-08-23 12:05:07 - INFO - Validated dataset: Patient survey (HCAHPS) - Hospital
2024-08-23 12:05:07 - INFO - Validated dataset: Patient survey (HCAHPS) - National
2024-08-23 12:05:07 - INFO - Validated dataset: Patient survey (HCAHPS) - State
2024-08-23 12:05:07 - INFO - Validated dataset: Healthcare Associated Infections - Hospital
2024-08-23 12:05:07 - INFO - Validated dataset: Healthcare Associated Infections - National
2024-08-23 12:05:07 - INFO - Validated dataset: Healthcare Associated Infections - State
2024-08-23 12:05:07 - INFO - Validated dataset: Outpatient and Ambulatory Surgery Consumer Assessment of Healthcare Providers and Systems (OAS CAHPS) survey for hospital outpatient departments - Facility
2024-08-23 12:05:07 - INFO - Validated dataset: Outpatient and Ambulatory Surgery Consumer Assessment of Healthcare Providers and Systems (OAS CAHPS) survey for hospital outpatient departments - National
2024-08-23 12:05:07 - INFO - Validated dataset: Outpatient and Ambulatory Surgery Consumer Assessment of Healthcare Providers and Systems (OAS CAHPS) survey for hospital outpatient departments - State
2024-08-23 12:05:07 - INFO - Validated dataset: Hospital General Information
2024-08-23 12:05:07 - INFO - Validated dataset: Complications and Unplanned Hospital Visits - PPS-Exempt Cancer Hospital - Hospital
2024-08-23 12:05:07 - INFO - Validated dataset: Complications and Unplanned Hospital Visits - PPS-Exempt Cancer Hospital - National
2024-08-23 12:05:07 - INFO - Validated dataset: Hospital-Acquired Condition (HAC) Reduction Program
2024-08-23 12:05:07 - INFO - Validated dataset: Medicare Spending Per Beneficiary - Hospital Additional Decimal Places
2024-08-23 12:05:07 - INFO - Validated dataset: Safety and Healthcare-Associated Infection Measures - PPS-Exempt Cancer Hospital
2024-08-23 12:05:07 - INFO - Validated dataset: Patient Survey (PCH - HCAHPS) PPS-Exempt Cancer Hospital - Hospital
2024-08-23 12:05:07 - INFO - Validated dataset: Patient Survey (PCH - HCAHPS) PPS-Exempt Cancer Hospital - National
2024-08-23 12:05:07 - INFO - Validated dataset: Patient Survey (PCH - HCAHPS) PPS-Exempt Cancer Hospital - State
2024-08-23 12:05:07 - INFO - Validated dataset: Hospital Readmissions Reduction Program
2024-08-23 12:05:07 - INFO - Validated dataset: Hospital Value-Based Purchasing (HVBP) - Clinical Outcomes Domain Scores
2024-08-23 12:05:07 - INFO - Validated dataset: Hospital Value-Based Purchasing (HVBP) - Efficiency Scores
2024-08-23 12:05:07 - INFO - Validated dataset: Hospital Value-Based Purchasing (HVBP) - Person and Community Engagement Domain Scores (HCAHPS)
2024-08-23 12:05:07 - INFO - Validated dataset: Hospital Value-Based Purchasing (HVBP) - Safety
2024-08-23 12:05:07 - INFO - Validated dataset: Hospital Value-Based Purchasing (HVBP) - Total Performance Score
2024-08-23 12:05:07 - INFO - Validated dataset: Inpatient Psychiatric Facility Quality Measure Data - by Facility
2024-08-23 12:05:07 - INFO - Validated dataset: Inpatient Psychiatric Facility Quality Measure Data - National
2024-08-23 12:05:07 - INFO - Validated dataset: Inpatient Psychiatric Facility Quality Measure Data - by State
2024-08-23 12:05:07 - INFO - Validated dataset: Measure Dates
2024-08-23 12:05:07 - INFO - Validated dataset: Medicare Hospital Spending by Claim
2024-08-23 12:05:07 - INFO - Validated dataset: Medicare Spending Per Beneficiary - Hospital
2024-08-23 12:05:07 - INFO - Validated dataset: Medicare Spending Per Beneficiary - National
2024-08-23 12:05:07 - INFO - Validated dataset: Medicare Spending Per Beneficiary - State
2024-08-23 12:05:07 - INFO - Validated dataset: Outpatient Imaging Efficiency - Hospital
2024-08-23 12:05:07 - INFO - Validated dataset: Outpatient Imaging Efficiency - National
2024-08-23 12:05:07 - INFO - Validated dataset: Outpatient Imaging Efficiency - State
2024-08-23 12:05:07 - INFO - Validated dataset: Payment - National
2024-08-23 12:05:07 - INFO - Validated dataset: Payment and value of care - Hospital
2024-08-23 12:05:07 - INFO - Validated dataset: Timely and Effective Care - Hospital
2024-08-23 12:05:07 - INFO - Validated dataset: Timely and Effective Care - National
2024-08-23 12:05:07 - INFO - Validated dataset: Timely and Effective Care - State
2024-08-23 12:05:07 - INFO - Validated dataset: Unplanned Hospital Visits - Hospital
2024-08-23 12:05:07 - INFO - Validated dataset: Unplanned Hospital Visits - National
2024-08-23 12:05:07 - INFO - Validated dataset: Unplanned Hospital Visits - State
2024-08-23 12:05:07 - INFO - Validated dataset: Veterans Health Administration Behavioral Health Data
2024-08-23 12:05:07 - INFO - Validated dataset: Veterans Health Administration Timely and Effective Care Data
2024-08-23 12:05:07 - INFO - Validated dataset: Value of care - National
2024-08-23 12:05:07 - INFO - Validated dataset: Veterans Health Administration Provider Level Data
2024-08-23 12:05:07 - INFO - Validated dataset: Data Updates
2024-08-23 12:05:07 - INFO - Validated dataset: Inpatient Rehabilitation Facility - General Information
2024-08-23 12:05:07 - INFO - Validated dataset: Inpatient Rehabilitation Facility - Provider Data
2024-08-23 12:05:07 - INFO - Validated dataset: Inpatient Rehabilitation Facility - Conditions
2024-08-23 12:05:07 - INFO - Validated dataset: Long-Term Care Hospital - General Information
2024-08-23 12:05:07 - INFO - Validated dataset: Long-Term Care Hospital - Provider Data
2024-08-23 12:05:07 - INFO - Validated dataset: Fire Safety Deficiencies
2024-08-23 12:05:07 - INFO - Validated dataset: Health Deficiencies
2024-08-23 12:05:07 - INFO - Validated dataset: MDS Quality Measures
2024-08-23 12:05:07 - INFO - Validated dataset: Medicare Claims Quality Measures
2024-08-23 12:05:07 - INFO - Validated dataset: Ownership
2024-08-23 12:05:07 - INFO - Validated dataset: Penalties
2024-08-23 12:05:07 - INFO - Validated dataset: Provider Information
2024-08-23 12:05:07 - INFO - Validated dataset: Skilled Nursing Facility Quality Reporting Program - Provider Data
2024-08-23 12:05:07 - INFO - Validated dataset: Skilled Nursing Facility Quality Reporting Program - Swing Beds - Provider Data
2024-08-23 12:05:07 - INFO - Validated dataset: State US Averages
2024-08-23 12:05:07 - INFO - Validated dataset: Survey Summary
2024-08-23 12:05:07 - INFO - Validated dataset: FY 2024 SNF VBP Facility-Level Dataset
2024-08-23 12:05:07 - INFO - Validated dataset: FY 2024 SNF VBP Aggregate Performance
2024-08-23 12:05:07 - INFO - Validated dataset: Nursing Home Data Collection Intervals
2024-08-23 12:05:07 - INFO - Validated dataset: Citation Code Look-up
2024-08-23 12:05:07 - INFO - Validated dataset: National Downloadable File
2024-08-23 12:05:07 - INFO - Validated dataset: PY 2022 Group Public Reporting: MIPS Measures and Attestations
2024-08-23 12:05:07 - INFO - Validated dataset: PY 2022 Group Public Reporting: Patient Experience
2024-08-23 12:05:07 - INFO - Validated dataset: PY 2022 Clinician Public Reporting: MIPS Measures and Attestations
2024-08-23 12:05:07 - INFO - Validated dataset: PY 2022 Clinician Public Reporting: Overall MIPS Performance
2024-08-23 12:05:07 - INFO - Validated dataset: Inspection Dates
2024-08-23 12:05:07 - INFO - Validated dataset: State-Level Health Inspection Cut Points
2024-08-23 12:05:07 - INFO - Validated dataset: Home Health Care - Patient Survey (HHCAHPS) 2023Q1 to 2023Q4
2024-08-23 12:05:07 - INFO - Validated dataset: Home Health Care - Patient Survey (HHCAHPS) National Data 2023Q1 to 2023Q4
2024-08-23 12:05:07 - INFO - Validated dataset: Home Health Care - Patient Survey (HHCAHPS) State Data 2023Q1 to 2023Q4
2024-08-23 12:05:07 - INFO - Validated dataset: Home Health Care - Patient Survey (HHCAHPS) Measure Dates 2023Q1 to 2023Q4
2024-08-23 12:05:07 - INFO - Validated dataset: Addiction Medicine Office Visit Costs
2024-08-23 12:05:07 - INFO - Validated dataset: Advanced Heart Failure and Transplant Cardiology Office Visit Costs
2024-08-23 12:05:07 - INFO - Validated dataset: Allergy/ Immunology Office Visit Costs
2024-08-23 12:05:07 - INFO - Validated dataset: Anesthesiology Office Visit Costs
2024-08-23 12:05:07 - INFO - Validated dataset: Cardiac Surgery Office Visit Costs
2024-08-23 12:05:07 - INFO - Validated dataset: Cardiology Office Visit Costs
2024-08-23 12:05:07 - INFO - Validated dataset: Certified Clinical Nurse Specialist Office Visit Costs
2024-08-23 12:05:07 - INFO - Validated dataset: Certified Nurse Midwife Office Visit Costs
2024-08-23 12:05:07 - INFO - Validated dataset: Certified Registered Nurse Anesthetist (CRNA) Office Visit Costs
2024-08-23 12:05:07 - INFO - Validated dataset: Clinic or Group Practice Office Visit Costs
2024-08-23 12:05:07 - INFO - Validated dataset: Clinical Cardiac Electrophysiology Office Visit Costs
2024-08-23 12:05:07 - INFO - Validated dataset: Clinical Laboratory Office Visit Costs
2024-08-23 12:05:07 - INFO - Validated dataset: Colorectal Surgery (Proctology) Office Visit Costs
2024-08-23 12:05:07 - INFO - Validated dataset: Critical Care (Intensivists) Office Visit Costs
2024-08-23 12:05:07 - INFO - Validated dataset: Dentist Office Visit Costs
2024-08-23 12:05:07 - INFO - Validated dataset: Dermatology Office Visit Costs
2024-08-23 12:05:07 - INFO - Validated dataset: Diagnostic Radiology Office Visit Costs
2024-08-23 12:05:07 - INFO - Validated dataset: Emergency Medicine Office Visit Costs
2024-08-23 12:05:07 - INFO - Validated dataset: Endocrinology Office Visit Costs
2024-08-23 12:05:07 - INFO - Validated dataset: Family Practice Office Visit Costs
2024-08-23 12:05:07 - INFO - Validated dataset: Gastroenterology Office Visit Costs
2024-08-23 12:05:07 - INFO - Validated dataset: General Practice Office Visit Costs
2024-08-23 12:05:07 - INFO - Validated dataset: General Surgery Office Visit Costs
2024-08-23 12:05:07 - INFO - Validated dataset: Geriatric Medicine Office Visit Costs
2024-08-23 12:05:07 - INFO - Validated dataset: Geriatric Psychiatry Office Visit Costs
2024-08-23 12:05:07 - INFO - Validated dataset: Gynecological Oncology Office Visit Costs
2024-08-23 12:05:07 - INFO - Validated dataset: Hand Surgery Office Visit Costs
2024-08-23 12:05:07 - INFO - Validated dataset: Hematology Office Visit Costs
2024-08-23 12:05:07 - INFO - Validated dataset: Hematology-Oncology Office Visit Costs
2024-08-23 12:05:07 - INFO - Validated dataset: Hematopoietic Cell Transplantation and Cellular Therapy Office Visit Costs
2024-08-23 12:05:07 - INFO - Validated dataset: Hospice and Palliative Care Office Visit Costs
2024-08-23 12:05:07 - INFO - Validated dataset: Hospitalist Office Visit Costs
2024-08-23 12:05:07 - INFO - Validated dataset: Infectious Disease Office Visit Costs
2024-08-23 12:05:07 - INFO - Validated dataset: Internal Medicine Office Visit Costs
2024-08-23 12:05:07 - INFO - Validated dataset: Interventional Cardiology Office Visit Costs
2024-08-23 12:05:07 - INFO - Validated dataset: Interventional Pain Management Office Visit Costs
2024-08-23 12:05:07 - INFO - Validated dataset: Interventional Radiology Office Visit Costs
2024-08-23 12:05:07 - INFO - Validated dataset: Maxillofacial Surgery Office Visit Costs
2024-08-23 12:05:07 - INFO - Validated dataset: Medical Oncology Office Visit Costs
2024-08-23 12:05:07 - INFO - Validated dataset: Medical Toxicology Office Visit Costs
2024-08-23 12:05:07 - INFO - Validated dataset: Nephrology Office Visit Costs
2024-08-23 12:05:07 - INFO - Validated dataset: Neurology Office Visit Costs
2024-08-23 12:05:07 - INFO - Validated dataset: Neuropsychiatry Office Visit Costs
2024-08-23 12:05:07 - INFO - Validated dataset: Neurosurgery Office Visit Costs
2024-08-23 12:05:07 - INFO - Validated dataset: Nuclear Medicine Office Visit Costs
2024-08-23 12:05:07 - INFO - Validated dataset: Nurse Practitioner Office Visit Costs
2024-08-23 12:05:07 - INFO - Validated dataset: Obstetrics & Gynecology Office Visit Costs
2024-08-23 12:05:07 - INFO - Validated dataset: Ophthalmology Office Visit Costs
2024-08-23 12:05:07 - INFO - Validated dataset: Optometry Office Visit Costs
2024-08-23 12:05:07 - INFO - Validated dataset: Oral Surgery (Dentist only) Office Visit Costs
2024-08-23 12:05:07 - INFO - Validated dataset: Orthopedic Surgery Office Visit Costs
2024-08-23 12:05:07 - INFO - Validated dataset: Osteopathic Manipulative Medicine Office Visit Costs
2024-08-23 12:05:07 - INFO - Validated dataset: Otolaryngology Office Visit Costs
2024-08-23 12:05:07 - INFO - Validated dataset: Pain Management Office Visit Costs
2024-08-23 12:05:07 - INFO - Validated dataset: Pathology Office Visit Costs
2024-08-23 12:05:07 - INFO - Validated dataset: Pediatric Medicine Office Visit Costs
2024-08-23 12:05:07 - INFO - Validated dataset: Peripheral Vascular Disease Office Visit Costs
2024-08-23 12:05:07 - INFO - Validated dataset: Physical Medicine and Rehabilitation Office Visit Costs
2024-08-23 12:05:07 - INFO - Validated dataset: Physical Therapist in Private Practice Office Visit Costs
2024-08-23 12:05:07 - INFO - Validated dataset: Physician Assistant Office Visit Costs
2024-08-23 12:05:07 - INFO - Validated dataset: Plastic and Reconstructive Surgery Office Visit Costs
2024-08-23 12:05:07 - INFO - Validated dataset: Podiatry Office Visit Costs
2024-08-23 12:05:07 - INFO - Validated dataset: Preventive Medicine Office Visit Costs
2024-08-23 12:05:07 - INFO - Validated dataset: Psychiatry Office Visit Costs
2024-08-23 12:05:07 - INFO - Validated dataset: Psychologist, Clinical Office Visit Costs
2024-08-23 12:05:07 - INFO - Validated dataset: Public Health or Welfare Agency Office Visit Costs
2024-08-23 12:05:07 - INFO - Validated dataset: Pulmonary Disease Office Visit Costs
2024-08-23 12:05:07 - INFO - Validated dataset: Radiation Oncology Office Visit Costs
2024-08-23 12:05:07 - INFO - Validated dataset: Registered Dietitian or Nutrition Professional Office Visit Costs
2024-08-23 12:05:07 - INFO - Validated dataset: Rheumatology Office Visit Costs
2024-08-23 12:05:07 - INFO - Validated dataset: Sleep Medicine Office Visit Costs
2024-08-23 12:05:07 - INFO - Validated dataset: Sports Medicine Office Visit Costs
2024-08-23 12:05:07 - INFO - Validated dataset: Surgical Oncology Office Visit Costs
2024-08-23 12:05:07 - INFO - Validated dataset: Thoracic Surgery Office Visit Costs
2024-08-23 12:05:07 - INFO - Validated dataset: Undefined Physician type Office Visit Costs
2024-08-23 12:05:07 - INFO - Validated dataset: Undersea and Hyperbaric Medicine Office Visit Costs
2024-08-23 12:05:07 - INFO - Validated dataset: Urology Office Visit Costs
2024-08-23 12:05:07 - INFO - Validated dataset: Vascular Surgery Office Visit Costs
2024-08-23 12:05:07 - INFO - Validated dataset: PY 2022 Virtual Group Public Reporting: MIPS Measures and Attestations
2024-08-23 12:05:07 - INFO - Validated dataset: COVID-19 Vaccination Rates - Provider Data
2024-08-23 12:05:07 - INFO - Validated dataset: COVID-19 Vaccination Rates - State and National Averages
2024-08-23 12:05:07 - INFO - Validated dataset: Hospice care - State CAHPS Hospice Survey Data
2024-08-23 12:05:07 - INFO - Validated dataset: Hospice - State Data
2024-08-23 12:05:07 - INFO - Validated dataset: Licensed Clinical Social Worker Office Visit Costs
2024-08-23 12:05:07 - INFO - Validated dataset: Medical Genetics and Genomics Office Visit Costs
2024-08-23 12:05:07 - INFO - Validated dataset: Home Health Care - State by State Data
2024-08-23 12:05:07 - INFO - Validated dataset: Home Health Care - Measure Date Range
2024-08-23 12:05:07 - INFO - Validated dataset: Payment - State
2024-08-23 12:05:07 - INFO - Validated dataset: Maternal Health - Hospital
2024-08-23 12:05:07 - INFO - Validated dataset: Maternal Health - National
2024-08-23 12:05:07 - INFO - Validated dataset: Maternal Health - State
2024-08-23 12:05:07 - INFO - Validated dataset: Medical Equipment Suppliers
2024-08-23 12:05:07 - INFO - Validated dataset: Inpatient Rehabilitation Facility - National Data
2024-08-23 12:05:07 - INFO - Validated dataset: Long-Term Care Hospital - National Data
2024-08-23 12:05:07 - INFO - Validated dataset: Skilled Nursing Facility Quality Reporting Program - National Data
2024-08-23 12:05:07 - INFO - Validated dataset: Patient survey (ICH CAHPS) - State
2024-08-23 12:05:07 - INFO - Validated dataset: Hospice-National Data
2024-08-23 12:05:07 - INFO - Validated dataset: Facility Affiliation Data
2024-08-23 12:05:07 - INFO - Validated dataset: Utilization Data
2024-08-23 12:05:07 - INFO - Validated dataset: ESRD QIP - Clinical Depression Screening and Follow-up - Payment Year 2024
2024-08-23 12:05:07 - INFO - Validated dataset: ESRD QIP - Complete QIP Data - Payment Year 2024
2024-08-23 12:05:07 - INFO - Validated dataset: ESRD QIP - Dialysis Adequacy - Payment Year 2024
2024-08-23 12:05:07 - INFO - Validated dataset: ESRD QIP - Footnotes - Payment Year 2024
2024-08-23 12:05:07 - INFO - Validated dataset: ESRD QIP - Hypercalcemia - Payment Year 2024
2024-08-23 12:05:07 - INFO - Validated dataset: ESRD QIP - NHSN Dialysis Event Measure - Payment Year 2024
2024-08-23 12:05:07 - INFO - Validated dataset: ESRD QIP - NHSN Bloodstream Infection - Payment Year 2024
2024-08-23 12:05:07 - INFO - Validated dataset: ESRD QIP - Standardized Readmission Ratio - Payment Year 2024
2024-08-23 12:05:07 - INFO - Validated dataset: ESRD QIP - Standardized Transfusion Ratio - Payment Year 2024
2024-08-23 12:05:07 - INFO - Validated dataset: ESRD QIP - Total Performance Scores - Payment Year 2024
2024-08-23 12:05:07 - INFO - Validated dataset: ESRD QIP - Vascular Access Topic - Payment Year 2024
2024-08-23 12:05:07 - INFO - Validated dataset: ESRD QIP - Ultrafiltration Rate - Payment Year 2024
2024-08-23 12:05:07 - INFO - Validated dataset: ESRD QIP - Standardized Hospitalization Ratio - Payment Year 2024
2024-08-23 12:05:07 - INFO - Validated dataset: ESRD QIP - Medication Reconciliation - Payment Year 2024
2024-08-23 12:05:07 - INFO - Validated dataset: ESRD QIP - Percentage of Prevalent Patients Waitlisted - Payment Year 2024
2024-08-23 12:05:07 - INFO - Validated dataset: Patient-Reported Outcomes - Hospital
2024-08-23 12:05:07 - INFO - Validated dataset: Palliative Care - PPS-Exempt Cancer Hospital - Hospital
2024-08-23 12:05:07 - INFO - Validated dataset: Palliative Care - PPS-Exempt Cancer Hospital - National
2024-08-23 12:05:07 - INFO - Validated dataset: Audiologist Office Visit Costs
2024-08-23 12:05:07 - INFO - Validated dataset: Mass Immunizer Roster Biller Office Visit Costs
2024-08-23 12:05:07 - INFO - Validated dataset: Micrographic Dermatologic Surgery Office Visit Costs
2024-08-23 12:05:07 - INFO - Validated dataset: Opioid Treatment Program Office Visit Costs
2024-08-23 12:05:07 - INFO - Validated dataset: Pharmacy Office Visit Costs
2024-08-23 12:05:07 - INFO - ✅ Finished fetching datasets.
2024-08-23 12:05:07 - INFO - Completed CMS data download and processing.
2024-08-23 12:12:01 - INFO - Starting CMS data download and processing...
2024-08-23 12:12:01 - INFO - 🏗️ Fetching datasets...
2024-08-23 12:12:01 - DEBUG - Starting new HTTPS connection (1): data.cms.gov:443
2024-08-23 12:12:02 - DEBUG - https://data.cms.gov:443 "GET /provider-data/api/1/metastore/schemas/dataset/items HTTP/11" 200 30377
2024-08-23 12:12:02 - INFO - Validated dataset: Dialysis Facility - Listing by Facility
2024-08-23 12:12:02 - INFO - Validated dataset: Dialysis Facility - State Averages
2024-08-23 12:12:02 - INFO - Validated dataset: Dialysis Facility - National Averages
2024-08-23 12:12:02 - INFO - Validated dataset: Patient survey (ICH CAHPS) - Facility
2024-08-23 12:12:02 - INFO - Validated dataset: Patient survey (ICH CAHPS) - National
2024-08-23 12:12:02 - INFO - Validated dataset: Home Health Care - Zip Codes
2024-08-23 12:12:02 - INFO - Validated dataset: Home Health Care Agencies
2024-08-23 12:12:02 - INFO - Validated dataset: Home Health Care - National Data
2024-08-23 12:12:02 - INFO - Validated dataset: Hospice - Zip Data
2024-08-23 12:12:02 - INFO - Validated dataset: Hospice - General Information
2024-08-23 12:12:02 - INFO - Validated dataset: Hospice - Provider Data
2024-08-23 12:12:02 - INFO - Validated dataset: Hospice care - Provider CAHPS Hospice Survey Data
2024-08-23 12:12:02 - INFO - Validated dataset: Hospice care - National CAHPS Hospice Survey Data
2024-08-23 12:12:02 - INFO - Validated dataset: Outpatient and Ambulatory Surgery Consumer Assessment of Healthcare Providers and Systems (OAS CAHPS) survey for ambulatory surgical centers - Facility
2024-08-23 12:12:02 - INFO - Validated dataset: Ambulatory Surgical Center Quality Measures - Facility
2024-08-23 12:12:02 - INFO - Validated dataset: Ambulatory Surgical Center Quality Measures - National
2024-08-23 12:12:02 - INFO - Validated dataset: Outpatient and Ambulatory Surgery Consumer Assessment of Healthcare Providers and Systems (OAS CAHPS) survey for ambulatory surgical centers - National
2024-08-23 12:12:02 - INFO - Validated dataset: Ambulatory Surgical Center Quality Measures - State
2024-08-23 12:12:02 - INFO - Validated dataset: Outpatient and Ambulatory Surgery Consumer Assessment of Healthcare Providers and Systems (OAS CAHPS) survey for ambulatory surgical centers - State
2024-08-23 12:12:02 - INFO - Validated dataset: Comprehensive Care For Joint Replacement Model - Provider Data
2024-08-23 12:12:02 - INFO - Validated dataset: CMS Medicare PSI-90 and component measures - six-digit estimate dataset
2024-08-23 12:12:02 - INFO - Validated dataset: Complications and Deaths - Hospital
2024-08-23 12:12:02 - INFO - Validated dataset: Complications and Deaths - National
2024-08-23 12:12:02 - INFO - Validated dataset: Complications and Deaths - State
2024-08-23 12:12:02 - INFO - Validated dataset: Footnote Crosswalk
2024-08-23 12:12:02 - INFO - Validated dataset: Outpatient and Ambulatory Surgery Consumer Assessment of Healthcare Providers and Systems (OAS CAHPS) survey - Footnotes
2024-08-23 12:12:02 - INFO - Validated dataset: Table 2: FY2021 Distribution of Net Change in Base Operating DRG Payment Amount
2024-08-23 12:12:02 - INFO - Validated dataset: Table 1: FY2021 Net Change in Base Operating DRG Payment Amount
2024-08-23 12:12:02 - INFO - Validated dataset: Table 3: FY2021 Percent Change in Medicare Payments
2024-08-23 12:12:02 - INFO - Validated dataset: Table 4: FY2021 Value-Based Incentive Payment Amount
2024-08-23 12:12:02 - INFO - Validated dataset: Patient survey (HCAHPS) - Hospital
2024-08-23 12:12:02 - INFO - Validated dataset: Patient survey (HCAHPS) - National
2024-08-23 12:12:02 - INFO - Validated dataset: Patient survey (HCAHPS) - State
2024-08-23 12:12:02 - INFO - Validated dataset: Healthcare Associated Infections - Hospital
2024-08-23 12:12:02 - INFO - Validated dataset: Healthcare Associated Infections - National
2024-08-23 12:12:02 - INFO - Validated dataset: Healthcare Associated Infections - State
2024-08-23 12:12:02 - INFO - Validated dataset: Outpatient and Ambulatory Surgery Consumer Assessment of Healthcare Providers and Systems (OAS CAHPS) survey for hospital outpatient departments - Facility
2024-08-23 12:12:02 - INFO - Validated dataset: Outpatient and Ambulatory Surgery Consumer Assessment of Healthcare Providers and Systems (OAS CAHPS) survey for hospital outpatient departments - National
2024-08-23 12:12:02 - INFO - Validated dataset: Outpatient and Ambulatory Surgery Consumer Assessment of Healthcare Providers and Systems (OAS CAHPS) survey for hospital outpatient departments - State
2024-08-23 12:12:02 - INFO - Validated dataset: Hospital General Information
2024-08-23 12:12:02 - INFO - Validated dataset: Complications and Unplanned Hospital Visits - PPS-Exempt Cancer Hospital - Hospital
2024-08-23 12:12:02 - INFO - Validated dataset: Complications and Unplanned Hospital Visits - PPS-Exempt Cancer Hospital - National
2024-08-23 12:12:02 - INFO - Validated dataset: Hospital-Acquired Condition (HAC) Reduction Program
2024-08-23 12:12:02 - INFO - Validated dataset: Medicare Spending Per Beneficiary - Hospital Additional Decimal Places
2024-08-23 12:12:02 - INFO - Validated dataset: Safety and Healthcare-Associated Infection Measures - PPS-Exempt Cancer Hospital
2024-08-23 12:12:02 - INFO - Validated dataset: Patient Survey (PCH - HCAHPS) PPS-Exempt Cancer Hospital - Hospital
2024-08-23 12:12:02 - INFO - Validated dataset: Patient Survey (PCH - HCAHPS) PPS-Exempt Cancer Hospital - National
2024-08-23 12:12:02 - INFO - Validated dataset: Patient Survey (PCH - HCAHPS) PPS-Exempt Cancer Hospital - State
2024-08-23 12:12:02 - INFO - Validated dataset: Hospital Readmissions Reduction Program
2024-08-23 12:12:02 - INFO - Validated dataset: Hospital Value-Based Purchasing (HVBP) - Clinical Outcomes Domain Scores
2024-08-23 12:12:02 - INFO - Validated dataset: Hospital Value-Based Purchasing (HVBP) - Efficiency Scores
2024-08-23 12:12:02 - INFO - Validated dataset: Hospital Value-Based Purchasing (HVBP) - Person and Community Engagement Domain Scores (HCAHPS)
2024-08-23 12:12:02 - INFO - Validated dataset: Hospital Value-Based Purchasing (HVBP) - Safety
2024-08-23 12:12:02 - INFO - Validated dataset: Hospital Value-Based Purchasing (HVBP) - Total Performance Score
2024-08-23 12:12:02 - INFO - Validated dataset: Inpatient Psychiatric Facility Quality Measure Data - by Facility
2024-08-23 12:12:02 - INFO - Validated dataset: Inpatient Psychiatric Facility Quality Measure Data - National
2024-08-23 12:12:02 - INFO - Validated dataset: Inpatient Psychiatric Facility Quality Measure Data - by State
2024-08-23 12:12:02 - INFO - Validated dataset: Measure Dates
2024-08-23 12:12:02 - INFO - Validated dataset: Medicare Hospital Spending by Claim
2024-08-23 12:12:02 - INFO - Validated dataset: Medicare Spending Per Beneficiary - Hospital
2024-08-23 12:12:02 - INFO - Validated dataset: Medicare Spending Per Beneficiary - National
2024-08-23 12:12:02 - INFO - Validated dataset: Medicare Spending Per Beneficiary - State
2024-08-23 12:12:02 - INFO - Validated dataset: Outpatient Imaging Efficiency - Hospital
2024-08-23 12:12:02 - INFO - Validated dataset: Outpatient Imaging Efficiency - National
2024-08-23 12:12:02 - INFO - Validated dataset: Outpatient Imaging Efficiency - State
2024-08-23 12:12:02 - INFO - Validated dataset: Payment - National
2024-08-23 12:12:02 - INFO - Validated dataset: Payment and value of care - Hospital
2024-08-23 12:12:02 - INFO - Validated dataset: Timely and Effective Care - Hospital
2024-08-23 12:12:02 - INFO - Validated dataset: Timely and Effective Care - National
2024-08-23 12:12:02 - INFO - Validated dataset: Timely and Effective Care - State
2024-08-23 12:12:02 - INFO - Validated dataset: Unplanned Hospital Visits - Hospital
2024-08-23 12:12:02 - INFO - Validated dataset: Unplanned Hospital Visits - National
2024-08-23 12:12:02 - INFO - Validated dataset: Unplanned Hospital Visits - State
2024-08-23 12:12:02 - INFO - Validated dataset: Veterans Health Administration Behavioral Health Data
2024-08-23 12:12:02 - INFO - Validated dataset: Veterans Health Administration Timely and Effective Care Data
2024-08-23 12:12:02 - INFO - Validated dataset: Value of care - National
2024-08-23 12:12:02 - INFO - Validated dataset: Veterans Health Administration Provider Level Data
2024-08-23 12:12:02 - INFO - Validated dataset: Data Updates
2024-08-23 12:12:02 - INFO - Validated dataset: Inpatient Rehabilitation Facility - General Information
2024-08-23 12:12:02 - INFO - Validated dataset: Inpatient Rehabilitation Facility - Provider Data
2024-08-23 12:12:02 - INFO - Validated dataset: Inpatient Rehabilitation Facility - Conditions
2024-08-23 12:12:02 - INFO - Validated dataset: Long-Term Care Hospital - General Information
2024-08-23 12:12:02 - INFO - Validated dataset: Long-Term Care Hospital - Provider Data
2024-08-23 12:12:02 - INFO - Validated dataset: Fire Safety Deficiencies
2024-08-23 12:12:02 - INFO - Validated dataset: Health Deficiencies
2024-08-23 12:12:02 - INFO - Validated dataset: MDS Quality Measures
2024-08-23 12:12:02 - INFO - Validated dataset: Medicare Claims Quality Measures
2024-08-23 12:12:02 - INFO - Validated dataset: Ownership
2024-08-23 12:12:02 - INFO - Validated dataset: Penalties
2024-08-23 12:12:02 - INFO - Validated dataset: Provider Information
2024-08-23 12:12:02 - INFO - Validated dataset: Skilled Nursing Facility Quality Reporting Program - Provider Data
2024-08-23 12:12:02 - INFO - Validated dataset: Skilled Nursing Facility Quality Reporting Program - Swing Beds - Provider Data
2024-08-23 12:12:02 - INFO - Validated dataset: State US Averages
2024-08-23 12:12:02 - INFO - Validated dataset: Survey Summary
2024-08-23 12:12:02 - INFO - Validated dataset: FY 2024 SNF VBP Facility-Level Dataset
2024-08-23 12:12:02 - INFO - Validated dataset: FY 2024 SNF VBP Aggregate Performance
2024-08-23 12:12:02 - INFO - Validated dataset: Nursing Home Data Collection Intervals
2024-08-23 12:12:02 - INFO - Validated dataset: Citation Code Look-up
2024-08-23 12:12:02 - INFO - Validated dataset: National Downloadable File
2024-08-23 12:12:02 - INFO - Validated dataset: PY 2022 Group Public Reporting: MIPS Measures and Attestations
2024-08-23 12:12:02 - INFO - Validated dataset: PY 2022 Group Public Reporting: Patient Experience
2024-08-23 12:12:02 - INFO - Validated dataset: PY 2022 Clinician Public Reporting: MIPS Measures and Attestations
2024-08-23 12:12:02 - INFO - Validated dataset: PY 2022 Clinician Public Reporting: Overall MIPS Performance
2024-08-23 12:12:02 - INFO - Validated dataset: Inspection Dates
2024-08-23 12:12:02 - INFO - Validated dataset: State-Level Health Inspection Cut Points
2024-08-23 12:12:02 - INFO - Validated dataset: Home Health Care - Patient Survey (HHCAHPS) 2023Q1 to 2023Q4
2024-08-23 12:12:02 - INFO - Validated dataset: Home Health Care - Patient Survey (HHCAHPS) National Data 2023Q1 to 2023Q4
2024-08-23 12:12:02 - INFO - Validated dataset: Home Health Care - Patient Survey (HHCAHPS) State Data 2023Q1 to 2023Q4
2024-08-23 12:12:02 - INFO - Validated dataset: Home Health Care - Patient Survey (HHCAHPS) Measure Dates 2023Q1 to 2023Q4
2024-08-23 12:12:02 - INFO - Validated dataset: Addiction Medicine Office Visit Costs
2024-08-23 12:12:02 - INFO - Validated dataset: Advanced Heart Failure and Transplant Cardiology Office Visit Costs
2024-08-23 12:12:02 - INFO - Validated dataset: Allergy/ Immunology Office Visit Costs
2024-08-23 12:12:02 - INFO - Validated dataset: Anesthesiology Office Visit Costs
2024-08-23 12:12:02 - INFO - Validated dataset: Cardiac Surgery Office Visit Costs
2024-08-23 12:12:02 - INFO - Validated dataset: Cardiology Office Visit Costs
2024-08-23 12:12:02 - INFO - Validated dataset: Certified Clinical Nurse Specialist Office Visit Costs
2024-08-23 12:12:02 - INFO - Validated dataset: Certified Nurse Midwife Office Visit Costs
2024-08-23 12:12:02 - INFO - Validated dataset: Certified Registered Nurse Anesthetist (CRNA) Office Visit Costs
2024-08-23 12:12:02 - INFO - Validated dataset: Clinic or Group Practice Office Visit Costs
2024-08-23 12:12:02 - INFO - Validated dataset: Clinical Cardiac Electrophysiology Office Visit Costs
2024-08-23 12:12:02 - INFO - Validated dataset: Clinical Laboratory Office Visit Costs
2024-08-23 12:12:02 - INFO - Validated dataset: Colorectal Surgery (Proctology) Office Visit Costs
2024-08-23 12:12:02 - INFO - Validated dataset: Critical Care (Intensivists) Office Visit Costs
2024-08-23 12:12:02 - INFO - Validated dataset: Dentist Office Visit Costs
2024-08-23 12:12:02 - INFO - Validated dataset: Dermatology Office Visit Costs
2024-08-23 12:12:02 - INFO - Validated dataset: Diagnostic Radiology Office Visit Costs
2024-08-23 12:12:02 - INFO - Validated dataset: Emergency Medicine Office Visit Costs
2024-08-23 12:12:02 - INFO - Validated dataset: Endocrinology Office Visit Costs
2024-08-23 12:12:02 - INFO - Validated dataset: Family Practice Office Visit Costs
2024-08-23 12:12:02 - INFO - Validated dataset: Gastroenterology Office Visit Costs
2024-08-23 12:12:02 - INFO - Validated dataset: General Practice Office Visit Costs
2024-08-23 12:12:02 - INFO - Validated dataset: General Surgery Office Visit Costs
2024-08-23 12:12:02 - INFO - Validated dataset: Geriatric Medicine Office Visit Costs
2024-08-23 12:12:02 - INFO - Validated dataset: Geriatric Psychiatry Office Visit Costs
2024-08-23 12:12:02 - INFO - Validated dataset: Gynecological Oncology Office Visit Costs
2024-08-23 12:12:02 - INFO - Validated dataset: Hand Surgery Office Visit Costs
2024-08-23 12:12:02 - INFO - Validated dataset: Hematology Office Visit Costs
2024-08-23 12:12:02 - INFO - Validated dataset: Hematology-Oncology Office Visit Costs
2024-08-23 12:12:02 - INFO - Validated dataset: Hematopoietic Cell Transplantation and Cellular Therapy Office Visit Costs
2024-08-23 12:12:02 - INFO - Validated dataset: Hospice and Palliative Care Office Visit Costs
2024-08-23 12:12:02 - INFO - Validated dataset: Hospitalist Office Visit Costs
2024-08-23 12:12:02 - INFO - Validated dataset: Infectious Disease Office Visit Costs
2024-08-23 12:12:02 - INFO - Validated dataset: Internal Medicine Office Visit Costs
2024-08-23 12:12:02 - INFO - Validated dataset: Interventional Cardiology Office Visit Costs
2024-08-23 12:12:02 - INFO - Validated dataset: Interventional Pain Management Office Visit Costs
2024-08-23 12:12:02 - INFO - Validated dataset: Interventional Radiology Office Visit Costs
2024-08-23 12:12:02 - INFO - Validated dataset: Maxillofacial Surgery Office Visit Costs
2024-08-23 12:12:02 - INFO - Validated dataset: Medical Oncology Office Visit Costs
2024-08-23 12:12:02 - INFO - Validated dataset: Medical Toxicology Office Visit Costs
2024-08-23 12:12:02 - INFO - Validated dataset: Nephrology Office Visit Costs
2024-08-23 12:12:02 - INFO - Validated dataset: Neurology Office Visit Costs
2024-08-23 12:12:02 - INFO - Validated dataset: Neuropsychiatry Office Visit Costs
2024-08-23 12:12:02 - INFO - Validated dataset: Neurosurgery Office Visit Costs
2024-08-23 12:12:02 - INFO - Validated dataset: Nuclear Medicine Office Visit Costs
2024-08-23 12:12:02 - INFO - Validated dataset: Nurse Practitioner Office Visit Costs
2024-08-23 12:12:02 - INFO - Validated dataset: Obstetrics & Gynecology Office Visit Costs
2024-08-23 12:12:02 - INFO - Validated dataset: Ophthalmology Office Visit Costs
2024-08-23 12:12:02 - INFO - Validated dataset: Optometry Office Visit Costs
2024-08-23 12:12:02 - INFO - Validated dataset: Oral Surgery (Dentist only) Office Visit Costs
2024-08-23 12:12:02 - INFO - Validated dataset: Orthopedic Surgery Office Visit Costs
2024-08-23 12:12:02 - INFO - Validated dataset: Osteopathic Manipulative Medicine Office Visit Costs
2024-08-23 12:12:02 - INFO - Validated dataset: Otolaryngology Office Visit Costs
2024-08-23 12:12:02 - INFO - Validated dataset: Pain Management Office Visit Costs
2024-08-23 12:12:02 - INFO - Validated dataset: Pathology Office Visit Costs
2024-08-23 12:12:02 - INFO - Validated dataset: Pediatric Medicine Office Visit Costs
2024-08-23 12:12:02 - INFO - Validated dataset: Peripheral Vascular Disease Office Visit Costs
2024-08-23 12:12:02 - INFO - Validated dataset: Physical Medicine and Rehabilitation Office Visit Costs
2024-08-23 12:12:02 - INFO - Validated dataset: Physical Therapist in Private Practice Office Visit Costs
2024-08-23 12:12:02 - INFO - Validated dataset: Physician Assistant Office Visit Costs
2024-08-23 12:12:02 - INFO - Validated dataset: Plastic and Reconstructive Surgery Office Visit Costs
2024-08-23 12:12:02 - INFO - Validated dataset: Podiatry Office Visit Costs
2024-08-23 12:12:02 - INFO - Validated dataset: Preventive Medicine Office Visit Costs
2024-08-23 12:12:02 - INFO - Validated dataset: Psychiatry Office Visit Costs
2024-08-23 12:12:02 - INFO - Validated dataset: Psychologist, Clinical Office Visit Costs
2024-08-23 12:12:02 - INFO - Validated dataset: Public Health or Welfare Agency Office Visit Costs
2024-08-23 12:12:02 - INFO - Validated dataset: Pulmonary Disease Office Visit Costs
2024-08-23 12:12:02 - INFO - Validated dataset: Radiation Oncology Office Visit Costs
2024-08-23 12:12:02 - INFO - Validated dataset: Registered Dietitian or Nutrition Professional Office Visit Costs
2024-08-23 12:12:02 - INFO - Validated dataset: Rheumatology Office Visit Costs
2024-08-23 12:12:02 - INFO - Validated dataset: Sleep Medicine Office Visit Costs
2024-08-23 12:12:02 - INFO - Validated dataset: Sports Medicine Office Visit Costs
2024-08-23 12:12:02 - INFO - Validated dataset: Surgical Oncology Office Visit Costs
2024-08-23 12:12:02 - INFO - Validated dataset: Thoracic Surgery Office Visit Costs
2024-08-23 12:12:02 - INFO - Validated dataset: Undefined Physician type Office Visit Costs
2024-08-23 12:12:02 - INFO - Validated dataset: Undersea and Hyperbaric Medicine Office Visit Costs
2024-08-23 12:12:02 - INFO - Validated dataset: Urology Office Visit Costs
2024-08-23 12:12:02 - INFO - Validated dataset: Vascular Surgery Office Visit Costs
2024-08-23 12:12:02 - INFO - Validated dataset: PY 2022 Virtual Group Public Reporting: MIPS Measures and Attestations
2024-08-23 12:12:02 - INFO - Validated dataset: COVID-19 Vaccination Rates - Provider Data
2024-08-23 12:12:02 - INFO - Validated dataset: COVID-19 Vaccination Rates - State and National Averages
2024-08-23 12:12:02 - INFO - Validated dataset: Hospice care - State CAHPS Hospice Survey Data
2024-08-23 12:12:02 - INFO - Validated dataset: Hospice - State Data
2024-08-23 12:12:02 - INFO - Validated dataset: Licensed Clinical Social Worker Office Visit Costs
2024-08-23 12:12:02 - INFO - Validated dataset: Medical Genetics and Genomics Office Visit Costs
2024-08-23 12:12:02 - INFO - Validated dataset: Home Health Care - State by State Data
2024-08-23 12:12:02 - INFO - Validated dataset: Home Health Care - Measure Date Range
2024-08-23 12:12:02 - INFO - Validated dataset: Payment - State
2024-08-23 12:12:02 - INFO - Validated dataset: Maternal Health - Hospital
2024-08-23 12:12:02 - INFO - Validated dataset: Maternal Health - National
2024-08-23 12:12:02 - INFO - Validated dataset: Maternal Health - State
2024-08-23 12:12:02 - INFO - Validated dataset: Medical Equipment Suppliers
2024-08-23 12:12:02 - INFO - Validated dataset: Inpatient Rehabilitation Facility - National Data
2024-08-23 12:12:02 - INFO - Validated dataset: Long-Term Care Hospital - National Data
2024-08-23 12:12:02 - INFO - Validated dataset: Skilled Nursing Facility Quality Reporting Program - National Data
2024-08-23 12:12:02 - INFO - Validated dataset: Patient survey (ICH CAHPS) - State
2024-08-23 12:12:02 - INFO - Validated dataset: Hospice-National Data
2024-08-23 12:12:02 - INFO - Validated dataset: Facility Affiliation Data
2024-08-23 12:12:02 - INFO - Validated dataset: Utilization Data
2024-08-23 12:12:02 - INFO - Validated dataset: ESRD QIP - Clinical Depression Screening and Follow-up - Payment Year 2024
2024-08-23 12:12:02 - INFO - Validated dataset: ESRD QIP - Complete QIP Data - Payment Year 2024
2024-08-23 12:12:02 - INFO - Validated dataset: ESRD QIP - Dialysis Adequacy - Payment Year 2024
2024-08-23 12:12:02 - INFO - Validated dataset: ESRD QIP - Footnotes - Payment Year 2024
2024-08-23 12:12:02 - INFO - Validated dataset: ESRD QIP - Hypercalcemia - Payment Year 2024
2024-08-23 12:12:02 - INFO - Validated dataset: ESRD QIP - NHSN Dialysis Event Measure - Payment Year 2024
2024-08-23 12:12:02 - INFO - Validated dataset: ESRD QIP - NHSN Bloodstream Infection - Payment Year 2024
2024-08-23 12:12:02 - INFO - Validated dataset: ESRD QIP - Standardized Readmission Ratio - Payment Year 2024
2024-08-23 12:12:02 - INFO - Validated dataset: ESRD QIP - Standardized Transfusion Ratio - Payment Year 2024
2024-08-23 12:12:02 - INFO - Validated dataset: ESRD QIP - Total Performance Scores - Payment Year 2024
2024-08-23 12:12:02 - INFO - Validated dataset: ESRD QIP - Vascular Access Topic - Payment Year 2024
2024-08-23 12:12:02 - INFO - Validated dataset: ESRD QIP - Ultrafiltration Rate - Payment Year 2024
2024-08-23 12:12:02 - INFO - Validated dataset: ESRD QIP - Standardized Hospitalization Ratio - Payment Year 2024
2024-08-23 12:12:02 - INFO - Validated dataset: ESRD QIP - Medication Reconciliation - Payment Year 2024
2024-08-23 12:12:02 - INFO - Validated dataset: ESRD QIP - Percentage of Prevalent Patients Waitlisted - Payment Year 2024
2024-08-23 12:12:02 - INFO - Validated dataset: Patient-Reported Outcomes - Hospital
2024-08-23 12:12:02 - INFO - Validated dataset: Palliative Care - PPS-Exempt Cancer Hospital - Hospital
2024-08-23 12:12:02 - INFO - Validated dataset: Palliative Care - PPS-Exempt Cancer Hospital - National
2024-08-23 12:12:02 - INFO - Validated dataset: Audiologist Office Visit Costs
2024-08-23 12:12:02 - INFO - Validated dataset: Mass Immunizer Roster Biller Office Visit Costs
2024-08-23 12:12:02 - INFO - Validated dataset: Micrographic Dermatologic Surgery Office Visit Costs
2024-08-23 12:12:02 - INFO - Validated dataset: Opioid Treatment Program Office Visit Costs
2024-08-23 12:12:02 - INFO - Validated dataset: Pharmacy Office Visit Costs
2024-08-23 12:12:02 - INFO - ✅ Finished fetching datasets.
2024-08-23 12:12:02 - INFO - Completed CMS data download and processing.
2024-08-23 12:20:41 - INFO - Starting CMS data download and processing...
2024-08-23 12:20:41 - INFO - 🏗️ Fetching datasets...
2024-08-23 12:20:41 - DEBUG - Starting new HTTPS connection (1): data.cms.gov:443
2024-08-23 12:20:42 - DEBUG - https://data.cms.gov:443 "GET /provider-data/api/1/metastore/schemas/dataset/items HTTP/11" 200 30377
2024-08-23 12:20:42 - ERROR - Failed to fetch datasets
Traceback (most recent call last):
  File "C:\Users\edmun\Projects\Repositories\healthpartners-interview\src\healthpartners_interview\download.py", line 25, in fetch_datasets
    for prefix, event, value in parser:
                                ^^^^^^
ijson.common.IncompleteJSONError: b'lexical error: invalid char in json text.\n                                       \x1f\x8b\x08                     (right here) ------^\n'
2024-08-23 12:20:42 - INFO - Completed CMS data download and processing.
2024-08-23 12:21:19 - INFO - Starting CMS data download and processing...
2024-08-23 12:21:19 - INFO - 🏗️ Fetching datasets...
2024-08-23 12:21:19 - DEBUG - Starting new HTTPS connection (1): data.cms.gov:443
2024-08-23 12:21:19 - DEBUG - https://data.cms.gov:443 "GET /provider-data/api/1/metastore/schemas/dataset/items HTTP/11" 200 30377
2024-08-23 12:21:19 - ERROR - Failed to fetch datasets
Traceback (most recent call last):
  File "C:\Users\edmun\Projects\Repositories\healthpartners-interview\src\healthpartners_interview\download.py", line 21, in fetch_datasets
    for prefix, event, value in parser:
                                ^^^^^^
ijson.common.IncompleteJSONError: b'lexical error: invalid char in json text.\n                                       \x1f\x8b\x08                     (right here) ------^\n'
2024-08-23 12:21:19 - INFO - Completed CMS data download and processing.
2024-08-23 12:25:12 - INFO - Starting CMS data download and processing...
2024-08-23 12:25:12 - INFO - 🏗️ Fetching datasets...
2024-08-23 12:25:12 - DEBUG - Starting new HTTPS connection (1): data.cms.gov:443
2024-08-23 12:25:12 - DEBUG - https://data.cms.gov:443 "GET /provider-data/api/1/metastore/schemas/dataset/items HTTP/11" 200 30377
2024-08-23 12:25:12 - ERROR - Failed to fetch datasets
Traceback (most recent call last):
  File "C:\Users\edmun\Projects\Repositories\healthpartners-interview\src\healthpartners_interview\download.py", line 21, in fetch_datasets
    decompressed_content = gzip.decompress(response.content)
                           ^^^^^^^^^^^^^^^^^^^^^^^^^^^^^^^^^
  File "C:\Users\edmun\.rye\py\cpython@3.12.5\Lib\gzip.py", line 627, in decompress
    if _read_gzip_header(fp) is None:
       ^^^^^^^^^^^^^^^^^^^^^
  File "C:\Users\edmun\.rye\py\cpython@3.12.5\Lib\gzip.py", line 456, in _read_gzip_header
    raise BadGzipFile('Not a gzipped file (%r)' % magic)
gzip.BadGzipFile: Not a gzipped file (b'[{')
2024-08-23 12:25:12 - INFO - Completed CMS data download and processing.
2024-08-23 12:27:08 - INFO - Starting CMS data download and processing...
2024-08-23 12:27:08 - INFO - 🏗️ Fetching datasets...
2024-08-23 12:27:08 - DEBUG - Starting new HTTPS connection (1): data.cms.gov:443
2024-08-23 12:27:08 - DEBUG - https://data.cms.gov:443 "GET /provider-data/api/1/metastore/schemas/dataset/items HTTP/11" 200 30377
2024-08-23 12:27:08 - ERROR - Failed to fetch datasets
Traceback (most recent call last):
  File "C:\Users\edmun\Projects\Repositories\healthpartners-interview\src\healthpartners_interview\download.py", line 22, in fetch_datasets
    for prefix, event, value in parser:
                                ^^^^^^
ijson.common.IncompleteJSONError: b'lexical error: invalid char in json text.\n                                       \x1f\x8b\x08                     (right here) ------^\n'
2024-08-23 12:27:08 - INFO - Completed CMS data download and processing.
2024-08-23 12:39:32 - INFO - Starting CMS data download and processing...
2024-08-23 12:39:32 - INFO - 🏗️ Fetching datasets...
2024-08-23 12:39:32 - DEBUG - Starting new HTTPS connection (1): data.cms.gov:443
2024-08-23 12:39:32 - DEBUG - https://data.cms.gov:443 "GET /provider-data/api/1/metastore/schemas/dataset/items HTTP/11" 200 30377
2024-08-23 12:39:32 - ERROR - Failed to fetch datasets
Traceback (most recent call last):
  File "C:\Users\edmun\Projects\Repositories\healthpartners-interview\src\healthpartners_interview\download.py", line 22, in fetch_datasets
    for prefix, event, value in parser:
                                ^^^^^^
ijson.common.IncompleteJSONError: b'lexical error: invalid char in json text.\n                                       \x1f\x8b\x08                     (right here) ------^\n'
2024-08-23 12:39:32 - INFO - Completed CMS data download and processing.
2024-08-23 12:40:37 - INFO - Starting CMS data download and processing...
2024-08-23 12:40:37 - INFO - 🏗️ Fetching datasets...
2024-08-23 12:40:37 - DEBUG - Starting new HTTPS connection (1): data.cms.gov:443
2024-08-23 12:40:37 - DEBUG - https://data.cms.gov:443 "GET /provider-data/api/1/metastore/schemas/dataset/items HTTP/11" 200 30377
2024-08-23 12:40:37 - ERROR - Validation error for dataset: Unknown title
Traceback (most recent call last):
  File "C:\Users\edmun\Projects\Repositories\healthpartners-interview\src\healthpartners_interview\download.py", line 31, in fetch_datasets
    dataset = Dataset(**current_item)
              ^^^^^^^^^^^^^^^^^^^^^^^
  File "C:\Users\edmun\Projects\Repositories\healthpartners-interview\.venv\Lib\site-packages\pydantic\main.py", line 193, in __init__
    self.__pydantic_validator__.validate_python(data, self_instance=self)
pydantic_core._pydantic_core.ValidationError: 16 validation errors for Dataset
accessLevel
  Field required [type=missing, input_value={}, input_type=dict]
    For further information visit https://errors.pydantic.dev/2.8/v/missing
landingPage
  Field required [type=missing, input_value={}, input_type=dict]
    For further information visit https://errors.pydantic.dev/2.8/v/missing
bureauCode
  Field required [type=missing, input_value={}, input_type=dict]
    For further information visit https://errors.pydantic.dev/2.8/v/missing
issued
  Field required [type=missing, input_value={}, input_type=dict]
    For further information visit https://errors.pydantic.dev/2.8/v/missing
@type
  Field required [type=missing, input_value={}, input_type=dict]
    For further information visit https://errors.pydantic.dev/2.8/v/missing
modified
  Field required [type=missing, input_value={}, input_type=dict]
    For further information visit https://errors.pydantic.dev/2.8/v/missing
released
  Field required [type=missing, input_value={}, input_type=dict]
    For further information visit https://errors.pydantic.dev/2.8/v/missing
keyword
  Field required [type=missing, input_value={}, input_type=dict]
    For further information visit https://errors.pydantic.dev/2.8/v/missing
contactPoint
  Field required [type=missing, input_value={}, input_type=dict]
    For further information visit https://errors.pydantic.dev/2.8/v/missing
publisher
  Field required [type=missing, input_value={}, input_type=dict]
    For further information visit https://errors.pydantic.dev/2.8/v/missing
identifier
  Field required [type=missing, input_value={}, input_type=dict]
    For further information visit https://errors.pydantic.dev/2.8/v/missing
description
  Field required [type=missing, input_value={}, input_type=dict]
    For further information visit https://errors.pydantic.dev/2.8/v/missing
title
  Field required [type=missing, input_value={}, input_type=dict]
    For further information visit https://errors.pydantic.dev/2.8/v/missing
programCode
  Field required [type=missing, input_value={}, input_type=dict]
    For further information visit https://errors.pydantic.dev/2.8/v/missing
distribution
  Field required [type=missing, input_value={}, input_type=dict]
    For further information visit https://errors.pydantic.dev/2.8/v/missing
theme
  Field required [type=missing, input_value={}, input_type=dict]
    For further information visit https://errors.pydantic.dev/2.8/v/missing
2024-08-23 12:40:37 - ERROR - Validation error for dataset: Unknown title
Traceback (most recent call last):
  File "C:\Users\edmun\Projects\Repositories\healthpartners-interview\src\healthpartners_interview\download.py", line 31, in fetch_datasets
    dataset = Dataset(**current_item)
              ^^^^^^^^^^^^^^^^^^^^^^^
  File "C:\Users\edmun\Projects\Repositories\healthpartners-interview\.venv\Lib\site-packages\pydantic\main.py", line 193, in __init__
    self.__pydantic_validator__.validate_python(data, self_instance=self)
pydantic_core._pydantic_core.ValidationError: 16 validation errors for Dataset
accessLevel
  Field required [type=missing, input_value={}, input_type=dict]
    For further information visit https://errors.pydantic.dev/2.8/v/missing
landingPage
  Field required [type=missing, input_value={}, input_type=dict]
    For further information visit https://errors.pydantic.dev/2.8/v/missing
bureauCode
  Field required [type=missing, input_value={}, input_type=dict]
    For further information visit https://errors.pydantic.dev/2.8/v/missing
issued
  Field required [type=missing, input_value={}, input_type=dict]
    For further information visit https://errors.pydantic.dev/2.8/v/missing
@type
  Field required [type=missing, input_value={}, input_type=dict]
    For further information visit https://errors.pydantic.dev/2.8/v/missing
modified
  Field required [type=missing, input_value={}, input_type=dict]
    For further information visit https://errors.pydantic.dev/2.8/v/missing
released
  Field required [type=missing, input_value={}, input_type=dict]
    For further information visit https://errors.pydantic.dev/2.8/v/missing
keyword
  Field required [type=missing, input_value={}, input_type=dict]
    For further information visit https://errors.pydantic.dev/2.8/v/missing
contactPoint
  Field required [type=missing, input_value={}, input_type=dict]
    For further information visit https://errors.pydantic.dev/2.8/v/missing
publisher
  Field required [type=missing, input_value={}, input_type=dict]
    For further information visit https://errors.pydantic.dev/2.8/v/missing
identifier
  Field required [type=missing, input_value={}, input_type=dict]
    For further information visit https://errors.pydantic.dev/2.8/v/missing
description
  Field required [type=missing, input_value={}, input_type=dict]
    For further information visit https://errors.pydantic.dev/2.8/v/missing
title
  Field required [type=missing, input_value={}, input_type=dict]
    For further information visit https://errors.pydantic.dev/2.8/v/missing
programCode
  Field required [type=missing, input_value={}, input_type=dict]
    For further information visit https://errors.pydantic.dev/2.8/v/missing
distribution
  Field required [type=missing, input_value={}, input_type=dict]
    For further information visit https://errors.pydantic.dev/2.8/v/missing
theme
  Field required [type=missing, input_value={}, input_type=dict]
    For further information visit https://errors.pydantic.dev/2.8/v/missing
2024-08-23 12:40:37 - ERROR - Validation error for dataset: Unknown title
Traceback (most recent call last):
  File "C:\Users\edmun\Projects\Repositories\healthpartners-interview\src\healthpartners_interview\download.py", line 31, in fetch_datasets
    dataset = Dataset(**current_item)
              ^^^^^^^^^^^^^^^^^^^^^^^
  File "C:\Users\edmun\Projects\Repositories\healthpartners-interview\.venv\Lib\site-packages\pydantic\main.py", line 193, in __init__
    self.__pydantic_validator__.validate_python(data, self_instance=self)
pydantic_core._pydantic_core.ValidationError: 16 validation errors for Dataset
accessLevel
  Field required [type=missing, input_value={}, input_type=dict]
    For further information visit https://errors.pydantic.dev/2.8/v/missing
landingPage
  Field required [type=missing, input_value={}, input_type=dict]
    For further information visit https://errors.pydantic.dev/2.8/v/missing
bureauCode
  Field required [type=missing, input_value={}, input_type=dict]
    For further information visit https://errors.pydantic.dev/2.8/v/missing
issued
  Field required [type=missing, input_value={}, input_type=dict]
    For further information visit https://errors.pydantic.dev/2.8/v/missing
@type
  Field required [type=missing, input_value={}, input_type=dict]
    For further information visit https://errors.pydantic.dev/2.8/v/missing
modified
  Field required [type=missing, input_value={}, input_type=dict]
    For further information visit https://errors.pydantic.dev/2.8/v/missing
released
  Field required [type=missing, input_value={}, input_type=dict]
    For further information visit https://errors.pydantic.dev/2.8/v/missing
keyword
  Field required [type=missing, input_value={}, input_type=dict]
    For further information visit https://errors.pydantic.dev/2.8/v/missing
contactPoint
  Field required [type=missing, input_value={}, input_type=dict]
    For further information visit https://errors.pydantic.dev/2.8/v/missing
publisher
  Field required [type=missing, input_value={}, input_type=dict]
    For further information visit https://errors.pydantic.dev/2.8/v/missing
identifier
  Field required [type=missing, input_value={}, input_type=dict]
    For further information visit https://errors.pydantic.dev/2.8/v/missing
description
  Field required [type=missing, input_value={}, input_type=dict]
    For further information visit https://errors.pydantic.dev/2.8/v/missing
title
  Field required [type=missing, input_value={}, input_type=dict]
    For further information visit https://errors.pydantic.dev/2.8/v/missing
programCode
  Field required [type=missing, input_value={}, input_type=dict]
    For further information visit https://errors.pydantic.dev/2.8/v/missing
distribution
  Field required [type=missing, input_value={}, input_type=dict]
    For further information visit https://errors.pydantic.dev/2.8/v/missing
theme
  Field required [type=missing, input_value={}, input_type=dict]
    For further information visit https://errors.pydantic.dev/2.8/v/missing
2024-08-23 12:40:37 - ERROR - Validation error for dataset: Unknown title
Traceback (most recent call last):
  File "C:\Users\edmun\Projects\Repositories\healthpartners-interview\src\healthpartners_interview\download.py", line 31, in fetch_datasets
    dataset = Dataset(**current_item)
              ^^^^^^^^^^^^^^^^^^^^^^^
  File "C:\Users\edmun\Projects\Repositories\healthpartners-interview\.venv\Lib\site-packages\pydantic\main.py", line 193, in __init__
    self.__pydantic_validator__.validate_python(data, self_instance=self)
pydantic_core._pydantic_core.ValidationError: 16 validation errors for Dataset
accessLevel
  Field required [type=missing, input_value={'item': 'theme'}, input_type=dict]
    For further information visit https://errors.pydantic.dev/2.8/v/missing
landingPage
  Field required [type=missing, input_value={'item': 'theme'}, input_type=dict]
    For further information visit https://errors.pydantic.dev/2.8/v/missing
bureauCode
  Field required [type=missing, input_value={'item': 'theme'}, input_type=dict]
    For further information visit https://errors.pydantic.dev/2.8/v/missing
issued
  Field required [type=missing, input_value={'item': 'theme'}, input_type=dict]
    For further information visit https://errors.pydantic.dev/2.8/v/missing
@type
  Field required [type=missing, input_value={'item': 'theme'}, input_type=dict]
    For further information visit https://errors.pydantic.dev/2.8/v/missing
modified
  Field required [type=missing, input_value={'item': 'theme'}, input_type=dict]
    For further information visit https://errors.pydantic.dev/2.8/v/missing
released
  Field required [type=missing, input_value={'item': 'theme'}, input_type=dict]
    For further information visit https://errors.pydantic.dev/2.8/v/missing
keyword
  Field required [type=missing, input_value={'item': 'theme'}, input_type=dict]
    For further information visit https://errors.pydantic.dev/2.8/v/missing
contactPoint
  Field required [type=missing, input_value={'item': 'theme'}, input_type=dict]
    For further information visit https://errors.pydantic.dev/2.8/v/missing
publisher
  Field required [type=missing, input_value={'item': 'theme'}, input_type=dict]
    For further information visit https://errors.pydantic.dev/2.8/v/missing
identifier
  Field required [type=missing, input_value={'item': 'theme'}, input_type=dict]
    For further information visit https://errors.pydantic.dev/2.8/v/missing
description
  Field required [type=missing, input_value={'item': 'theme'}, input_type=dict]
    For further information visit https://errors.pydantic.dev/2.8/v/missing
title
  Field required [type=missing, input_value={'item': 'theme'}, input_type=dict]
    For further information visit https://errors.pydantic.dev/2.8/v/missing
programCode
  Field required [type=missing, input_value={'item': 'theme'}, input_type=dict]
    For further information visit https://errors.pydantic.dev/2.8/v/missing
distribution
  Field required [type=missing, input_value={'item': 'theme'}, input_type=dict]
    For further information visit https://errors.pydantic.dev/2.8/v/missing
theme
  Field required [type=missing, input_value={'item': 'theme'}, input_type=dict]
    For further information visit https://errors.pydantic.dev/2.8/v/missing
2024-08-23 12:40:37 - ERROR - Validation error for dataset: Unknown title
Traceback (most recent call last):
  File "C:\Users\edmun\Projects\Repositories\healthpartners-interview\src\healthpartners_interview\download.py", line 31, in fetch_datasets
    dataset = Dataset(**current_item)
              ^^^^^^^^^^^^^^^^^^^^^^^
  File "C:\Users\edmun\Projects\Repositories\healthpartners-interview\.venv\Lib\site-packages\pydantic\main.py", line 193, in __init__
    self.__pydantic_validator__.validate_python(data, self_instance=self)
pydantic_core._pydantic_core.ValidationError: 16 validation errors for Dataset
accessLevel
  Field required [type=missing, input_value={}, input_type=dict]
    For further information visit https://errors.pydantic.dev/2.8/v/missing
landingPage
  Field required [type=missing, input_value={}, input_type=dict]
    For further information visit https://errors.pydantic.dev/2.8/v/missing
bureauCode
  Field required [type=missing, input_value={}, input_type=dict]
    For further information visit https://errors.pydantic.dev/2.8/v/missing
issued
  Field required [type=missing, input_value={}, input_type=dict]
    For further information visit https://errors.pydantic.dev/2.8/v/missing
@type
  Field required [type=missing, input_value={}, input_type=dict]
    For further information visit https://errors.pydantic.dev/2.8/v/missing
modified
  Field required [type=missing, input_value={}, input_type=dict]
    For further information visit https://errors.pydantic.dev/2.8/v/missing
released
  Field required [type=missing, input_value={}, input_type=dict]
    For further information visit https://errors.pydantic.dev/2.8/v/missing
keyword
  Field required [type=missing, input_value={}, input_type=dict]
    For further information visit https://errors.pydantic.dev/2.8/v/missing
contactPoint
  Field required [type=missing, input_value={}, input_type=dict]
    For further information visit https://errors.pydantic.dev/2.8/v/missing
publisher
  Field required [type=missing, input_value={}, input_type=dict]
    For further information visit https://errors.pydantic.dev/2.8/v/missing
identifier
  Field required [type=missing, input_value={}, input_type=dict]
    For further information visit https://errors.pydantic.dev/2.8/v/missing
description
  Field required [type=missing, input_value={}, input_type=dict]
    For further information visit https://errors.pydantic.dev/2.8/v/missing
title
  Field required [type=missing, input_value={}, input_type=dict]
    For further information visit https://errors.pydantic.dev/2.8/v/missing
programCode
  Field required [type=missing, input_value={}, input_type=dict]
    For further information visit https://errors.pydantic.dev/2.8/v/missing
distribution
  Field required [type=missing, input_value={}, input_type=dict]
    For further information visit https://errors.pydantic.dev/2.8/v/missing
theme
  Field required [type=missing, input_value={}, input_type=dict]
    For further information visit https://errors.pydantic.dev/2.8/v/missing
2024-08-23 12:40:37 - ERROR - Validation error for dataset: Unknown title
Traceback (most recent call last):
  File "C:\Users\edmun\Projects\Repositories\healthpartners-interview\src\healthpartners_interview\download.py", line 31, in fetch_datasets
    dataset = Dataset(**current_item)
              ^^^^^^^^^^^^^^^^^^^^^^^
  File "C:\Users\edmun\Projects\Repositories\healthpartners-interview\.venv\Lib\site-packages\pydantic\main.py", line 193, in __init__
    self.__pydantic_validator__.validate_python(data, self_instance=self)
pydantic_core._pydantic_core.ValidationError: 16 validation errors for Dataset
accessLevel
  Field required [type=missing, input_value={}, input_type=dict]
    For further information visit https://errors.pydantic.dev/2.8/v/missing
landingPage
  Field required [type=missing, input_value={}, input_type=dict]
    For further information visit https://errors.pydantic.dev/2.8/v/missing
bureauCode
  Field required [type=missing, input_value={}, input_type=dict]
    For further information visit https://errors.pydantic.dev/2.8/v/missing
issued
  Field required [type=missing, input_value={}, input_type=dict]
    For further information visit https://errors.pydantic.dev/2.8/v/missing
@type
  Field required [type=missing, input_value={}, input_type=dict]
    For further information visit https://errors.pydantic.dev/2.8/v/missing
modified
  Field required [type=missing, input_value={}, input_type=dict]
    For further information visit https://errors.pydantic.dev/2.8/v/missing
released
  Field required [type=missing, input_value={}, input_type=dict]
    For further information visit https://errors.pydantic.dev/2.8/v/missing
keyword
  Field required [type=missing, input_value={}, input_type=dict]
    For further information visit https://errors.pydantic.dev/2.8/v/missing
contactPoint
  Field required [type=missing, input_value={}, input_type=dict]
    For further information visit https://errors.pydantic.dev/2.8/v/missing
publisher
  Field required [type=missing, input_value={}, input_type=dict]
    For further information visit https://errors.pydantic.dev/2.8/v/missing
identifier
  Field required [type=missing, input_value={}, input_type=dict]
    For further information visit https://errors.pydantic.dev/2.8/v/missing
description
  Field required [type=missing, input_value={}, input_type=dict]
    For further information visit https://errors.pydantic.dev/2.8/v/missing
title
  Field required [type=missing, input_value={}, input_type=dict]
    For further information visit https://errors.pydantic.dev/2.8/v/missing
programCode
  Field required [type=missing, input_value={}, input_type=dict]
    For further information visit https://errors.pydantic.dev/2.8/v/missing
distribution
  Field required [type=missing, input_value={}, input_type=dict]
    For further information visit https://errors.pydantic.dev/2.8/v/missing
theme
  Field required [type=missing, input_value={}, input_type=dict]
    For further information visit https://errors.pydantic.dev/2.8/v/missing
2024-08-23 12:40:37 - ERROR - Validation error for dataset: Unknown title
Traceback (most recent call last):
  File "C:\Users\edmun\Projects\Repositories\healthpartners-interview\src\healthpartners_interview\download.py", line 31, in fetch_datasets
    dataset = Dataset(**current_item)
              ^^^^^^^^^^^^^^^^^^^^^^^
  File "C:\Users\edmun\Projects\Repositories\healthpartners-interview\.venv\Lib\site-packages\pydantic\main.py", line 193, in __init__
    self.__pydantic_validator__.validate_python(data, self_instance=self)
pydantic_core._pydantic_core.ValidationError: 16 validation errors for Dataset
accessLevel
  Field required [type=missing, input_value={}, input_type=dict]
    For further information visit https://errors.pydantic.dev/2.8/v/missing
landingPage
  Field required [type=missing, input_value={}, input_type=dict]
    For further information visit https://errors.pydantic.dev/2.8/v/missing
bureauCode
  Field required [type=missing, input_value={}, input_type=dict]
    For further information visit https://errors.pydantic.dev/2.8/v/missing
issued
  Field required [type=missing, input_value={}, input_type=dict]
    For further information visit https://errors.pydantic.dev/2.8/v/missing
@type
  Field required [type=missing, input_value={}, input_type=dict]
    For further information visit https://errors.pydantic.dev/2.8/v/missing
modified
  Field required [type=missing, input_value={}, input_type=dict]
    For further information visit https://errors.pydantic.dev/2.8/v/missing
released
  Field required [type=missing, input_value={}, input_type=dict]
    For further information visit https://errors.pydantic.dev/2.8/v/missing
keyword
  Field required [type=missing, input_value={}, input_type=dict]
    For further information visit https://errors.pydantic.dev/2.8/v/missing
contactPoint
  Field required [type=missing, input_value={}, input_type=dict]
    For further information visit https://errors.pydantic.dev/2.8/v/missing
publisher
  Field required [type=missing, input_value={}, input_type=dict]
    For further information visit https://errors.pydantic.dev/2.8/v/missing
identifier
  Field required [type=missing, input_value={}, input_type=dict]
    For further information visit https://errors.pydantic.dev/2.8/v/missing
description
  Field required [type=missing, input_value={}, input_type=dict]
    For further information visit https://errors.pydantic.dev/2.8/v/missing
title
  Field required [type=missing, input_value={}, input_type=dict]
    For further information visit https://errors.pydantic.dev/2.8/v/missing
programCode
  Field required [type=missing, input_value={}, input_type=dict]
    For further information visit https://errors.pydantic.dev/2.8/v/missing
distribution
  Field required [type=missing, input_value={}, input_type=dict]
    For further information visit https://errors.pydantic.dev/2.8/v/missing
theme
  Field required [type=missing, input_value={}, input_type=dict]
    For further information visit https://errors.pydantic.dev/2.8/v/missing
2024-08-23 12:40:37 - ERROR - Validation error for dataset: Unknown title
Traceback (most recent call last):
  File "C:\Users\edmun\Projects\Repositories\healthpartners-interview\src\healthpartners_interview\download.py", line 31, in fetch_datasets
    dataset = Dataset(**current_item)
              ^^^^^^^^^^^^^^^^^^^^^^^
  File "C:\Users\edmun\Projects\Repositories\healthpartners-interview\.venv\Lib\site-packages\pydantic\main.py", line 193, in __init__
    self.__pydantic_validator__.validate_python(data, self_instance=self)
pydantic_core._pydantic_core.ValidationError: 16 validation errors for Dataset
accessLevel
  Field required [type=missing, input_value={'item': 'theme'}, input_type=dict]
    For further information visit https://errors.pydantic.dev/2.8/v/missing
landingPage
  Field required [type=missing, input_value={'item': 'theme'}, input_type=dict]
    For further information visit https://errors.pydantic.dev/2.8/v/missing
bureauCode
  Field required [type=missing, input_value={'item': 'theme'}, input_type=dict]
    For further information visit https://errors.pydantic.dev/2.8/v/missing
issued
  Field required [type=missing, input_value={'item': 'theme'}, input_type=dict]
    For further information visit https://errors.pydantic.dev/2.8/v/missing
@type
  Field required [type=missing, input_value={'item': 'theme'}, input_type=dict]
    For further information visit https://errors.pydantic.dev/2.8/v/missing
modified
  Field required [type=missing, input_value={'item': 'theme'}, input_type=dict]
    For further information visit https://errors.pydantic.dev/2.8/v/missing
released
  Field required [type=missing, input_value={'item': 'theme'}, input_type=dict]
    For further information visit https://errors.pydantic.dev/2.8/v/missing
keyword
  Field required [type=missing, input_value={'item': 'theme'}, input_type=dict]
    For further information visit https://errors.pydantic.dev/2.8/v/missing
contactPoint
  Field required [type=missing, input_value={'item': 'theme'}, input_type=dict]
    For further information visit https://errors.pydantic.dev/2.8/v/missing
publisher
  Field required [type=missing, input_value={'item': 'theme'}, input_type=dict]
    For further information visit https://errors.pydantic.dev/2.8/v/missing
identifier
  Field required [type=missing, input_value={'item': 'theme'}, input_type=dict]
    For further information visit https://errors.pydantic.dev/2.8/v/missing
description
  Field required [type=missing, input_value={'item': 'theme'}, input_type=dict]
    For further information visit https://errors.pydantic.dev/2.8/v/missing
title
  Field required [type=missing, input_value={'item': 'theme'}, input_type=dict]
    For further information visit https://errors.pydantic.dev/2.8/v/missing
programCode
  Field required [type=missing, input_value={'item': 'theme'}, input_type=dict]
    For further information visit https://errors.pydantic.dev/2.8/v/missing
distribution
  Field required [type=missing, input_value={'item': 'theme'}, input_type=dict]
    For further information visit https://errors.pydantic.dev/2.8/v/missing
theme
  Field required [type=missing, input_value={'item': 'theme'}, input_type=dict]
    For further information visit https://errors.pydantic.dev/2.8/v/missing
2024-08-23 12:40:37 - ERROR - Validation error for dataset: Unknown title
Traceback (most recent call last):
  File "C:\Users\edmun\Projects\Repositories\healthpartners-interview\src\healthpartners_interview\download.py", line 31, in fetch_datasets
    dataset = Dataset(**current_item)
              ^^^^^^^^^^^^^^^^^^^^^^^
  File "C:\Users\edmun\Projects\Repositories\healthpartners-interview\.venv\Lib\site-packages\pydantic\main.py", line 193, in __init__
    self.__pydantic_validator__.validate_python(data, self_instance=self)
pydantic_core._pydantic_core.ValidationError: 16 validation errors for Dataset
accessLevel
  Field required [type=missing, input_value={}, input_type=dict]
    For further information visit https://errors.pydantic.dev/2.8/v/missing
landingPage
  Field required [type=missing, input_value={}, input_type=dict]
    For further information visit https://errors.pydantic.dev/2.8/v/missing
bureauCode
  Field required [type=missing, input_value={}, input_type=dict]
    For further information visit https://errors.pydantic.dev/2.8/v/missing
issued
  Field required [type=missing, input_value={}, input_type=dict]
    For further information visit https://errors.pydantic.dev/2.8/v/missing
@type
  Field required [type=missing, input_value={}, input_type=dict]
    For further information visit https://errors.pydantic.dev/2.8/v/missing
modified
  Field required [type=missing, input_value={}, input_type=dict]
    For further information visit https://errors.pydantic.dev/2.8/v/missing
released
  Field required [type=missing, input_value={}, input_type=dict]
    For further information visit https://errors.pydantic.dev/2.8/v/missing
keyword
  Field required [type=missing, input_value={}, input_type=dict]
    For further information visit https://errors.pydantic.dev/2.8/v/missing
contactPoint
  Field required [type=missing, input_value={}, input_type=dict]
    For further information visit https://errors.pydantic.dev/2.8/v/missing
publisher
  Field required [type=missing, input_value={}, input_type=dict]
    For further information visit https://errors.pydantic.dev/2.8/v/missing
identifier
  Field required [type=missing, input_value={}, input_type=dict]
    For further information visit https://errors.pydantic.dev/2.8/v/missing
description
  Field required [type=missing, input_value={}, input_type=dict]
    For further information visit https://errors.pydantic.dev/2.8/v/missing
title
  Field required [type=missing, input_value={}, input_type=dict]
    For further information visit https://errors.pydantic.dev/2.8/v/missing
programCode
  Field required [type=missing, input_value={}, input_type=dict]
    For further information visit https://errors.pydantic.dev/2.8/v/missing
distribution
  Field required [type=missing, input_value={}, input_type=dict]
    For further information visit https://errors.pydantic.dev/2.8/v/missing
theme
  Field required [type=missing, input_value={}, input_type=dict]
    For further information visit https://errors.pydantic.dev/2.8/v/missing
2024-08-23 12:40:37 - ERROR - Validation error for dataset: Unknown title
Traceback (most recent call last):
  File "C:\Users\edmun\Projects\Repositories\healthpartners-interview\src\healthpartners_interview\download.py", line 31, in fetch_datasets
    dataset = Dataset(**current_item)
              ^^^^^^^^^^^^^^^^^^^^^^^
  File "C:\Users\edmun\Projects\Repositories\healthpartners-interview\.venv\Lib\site-packages\pydantic\main.py", line 193, in __init__
    self.__pydantic_validator__.validate_python(data, self_instance=self)
pydantic_core._pydantic_core.ValidationError: 16 validation errors for Dataset
accessLevel
  Field required [type=missing, input_value={}, input_type=dict]
    For further information visit https://errors.pydantic.dev/2.8/v/missing
landingPage
  Field required [type=missing, input_value={}, input_type=dict]
    For further information visit https://errors.pydantic.dev/2.8/v/missing
bureauCode
  Field required [type=missing, input_value={}, input_type=dict]
    For further information visit https://errors.pydantic.dev/2.8/v/missing
issued
  Field required [type=missing, input_value={}, input_type=dict]
    For further information visit https://errors.pydantic.dev/2.8/v/missing
@type
  Field required [type=missing, input_value={}, input_type=dict]
    For further information visit https://errors.pydantic.dev/2.8/v/missing
modified
  Field required [type=missing, input_value={}, input_type=dict]
    For further information visit https://errors.pydantic.dev/2.8/v/missing
released
  Field required [type=missing, input_value={}, input_type=dict]
    For further information visit https://errors.pydantic.dev/2.8/v/missing
keyword
  Field required [type=missing, input_value={}, input_type=dict]
    For further information visit https://errors.pydantic.dev/2.8/v/missing
contactPoint
  Field required [type=missing, input_value={}, input_type=dict]
    For further information visit https://errors.pydantic.dev/2.8/v/missing
publisher
  Field required [type=missing, input_value={}, input_type=dict]
    For further information visit https://errors.pydantic.dev/2.8/v/missing
identifier
  Field required [type=missing, input_value={}, input_type=dict]
    For further information visit https://errors.pydantic.dev/2.8/v/missing
description
  Field required [type=missing, input_value={}, input_type=dict]
    For further information visit https://errors.pydantic.dev/2.8/v/missing
title
  Field required [type=missing, input_value={}, input_type=dict]
    For further information visit https://errors.pydantic.dev/2.8/v/missing
programCode
  Field required [type=missing, input_value={}, input_type=dict]
    For further information visit https://errors.pydantic.dev/2.8/v/missing
distribution
  Field required [type=missing, input_value={}, input_type=dict]
    For further information visit https://errors.pydantic.dev/2.8/v/missing
theme
  Field required [type=missing, input_value={}, input_type=dict]
    For further information visit https://errors.pydantic.dev/2.8/v/missing
2024-08-23 12:40:37 - ERROR - Validation error for dataset: Unknown title
Traceback (most recent call last):
  File "C:\Users\edmun\Projects\Repositories\healthpartners-interview\src\healthpartners_interview\download.py", line 31, in fetch_datasets
    dataset = Dataset(**current_item)
              ^^^^^^^^^^^^^^^^^^^^^^^
  File "C:\Users\edmun\Projects\Repositories\healthpartners-interview\.venv\Lib\site-packages\pydantic\main.py", line 193, in __init__
    self.__pydantic_validator__.validate_python(data, self_instance=self)
pydantic_core._pydantic_core.ValidationError: 16 validation errors for Dataset
accessLevel
  Field required [type=missing, input_value={}, input_type=dict]
    For further information visit https://errors.pydantic.dev/2.8/v/missing
landingPage
  Field required [type=missing, input_value={}, input_type=dict]
    For further information visit https://errors.pydantic.dev/2.8/v/missing
bureauCode
  Field required [type=missing, input_value={}, input_type=dict]
    For further information visit https://errors.pydantic.dev/2.8/v/missing
issued
  Field required [type=missing, input_value={}, input_type=dict]
    For further information visit https://errors.pydantic.dev/2.8/v/missing
@type
  Field required [type=missing, input_value={}, input_type=dict]
    For further information visit https://errors.pydantic.dev/2.8/v/missing
modified
  Field required [type=missing, input_value={}, input_type=dict]
    For further information visit https://errors.pydantic.dev/2.8/v/missing
released
  Field required [type=missing, input_value={}, input_type=dict]
    For further information visit https://errors.pydantic.dev/2.8/v/missing
keyword
  Field required [type=missing, input_value={}, input_type=dict]
    For further information visit https://errors.pydantic.dev/2.8/v/missing
contactPoint
  Field required [type=missing, input_value={}, input_type=dict]
    For further information visit https://errors.pydantic.dev/2.8/v/missing
publisher
  Field required [type=missing, input_value={}, input_type=dict]
    For further information visit https://errors.pydantic.dev/2.8/v/missing
identifier
  Field required [type=missing, input_value={}, input_type=dict]
    For further information visit https://errors.pydantic.dev/2.8/v/missing
description
  Field required [type=missing, input_value={}, input_type=dict]
    For further information visit https://errors.pydantic.dev/2.8/v/missing
title
  Field required [type=missing, input_value={}, input_type=dict]
    For further information visit https://errors.pydantic.dev/2.8/v/missing
programCode
  Field required [type=missing, input_value={}, input_type=dict]
    For further information visit https://errors.pydantic.dev/2.8/v/missing
distribution
  Field required [type=missing, input_value={}, input_type=dict]
    For further information visit https://errors.pydantic.dev/2.8/v/missing
theme
  Field required [type=missing, input_value={}, input_type=dict]
    For further information visit https://errors.pydantic.dev/2.8/v/missing
2024-08-23 12:40:37 - ERROR - Validation error for dataset: Unknown title
Traceback (most recent call last):
  File "C:\Users\edmun\Projects\Repositories\healthpartners-interview\src\healthpartners_interview\download.py", line 31, in fetch_datasets
    dataset = Dataset(**current_item)
              ^^^^^^^^^^^^^^^^^^^^^^^
  File "C:\Users\edmun\Projects\Repositories\healthpartners-interview\.venv\Lib\site-packages\pydantic\main.py", line 193, in __init__
    self.__pydantic_validator__.validate_python(data, self_instance=self)
pydantic_core._pydantic_core.ValidationError: 16 validation errors for Dataset
accessLevel
  Field required [type=missing, input_value={'item': 'theme'}, input_type=dict]
    For further information visit https://errors.pydantic.dev/2.8/v/missing
landingPage
  Field required [type=missing, input_value={'item': 'theme'}, input_type=dict]
    For further information visit https://errors.pydantic.dev/2.8/v/missing
bureauCode
  Field required [type=missing, input_value={'item': 'theme'}, input_type=dict]
    For further information visit https://errors.pydantic.dev/2.8/v/missing
issued
  Field required [type=missing, input_value={'item': 'theme'}, input_type=dict]
    For further information visit https://errors.pydantic.dev/2.8/v/missing
@type
  Field required [type=missing, input_value={'item': 'theme'}, input_type=dict]
    For further information visit https://errors.pydantic.dev/2.8/v/missing
modified
  Field required [type=missing, input_value={'item': 'theme'}, input_type=dict]
    For further information visit https://errors.pydantic.dev/2.8/v/missing
released
  Field required [type=missing, input_value={'item': 'theme'}, input_type=dict]
    For further information visit https://errors.pydantic.dev/2.8/v/missing
keyword
  Field required [type=missing, input_value={'item': 'theme'}, input_type=dict]
    For further information visit https://errors.pydantic.dev/2.8/v/missing
contactPoint
  Field required [type=missing, input_value={'item': 'theme'}, input_type=dict]
    For further information visit https://errors.pydantic.dev/2.8/v/missing
publisher
  Field required [type=missing, input_value={'item': 'theme'}, input_type=dict]
    For further information visit https://errors.pydantic.dev/2.8/v/missing
identifier
  Field required [type=missing, input_value={'item': 'theme'}, input_type=dict]
    For further information visit https://errors.pydantic.dev/2.8/v/missing
description
  Field required [type=missing, input_value={'item': 'theme'}, input_type=dict]
    For further information visit https://errors.pydantic.dev/2.8/v/missing
title
  Field required [type=missing, input_value={'item': 'theme'}, input_type=dict]
    For further information visit https://errors.pydantic.dev/2.8/v/missing
programCode
  Field required [type=missing, input_value={'item': 'theme'}, input_type=dict]
    For further information visit https://errors.pydantic.dev/2.8/v/missing
distribution
  Field required [type=missing, input_value={'item': 'theme'}, input_type=dict]
    For further information visit https://errors.pydantic.dev/2.8/v/missing
theme
  Field required [type=missing, input_value={'item': 'theme'}, input_type=dict]
    For further information visit https://errors.pydantic.dev/2.8/v/missing
2024-08-23 12:40:37 - ERROR - Validation error for dataset: Unknown title
Traceback (most recent call last):
  File "C:\Users\edmun\Projects\Repositories\healthpartners-interview\src\healthpartners_interview\download.py", line 31, in fetch_datasets
    dataset = Dataset(**current_item)
              ^^^^^^^^^^^^^^^^^^^^^^^
  File "C:\Users\edmun\Projects\Repositories\healthpartners-interview\.venv\Lib\site-packages\pydantic\main.py", line 193, in __init__
    self.__pydantic_validator__.validate_python(data, self_instance=self)
pydantic_core._pydantic_core.ValidationError: 16 validation errors for Dataset
accessLevel
  Field required [type=missing, input_value={}, input_type=dict]
    For further information visit https://errors.pydantic.dev/2.8/v/missing
landingPage
  Field required [type=missing, input_value={}, input_type=dict]
    For further information visit https://errors.pydantic.dev/2.8/v/missing
bureauCode
  Field required [type=missing, input_value={}, input_type=dict]
    For further information visit https://errors.pydantic.dev/2.8/v/missing
issued
  Field required [type=missing, input_value={}, input_type=dict]
    For further information visit https://errors.pydantic.dev/2.8/v/missing
@type
  Field required [type=missing, input_value={}, input_type=dict]
    For further information visit https://errors.pydantic.dev/2.8/v/missing
modified
  Field required [type=missing, input_value={}, input_type=dict]
    For further information visit https://errors.pydantic.dev/2.8/v/missing
released
  Field required [type=missing, input_value={}, input_type=dict]
    For further information visit https://errors.pydantic.dev/2.8/v/missing
keyword
  Field required [type=missing, input_value={}, input_type=dict]
    For further information visit https://errors.pydantic.dev/2.8/v/missing
contactPoint
  Field required [type=missing, input_value={}, input_type=dict]
    For further information visit https://errors.pydantic.dev/2.8/v/missing
publisher
  Field required [type=missing, input_value={}, input_type=dict]
    For further information visit https://errors.pydantic.dev/2.8/v/missing
identifier
  Field required [type=missing, input_value={}, input_type=dict]
    For further information visit https://errors.pydantic.dev/2.8/v/missing
description
  Field required [type=missing, input_value={}, input_type=dict]
    For further information visit https://errors.pydantic.dev/2.8/v/missing
title
  Field required [type=missing, input_value={}, input_type=dict]
    For further information visit https://errors.pydantic.dev/2.8/v/missing
programCode
  Field required [type=missing, input_value={}, input_type=dict]
    For further information visit https://errors.pydantic.dev/2.8/v/missing
distribution
  Field required [type=missing, input_value={}, input_type=dict]
    For further information visit https://errors.pydantic.dev/2.8/v/missing
theme
  Field required [type=missing, input_value={}, input_type=dict]
    For further information visit https://errors.pydantic.dev/2.8/v/missing
2024-08-23 12:40:37 - ERROR - Validation error for dataset: Unknown title
Traceback (most recent call last):
  File "C:\Users\edmun\Projects\Repositories\healthpartners-interview\src\healthpartners_interview\download.py", line 31, in fetch_datasets
    dataset = Dataset(**current_item)
              ^^^^^^^^^^^^^^^^^^^^^^^
  File "C:\Users\edmun\Projects\Repositories\healthpartners-interview\.venv\Lib\site-packages\pydantic\main.py", line 193, in __init__
    self.__pydantic_validator__.validate_python(data, self_instance=self)
pydantic_core._pydantic_core.ValidationError: 16 validation errors for Dataset
accessLevel
  Field required [type=missing, input_value={}, input_type=dict]
    For further information visit https://errors.pydantic.dev/2.8/v/missing
landingPage
  Field required [type=missing, input_value={}, input_type=dict]
    For further information visit https://errors.pydantic.dev/2.8/v/missing
bureauCode
  Field required [type=missing, input_value={}, input_type=dict]
    For further information visit https://errors.pydantic.dev/2.8/v/missing
issued
  Field required [type=missing, input_value={}, input_type=dict]
    For further information visit https://errors.pydantic.dev/2.8/v/missing
@type
  Field required [type=missing, input_value={}, input_type=dict]
    For further information visit https://errors.pydantic.dev/2.8/v/missing
modified
  Field required [type=missing, input_value={}, input_type=dict]
    For further information visit https://errors.pydantic.dev/2.8/v/missing
released
  Field required [type=missing, input_value={}, input_type=dict]
    For further information visit https://errors.pydantic.dev/2.8/v/missing
keyword
  Field required [type=missing, input_value={}, input_type=dict]
    For further information visit https://errors.pydantic.dev/2.8/v/missing
contactPoint
  Field required [type=missing, input_value={}, input_type=dict]
    For further information visit https://errors.pydantic.dev/2.8/v/missing
publisher
  Field required [type=missing, input_value={}, input_type=dict]
    For further information visit https://errors.pydantic.dev/2.8/v/missing
identifier
  Field required [type=missing, input_value={}, input_type=dict]
    For further information visit https://errors.pydantic.dev/2.8/v/missing
description
  Field required [type=missing, input_value={}, input_type=dict]
    For further information visit https://errors.pydantic.dev/2.8/v/missing
title
  Field required [type=missing, input_value={}, input_type=dict]
    For further information visit https://errors.pydantic.dev/2.8/v/missing
programCode
  Field required [type=missing, input_value={}, input_type=dict]
    For further information visit https://errors.pydantic.dev/2.8/v/missing
distribution
  Field required [type=missing, input_value={}, input_type=dict]
    For further information visit https://errors.pydantic.dev/2.8/v/missing
theme
  Field required [type=missing, input_value={}, input_type=dict]
    For further information visit https://errors.pydantic.dev/2.8/v/missing
2024-08-23 12:40:37 - ERROR - Validation error for dataset: Unknown title
Traceback (most recent call last):
  File "C:\Users\edmun\Projects\Repositories\healthpartners-interview\src\healthpartners_interview\download.py", line 31, in fetch_datasets
    dataset = Dataset(**current_item)
              ^^^^^^^^^^^^^^^^^^^^^^^
  File "C:\Users\edmun\Projects\Repositories\healthpartners-interview\.venv\Lib\site-packages\pydantic\main.py", line 193, in __init__
    self.__pydantic_validator__.validate_python(data, self_instance=self)
pydantic_core._pydantic_core.ValidationError: 16 validation errors for Dataset
accessLevel
  Field required [type=missing, input_value={}, input_type=dict]
    For further information visit https://errors.pydantic.dev/2.8/v/missing
landingPage
  Field required [type=missing, input_value={}, input_type=dict]
    For further information visit https://errors.pydantic.dev/2.8/v/missing
bureauCode
  Field required [type=missing, input_value={}, input_type=dict]
    For further information visit https://errors.pydantic.dev/2.8/v/missing
issued
  Field required [type=missing, input_value={}, input_type=dict]
    For further information visit https://errors.pydantic.dev/2.8/v/missing
@type
  Field required [type=missing, input_value={}, input_type=dict]
    For further information visit https://errors.pydantic.dev/2.8/v/missing
modified
  Field required [type=missing, input_value={}, input_type=dict]
    For further information visit https://errors.pydantic.dev/2.8/v/missing
released
  Field required [type=missing, input_value={}, input_type=dict]
    For further information visit https://errors.pydantic.dev/2.8/v/missing
keyword
  Field required [type=missing, input_value={}, input_type=dict]
    For further information visit https://errors.pydantic.dev/2.8/v/missing
contactPoint
  Field required [type=missing, input_value={}, input_type=dict]
    For further information visit https://errors.pydantic.dev/2.8/v/missing
publisher
  Field required [type=missing, input_value={}, input_type=dict]
    For further information visit https://errors.pydantic.dev/2.8/v/missing
identifier
  Field required [type=missing, input_value={}, input_type=dict]
    For further information visit https://errors.pydantic.dev/2.8/v/missing
description
  Field required [type=missing, input_value={}, input_type=dict]
    For further information visit https://errors.pydantic.dev/2.8/v/missing
title
  Field required [type=missing, input_value={}, input_type=dict]
    For further information visit https://errors.pydantic.dev/2.8/v/missing
programCode
  Field required [type=missing, input_value={}, input_type=dict]
    For further information visit https://errors.pydantic.dev/2.8/v/missing
distribution
  Field required [type=missing, input_value={}, input_type=dict]
    For further information visit https://errors.pydantic.dev/2.8/v/missing
theme
  Field required [type=missing, input_value={}, input_type=dict]
    For further information visit https://errors.pydantic.dev/2.8/v/missing
2024-08-23 12:40:37 - ERROR - Validation error for dataset: Unknown title
Traceback (most recent call last):
  File "C:\Users\edmun\Projects\Repositories\healthpartners-interview\src\healthpartners_interview\download.py", line 31, in fetch_datasets
    dataset = Dataset(**current_item)
              ^^^^^^^^^^^^^^^^^^^^^^^
  File "C:\Users\edmun\Projects\Repositories\healthpartners-interview\.venv\Lib\site-packages\pydantic\main.py", line 193, in __init__
    self.__pydantic_validator__.validate_python(data, self_instance=self)
pydantic_core._pydantic_core.ValidationError: 16 validation errors for Dataset
accessLevel
  Field required [type=missing, input_value={'item': 'theme'}, input_type=dict]
    For further information visit https://errors.pydantic.dev/2.8/v/missing
landingPage
  Field required [type=missing, input_value={'item': 'theme'}, input_type=dict]
    For further information visit https://errors.pydantic.dev/2.8/v/missing
bureauCode
  Field required [type=missing, input_value={'item': 'theme'}, input_type=dict]
    For further information visit https://errors.pydantic.dev/2.8/v/missing
issued
  Field required [type=missing, input_value={'item': 'theme'}, input_type=dict]
    For further information visit https://errors.pydantic.dev/2.8/v/missing
@type
  Field required [type=missing, input_value={'item': 'theme'}, input_type=dict]
    For further information visit https://errors.pydantic.dev/2.8/v/missing
modified
  Field required [type=missing, input_value={'item': 'theme'}, input_type=dict]
    For further information visit https://errors.pydantic.dev/2.8/v/missing
released
  Field required [type=missing, input_value={'item': 'theme'}, input_type=dict]
    For further information visit https://errors.pydantic.dev/2.8/v/missing
keyword
  Field required [type=missing, input_value={'item': 'theme'}, input_type=dict]
    For further information visit https://errors.pydantic.dev/2.8/v/missing
contactPoint
  Field required [type=missing, input_value={'item': 'theme'}, input_type=dict]
    For further information visit https://errors.pydantic.dev/2.8/v/missing
publisher
  Field required [type=missing, input_value={'item': 'theme'}, input_type=dict]
    For further information visit https://errors.pydantic.dev/2.8/v/missing
identifier
  Field required [type=missing, input_value={'item': 'theme'}, input_type=dict]
    For further information visit https://errors.pydantic.dev/2.8/v/missing
description
  Field required [type=missing, input_value={'item': 'theme'}, input_type=dict]
    For further information visit https://errors.pydantic.dev/2.8/v/missing
title
  Field required [type=missing, input_value={'item': 'theme'}, input_type=dict]
    For further information visit https://errors.pydantic.dev/2.8/v/missing
programCode
  Field required [type=missing, input_value={'item': 'theme'}, input_type=dict]
    For further information visit https://errors.pydantic.dev/2.8/v/missing
distribution
  Field required [type=missing, input_value={'item': 'theme'}, input_type=dict]
    For further information visit https://errors.pydantic.dev/2.8/v/missing
theme
  Field required [type=missing, input_value={'item': 'theme'}, input_type=dict]
    For further information visit https://errors.pydantic.dev/2.8/v/missing
2024-08-23 12:40:37 - ERROR - Validation error for dataset: Unknown title
Traceback (most recent call last):
  File "C:\Users\edmun\Projects\Repositories\healthpartners-interview\src\healthpartners_interview\download.py", line 31, in fetch_datasets
    dataset = Dataset(**current_item)
              ^^^^^^^^^^^^^^^^^^^^^^^
  File "C:\Users\edmun\Projects\Repositories\healthpartners-interview\.venv\Lib\site-packages\pydantic\main.py", line 193, in __init__
    self.__pydantic_validator__.validate_python(data, self_instance=self)
pydantic_core._pydantic_core.ValidationError: 16 validation errors for Dataset
accessLevel
  Field required [type=missing, input_value={}, input_type=dict]
    For further information visit https://errors.pydantic.dev/2.8/v/missing
landingPage
  Field required [type=missing, input_value={}, input_type=dict]
    For further information visit https://errors.pydantic.dev/2.8/v/missing
bureauCode
  Field required [type=missing, input_value={}, input_type=dict]
    For further information visit https://errors.pydantic.dev/2.8/v/missing
issued
  Field required [type=missing, input_value={}, input_type=dict]
    For further information visit https://errors.pydantic.dev/2.8/v/missing
@type
  Field required [type=missing, input_value={}, input_type=dict]
    For further information visit https://errors.pydantic.dev/2.8/v/missing
modified
  Field required [type=missing, input_value={}, input_type=dict]
    For further information visit https://errors.pydantic.dev/2.8/v/missing
released
  Field required [type=missing, input_value={}, input_type=dict]
    For further information visit https://errors.pydantic.dev/2.8/v/missing
keyword
  Field required [type=missing, input_value={}, input_type=dict]
    For further information visit https://errors.pydantic.dev/2.8/v/missing
contactPoint
  Field required [type=missing, input_value={}, input_type=dict]
    For further information visit https://errors.pydantic.dev/2.8/v/missing
publisher
  Field required [type=missing, input_value={}, input_type=dict]
    For further information visit https://errors.pydantic.dev/2.8/v/missing
identifier
  Field required [type=missing, input_value={}, input_type=dict]
    For further information visit https://errors.pydantic.dev/2.8/v/missing
description
  Field required [type=missing, input_value={}, input_type=dict]
    For further information visit https://errors.pydantic.dev/2.8/v/missing
title
  Field required [type=missing, input_value={}, input_type=dict]
    For further information visit https://errors.pydantic.dev/2.8/v/missing
programCode
  Field required [type=missing, input_value={}, input_type=dict]
    For further information visit https://errors.pydantic.dev/2.8/v/missing
distribution
  Field required [type=missing, input_value={}, input_type=dict]
    For further information visit https://errors.pydantic.dev/2.8/v/missing
theme
  Field required [type=missing, input_value={}, input_type=dict]
    For further information visit https://errors.pydantic.dev/2.8/v/missing
2024-08-23 12:40:37 - ERROR - Validation error for dataset: Unknown title
Traceback (most recent call last):
  File "C:\Users\edmun\Projects\Repositories\healthpartners-interview\src\healthpartners_interview\download.py", line 31, in fetch_datasets
    dataset = Dataset(**current_item)
              ^^^^^^^^^^^^^^^^^^^^^^^
  File "C:\Users\edmun\Projects\Repositories\healthpartners-interview\.venv\Lib\site-packages\pydantic\main.py", line 193, in __init__
    self.__pydantic_validator__.validate_python(data, self_instance=self)
pydantic_core._pydantic_core.ValidationError: 16 validation errors for Dataset
accessLevel
  Field required [type=missing, input_value={}, input_type=dict]
    For further information visit https://errors.pydantic.dev/2.8/v/missing
landingPage
  Field required [type=missing, input_value={}, input_type=dict]
    For further information visit https://errors.pydantic.dev/2.8/v/missing
bureauCode
  Field required [type=missing, input_value={}, input_type=dict]
    For further information visit https://errors.pydantic.dev/2.8/v/missing
issued
  Field required [type=missing, input_value={}, input_type=dict]
    For further information visit https://errors.pydantic.dev/2.8/v/missing
@type
  Field required [type=missing, input_value={}, input_type=dict]
    For further information visit https://errors.pydantic.dev/2.8/v/missing
modified
  Field required [type=missing, input_value={}, input_type=dict]
    For further information visit https://errors.pydantic.dev/2.8/v/missing
released
  Field required [type=missing, input_value={}, input_type=dict]
    For further information visit https://errors.pydantic.dev/2.8/v/missing
keyword
  Field required [type=missing, input_value={}, input_type=dict]
    For further information visit https://errors.pydantic.dev/2.8/v/missing
contactPoint
  Field required [type=missing, input_value={}, input_type=dict]
    For further information visit https://errors.pydantic.dev/2.8/v/missing
publisher
  Field required [type=missing, input_value={}, input_type=dict]
    For further information visit https://errors.pydantic.dev/2.8/v/missing
identifier
  Field required [type=missing, input_value={}, input_type=dict]
    For further information visit https://errors.pydantic.dev/2.8/v/missing
description
  Field required [type=missing, input_value={}, input_type=dict]
    For further information visit https://errors.pydantic.dev/2.8/v/missing
title
  Field required [type=missing, input_value={}, input_type=dict]
    For further information visit https://errors.pydantic.dev/2.8/v/missing
programCode
  Field required [type=missing, input_value={}, input_type=dict]
    For further information visit https://errors.pydantic.dev/2.8/v/missing
distribution
  Field required [type=missing, input_value={}, input_type=dict]
    For further information visit https://errors.pydantic.dev/2.8/v/missing
theme
  Field required [type=missing, input_value={}, input_type=dict]
    For further information visit https://errors.pydantic.dev/2.8/v/missing
2024-08-23 12:40:37 - ERROR - Validation error for dataset: Unknown title
Traceback (most recent call last):
  File "C:\Users\edmun\Projects\Repositories\healthpartners-interview\src\healthpartners_interview\download.py", line 31, in fetch_datasets
    dataset = Dataset(**current_item)
              ^^^^^^^^^^^^^^^^^^^^^^^
  File "C:\Users\edmun\Projects\Repositories\healthpartners-interview\.venv\Lib\site-packages\pydantic\main.py", line 193, in __init__
    self.__pydantic_validator__.validate_python(data, self_instance=self)
pydantic_core._pydantic_core.ValidationError: 16 validation errors for Dataset
accessLevel
  Field required [type=missing, input_value={}, input_type=dict]
    For further information visit https://errors.pydantic.dev/2.8/v/missing
landingPage
  Field required [type=missing, input_value={}, input_type=dict]
    For further information visit https://errors.pydantic.dev/2.8/v/missing
bureauCode
  Field required [type=missing, input_value={}, input_type=dict]
    For further information visit https://errors.pydantic.dev/2.8/v/missing
issued
  Field required [type=missing, input_value={}, input_type=dict]
    For further information visit https://errors.pydantic.dev/2.8/v/missing
@type
  Field required [type=missing, input_value={}, input_type=dict]
    For further information visit https://errors.pydantic.dev/2.8/v/missing
modified
  Field required [type=missing, input_value={}, input_type=dict]
    For further information visit https://errors.pydantic.dev/2.8/v/missing
released
  Field required [type=missing, input_value={}, input_type=dict]
    For further information visit https://errors.pydantic.dev/2.8/v/missing
keyword
  Field required [type=missing, input_value={}, input_type=dict]
    For further information visit https://errors.pydantic.dev/2.8/v/missing
contactPoint
  Field required [type=missing, input_value={}, input_type=dict]
    For further information visit https://errors.pydantic.dev/2.8/v/missing
publisher
  Field required [type=missing, input_value={}, input_type=dict]
    For further information visit https://errors.pydantic.dev/2.8/v/missing
identifier
  Field required [type=missing, input_value={}, input_type=dict]
    For further information visit https://errors.pydantic.dev/2.8/v/missing
description
  Field required [type=missing, input_value={}, input_type=dict]
    For further information visit https://errors.pydantic.dev/2.8/v/missing
title
  Field required [type=missing, input_value={}, input_type=dict]
    For further information visit https://errors.pydantic.dev/2.8/v/missing
programCode
  Field required [type=missing, input_value={}, input_type=dict]
    For further information visit https://errors.pydantic.dev/2.8/v/missing
distribution
  Field required [type=missing, input_value={}, input_type=dict]
    For further information visit https://errors.pydantic.dev/2.8/v/missing
theme
  Field required [type=missing, input_value={}, input_type=dict]
    For further information visit https://errors.pydantic.dev/2.8/v/missing
2024-08-23 12:40:37 - ERROR - Validation error for dataset: Unknown title
Traceback (most recent call last):
  File "C:\Users\edmun\Projects\Repositories\healthpartners-interview\src\healthpartners_interview\download.py", line 31, in fetch_datasets
    dataset = Dataset(**current_item)
              ^^^^^^^^^^^^^^^^^^^^^^^
  File "C:\Users\edmun\Projects\Repositories\healthpartners-interview\.venv\Lib\site-packages\pydantic\main.py", line 193, in __init__
    self.__pydantic_validator__.validate_python(data, self_instance=self)
pydantic_core._pydantic_core.ValidationError: 16 validation errors for Dataset
accessLevel
  Field required [type=missing, input_value={'item': 'theme'}, input_type=dict]
    For further information visit https://errors.pydantic.dev/2.8/v/missing
landingPage
  Field required [type=missing, input_value={'item': 'theme'}, input_type=dict]
    For further information visit https://errors.pydantic.dev/2.8/v/missing
bureauCode
  Field required [type=missing, input_value={'item': 'theme'}, input_type=dict]
    For further information visit https://errors.pydantic.dev/2.8/v/missing
issued
  Field required [type=missing, input_value={'item': 'theme'}, input_type=dict]
    For further information visit https://errors.pydantic.dev/2.8/v/missing
@type
  Field required [type=missing, input_value={'item': 'theme'}, input_type=dict]
    For further information visit https://errors.pydantic.dev/2.8/v/missing
modified
  Field required [type=missing, input_value={'item': 'theme'}, input_type=dict]
    For further information visit https://errors.pydantic.dev/2.8/v/missing
released
  Field required [type=missing, input_value={'item': 'theme'}, input_type=dict]
    For further information visit https://errors.pydantic.dev/2.8/v/missing
keyword
  Field required [type=missing, input_value={'item': 'theme'}, input_type=dict]
    For further information visit https://errors.pydantic.dev/2.8/v/missing
contactPoint
  Field required [type=missing, input_value={'item': 'theme'}, input_type=dict]
    For further information visit https://errors.pydantic.dev/2.8/v/missing
publisher
  Field required [type=missing, input_value={'item': 'theme'}, input_type=dict]
    For further information visit https://errors.pydantic.dev/2.8/v/missing
identifier
  Field required [type=missing, input_value={'item': 'theme'}, input_type=dict]
    For further information visit https://errors.pydantic.dev/2.8/v/missing
description
  Field required [type=missing, input_value={'item': 'theme'}, input_type=dict]
    For further information visit https://errors.pydantic.dev/2.8/v/missing
title
  Field required [type=missing, input_value={'item': 'theme'}, input_type=dict]
    For further information visit https://errors.pydantic.dev/2.8/v/missing
programCode
  Field required [type=missing, input_value={'item': 'theme'}, input_type=dict]
    For further information visit https://errors.pydantic.dev/2.8/v/missing
distribution
  Field required [type=missing, input_value={'item': 'theme'}, input_type=dict]
    For further information visit https://errors.pydantic.dev/2.8/v/missing
theme
  Field required [type=missing, input_value={'item': 'theme'}, input_type=dict]
    For further information visit https://errors.pydantic.dev/2.8/v/missing
2024-08-23 12:40:37 - ERROR - Validation error for dataset: Unknown title
Traceback (most recent call last):
  File "C:\Users\edmun\Projects\Repositories\healthpartners-interview\src\healthpartners_interview\download.py", line 31, in fetch_datasets
    dataset = Dataset(**current_item)
              ^^^^^^^^^^^^^^^^^^^^^^^
  File "C:\Users\edmun\Projects\Repositories\healthpartners-interview\.venv\Lib\site-packages\pydantic\main.py", line 193, in __init__
    self.__pydantic_validator__.validate_python(data, self_instance=self)
pydantic_core._pydantic_core.ValidationError: 16 validation errors for Dataset
accessLevel
  Field required [type=missing, input_value={}, input_type=dict]
    For further information visit https://errors.pydantic.dev/2.8/v/missing
landingPage
  Field required [type=missing, input_value={}, input_type=dict]
    For further information visit https://errors.pydantic.dev/2.8/v/missing
bureauCode
  Field required [type=missing, input_value={}, input_type=dict]
    For further information visit https://errors.pydantic.dev/2.8/v/missing
issued
  Field required [type=missing, input_value={}, input_type=dict]
    For further information visit https://errors.pydantic.dev/2.8/v/missing
@type
  Field required [type=missing, input_value={}, input_type=dict]
    For further information visit https://errors.pydantic.dev/2.8/v/missing
modified
  Field required [type=missing, input_value={}, input_type=dict]
    For further information visit https://errors.pydantic.dev/2.8/v/missing
released
  Field required [type=missing, input_value={}, input_type=dict]
    For further information visit https://errors.pydantic.dev/2.8/v/missing
keyword
  Field required [type=missing, input_value={}, input_type=dict]
    For further information visit https://errors.pydantic.dev/2.8/v/missing
contactPoint
  Field required [type=missing, input_value={}, input_type=dict]
    For further information visit https://errors.pydantic.dev/2.8/v/missing
publisher
  Field required [type=missing, input_value={}, input_type=dict]
    For further information visit https://errors.pydantic.dev/2.8/v/missing
identifier
  Field required [type=missing, input_value={}, input_type=dict]
    For further information visit https://errors.pydantic.dev/2.8/v/missing
description
  Field required [type=missing, input_value={}, input_type=dict]
    For further information visit https://errors.pydantic.dev/2.8/v/missing
title
  Field required [type=missing, input_value={}, input_type=dict]
    For further information visit https://errors.pydantic.dev/2.8/v/missing
programCode
  Field required [type=missing, input_value={}, input_type=dict]
    For further information visit https://errors.pydantic.dev/2.8/v/missing
distribution
  Field required [type=missing, input_value={}, input_type=dict]
    For further information visit https://errors.pydantic.dev/2.8/v/missing
theme
  Field required [type=missing, input_value={}, input_type=dict]
    For further information visit https://errors.pydantic.dev/2.8/v/missing
2024-08-23 12:40:37 - ERROR - Validation error for dataset: Unknown title
Traceback (most recent call last):
  File "C:\Users\edmun\Projects\Repositories\healthpartners-interview\src\healthpartners_interview\download.py", line 31, in fetch_datasets
    dataset = Dataset(**current_item)
              ^^^^^^^^^^^^^^^^^^^^^^^
  File "C:\Users\edmun\Projects\Repositories\healthpartners-interview\.venv\Lib\site-packages\pydantic\main.py", line 193, in __init__
    self.__pydantic_validator__.validate_python(data, self_instance=self)
pydantic_core._pydantic_core.ValidationError: 16 validation errors for Dataset
accessLevel
  Field required [type=missing, input_value={}, input_type=dict]
    For further information visit https://errors.pydantic.dev/2.8/v/missing
landingPage
  Field required [type=missing, input_value={}, input_type=dict]
    For further information visit https://errors.pydantic.dev/2.8/v/missing
bureauCode
  Field required [type=missing, input_value={}, input_type=dict]
    For further information visit https://errors.pydantic.dev/2.8/v/missing
issued
  Field required [type=missing, input_value={}, input_type=dict]
    For further information visit https://errors.pydantic.dev/2.8/v/missing
@type
  Field required [type=missing, input_value={}, input_type=dict]
    For further information visit https://errors.pydantic.dev/2.8/v/missing
modified
  Field required [type=missing, input_value={}, input_type=dict]
    For further information visit https://errors.pydantic.dev/2.8/v/missing
released
  Field required [type=missing, input_value={}, input_type=dict]
    For further information visit https://errors.pydantic.dev/2.8/v/missing
keyword
  Field required [type=missing, input_value={}, input_type=dict]
    For further information visit https://errors.pydantic.dev/2.8/v/missing
contactPoint
  Field required [type=missing, input_value={}, input_type=dict]
    For further information visit https://errors.pydantic.dev/2.8/v/missing
publisher
  Field required [type=missing, input_value={}, input_type=dict]
    For further information visit https://errors.pydantic.dev/2.8/v/missing
identifier
  Field required [type=missing, input_value={}, input_type=dict]
    For further information visit https://errors.pydantic.dev/2.8/v/missing
description
  Field required [type=missing, input_value={}, input_type=dict]
    For further information visit https://errors.pydantic.dev/2.8/v/missing
title
  Field required [type=missing, input_value={}, input_type=dict]
    For further information visit https://errors.pydantic.dev/2.8/v/missing
programCode
  Field required [type=missing, input_value={}, input_type=dict]
    For further information visit https://errors.pydantic.dev/2.8/v/missing
distribution
  Field required [type=missing, input_value={}, input_type=dict]
    For further information visit https://errors.pydantic.dev/2.8/v/missing
theme
  Field required [type=missing, input_value={}, input_type=dict]
    For further information visit https://errors.pydantic.dev/2.8/v/missing
2024-08-23 12:40:37 - ERROR - Validation error for dataset: Unknown title
Traceback (most recent call last):
  File "C:\Users\edmun\Projects\Repositories\healthpartners-interview\src\healthpartners_interview\download.py", line 31, in fetch_datasets
    dataset = Dataset(**current_item)
              ^^^^^^^^^^^^^^^^^^^^^^^
  File "C:\Users\edmun\Projects\Repositories\healthpartners-interview\.venv\Lib\site-packages\pydantic\main.py", line 193, in __init__
    self.__pydantic_validator__.validate_python(data, self_instance=self)
pydantic_core._pydantic_core.ValidationError: 16 validation errors for Dataset
accessLevel
  Field required [type=missing, input_value={}, input_type=dict]
    For further information visit https://errors.pydantic.dev/2.8/v/missing
landingPage
  Field required [type=missing, input_value={}, input_type=dict]
    For further information visit https://errors.pydantic.dev/2.8/v/missing
bureauCode
  Field required [type=missing, input_value={}, input_type=dict]
    For further information visit https://errors.pydantic.dev/2.8/v/missing
issued
  Field required [type=missing, input_value={}, input_type=dict]
    For further information visit https://errors.pydantic.dev/2.8/v/missing
@type
  Field required [type=missing, input_value={}, input_type=dict]
    For further information visit https://errors.pydantic.dev/2.8/v/missing
modified
  Field required [type=missing, input_value={}, input_type=dict]
    For further information visit https://errors.pydantic.dev/2.8/v/missing
released
  Field required [type=missing, input_value={}, input_type=dict]
    For further information visit https://errors.pydantic.dev/2.8/v/missing
keyword
  Field required [type=missing, input_value={}, input_type=dict]
    For further information visit https://errors.pydantic.dev/2.8/v/missing
contactPoint
  Field required [type=missing, input_value={}, input_type=dict]
    For further information visit https://errors.pydantic.dev/2.8/v/missing
publisher
  Field required [type=missing, input_value={}, input_type=dict]
    For further information visit https://errors.pydantic.dev/2.8/v/missing
identifier
  Field required [type=missing, input_value={}, input_type=dict]
    For further information visit https://errors.pydantic.dev/2.8/v/missing
description
  Field required [type=missing, input_value={}, input_type=dict]
    For further information visit https://errors.pydantic.dev/2.8/v/missing
title
  Field required [type=missing, input_value={}, input_type=dict]
    For further information visit https://errors.pydantic.dev/2.8/v/missing
programCode
  Field required [type=missing, input_value={}, input_type=dict]
    For further information visit https://errors.pydantic.dev/2.8/v/missing
distribution
  Field required [type=missing, input_value={}, input_type=dict]
    For further information visit https://errors.pydantic.dev/2.8/v/missing
theme
  Field required [type=missing, input_value={}, input_type=dict]
    For further information visit https://errors.pydantic.dev/2.8/v/missing
2024-08-23 12:40:37 - ERROR - Validation error for dataset: Unknown title
Traceback (most recent call last):
  File "C:\Users\edmun\Projects\Repositories\healthpartners-interview\src\healthpartners_interview\download.py", line 31, in fetch_datasets
    dataset = Dataset(**current_item)
              ^^^^^^^^^^^^^^^^^^^^^^^
  File "C:\Users\edmun\Projects\Repositories\healthpartners-interview\.venv\Lib\site-packages\pydantic\main.py", line 193, in __init__
    self.__pydantic_validator__.validate_python(data, self_instance=self)
pydantic_core._pydantic_core.ValidationError: 16 validation errors for Dataset
accessLevel
  Field required [type=missing, input_value={'item': 'title'}, input_type=dict]
    For further information visit https://errors.pydantic.dev/2.8/v/missing
landingPage
  Field required [type=missing, input_value={'item': 'title'}, input_type=dict]
    For further information visit https://errors.pydantic.dev/2.8/v/missing
bureauCode
  Field required [type=missing, input_value={'item': 'title'}, input_type=dict]
    For further information visit https://errors.pydantic.dev/2.8/v/missing
issued
  Field required [type=missing, input_value={'item': 'title'}, input_type=dict]
    For further information visit https://errors.pydantic.dev/2.8/v/missing
@type
  Field required [type=missing, input_value={'item': 'title'}, input_type=dict]
    For further information visit https://errors.pydantic.dev/2.8/v/missing
modified
  Field required [type=missing, input_value={'item': 'title'}, input_type=dict]
    For further information visit https://errors.pydantic.dev/2.8/v/missing
released
  Field required [type=missing, input_value={'item': 'title'}, input_type=dict]
    For further information visit https://errors.pydantic.dev/2.8/v/missing
keyword
  Field required [type=missing, input_value={'item': 'title'}, input_type=dict]
    For further information visit https://errors.pydantic.dev/2.8/v/missing
contactPoint
  Field required [type=missing, input_value={'item': 'title'}, input_type=dict]
    For further information visit https://errors.pydantic.dev/2.8/v/missing
publisher
  Field required [type=missing, input_value={'item': 'title'}, input_type=dict]
    For further information visit https://errors.pydantic.dev/2.8/v/missing
identifier
  Field required [type=missing, input_value={'item': 'title'}, input_type=dict]
    For further information visit https://errors.pydantic.dev/2.8/v/missing
description
  Field required [type=missing, input_value={'item': 'title'}, input_type=dict]
    For further information visit https://errors.pydantic.dev/2.8/v/missing
title
  Field required [type=missing, input_value={'item': 'title'}, input_type=dict]
    For further information visit https://errors.pydantic.dev/2.8/v/missing
programCode
  Field required [type=missing, input_value={'item': 'title'}, input_type=dict]
    For further information visit https://errors.pydantic.dev/2.8/v/missing
distribution
  Field required [type=missing, input_value={'item': 'title'}, input_type=dict]
    For further information visit https://errors.pydantic.dev/2.8/v/missing
theme
  Field required [type=missing, input_value={'item': 'title'}, input_type=dict]
    For further information visit https://errors.pydantic.dev/2.8/v/missing
2024-08-23 12:40:37 - ERROR - Validation error for dataset: Unknown title
Traceback (most recent call last):
  File "C:\Users\edmun\Projects\Repositories\healthpartners-interview\src\healthpartners_interview\download.py", line 31, in fetch_datasets
    dataset = Dataset(**current_item)
              ^^^^^^^^^^^^^^^^^^^^^^^
  File "C:\Users\edmun\Projects\Repositories\healthpartners-interview\.venv\Lib\site-packages\pydantic\main.py", line 193, in __init__
    self.__pydantic_validator__.validate_python(data, self_instance=self)
pydantic_core._pydantic_core.ValidationError: 16 validation errors for Dataset
accessLevel
  Field required [type=missing, input_value={}, input_type=dict]
    For further information visit https://errors.pydantic.dev/2.8/v/missing
landingPage
  Field required [type=missing, input_value={}, input_type=dict]
    For further information visit https://errors.pydantic.dev/2.8/v/missing
bureauCode
  Field required [type=missing, input_value={}, input_type=dict]
    For further information visit https://errors.pydantic.dev/2.8/v/missing
issued
  Field required [type=missing, input_value={}, input_type=dict]
    For further information visit https://errors.pydantic.dev/2.8/v/missing
@type
  Field required [type=missing, input_value={}, input_type=dict]
    For further information visit https://errors.pydantic.dev/2.8/v/missing
modified
  Field required [type=missing, input_value={}, input_type=dict]
    For further information visit https://errors.pydantic.dev/2.8/v/missing
released
  Field required [type=missing, input_value={}, input_type=dict]
    For further information visit https://errors.pydantic.dev/2.8/v/missing
keyword
  Field required [type=missing, input_value={}, input_type=dict]
    For further information visit https://errors.pydantic.dev/2.8/v/missing
contactPoint
  Field required [type=missing, input_value={}, input_type=dict]
    For further information visit https://errors.pydantic.dev/2.8/v/missing
publisher
  Field required [type=missing, input_value={}, input_type=dict]
    For further information visit https://errors.pydantic.dev/2.8/v/missing
identifier
  Field required [type=missing, input_value={}, input_type=dict]
    For further information visit https://errors.pydantic.dev/2.8/v/missing
description
  Field required [type=missing, input_value={}, input_type=dict]
    For further information visit https://errors.pydantic.dev/2.8/v/missing
title
  Field required [type=missing, input_value={}, input_type=dict]
    For further information visit https://errors.pydantic.dev/2.8/v/missing
programCode
  Field required [type=missing, input_value={}, input_type=dict]
    For further information visit https://errors.pydantic.dev/2.8/v/missing
distribution
  Field required [type=missing, input_value={}, input_type=dict]
    For further information visit https://errors.pydantic.dev/2.8/v/missing
theme
  Field required [type=missing, input_value={}, input_type=dict]
    For further information visit https://errors.pydantic.dev/2.8/v/missing
2024-08-23 12:40:37 - ERROR - Validation error for dataset: Unknown title
Traceback (most recent call last):
  File "C:\Users\edmun\Projects\Repositories\healthpartners-interview\src\healthpartners_interview\download.py", line 31, in fetch_datasets
    dataset = Dataset(**current_item)
              ^^^^^^^^^^^^^^^^^^^^^^^
  File "C:\Users\edmun\Projects\Repositories\healthpartners-interview\.venv\Lib\site-packages\pydantic\main.py", line 193, in __init__
    self.__pydantic_validator__.validate_python(data, self_instance=self)
pydantic_core._pydantic_core.ValidationError: 16 validation errors for Dataset
accessLevel
  Field required [type=missing, input_value={}, input_type=dict]
    For further information visit https://errors.pydantic.dev/2.8/v/missing
landingPage
  Field required [type=missing, input_value={}, input_type=dict]
    For further information visit https://errors.pydantic.dev/2.8/v/missing
bureauCode
  Field required [type=missing, input_value={}, input_type=dict]
    For further information visit https://errors.pydantic.dev/2.8/v/missing
issued
  Field required [type=missing, input_value={}, input_type=dict]
    For further information visit https://errors.pydantic.dev/2.8/v/missing
@type
  Field required [type=missing, input_value={}, input_type=dict]
    For further information visit https://errors.pydantic.dev/2.8/v/missing
modified
  Field required [type=missing, input_value={}, input_type=dict]
    For further information visit https://errors.pydantic.dev/2.8/v/missing
released
  Field required [type=missing, input_value={}, input_type=dict]
    For further information visit https://errors.pydantic.dev/2.8/v/missing
keyword
  Field required [type=missing, input_value={}, input_type=dict]
    For further information visit https://errors.pydantic.dev/2.8/v/missing
contactPoint
  Field required [type=missing, input_value={}, input_type=dict]
    For further information visit https://errors.pydantic.dev/2.8/v/missing
publisher
  Field required [type=missing, input_value={}, input_type=dict]
    For further information visit https://errors.pydantic.dev/2.8/v/missing
identifier
  Field required [type=missing, input_value={}, input_type=dict]
    For further information visit https://errors.pydantic.dev/2.8/v/missing
description
  Field required [type=missing, input_value={}, input_type=dict]
    For further information visit https://errors.pydantic.dev/2.8/v/missing
title
  Field required [type=missing, input_value={}, input_type=dict]
    For further information visit https://errors.pydantic.dev/2.8/v/missing
programCode
  Field required [type=missing, input_value={}, input_type=dict]
    For further information visit https://errors.pydantic.dev/2.8/v/missing
distribution
  Field required [type=missing, input_value={}, input_type=dict]
    For further information visit https://errors.pydantic.dev/2.8/v/missing
theme
  Field required [type=missing, input_value={}, input_type=dict]
    For further information visit https://errors.pydantic.dev/2.8/v/missing
2024-08-23 12:40:37 - ERROR - Validation error for dataset: Unknown title
Traceback (most recent call last):
  File "C:\Users\edmun\Projects\Repositories\healthpartners-interview\src\healthpartners_interview\download.py", line 31, in fetch_datasets
    dataset = Dataset(**current_item)
              ^^^^^^^^^^^^^^^^^^^^^^^
  File "C:\Users\edmun\Projects\Repositories\healthpartners-interview\.venv\Lib\site-packages\pydantic\main.py", line 193, in __init__
    self.__pydantic_validator__.validate_python(data, self_instance=self)
pydantic_core._pydantic_core.ValidationError: 16 validation errors for Dataset
accessLevel
  Field required [type=missing, input_value={}, input_type=dict]
    For further information visit https://errors.pydantic.dev/2.8/v/missing
landingPage
  Field required [type=missing, input_value={}, input_type=dict]
    For further information visit https://errors.pydantic.dev/2.8/v/missing
bureauCode
  Field required [type=missing, input_value={}, input_type=dict]
    For further information visit https://errors.pydantic.dev/2.8/v/missing
issued
  Field required [type=missing, input_value={}, input_type=dict]
    For further information visit https://errors.pydantic.dev/2.8/v/missing
@type
  Field required [type=missing, input_value={}, input_type=dict]
    For further information visit https://errors.pydantic.dev/2.8/v/missing
modified
  Field required [type=missing, input_value={}, input_type=dict]
    For further information visit https://errors.pydantic.dev/2.8/v/missing
released
  Field required [type=missing, input_value={}, input_type=dict]
    For further information visit https://errors.pydantic.dev/2.8/v/missing
keyword
  Field required [type=missing, input_value={}, input_type=dict]
    For further information visit https://errors.pydantic.dev/2.8/v/missing
contactPoint
  Field required [type=missing, input_value={}, input_type=dict]
    For further information visit https://errors.pydantic.dev/2.8/v/missing
publisher
  Field required [type=missing, input_value={}, input_type=dict]
    For further information visit https://errors.pydantic.dev/2.8/v/missing
identifier
  Field required [type=missing, input_value={}, input_type=dict]
    For further information visit https://errors.pydantic.dev/2.8/v/missing
description
  Field required [type=missing, input_value={}, input_type=dict]
    For further information visit https://errors.pydantic.dev/2.8/v/missing
title
  Field required [type=missing, input_value={}, input_type=dict]
    For further information visit https://errors.pydantic.dev/2.8/v/missing
programCode
  Field required [type=missing, input_value={}, input_type=dict]
    For further information visit https://errors.pydantic.dev/2.8/v/missing
distribution
  Field required [type=missing, input_value={}, input_type=dict]
    For further information visit https://errors.pydantic.dev/2.8/v/missing
theme
  Field required [type=missing, input_value={}, input_type=dict]
    For further information visit https://errors.pydantic.dev/2.8/v/missing
2024-08-23 12:40:37 - ERROR - Validation error for dataset: Unknown title
Traceback (most recent call last):
  File "C:\Users\edmun\Projects\Repositories\healthpartners-interview\src\healthpartners_interview\download.py", line 31, in fetch_datasets
    dataset = Dataset(**current_item)
              ^^^^^^^^^^^^^^^^^^^^^^^
  File "C:\Users\edmun\Projects\Repositories\healthpartners-interview\.venv\Lib\site-packages\pydantic\main.py", line 193, in __init__
    self.__pydantic_validator__.validate_python(data, self_instance=self)
pydantic_core._pydantic_core.ValidationError: 16 validation errors for Dataset
accessLevel
  Field required [type=missing, input_value={'item': 'title'}, input_type=dict]
    For further information visit https://errors.pydantic.dev/2.8/v/missing
landingPage
  Field required [type=missing, input_value={'item': 'title'}, input_type=dict]
    For further information visit https://errors.pydantic.dev/2.8/v/missing
bureauCode
  Field required [type=missing, input_value={'item': 'title'}, input_type=dict]
    For further information visit https://errors.pydantic.dev/2.8/v/missing
issued
  Field required [type=missing, input_value={'item': 'title'}, input_type=dict]
    For further information visit https://errors.pydantic.dev/2.8/v/missing
@type
  Field required [type=missing, input_value={'item': 'title'}, input_type=dict]
    For further information visit https://errors.pydantic.dev/2.8/v/missing
modified
  Field required [type=missing, input_value={'item': 'title'}, input_type=dict]
    For further information visit https://errors.pydantic.dev/2.8/v/missing
released
  Field required [type=missing, input_value={'item': 'title'}, input_type=dict]
    For further information visit https://errors.pydantic.dev/2.8/v/missing
keyword
  Field required [type=missing, input_value={'item': 'title'}, input_type=dict]
    For further information visit https://errors.pydantic.dev/2.8/v/missing
contactPoint
  Field required [type=missing, input_value={'item': 'title'}, input_type=dict]
    For further information visit https://errors.pydantic.dev/2.8/v/missing
publisher
  Field required [type=missing, input_value={'item': 'title'}, input_type=dict]
    For further information visit https://errors.pydantic.dev/2.8/v/missing
identifier
  Field required [type=missing, input_value={'item': 'title'}, input_type=dict]
    For further information visit https://errors.pydantic.dev/2.8/v/missing
description
  Field required [type=missing, input_value={'item': 'title'}, input_type=dict]
    For further information visit https://errors.pydantic.dev/2.8/v/missing
title
  Field required [type=missing, input_value={'item': 'title'}, input_type=dict]
    For further information visit https://errors.pydantic.dev/2.8/v/missing
programCode
  Field required [type=missing, input_value={'item': 'title'}, input_type=dict]
    For further information visit https://errors.pydantic.dev/2.8/v/missing
distribution
  Field required [type=missing, input_value={'item': 'title'}, input_type=dict]
    For further information visit https://errors.pydantic.dev/2.8/v/missing
theme
  Field required [type=missing, input_value={'item': 'title'}, input_type=dict]
    For further information visit https://errors.pydantic.dev/2.8/v/missing
2024-08-23 12:40:37 - ERROR - Validation error for dataset: Unknown title
Traceback (most recent call last):
  File "C:\Users\edmun\Projects\Repositories\healthpartners-interview\src\healthpartners_interview\download.py", line 31, in fetch_datasets
    dataset = Dataset(**current_item)
              ^^^^^^^^^^^^^^^^^^^^^^^
  File "C:\Users\edmun\Projects\Repositories\healthpartners-interview\.venv\Lib\site-packages\pydantic\main.py", line 193, in __init__
    self.__pydantic_validator__.validate_python(data, self_instance=self)
pydantic_core._pydantic_core.ValidationError: 16 validation errors for Dataset
accessLevel
  Field required [type=missing, input_value={}, input_type=dict]
    For further information visit https://errors.pydantic.dev/2.8/v/missing
landingPage
  Field required [type=missing, input_value={}, input_type=dict]
    For further information visit https://errors.pydantic.dev/2.8/v/missing
bureauCode
  Field required [type=missing, input_value={}, input_type=dict]
    For further information visit https://errors.pydantic.dev/2.8/v/missing
issued
  Field required [type=missing, input_value={}, input_type=dict]
    For further information visit https://errors.pydantic.dev/2.8/v/missing
@type
  Field required [type=missing, input_value={}, input_type=dict]
    For further information visit https://errors.pydantic.dev/2.8/v/missing
modified
  Field required [type=missing, input_value={}, input_type=dict]
    For further information visit https://errors.pydantic.dev/2.8/v/missing
released
  Field required [type=missing, input_value={}, input_type=dict]
    For further information visit https://errors.pydantic.dev/2.8/v/missing
keyword
  Field required [type=missing, input_value={}, input_type=dict]
    For further information visit https://errors.pydantic.dev/2.8/v/missing
contactPoint
  Field required [type=missing, input_value={}, input_type=dict]
    For further information visit https://errors.pydantic.dev/2.8/v/missing
publisher
  Field required [type=missing, input_value={}, input_type=dict]
    For further information visit https://errors.pydantic.dev/2.8/v/missing
identifier
  Field required [type=missing, input_value={}, input_type=dict]
    For further information visit https://errors.pydantic.dev/2.8/v/missing
description
  Field required [type=missing, input_value={}, input_type=dict]
    For further information visit https://errors.pydantic.dev/2.8/v/missing
title
  Field required [type=missing, input_value={}, input_type=dict]
    For further information visit https://errors.pydantic.dev/2.8/v/missing
programCode
  Field required [type=missing, input_value={}, input_type=dict]
    For further information visit https://errors.pydantic.dev/2.8/v/missing
distribution
  Field required [type=missing, input_value={}, input_type=dict]
    For further information visit https://errors.pydantic.dev/2.8/v/missing
theme
  Field required [type=missing, input_value={}, input_type=dict]
    For further information visit https://errors.pydantic.dev/2.8/v/missing
2024-08-23 12:40:37 - ERROR - Validation error for dataset: Unknown title
Traceback (most recent call last):
  File "C:\Users\edmun\Projects\Repositories\healthpartners-interview\src\healthpartners_interview\download.py", line 31, in fetch_datasets
    dataset = Dataset(**current_item)
              ^^^^^^^^^^^^^^^^^^^^^^^
  File "C:\Users\edmun\Projects\Repositories\healthpartners-interview\.venv\Lib\site-packages\pydantic\main.py", line 193, in __init__
    self.__pydantic_validator__.validate_python(data, self_instance=self)
pydantic_core._pydantic_core.ValidationError: 16 validation errors for Dataset
accessLevel
  Field required [type=missing, input_value={}, input_type=dict]
    For further information visit https://errors.pydantic.dev/2.8/v/missing
landingPage
  Field required [type=missing, input_value={}, input_type=dict]
    For further information visit https://errors.pydantic.dev/2.8/v/missing
bureauCode
  Field required [type=missing, input_value={}, input_type=dict]
    For further information visit https://errors.pydantic.dev/2.8/v/missing
issued
  Field required [type=missing, input_value={}, input_type=dict]
    For further information visit https://errors.pydantic.dev/2.8/v/missing
@type
  Field required [type=missing, input_value={}, input_type=dict]
    For further information visit https://errors.pydantic.dev/2.8/v/missing
modified
  Field required [type=missing, input_value={}, input_type=dict]
    For further information visit https://errors.pydantic.dev/2.8/v/missing
released
  Field required [type=missing, input_value={}, input_type=dict]
    For further information visit https://errors.pydantic.dev/2.8/v/missing
keyword
  Field required [type=missing, input_value={}, input_type=dict]
    For further information visit https://errors.pydantic.dev/2.8/v/missing
contactPoint
  Field required [type=missing, input_value={}, input_type=dict]
    For further information visit https://errors.pydantic.dev/2.8/v/missing
publisher
  Field required [type=missing, input_value={}, input_type=dict]
    For further information visit https://errors.pydantic.dev/2.8/v/missing
identifier
  Field required [type=missing, input_value={}, input_type=dict]
    For further information visit https://errors.pydantic.dev/2.8/v/missing
description
  Field required [type=missing, input_value={}, input_type=dict]
    For further information visit https://errors.pydantic.dev/2.8/v/missing
title
  Field required [type=missing, input_value={}, input_type=dict]
    For further information visit https://errors.pydantic.dev/2.8/v/missing
programCode
  Field required [type=missing, input_value={}, input_type=dict]
    For further information visit https://errors.pydantic.dev/2.8/v/missing
distribution
  Field required [type=missing, input_value={}, input_type=dict]
    For further information visit https://errors.pydantic.dev/2.8/v/missing
theme
  Field required [type=missing, input_value={}, input_type=dict]
    For further information visit https://errors.pydantic.dev/2.8/v/missing
2024-08-23 12:40:37 - ERROR - Validation error for dataset: Unknown title
Traceback (most recent call last):
  File "C:\Users\edmun\Projects\Repositories\healthpartners-interview\src\healthpartners_interview\download.py", line 31, in fetch_datasets
    dataset = Dataset(**current_item)
              ^^^^^^^^^^^^^^^^^^^^^^^
  File "C:\Users\edmun\Projects\Repositories\healthpartners-interview\.venv\Lib\site-packages\pydantic\main.py", line 193, in __init__
    self.__pydantic_validator__.validate_python(data, self_instance=self)
pydantic_core._pydantic_core.ValidationError: 16 validation errors for Dataset
accessLevel
  Field required [type=missing, input_value={}, input_type=dict]
    For further information visit https://errors.pydantic.dev/2.8/v/missing
landingPage
  Field required [type=missing, input_value={}, input_type=dict]
    For further information visit https://errors.pydantic.dev/2.8/v/missing
bureauCode
  Field required [type=missing, input_value={}, input_type=dict]
    For further information visit https://errors.pydantic.dev/2.8/v/missing
issued
  Field required [type=missing, input_value={}, input_type=dict]
    For further information visit https://errors.pydantic.dev/2.8/v/missing
@type
  Field required [type=missing, input_value={}, input_type=dict]
    For further information visit https://errors.pydantic.dev/2.8/v/missing
modified
  Field required [type=missing, input_value={}, input_type=dict]
    For further information visit https://errors.pydantic.dev/2.8/v/missing
released
  Field required [type=missing, input_value={}, input_type=dict]
    For further information visit https://errors.pydantic.dev/2.8/v/missing
keyword
  Field required [type=missing, input_value={}, input_type=dict]
    For further information visit https://errors.pydantic.dev/2.8/v/missing
contactPoint
  Field required [type=missing, input_value={}, input_type=dict]
    For further information visit https://errors.pydantic.dev/2.8/v/missing
publisher
  Field required [type=missing, input_value={}, input_type=dict]
    For further information visit https://errors.pydantic.dev/2.8/v/missing
identifier
  Field required [type=missing, input_value={}, input_type=dict]
    For further information visit https://errors.pydantic.dev/2.8/v/missing
description
  Field required [type=missing, input_value={}, input_type=dict]
    For further information visit https://errors.pydantic.dev/2.8/v/missing
title
  Field required [type=missing, input_value={}, input_type=dict]
    For further information visit https://errors.pydantic.dev/2.8/v/missing
programCode
  Field required [type=missing, input_value={}, input_type=dict]
    For further information visit https://errors.pydantic.dev/2.8/v/missing
distribution
  Field required [type=missing, input_value={}, input_type=dict]
    For further information visit https://errors.pydantic.dev/2.8/v/missing
theme
  Field required [type=missing, input_value={}, input_type=dict]
    For further information visit https://errors.pydantic.dev/2.8/v/missing
2024-08-23 12:40:37 - ERROR - Validation error for dataset: Unknown title
Traceback (most recent call last):
  File "C:\Users\edmun\Projects\Repositories\healthpartners-interview\src\healthpartners_interview\download.py", line 31, in fetch_datasets
    dataset = Dataset(**current_item)
              ^^^^^^^^^^^^^^^^^^^^^^^
  File "C:\Users\edmun\Projects\Repositories\healthpartners-interview\.venv\Lib\site-packages\pydantic\main.py", line 193, in __init__
    self.__pydantic_validator__.validate_python(data, self_instance=self)
pydantic_core._pydantic_core.ValidationError: 16 validation errors for Dataset
accessLevel
  Field required [type=missing, input_value={'item': 'title'}, input_type=dict]
    For further information visit https://errors.pydantic.dev/2.8/v/missing
landingPage
  Field required [type=missing, input_value={'item': 'title'}, input_type=dict]
    For further information visit https://errors.pydantic.dev/2.8/v/missing
bureauCode
  Field required [type=missing, input_value={'item': 'title'}, input_type=dict]
    For further information visit https://errors.pydantic.dev/2.8/v/missing
issued
  Field required [type=missing, input_value={'item': 'title'}, input_type=dict]
    For further information visit https://errors.pydantic.dev/2.8/v/missing
@type
  Field required [type=missing, input_value={'item': 'title'}, input_type=dict]
    For further information visit https://errors.pydantic.dev/2.8/v/missing
modified
  Field required [type=missing, input_value={'item': 'title'}, input_type=dict]
    For further information visit https://errors.pydantic.dev/2.8/v/missing
released
  Field required [type=missing, input_value={'item': 'title'}, input_type=dict]
    For further information visit https://errors.pydantic.dev/2.8/v/missing
keyword
  Field required [type=missing, input_value={'item': 'title'}, input_type=dict]
    For further information visit https://errors.pydantic.dev/2.8/v/missing
contactPoint
  Field required [type=missing, input_value={'item': 'title'}, input_type=dict]
    For further information visit https://errors.pydantic.dev/2.8/v/missing
publisher
  Field required [type=missing, input_value={'item': 'title'}, input_type=dict]
    For further information visit https://errors.pydantic.dev/2.8/v/missing
identifier
  Field required [type=missing, input_value={'item': 'title'}, input_type=dict]
    For further information visit https://errors.pydantic.dev/2.8/v/missing
description
  Field required [type=missing, input_value={'item': 'title'}, input_type=dict]
    For further information visit https://errors.pydantic.dev/2.8/v/missing
title
  Field required [type=missing, input_value={'item': 'title'}, input_type=dict]
    For further information visit https://errors.pydantic.dev/2.8/v/missing
programCode
  Field required [type=missing, input_value={'item': 'title'}, input_type=dict]
    For further information visit https://errors.pydantic.dev/2.8/v/missing
distribution
  Field required [type=missing, input_value={'item': 'title'}, input_type=dict]
    For further information visit https://errors.pydantic.dev/2.8/v/missing
theme
  Field required [type=missing, input_value={'item': 'title'}, input_type=dict]
    For further information visit https://errors.pydantic.dev/2.8/v/missing
2024-08-23 12:40:37 - ERROR - Validation error for dataset: Unknown title
Traceback (most recent call last):
  File "C:\Users\edmun\Projects\Repositories\healthpartners-interview\src\healthpartners_interview\download.py", line 31, in fetch_datasets
    dataset = Dataset(**current_item)
              ^^^^^^^^^^^^^^^^^^^^^^^
  File "C:\Users\edmun\Projects\Repositories\healthpartners-interview\.venv\Lib\site-packages\pydantic\main.py", line 193, in __init__
    self.__pydantic_validator__.validate_python(data, self_instance=self)
pydantic_core._pydantic_core.ValidationError: 16 validation errors for Dataset
accessLevel
  Field required [type=missing, input_value={}, input_type=dict]
    For further information visit https://errors.pydantic.dev/2.8/v/missing
landingPage
  Field required [type=missing, input_value={}, input_type=dict]
    For further information visit https://errors.pydantic.dev/2.8/v/missing
bureauCode
  Field required [type=missing, input_value={}, input_type=dict]
    For further information visit https://errors.pydantic.dev/2.8/v/missing
issued
  Field required [type=missing, input_value={}, input_type=dict]
    For further information visit https://errors.pydantic.dev/2.8/v/missing
@type
  Field required [type=missing, input_value={}, input_type=dict]
    For further information visit https://errors.pydantic.dev/2.8/v/missing
modified
  Field required [type=missing, input_value={}, input_type=dict]
    For further information visit https://errors.pydantic.dev/2.8/v/missing
released
  Field required [type=missing, input_value={}, input_type=dict]
    For further information visit https://errors.pydantic.dev/2.8/v/missing
keyword
  Field required [type=missing, input_value={}, input_type=dict]
    For further information visit https://errors.pydantic.dev/2.8/v/missing
contactPoint
  Field required [type=missing, input_value={}, input_type=dict]
    For further information visit https://errors.pydantic.dev/2.8/v/missing
publisher
  Field required [type=missing, input_value={}, input_type=dict]
    For further information visit https://errors.pydantic.dev/2.8/v/missing
identifier
  Field required [type=missing, input_value={}, input_type=dict]
    For further information visit https://errors.pydantic.dev/2.8/v/missing
description
  Field required [type=missing, input_value={}, input_type=dict]
    For further information visit https://errors.pydantic.dev/2.8/v/missing
title
  Field required [type=missing, input_value={}, input_type=dict]
    For further information visit https://errors.pydantic.dev/2.8/v/missing
programCode
  Field required [type=missing, input_value={}, input_type=dict]
    For further information visit https://errors.pydantic.dev/2.8/v/missing
distribution
  Field required [type=missing, input_value={}, input_type=dict]
    For further information visit https://errors.pydantic.dev/2.8/v/missing
theme
  Field required [type=missing, input_value={}, input_type=dict]
    For further information visit https://errors.pydantic.dev/2.8/v/missing
2024-08-23 12:40:37 - ERROR - Validation error for dataset: Unknown title
Traceback (most recent call last):
  File "C:\Users\edmun\Projects\Repositories\healthpartners-interview\src\healthpartners_interview\download.py", line 31, in fetch_datasets
    dataset = Dataset(**current_item)
              ^^^^^^^^^^^^^^^^^^^^^^^
  File "C:\Users\edmun\Projects\Repositories\healthpartners-interview\.venv\Lib\site-packages\pydantic\main.py", line 193, in __init__
    self.__pydantic_validator__.validate_python(data, self_instance=self)
pydantic_core._pydantic_core.ValidationError: 16 validation errors for Dataset
accessLevel
  Field required [type=missing, input_value={}, input_type=dict]
    For further information visit https://errors.pydantic.dev/2.8/v/missing
landingPage
  Field required [type=missing, input_value={}, input_type=dict]
    For further information visit https://errors.pydantic.dev/2.8/v/missing
bureauCode
  Field required [type=missing, input_value={}, input_type=dict]
    For further information visit https://errors.pydantic.dev/2.8/v/missing
issued
  Field required [type=missing, input_value={}, input_type=dict]
    For further information visit https://errors.pydantic.dev/2.8/v/missing
@type
  Field required [type=missing, input_value={}, input_type=dict]
    For further information visit https://errors.pydantic.dev/2.8/v/missing
modified
  Field required [type=missing, input_value={}, input_type=dict]
    For further information visit https://errors.pydantic.dev/2.8/v/missing
released
  Field required [type=missing, input_value={}, input_type=dict]
    For further information visit https://errors.pydantic.dev/2.8/v/missing
keyword
  Field required [type=missing, input_value={}, input_type=dict]
    For further information visit https://errors.pydantic.dev/2.8/v/missing
contactPoint
  Field required [type=missing, input_value={}, input_type=dict]
    For further information visit https://errors.pydantic.dev/2.8/v/missing
publisher
  Field required [type=missing, input_value={}, input_type=dict]
    For further information visit https://errors.pydantic.dev/2.8/v/missing
identifier
  Field required [type=missing, input_value={}, input_type=dict]
    For further information visit https://errors.pydantic.dev/2.8/v/missing
description
  Field required [type=missing, input_value={}, input_type=dict]
    For further information visit https://errors.pydantic.dev/2.8/v/missing
title
  Field required [type=missing, input_value={}, input_type=dict]
    For further information visit https://errors.pydantic.dev/2.8/v/missing
programCode
  Field required [type=missing, input_value={}, input_type=dict]
    For further information visit https://errors.pydantic.dev/2.8/v/missing
distribution
  Field required [type=missing, input_value={}, input_type=dict]
    For further information visit https://errors.pydantic.dev/2.8/v/missing
theme
  Field required [type=missing, input_value={}, input_type=dict]
    For further information visit https://errors.pydantic.dev/2.8/v/missing
2024-08-23 12:40:37 - ERROR - Validation error for dataset: Unknown title
Traceback (most recent call last):
  File "C:\Users\edmun\Projects\Repositories\healthpartners-interview\src\healthpartners_interview\download.py", line 31, in fetch_datasets
    dataset = Dataset(**current_item)
              ^^^^^^^^^^^^^^^^^^^^^^^
  File "C:\Users\edmun\Projects\Repositories\healthpartners-interview\.venv\Lib\site-packages\pydantic\main.py", line 193, in __init__
    self.__pydantic_validator__.validate_python(data, self_instance=self)
pydantic_core._pydantic_core.ValidationError: 16 validation errors for Dataset
accessLevel
  Field required [type=missing, input_value={}, input_type=dict]
    For further information visit https://errors.pydantic.dev/2.8/v/missing
landingPage
  Field required [type=missing, input_value={}, input_type=dict]
    For further information visit https://errors.pydantic.dev/2.8/v/missing
bureauCode
  Field required [type=missing, input_value={}, input_type=dict]
    For further information visit https://errors.pydantic.dev/2.8/v/missing
issued
  Field required [type=missing, input_value={}, input_type=dict]
    For further information visit https://errors.pydantic.dev/2.8/v/missing
@type
  Field required [type=missing, input_value={}, input_type=dict]
    For further information visit https://errors.pydantic.dev/2.8/v/missing
modified
  Field required [type=missing, input_value={}, input_type=dict]
    For further information visit https://errors.pydantic.dev/2.8/v/missing
released
  Field required [type=missing, input_value={}, input_type=dict]
    For further information visit https://errors.pydantic.dev/2.8/v/missing
keyword
  Field required [type=missing, input_value={}, input_type=dict]
    For further information visit https://errors.pydantic.dev/2.8/v/missing
contactPoint
  Field required [type=missing, input_value={}, input_type=dict]
    For further information visit https://errors.pydantic.dev/2.8/v/missing
publisher
  Field required [type=missing, input_value={}, input_type=dict]
    For further information visit https://errors.pydantic.dev/2.8/v/missing
identifier
  Field required [type=missing, input_value={}, input_type=dict]
    For further information visit https://errors.pydantic.dev/2.8/v/missing
description
  Field required [type=missing, input_value={}, input_type=dict]
    For further information visit https://errors.pydantic.dev/2.8/v/missing
title
  Field required [type=missing, input_value={}, input_type=dict]
    For further information visit https://errors.pydantic.dev/2.8/v/missing
programCode
  Field required [type=missing, input_value={}, input_type=dict]
    For further information visit https://errors.pydantic.dev/2.8/v/missing
distribution
  Field required [type=missing, input_value={}, input_type=dict]
    For further information visit https://errors.pydantic.dev/2.8/v/missing
theme
  Field required [type=missing, input_value={}, input_type=dict]
    For further information visit https://errors.pydantic.dev/2.8/v/missing
2024-08-23 12:40:37 - ERROR - Validation error for dataset: Unknown title
Traceback (most recent call last):
  File "C:\Users\edmun\Projects\Repositories\healthpartners-interview\src\healthpartners_interview\download.py", line 31, in fetch_datasets
    dataset = Dataset(**current_item)
              ^^^^^^^^^^^^^^^^^^^^^^^
  File "C:\Users\edmun\Projects\Repositories\healthpartners-interview\.venv\Lib\site-packages\pydantic\main.py", line 193, in __init__
    self.__pydantic_validator__.validate_python(data, self_instance=self)
pydantic_core._pydantic_core.ValidationError: 16 validation errors for Dataset
accessLevel
  Field required [type=missing, input_value={'item': 'theme'}, input_type=dict]
    For further information visit https://errors.pydantic.dev/2.8/v/missing
landingPage
  Field required [type=missing, input_value={'item': 'theme'}, input_type=dict]
    For further information visit https://errors.pydantic.dev/2.8/v/missing
bureauCode
  Field required [type=missing, input_value={'item': 'theme'}, input_type=dict]
    For further information visit https://errors.pydantic.dev/2.8/v/missing
issued
  Field required [type=missing, input_value={'item': 'theme'}, input_type=dict]
    For further information visit https://errors.pydantic.dev/2.8/v/missing
@type
  Field required [type=missing, input_value={'item': 'theme'}, input_type=dict]
    For further information visit https://errors.pydantic.dev/2.8/v/missing
modified
  Field required [type=missing, input_value={'item': 'theme'}, input_type=dict]
    For further information visit https://errors.pydantic.dev/2.8/v/missing
released
  Field required [type=missing, input_value={'item': 'theme'}, input_type=dict]
    For further information visit https://errors.pydantic.dev/2.8/v/missing
keyword
  Field required [type=missing, input_value={'item': 'theme'}, input_type=dict]
    For further information visit https://errors.pydantic.dev/2.8/v/missing
contactPoint
  Field required [type=missing, input_value={'item': 'theme'}, input_type=dict]
    For further information visit https://errors.pydantic.dev/2.8/v/missing
publisher
  Field required [type=missing, input_value={'item': 'theme'}, input_type=dict]
    For further information visit https://errors.pydantic.dev/2.8/v/missing
identifier
  Field required [type=missing, input_value={'item': 'theme'}, input_type=dict]
    For further information visit https://errors.pydantic.dev/2.8/v/missing
description
  Field required [type=missing, input_value={'item': 'theme'}, input_type=dict]
    For further information visit https://errors.pydantic.dev/2.8/v/missing
title
  Field required [type=missing, input_value={'item': 'theme'}, input_type=dict]
    For further information visit https://errors.pydantic.dev/2.8/v/missing
programCode
  Field required [type=missing, input_value={'item': 'theme'}, input_type=dict]
    For further information visit https://errors.pydantic.dev/2.8/v/missing
distribution
  Field required [type=missing, input_value={'item': 'theme'}, input_type=dict]
    For further information visit https://errors.pydantic.dev/2.8/v/missing
theme
  Field required [type=missing, input_value={'item': 'theme'}, input_type=dict]
    For further information visit https://errors.pydantic.dev/2.8/v/missing
2024-08-23 12:40:37 - ERROR - Validation error for dataset: Unknown title
Traceback (most recent call last):
  File "C:\Users\edmun\Projects\Repositories\healthpartners-interview\src\healthpartners_interview\download.py", line 31, in fetch_datasets
    dataset = Dataset(**current_item)
              ^^^^^^^^^^^^^^^^^^^^^^^
  File "C:\Users\edmun\Projects\Repositories\healthpartners-interview\.venv\Lib\site-packages\pydantic\main.py", line 193, in __init__
    self.__pydantic_validator__.validate_python(data, self_instance=self)
pydantic_core._pydantic_core.ValidationError: 16 validation errors for Dataset
accessLevel
  Field required [type=missing, input_value={}, input_type=dict]
    For further information visit https://errors.pydantic.dev/2.8/v/missing
landingPage
  Field required [type=missing, input_value={}, input_type=dict]
    For further information visit https://errors.pydantic.dev/2.8/v/missing
bureauCode
  Field required [type=missing, input_value={}, input_type=dict]
    For further information visit https://errors.pydantic.dev/2.8/v/missing
issued
  Field required [type=missing, input_value={}, input_type=dict]
    For further information visit https://errors.pydantic.dev/2.8/v/missing
@type
  Field required [type=missing, input_value={}, input_type=dict]
    For further information visit https://errors.pydantic.dev/2.8/v/missing
modified
  Field required [type=missing, input_value={}, input_type=dict]
    For further information visit https://errors.pydantic.dev/2.8/v/missing
released
  Field required [type=missing, input_value={}, input_type=dict]
    For further information visit https://errors.pydantic.dev/2.8/v/missing
keyword
  Field required [type=missing, input_value={}, input_type=dict]
    For further information visit https://errors.pydantic.dev/2.8/v/missing
contactPoint
  Field required [type=missing, input_value={}, input_type=dict]
    For further information visit https://errors.pydantic.dev/2.8/v/missing
publisher
  Field required [type=missing, input_value={}, input_type=dict]
    For further information visit https://errors.pydantic.dev/2.8/v/missing
identifier
  Field required [type=missing, input_value={}, input_type=dict]
    For further information visit https://errors.pydantic.dev/2.8/v/missing
description
  Field required [type=missing, input_value={}, input_type=dict]
    For further information visit https://errors.pydantic.dev/2.8/v/missing
title
  Field required [type=missing, input_value={}, input_type=dict]
    For further information visit https://errors.pydantic.dev/2.8/v/missing
programCode
  Field required [type=missing, input_value={}, input_type=dict]
    For further information visit https://errors.pydantic.dev/2.8/v/missing
distribution
  Field required [type=missing, input_value={}, input_type=dict]
    For further information visit https://errors.pydantic.dev/2.8/v/missing
theme
  Field required [type=missing, input_value={}, input_type=dict]
    For further information visit https://errors.pydantic.dev/2.8/v/missing
2024-08-23 12:40:37 - ERROR - Validation error for dataset: Unknown title
Traceback (most recent call last):
  File "C:\Users\edmun\Projects\Repositories\healthpartners-interview\src\healthpartners_interview\download.py", line 31, in fetch_datasets
    dataset = Dataset(**current_item)
              ^^^^^^^^^^^^^^^^^^^^^^^
  File "C:\Users\edmun\Projects\Repositories\healthpartners-interview\.venv\Lib\site-packages\pydantic\main.py", line 193, in __init__
    self.__pydantic_validator__.validate_python(data, self_instance=self)
pydantic_core._pydantic_core.ValidationError: 16 validation errors for Dataset
accessLevel
  Field required [type=missing, input_value={}, input_type=dict]
    For further information visit https://errors.pydantic.dev/2.8/v/missing
landingPage
  Field required [type=missing, input_value={}, input_type=dict]
    For further information visit https://errors.pydantic.dev/2.8/v/missing
bureauCode
  Field required [type=missing, input_value={}, input_type=dict]
    For further information visit https://errors.pydantic.dev/2.8/v/missing
issued
  Field required [type=missing, input_value={}, input_type=dict]
    For further information visit https://errors.pydantic.dev/2.8/v/missing
@type
  Field required [type=missing, input_value={}, input_type=dict]
    For further information visit https://errors.pydantic.dev/2.8/v/missing
modified
  Field required [type=missing, input_value={}, input_type=dict]
    For further information visit https://errors.pydantic.dev/2.8/v/missing
released
  Field required [type=missing, input_value={}, input_type=dict]
    For further information visit https://errors.pydantic.dev/2.8/v/missing
keyword
  Field required [type=missing, input_value={}, input_type=dict]
    For further information visit https://errors.pydantic.dev/2.8/v/missing
contactPoint
  Field required [type=missing, input_value={}, input_type=dict]
    For further information visit https://errors.pydantic.dev/2.8/v/missing
publisher
  Field required [type=missing, input_value={}, input_type=dict]
    For further information visit https://errors.pydantic.dev/2.8/v/missing
identifier
  Field required [type=missing, input_value={}, input_type=dict]
    For further information visit https://errors.pydantic.dev/2.8/v/missing
description
  Field required [type=missing, input_value={}, input_type=dict]
    For further information visit https://errors.pydantic.dev/2.8/v/missing
title
  Field required [type=missing, input_value={}, input_type=dict]
    For further information visit https://errors.pydantic.dev/2.8/v/missing
programCode
  Field required [type=missing, input_value={}, input_type=dict]
    For further information visit https://errors.pydantic.dev/2.8/v/missing
distribution
  Field required [type=missing, input_value={}, input_type=dict]
    For further information visit https://errors.pydantic.dev/2.8/v/missing
theme
  Field required [type=missing, input_value={}, input_type=dict]
    For further information visit https://errors.pydantic.dev/2.8/v/missing
2024-08-23 12:40:37 - ERROR - Validation error for dataset: Unknown title
Traceback (most recent call last):
  File "C:\Users\edmun\Projects\Repositories\healthpartners-interview\src\healthpartners_interview\download.py", line 31, in fetch_datasets
    dataset = Dataset(**current_item)
              ^^^^^^^^^^^^^^^^^^^^^^^
  File "C:\Users\edmun\Projects\Repositories\healthpartners-interview\.venv\Lib\site-packages\pydantic\main.py", line 193, in __init__
    self.__pydantic_validator__.validate_python(data, self_instance=self)
pydantic_core._pydantic_core.ValidationError: 16 validation errors for Dataset
accessLevel
  Field required [type=missing, input_value={}, input_type=dict]
    For further information visit https://errors.pydantic.dev/2.8/v/missing
landingPage
  Field required [type=missing, input_value={}, input_type=dict]
    For further information visit https://errors.pydantic.dev/2.8/v/missing
bureauCode
  Field required [type=missing, input_value={}, input_type=dict]
    For further information visit https://errors.pydantic.dev/2.8/v/missing
issued
  Field required [type=missing, input_value={}, input_type=dict]
    For further information visit https://errors.pydantic.dev/2.8/v/missing
@type
  Field required [type=missing, input_value={}, input_type=dict]
    For further information visit https://errors.pydantic.dev/2.8/v/missing
modified
  Field required [type=missing, input_value={}, input_type=dict]
    For further information visit https://errors.pydantic.dev/2.8/v/missing
released
  Field required [type=missing, input_value={}, input_type=dict]
    For further information visit https://errors.pydantic.dev/2.8/v/missing
keyword
  Field required [type=missing, input_value={}, input_type=dict]
    For further information visit https://errors.pydantic.dev/2.8/v/missing
contactPoint
  Field required [type=missing, input_value={}, input_type=dict]
    For further information visit https://errors.pydantic.dev/2.8/v/missing
publisher
  Field required [type=missing, input_value={}, input_type=dict]
    For further information visit https://errors.pydantic.dev/2.8/v/missing
identifier
  Field required [type=missing, input_value={}, input_type=dict]
    For further information visit https://errors.pydantic.dev/2.8/v/missing
description
  Field required [type=missing, input_value={}, input_type=dict]
    For further information visit https://errors.pydantic.dev/2.8/v/missing
title
  Field required [type=missing, input_value={}, input_type=dict]
    For further information visit https://errors.pydantic.dev/2.8/v/missing
programCode
  Field required [type=missing, input_value={}, input_type=dict]
    For further information visit https://errors.pydantic.dev/2.8/v/missing
distribution
  Field required [type=missing, input_value={}, input_type=dict]
    For further information visit https://errors.pydantic.dev/2.8/v/missing
theme
  Field required [type=missing, input_value={}, input_type=dict]
    For further information visit https://errors.pydantic.dev/2.8/v/missing
2024-08-23 12:40:37 - ERROR - Validation error for dataset: Unknown title
Traceback (most recent call last):
  File "C:\Users\edmun\Projects\Repositories\healthpartners-interview\src\healthpartners_interview\download.py", line 31, in fetch_datasets
    dataset = Dataset(**current_item)
              ^^^^^^^^^^^^^^^^^^^^^^^
  File "C:\Users\edmun\Projects\Repositories\healthpartners-interview\.venv\Lib\site-packages\pydantic\main.py", line 193, in __init__
    self.__pydantic_validator__.validate_python(data, self_instance=self)
pydantic_core._pydantic_core.ValidationError: 16 validation errors for Dataset
accessLevel
  Field required [type=missing, input_value={'item': 'theme'}, input_type=dict]
    For further information visit https://errors.pydantic.dev/2.8/v/missing
landingPage
  Field required [type=missing, input_value={'item': 'theme'}, input_type=dict]
    For further information visit https://errors.pydantic.dev/2.8/v/missing
bureauCode
  Field required [type=missing, input_value={'item': 'theme'}, input_type=dict]
    For further information visit https://errors.pydantic.dev/2.8/v/missing
issued
  Field required [type=missing, input_value={'item': 'theme'}, input_type=dict]
    For further information visit https://errors.pydantic.dev/2.8/v/missing
@type
  Field required [type=missing, input_value={'item': 'theme'}, input_type=dict]
    For further information visit https://errors.pydantic.dev/2.8/v/missing
modified
  Field required [type=missing, input_value={'item': 'theme'}, input_type=dict]
    For further information visit https://errors.pydantic.dev/2.8/v/missing
released
  Field required [type=missing, input_value={'item': 'theme'}, input_type=dict]
    For further information visit https://errors.pydantic.dev/2.8/v/missing
keyword
  Field required [type=missing, input_value={'item': 'theme'}, input_type=dict]
    For further information visit https://errors.pydantic.dev/2.8/v/missing
contactPoint
  Field required [type=missing, input_value={'item': 'theme'}, input_type=dict]
    For further information visit https://errors.pydantic.dev/2.8/v/missing
publisher
  Field required [type=missing, input_value={'item': 'theme'}, input_type=dict]
    For further information visit https://errors.pydantic.dev/2.8/v/missing
identifier
  Field required [type=missing, input_value={'item': 'theme'}, input_type=dict]
    For further information visit https://errors.pydantic.dev/2.8/v/missing
description
  Field required [type=missing, input_value={'item': 'theme'}, input_type=dict]
    For further information visit https://errors.pydantic.dev/2.8/v/missing
title
  Field required [type=missing, input_value={'item': 'theme'}, input_type=dict]
    For further information visit https://errors.pydantic.dev/2.8/v/missing
programCode
  Field required [type=missing, input_value={'item': 'theme'}, input_type=dict]
    For further information visit https://errors.pydantic.dev/2.8/v/missing
distribution
  Field required [type=missing, input_value={'item': 'theme'}, input_type=dict]
    For further information visit https://errors.pydantic.dev/2.8/v/missing
theme
  Field required [type=missing, input_value={'item': 'theme'}, input_type=dict]
    For further information visit https://errors.pydantic.dev/2.8/v/missing
2024-08-23 12:40:37 - ERROR - Validation error for dataset: Unknown title
Traceback (most recent call last):
  File "C:\Users\edmun\Projects\Repositories\healthpartners-interview\src\healthpartners_interview\download.py", line 31, in fetch_datasets
    dataset = Dataset(**current_item)
              ^^^^^^^^^^^^^^^^^^^^^^^
  File "C:\Users\edmun\Projects\Repositories\healthpartners-interview\.venv\Lib\site-packages\pydantic\main.py", line 193, in __init__
    self.__pydantic_validator__.validate_python(data, self_instance=self)
pydantic_core._pydantic_core.ValidationError: 16 validation errors for Dataset
accessLevel
  Field required [type=missing, input_value={}, input_type=dict]
    For further information visit https://errors.pydantic.dev/2.8/v/missing
landingPage
  Field required [type=missing, input_value={}, input_type=dict]
    For further information visit https://errors.pydantic.dev/2.8/v/missing
bureauCode
  Field required [type=missing, input_value={}, input_type=dict]
    For further information visit https://errors.pydantic.dev/2.8/v/missing
issued
  Field required [type=missing, input_value={}, input_type=dict]
    For further information visit https://errors.pydantic.dev/2.8/v/missing
@type
  Field required [type=missing, input_value={}, input_type=dict]
    For further information visit https://errors.pydantic.dev/2.8/v/missing
modified
  Field required [type=missing, input_value={}, input_type=dict]
    For further information visit https://errors.pydantic.dev/2.8/v/missing
released
  Field required [type=missing, input_value={}, input_type=dict]
    For further information visit https://errors.pydantic.dev/2.8/v/missing
keyword
  Field required [type=missing, input_value={}, input_type=dict]
    For further information visit https://errors.pydantic.dev/2.8/v/missing
contactPoint
  Field required [type=missing, input_value={}, input_type=dict]
    For further information visit https://errors.pydantic.dev/2.8/v/missing
publisher
  Field required [type=missing, input_value={}, input_type=dict]
    For further information visit https://errors.pydantic.dev/2.8/v/missing
identifier
  Field required [type=missing, input_value={}, input_type=dict]
    For further information visit https://errors.pydantic.dev/2.8/v/missing
description
  Field required [type=missing, input_value={}, input_type=dict]
    For further information visit https://errors.pydantic.dev/2.8/v/missing
title
  Field required [type=missing, input_value={}, input_type=dict]
    For further information visit https://errors.pydantic.dev/2.8/v/missing
programCode
  Field required [type=missing, input_value={}, input_type=dict]
    For further information visit https://errors.pydantic.dev/2.8/v/missing
distribution
  Field required [type=missing, input_value={}, input_type=dict]
    For further information visit https://errors.pydantic.dev/2.8/v/missing
theme
  Field required [type=missing, input_value={}, input_type=dict]
    For further information visit https://errors.pydantic.dev/2.8/v/missing
2024-08-23 12:40:37 - ERROR - Validation error for dataset: Unknown title
Traceback (most recent call last):
  File "C:\Users\edmun\Projects\Repositories\healthpartners-interview\src\healthpartners_interview\download.py", line 31, in fetch_datasets
    dataset = Dataset(**current_item)
              ^^^^^^^^^^^^^^^^^^^^^^^
  File "C:\Users\edmun\Projects\Repositories\healthpartners-interview\.venv\Lib\site-packages\pydantic\main.py", line 193, in __init__
    self.__pydantic_validator__.validate_python(data, self_instance=self)
pydantic_core._pydantic_core.ValidationError: 16 validation errors for Dataset
accessLevel
  Field required [type=missing, input_value={}, input_type=dict]
    For further information visit https://errors.pydantic.dev/2.8/v/missing
landingPage
  Field required [type=missing, input_value={}, input_type=dict]
    For further information visit https://errors.pydantic.dev/2.8/v/missing
bureauCode
  Field required [type=missing, input_value={}, input_type=dict]
    For further information visit https://errors.pydantic.dev/2.8/v/missing
issued
  Field required [type=missing, input_value={}, input_type=dict]
    For further information visit https://errors.pydantic.dev/2.8/v/missing
@type
  Field required [type=missing, input_value={}, input_type=dict]
    For further information visit https://errors.pydantic.dev/2.8/v/missing
modified
  Field required [type=missing, input_value={}, input_type=dict]
    For further information visit https://errors.pydantic.dev/2.8/v/missing
released
  Field required [type=missing, input_value={}, input_type=dict]
    For further information visit https://errors.pydantic.dev/2.8/v/missing
keyword
  Field required [type=missing, input_value={}, input_type=dict]
    For further information visit https://errors.pydantic.dev/2.8/v/missing
contactPoint
  Field required [type=missing, input_value={}, input_type=dict]
    For further information visit https://errors.pydantic.dev/2.8/v/missing
publisher
  Field required [type=missing, input_value={}, input_type=dict]
    For further information visit https://errors.pydantic.dev/2.8/v/missing
identifier
  Field required [type=missing, input_value={}, input_type=dict]
    For further information visit https://errors.pydantic.dev/2.8/v/missing
description
  Field required [type=missing, input_value={}, input_type=dict]
    For further information visit https://errors.pydantic.dev/2.8/v/missing
title
  Field required [type=missing, input_value={}, input_type=dict]
    For further information visit https://errors.pydantic.dev/2.8/v/missing
programCode
  Field required [type=missing, input_value={}, input_type=dict]
    For further information visit https://errors.pydantic.dev/2.8/v/missing
distribution
  Field required [type=missing, input_value={}, input_type=dict]
    For further information visit https://errors.pydantic.dev/2.8/v/missing
theme
  Field required [type=missing, input_value={}, input_type=dict]
    For further information visit https://errors.pydantic.dev/2.8/v/missing
2024-08-23 12:40:37 - ERROR - Validation error for dataset: Unknown title
Traceback (most recent call last):
  File "C:\Users\edmun\Projects\Repositories\healthpartners-interview\src\healthpartners_interview\download.py", line 31, in fetch_datasets
    dataset = Dataset(**current_item)
              ^^^^^^^^^^^^^^^^^^^^^^^
  File "C:\Users\edmun\Projects\Repositories\healthpartners-interview\.venv\Lib\site-packages\pydantic\main.py", line 193, in __init__
    self.__pydantic_validator__.validate_python(data, self_instance=self)
pydantic_core._pydantic_core.ValidationError: 16 validation errors for Dataset
accessLevel
  Field required [type=missing, input_value={}, input_type=dict]
    For further information visit https://errors.pydantic.dev/2.8/v/missing
landingPage
  Field required [type=missing, input_value={}, input_type=dict]
    For further information visit https://errors.pydantic.dev/2.8/v/missing
bureauCode
  Field required [type=missing, input_value={}, input_type=dict]
    For further information visit https://errors.pydantic.dev/2.8/v/missing
issued
  Field required [type=missing, input_value={}, input_type=dict]
    For further information visit https://errors.pydantic.dev/2.8/v/missing
@type
  Field required [type=missing, input_value={}, input_type=dict]
    For further information visit https://errors.pydantic.dev/2.8/v/missing
modified
  Field required [type=missing, input_value={}, input_type=dict]
    For further information visit https://errors.pydantic.dev/2.8/v/missing
released
  Field required [type=missing, input_value={}, input_type=dict]
    For further information visit https://errors.pydantic.dev/2.8/v/missing
keyword
  Field required [type=missing, input_value={}, input_type=dict]
    For further information visit https://errors.pydantic.dev/2.8/v/missing
contactPoint
  Field required [type=missing, input_value={}, input_type=dict]
    For further information visit https://errors.pydantic.dev/2.8/v/missing
publisher
  Field required [type=missing, input_value={}, input_type=dict]
    For further information visit https://errors.pydantic.dev/2.8/v/missing
identifier
  Field required [type=missing, input_value={}, input_type=dict]
    For further information visit https://errors.pydantic.dev/2.8/v/missing
description
  Field required [type=missing, input_value={}, input_type=dict]
    For further information visit https://errors.pydantic.dev/2.8/v/missing
title
  Field required [type=missing, input_value={}, input_type=dict]
    For further information visit https://errors.pydantic.dev/2.8/v/missing
programCode
  Field required [type=missing, input_value={}, input_type=dict]
    For further information visit https://errors.pydantic.dev/2.8/v/missing
distribution
  Field required [type=missing, input_value={}, input_type=dict]
    For further information visit https://errors.pydantic.dev/2.8/v/missing
theme
  Field required [type=missing, input_value={}, input_type=dict]
    For further information visit https://errors.pydantic.dev/2.8/v/missing
2024-08-23 12:40:37 - ERROR - Validation error for dataset: Unknown title
Traceback (most recent call last):
  File "C:\Users\edmun\Projects\Repositories\healthpartners-interview\src\healthpartners_interview\download.py", line 31, in fetch_datasets
    dataset = Dataset(**current_item)
              ^^^^^^^^^^^^^^^^^^^^^^^
  File "C:\Users\edmun\Projects\Repositories\healthpartners-interview\.venv\Lib\site-packages\pydantic\main.py", line 193, in __init__
    self.__pydantic_validator__.validate_python(data, self_instance=self)
pydantic_core._pydantic_core.ValidationError: 16 validation errors for Dataset
accessLevel
  Field required [type=missing, input_value={'item': 'theme'}, input_type=dict]
    For further information visit https://errors.pydantic.dev/2.8/v/missing
landingPage
  Field required [type=missing, input_value={'item': 'theme'}, input_type=dict]
    For further information visit https://errors.pydantic.dev/2.8/v/missing
bureauCode
  Field required [type=missing, input_value={'item': 'theme'}, input_type=dict]
    For further information visit https://errors.pydantic.dev/2.8/v/missing
issued
  Field required [type=missing, input_value={'item': 'theme'}, input_type=dict]
    For further information visit https://errors.pydantic.dev/2.8/v/missing
@type
  Field required [type=missing, input_value={'item': 'theme'}, input_type=dict]
    For further information visit https://errors.pydantic.dev/2.8/v/missing
modified
  Field required [type=missing, input_value={'item': 'theme'}, input_type=dict]
    For further information visit https://errors.pydantic.dev/2.8/v/missing
released
  Field required [type=missing, input_value={'item': 'theme'}, input_type=dict]
    For further information visit https://errors.pydantic.dev/2.8/v/missing
keyword
  Field required [type=missing, input_value={'item': 'theme'}, input_type=dict]
    For further information visit https://errors.pydantic.dev/2.8/v/missing
contactPoint
  Field required [type=missing, input_value={'item': 'theme'}, input_type=dict]
    For further information visit https://errors.pydantic.dev/2.8/v/missing
publisher
  Field required [type=missing, input_value={'item': 'theme'}, input_type=dict]
    For further information visit https://errors.pydantic.dev/2.8/v/missing
identifier
  Field required [type=missing, input_value={'item': 'theme'}, input_type=dict]
    For further information visit https://errors.pydantic.dev/2.8/v/missing
description
  Field required [type=missing, input_value={'item': 'theme'}, input_type=dict]
    For further information visit https://errors.pydantic.dev/2.8/v/missing
title
  Field required [type=missing, input_value={'item': 'theme'}, input_type=dict]
    For further information visit https://errors.pydantic.dev/2.8/v/missing
programCode
  Field required [type=missing, input_value={'item': 'theme'}, input_type=dict]
    For further information visit https://errors.pydantic.dev/2.8/v/missing
distribution
  Field required [type=missing, input_value={'item': 'theme'}, input_type=dict]
    For further information visit https://errors.pydantic.dev/2.8/v/missing
theme
  Field required [type=missing, input_value={'item': 'theme'}, input_type=dict]
    For further information visit https://errors.pydantic.dev/2.8/v/missing
2024-08-23 12:40:37 - ERROR - Validation error for dataset: Unknown title
Traceback (most recent call last):
  File "C:\Users\edmun\Projects\Repositories\healthpartners-interview\src\healthpartners_interview\download.py", line 31, in fetch_datasets
    dataset = Dataset(**current_item)
              ^^^^^^^^^^^^^^^^^^^^^^^
  File "C:\Users\edmun\Projects\Repositories\healthpartners-interview\.venv\Lib\site-packages\pydantic\main.py", line 193, in __init__
    self.__pydantic_validator__.validate_python(data, self_instance=self)
pydantic_core._pydantic_core.ValidationError: 16 validation errors for Dataset
accessLevel
  Field required [type=missing, input_value={}, input_type=dict]
    For further information visit https://errors.pydantic.dev/2.8/v/missing
landingPage
  Field required [type=missing, input_value={}, input_type=dict]
    For further information visit https://errors.pydantic.dev/2.8/v/missing
bureauCode
  Field required [type=missing, input_value={}, input_type=dict]
    For further information visit https://errors.pydantic.dev/2.8/v/missing
issued
  Field required [type=missing, input_value={}, input_type=dict]
    For further information visit https://errors.pydantic.dev/2.8/v/missing
@type
  Field required [type=missing, input_value={}, input_type=dict]
    For further information visit https://errors.pydantic.dev/2.8/v/missing
modified
  Field required [type=missing, input_value={}, input_type=dict]
    For further information visit https://errors.pydantic.dev/2.8/v/missing
released
  Field required [type=missing, input_value={}, input_type=dict]
    For further information visit https://errors.pydantic.dev/2.8/v/missing
keyword
  Field required [type=missing, input_value={}, input_type=dict]
    For further information visit https://errors.pydantic.dev/2.8/v/missing
contactPoint
  Field required [type=missing, input_value={}, input_type=dict]
    For further information visit https://errors.pydantic.dev/2.8/v/missing
publisher
  Field required [type=missing, input_value={}, input_type=dict]
    For further information visit https://errors.pydantic.dev/2.8/v/missing
identifier
  Field required [type=missing, input_value={}, input_type=dict]
    For further information visit https://errors.pydantic.dev/2.8/v/missing
description
  Field required [type=missing, input_value={}, input_type=dict]
    For further information visit https://errors.pydantic.dev/2.8/v/missing
title
  Field required [type=missing, input_value={}, input_type=dict]
    For further information visit https://errors.pydantic.dev/2.8/v/missing
programCode
  Field required [type=missing, input_value={}, input_type=dict]
    For further information visit https://errors.pydantic.dev/2.8/v/missing
distribution
  Field required [type=missing, input_value={}, input_type=dict]
    For further information visit https://errors.pydantic.dev/2.8/v/missing
theme
  Field required [type=missing, input_value={}, input_type=dict]
    For further information visit https://errors.pydantic.dev/2.8/v/missing
2024-08-23 12:40:37 - ERROR - Validation error for dataset: Unknown title
Traceback (most recent call last):
  File "C:\Users\edmun\Projects\Repositories\healthpartners-interview\src\healthpartners_interview\download.py", line 31, in fetch_datasets
    dataset = Dataset(**current_item)
              ^^^^^^^^^^^^^^^^^^^^^^^
  File "C:\Users\edmun\Projects\Repositories\healthpartners-interview\.venv\Lib\site-packages\pydantic\main.py", line 193, in __init__
    self.__pydantic_validator__.validate_python(data, self_instance=self)
pydantic_core._pydantic_core.ValidationError: 16 validation errors for Dataset
accessLevel
  Field required [type=missing, input_value={}, input_type=dict]
    For further information visit https://errors.pydantic.dev/2.8/v/missing
landingPage
  Field required [type=missing, input_value={}, input_type=dict]
    For further information visit https://errors.pydantic.dev/2.8/v/missing
bureauCode
  Field required [type=missing, input_value={}, input_type=dict]
    For further information visit https://errors.pydantic.dev/2.8/v/missing
issued
  Field required [type=missing, input_value={}, input_type=dict]
    For further information visit https://errors.pydantic.dev/2.8/v/missing
@type
  Field required [type=missing, input_value={}, input_type=dict]
    For further information visit https://errors.pydantic.dev/2.8/v/missing
modified
  Field required [type=missing, input_value={}, input_type=dict]
    For further information visit https://errors.pydantic.dev/2.8/v/missing
released
  Field required [type=missing, input_value={}, input_type=dict]
    For further information visit https://errors.pydantic.dev/2.8/v/missing
keyword
  Field required [type=missing, input_value={}, input_type=dict]
    For further information visit https://errors.pydantic.dev/2.8/v/missing
contactPoint
  Field required [type=missing, input_value={}, input_type=dict]
    For further information visit https://errors.pydantic.dev/2.8/v/missing
publisher
  Field required [type=missing, input_value={}, input_type=dict]
    For further information visit https://errors.pydantic.dev/2.8/v/missing
identifier
  Field required [type=missing, input_value={}, input_type=dict]
    For further information visit https://errors.pydantic.dev/2.8/v/missing
description
  Field required [type=missing, input_value={}, input_type=dict]
    For further information visit https://errors.pydantic.dev/2.8/v/missing
title
  Field required [type=missing, input_value={}, input_type=dict]
    For further information visit https://errors.pydantic.dev/2.8/v/missing
programCode
  Field required [type=missing, input_value={}, input_type=dict]
    For further information visit https://errors.pydantic.dev/2.8/v/missing
distribution
  Field required [type=missing, input_value={}, input_type=dict]
    For further information visit https://errors.pydantic.dev/2.8/v/missing
theme
  Field required [type=missing, input_value={}, input_type=dict]
    For further information visit https://errors.pydantic.dev/2.8/v/missing
2024-08-23 12:40:37 - ERROR - Validation error for dataset: Unknown title
Traceback (most recent call last):
  File "C:\Users\edmun\Projects\Repositories\healthpartners-interview\src\healthpartners_interview\download.py", line 31, in fetch_datasets
    dataset = Dataset(**current_item)
              ^^^^^^^^^^^^^^^^^^^^^^^
  File "C:\Users\edmun\Projects\Repositories\healthpartners-interview\.venv\Lib\site-packages\pydantic\main.py", line 193, in __init__
    self.__pydantic_validator__.validate_python(data, self_instance=self)
pydantic_core._pydantic_core.ValidationError: 16 validation errors for Dataset
accessLevel
  Field required [type=missing, input_value={}, input_type=dict]
    For further information visit https://errors.pydantic.dev/2.8/v/missing
landingPage
  Field required [type=missing, input_value={}, input_type=dict]
    For further information visit https://errors.pydantic.dev/2.8/v/missing
bureauCode
  Field required [type=missing, input_value={}, input_type=dict]
    For further information visit https://errors.pydantic.dev/2.8/v/missing
issued
  Field required [type=missing, input_value={}, input_type=dict]
    For further information visit https://errors.pydantic.dev/2.8/v/missing
@type
  Field required [type=missing, input_value={}, input_type=dict]
    For further information visit https://errors.pydantic.dev/2.8/v/missing
modified
  Field required [type=missing, input_value={}, input_type=dict]
    For further information visit https://errors.pydantic.dev/2.8/v/missing
released
  Field required [type=missing, input_value={}, input_type=dict]
    For further information visit https://errors.pydantic.dev/2.8/v/missing
keyword
  Field required [type=missing, input_value={}, input_type=dict]
    For further information visit https://errors.pydantic.dev/2.8/v/missing
contactPoint
  Field required [type=missing, input_value={}, input_type=dict]
    For further information visit https://errors.pydantic.dev/2.8/v/missing
publisher
  Field required [type=missing, input_value={}, input_type=dict]
    For further information visit https://errors.pydantic.dev/2.8/v/missing
identifier
  Field required [type=missing, input_value={}, input_type=dict]
    For further information visit https://errors.pydantic.dev/2.8/v/missing
description
  Field required [type=missing, input_value={}, input_type=dict]
    For further information visit https://errors.pydantic.dev/2.8/v/missing
title
  Field required [type=missing, input_value={}, input_type=dict]
    For further information visit https://errors.pydantic.dev/2.8/v/missing
programCode
  Field required [type=missing, input_value={}, input_type=dict]
    For further information visit https://errors.pydantic.dev/2.8/v/missing
distribution
  Field required [type=missing, input_value={}, input_type=dict]
    For further information visit https://errors.pydantic.dev/2.8/v/missing
theme
  Field required [type=missing, input_value={}, input_type=dict]
    For further information visit https://errors.pydantic.dev/2.8/v/missing
2024-08-23 12:40:37 - ERROR - Validation error for dataset: Unknown title
Traceback (most recent call last):
  File "C:\Users\edmun\Projects\Repositories\healthpartners-interview\src\healthpartners_interview\download.py", line 31, in fetch_datasets
    dataset = Dataset(**current_item)
              ^^^^^^^^^^^^^^^^^^^^^^^
  File "C:\Users\edmun\Projects\Repositories\healthpartners-interview\.venv\Lib\site-packages\pydantic\main.py", line 193, in __init__
    self.__pydantic_validator__.validate_python(data, self_instance=self)
pydantic_core._pydantic_core.ValidationError: 16 validation errors for Dataset
accessLevel
  Field required [type=missing, input_value={'item': 'theme'}, input_type=dict]
    For further information visit https://errors.pydantic.dev/2.8/v/missing
landingPage
  Field required [type=missing, input_value={'item': 'theme'}, input_type=dict]
    For further information visit https://errors.pydantic.dev/2.8/v/missing
bureauCode
  Field required [type=missing, input_value={'item': 'theme'}, input_type=dict]
    For further information visit https://errors.pydantic.dev/2.8/v/missing
issued
  Field required [type=missing, input_value={'item': 'theme'}, input_type=dict]
    For further information visit https://errors.pydantic.dev/2.8/v/missing
@type
  Field required [type=missing, input_value={'item': 'theme'}, input_type=dict]
    For further information visit https://errors.pydantic.dev/2.8/v/missing
modified
  Field required [type=missing, input_value={'item': 'theme'}, input_type=dict]
    For further information visit https://errors.pydantic.dev/2.8/v/missing
released
  Field required [type=missing, input_value={'item': 'theme'}, input_type=dict]
    For further information visit https://errors.pydantic.dev/2.8/v/missing
keyword
  Field required [type=missing, input_value={'item': 'theme'}, input_type=dict]
    For further information visit https://errors.pydantic.dev/2.8/v/missing
contactPoint
  Field required [type=missing, input_value={'item': 'theme'}, input_type=dict]
    For further information visit https://errors.pydantic.dev/2.8/v/missing
publisher
  Field required [type=missing, input_value={'item': 'theme'}, input_type=dict]
    For further information visit https://errors.pydantic.dev/2.8/v/missing
identifier
  Field required [type=missing, input_value={'item': 'theme'}, input_type=dict]
    For further information visit https://errors.pydantic.dev/2.8/v/missing
description
  Field required [type=missing, input_value={'item': 'theme'}, input_type=dict]
    For further information visit https://errors.pydantic.dev/2.8/v/missing
title
  Field required [type=missing, input_value={'item': 'theme'}, input_type=dict]
    For further information visit https://errors.pydantic.dev/2.8/v/missing
programCode
  Field required [type=missing, input_value={'item': 'theme'}, input_type=dict]
    For further information visit https://errors.pydantic.dev/2.8/v/missing
distribution
  Field required [type=missing, input_value={'item': 'theme'}, input_type=dict]
    For further information visit https://errors.pydantic.dev/2.8/v/missing
theme
  Field required [type=missing, input_value={'item': 'theme'}, input_type=dict]
    For further information visit https://errors.pydantic.dev/2.8/v/missing
2024-08-23 12:40:37 - ERROR - Validation error for dataset: Unknown title
Traceback (most recent call last):
  File "C:\Users\edmun\Projects\Repositories\healthpartners-interview\src\healthpartners_interview\download.py", line 31, in fetch_datasets
    dataset = Dataset(**current_item)
              ^^^^^^^^^^^^^^^^^^^^^^^
  File "C:\Users\edmun\Projects\Repositories\healthpartners-interview\.venv\Lib\site-packages\pydantic\main.py", line 193, in __init__
    self.__pydantic_validator__.validate_python(data, self_instance=self)
pydantic_core._pydantic_core.ValidationError: 16 validation errors for Dataset
accessLevel
  Field required [type=missing, input_value={}, input_type=dict]
    For further information visit https://errors.pydantic.dev/2.8/v/missing
landingPage
  Field required [type=missing, input_value={}, input_type=dict]
    For further information visit https://errors.pydantic.dev/2.8/v/missing
bureauCode
  Field required [type=missing, input_value={}, input_type=dict]
    For further information visit https://errors.pydantic.dev/2.8/v/missing
issued
  Field required [type=missing, input_value={}, input_type=dict]
    For further information visit https://errors.pydantic.dev/2.8/v/missing
@type
  Field required [type=missing, input_value={}, input_type=dict]
    For further information visit https://errors.pydantic.dev/2.8/v/missing
modified
  Field required [type=missing, input_value={}, input_type=dict]
    For further information visit https://errors.pydantic.dev/2.8/v/missing
released
  Field required [type=missing, input_value={}, input_type=dict]
    For further information visit https://errors.pydantic.dev/2.8/v/missing
keyword
  Field required [type=missing, input_value={}, input_type=dict]
    For further information visit https://errors.pydantic.dev/2.8/v/missing
contactPoint
  Field required [type=missing, input_value={}, input_type=dict]
    For further information visit https://errors.pydantic.dev/2.8/v/missing
publisher
  Field required [type=missing, input_value={}, input_type=dict]
    For further information visit https://errors.pydantic.dev/2.8/v/missing
identifier
  Field required [type=missing, input_value={}, input_type=dict]
    For further information visit https://errors.pydantic.dev/2.8/v/missing
description
  Field required [type=missing, input_value={}, input_type=dict]
    For further information visit https://errors.pydantic.dev/2.8/v/missing
title
  Field required [type=missing, input_value={}, input_type=dict]
    For further information visit https://errors.pydantic.dev/2.8/v/missing
programCode
  Field required [type=missing, input_value={}, input_type=dict]
    For further information visit https://errors.pydantic.dev/2.8/v/missing
distribution
  Field required [type=missing, input_value={}, input_type=dict]
    For further information visit https://errors.pydantic.dev/2.8/v/missing
theme
  Field required [type=missing, input_value={}, input_type=dict]
    For further information visit https://errors.pydantic.dev/2.8/v/missing
2024-08-23 12:40:37 - ERROR - Validation error for dataset: Unknown title
Traceback (most recent call last):
  File "C:\Users\edmun\Projects\Repositories\healthpartners-interview\src\healthpartners_interview\download.py", line 31, in fetch_datasets
    dataset = Dataset(**current_item)
              ^^^^^^^^^^^^^^^^^^^^^^^
  File "C:\Users\edmun\Projects\Repositories\healthpartners-interview\.venv\Lib\site-packages\pydantic\main.py", line 193, in __init__
    self.__pydantic_validator__.validate_python(data, self_instance=self)
pydantic_core._pydantic_core.ValidationError: 16 validation errors for Dataset
accessLevel
  Field required [type=missing, input_value={}, input_type=dict]
    For further information visit https://errors.pydantic.dev/2.8/v/missing
landingPage
  Field required [type=missing, input_value={}, input_type=dict]
    For further information visit https://errors.pydantic.dev/2.8/v/missing
bureauCode
  Field required [type=missing, input_value={}, input_type=dict]
    For further information visit https://errors.pydantic.dev/2.8/v/missing
issued
  Field required [type=missing, input_value={}, input_type=dict]
    For further information visit https://errors.pydantic.dev/2.8/v/missing
@type
  Field required [type=missing, input_value={}, input_type=dict]
    For further information visit https://errors.pydantic.dev/2.8/v/missing
modified
  Field required [type=missing, input_value={}, input_type=dict]
    For further information visit https://errors.pydantic.dev/2.8/v/missing
released
  Field required [type=missing, input_value={}, input_type=dict]
    For further information visit https://errors.pydantic.dev/2.8/v/missing
keyword
  Field required [type=missing, input_value={}, input_type=dict]
    For further information visit https://errors.pydantic.dev/2.8/v/missing
contactPoint
  Field required [type=missing, input_value={}, input_type=dict]
    For further information visit https://errors.pydantic.dev/2.8/v/missing
publisher
  Field required [type=missing, input_value={}, input_type=dict]
    For further information visit https://errors.pydantic.dev/2.8/v/missing
identifier
  Field required [type=missing, input_value={}, input_type=dict]
    For further information visit https://errors.pydantic.dev/2.8/v/missing
description
  Field required [type=missing, input_value={}, input_type=dict]
    For further information visit https://errors.pydantic.dev/2.8/v/missing
title
  Field required [type=missing, input_value={}, input_type=dict]
    For further information visit https://errors.pydantic.dev/2.8/v/missing
programCode
  Field required [type=missing, input_value={}, input_type=dict]
    For further information visit https://errors.pydantic.dev/2.8/v/missing
distribution
  Field required [type=missing, input_value={}, input_type=dict]
    For further information visit https://errors.pydantic.dev/2.8/v/missing
theme
  Field required [type=missing, input_value={}, input_type=dict]
    For further information visit https://errors.pydantic.dev/2.8/v/missing
2024-08-23 12:40:37 - ERROR - Validation error for dataset: Unknown title
Traceback (most recent call last):
  File "C:\Users\edmun\Projects\Repositories\healthpartners-interview\src\healthpartners_interview\download.py", line 31, in fetch_datasets
    dataset = Dataset(**current_item)
              ^^^^^^^^^^^^^^^^^^^^^^^
  File "C:\Users\edmun\Projects\Repositories\healthpartners-interview\.venv\Lib\site-packages\pydantic\main.py", line 193, in __init__
    self.__pydantic_validator__.validate_python(data, self_instance=self)
pydantic_core._pydantic_core.ValidationError: 16 validation errors for Dataset
accessLevel
  Field required [type=missing, input_value={}, input_type=dict]
    For further information visit https://errors.pydantic.dev/2.8/v/missing
landingPage
  Field required [type=missing, input_value={}, input_type=dict]
    For further information visit https://errors.pydantic.dev/2.8/v/missing
bureauCode
  Field required [type=missing, input_value={}, input_type=dict]
    For further information visit https://errors.pydantic.dev/2.8/v/missing
issued
  Field required [type=missing, input_value={}, input_type=dict]
    For further information visit https://errors.pydantic.dev/2.8/v/missing
@type
  Field required [type=missing, input_value={}, input_type=dict]
    For further information visit https://errors.pydantic.dev/2.8/v/missing
modified
  Field required [type=missing, input_value={}, input_type=dict]
    For further information visit https://errors.pydantic.dev/2.8/v/missing
released
  Field required [type=missing, input_value={}, input_type=dict]
    For further information visit https://errors.pydantic.dev/2.8/v/missing
keyword
  Field required [type=missing, input_value={}, input_type=dict]
    For further information visit https://errors.pydantic.dev/2.8/v/missing
contactPoint
  Field required [type=missing, input_value={}, input_type=dict]
    For further information visit https://errors.pydantic.dev/2.8/v/missing
publisher
  Field required [type=missing, input_value={}, input_type=dict]
    For further information visit https://errors.pydantic.dev/2.8/v/missing
identifier
  Field required [type=missing, input_value={}, input_type=dict]
    For further information visit https://errors.pydantic.dev/2.8/v/missing
description
  Field required [type=missing, input_value={}, input_type=dict]
    For further information visit https://errors.pydantic.dev/2.8/v/missing
title
  Field required [type=missing, input_value={}, input_type=dict]
    For further information visit https://errors.pydantic.dev/2.8/v/missing
programCode
  Field required [type=missing, input_value={}, input_type=dict]
    For further information visit https://errors.pydantic.dev/2.8/v/missing
distribution
  Field required [type=missing, input_value={}, input_type=dict]
    For further information visit https://errors.pydantic.dev/2.8/v/missing
theme
  Field required [type=missing, input_value={}, input_type=dict]
    For further information visit https://errors.pydantic.dev/2.8/v/missing
2024-08-23 12:40:37 - ERROR - Validation error for dataset: Unknown title
Traceback (most recent call last):
  File "C:\Users\edmun\Projects\Repositories\healthpartners-interview\src\healthpartners_interview\download.py", line 31, in fetch_datasets
    dataset = Dataset(**current_item)
              ^^^^^^^^^^^^^^^^^^^^^^^
  File "C:\Users\edmun\Projects\Repositories\healthpartners-interview\.venv\Lib\site-packages\pydantic\main.py", line 193, in __init__
    self.__pydantic_validator__.validate_python(data, self_instance=self)
pydantic_core._pydantic_core.ValidationError: 16 validation errors for Dataset
accessLevel
  Field required [type=missing, input_value={'item': 'theme'}, input_type=dict]
    For further information visit https://errors.pydantic.dev/2.8/v/missing
landingPage
  Field required [type=missing, input_value={'item': 'theme'}, input_type=dict]
    For further information visit https://errors.pydantic.dev/2.8/v/missing
bureauCode
  Field required [type=missing, input_value={'item': 'theme'}, input_type=dict]
    For further information visit https://errors.pydantic.dev/2.8/v/missing
issued
  Field required [type=missing, input_value={'item': 'theme'}, input_type=dict]
    For further information visit https://errors.pydantic.dev/2.8/v/missing
@type
  Field required [type=missing, input_value={'item': 'theme'}, input_type=dict]
    For further information visit https://errors.pydantic.dev/2.8/v/missing
modified
  Field required [type=missing, input_value={'item': 'theme'}, input_type=dict]
    For further information visit https://errors.pydantic.dev/2.8/v/missing
released
  Field required [type=missing, input_value={'item': 'theme'}, input_type=dict]
    For further information visit https://errors.pydantic.dev/2.8/v/missing
keyword
  Field required [type=missing, input_value={'item': 'theme'}, input_type=dict]
    For further information visit https://errors.pydantic.dev/2.8/v/missing
contactPoint
  Field required [type=missing, input_value={'item': 'theme'}, input_type=dict]
    For further information visit https://errors.pydantic.dev/2.8/v/missing
publisher
  Field required [type=missing, input_value={'item': 'theme'}, input_type=dict]
    For further information visit https://errors.pydantic.dev/2.8/v/missing
identifier
  Field required [type=missing, input_value={'item': 'theme'}, input_type=dict]
    For further information visit https://errors.pydantic.dev/2.8/v/missing
description
  Field required [type=missing, input_value={'item': 'theme'}, input_type=dict]
    For further information visit https://errors.pydantic.dev/2.8/v/missing
title
  Field required [type=missing, input_value={'item': 'theme'}, input_type=dict]
    For further information visit https://errors.pydantic.dev/2.8/v/missing
programCode
  Field required [type=missing, input_value={'item': 'theme'}, input_type=dict]
    For further information visit https://errors.pydantic.dev/2.8/v/missing
distribution
  Field required [type=missing, input_value={'item': 'theme'}, input_type=dict]
    For further information visit https://errors.pydantic.dev/2.8/v/missing
theme
  Field required [type=missing, input_value={'item': 'theme'}, input_type=dict]
    For further information visit https://errors.pydantic.dev/2.8/v/missing
2024-08-23 12:40:37 - ERROR - Validation error for dataset: Unknown title
Traceback (most recent call last):
  File "C:\Users\edmun\Projects\Repositories\healthpartners-interview\src\healthpartners_interview\download.py", line 31, in fetch_datasets
    dataset = Dataset(**current_item)
              ^^^^^^^^^^^^^^^^^^^^^^^
  File "C:\Users\edmun\Projects\Repositories\healthpartners-interview\.venv\Lib\site-packages\pydantic\main.py", line 193, in __init__
    self.__pydantic_validator__.validate_python(data, self_instance=self)
pydantic_core._pydantic_core.ValidationError: 16 validation errors for Dataset
accessLevel
  Field required [type=missing, input_value={}, input_type=dict]
    For further information visit https://errors.pydantic.dev/2.8/v/missing
landingPage
  Field required [type=missing, input_value={}, input_type=dict]
    For further information visit https://errors.pydantic.dev/2.8/v/missing
bureauCode
  Field required [type=missing, input_value={}, input_type=dict]
    For further information visit https://errors.pydantic.dev/2.8/v/missing
issued
  Field required [type=missing, input_value={}, input_type=dict]
    For further information visit https://errors.pydantic.dev/2.8/v/missing
@type
  Field required [type=missing, input_value={}, input_type=dict]
    For further information visit https://errors.pydantic.dev/2.8/v/missing
modified
  Field required [type=missing, input_value={}, input_type=dict]
    For further information visit https://errors.pydantic.dev/2.8/v/missing
released
  Field required [type=missing, input_value={}, input_type=dict]
    For further information visit https://errors.pydantic.dev/2.8/v/missing
keyword
  Field required [type=missing, input_value={}, input_type=dict]
    For further information visit https://errors.pydantic.dev/2.8/v/missing
contactPoint
  Field required [type=missing, input_value={}, input_type=dict]
    For further information visit https://errors.pydantic.dev/2.8/v/missing
publisher
  Field required [type=missing, input_value={}, input_type=dict]
    For further information visit https://errors.pydantic.dev/2.8/v/missing
identifier
  Field required [type=missing, input_value={}, input_type=dict]
    For further information visit https://errors.pydantic.dev/2.8/v/missing
description
  Field required [type=missing, input_value={}, input_type=dict]
    For further information visit https://errors.pydantic.dev/2.8/v/missing
title
  Field required [type=missing, input_value={}, input_type=dict]
    For further information visit https://errors.pydantic.dev/2.8/v/missing
programCode
  Field required [type=missing, input_value={}, input_type=dict]
    For further information visit https://errors.pydantic.dev/2.8/v/missing
distribution
  Field required [type=missing, input_value={}, input_type=dict]
    For further information visit https://errors.pydantic.dev/2.8/v/missing
theme
  Field required [type=missing, input_value={}, input_type=dict]
    For further information visit https://errors.pydantic.dev/2.8/v/missing
2024-08-23 12:40:37 - ERROR - Validation error for dataset: Unknown title
Traceback (most recent call last):
  File "C:\Users\edmun\Projects\Repositories\healthpartners-interview\src\healthpartners_interview\download.py", line 31, in fetch_datasets
    dataset = Dataset(**current_item)
              ^^^^^^^^^^^^^^^^^^^^^^^
  File "C:\Users\edmun\Projects\Repositories\healthpartners-interview\.venv\Lib\site-packages\pydantic\main.py", line 193, in __init__
    self.__pydantic_validator__.validate_python(data, self_instance=self)
pydantic_core._pydantic_core.ValidationError: 16 validation errors for Dataset
accessLevel
  Field required [type=missing, input_value={}, input_type=dict]
    For further information visit https://errors.pydantic.dev/2.8/v/missing
landingPage
  Field required [type=missing, input_value={}, input_type=dict]
    For further information visit https://errors.pydantic.dev/2.8/v/missing
bureauCode
  Field required [type=missing, input_value={}, input_type=dict]
    For further information visit https://errors.pydantic.dev/2.8/v/missing
issued
  Field required [type=missing, input_value={}, input_type=dict]
    For further information visit https://errors.pydantic.dev/2.8/v/missing
@type
  Field required [type=missing, input_value={}, input_type=dict]
    For further information visit https://errors.pydantic.dev/2.8/v/missing
modified
  Field required [type=missing, input_value={}, input_type=dict]
    For further information visit https://errors.pydantic.dev/2.8/v/missing
released
  Field required [type=missing, input_value={}, input_type=dict]
    For further information visit https://errors.pydantic.dev/2.8/v/missing
keyword
  Field required [type=missing, input_value={}, input_type=dict]
    For further information visit https://errors.pydantic.dev/2.8/v/missing
contactPoint
  Field required [type=missing, input_value={}, input_type=dict]
    For further information visit https://errors.pydantic.dev/2.8/v/missing
publisher
  Field required [type=missing, input_value={}, input_type=dict]
    For further information visit https://errors.pydantic.dev/2.8/v/missing
identifier
  Field required [type=missing, input_value={}, input_type=dict]
    For further information visit https://errors.pydantic.dev/2.8/v/missing
description
  Field required [type=missing, input_value={}, input_type=dict]
    For further information visit https://errors.pydantic.dev/2.8/v/missing
title
  Field required [type=missing, input_value={}, input_type=dict]
    For further information visit https://errors.pydantic.dev/2.8/v/missing
programCode
  Field required [type=missing, input_value={}, input_type=dict]
    For further information visit https://errors.pydantic.dev/2.8/v/missing
distribution
  Field required [type=missing, input_value={}, input_type=dict]
    For further information visit https://errors.pydantic.dev/2.8/v/missing
theme
  Field required [type=missing, input_value={}, input_type=dict]
    For further information visit https://errors.pydantic.dev/2.8/v/missing
2024-08-23 12:40:37 - ERROR - Validation error for dataset: Unknown title
Traceback (most recent call last):
  File "C:\Users\edmun\Projects\Repositories\healthpartners-interview\src\healthpartners_interview\download.py", line 31, in fetch_datasets
    dataset = Dataset(**current_item)
              ^^^^^^^^^^^^^^^^^^^^^^^
  File "C:\Users\edmun\Projects\Repositories\healthpartners-interview\.venv\Lib\site-packages\pydantic\main.py", line 193, in __init__
    self.__pydantic_validator__.validate_python(data, self_instance=self)
pydantic_core._pydantic_core.ValidationError: 16 validation errors for Dataset
accessLevel
  Field required [type=missing, input_value={}, input_type=dict]
    For further information visit https://errors.pydantic.dev/2.8/v/missing
landingPage
  Field required [type=missing, input_value={}, input_type=dict]
    For further information visit https://errors.pydantic.dev/2.8/v/missing
bureauCode
  Field required [type=missing, input_value={}, input_type=dict]
    For further information visit https://errors.pydantic.dev/2.8/v/missing
issued
  Field required [type=missing, input_value={}, input_type=dict]
    For further information visit https://errors.pydantic.dev/2.8/v/missing
@type
  Field required [type=missing, input_value={}, input_type=dict]
    For further information visit https://errors.pydantic.dev/2.8/v/missing
modified
  Field required [type=missing, input_value={}, input_type=dict]
    For further information visit https://errors.pydantic.dev/2.8/v/missing
released
  Field required [type=missing, input_value={}, input_type=dict]
    For further information visit https://errors.pydantic.dev/2.8/v/missing
keyword
  Field required [type=missing, input_value={}, input_type=dict]
    For further information visit https://errors.pydantic.dev/2.8/v/missing
contactPoint
  Field required [type=missing, input_value={}, input_type=dict]
    For further information visit https://errors.pydantic.dev/2.8/v/missing
publisher
  Field required [type=missing, input_value={}, input_type=dict]
    For further information visit https://errors.pydantic.dev/2.8/v/missing
identifier
  Field required [type=missing, input_value={}, input_type=dict]
    For further information visit https://errors.pydantic.dev/2.8/v/missing
description
  Field required [type=missing, input_value={}, input_type=dict]
    For further information visit https://errors.pydantic.dev/2.8/v/missing
title
  Field required [type=missing, input_value={}, input_type=dict]
    For further information visit https://errors.pydantic.dev/2.8/v/missing
programCode
  Field required [type=missing, input_value={}, input_type=dict]
    For further information visit https://errors.pydantic.dev/2.8/v/missing
distribution
  Field required [type=missing, input_value={}, input_type=dict]
    For further information visit https://errors.pydantic.dev/2.8/v/missing
theme
  Field required [type=missing, input_value={}, input_type=dict]
    For further information visit https://errors.pydantic.dev/2.8/v/missing
2024-08-23 12:40:37 - ERROR - Validation error for dataset: Unknown title
Traceback (most recent call last):
  File "C:\Users\edmun\Projects\Repositories\healthpartners-interview\src\healthpartners_interview\download.py", line 31, in fetch_datasets
    dataset = Dataset(**current_item)
              ^^^^^^^^^^^^^^^^^^^^^^^
  File "C:\Users\edmun\Projects\Repositories\healthpartners-interview\.venv\Lib\site-packages\pydantic\main.py", line 193, in __init__
    self.__pydantic_validator__.validate_python(data, self_instance=self)
pydantic_core._pydantic_core.ValidationError: 16 validation errors for Dataset
accessLevel
  Field required [type=missing, input_value={'item': 'theme'}, input_type=dict]
    For further information visit https://errors.pydantic.dev/2.8/v/missing
landingPage
  Field required [type=missing, input_value={'item': 'theme'}, input_type=dict]
    For further information visit https://errors.pydantic.dev/2.8/v/missing
bureauCode
  Field required [type=missing, input_value={'item': 'theme'}, input_type=dict]
    For further information visit https://errors.pydantic.dev/2.8/v/missing
issued
  Field required [type=missing, input_value={'item': 'theme'}, input_type=dict]
    For further information visit https://errors.pydantic.dev/2.8/v/missing
@type
  Field required [type=missing, input_value={'item': 'theme'}, input_type=dict]
    For further information visit https://errors.pydantic.dev/2.8/v/missing
modified
  Field required [type=missing, input_value={'item': 'theme'}, input_type=dict]
    For further information visit https://errors.pydantic.dev/2.8/v/missing
released
  Field required [type=missing, input_value={'item': 'theme'}, input_type=dict]
    For further information visit https://errors.pydantic.dev/2.8/v/missing
keyword
  Field required [type=missing, input_value={'item': 'theme'}, input_type=dict]
    For further information visit https://errors.pydantic.dev/2.8/v/missing
contactPoint
  Field required [type=missing, input_value={'item': 'theme'}, input_type=dict]
    For further information visit https://errors.pydantic.dev/2.8/v/missing
publisher
  Field required [type=missing, input_value={'item': 'theme'}, input_type=dict]
    For further information visit https://errors.pydantic.dev/2.8/v/missing
identifier
  Field required [type=missing, input_value={'item': 'theme'}, input_type=dict]
    For further information visit https://errors.pydantic.dev/2.8/v/missing
description
  Field required [type=missing, input_value={'item': 'theme'}, input_type=dict]
    For further information visit https://errors.pydantic.dev/2.8/v/missing
title
  Field required [type=missing, input_value={'item': 'theme'}, input_type=dict]
    For further information visit https://errors.pydantic.dev/2.8/v/missing
programCode
  Field required [type=missing, input_value={'item': 'theme'}, input_type=dict]
    For further information visit https://errors.pydantic.dev/2.8/v/missing
distribution
  Field required [type=missing, input_value={'item': 'theme'}, input_type=dict]
    For further information visit https://errors.pydantic.dev/2.8/v/missing
theme
  Field required [type=missing, input_value={'item': 'theme'}, input_type=dict]
    For further information visit https://errors.pydantic.dev/2.8/v/missing
2024-08-23 12:40:37 - ERROR - Validation error for dataset: Unknown title
Traceback (most recent call last):
  File "C:\Users\edmun\Projects\Repositories\healthpartners-interview\src\healthpartners_interview\download.py", line 31, in fetch_datasets
    dataset = Dataset(**current_item)
              ^^^^^^^^^^^^^^^^^^^^^^^
  File "C:\Users\edmun\Projects\Repositories\healthpartners-interview\.venv\Lib\site-packages\pydantic\main.py", line 193, in __init__
    self.__pydantic_validator__.validate_python(data, self_instance=self)
pydantic_core._pydantic_core.ValidationError: 16 validation errors for Dataset
accessLevel
  Field required [type=missing, input_value={}, input_type=dict]
    For further information visit https://errors.pydantic.dev/2.8/v/missing
landingPage
  Field required [type=missing, input_value={}, input_type=dict]
    For further information visit https://errors.pydantic.dev/2.8/v/missing
bureauCode
  Field required [type=missing, input_value={}, input_type=dict]
    For further information visit https://errors.pydantic.dev/2.8/v/missing
issued
  Field required [type=missing, input_value={}, input_type=dict]
    For further information visit https://errors.pydantic.dev/2.8/v/missing
@type
  Field required [type=missing, input_value={}, input_type=dict]
    For further information visit https://errors.pydantic.dev/2.8/v/missing
modified
  Field required [type=missing, input_value={}, input_type=dict]
    For further information visit https://errors.pydantic.dev/2.8/v/missing
released
  Field required [type=missing, input_value={}, input_type=dict]
    For further information visit https://errors.pydantic.dev/2.8/v/missing
keyword
  Field required [type=missing, input_value={}, input_type=dict]
    For further information visit https://errors.pydantic.dev/2.8/v/missing
contactPoint
  Field required [type=missing, input_value={}, input_type=dict]
    For further information visit https://errors.pydantic.dev/2.8/v/missing
publisher
  Field required [type=missing, input_value={}, input_type=dict]
    For further information visit https://errors.pydantic.dev/2.8/v/missing
identifier
  Field required [type=missing, input_value={}, input_type=dict]
    For further information visit https://errors.pydantic.dev/2.8/v/missing
description
  Field required [type=missing, input_value={}, input_type=dict]
    For further information visit https://errors.pydantic.dev/2.8/v/missing
title
  Field required [type=missing, input_value={}, input_type=dict]
    For further information visit https://errors.pydantic.dev/2.8/v/missing
programCode
  Field required [type=missing, input_value={}, input_type=dict]
    For further information visit https://errors.pydantic.dev/2.8/v/missing
distribution
  Field required [type=missing, input_value={}, input_type=dict]
    For further information visit https://errors.pydantic.dev/2.8/v/missing
theme
  Field required [type=missing, input_value={}, input_type=dict]
    For further information visit https://errors.pydantic.dev/2.8/v/missing
2024-08-23 12:40:37 - ERROR - Validation error for dataset: Unknown title
Traceback (most recent call last):
  File "C:\Users\edmun\Projects\Repositories\healthpartners-interview\src\healthpartners_interview\download.py", line 31, in fetch_datasets
    dataset = Dataset(**current_item)
              ^^^^^^^^^^^^^^^^^^^^^^^
  File "C:\Users\edmun\Projects\Repositories\healthpartners-interview\.venv\Lib\site-packages\pydantic\main.py", line 193, in __init__
    self.__pydantic_validator__.validate_python(data, self_instance=self)
pydantic_core._pydantic_core.ValidationError: 16 validation errors for Dataset
accessLevel
  Field required [type=missing, input_value={}, input_type=dict]
    For further information visit https://errors.pydantic.dev/2.8/v/missing
landingPage
  Field required [type=missing, input_value={}, input_type=dict]
    For further information visit https://errors.pydantic.dev/2.8/v/missing
bureauCode
  Field required [type=missing, input_value={}, input_type=dict]
    For further information visit https://errors.pydantic.dev/2.8/v/missing
issued
  Field required [type=missing, input_value={}, input_type=dict]
    For further information visit https://errors.pydantic.dev/2.8/v/missing
@type
  Field required [type=missing, input_value={}, input_type=dict]
    For further information visit https://errors.pydantic.dev/2.8/v/missing
modified
  Field required [type=missing, input_value={}, input_type=dict]
    For further information visit https://errors.pydantic.dev/2.8/v/missing
released
  Field required [type=missing, input_value={}, input_type=dict]
    For further information visit https://errors.pydantic.dev/2.8/v/missing
keyword
  Field required [type=missing, input_value={}, input_type=dict]
    For further information visit https://errors.pydantic.dev/2.8/v/missing
contactPoint
  Field required [type=missing, input_value={}, input_type=dict]
    For further information visit https://errors.pydantic.dev/2.8/v/missing
publisher
  Field required [type=missing, input_value={}, input_type=dict]
    For further information visit https://errors.pydantic.dev/2.8/v/missing
identifier
  Field required [type=missing, input_value={}, input_type=dict]
    For further information visit https://errors.pydantic.dev/2.8/v/missing
description
  Field required [type=missing, input_value={}, input_type=dict]
    For further information visit https://errors.pydantic.dev/2.8/v/missing
title
  Field required [type=missing, input_value={}, input_type=dict]
    For further information visit https://errors.pydantic.dev/2.8/v/missing
programCode
  Field required [type=missing, input_value={}, input_type=dict]
    For further information visit https://errors.pydantic.dev/2.8/v/missing
distribution
  Field required [type=missing, input_value={}, input_type=dict]
    For further information visit https://errors.pydantic.dev/2.8/v/missing
theme
  Field required [type=missing, input_value={}, input_type=dict]
    For further information visit https://errors.pydantic.dev/2.8/v/missing
2024-08-23 12:40:37 - ERROR - Validation error for dataset: Unknown title
Traceback (most recent call last):
  File "C:\Users\edmun\Projects\Repositories\healthpartners-interview\src\healthpartners_interview\download.py", line 31, in fetch_datasets
    dataset = Dataset(**current_item)
              ^^^^^^^^^^^^^^^^^^^^^^^
  File "C:\Users\edmun\Projects\Repositories\healthpartners-interview\.venv\Lib\site-packages\pydantic\main.py", line 193, in __init__
    self.__pydantic_validator__.validate_python(data, self_instance=self)
pydantic_core._pydantic_core.ValidationError: 16 validation errors for Dataset
accessLevel
  Field required [type=missing, input_value={}, input_type=dict]
    For further information visit https://errors.pydantic.dev/2.8/v/missing
landingPage
  Field required [type=missing, input_value={}, input_type=dict]
    For further information visit https://errors.pydantic.dev/2.8/v/missing
bureauCode
  Field required [type=missing, input_value={}, input_type=dict]
    For further information visit https://errors.pydantic.dev/2.8/v/missing
issued
  Field required [type=missing, input_value={}, input_type=dict]
    For further information visit https://errors.pydantic.dev/2.8/v/missing
@type
  Field required [type=missing, input_value={}, input_type=dict]
    For further information visit https://errors.pydantic.dev/2.8/v/missing
modified
  Field required [type=missing, input_value={}, input_type=dict]
    For further information visit https://errors.pydantic.dev/2.8/v/missing
released
  Field required [type=missing, input_value={}, input_type=dict]
    For further information visit https://errors.pydantic.dev/2.8/v/missing
keyword
  Field required [type=missing, input_value={}, input_type=dict]
    For further information visit https://errors.pydantic.dev/2.8/v/missing
contactPoint
  Field required [type=missing, input_value={}, input_type=dict]
    For further information visit https://errors.pydantic.dev/2.8/v/missing
publisher
  Field required [type=missing, input_value={}, input_type=dict]
    For further information visit https://errors.pydantic.dev/2.8/v/missing
identifier
  Field required [type=missing, input_value={}, input_type=dict]
    For further information visit https://errors.pydantic.dev/2.8/v/missing
description
  Field required [type=missing, input_value={}, input_type=dict]
    For further information visit https://errors.pydantic.dev/2.8/v/missing
title
  Field required [type=missing, input_value={}, input_type=dict]
    For further information visit https://errors.pydantic.dev/2.8/v/missing
programCode
  Field required [type=missing, input_value={}, input_type=dict]
    For further information visit https://errors.pydantic.dev/2.8/v/missing
distribution
  Field required [type=missing, input_value={}, input_type=dict]
    For further information visit https://errors.pydantic.dev/2.8/v/missing
theme
  Field required [type=missing, input_value={}, input_type=dict]
    For further information visit https://errors.pydantic.dev/2.8/v/missing
2024-08-23 12:40:37 - ERROR - Validation error for dataset: Unknown title
Traceback (most recent call last):
  File "C:\Users\edmun\Projects\Repositories\healthpartners-interview\src\healthpartners_interview\download.py", line 31, in fetch_datasets
    dataset = Dataset(**current_item)
              ^^^^^^^^^^^^^^^^^^^^^^^
  File "C:\Users\edmun\Projects\Repositories\healthpartners-interview\.venv\Lib\site-packages\pydantic\main.py", line 193, in __init__
    self.__pydantic_validator__.validate_python(data, self_instance=self)
pydantic_core._pydantic_core.ValidationError: 16 validation errors for Dataset
accessLevel
  Field required [type=missing, input_value={'item': 'theme'}, input_type=dict]
    For further information visit https://errors.pydantic.dev/2.8/v/missing
landingPage
  Field required [type=missing, input_value={'item': 'theme'}, input_type=dict]
    For further information visit https://errors.pydantic.dev/2.8/v/missing
bureauCode
  Field required [type=missing, input_value={'item': 'theme'}, input_type=dict]
    For further information visit https://errors.pydantic.dev/2.8/v/missing
issued
  Field required [type=missing, input_value={'item': 'theme'}, input_type=dict]
    For further information visit https://errors.pydantic.dev/2.8/v/missing
@type
  Field required [type=missing, input_value={'item': 'theme'}, input_type=dict]
    For further information visit https://errors.pydantic.dev/2.8/v/missing
modified
  Field required [type=missing, input_value={'item': 'theme'}, input_type=dict]
    For further information visit https://errors.pydantic.dev/2.8/v/missing
released
  Field required [type=missing, input_value={'item': 'theme'}, input_type=dict]
    For further information visit https://errors.pydantic.dev/2.8/v/missing
keyword
  Field required [type=missing, input_value={'item': 'theme'}, input_type=dict]
    For further information visit https://errors.pydantic.dev/2.8/v/missing
contactPoint
  Field required [type=missing, input_value={'item': 'theme'}, input_type=dict]
    For further information visit https://errors.pydantic.dev/2.8/v/missing
publisher
  Field required [type=missing, input_value={'item': 'theme'}, input_type=dict]
    For further information visit https://errors.pydantic.dev/2.8/v/missing
identifier
  Field required [type=missing, input_value={'item': 'theme'}, input_type=dict]
    For further information visit https://errors.pydantic.dev/2.8/v/missing
description
  Field required [type=missing, input_value={'item': 'theme'}, input_type=dict]
    For further information visit https://errors.pydantic.dev/2.8/v/missing
title
  Field required [type=missing, input_value={'item': 'theme'}, input_type=dict]
    For further information visit https://errors.pydantic.dev/2.8/v/missing
programCode
  Field required [type=missing, input_value={'item': 'theme'}, input_type=dict]
    For further information visit https://errors.pydantic.dev/2.8/v/missing
distribution
  Field required [type=missing, input_value={'item': 'theme'}, input_type=dict]
    For further information visit https://errors.pydantic.dev/2.8/v/missing
theme
  Field required [type=missing, input_value={'item': 'theme'}, input_type=dict]
    For further information visit https://errors.pydantic.dev/2.8/v/missing
2024-08-23 12:40:37 - ERROR - Validation error for dataset: Unknown title
Traceback (most recent call last):
  File "C:\Users\edmun\Projects\Repositories\healthpartners-interview\src\healthpartners_interview\download.py", line 31, in fetch_datasets
    dataset = Dataset(**current_item)
              ^^^^^^^^^^^^^^^^^^^^^^^
  File "C:\Users\edmun\Projects\Repositories\healthpartners-interview\.venv\Lib\site-packages\pydantic\main.py", line 193, in __init__
    self.__pydantic_validator__.validate_python(data, self_instance=self)
pydantic_core._pydantic_core.ValidationError: 16 validation errors for Dataset
accessLevel
  Field required [type=missing, input_value={}, input_type=dict]
    For further information visit https://errors.pydantic.dev/2.8/v/missing
landingPage
  Field required [type=missing, input_value={}, input_type=dict]
    For further information visit https://errors.pydantic.dev/2.8/v/missing
bureauCode
  Field required [type=missing, input_value={}, input_type=dict]
    For further information visit https://errors.pydantic.dev/2.8/v/missing
issued
  Field required [type=missing, input_value={}, input_type=dict]
    For further information visit https://errors.pydantic.dev/2.8/v/missing
@type
  Field required [type=missing, input_value={}, input_type=dict]
    For further information visit https://errors.pydantic.dev/2.8/v/missing
modified
  Field required [type=missing, input_value={}, input_type=dict]
    For further information visit https://errors.pydantic.dev/2.8/v/missing
released
  Field required [type=missing, input_value={}, input_type=dict]
    For further information visit https://errors.pydantic.dev/2.8/v/missing
keyword
  Field required [type=missing, input_value={}, input_type=dict]
    For further information visit https://errors.pydantic.dev/2.8/v/missing
contactPoint
  Field required [type=missing, input_value={}, input_type=dict]
    For further information visit https://errors.pydantic.dev/2.8/v/missing
publisher
  Field required [type=missing, input_value={}, input_type=dict]
    For further information visit https://errors.pydantic.dev/2.8/v/missing
identifier
  Field required [type=missing, input_value={}, input_type=dict]
    For further information visit https://errors.pydantic.dev/2.8/v/missing
description
  Field required [type=missing, input_value={}, input_type=dict]
    For further information visit https://errors.pydantic.dev/2.8/v/missing
title
  Field required [type=missing, input_value={}, input_type=dict]
    For further information visit https://errors.pydantic.dev/2.8/v/missing
programCode
  Field required [type=missing, input_value={}, input_type=dict]
    For further information visit https://errors.pydantic.dev/2.8/v/missing
distribution
  Field required [type=missing, input_value={}, input_type=dict]
    For further information visit https://errors.pydantic.dev/2.8/v/missing
theme
  Field required [type=missing, input_value={}, input_type=dict]
    For further information visit https://errors.pydantic.dev/2.8/v/missing
2024-08-23 12:40:37 - ERROR - Validation error for dataset: Unknown title
Traceback (most recent call last):
  File "C:\Users\edmun\Projects\Repositories\healthpartners-interview\src\healthpartners_interview\download.py", line 31, in fetch_datasets
    dataset = Dataset(**current_item)
              ^^^^^^^^^^^^^^^^^^^^^^^
  File "C:\Users\edmun\Projects\Repositories\healthpartners-interview\.venv\Lib\site-packages\pydantic\main.py", line 193, in __init__
    self.__pydantic_validator__.validate_python(data, self_instance=self)
pydantic_core._pydantic_core.ValidationError: 16 validation errors for Dataset
accessLevel
  Field required [type=missing, input_value={}, input_type=dict]
    For further information visit https://errors.pydantic.dev/2.8/v/missing
landingPage
  Field required [type=missing, input_value={}, input_type=dict]
    For further information visit https://errors.pydantic.dev/2.8/v/missing
bureauCode
  Field required [type=missing, input_value={}, input_type=dict]
    For further information visit https://errors.pydantic.dev/2.8/v/missing
issued
  Field required [type=missing, input_value={}, input_type=dict]
    For further information visit https://errors.pydantic.dev/2.8/v/missing
@type
  Field required [type=missing, input_value={}, input_type=dict]
    For further information visit https://errors.pydantic.dev/2.8/v/missing
modified
  Field required [type=missing, input_value={}, input_type=dict]
    For further information visit https://errors.pydantic.dev/2.8/v/missing
released
  Field required [type=missing, input_value={}, input_type=dict]
    For further information visit https://errors.pydantic.dev/2.8/v/missing
keyword
  Field required [type=missing, input_value={}, input_type=dict]
    For further information visit https://errors.pydantic.dev/2.8/v/missing
contactPoint
  Field required [type=missing, input_value={}, input_type=dict]
    For further information visit https://errors.pydantic.dev/2.8/v/missing
publisher
  Field required [type=missing, input_value={}, input_type=dict]
    For further information visit https://errors.pydantic.dev/2.8/v/missing
identifier
  Field required [type=missing, input_value={}, input_type=dict]
    For further information visit https://errors.pydantic.dev/2.8/v/missing
description
  Field required [type=missing, input_value={}, input_type=dict]
    For further information visit https://errors.pydantic.dev/2.8/v/missing
title
  Field required [type=missing, input_value={}, input_type=dict]
    For further information visit https://errors.pydantic.dev/2.8/v/missing
programCode
  Field required [type=missing, input_value={}, input_type=dict]
    For further information visit https://errors.pydantic.dev/2.8/v/missing
distribution
  Field required [type=missing, input_value={}, input_type=dict]
    For further information visit https://errors.pydantic.dev/2.8/v/missing
theme
  Field required [type=missing, input_value={}, input_type=dict]
    For further information visit https://errors.pydantic.dev/2.8/v/missing
2024-08-23 12:40:37 - ERROR - Validation error for dataset: Unknown title
Traceback (most recent call last):
  File "C:\Users\edmun\Projects\Repositories\healthpartners-interview\src\healthpartners_interview\download.py", line 31, in fetch_datasets
    dataset = Dataset(**current_item)
              ^^^^^^^^^^^^^^^^^^^^^^^
  File "C:\Users\edmun\Projects\Repositories\healthpartners-interview\.venv\Lib\site-packages\pydantic\main.py", line 193, in __init__
    self.__pydantic_validator__.validate_python(data, self_instance=self)
pydantic_core._pydantic_core.ValidationError: 16 validation errors for Dataset
accessLevel
  Field required [type=missing, input_value={}, input_type=dict]
    For further information visit https://errors.pydantic.dev/2.8/v/missing
landingPage
  Field required [type=missing, input_value={}, input_type=dict]
    For further information visit https://errors.pydantic.dev/2.8/v/missing
bureauCode
  Field required [type=missing, input_value={}, input_type=dict]
    For further information visit https://errors.pydantic.dev/2.8/v/missing
issued
  Field required [type=missing, input_value={}, input_type=dict]
    For further information visit https://errors.pydantic.dev/2.8/v/missing
@type
  Field required [type=missing, input_value={}, input_type=dict]
    For further information visit https://errors.pydantic.dev/2.8/v/missing
modified
  Field required [type=missing, input_value={}, input_type=dict]
    For further information visit https://errors.pydantic.dev/2.8/v/missing
released
  Field required [type=missing, input_value={}, input_type=dict]
    For further information visit https://errors.pydantic.dev/2.8/v/missing
keyword
  Field required [type=missing, input_value={}, input_type=dict]
    For further information visit https://errors.pydantic.dev/2.8/v/missing
contactPoint
  Field required [type=missing, input_value={}, input_type=dict]
    For further information visit https://errors.pydantic.dev/2.8/v/missing
publisher
  Field required [type=missing, input_value={}, input_type=dict]
    For further information visit https://errors.pydantic.dev/2.8/v/missing
identifier
  Field required [type=missing, input_value={}, input_type=dict]
    For further information visit https://errors.pydantic.dev/2.8/v/missing
description
  Field required [type=missing, input_value={}, input_type=dict]
    For further information visit https://errors.pydantic.dev/2.8/v/missing
title
  Field required [type=missing, input_value={}, input_type=dict]
    For further information visit https://errors.pydantic.dev/2.8/v/missing
programCode
  Field required [type=missing, input_value={}, input_type=dict]
    For further information visit https://errors.pydantic.dev/2.8/v/missing
distribution
  Field required [type=missing, input_value={}, input_type=dict]
    For further information visit https://errors.pydantic.dev/2.8/v/missing
theme
  Field required [type=missing, input_value={}, input_type=dict]
    For further information visit https://errors.pydantic.dev/2.8/v/missing
2024-08-23 12:40:37 - ERROR - Validation error for dataset: Unknown title
Traceback (most recent call last):
  File "C:\Users\edmun\Projects\Repositories\healthpartners-interview\src\healthpartners_interview\download.py", line 31, in fetch_datasets
    dataset = Dataset(**current_item)
              ^^^^^^^^^^^^^^^^^^^^^^^
  File "C:\Users\edmun\Projects\Repositories\healthpartners-interview\.venv\Lib\site-packages\pydantic\main.py", line 193, in __init__
    self.__pydantic_validator__.validate_python(data, self_instance=self)
pydantic_core._pydantic_core.ValidationError: 16 validation errors for Dataset
accessLevel
  Field required [type=missing, input_value={'item': 'theme'}, input_type=dict]
    For further information visit https://errors.pydantic.dev/2.8/v/missing
landingPage
  Field required [type=missing, input_value={'item': 'theme'}, input_type=dict]
    For further information visit https://errors.pydantic.dev/2.8/v/missing
bureauCode
  Field required [type=missing, input_value={'item': 'theme'}, input_type=dict]
    For further information visit https://errors.pydantic.dev/2.8/v/missing
issued
  Field required [type=missing, input_value={'item': 'theme'}, input_type=dict]
    For further information visit https://errors.pydantic.dev/2.8/v/missing
@type
  Field required [type=missing, input_value={'item': 'theme'}, input_type=dict]
    For further information visit https://errors.pydantic.dev/2.8/v/missing
modified
  Field required [type=missing, input_value={'item': 'theme'}, input_type=dict]
    For further information visit https://errors.pydantic.dev/2.8/v/missing
released
  Field required [type=missing, input_value={'item': 'theme'}, input_type=dict]
    For further information visit https://errors.pydantic.dev/2.8/v/missing
keyword
  Field required [type=missing, input_value={'item': 'theme'}, input_type=dict]
    For further information visit https://errors.pydantic.dev/2.8/v/missing
contactPoint
  Field required [type=missing, input_value={'item': 'theme'}, input_type=dict]
    For further information visit https://errors.pydantic.dev/2.8/v/missing
publisher
  Field required [type=missing, input_value={'item': 'theme'}, input_type=dict]
    For further information visit https://errors.pydantic.dev/2.8/v/missing
identifier
  Field required [type=missing, input_value={'item': 'theme'}, input_type=dict]
    For further information visit https://errors.pydantic.dev/2.8/v/missing
description
  Field required [type=missing, input_value={'item': 'theme'}, input_type=dict]
    For further information visit https://errors.pydantic.dev/2.8/v/missing
title
  Field required [type=missing, input_value={'item': 'theme'}, input_type=dict]
    For further information visit https://errors.pydantic.dev/2.8/v/missing
programCode
  Field required [type=missing, input_value={'item': 'theme'}, input_type=dict]
    For further information visit https://errors.pydantic.dev/2.8/v/missing
distribution
  Field required [type=missing, input_value={'item': 'theme'}, input_type=dict]
    For further information visit https://errors.pydantic.dev/2.8/v/missing
theme
  Field required [type=missing, input_value={'item': 'theme'}, input_type=dict]
    For further information visit https://errors.pydantic.dev/2.8/v/missing
2024-08-23 12:40:37 - ERROR - Validation error for dataset: Unknown title
Traceback (most recent call last):
  File "C:\Users\edmun\Projects\Repositories\healthpartners-interview\src\healthpartners_interview\download.py", line 31, in fetch_datasets
    dataset = Dataset(**current_item)
              ^^^^^^^^^^^^^^^^^^^^^^^
  File "C:\Users\edmun\Projects\Repositories\healthpartners-interview\.venv\Lib\site-packages\pydantic\main.py", line 193, in __init__
    self.__pydantic_validator__.validate_python(data, self_instance=self)
pydantic_core._pydantic_core.ValidationError: 16 validation errors for Dataset
accessLevel
  Field required [type=missing, input_value={}, input_type=dict]
    For further information visit https://errors.pydantic.dev/2.8/v/missing
landingPage
  Field required [type=missing, input_value={}, input_type=dict]
    For further information visit https://errors.pydantic.dev/2.8/v/missing
bureauCode
  Field required [type=missing, input_value={}, input_type=dict]
    For further information visit https://errors.pydantic.dev/2.8/v/missing
issued
  Field required [type=missing, input_value={}, input_type=dict]
    For further information visit https://errors.pydantic.dev/2.8/v/missing
@type
  Field required [type=missing, input_value={}, input_type=dict]
    For further information visit https://errors.pydantic.dev/2.8/v/missing
modified
  Field required [type=missing, input_value={}, input_type=dict]
    For further information visit https://errors.pydantic.dev/2.8/v/missing
released
  Field required [type=missing, input_value={}, input_type=dict]
    For further information visit https://errors.pydantic.dev/2.8/v/missing
keyword
  Field required [type=missing, input_value={}, input_type=dict]
    For further information visit https://errors.pydantic.dev/2.8/v/missing
contactPoint
  Field required [type=missing, input_value={}, input_type=dict]
    For further information visit https://errors.pydantic.dev/2.8/v/missing
publisher
  Field required [type=missing, input_value={}, input_type=dict]
    For further information visit https://errors.pydantic.dev/2.8/v/missing
identifier
  Field required [type=missing, input_value={}, input_type=dict]
    For further information visit https://errors.pydantic.dev/2.8/v/missing
description
  Field required [type=missing, input_value={}, input_type=dict]
    For further information visit https://errors.pydantic.dev/2.8/v/missing
title
  Field required [type=missing, input_value={}, input_type=dict]
    For further information visit https://errors.pydantic.dev/2.8/v/missing
programCode
  Field required [type=missing, input_value={}, input_type=dict]
    For further information visit https://errors.pydantic.dev/2.8/v/missing
distribution
  Field required [type=missing, input_value={}, input_type=dict]
    For further information visit https://errors.pydantic.dev/2.8/v/missing
theme
  Field required [type=missing, input_value={}, input_type=dict]
    For further information visit https://errors.pydantic.dev/2.8/v/missing
2024-08-23 12:40:37 - ERROR - Validation error for dataset: Unknown title
Traceback (most recent call last):
  File "C:\Users\edmun\Projects\Repositories\healthpartners-interview\src\healthpartners_interview\download.py", line 31, in fetch_datasets
    dataset = Dataset(**current_item)
              ^^^^^^^^^^^^^^^^^^^^^^^
  File "C:\Users\edmun\Projects\Repositories\healthpartners-interview\.venv\Lib\site-packages\pydantic\main.py", line 193, in __init__
    self.__pydantic_validator__.validate_python(data, self_instance=self)
pydantic_core._pydantic_core.ValidationError: 16 validation errors for Dataset
accessLevel
  Field required [type=missing, input_value={}, input_type=dict]
    For further information visit https://errors.pydantic.dev/2.8/v/missing
landingPage
  Field required [type=missing, input_value={}, input_type=dict]
    For further information visit https://errors.pydantic.dev/2.8/v/missing
bureauCode
  Field required [type=missing, input_value={}, input_type=dict]
    For further information visit https://errors.pydantic.dev/2.8/v/missing
issued
  Field required [type=missing, input_value={}, input_type=dict]
    For further information visit https://errors.pydantic.dev/2.8/v/missing
@type
  Field required [type=missing, input_value={}, input_type=dict]
    For further information visit https://errors.pydantic.dev/2.8/v/missing
modified
  Field required [type=missing, input_value={}, input_type=dict]
    For further information visit https://errors.pydantic.dev/2.8/v/missing
released
  Field required [type=missing, input_value={}, input_type=dict]
    For further information visit https://errors.pydantic.dev/2.8/v/missing
keyword
  Field required [type=missing, input_value={}, input_type=dict]
    For further information visit https://errors.pydantic.dev/2.8/v/missing
contactPoint
  Field required [type=missing, input_value={}, input_type=dict]
    For further information visit https://errors.pydantic.dev/2.8/v/missing
publisher
  Field required [type=missing, input_value={}, input_type=dict]
    For further information visit https://errors.pydantic.dev/2.8/v/missing
identifier
  Field required [type=missing, input_value={}, input_type=dict]
    For further information visit https://errors.pydantic.dev/2.8/v/missing
description
  Field required [type=missing, input_value={}, input_type=dict]
    For further information visit https://errors.pydantic.dev/2.8/v/missing
title
  Field required [type=missing, input_value={}, input_type=dict]
    For further information visit https://errors.pydantic.dev/2.8/v/missing
programCode
  Field required [type=missing, input_value={}, input_type=dict]
    For further information visit https://errors.pydantic.dev/2.8/v/missing
distribution
  Field required [type=missing, input_value={}, input_type=dict]
    For further information visit https://errors.pydantic.dev/2.8/v/missing
theme
  Field required [type=missing, input_value={}, input_type=dict]
    For further information visit https://errors.pydantic.dev/2.8/v/missing
2024-08-23 12:40:37 - ERROR - Validation error for dataset: Unknown title
Traceback (most recent call last):
  File "C:\Users\edmun\Projects\Repositories\healthpartners-interview\src\healthpartners_interview\download.py", line 31, in fetch_datasets
    dataset = Dataset(**current_item)
              ^^^^^^^^^^^^^^^^^^^^^^^
  File "C:\Users\edmun\Projects\Repositories\healthpartners-interview\.venv\Lib\site-packages\pydantic\main.py", line 193, in __init__
    self.__pydantic_validator__.validate_python(data, self_instance=self)
pydantic_core._pydantic_core.ValidationError: 16 validation errors for Dataset
accessLevel
  Field required [type=missing, input_value={}, input_type=dict]
    For further information visit https://errors.pydantic.dev/2.8/v/missing
landingPage
  Field required [type=missing, input_value={}, input_type=dict]
    For further information visit https://errors.pydantic.dev/2.8/v/missing
bureauCode
  Field required [type=missing, input_value={}, input_type=dict]
    For further information visit https://errors.pydantic.dev/2.8/v/missing
issued
  Field required [type=missing, input_value={}, input_type=dict]
    For further information visit https://errors.pydantic.dev/2.8/v/missing
@type
  Field required [type=missing, input_value={}, input_type=dict]
    For further information visit https://errors.pydantic.dev/2.8/v/missing
modified
  Field required [type=missing, input_value={}, input_type=dict]
    For further information visit https://errors.pydantic.dev/2.8/v/missing
released
  Field required [type=missing, input_value={}, input_type=dict]
    For further information visit https://errors.pydantic.dev/2.8/v/missing
keyword
  Field required [type=missing, input_value={}, input_type=dict]
    For further information visit https://errors.pydantic.dev/2.8/v/missing
contactPoint
  Field required [type=missing, input_value={}, input_type=dict]
    For further information visit https://errors.pydantic.dev/2.8/v/missing
publisher
  Field required [type=missing, input_value={}, input_type=dict]
    For further information visit https://errors.pydantic.dev/2.8/v/missing
identifier
  Field required [type=missing, input_value={}, input_type=dict]
    For further information visit https://errors.pydantic.dev/2.8/v/missing
description
  Field required [type=missing, input_value={}, input_type=dict]
    For further information visit https://errors.pydantic.dev/2.8/v/missing
title
  Field required [type=missing, input_value={}, input_type=dict]
    For further information visit https://errors.pydantic.dev/2.8/v/missing
programCode
  Field required [type=missing, input_value={}, input_type=dict]
    For further information visit https://errors.pydantic.dev/2.8/v/missing
distribution
  Field required [type=missing, input_value={}, input_type=dict]
    For further information visit https://errors.pydantic.dev/2.8/v/missing
theme
  Field required [type=missing, input_value={}, input_type=dict]
    For further information visit https://errors.pydantic.dev/2.8/v/missing
2024-08-23 12:40:37 - ERROR - Validation error for dataset: Unknown title
Traceback (most recent call last):
  File "C:\Users\edmun\Projects\Repositories\healthpartners-interview\src\healthpartners_interview\download.py", line 31, in fetch_datasets
    dataset = Dataset(**current_item)
              ^^^^^^^^^^^^^^^^^^^^^^^
  File "C:\Users\edmun\Projects\Repositories\healthpartners-interview\.venv\Lib\site-packages\pydantic\main.py", line 193, in __init__
    self.__pydantic_validator__.validate_python(data, self_instance=self)
pydantic_core._pydantic_core.ValidationError: 16 validation errors for Dataset
accessLevel
  Field required [type=missing, input_value={'item': 'theme'}, input_type=dict]
    For further information visit https://errors.pydantic.dev/2.8/v/missing
landingPage
  Field required [type=missing, input_value={'item': 'theme'}, input_type=dict]
    For further information visit https://errors.pydantic.dev/2.8/v/missing
bureauCode
  Field required [type=missing, input_value={'item': 'theme'}, input_type=dict]
    For further information visit https://errors.pydantic.dev/2.8/v/missing
issued
  Field required [type=missing, input_value={'item': 'theme'}, input_type=dict]
    For further information visit https://errors.pydantic.dev/2.8/v/missing
@type
  Field required [type=missing, input_value={'item': 'theme'}, input_type=dict]
    For further information visit https://errors.pydantic.dev/2.8/v/missing
modified
  Field required [type=missing, input_value={'item': 'theme'}, input_type=dict]
    For further information visit https://errors.pydantic.dev/2.8/v/missing
released
  Field required [type=missing, input_value={'item': 'theme'}, input_type=dict]
    For further information visit https://errors.pydantic.dev/2.8/v/missing
keyword
  Field required [type=missing, input_value={'item': 'theme'}, input_type=dict]
    For further information visit https://errors.pydantic.dev/2.8/v/missing
contactPoint
  Field required [type=missing, input_value={'item': 'theme'}, input_type=dict]
    For further information visit https://errors.pydantic.dev/2.8/v/missing
publisher
  Field required [type=missing, input_value={'item': 'theme'}, input_type=dict]
    For further information visit https://errors.pydantic.dev/2.8/v/missing
identifier
  Field required [type=missing, input_value={'item': 'theme'}, input_type=dict]
    For further information visit https://errors.pydantic.dev/2.8/v/missing
description
  Field required [type=missing, input_value={'item': 'theme'}, input_type=dict]
    For further information visit https://errors.pydantic.dev/2.8/v/missing
title
  Field required [type=missing, input_value={'item': 'theme'}, input_type=dict]
    For further information visit https://errors.pydantic.dev/2.8/v/missing
programCode
  Field required [type=missing, input_value={'item': 'theme'}, input_type=dict]
    For further information visit https://errors.pydantic.dev/2.8/v/missing
distribution
  Field required [type=missing, input_value={'item': 'theme'}, input_type=dict]
    For further information visit https://errors.pydantic.dev/2.8/v/missing
theme
  Field required [type=missing, input_value={'item': 'theme'}, input_type=dict]
    For further information visit https://errors.pydantic.dev/2.8/v/missing
2024-08-23 12:40:37 - ERROR - Validation error for dataset: Unknown title
Traceback (most recent call last):
  File "C:\Users\edmun\Projects\Repositories\healthpartners-interview\src\healthpartners_interview\download.py", line 31, in fetch_datasets
    dataset = Dataset(**current_item)
              ^^^^^^^^^^^^^^^^^^^^^^^
  File "C:\Users\edmun\Projects\Repositories\healthpartners-interview\.venv\Lib\site-packages\pydantic\main.py", line 193, in __init__
    self.__pydantic_validator__.validate_python(data, self_instance=self)
pydantic_core._pydantic_core.ValidationError: 16 validation errors for Dataset
accessLevel
  Field required [type=missing, input_value={}, input_type=dict]
    For further information visit https://errors.pydantic.dev/2.8/v/missing
landingPage
  Field required [type=missing, input_value={}, input_type=dict]
    For further information visit https://errors.pydantic.dev/2.8/v/missing
bureauCode
  Field required [type=missing, input_value={}, input_type=dict]
    For further information visit https://errors.pydantic.dev/2.8/v/missing
issued
  Field required [type=missing, input_value={}, input_type=dict]
    For further information visit https://errors.pydantic.dev/2.8/v/missing
@type
  Field required [type=missing, input_value={}, input_type=dict]
    For further information visit https://errors.pydantic.dev/2.8/v/missing
modified
  Field required [type=missing, input_value={}, input_type=dict]
    For further information visit https://errors.pydantic.dev/2.8/v/missing
released
  Field required [type=missing, input_value={}, input_type=dict]
    For further information visit https://errors.pydantic.dev/2.8/v/missing
keyword
  Field required [type=missing, input_value={}, input_type=dict]
    For further information visit https://errors.pydantic.dev/2.8/v/missing
contactPoint
  Field required [type=missing, input_value={}, input_type=dict]
    For further information visit https://errors.pydantic.dev/2.8/v/missing
publisher
  Field required [type=missing, input_value={}, input_type=dict]
    For further information visit https://errors.pydantic.dev/2.8/v/missing
identifier
  Field required [type=missing, input_value={}, input_type=dict]
    For further information visit https://errors.pydantic.dev/2.8/v/missing
description
  Field required [type=missing, input_value={}, input_type=dict]
    For further information visit https://errors.pydantic.dev/2.8/v/missing
title
  Field required [type=missing, input_value={}, input_type=dict]
    For further information visit https://errors.pydantic.dev/2.8/v/missing
programCode
  Field required [type=missing, input_value={}, input_type=dict]
    For further information visit https://errors.pydantic.dev/2.8/v/missing
distribution
  Field required [type=missing, input_value={}, input_type=dict]
    For further information visit https://errors.pydantic.dev/2.8/v/missing
theme
  Field required [type=missing, input_value={}, input_type=dict]
    For further information visit https://errors.pydantic.dev/2.8/v/missing
2024-08-23 12:40:37 - ERROR - Validation error for dataset: Unknown title
Traceback (most recent call last):
  File "C:\Users\edmun\Projects\Repositories\healthpartners-interview\src\healthpartners_interview\download.py", line 31, in fetch_datasets
    dataset = Dataset(**current_item)
              ^^^^^^^^^^^^^^^^^^^^^^^
  File "C:\Users\edmun\Projects\Repositories\healthpartners-interview\.venv\Lib\site-packages\pydantic\main.py", line 193, in __init__
    self.__pydantic_validator__.validate_python(data, self_instance=self)
pydantic_core._pydantic_core.ValidationError: 16 validation errors for Dataset
accessLevel
  Field required [type=missing, input_value={}, input_type=dict]
    For further information visit https://errors.pydantic.dev/2.8/v/missing
landingPage
  Field required [type=missing, input_value={}, input_type=dict]
    For further information visit https://errors.pydantic.dev/2.8/v/missing
bureauCode
  Field required [type=missing, input_value={}, input_type=dict]
    For further information visit https://errors.pydantic.dev/2.8/v/missing
issued
  Field required [type=missing, input_value={}, input_type=dict]
    For further information visit https://errors.pydantic.dev/2.8/v/missing
@type
  Field required [type=missing, input_value={}, input_type=dict]
    For further information visit https://errors.pydantic.dev/2.8/v/missing
modified
  Field required [type=missing, input_value={}, input_type=dict]
    For further information visit https://errors.pydantic.dev/2.8/v/missing
released
  Field required [type=missing, input_value={}, input_type=dict]
    For further information visit https://errors.pydantic.dev/2.8/v/missing
keyword
  Field required [type=missing, input_value={}, input_type=dict]
    For further information visit https://errors.pydantic.dev/2.8/v/missing
contactPoint
  Field required [type=missing, input_value={}, input_type=dict]
    For further information visit https://errors.pydantic.dev/2.8/v/missing
publisher
  Field required [type=missing, input_value={}, input_type=dict]
    For further information visit https://errors.pydantic.dev/2.8/v/missing
identifier
  Field required [type=missing, input_value={}, input_type=dict]
    For further information visit https://errors.pydantic.dev/2.8/v/missing
description
  Field required [type=missing, input_value={}, input_type=dict]
    For further information visit https://errors.pydantic.dev/2.8/v/missing
title
  Field required [type=missing, input_value={}, input_type=dict]
    For further information visit https://errors.pydantic.dev/2.8/v/missing
programCode
  Field required [type=missing, input_value={}, input_type=dict]
    For further information visit https://errors.pydantic.dev/2.8/v/missing
distribution
  Field required [type=missing, input_value={}, input_type=dict]
    For further information visit https://errors.pydantic.dev/2.8/v/missing
theme
  Field required [type=missing, input_value={}, input_type=dict]
    For further information visit https://errors.pydantic.dev/2.8/v/missing
2024-08-23 12:40:37 - ERROR - Validation error for dataset: Unknown title
Traceback (most recent call last):
  File "C:\Users\edmun\Projects\Repositories\healthpartners-interview\src\healthpartners_interview\download.py", line 31, in fetch_datasets
    dataset = Dataset(**current_item)
              ^^^^^^^^^^^^^^^^^^^^^^^
  File "C:\Users\edmun\Projects\Repositories\healthpartners-interview\.venv\Lib\site-packages\pydantic\main.py", line 193, in __init__
    self.__pydantic_validator__.validate_python(data, self_instance=self)
pydantic_core._pydantic_core.ValidationError: 16 validation errors for Dataset
accessLevel
  Field required [type=missing, input_value={}, input_type=dict]
    For further information visit https://errors.pydantic.dev/2.8/v/missing
landingPage
  Field required [type=missing, input_value={}, input_type=dict]
    For further information visit https://errors.pydantic.dev/2.8/v/missing
bureauCode
  Field required [type=missing, input_value={}, input_type=dict]
    For further information visit https://errors.pydantic.dev/2.8/v/missing
issued
  Field required [type=missing, input_value={}, input_type=dict]
    For further information visit https://errors.pydantic.dev/2.8/v/missing
@type
  Field required [type=missing, input_value={}, input_type=dict]
    For further information visit https://errors.pydantic.dev/2.8/v/missing
modified
  Field required [type=missing, input_value={}, input_type=dict]
    For further information visit https://errors.pydantic.dev/2.8/v/missing
released
  Field required [type=missing, input_value={}, input_type=dict]
    For further information visit https://errors.pydantic.dev/2.8/v/missing
keyword
  Field required [type=missing, input_value={}, input_type=dict]
    For further information visit https://errors.pydantic.dev/2.8/v/missing
contactPoint
  Field required [type=missing, input_value={}, input_type=dict]
    For further information visit https://errors.pydantic.dev/2.8/v/missing
publisher
  Field required [type=missing, input_value={}, input_type=dict]
    For further information visit https://errors.pydantic.dev/2.8/v/missing
identifier
  Field required [type=missing, input_value={}, input_type=dict]
    For further information visit https://errors.pydantic.dev/2.8/v/missing
description
  Field required [type=missing, input_value={}, input_type=dict]
    For further information visit https://errors.pydantic.dev/2.8/v/missing
title
  Field required [type=missing, input_value={}, input_type=dict]
    For further information visit https://errors.pydantic.dev/2.8/v/missing
programCode
  Field required [type=missing, input_value={}, input_type=dict]
    For further information visit https://errors.pydantic.dev/2.8/v/missing
distribution
  Field required [type=missing, input_value={}, input_type=dict]
    For further information visit https://errors.pydantic.dev/2.8/v/missing
theme
  Field required [type=missing, input_value={}, input_type=dict]
    For further information visit https://errors.pydantic.dev/2.8/v/missing
2024-08-23 12:40:37 - ERROR - Validation error for dataset: Unknown title
Traceback (most recent call last):
  File "C:\Users\edmun\Projects\Repositories\healthpartners-interview\src\healthpartners_interview\download.py", line 31, in fetch_datasets
    dataset = Dataset(**current_item)
              ^^^^^^^^^^^^^^^^^^^^^^^
  File "C:\Users\edmun\Projects\Repositories\healthpartners-interview\.venv\Lib\site-packages\pydantic\main.py", line 193, in __init__
    self.__pydantic_validator__.validate_python(data, self_instance=self)
pydantic_core._pydantic_core.ValidationError: 16 validation errors for Dataset
accessLevel
  Field required [type=missing, input_value={'item': 'theme'}, input_type=dict]
    For further information visit https://errors.pydantic.dev/2.8/v/missing
landingPage
  Field required [type=missing, input_value={'item': 'theme'}, input_type=dict]
    For further information visit https://errors.pydantic.dev/2.8/v/missing
bureauCode
  Field required [type=missing, input_value={'item': 'theme'}, input_type=dict]
    For further information visit https://errors.pydantic.dev/2.8/v/missing
issued
  Field required [type=missing, input_value={'item': 'theme'}, input_type=dict]
    For further information visit https://errors.pydantic.dev/2.8/v/missing
@type
  Field required [type=missing, input_value={'item': 'theme'}, input_type=dict]
    For further information visit https://errors.pydantic.dev/2.8/v/missing
modified
  Field required [type=missing, input_value={'item': 'theme'}, input_type=dict]
    For further information visit https://errors.pydantic.dev/2.8/v/missing
released
  Field required [type=missing, input_value={'item': 'theme'}, input_type=dict]
    For further information visit https://errors.pydantic.dev/2.8/v/missing
keyword
  Field required [type=missing, input_value={'item': 'theme'}, input_type=dict]
    For further information visit https://errors.pydantic.dev/2.8/v/missing
contactPoint
  Field required [type=missing, input_value={'item': 'theme'}, input_type=dict]
    For further information visit https://errors.pydantic.dev/2.8/v/missing
publisher
  Field required [type=missing, input_value={'item': 'theme'}, input_type=dict]
    For further information visit https://errors.pydantic.dev/2.8/v/missing
identifier
  Field required [type=missing, input_value={'item': 'theme'}, input_type=dict]
    For further information visit https://errors.pydantic.dev/2.8/v/missing
description
  Field required [type=missing, input_value={'item': 'theme'}, input_type=dict]
    For further information visit https://errors.pydantic.dev/2.8/v/missing
title
  Field required [type=missing, input_value={'item': 'theme'}, input_type=dict]
    For further information visit https://errors.pydantic.dev/2.8/v/missing
programCode
  Field required [type=missing, input_value={'item': 'theme'}, input_type=dict]
    For further information visit https://errors.pydantic.dev/2.8/v/missing
distribution
  Field required [type=missing, input_value={'item': 'theme'}, input_type=dict]
    For further information visit https://errors.pydantic.dev/2.8/v/missing
theme
  Field required [type=missing, input_value={'item': 'theme'}, input_type=dict]
    For further information visit https://errors.pydantic.dev/2.8/v/missing
2024-08-23 12:40:37 - ERROR - Validation error for dataset: Unknown title
Traceback (most recent call last):
  File "C:\Users\edmun\Projects\Repositories\healthpartners-interview\src\healthpartners_interview\download.py", line 31, in fetch_datasets
    dataset = Dataset(**current_item)
              ^^^^^^^^^^^^^^^^^^^^^^^
  File "C:\Users\edmun\Projects\Repositories\healthpartners-interview\.venv\Lib\site-packages\pydantic\main.py", line 193, in __init__
    self.__pydantic_validator__.validate_python(data, self_instance=self)
pydantic_core._pydantic_core.ValidationError: 16 validation errors for Dataset
accessLevel
  Field required [type=missing, input_value={}, input_type=dict]
    For further information visit https://errors.pydantic.dev/2.8/v/missing
landingPage
  Field required [type=missing, input_value={}, input_type=dict]
    For further information visit https://errors.pydantic.dev/2.8/v/missing
bureauCode
  Field required [type=missing, input_value={}, input_type=dict]
    For further information visit https://errors.pydantic.dev/2.8/v/missing
issued
  Field required [type=missing, input_value={}, input_type=dict]
    For further information visit https://errors.pydantic.dev/2.8/v/missing
@type
  Field required [type=missing, input_value={}, input_type=dict]
    For further information visit https://errors.pydantic.dev/2.8/v/missing
modified
  Field required [type=missing, input_value={}, input_type=dict]
    For further information visit https://errors.pydantic.dev/2.8/v/missing
released
  Field required [type=missing, input_value={}, input_type=dict]
    For further information visit https://errors.pydantic.dev/2.8/v/missing
keyword
  Field required [type=missing, input_value={}, input_type=dict]
    For further information visit https://errors.pydantic.dev/2.8/v/missing
contactPoint
  Field required [type=missing, input_value={}, input_type=dict]
    For further information visit https://errors.pydantic.dev/2.8/v/missing
publisher
  Field required [type=missing, input_value={}, input_type=dict]
    For further information visit https://errors.pydantic.dev/2.8/v/missing
identifier
  Field required [type=missing, input_value={}, input_type=dict]
    For further information visit https://errors.pydantic.dev/2.8/v/missing
description
  Field required [type=missing, input_value={}, input_type=dict]
    For further information visit https://errors.pydantic.dev/2.8/v/missing
title
  Field required [type=missing, input_value={}, input_type=dict]
    For further information visit https://errors.pydantic.dev/2.8/v/missing
programCode
  Field required [type=missing, input_value={}, input_type=dict]
    For further information visit https://errors.pydantic.dev/2.8/v/missing
distribution
  Field required [type=missing, input_value={}, input_type=dict]
    For further information visit https://errors.pydantic.dev/2.8/v/missing
theme
  Field required [type=missing, input_value={}, input_type=dict]
    For further information visit https://errors.pydantic.dev/2.8/v/missing
2024-08-23 12:40:37 - ERROR - Validation error for dataset: Unknown title
Traceback (most recent call last):
  File "C:\Users\edmun\Projects\Repositories\healthpartners-interview\src\healthpartners_interview\download.py", line 31, in fetch_datasets
    dataset = Dataset(**current_item)
              ^^^^^^^^^^^^^^^^^^^^^^^
  File "C:\Users\edmun\Projects\Repositories\healthpartners-interview\.venv\Lib\site-packages\pydantic\main.py", line 193, in __init__
    self.__pydantic_validator__.validate_python(data, self_instance=self)
pydantic_core._pydantic_core.ValidationError: 16 validation errors for Dataset
accessLevel
  Field required [type=missing, input_value={}, input_type=dict]
    For further information visit https://errors.pydantic.dev/2.8/v/missing
landingPage
  Field required [type=missing, input_value={}, input_type=dict]
    For further information visit https://errors.pydantic.dev/2.8/v/missing
bureauCode
  Field required [type=missing, input_value={}, input_type=dict]
    For further information visit https://errors.pydantic.dev/2.8/v/missing
issued
  Field required [type=missing, input_value={}, input_type=dict]
    For further information visit https://errors.pydantic.dev/2.8/v/missing
@type
  Field required [type=missing, input_value={}, input_type=dict]
    For further information visit https://errors.pydantic.dev/2.8/v/missing
modified
  Field required [type=missing, input_value={}, input_type=dict]
    For further information visit https://errors.pydantic.dev/2.8/v/missing
released
  Field required [type=missing, input_value={}, input_type=dict]
    For further information visit https://errors.pydantic.dev/2.8/v/missing
keyword
  Field required [type=missing, input_value={}, input_type=dict]
    For further information visit https://errors.pydantic.dev/2.8/v/missing
contactPoint
  Field required [type=missing, input_value={}, input_type=dict]
    For further information visit https://errors.pydantic.dev/2.8/v/missing
publisher
  Field required [type=missing, input_value={}, input_type=dict]
    For further information visit https://errors.pydantic.dev/2.8/v/missing
identifier
  Field required [type=missing, input_value={}, input_type=dict]
    For further information visit https://errors.pydantic.dev/2.8/v/missing
description
  Field required [type=missing, input_value={}, input_type=dict]
    For further information visit https://errors.pydantic.dev/2.8/v/missing
title
  Field required [type=missing, input_value={}, input_type=dict]
    For further information visit https://errors.pydantic.dev/2.8/v/missing
programCode
  Field required [type=missing, input_value={}, input_type=dict]
    For further information visit https://errors.pydantic.dev/2.8/v/missing
distribution
  Field required [type=missing, input_value={}, input_type=dict]
    For further information visit https://errors.pydantic.dev/2.8/v/missing
theme
  Field required [type=missing, input_value={}, input_type=dict]
    For further information visit https://errors.pydantic.dev/2.8/v/missing
2024-08-23 12:40:37 - ERROR - Validation error for dataset: Unknown title
Traceback (most recent call last):
  File "C:\Users\edmun\Projects\Repositories\healthpartners-interview\src\healthpartners_interview\download.py", line 31, in fetch_datasets
    dataset = Dataset(**current_item)
              ^^^^^^^^^^^^^^^^^^^^^^^
  File "C:\Users\edmun\Projects\Repositories\healthpartners-interview\.venv\Lib\site-packages\pydantic\main.py", line 193, in __init__
    self.__pydantic_validator__.validate_python(data, self_instance=self)
pydantic_core._pydantic_core.ValidationError: 16 validation errors for Dataset
accessLevel
  Field required [type=missing, input_value={}, input_type=dict]
    For further information visit https://errors.pydantic.dev/2.8/v/missing
landingPage
  Field required [type=missing, input_value={}, input_type=dict]
    For further information visit https://errors.pydantic.dev/2.8/v/missing
bureauCode
  Field required [type=missing, input_value={}, input_type=dict]
    For further information visit https://errors.pydantic.dev/2.8/v/missing
issued
  Field required [type=missing, input_value={}, input_type=dict]
    For further information visit https://errors.pydantic.dev/2.8/v/missing
@type
  Field required [type=missing, input_value={}, input_type=dict]
    For further information visit https://errors.pydantic.dev/2.8/v/missing
modified
  Field required [type=missing, input_value={}, input_type=dict]
    For further information visit https://errors.pydantic.dev/2.8/v/missing
released
  Field required [type=missing, input_value={}, input_type=dict]
    For further information visit https://errors.pydantic.dev/2.8/v/missing
keyword
  Field required [type=missing, input_value={}, input_type=dict]
    For further information visit https://errors.pydantic.dev/2.8/v/missing
contactPoint
  Field required [type=missing, input_value={}, input_type=dict]
    For further information visit https://errors.pydantic.dev/2.8/v/missing
publisher
  Field required [type=missing, input_value={}, input_type=dict]
    For further information visit https://errors.pydantic.dev/2.8/v/missing
identifier
  Field required [type=missing, input_value={}, input_type=dict]
    For further information visit https://errors.pydantic.dev/2.8/v/missing
description
  Field required [type=missing, input_value={}, input_type=dict]
    For further information visit https://errors.pydantic.dev/2.8/v/missing
title
  Field required [type=missing, input_value={}, input_type=dict]
    For further information visit https://errors.pydantic.dev/2.8/v/missing
programCode
  Field required [type=missing, input_value={}, input_type=dict]
    For further information visit https://errors.pydantic.dev/2.8/v/missing
distribution
  Field required [type=missing, input_value={}, input_type=dict]
    For further information visit https://errors.pydantic.dev/2.8/v/missing
theme
  Field required [type=missing, input_value={}, input_type=dict]
    For further information visit https://errors.pydantic.dev/2.8/v/missing
2024-08-23 12:40:37 - ERROR - Validation error for dataset: Unknown title
Traceback (most recent call last):
  File "C:\Users\edmun\Projects\Repositories\healthpartners-interview\src\healthpartners_interview\download.py", line 31, in fetch_datasets
    dataset = Dataset(**current_item)
              ^^^^^^^^^^^^^^^^^^^^^^^
  File "C:\Users\edmun\Projects\Repositories\healthpartners-interview\.venv\Lib\site-packages\pydantic\main.py", line 193, in __init__
    self.__pydantic_validator__.validate_python(data, self_instance=self)
pydantic_core._pydantic_core.ValidationError: 16 validation errors for Dataset
accessLevel
  Field required [type=missing, input_value={'item': 'theme'}, input_type=dict]
    For further information visit https://errors.pydantic.dev/2.8/v/missing
landingPage
  Field required [type=missing, input_value={'item': 'theme'}, input_type=dict]
    For further information visit https://errors.pydantic.dev/2.8/v/missing
bureauCode
  Field required [type=missing, input_value={'item': 'theme'}, input_type=dict]
    For further information visit https://errors.pydantic.dev/2.8/v/missing
issued
  Field required [type=missing, input_value={'item': 'theme'}, input_type=dict]
    For further information visit https://errors.pydantic.dev/2.8/v/missing
@type
  Field required [type=missing, input_value={'item': 'theme'}, input_type=dict]
    For further information visit https://errors.pydantic.dev/2.8/v/missing
modified
  Field required [type=missing, input_value={'item': 'theme'}, input_type=dict]
    For further information visit https://errors.pydantic.dev/2.8/v/missing
released
  Field required [type=missing, input_value={'item': 'theme'}, input_type=dict]
    For further information visit https://errors.pydantic.dev/2.8/v/missing
keyword
  Field required [type=missing, input_value={'item': 'theme'}, input_type=dict]
    For further information visit https://errors.pydantic.dev/2.8/v/missing
contactPoint
  Field required [type=missing, input_value={'item': 'theme'}, input_type=dict]
    For further information visit https://errors.pydantic.dev/2.8/v/missing
publisher
  Field required [type=missing, input_value={'item': 'theme'}, input_type=dict]
    For further information visit https://errors.pydantic.dev/2.8/v/missing
identifier
  Field required [type=missing, input_value={'item': 'theme'}, input_type=dict]
    For further information visit https://errors.pydantic.dev/2.8/v/missing
description
  Field required [type=missing, input_value={'item': 'theme'}, input_type=dict]
    For further information visit https://errors.pydantic.dev/2.8/v/missing
title
  Field required [type=missing, input_value={'item': 'theme'}, input_type=dict]
    For further information visit https://errors.pydantic.dev/2.8/v/missing
programCode
  Field required [type=missing, input_value={'item': 'theme'}, input_type=dict]
    For further information visit https://errors.pydantic.dev/2.8/v/missing
distribution
  Field required [type=missing, input_value={'item': 'theme'}, input_type=dict]
    For further information visit https://errors.pydantic.dev/2.8/v/missing
theme
  Field required [type=missing, input_value={'item': 'theme'}, input_type=dict]
    For further information visit https://errors.pydantic.dev/2.8/v/missing
2024-08-23 12:40:37 - ERROR - Validation error for dataset: Unknown title
Traceback (most recent call last):
  File "C:\Users\edmun\Projects\Repositories\healthpartners-interview\src\healthpartners_interview\download.py", line 31, in fetch_datasets
    dataset = Dataset(**current_item)
              ^^^^^^^^^^^^^^^^^^^^^^^
  File "C:\Users\edmun\Projects\Repositories\healthpartners-interview\.venv\Lib\site-packages\pydantic\main.py", line 193, in __init__
    self.__pydantic_validator__.validate_python(data, self_instance=self)
pydantic_core._pydantic_core.ValidationError: 16 validation errors for Dataset
accessLevel
  Field required [type=missing, input_value={}, input_type=dict]
    For further information visit https://errors.pydantic.dev/2.8/v/missing
landingPage
  Field required [type=missing, input_value={}, input_type=dict]
    For further information visit https://errors.pydantic.dev/2.8/v/missing
bureauCode
  Field required [type=missing, input_value={}, input_type=dict]
    For further information visit https://errors.pydantic.dev/2.8/v/missing
issued
  Field required [type=missing, input_value={}, input_type=dict]
    For further information visit https://errors.pydantic.dev/2.8/v/missing
@type
  Field required [type=missing, input_value={}, input_type=dict]
    For further information visit https://errors.pydantic.dev/2.8/v/missing
modified
  Field required [type=missing, input_value={}, input_type=dict]
    For further information visit https://errors.pydantic.dev/2.8/v/missing
released
  Field required [type=missing, input_value={}, input_type=dict]
    For further information visit https://errors.pydantic.dev/2.8/v/missing
keyword
  Field required [type=missing, input_value={}, input_type=dict]
    For further information visit https://errors.pydantic.dev/2.8/v/missing
contactPoint
  Field required [type=missing, input_value={}, input_type=dict]
    For further information visit https://errors.pydantic.dev/2.8/v/missing
publisher
  Field required [type=missing, input_value={}, input_type=dict]
    For further information visit https://errors.pydantic.dev/2.8/v/missing
identifier
  Field required [type=missing, input_value={}, input_type=dict]
    For further information visit https://errors.pydantic.dev/2.8/v/missing
description
  Field required [type=missing, input_value={}, input_type=dict]
    For further information visit https://errors.pydantic.dev/2.8/v/missing
title
  Field required [type=missing, input_value={}, input_type=dict]
    For further information visit https://errors.pydantic.dev/2.8/v/missing
programCode
  Field required [type=missing, input_value={}, input_type=dict]
    For further information visit https://errors.pydantic.dev/2.8/v/missing
distribution
  Field required [type=missing, input_value={}, input_type=dict]
    For further information visit https://errors.pydantic.dev/2.8/v/missing
theme
  Field required [type=missing, input_value={}, input_type=dict]
    For further information visit https://errors.pydantic.dev/2.8/v/missing
2024-08-23 12:40:37 - ERROR - Validation error for dataset: Unknown title
Traceback (most recent call last):
  File "C:\Users\edmun\Projects\Repositories\healthpartners-interview\src\healthpartners_interview\download.py", line 31, in fetch_datasets
    dataset = Dataset(**current_item)
              ^^^^^^^^^^^^^^^^^^^^^^^
  File "C:\Users\edmun\Projects\Repositories\healthpartners-interview\.venv\Lib\site-packages\pydantic\main.py", line 193, in __init__
    self.__pydantic_validator__.validate_python(data, self_instance=self)
pydantic_core._pydantic_core.ValidationError: 16 validation errors for Dataset
accessLevel
  Field required [type=missing, input_value={}, input_type=dict]
    For further information visit https://errors.pydantic.dev/2.8/v/missing
landingPage
  Field required [type=missing, input_value={}, input_type=dict]
    For further information visit https://errors.pydantic.dev/2.8/v/missing
bureauCode
  Field required [type=missing, input_value={}, input_type=dict]
    For further information visit https://errors.pydantic.dev/2.8/v/missing
issued
  Field required [type=missing, input_value={}, input_type=dict]
    For further information visit https://errors.pydantic.dev/2.8/v/missing
@type
  Field required [type=missing, input_value={}, input_type=dict]
    For further information visit https://errors.pydantic.dev/2.8/v/missing
modified
  Field required [type=missing, input_value={}, input_type=dict]
    For further information visit https://errors.pydantic.dev/2.8/v/missing
released
  Field required [type=missing, input_value={}, input_type=dict]
    For further information visit https://errors.pydantic.dev/2.8/v/missing
keyword
  Field required [type=missing, input_value={}, input_type=dict]
    For further information visit https://errors.pydantic.dev/2.8/v/missing
contactPoint
  Field required [type=missing, input_value={}, input_type=dict]
    For further information visit https://errors.pydantic.dev/2.8/v/missing
publisher
  Field required [type=missing, input_value={}, input_type=dict]
    For further information visit https://errors.pydantic.dev/2.8/v/missing
identifier
  Field required [type=missing, input_value={}, input_type=dict]
    For further information visit https://errors.pydantic.dev/2.8/v/missing
description
  Field required [type=missing, input_value={}, input_type=dict]
    For further information visit https://errors.pydantic.dev/2.8/v/missing
title
  Field required [type=missing, input_value={}, input_type=dict]
    For further information visit https://errors.pydantic.dev/2.8/v/missing
programCode
  Field required [type=missing, input_value={}, input_type=dict]
    For further information visit https://errors.pydantic.dev/2.8/v/missing
distribution
  Field required [type=missing, input_value={}, input_type=dict]
    For further information visit https://errors.pydantic.dev/2.8/v/missing
theme
  Field required [type=missing, input_value={}, input_type=dict]
    For further information visit https://errors.pydantic.dev/2.8/v/missing
2024-08-23 12:40:37 - ERROR - Validation error for dataset: Unknown title
Traceback (most recent call last):
  File "C:\Users\edmun\Projects\Repositories\healthpartners-interview\src\healthpartners_interview\download.py", line 31, in fetch_datasets
    dataset = Dataset(**current_item)
              ^^^^^^^^^^^^^^^^^^^^^^^
  File "C:\Users\edmun\Projects\Repositories\healthpartners-interview\.venv\Lib\site-packages\pydantic\main.py", line 193, in __init__
    self.__pydantic_validator__.validate_python(data, self_instance=self)
pydantic_core._pydantic_core.ValidationError: 16 validation errors for Dataset
accessLevel
  Field required [type=missing, input_value={}, input_type=dict]
    For further information visit https://errors.pydantic.dev/2.8/v/missing
landingPage
  Field required [type=missing, input_value={}, input_type=dict]
    For further information visit https://errors.pydantic.dev/2.8/v/missing
bureauCode
  Field required [type=missing, input_value={}, input_type=dict]
    For further information visit https://errors.pydantic.dev/2.8/v/missing
issued
  Field required [type=missing, input_value={}, input_type=dict]
    For further information visit https://errors.pydantic.dev/2.8/v/missing
@type
  Field required [type=missing, input_value={}, input_type=dict]
    For further information visit https://errors.pydantic.dev/2.8/v/missing
modified
  Field required [type=missing, input_value={}, input_type=dict]
    For further information visit https://errors.pydantic.dev/2.8/v/missing
released
  Field required [type=missing, input_value={}, input_type=dict]
    For further information visit https://errors.pydantic.dev/2.8/v/missing
keyword
  Field required [type=missing, input_value={}, input_type=dict]
    For further information visit https://errors.pydantic.dev/2.8/v/missing
contactPoint
  Field required [type=missing, input_value={}, input_type=dict]
    For further information visit https://errors.pydantic.dev/2.8/v/missing
publisher
  Field required [type=missing, input_value={}, input_type=dict]
    For further information visit https://errors.pydantic.dev/2.8/v/missing
identifier
  Field required [type=missing, input_value={}, input_type=dict]
    For further information visit https://errors.pydantic.dev/2.8/v/missing
description
  Field required [type=missing, input_value={}, input_type=dict]
    For further information visit https://errors.pydantic.dev/2.8/v/missing
title
  Field required [type=missing, input_value={}, input_type=dict]
    For further information visit https://errors.pydantic.dev/2.8/v/missing
programCode
  Field required [type=missing, input_value={}, input_type=dict]
    For further information visit https://errors.pydantic.dev/2.8/v/missing
distribution
  Field required [type=missing, input_value={}, input_type=dict]
    For further information visit https://errors.pydantic.dev/2.8/v/missing
theme
  Field required [type=missing, input_value={}, input_type=dict]
    For further information visit https://errors.pydantic.dev/2.8/v/missing
2024-08-23 12:40:37 - ERROR - Validation error for dataset: Unknown title
Traceback (most recent call last):
  File "C:\Users\edmun\Projects\Repositories\healthpartners-interview\src\healthpartners_interview\download.py", line 31, in fetch_datasets
    dataset = Dataset(**current_item)
              ^^^^^^^^^^^^^^^^^^^^^^^
  File "C:\Users\edmun\Projects\Repositories\healthpartners-interview\.venv\Lib\site-packages\pydantic\main.py", line 193, in __init__
    self.__pydantic_validator__.validate_python(data, self_instance=self)
pydantic_core._pydantic_core.ValidationError: 16 validation errors for Dataset
accessLevel
  Field required [type=missing, input_value={'item': 'theme'}, input_type=dict]
    For further information visit https://errors.pydantic.dev/2.8/v/missing
landingPage
  Field required [type=missing, input_value={'item': 'theme'}, input_type=dict]
    For further information visit https://errors.pydantic.dev/2.8/v/missing
bureauCode
  Field required [type=missing, input_value={'item': 'theme'}, input_type=dict]
    For further information visit https://errors.pydantic.dev/2.8/v/missing
issued
  Field required [type=missing, input_value={'item': 'theme'}, input_type=dict]
    For further information visit https://errors.pydantic.dev/2.8/v/missing
@type
  Field required [type=missing, input_value={'item': 'theme'}, input_type=dict]
    For further information visit https://errors.pydantic.dev/2.8/v/missing
modified
  Field required [type=missing, input_value={'item': 'theme'}, input_type=dict]
    For further information visit https://errors.pydantic.dev/2.8/v/missing
released
  Field required [type=missing, input_value={'item': 'theme'}, input_type=dict]
    For further information visit https://errors.pydantic.dev/2.8/v/missing
keyword
  Field required [type=missing, input_value={'item': 'theme'}, input_type=dict]
    For further information visit https://errors.pydantic.dev/2.8/v/missing
contactPoint
  Field required [type=missing, input_value={'item': 'theme'}, input_type=dict]
    For further information visit https://errors.pydantic.dev/2.8/v/missing
publisher
  Field required [type=missing, input_value={'item': 'theme'}, input_type=dict]
    For further information visit https://errors.pydantic.dev/2.8/v/missing
identifier
  Field required [type=missing, input_value={'item': 'theme'}, input_type=dict]
    For further information visit https://errors.pydantic.dev/2.8/v/missing
description
  Field required [type=missing, input_value={'item': 'theme'}, input_type=dict]
    For further information visit https://errors.pydantic.dev/2.8/v/missing
title
  Field required [type=missing, input_value={'item': 'theme'}, input_type=dict]
    For further information visit https://errors.pydantic.dev/2.8/v/missing
programCode
  Field required [type=missing, input_value={'item': 'theme'}, input_type=dict]
    For further information visit https://errors.pydantic.dev/2.8/v/missing
distribution
  Field required [type=missing, input_value={'item': 'theme'}, input_type=dict]
    For further information visit https://errors.pydantic.dev/2.8/v/missing
theme
  Field required [type=missing, input_value={'item': 'theme'}, input_type=dict]
    For further information visit https://errors.pydantic.dev/2.8/v/missing
2024-08-23 12:40:37 - ERROR - Validation error for dataset: Unknown title
Traceback (most recent call last):
  File "C:\Users\edmun\Projects\Repositories\healthpartners-interview\src\healthpartners_interview\download.py", line 31, in fetch_datasets
    dataset = Dataset(**current_item)
              ^^^^^^^^^^^^^^^^^^^^^^^
  File "C:\Users\edmun\Projects\Repositories\healthpartners-interview\.venv\Lib\site-packages\pydantic\main.py", line 193, in __init__
    self.__pydantic_validator__.validate_python(data, self_instance=self)
pydantic_core._pydantic_core.ValidationError: 16 validation errors for Dataset
accessLevel
  Field required [type=missing, input_value={}, input_type=dict]
    For further information visit https://errors.pydantic.dev/2.8/v/missing
landingPage
  Field required [type=missing, input_value={}, input_type=dict]
    For further information visit https://errors.pydantic.dev/2.8/v/missing
bureauCode
  Field required [type=missing, input_value={}, input_type=dict]
    For further information visit https://errors.pydantic.dev/2.8/v/missing
issued
  Field required [type=missing, input_value={}, input_type=dict]
    For further information visit https://errors.pydantic.dev/2.8/v/missing
@type
  Field required [type=missing, input_value={}, input_type=dict]
    For further information visit https://errors.pydantic.dev/2.8/v/missing
modified
  Field required [type=missing, input_value={}, input_type=dict]
    For further information visit https://errors.pydantic.dev/2.8/v/missing
released
  Field required [type=missing, input_value={}, input_type=dict]
    For further information visit https://errors.pydantic.dev/2.8/v/missing
keyword
  Field required [type=missing, input_value={}, input_type=dict]
    For further information visit https://errors.pydantic.dev/2.8/v/missing
contactPoint
  Field required [type=missing, input_value={}, input_type=dict]
    For further information visit https://errors.pydantic.dev/2.8/v/missing
publisher
  Field required [type=missing, input_value={}, input_type=dict]
    For further information visit https://errors.pydantic.dev/2.8/v/missing
identifier
  Field required [type=missing, input_value={}, input_type=dict]
    For further information visit https://errors.pydantic.dev/2.8/v/missing
description
  Field required [type=missing, input_value={}, input_type=dict]
    For further information visit https://errors.pydantic.dev/2.8/v/missing
title
  Field required [type=missing, input_value={}, input_type=dict]
    For further information visit https://errors.pydantic.dev/2.8/v/missing
programCode
  Field required [type=missing, input_value={}, input_type=dict]
    For further information visit https://errors.pydantic.dev/2.8/v/missing
distribution
  Field required [type=missing, input_value={}, input_type=dict]
    For further information visit https://errors.pydantic.dev/2.8/v/missing
theme
  Field required [type=missing, input_value={}, input_type=dict]
    For further information visit https://errors.pydantic.dev/2.8/v/missing
2024-08-23 12:40:37 - ERROR - Validation error for dataset: Unknown title
Traceback (most recent call last):
  File "C:\Users\edmun\Projects\Repositories\healthpartners-interview\src\healthpartners_interview\download.py", line 31, in fetch_datasets
    dataset = Dataset(**current_item)
              ^^^^^^^^^^^^^^^^^^^^^^^
  File "C:\Users\edmun\Projects\Repositories\healthpartners-interview\.venv\Lib\site-packages\pydantic\main.py", line 193, in __init__
    self.__pydantic_validator__.validate_python(data, self_instance=self)
pydantic_core._pydantic_core.ValidationError: 16 validation errors for Dataset
accessLevel
  Field required [type=missing, input_value={}, input_type=dict]
    For further information visit https://errors.pydantic.dev/2.8/v/missing
landingPage
  Field required [type=missing, input_value={}, input_type=dict]
    For further information visit https://errors.pydantic.dev/2.8/v/missing
bureauCode
  Field required [type=missing, input_value={}, input_type=dict]
    For further information visit https://errors.pydantic.dev/2.8/v/missing
issued
  Field required [type=missing, input_value={}, input_type=dict]
    For further information visit https://errors.pydantic.dev/2.8/v/missing
@type
  Field required [type=missing, input_value={}, input_type=dict]
    For further information visit https://errors.pydantic.dev/2.8/v/missing
modified
  Field required [type=missing, input_value={}, input_type=dict]
    For further information visit https://errors.pydantic.dev/2.8/v/missing
released
  Field required [type=missing, input_value={}, input_type=dict]
    For further information visit https://errors.pydantic.dev/2.8/v/missing
keyword
  Field required [type=missing, input_value={}, input_type=dict]
    For further information visit https://errors.pydantic.dev/2.8/v/missing
contactPoint
  Field required [type=missing, input_value={}, input_type=dict]
    For further information visit https://errors.pydantic.dev/2.8/v/missing
publisher
  Field required [type=missing, input_value={}, input_type=dict]
    For further information visit https://errors.pydantic.dev/2.8/v/missing
identifier
  Field required [type=missing, input_value={}, input_type=dict]
    For further information visit https://errors.pydantic.dev/2.8/v/missing
description
  Field required [type=missing, input_value={}, input_type=dict]
    For further information visit https://errors.pydantic.dev/2.8/v/missing
title
  Field required [type=missing, input_value={}, input_type=dict]
    For further information visit https://errors.pydantic.dev/2.8/v/missing
programCode
  Field required [type=missing, input_value={}, input_type=dict]
    For further information visit https://errors.pydantic.dev/2.8/v/missing
distribution
  Field required [type=missing, input_value={}, input_type=dict]
    For further information visit https://errors.pydantic.dev/2.8/v/missing
theme
  Field required [type=missing, input_value={}, input_type=dict]
    For further information visit https://errors.pydantic.dev/2.8/v/missing
2024-08-23 12:40:37 - ERROR - Validation error for dataset: Unknown title
Traceback (most recent call last):
  File "C:\Users\edmun\Projects\Repositories\healthpartners-interview\src\healthpartners_interview\download.py", line 31, in fetch_datasets
    dataset = Dataset(**current_item)
              ^^^^^^^^^^^^^^^^^^^^^^^
  File "C:\Users\edmun\Projects\Repositories\healthpartners-interview\.venv\Lib\site-packages\pydantic\main.py", line 193, in __init__
    self.__pydantic_validator__.validate_python(data, self_instance=self)
pydantic_core._pydantic_core.ValidationError: 16 validation errors for Dataset
accessLevel
  Field required [type=missing, input_value={}, input_type=dict]
    For further information visit https://errors.pydantic.dev/2.8/v/missing
landingPage
  Field required [type=missing, input_value={}, input_type=dict]
    For further information visit https://errors.pydantic.dev/2.8/v/missing
bureauCode
  Field required [type=missing, input_value={}, input_type=dict]
    For further information visit https://errors.pydantic.dev/2.8/v/missing
issued
  Field required [type=missing, input_value={}, input_type=dict]
    For further information visit https://errors.pydantic.dev/2.8/v/missing
@type
  Field required [type=missing, input_value={}, input_type=dict]
    For further information visit https://errors.pydantic.dev/2.8/v/missing
modified
  Field required [type=missing, input_value={}, input_type=dict]
    For further information visit https://errors.pydantic.dev/2.8/v/missing
released
  Field required [type=missing, input_value={}, input_type=dict]
    For further information visit https://errors.pydantic.dev/2.8/v/missing
keyword
  Field required [type=missing, input_value={}, input_type=dict]
    For further information visit https://errors.pydantic.dev/2.8/v/missing
contactPoint
  Field required [type=missing, input_value={}, input_type=dict]
    For further information visit https://errors.pydantic.dev/2.8/v/missing
publisher
  Field required [type=missing, input_value={}, input_type=dict]
    For further information visit https://errors.pydantic.dev/2.8/v/missing
identifier
  Field required [type=missing, input_value={}, input_type=dict]
    For further information visit https://errors.pydantic.dev/2.8/v/missing
description
  Field required [type=missing, input_value={}, input_type=dict]
    For further information visit https://errors.pydantic.dev/2.8/v/missing
title
  Field required [type=missing, input_value={}, input_type=dict]
    For further information visit https://errors.pydantic.dev/2.8/v/missing
programCode
  Field required [type=missing, input_value={}, input_type=dict]
    For further information visit https://errors.pydantic.dev/2.8/v/missing
distribution
  Field required [type=missing, input_value={}, input_type=dict]
    For further information visit https://errors.pydantic.dev/2.8/v/missing
theme
  Field required [type=missing, input_value={}, input_type=dict]
    For further information visit https://errors.pydantic.dev/2.8/v/missing
2024-08-23 12:40:37 - ERROR - Validation error for dataset: Unknown title
Traceback (most recent call last):
  File "C:\Users\edmun\Projects\Repositories\healthpartners-interview\src\healthpartners_interview\download.py", line 31, in fetch_datasets
    dataset = Dataset(**current_item)
              ^^^^^^^^^^^^^^^^^^^^^^^
  File "C:\Users\edmun\Projects\Repositories\healthpartners-interview\.venv\Lib\site-packages\pydantic\main.py", line 193, in __init__
    self.__pydantic_validator__.validate_python(data, self_instance=self)
pydantic_core._pydantic_core.ValidationError: 16 validation errors for Dataset
accessLevel
  Field required [type=missing, input_value={'item': 'theme'}, input_type=dict]
    For further information visit https://errors.pydantic.dev/2.8/v/missing
landingPage
  Field required [type=missing, input_value={'item': 'theme'}, input_type=dict]
    For further information visit https://errors.pydantic.dev/2.8/v/missing
bureauCode
  Field required [type=missing, input_value={'item': 'theme'}, input_type=dict]
    For further information visit https://errors.pydantic.dev/2.8/v/missing
issued
  Field required [type=missing, input_value={'item': 'theme'}, input_type=dict]
    For further information visit https://errors.pydantic.dev/2.8/v/missing
@type
  Field required [type=missing, input_value={'item': 'theme'}, input_type=dict]
    For further information visit https://errors.pydantic.dev/2.8/v/missing
modified
  Field required [type=missing, input_value={'item': 'theme'}, input_type=dict]
    For further information visit https://errors.pydantic.dev/2.8/v/missing
released
  Field required [type=missing, input_value={'item': 'theme'}, input_type=dict]
    For further information visit https://errors.pydantic.dev/2.8/v/missing
keyword
  Field required [type=missing, input_value={'item': 'theme'}, input_type=dict]
    For further information visit https://errors.pydantic.dev/2.8/v/missing
contactPoint
  Field required [type=missing, input_value={'item': 'theme'}, input_type=dict]
    For further information visit https://errors.pydantic.dev/2.8/v/missing
publisher
  Field required [type=missing, input_value={'item': 'theme'}, input_type=dict]
    For further information visit https://errors.pydantic.dev/2.8/v/missing
identifier
  Field required [type=missing, input_value={'item': 'theme'}, input_type=dict]
    For further information visit https://errors.pydantic.dev/2.8/v/missing
description
  Field required [type=missing, input_value={'item': 'theme'}, input_type=dict]
    For further information visit https://errors.pydantic.dev/2.8/v/missing
title
  Field required [type=missing, input_value={'item': 'theme'}, input_type=dict]
    For further information visit https://errors.pydantic.dev/2.8/v/missing
programCode
  Field required [type=missing, input_value={'item': 'theme'}, input_type=dict]
    For further information visit https://errors.pydantic.dev/2.8/v/missing
distribution
  Field required [type=missing, input_value={'item': 'theme'}, input_type=dict]
    For further information visit https://errors.pydantic.dev/2.8/v/missing
theme
  Field required [type=missing, input_value={'item': 'theme'}, input_type=dict]
    For further information visit https://errors.pydantic.dev/2.8/v/missing
2024-08-23 12:40:37 - ERROR - Validation error for dataset: Unknown title
Traceback (most recent call last):
  File "C:\Users\edmun\Projects\Repositories\healthpartners-interview\src\healthpartners_interview\download.py", line 31, in fetch_datasets
    dataset = Dataset(**current_item)
              ^^^^^^^^^^^^^^^^^^^^^^^
  File "C:\Users\edmun\Projects\Repositories\healthpartners-interview\.venv\Lib\site-packages\pydantic\main.py", line 193, in __init__
    self.__pydantic_validator__.validate_python(data, self_instance=self)
pydantic_core._pydantic_core.ValidationError: 16 validation errors for Dataset
accessLevel
  Field required [type=missing, input_value={}, input_type=dict]
    For further information visit https://errors.pydantic.dev/2.8/v/missing
landingPage
  Field required [type=missing, input_value={}, input_type=dict]
    For further information visit https://errors.pydantic.dev/2.8/v/missing
bureauCode
  Field required [type=missing, input_value={}, input_type=dict]
    For further information visit https://errors.pydantic.dev/2.8/v/missing
issued
  Field required [type=missing, input_value={}, input_type=dict]
    For further information visit https://errors.pydantic.dev/2.8/v/missing
@type
  Field required [type=missing, input_value={}, input_type=dict]
    For further information visit https://errors.pydantic.dev/2.8/v/missing
modified
  Field required [type=missing, input_value={}, input_type=dict]
    For further information visit https://errors.pydantic.dev/2.8/v/missing
released
  Field required [type=missing, input_value={}, input_type=dict]
    For further information visit https://errors.pydantic.dev/2.8/v/missing
keyword
  Field required [type=missing, input_value={}, input_type=dict]
    For further information visit https://errors.pydantic.dev/2.8/v/missing
contactPoint
  Field required [type=missing, input_value={}, input_type=dict]
    For further information visit https://errors.pydantic.dev/2.8/v/missing
publisher
  Field required [type=missing, input_value={}, input_type=dict]
    For further information visit https://errors.pydantic.dev/2.8/v/missing
identifier
  Field required [type=missing, input_value={}, input_type=dict]
    For further information visit https://errors.pydantic.dev/2.8/v/missing
description
  Field required [type=missing, input_value={}, input_type=dict]
    For further information visit https://errors.pydantic.dev/2.8/v/missing
title
  Field required [type=missing, input_value={}, input_type=dict]
    For further information visit https://errors.pydantic.dev/2.8/v/missing
programCode
  Field required [type=missing, input_value={}, input_type=dict]
    For further information visit https://errors.pydantic.dev/2.8/v/missing
distribution
  Field required [type=missing, input_value={}, input_type=dict]
    For further information visit https://errors.pydantic.dev/2.8/v/missing
theme
  Field required [type=missing, input_value={}, input_type=dict]
    For further information visit https://errors.pydantic.dev/2.8/v/missing
2024-08-23 12:40:37 - ERROR - Validation error for dataset: Unknown title
Traceback (most recent call last):
  File "C:\Users\edmun\Projects\Repositories\healthpartners-interview\src\healthpartners_interview\download.py", line 31, in fetch_datasets
    dataset = Dataset(**current_item)
              ^^^^^^^^^^^^^^^^^^^^^^^
  File "C:\Users\edmun\Projects\Repositories\healthpartners-interview\.venv\Lib\site-packages\pydantic\main.py", line 193, in __init__
    self.__pydantic_validator__.validate_python(data, self_instance=self)
pydantic_core._pydantic_core.ValidationError: 16 validation errors for Dataset
accessLevel
  Field required [type=missing, input_value={}, input_type=dict]
    For further information visit https://errors.pydantic.dev/2.8/v/missing
landingPage
  Field required [type=missing, input_value={}, input_type=dict]
    For further information visit https://errors.pydantic.dev/2.8/v/missing
bureauCode
  Field required [type=missing, input_value={}, input_type=dict]
    For further information visit https://errors.pydantic.dev/2.8/v/missing
issued
  Field required [type=missing, input_value={}, input_type=dict]
    For further information visit https://errors.pydantic.dev/2.8/v/missing
@type
  Field required [type=missing, input_value={}, input_type=dict]
    For further information visit https://errors.pydantic.dev/2.8/v/missing
modified
  Field required [type=missing, input_value={}, input_type=dict]
    For further information visit https://errors.pydantic.dev/2.8/v/missing
released
  Field required [type=missing, input_value={}, input_type=dict]
    For further information visit https://errors.pydantic.dev/2.8/v/missing
keyword
  Field required [type=missing, input_value={}, input_type=dict]
    For further information visit https://errors.pydantic.dev/2.8/v/missing
contactPoint
  Field required [type=missing, input_value={}, input_type=dict]
    For further information visit https://errors.pydantic.dev/2.8/v/missing
publisher
  Field required [type=missing, input_value={}, input_type=dict]
    For further information visit https://errors.pydantic.dev/2.8/v/missing
identifier
  Field required [type=missing, input_value={}, input_type=dict]
    For further information visit https://errors.pydantic.dev/2.8/v/missing
description
  Field required [type=missing, input_value={}, input_type=dict]
    For further information visit https://errors.pydantic.dev/2.8/v/missing
title
  Field required [type=missing, input_value={}, input_type=dict]
    For further information visit https://errors.pydantic.dev/2.8/v/missing
programCode
  Field required [type=missing, input_value={}, input_type=dict]
    For further information visit https://errors.pydantic.dev/2.8/v/missing
distribution
  Field required [type=missing, input_value={}, input_type=dict]
    For further information visit https://errors.pydantic.dev/2.8/v/missing
theme
  Field required [type=missing, input_value={}, input_type=dict]
    For further information visit https://errors.pydantic.dev/2.8/v/missing
2024-08-23 12:40:37 - ERROR - Validation error for dataset: Unknown title
Traceback (most recent call last):
  File "C:\Users\edmun\Projects\Repositories\healthpartners-interview\src\healthpartners_interview\download.py", line 31, in fetch_datasets
    dataset = Dataset(**current_item)
              ^^^^^^^^^^^^^^^^^^^^^^^
  File "C:\Users\edmun\Projects\Repositories\healthpartners-interview\.venv\Lib\site-packages\pydantic\main.py", line 193, in __init__
    self.__pydantic_validator__.validate_python(data, self_instance=self)
pydantic_core._pydantic_core.ValidationError: 16 validation errors for Dataset
accessLevel
  Field required [type=missing, input_value={}, input_type=dict]
    For further information visit https://errors.pydantic.dev/2.8/v/missing
landingPage
  Field required [type=missing, input_value={}, input_type=dict]
    For further information visit https://errors.pydantic.dev/2.8/v/missing
bureauCode
  Field required [type=missing, input_value={}, input_type=dict]
    For further information visit https://errors.pydantic.dev/2.8/v/missing
issued
  Field required [type=missing, input_value={}, input_type=dict]
    For further information visit https://errors.pydantic.dev/2.8/v/missing
@type
  Field required [type=missing, input_value={}, input_type=dict]
    For further information visit https://errors.pydantic.dev/2.8/v/missing
modified
  Field required [type=missing, input_value={}, input_type=dict]
    For further information visit https://errors.pydantic.dev/2.8/v/missing
released
  Field required [type=missing, input_value={}, input_type=dict]
    For further information visit https://errors.pydantic.dev/2.8/v/missing
keyword
  Field required [type=missing, input_value={}, input_type=dict]
    For further information visit https://errors.pydantic.dev/2.8/v/missing
contactPoint
  Field required [type=missing, input_value={}, input_type=dict]
    For further information visit https://errors.pydantic.dev/2.8/v/missing
publisher
  Field required [type=missing, input_value={}, input_type=dict]
    For further information visit https://errors.pydantic.dev/2.8/v/missing
identifier
  Field required [type=missing, input_value={}, input_type=dict]
    For further information visit https://errors.pydantic.dev/2.8/v/missing
description
  Field required [type=missing, input_value={}, input_type=dict]
    For further information visit https://errors.pydantic.dev/2.8/v/missing
title
  Field required [type=missing, input_value={}, input_type=dict]
    For further information visit https://errors.pydantic.dev/2.8/v/missing
programCode
  Field required [type=missing, input_value={}, input_type=dict]
    For further information visit https://errors.pydantic.dev/2.8/v/missing
distribution
  Field required [type=missing, input_value={}, input_type=dict]
    For further information visit https://errors.pydantic.dev/2.8/v/missing
theme
  Field required [type=missing, input_value={}, input_type=dict]
    For further information visit https://errors.pydantic.dev/2.8/v/missing
2024-08-23 12:40:37 - ERROR - Validation error for dataset: Unknown title
Traceback (most recent call last):
  File "C:\Users\edmun\Projects\Repositories\healthpartners-interview\src\healthpartners_interview\download.py", line 31, in fetch_datasets
    dataset = Dataset(**current_item)
              ^^^^^^^^^^^^^^^^^^^^^^^
  File "C:\Users\edmun\Projects\Repositories\healthpartners-interview\.venv\Lib\site-packages\pydantic\main.py", line 193, in __init__
    self.__pydantic_validator__.validate_python(data, self_instance=self)
pydantic_core._pydantic_core.ValidationError: 16 validation errors for Dataset
accessLevel
  Field required [type=missing, input_value={'item': 'theme'}, input_type=dict]
    For further information visit https://errors.pydantic.dev/2.8/v/missing
landingPage
  Field required [type=missing, input_value={'item': 'theme'}, input_type=dict]
    For further information visit https://errors.pydantic.dev/2.8/v/missing
bureauCode
  Field required [type=missing, input_value={'item': 'theme'}, input_type=dict]
    For further information visit https://errors.pydantic.dev/2.8/v/missing
issued
  Field required [type=missing, input_value={'item': 'theme'}, input_type=dict]
    For further information visit https://errors.pydantic.dev/2.8/v/missing
@type
  Field required [type=missing, input_value={'item': 'theme'}, input_type=dict]
    For further information visit https://errors.pydantic.dev/2.8/v/missing
modified
  Field required [type=missing, input_value={'item': 'theme'}, input_type=dict]
    For further information visit https://errors.pydantic.dev/2.8/v/missing
released
  Field required [type=missing, input_value={'item': 'theme'}, input_type=dict]
    For further information visit https://errors.pydantic.dev/2.8/v/missing
keyword
  Field required [type=missing, input_value={'item': 'theme'}, input_type=dict]
    For further information visit https://errors.pydantic.dev/2.8/v/missing
contactPoint
  Field required [type=missing, input_value={'item': 'theme'}, input_type=dict]
    For further information visit https://errors.pydantic.dev/2.8/v/missing
publisher
  Field required [type=missing, input_value={'item': 'theme'}, input_type=dict]
    For further information visit https://errors.pydantic.dev/2.8/v/missing
identifier
  Field required [type=missing, input_value={'item': 'theme'}, input_type=dict]
    For further information visit https://errors.pydantic.dev/2.8/v/missing
description
  Field required [type=missing, input_value={'item': 'theme'}, input_type=dict]
    For further information visit https://errors.pydantic.dev/2.8/v/missing
title
  Field required [type=missing, input_value={'item': 'theme'}, input_type=dict]
    For further information visit https://errors.pydantic.dev/2.8/v/missing
programCode
  Field required [type=missing, input_value={'item': 'theme'}, input_type=dict]
    For further information visit https://errors.pydantic.dev/2.8/v/missing
distribution
  Field required [type=missing, input_value={'item': 'theme'}, input_type=dict]
    For further information visit https://errors.pydantic.dev/2.8/v/missing
theme
  Field required [type=missing, input_value={'item': 'theme'}, input_type=dict]
    For further information visit https://errors.pydantic.dev/2.8/v/missing
2024-08-23 12:40:37 - ERROR - Validation error for dataset: Unknown title
Traceback (most recent call last):
  File "C:\Users\edmun\Projects\Repositories\healthpartners-interview\src\healthpartners_interview\download.py", line 31, in fetch_datasets
    dataset = Dataset(**current_item)
              ^^^^^^^^^^^^^^^^^^^^^^^
  File "C:\Users\edmun\Projects\Repositories\healthpartners-interview\.venv\Lib\site-packages\pydantic\main.py", line 193, in __init__
    self.__pydantic_validator__.validate_python(data, self_instance=self)
pydantic_core._pydantic_core.ValidationError: 16 validation errors for Dataset
accessLevel
  Field required [type=missing, input_value={}, input_type=dict]
    For further information visit https://errors.pydantic.dev/2.8/v/missing
landingPage
  Field required [type=missing, input_value={}, input_type=dict]
    For further information visit https://errors.pydantic.dev/2.8/v/missing
bureauCode
  Field required [type=missing, input_value={}, input_type=dict]
    For further information visit https://errors.pydantic.dev/2.8/v/missing
issued
  Field required [type=missing, input_value={}, input_type=dict]
    For further information visit https://errors.pydantic.dev/2.8/v/missing
@type
  Field required [type=missing, input_value={}, input_type=dict]
    For further information visit https://errors.pydantic.dev/2.8/v/missing
modified
  Field required [type=missing, input_value={}, input_type=dict]
    For further information visit https://errors.pydantic.dev/2.8/v/missing
released
  Field required [type=missing, input_value={}, input_type=dict]
    For further information visit https://errors.pydantic.dev/2.8/v/missing
keyword
  Field required [type=missing, input_value={}, input_type=dict]
    For further information visit https://errors.pydantic.dev/2.8/v/missing
contactPoint
  Field required [type=missing, input_value={}, input_type=dict]
    For further information visit https://errors.pydantic.dev/2.8/v/missing
publisher
  Field required [type=missing, input_value={}, input_type=dict]
    For further information visit https://errors.pydantic.dev/2.8/v/missing
identifier
  Field required [type=missing, input_value={}, input_type=dict]
    For further information visit https://errors.pydantic.dev/2.8/v/missing
description
  Field required [type=missing, input_value={}, input_type=dict]
    For further information visit https://errors.pydantic.dev/2.8/v/missing
title
  Field required [type=missing, input_value={}, input_type=dict]
    For further information visit https://errors.pydantic.dev/2.8/v/missing
programCode
  Field required [type=missing, input_value={}, input_type=dict]
    For further information visit https://errors.pydantic.dev/2.8/v/missing
distribution
  Field required [type=missing, input_value={}, input_type=dict]
    For further information visit https://errors.pydantic.dev/2.8/v/missing
theme
  Field required [type=missing, input_value={}, input_type=dict]
    For further information visit https://errors.pydantic.dev/2.8/v/missing
2024-08-23 12:40:37 - ERROR - Validation error for dataset: Unknown title
Traceback (most recent call last):
  File "C:\Users\edmun\Projects\Repositories\healthpartners-interview\src\healthpartners_interview\download.py", line 31, in fetch_datasets
    dataset = Dataset(**current_item)
              ^^^^^^^^^^^^^^^^^^^^^^^
  File "C:\Users\edmun\Projects\Repositories\healthpartners-interview\.venv\Lib\site-packages\pydantic\main.py", line 193, in __init__
    self.__pydantic_validator__.validate_python(data, self_instance=self)
pydantic_core._pydantic_core.ValidationError: 16 validation errors for Dataset
accessLevel
  Field required [type=missing, input_value={}, input_type=dict]
    For further information visit https://errors.pydantic.dev/2.8/v/missing
landingPage
  Field required [type=missing, input_value={}, input_type=dict]
    For further information visit https://errors.pydantic.dev/2.8/v/missing
bureauCode
  Field required [type=missing, input_value={}, input_type=dict]
    For further information visit https://errors.pydantic.dev/2.8/v/missing
issued
  Field required [type=missing, input_value={}, input_type=dict]
    For further information visit https://errors.pydantic.dev/2.8/v/missing
@type
  Field required [type=missing, input_value={}, input_type=dict]
    For further information visit https://errors.pydantic.dev/2.8/v/missing
modified
  Field required [type=missing, input_value={}, input_type=dict]
    For further information visit https://errors.pydantic.dev/2.8/v/missing
released
  Field required [type=missing, input_value={}, input_type=dict]
    For further information visit https://errors.pydantic.dev/2.8/v/missing
keyword
  Field required [type=missing, input_value={}, input_type=dict]
    For further information visit https://errors.pydantic.dev/2.8/v/missing
contactPoint
  Field required [type=missing, input_value={}, input_type=dict]
    For further information visit https://errors.pydantic.dev/2.8/v/missing
publisher
  Field required [type=missing, input_value={}, input_type=dict]
    For further information visit https://errors.pydantic.dev/2.8/v/missing
identifier
  Field required [type=missing, input_value={}, input_type=dict]
    For further information visit https://errors.pydantic.dev/2.8/v/missing
description
  Field required [type=missing, input_value={}, input_type=dict]
    For further information visit https://errors.pydantic.dev/2.8/v/missing
title
  Field required [type=missing, input_value={}, input_type=dict]
    For further information visit https://errors.pydantic.dev/2.8/v/missing
programCode
  Field required [type=missing, input_value={}, input_type=dict]
    For further information visit https://errors.pydantic.dev/2.8/v/missing
distribution
  Field required [type=missing, input_value={}, input_type=dict]
    For further information visit https://errors.pydantic.dev/2.8/v/missing
theme
  Field required [type=missing, input_value={}, input_type=dict]
    For further information visit https://errors.pydantic.dev/2.8/v/missing
2024-08-23 12:40:37 - ERROR - Validation error for dataset: Unknown title
Traceback (most recent call last):
  File "C:\Users\edmun\Projects\Repositories\healthpartners-interview\src\healthpartners_interview\download.py", line 31, in fetch_datasets
    dataset = Dataset(**current_item)
              ^^^^^^^^^^^^^^^^^^^^^^^
  File "C:\Users\edmun\Projects\Repositories\healthpartners-interview\.venv\Lib\site-packages\pydantic\main.py", line 193, in __init__
    self.__pydantic_validator__.validate_python(data, self_instance=self)
pydantic_core._pydantic_core.ValidationError: 16 validation errors for Dataset
accessLevel
  Field required [type=missing, input_value={}, input_type=dict]
    For further information visit https://errors.pydantic.dev/2.8/v/missing
landingPage
  Field required [type=missing, input_value={}, input_type=dict]
    For further information visit https://errors.pydantic.dev/2.8/v/missing
bureauCode
  Field required [type=missing, input_value={}, input_type=dict]
    For further information visit https://errors.pydantic.dev/2.8/v/missing
issued
  Field required [type=missing, input_value={}, input_type=dict]
    For further information visit https://errors.pydantic.dev/2.8/v/missing
@type
  Field required [type=missing, input_value={}, input_type=dict]
    For further information visit https://errors.pydantic.dev/2.8/v/missing
modified
  Field required [type=missing, input_value={}, input_type=dict]
    For further information visit https://errors.pydantic.dev/2.8/v/missing
released
  Field required [type=missing, input_value={}, input_type=dict]
    For further information visit https://errors.pydantic.dev/2.8/v/missing
keyword
  Field required [type=missing, input_value={}, input_type=dict]
    For further information visit https://errors.pydantic.dev/2.8/v/missing
contactPoint
  Field required [type=missing, input_value={}, input_type=dict]
    For further information visit https://errors.pydantic.dev/2.8/v/missing
publisher
  Field required [type=missing, input_value={}, input_type=dict]
    For further information visit https://errors.pydantic.dev/2.8/v/missing
identifier
  Field required [type=missing, input_value={}, input_type=dict]
    For further information visit https://errors.pydantic.dev/2.8/v/missing
description
  Field required [type=missing, input_value={}, input_type=dict]
    For further information visit https://errors.pydantic.dev/2.8/v/missing
title
  Field required [type=missing, input_value={}, input_type=dict]
    For further information visit https://errors.pydantic.dev/2.8/v/missing
programCode
  Field required [type=missing, input_value={}, input_type=dict]
    For further information visit https://errors.pydantic.dev/2.8/v/missing
distribution
  Field required [type=missing, input_value={}, input_type=dict]
    For further information visit https://errors.pydantic.dev/2.8/v/missing
theme
  Field required [type=missing, input_value={}, input_type=dict]
    For further information visit https://errors.pydantic.dev/2.8/v/missing
2024-08-23 12:40:37 - ERROR - Validation error for dataset: Unknown title
Traceback (most recent call last):
  File "C:\Users\edmun\Projects\Repositories\healthpartners-interview\src\healthpartners_interview\download.py", line 31, in fetch_datasets
    dataset = Dataset(**current_item)
              ^^^^^^^^^^^^^^^^^^^^^^^
  File "C:\Users\edmun\Projects\Repositories\healthpartners-interview\.venv\Lib\site-packages\pydantic\main.py", line 193, in __init__
    self.__pydantic_validator__.validate_python(data, self_instance=self)
pydantic_core._pydantic_core.ValidationError: 16 validation errors for Dataset
accessLevel
  Field required [type=missing, input_value={'item': 'theme'}, input_type=dict]
    For further information visit https://errors.pydantic.dev/2.8/v/missing
landingPage
  Field required [type=missing, input_value={'item': 'theme'}, input_type=dict]
    For further information visit https://errors.pydantic.dev/2.8/v/missing
bureauCode
  Field required [type=missing, input_value={'item': 'theme'}, input_type=dict]
    For further information visit https://errors.pydantic.dev/2.8/v/missing
issued
  Field required [type=missing, input_value={'item': 'theme'}, input_type=dict]
    For further information visit https://errors.pydantic.dev/2.8/v/missing
@type
  Field required [type=missing, input_value={'item': 'theme'}, input_type=dict]
    For further information visit https://errors.pydantic.dev/2.8/v/missing
modified
  Field required [type=missing, input_value={'item': 'theme'}, input_type=dict]
    For further information visit https://errors.pydantic.dev/2.8/v/missing
released
  Field required [type=missing, input_value={'item': 'theme'}, input_type=dict]
    For further information visit https://errors.pydantic.dev/2.8/v/missing
keyword
  Field required [type=missing, input_value={'item': 'theme'}, input_type=dict]
    For further information visit https://errors.pydantic.dev/2.8/v/missing
contactPoint
  Field required [type=missing, input_value={'item': 'theme'}, input_type=dict]
    For further information visit https://errors.pydantic.dev/2.8/v/missing
publisher
  Field required [type=missing, input_value={'item': 'theme'}, input_type=dict]
    For further information visit https://errors.pydantic.dev/2.8/v/missing
identifier
  Field required [type=missing, input_value={'item': 'theme'}, input_type=dict]
    For further information visit https://errors.pydantic.dev/2.8/v/missing
description
  Field required [type=missing, input_value={'item': 'theme'}, input_type=dict]
    For further information visit https://errors.pydantic.dev/2.8/v/missing
title
  Field required [type=missing, input_value={'item': 'theme'}, input_type=dict]
    For further information visit https://errors.pydantic.dev/2.8/v/missing
programCode
  Field required [type=missing, input_value={'item': 'theme'}, input_type=dict]
    For further information visit https://errors.pydantic.dev/2.8/v/missing
distribution
  Field required [type=missing, input_value={'item': 'theme'}, input_type=dict]
    For further information visit https://errors.pydantic.dev/2.8/v/missing
theme
  Field required [type=missing, input_value={'item': 'theme'}, input_type=dict]
    For further information visit https://errors.pydantic.dev/2.8/v/missing
2024-08-23 12:40:37 - ERROR - Validation error for dataset: Unknown title
Traceback (most recent call last):
  File "C:\Users\edmun\Projects\Repositories\healthpartners-interview\src\healthpartners_interview\download.py", line 31, in fetch_datasets
    dataset = Dataset(**current_item)
              ^^^^^^^^^^^^^^^^^^^^^^^
  File "C:\Users\edmun\Projects\Repositories\healthpartners-interview\.venv\Lib\site-packages\pydantic\main.py", line 193, in __init__
    self.__pydantic_validator__.validate_python(data, self_instance=self)
pydantic_core._pydantic_core.ValidationError: 16 validation errors for Dataset
accessLevel
  Field required [type=missing, input_value={}, input_type=dict]
    For further information visit https://errors.pydantic.dev/2.8/v/missing
landingPage
  Field required [type=missing, input_value={}, input_type=dict]
    For further information visit https://errors.pydantic.dev/2.8/v/missing
bureauCode
  Field required [type=missing, input_value={}, input_type=dict]
    For further information visit https://errors.pydantic.dev/2.8/v/missing
issued
  Field required [type=missing, input_value={}, input_type=dict]
    For further information visit https://errors.pydantic.dev/2.8/v/missing
@type
  Field required [type=missing, input_value={}, input_type=dict]
    For further information visit https://errors.pydantic.dev/2.8/v/missing
modified
  Field required [type=missing, input_value={}, input_type=dict]
    For further information visit https://errors.pydantic.dev/2.8/v/missing
released
  Field required [type=missing, input_value={}, input_type=dict]
    For further information visit https://errors.pydantic.dev/2.8/v/missing
keyword
  Field required [type=missing, input_value={}, input_type=dict]
    For further information visit https://errors.pydantic.dev/2.8/v/missing
contactPoint
  Field required [type=missing, input_value={}, input_type=dict]
    For further information visit https://errors.pydantic.dev/2.8/v/missing
publisher
  Field required [type=missing, input_value={}, input_type=dict]
    For further information visit https://errors.pydantic.dev/2.8/v/missing
identifier
  Field required [type=missing, input_value={}, input_type=dict]
    For further information visit https://errors.pydantic.dev/2.8/v/missing
description
  Field required [type=missing, input_value={}, input_type=dict]
    For further information visit https://errors.pydantic.dev/2.8/v/missing
title
  Field required [type=missing, input_value={}, input_type=dict]
    For further information visit https://errors.pydantic.dev/2.8/v/missing
programCode
  Field required [type=missing, input_value={}, input_type=dict]
    For further information visit https://errors.pydantic.dev/2.8/v/missing
distribution
  Field required [type=missing, input_value={}, input_type=dict]
    For further information visit https://errors.pydantic.dev/2.8/v/missing
theme
  Field required [type=missing, input_value={}, input_type=dict]
    For further information visit https://errors.pydantic.dev/2.8/v/missing
2024-08-23 12:40:37 - ERROR - Validation error for dataset: Unknown title
Traceback (most recent call last):
  File "C:\Users\edmun\Projects\Repositories\healthpartners-interview\src\healthpartners_interview\download.py", line 31, in fetch_datasets
    dataset = Dataset(**current_item)
              ^^^^^^^^^^^^^^^^^^^^^^^
  File "C:\Users\edmun\Projects\Repositories\healthpartners-interview\.venv\Lib\site-packages\pydantic\main.py", line 193, in __init__
    self.__pydantic_validator__.validate_python(data, self_instance=self)
pydantic_core._pydantic_core.ValidationError: 16 validation errors for Dataset
accessLevel
  Field required [type=missing, input_value={}, input_type=dict]
    For further information visit https://errors.pydantic.dev/2.8/v/missing
landingPage
  Field required [type=missing, input_value={}, input_type=dict]
    For further information visit https://errors.pydantic.dev/2.8/v/missing
bureauCode
  Field required [type=missing, input_value={}, input_type=dict]
    For further information visit https://errors.pydantic.dev/2.8/v/missing
issued
  Field required [type=missing, input_value={}, input_type=dict]
    For further information visit https://errors.pydantic.dev/2.8/v/missing
@type
  Field required [type=missing, input_value={}, input_type=dict]
    For further information visit https://errors.pydantic.dev/2.8/v/missing
modified
  Field required [type=missing, input_value={}, input_type=dict]
    For further information visit https://errors.pydantic.dev/2.8/v/missing
released
  Field required [type=missing, input_value={}, input_type=dict]
    For further information visit https://errors.pydantic.dev/2.8/v/missing
keyword
  Field required [type=missing, input_value={}, input_type=dict]
    For further information visit https://errors.pydantic.dev/2.8/v/missing
contactPoint
  Field required [type=missing, input_value={}, input_type=dict]
    For further information visit https://errors.pydantic.dev/2.8/v/missing
publisher
  Field required [type=missing, input_value={}, input_type=dict]
    For further information visit https://errors.pydantic.dev/2.8/v/missing
identifier
  Field required [type=missing, input_value={}, input_type=dict]
    For further information visit https://errors.pydantic.dev/2.8/v/missing
description
  Field required [type=missing, input_value={}, input_type=dict]
    For further information visit https://errors.pydantic.dev/2.8/v/missing
title
  Field required [type=missing, input_value={}, input_type=dict]
    For further information visit https://errors.pydantic.dev/2.8/v/missing
programCode
  Field required [type=missing, input_value={}, input_type=dict]
    For further information visit https://errors.pydantic.dev/2.8/v/missing
distribution
  Field required [type=missing, input_value={}, input_type=dict]
    For further information visit https://errors.pydantic.dev/2.8/v/missing
theme
  Field required [type=missing, input_value={}, input_type=dict]
    For further information visit https://errors.pydantic.dev/2.8/v/missing
2024-08-23 12:40:37 - ERROR - Validation error for dataset: Unknown title
Traceback (most recent call last):
  File "C:\Users\edmun\Projects\Repositories\healthpartners-interview\src\healthpartners_interview\download.py", line 31, in fetch_datasets
    dataset = Dataset(**current_item)
              ^^^^^^^^^^^^^^^^^^^^^^^
  File "C:\Users\edmun\Projects\Repositories\healthpartners-interview\.venv\Lib\site-packages\pydantic\main.py", line 193, in __init__
    self.__pydantic_validator__.validate_python(data, self_instance=self)
pydantic_core._pydantic_core.ValidationError: 16 validation errors for Dataset
accessLevel
  Field required [type=missing, input_value={}, input_type=dict]
    For further information visit https://errors.pydantic.dev/2.8/v/missing
landingPage
  Field required [type=missing, input_value={}, input_type=dict]
    For further information visit https://errors.pydantic.dev/2.8/v/missing
bureauCode
  Field required [type=missing, input_value={}, input_type=dict]
    For further information visit https://errors.pydantic.dev/2.8/v/missing
issued
  Field required [type=missing, input_value={}, input_type=dict]
    For further information visit https://errors.pydantic.dev/2.8/v/missing
@type
  Field required [type=missing, input_value={}, input_type=dict]
    For further information visit https://errors.pydantic.dev/2.8/v/missing
modified
  Field required [type=missing, input_value={}, input_type=dict]
    For further information visit https://errors.pydantic.dev/2.8/v/missing
released
  Field required [type=missing, input_value={}, input_type=dict]
    For further information visit https://errors.pydantic.dev/2.8/v/missing
keyword
  Field required [type=missing, input_value={}, input_type=dict]
    For further information visit https://errors.pydantic.dev/2.8/v/missing
contactPoint
  Field required [type=missing, input_value={}, input_type=dict]
    For further information visit https://errors.pydantic.dev/2.8/v/missing
publisher
  Field required [type=missing, input_value={}, input_type=dict]
    For further information visit https://errors.pydantic.dev/2.8/v/missing
identifier
  Field required [type=missing, input_value={}, input_type=dict]
    For further information visit https://errors.pydantic.dev/2.8/v/missing
description
  Field required [type=missing, input_value={}, input_type=dict]
    For further information visit https://errors.pydantic.dev/2.8/v/missing
title
  Field required [type=missing, input_value={}, input_type=dict]
    For further information visit https://errors.pydantic.dev/2.8/v/missing
programCode
  Field required [type=missing, input_value={}, input_type=dict]
    For further information visit https://errors.pydantic.dev/2.8/v/missing
distribution
  Field required [type=missing, input_value={}, input_type=dict]
    For further information visit https://errors.pydantic.dev/2.8/v/missing
theme
  Field required [type=missing, input_value={}, input_type=dict]
    For further information visit https://errors.pydantic.dev/2.8/v/missing
2024-08-23 12:40:37 - ERROR - Validation error for dataset: Unknown title
Traceback (most recent call last):
  File "C:\Users\edmun\Projects\Repositories\healthpartners-interview\src\healthpartners_interview\download.py", line 31, in fetch_datasets
    dataset = Dataset(**current_item)
              ^^^^^^^^^^^^^^^^^^^^^^^
  File "C:\Users\edmun\Projects\Repositories\healthpartners-interview\.venv\Lib\site-packages\pydantic\main.py", line 193, in __init__
    self.__pydantic_validator__.validate_python(data, self_instance=self)
pydantic_core._pydantic_core.ValidationError: 16 validation errors for Dataset
accessLevel
  Field required [type=missing, input_value={'item': 'theme'}, input_type=dict]
    For further information visit https://errors.pydantic.dev/2.8/v/missing
landingPage
  Field required [type=missing, input_value={'item': 'theme'}, input_type=dict]
    For further information visit https://errors.pydantic.dev/2.8/v/missing
bureauCode
  Field required [type=missing, input_value={'item': 'theme'}, input_type=dict]
    For further information visit https://errors.pydantic.dev/2.8/v/missing
issued
  Field required [type=missing, input_value={'item': 'theme'}, input_type=dict]
    For further information visit https://errors.pydantic.dev/2.8/v/missing
@type
  Field required [type=missing, input_value={'item': 'theme'}, input_type=dict]
    For further information visit https://errors.pydantic.dev/2.8/v/missing
modified
  Field required [type=missing, input_value={'item': 'theme'}, input_type=dict]
    For further information visit https://errors.pydantic.dev/2.8/v/missing
released
  Field required [type=missing, input_value={'item': 'theme'}, input_type=dict]
    For further information visit https://errors.pydantic.dev/2.8/v/missing
keyword
  Field required [type=missing, input_value={'item': 'theme'}, input_type=dict]
    For further information visit https://errors.pydantic.dev/2.8/v/missing
contactPoint
  Field required [type=missing, input_value={'item': 'theme'}, input_type=dict]
    For further information visit https://errors.pydantic.dev/2.8/v/missing
publisher
  Field required [type=missing, input_value={'item': 'theme'}, input_type=dict]
    For further information visit https://errors.pydantic.dev/2.8/v/missing
identifier
  Field required [type=missing, input_value={'item': 'theme'}, input_type=dict]
    For further information visit https://errors.pydantic.dev/2.8/v/missing
description
  Field required [type=missing, input_value={'item': 'theme'}, input_type=dict]
    For further information visit https://errors.pydantic.dev/2.8/v/missing
title
  Field required [type=missing, input_value={'item': 'theme'}, input_type=dict]
    For further information visit https://errors.pydantic.dev/2.8/v/missing
programCode
  Field required [type=missing, input_value={'item': 'theme'}, input_type=dict]
    For further information visit https://errors.pydantic.dev/2.8/v/missing
distribution
  Field required [type=missing, input_value={'item': 'theme'}, input_type=dict]
    For further information visit https://errors.pydantic.dev/2.8/v/missing
theme
  Field required [type=missing, input_value={'item': 'theme'}, input_type=dict]
    For further information visit https://errors.pydantic.dev/2.8/v/missing
2024-08-23 12:40:37 - ERROR - Validation error for dataset: Unknown title
Traceback (most recent call last):
  File "C:\Users\edmun\Projects\Repositories\healthpartners-interview\src\healthpartners_interview\download.py", line 31, in fetch_datasets
    dataset = Dataset(**current_item)
              ^^^^^^^^^^^^^^^^^^^^^^^
  File "C:\Users\edmun\Projects\Repositories\healthpartners-interview\.venv\Lib\site-packages\pydantic\main.py", line 193, in __init__
    self.__pydantic_validator__.validate_python(data, self_instance=self)
pydantic_core._pydantic_core.ValidationError: 16 validation errors for Dataset
accessLevel
  Field required [type=missing, input_value={}, input_type=dict]
    For further information visit https://errors.pydantic.dev/2.8/v/missing
landingPage
  Field required [type=missing, input_value={}, input_type=dict]
    For further information visit https://errors.pydantic.dev/2.8/v/missing
bureauCode
  Field required [type=missing, input_value={}, input_type=dict]
    For further information visit https://errors.pydantic.dev/2.8/v/missing
issued
  Field required [type=missing, input_value={}, input_type=dict]
    For further information visit https://errors.pydantic.dev/2.8/v/missing
@type
  Field required [type=missing, input_value={}, input_type=dict]
    For further information visit https://errors.pydantic.dev/2.8/v/missing
modified
  Field required [type=missing, input_value={}, input_type=dict]
    For further information visit https://errors.pydantic.dev/2.8/v/missing
released
  Field required [type=missing, input_value={}, input_type=dict]
    For further information visit https://errors.pydantic.dev/2.8/v/missing
keyword
  Field required [type=missing, input_value={}, input_type=dict]
    For further information visit https://errors.pydantic.dev/2.8/v/missing
contactPoint
  Field required [type=missing, input_value={}, input_type=dict]
    For further information visit https://errors.pydantic.dev/2.8/v/missing
publisher
  Field required [type=missing, input_value={}, input_type=dict]
    For further information visit https://errors.pydantic.dev/2.8/v/missing
identifier
  Field required [type=missing, input_value={}, input_type=dict]
    For further information visit https://errors.pydantic.dev/2.8/v/missing
description
  Field required [type=missing, input_value={}, input_type=dict]
    For further information visit https://errors.pydantic.dev/2.8/v/missing
title
  Field required [type=missing, input_value={}, input_type=dict]
    For further information visit https://errors.pydantic.dev/2.8/v/missing
programCode
  Field required [type=missing, input_value={}, input_type=dict]
    For further information visit https://errors.pydantic.dev/2.8/v/missing
distribution
  Field required [type=missing, input_value={}, input_type=dict]
    For further information visit https://errors.pydantic.dev/2.8/v/missing
theme
  Field required [type=missing, input_value={}, input_type=dict]
    For further information visit https://errors.pydantic.dev/2.8/v/missing
2024-08-23 12:40:37 - ERROR - Validation error for dataset: Unknown title
Traceback (most recent call last):
  File "C:\Users\edmun\Projects\Repositories\healthpartners-interview\src\healthpartners_interview\download.py", line 31, in fetch_datasets
    dataset = Dataset(**current_item)
              ^^^^^^^^^^^^^^^^^^^^^^^
  File "C:\Users\edmun\Projects\Repositories\healthpartners-interview\.venv\Lib\site-packages\pydantic\main.py", line 193, in __init__
    self.__pydantic_validator__.validate_python(data, self_instance=self)
pydantic_core._pydantic_core.ValidationError: 16 validation errors for Dataset
accessLevel
  Field required [type=missing, input_value={}, input_type=dict]
    For further information visit https://errors.pydantic.dev/2.8/v/missing
landingPage
  Field required [type=missing, input_value={}, input_type=dict]
    For further information visit https://errors.pydantic.dev/2.8/v/missing
bureauCode
  Field required [type=missing, input_value={}, input_type=dict]
    For further information visit https://errors.pydantic.dev/2.8/v/missing
issued
  Field required [type=missing, input_value={}, input_type=dict]
    For further information visit https://errors.pydantic.dev/2.8/v/missing
@type
  Field required [type=missing, input_value={}, input_type=dict]
    For further information visit https://errors.pydantic.dev/2.8/v/missing
modified
  Field required [type=missing, input_value={}, input_type=dict]
    For further information visit https://errors.pydantic.dev/2.8/v/missing
released
  Field required [type=missing, input_value={}, input_type=dict]
    For further information visit https://errors.pydantic.dev/2.8/v/missing
keyword
  Field required [type=missing, input_value={}, input_type=dict]
    For further information visit https://errors.pydantic.dev/2.8/v/missing
contactPoint
  Field required [type=missing, input_value={}, input_type=dict]
    For further information visit https://errors.pydantic.dev/2.8/v/missing
publisher
  Field required [type=missing, input_value={}, input_type=dict]
    For further information visit https://errors.pydantic.dev/2.8/v/missing
identifier
  Field required [type=missing, input_value={}, input_type=dict]
    For further information visit https://errors.pydantic.dev/2.8/v/missing
description
  Field required [type=missing, input_value={}, input_type=dict]
    For further information visit https://errors.pydantic.dev/2.8/v/missing
title
  Field required [type=missing, input_value={}, input_type=dict]
    For further information visit https://errors.pydantic.dev/2.8/v/missing
programCode
  Field required [type=missing, input_value={}, input_type=dict]
    For further information visit https://errors.pydantic.dev/2.8/v/missing
distribution
  Field required [type=missing, input_value={}, input_type=dict]
    For further information visit https://errors.pydantic.dev/2.8/v/missing
theme
  Field required [type=missing, input_value={}, input_type=dict]
    For further information visit https://errors.pydantic.dev/2.8/v/missing
2024-08-23 12:40:37 - ERROR - Validation error for dataset: Unknown title
Traceback (most recent call last):
  File "C:\Users\edmun\Projects\Repositories\healthpartners-interview\src\healthpartners_interview\download.py", line 31, in fetch_datasets
    dataset = Dataset(**current_item)
              ^^^^^^^^^^^^^^^^^^^^^^^
  File "C:\Users\edmun\Projects\Repositories\healthpartners-interview\.venv\Lib\site-packages\pydantic\main.py", line 193, in __init__
    self.__pydantic_validator__.validate_python(data, self_instance=self)
pydantic_core._pydantic_core.ValidationError: 16 validation errors for Dataset
accessLevel
  Field required [type=missing, input_value={}, input_type=dict]
    For further information visit https://errors.pydantic.dev/2.8/v/missing
landingPage
  Field required [type=missing, input_value={}, input_type=dict]
    For further information visit https://errors.pydantic.dev/2.8/v/missing
bureauCode
  Field required [type=missing, input_value={}, input_type=dict]
    For further information visit https://errors.pydantic.dev/2.8/v/missing
issued
  Field required [type=missing, input_value={}, input_type=dict]
    For further information visit https://errors.pydantic.dev/2.8/v/missing
@type
  Field required [type=missing, input_value={}, input_type=dict]
    For further information visit https://errors.pydantic.dev/2.8/v/missing
modified
  Field required [type=missing, input_value={}, input_type=dict]
    For further information visit https://errors.pydantic.dev/2.8/v/missing
released
  Field required [type=missing, input_value={}, input_type=dict]
    For further information visit https://errors.pydantic.dev/2.8/v/missing
keyword
  Field required [type=missing, input_value={}, input_type=dict]
    For further information visit https://errors.pydantic.dev/2.8/v/missing
contactPoint
  Field required [type=missing, input_value={}, input_type=dict]
    For further information visit https://errors.pydantic.dev/2.8/v/missing
publisher
  Field required [type=missing, input_value={}, input_type=dict]
    For further information visit https://errors.pydantic.dev/2.8/v/missing
identifier
  Field required [type=missing, input_value={}, input_type=dict]
    For further information visit https://errors.pydantic.dev/2.8/v/missing
description
  Field required [type=missing, input_value={}, input_type=dict]
    For further information visit https://errors.pydantic.dev/2.8/v/missing
title
  Field required [type=missing, input_value={}, input_type=dict]
    For further information visit https://errors.pydantic.dev/2.8/v/missing
programCode
  Field required [type=missing, input_value={}, input_type=dict]
    For further information visit https://errors.pydantic.dev/2.8/v/missing
distribution
  Field required [type=missing, input_value={}, input_type=dict]
    For further information visit https://errors.pydantic.dev/2.8/v/missing
theme
  Field required [type=missing, input_value={}, input_type=dict]
    For further information visit https://errors.pydantic.dev/2.8/v/missing
2024-08-23 12:40:37 - ERROR - Validation error for dataset: Unknown title
Traceback (most recent call last):
  File "C:\Users\edmun\Projects\Repositories\healthpartners-interview\src\healthpartners_interview\download.py", line 31, in fetch_datasets
    dataset = Dataset(**current_item)
              ^^^^^^^^^^^^^^^^^^^^^^^
  File "C:\Users\edmun\Projects\Repositories\healthpartners-interview\.venv\Lib\site-packages\pydantic\main.py", line 193, in __init__
    self.__pydantic_validator__.validate_python(data, self_instance=self)
pydantic_core._pydantic_core.ValidationError: 16 validation errors for Dataset
accessLevel
  Field required [type=missing, input_value={'item': 'theme'}, input_type=dict]
    For further information visit https://errors.pydantic.dev/2.8/v/missing
landingPage
  Field required [type=missing, input_value={'item': 'theme'}, input_type=dict]
    For further information visit https://errors.pydantic.dev/2.8/v/missing
bureauCode
  Field required [type=missing, input_value={'item': 'theme'}, input_type=dict]
    For further information visit https://errors.pydantic.dev/2.8/v/missing
issued
  Field required [type=missing, input_value={'item': 'theme'}, input_type=dict]
    For further information visit https://errors.pydantic.dev/2.8/v/missing
@type
  Field required [type=missing, input_value={'item': 'theme'}, input_type=dict]
    For further information visit https://errors.pydantic.dev/2.8/v/missing
modified
  Field required [type=missing, input_value={'item': 'theme'}, input_type=dict]
    For further information visit https://errors.pydantic.dev/2.8/v/missing
released
  Field required [type=missing, input_value={'item': 'theme'}, input_type=dict]
    For further information visit https://errors.pydantic.dev/2.8/v/missing
keyword
  Field required [type=missing, input_value={'item': 'theme'}, input_type=dict]
    For further information visit https://errors.pydantic.dev/2.8/v/missing
contactPoint
  Field required [type=missing, input_value={'item': 'theme'}, input_type=dict]
    For further information visit https://errors.pydantic.dev/2.8/v/missing
publisher
  Field required [type=missing, input_value={'item': 'theme'}, input_type=dict]
    For further information visit https://errors.pydantic.dev/2.8/v/missing
identifier
  Field required [type=missing, input_value={'item': 'theme'}, input_type=dict]
    For further information visit https://errors.pydantic.dev/2.8/v/missing
description
  Field required [type=missing, input_value={'item': 'theme'}, input_type=dict]
    For further information visit https://errors.pydantic.dev/2.8/v/missing
title
  Field required [type=missing, input_value={'item': 'theme'}, input_type=dict]
    For further information visit https://errors.pydantic.dev/2.8/v/missing
programCode
  Field required [type=missing, input_value={'item': 'theme'}, input_type=dict]
    For further information visit https://errors.pydantic.dev/2.8/v/missing
distribution
  Field required [type=missing, input_value={'item': 'theme'}, input_type=dict]
    For further information visit https://errors.pydantic.dev/2.8/v/missing
theme
  Field required [type=missing, input_value={'item': 'theme'}, input_type=dict]
    For further information visit https://errors.pydantic.dev/2.8/v/missing
2024-08-23 12:40:37 - ERROR - Validation error for dataset: Unknown title
Traceback (most recent call last):
  File "C:\Users\edmun\Projects\Repositories\healthpartners-interview\src\healthpartners_interview\download.py", line 31, in fetch_datasets
    dataset = Dataset(**current_item)
              ^^^^^^^^^^^^^^^^^^^^^^^
  File "C:\Users\edmun\Projects\Repositories\healthpartners-interview\.venv\Lib\site-packages\pydantic\main.py", line 193, in __init__
    self.__pydantic_validator__.validate_python(data, self_instance=self)
pydantic_core._pydantic_core.ValidationError: 16 validation errors for Dataset
accessLevel
  Field required [type=missing, input_value={}, input_type=dict]
    For further information visit https://errors.pydantic.dev/2.8/v/missing
landingPage
  Field required [type=missing, input_value={}, input_type=dict]
    For further information visit https://errors.pydantic.dev/2.8/v/missing
bureauCode
  Field required [type=missing, input_value={}, input_type=dict]
    For further information visit https://errors.pydantic.dev/2.8/v/missing
issued
  Field required [type=missing, input_value={}, input_type=dict]
    For further information visit https://errors.pydantic.dev/2.8/v/missing
@type
  Field required [type=missing, input_value={}, input_type=dict]
    For further information visit https://errors.pydantic.dev/2.8/v/missing
modified
  Field required [type=missing, input_value={}, input_type=dict]
    For further information visit https://errors.pydantic.dev/2.8/v/missing
released
  Field required [type=missing, input_value={}, input_type=dict]
    For further information visit https://errors.pydantic.dev/2.8/v/missing
keyword
  Field required [type=missing, input_value={}, input_type=dict]
    For further information visit https://errors.pydantic.dev/2.8/v/missing
contactPoint
  Field required [type=missing, input_value={}, input_type=dict]
    For further information visit https://errors.pydantic.dev/2.8/v/missing
publisher
  Field required [type=missing, input_value={}, input_type=dict]
    For further information visit https://errors.pydantic.dev/2.8/v/missing
identifier
  Field required [type=missing, input_value={}, input_type=dict]
    For further information visit https://errors.pydantic.dev/2.8/v/missing
description
  Field required [type=missing, input_value={}, input_type=dict]
    For further information visit https://errors.pydantic.dev/2.8/v/missing
title
  Field required [type=missing, input_value={}, input_type=dict]
    For further information visit https://errors.pydantic.dev/2.8/v/missing
programCode
  Field required [type=missing, input_value={}, input_type=dict]
    For further information visit https://errors.pydantic.dev/2.8/v/missing
distribution
  Field required [type=missing, input_value={}, input_type=dict]
    For further information visit https://errors.pydantic.dev/2.8/v/missing
theme
  Field required [type=missing, input_value={}, input_type=dict]
    For further information visit https://errors.pydantic.dev/2.8/v/missing
2024-08-23 12:40:37 - ERROR - Validation error for dataset: Unknown title
Traceback (most recent call last):
  File "C:\Users\edmun\Projects\Repositories\healthpartners-interview\src\healthpartners_interview\download.py", line 31, in fetch_datasets
    dataset = Dataset(**current_item)
              ^^^^^^^^^^^^^^^^^^^^^^^
  File "C:\Users\edmun\Projects\Repositories\healthpartners-interview\.venv\Lib\site-packages\pydantic\main.py", line 193, in __init__
    self.__pydantic_validator__.validate_python(data, self_instance=self)
pydantic_core._pydantic_core.ValidationError: 16 validation errors for Dataset
accessLevel
  Field required [type=missing, input_value={}, input_type=dict]
    For further information visit https://errors.pydantic.dev/2.8/v/missing
landingPage
  Field required [type=missing, input_value={}, input_type=dict]
    For further information visit https://errors.pydantic.dev/2.8/v/missing
bureauCode
  Field required [type=missing, input_value={}, input_type=dict]
    For further information visit https://errors.pydantic.dev/2.8/v/missing
issued
  Field required [type=missing, input_value={}, input_type=dict]
    For further information visit https://errors.pydantic.dev/2.8/v/missing
@type
  Field required [type=missing, input_value={}, input_type=dict]
    For further information visit https://errors.pydantic.dev/2.8/v/missing
modified
  Field required [type=missing, input_value={}, input_type=dict]
    For further information visit https://errors.pydantic.dev/2.8/v/missing
released
  Field required [type=missing, input_value={}, input_type=dict]
    For further information visit https://errors.pydantic.dev/2.8/v/missing
keyword
  Field required [type=missing, input_value={}, input_type=dict]
    For further information visit https://errors.pydantic.dev/2.8/v/missing
contactPoint
  Field required [type=missing, input_value={}, input_type=dict]
    For further information visit https://errors.pydantic.dev/2.8/v/missing
publisher
  Field required [type=missing, input_value={}, input_type=dict]
    For further information visit https://errors.pydantic.dev/2.8/v/missing
identifier
  Field required [type=missing, input_value={}, input_type=dict]
    For further information visit https://errors.pydantic.dev/2.8/v/missing
description
  Field required [type=missing, input_value={}, input_type=dict]
    For further information visit https://errors.pydantic.dev/2.8/v/missing
title
  Field required [type=missing, input_value={}, input_type=dict]
    For further information visit https://errors.pydantic.dev/2.8/v/missing
programCode
  Field required [type=missing, input_value={}, input_type=dict]
    For further information visit https://errors.pydantic.dev/2.8/v/missing
distribution
  Field required [type=missing, input_value={}, input_type=dict]
    For further information visit https://errors.pydantic.dev/2.8/v/missing
theme
  Field required [type=missing, input_value={}, input_type=dict]
    For further information visit https://errors.pydantic.dev/2.8/v/missing
2024-08-23 12:40:37 - ERROR - Validation error for dataset: Unknown title
Traceback (most recent call last):
  File "C:\Users\edmun\Projects\Repositories\healthpartners-interview\src\healthpartners_interview\download.py", line 31, in fetch_datasets
    dataset = Dataset(**current_item)
              ^^^^^^^^^^^^^^^^^^^^^^^
  File "C:\Users\edmun\Projects\Repositories\healthpartners-interview\.venv\Lib\site-packages\pydantic\main.py", line 193, in __init__
    self.__pydantic_validator__.validate_python(data, self_instance=self)
pydantic_core._pydantic_core.ValidationError: 16 validation errors for Dataset
accessLevel
  Field required [type=missing, input_value={}, input_type=dict]
    For further information visit https://errors.pydantic.dev/2.8/v/missing
landingPage
  Field required [type=missing, input_value={}, input_type=dict]
    For further information visit https://errors.pydantic.dev/2.8/v/missing
bureauCode
  Field required [type=missing, input_value={}, input_type=dict]
    For further information visit https://errors.pydantic.dev/2.8/v/missing
issued
  Field required [type=missing, input_value={}, input_type=dict]
    For further information visit https://errors.pydantic.dev/2.8/v/missing
@type
  Field required [type=missing, input_value={}, input_type=dict]
    For further information visit https://errors.pydantic.dev/2.8/v/missing
modified
  Field required [type=missing, input_value={}, input_type=dict]
    For further information visit https://errors.pydantic.dev/2.8/v/missing
released
  Field required [type=missing, input_value={}, input_type=dict]
    For further information visit https://errors.pydantic.dev/2.8/v/missing
keyword
  Field required [type=missing, input_value={}, input_type=dict]
    For further information visit https://errors.pydantic.dev/2.8/v/missing
contactPoint
  Field required [type=missing, input_value={}, input_type=dict]
    For further information visit https://errors.pydantic.dev/2.8/v/missing
publisher
  Field required [type=missing, input_value={}, input_type=dict]
    For further information visit https://errors.pydantic.dev/2.8/v/missing
identifier
  Field required [type=missing, input_value={}, input_type=dict]
    For further information visit https://errors.pydantic.dev/2.8/v/missing
description
  Field required [type=missing, input_value={}, input_type=dict]
    For further information visit https://errors.pydantic.dev/2.8/v/missing
title
  Field required [type=missing, input_value={}, input_type=dict]
    For further information visit https://errors.pydantic.dev/2.8/v/missing
programCode
  Field required [type=missing, input_value={}, input_type=dict]
    For further information visit https://errors.pydantic.dev/2.8/v/missing
distribution
  Field required [type=missing, input_value={}, input_type=dict]
    For further information visit https://errors.pydantic.dev/2.8/v/missing
theme
  Field required [type=missing, input_value={}, input_type=dict]
    For further information visit https://errors.pydantic.dev/2.8/v/missing
2024-08-23 12:40:37 - ERROR - Validation error for dataset: Unknown title
Traceback (most recent call last):
  File "C:\Users\edmun\Projects\Repositories\healthpartners-interview\src\healthpartners_interview\download.py", line 31, in fetch_datasets
    dataset = Dataset(**current_item)
              ^^^^^^^^^^^^^^^^^^^^^^^
  File "C:\Users\edmun\Projects\Repositories\healthpartners-interview\.venv\Lib\site-packages\pydantic\main.py", line 193, in __init__
    self.__pydantic_validator__.validate_python(data, self_instance=self)
pydantic_core._pydantic_core.ValidationError: 16 validation errors for Dataset
accessLevel
  Field required [type=missing, input_value={'item': 'theme'}, input_type=dict]
    For further information visit https://errors.pydantic.dev/2.8/v/missing
landingPage
  Field required [type=missing, input_value={'item': 'theme'}, input_type=dict]
    For further information visit https://errors.pydantic.dev/2.8/v/missing
bureauCode
  Field required [type=missing, input_value={'item': 'theme'}, input_type=dict]
    For further information visit https://errors.pydantic.dev/2.8/v/missing
issued
  Field required [type=missing, input_value={'item': 'theme'}, input_type=dict]
    For further information visit https://errors.pydantic.dev/2.8/v/missing
@type
  Field required [type=missing, input_value={'item': 'theme'}, input_type=dict]
    For further information visit https://errors.pydantic.dev/2.8/v/missing
modified
  Field required [type=missing, input_value={'item': 'theme'}, input_type=dict]
    For further information visit https://errors.pydantic.dev/2.8/v/missing
released
  Field required [type=missing, input_value={'item': 'theme'}, input_type=dict]
    For further information visit https://errors.pydantic.dev/2.8/v/missing
keyword
  Field required [type=missing, input_value={'item': 'theme'}, input_type=dict]
    For further information visit https://errors.pydantic.dev/2.8/v/missing
contactPoint
  Field required [type=missing, input_value={'item': 'theme'}, input_type=dict]
    For further information visit https://errors.pydantic.dev/2.8/v/missing
publisher
  Field required [type=missing, input_value={'item': 'theme'}, input_type=dict]
    For further information visit https://errors.pydantic.dev/2.8/v/missing
identifier
  Field required [type=missing, input_value={'item': 'theme'}, input_type=dict]
    For further information visit https://errors.pydantic.dev/2.8/v/missing
description
  Field required [type=missing, input_value={'item': 'theme'}, input_type=dict]
    For further information visit https://errors.pydantic.dev/2.8/v/missing
title
  Field required [type=missing, input_value={'item': 'theme'}, input_type=dict]
    For further information visit https://errors.pydantic.dev/2.8/v/missing
programCode
  Field required [type=missing, input_value={'item': 'theme'}, input_type=dict]
    For further information visit https://errors.pydantic.dev/2.8/v/missing
distribution
  Field required [type=missing, input_value={'item': 'theme'}, input_type=dict]
    For further information visit https://errors.pydantic.dev/2.8/v/missing
theme
  Field required [type=missing, input_value={'item': 'theme'}, input_type=dict]
    For further information visit https://errors.pydantic.dev/2.8/v/missing
2024-08-23 12:40:37 - ERROR - Validation error for dataset: Unknown title
Traceback (most recent call last):
  File "C:\Users\edmun\Projects\Repositories\healthpartners-interview\src\healthpartners_interview\download.py", line 31, in fetch_datasets
    dataset = Dataset(**current_item)
              ^^^^^^^^^^^^^^^^^^^^^^^
  File "C:\Users\edmun\Projects\Repositories\healthpartners-interview\.venv\Lib\site-packages\pydantic\main.py", line 193, in __init__
    self.__pydantic_validator__.validate_python(data, self_instance=self)
pydantic_core._pydantic_core.ValidationError: 16 validation errors for Dataset
accessLevel
  Field required [type=missing, input_value={}, input_type=dict]
    For further information visit https://errors.pydantic.dev/2.8/v/missing
landingPage
  Field required [type=missing, input_value={}, input_type=dict]
    For further information visit https://errors.pydantic.dev/2.8/v/missing
bureauCode
  Field required [type=missing, input_value={}, input_type=dict]
    For further information visit https://errors.pydantic.dev/2.8/v/missing
issued
  Field required [type=missing, input_value={}, input_type=dict]
    For further information visit https://errors.pydantic.dev/2.8/v/missing
@type
  Field required [type=missing, input_value={}, input_type=dict]
    For further information visit https://errors.pydantic.dev/2.8/v/missing
modified
  Field required [type=missing, input_value={}, input_type=dict]
    For further information visit https://errors.pydantic.dev/2.8/v/missing
released
  Field required [type=missing, input_value={}, input_type=dict]
    For further information visit https://errors.pydantic.dev/2.8/v/missing
keyword
  Field required [type=missing, input_value={}, input_type=dict]
    For further information visit https://errors.pydantic.dev/2.8/v/missing
contactPoint
  Field required [type=missing, input_value={}, input_type=dict]
    For further information visit https://errors.pydantic.dev/2.8/v/missing
publisher
  Field required [type=missing, input_value={}, input_type=dict]
    For further information visit https://errors.pydantic.dev/2.8/v/missing
identifier
  Field required [type=missing, input_value={}, input_type=dict]
    For further information visit https://errors.pydantic.dev/2.8/v/missing
description
  Field required [type=missing, input_value={}, input_type=dict]
    For further information visit https://errors.pydantic.dev/2.8/v/missing
title
  Field required [type=missing, input_value={}, input_type=dict]
    For further information visit https://errors.pydantic.dev/2.8/v/missing
programCode
  Field required [type=missing, input_value={}, input_type=dict]
    For further information visit https://errors.pydantic.dev/2.8/v/missing
distribution
  Field required [type=missing, input_value={}, input_type=dict]
    For further information visit https://errors.pydantic.dev/2.8/v/missing
theme
  Field required [type=missing, input_value={}, input_type=dict]
    For further information visit https://errors.pydantic.dev/2.8/v/missing
2024-08-23 12:40:37 - ERROR - Validation error for dataset: Unknown title
Traceback (most recent call last):
  File "C:\Users\edmun\Projects\Repositories\healthpartners-interview\src\healthpartners_interview\download.py", line 31, in fetch_datasets
    dataset = Dataset(**current_item)
              ^^^^^^^^^^^^^^^^^^^^^^^
  File "C:\Users\edmun\Projects\Repositories\healthpartners-interview\.venv\Lib\site-packages\pydantic\main.py", line 193, in __init__
    self.__pydantic_validator__.validate_python(data, self_instance=self)
pydantic_core._pydantic_core.ValidationError: 16 validation errors for Dataset
accessLevel
  Field required [type=missing, input_value={}, input_type=dict]
    For further information visit https://errors.pydantic.dev/2.8/v/missing
landingPage
  Field required [type=missing, input_value={}, input_type=dict]
    For further information visit https://errors.pydantic.dev/2.8/v/missing
bureauCode
  Field required [type=missing, input_value={}, input_type=dict]
    For further information visit https://errors.pydantic.dev/2.8/v/missing
issued
  Field required [type=missing, input_value={}, input_type=dict]
    For further information visit https://errors.pydantic.dev/2.8/v/missing
@type
  Field required [type=missing, input_value={}, input_type=dict]
    For further information visit https://errors.pydantic.dev/2.8/v/missing
modified
  Field required [type=missing, input_value={}, input_type=dict]
    For further information visit https://errors.pydantic.dev/2.8/v/missing
released
  Field required [type=missing, input_value={}, input_type=dict]
    For further information visit https://errors.pydantic.dev/2.8/v/missing
keyword
  Field required [type=missing, input_value={}, input_type=dict]
    For further information visit https://errors.pydantic.dev/2.8/v/missing
contactPoint
  Field required [type=missing, input_value={}, input_type=dict]
    For further information visit https://errors.pydantic.dev/2.8/v/missing
publisher
  Field required [type=missing, input_value={}, input_type=dict]
    For further information visit https://errors.pydantic.dev/2.8/v/missing
identifier
  Field required [type=missing, input_value={}, input_type=dict]
    For further information visit https://errors.pydantic.dev/2.8/v/missing
description
  Field required [type=missing, input_value={}, input_type=dict]
    For further information visit https://errors.pydantic.dev/2.8/v/missing
title
  Field required [type=missing, input_value={}, input_type=dict]
    For further information visit https://errors.pydantic.dev/2.8/v/missing
programCode
  Field required [type=missing, input_value={}, input_type=dict]
    For further information visit https://errors.pydantic.dev/2.8/v/missing
distribution
  Field required [type=missing, input_value={}, input_type=dict]
    For further information visit https://errors.pydantic.dev/2.8/v/missing
theme
  Field required [type=missing, input_value={}, input_type=dict]
    For further information visit https://errors.pydantic.dev/2.8/v/missing
2024-08-23 12:40:37 - ERROR - Validation error for dataset: Unknown title
Traceback (most recent call last):
  File "C:\Users\edmun\Projects\Repositories\healthpartners-interview\src\healthpartners_interview\download.py", line 31, in fetch_datasets
    dataset = Dataset(**current_item)
              ^^^^^^^^^^^^^^^^^^^^^^^
  File "C:\Users\edmun\Projects\Repositories\healthpartners-interview\.venv\Lib\site-packages\pydantic\main.py", line 193, in __init__
    self.__pydantic_validator__.validate_python(data, self_instance=self)
pydantic_core._pydantic_core.ValidationError: 16 validation errors for Dataset
accessLevel
  Field required [type=missing, input_value={}, input_type=dict]
    For further information visit https://errors.pydantic.dev/2.8/v/missing
landingPage
  Field required [type=missing, input_value={}, input_type=dict]
    For further information visit https://errors.pydantic.dev/2.8/v/missing
bureauCode
  Field required [type=missing, input_value={}, input_type=dict]
    For further information visit https://errors.pydantic.dev/2.8/v/missing
issued
  Field required [type=missing, input_value={}, input_type=dict]
    For further information visit https://errors.pydantic.dev/2.8/v/missing
@type
  Field required [type=missing, input_value={}, input_type=dict]
    For further information visit https://errors.pydantic.dev/2.8/v/missing
modified
  Field required [type=missing, input_value={}, input_type=dict]
    For further information visit https://errors.pydantic.dev/2.8/v/missing
released
  Field required [type=missing, input_value={}, input_type=dict]
    For further information visit https://errors.pydantic.dev/2.8/v/missing
keyword
  Field required [type=missing, input_value={}, input_type=dict]
    For further information visit https://errors.pydantic.dev/2.8/v/missing
contactPoint
  Field required [type=missing, input_value={}, input_type=dict]
    For further information visit https://errors.pydantic.dev/2.8/v/missing
publisher
  Field required [type=missing, input_value={}, input_type=dict]
    For further information visit https://errors.pydantic.dev/2.8/v/missing
identifier
  Field required [type=missing, input_value={}, input_type=dict]
    For further information visit https://errors.pydantic.dev/2.8/v/missing
description
  Field required [type=missing, input_value={}, input_type=dict]
    For further information visit https://errors.pydantic.dev/2.8/v/missing
title
  Field required [type=missing, input_value={}, input_type=dict]
    For further information visit https://errors.pydantic.dev/2.8/v/missing
programCode
  Field required [type=missing, input_value={}, input_type=dict]
    For further information visit https://errors.pydantic.dev/2.8/v/missing
distribution
  Field required [type=missing, input_value={}, input_type=dict]
    For further information visit https://errors.pydantic.dev/2.8/v/missing
theme
  Field required [type=missing, input_value={}, input_type=dict]
    For further information visit https://errors.pydantic.dev/2.8/v/missing
2024-08-23 12:40:37 - ERROR - Validation error for dataset: Unknown title
Traceback (most recent call last):
  File "C:\Users\edmun\Projects\Repositories\healthpartners-interview\src\healthpartners_interview\download.py", line 31, in fetch_datasets
    dataset = Dataset(**current_item)
              ^^^^^^^^^^^^^^^^^^^^^^^
  File "C:\Users\edmun\Projects\Repositories\healthpartners-interview\.venv\Lib\site-packages\pydantic\main.py", line 193, in __init__
    self.__pydantic_validator__.validate_python(data, self_instance=self)
pydantic_core._pydantic_core.ValidationError: 16 validation errors for Dataset
accessLevel
  Field required [type=missing, input_value={'item': 'theme'}, input_type=dict]
    For further information visit https://errors.pydantic.dev/2.8/v/missing
landingPage
  Field required [type=missing, input_value={'item': 'theme'}, input_type=dict]
    For further information visit https://errors.pydantic.dev/2.8/v/missing
bureauCode
  Field required [type=missing, input_value={'item': 'theme'}, input_type=dict]
    For further information visit https://errors.pydantic.dev/2.8/v/missing
issued
  Field required [type=missing, input_value={'item': 'theme'}, input_type=dict]
    For further information visit https://errors.pydantic.dev/2.8/v/missing
@type
  Field required [type=missing, input_value={'item': 'theme'}, input_type=dict]
    For further information visit https://errors.pydantic.dev/2.8/v/missing
modified
  Field required [type=missing, input_value={'item': 'theme'}, input_type=dict]
    For further information visit https://errors.pydantic.dev/2.8/v/missing
released
  Field required [type=missing, input_value={'item': 'theme'}, input_type=dict]
    For further information visit https://errors.pydantic.dev/2.8/v/missing
keyword
  Field required [type=missing, input_value={'item': 'theme'}, input_type=dict]
    For further information visit https://errors.pydantic.dev/2.8/v/missing
contactPoint
  Field required [type=missing, input_value={'item': 'theme'}, input_type=dict]
    For further information visit https://errors.pydantic.dev/2.8/v/missing
publisher
  Field required [type=missing, input_value={'item': 'theme'}, input_type=dict]
    For further information visit https://errors.pydantic.dev/2.8/v/missing
identifier
  Field required [type=missing, input_value={'item': 'theme'}, input_type=dict]
    For further information visit https://errors.pydantic.dev/2.8/v/missing
description
  Field required [type=missing, input_value={'item': 'theme'}, input_type=dict]
    For further information visit https://errors.pydantic.dev/2.8/v/missing
title
  Field required [type=missing, input_value={'item': 'theme'}, input_type=dict]
    For further information visit https://errors.pydantic.dev/2.8/v/missing
programCode
  Field required [type=missing, input_value={'item': 'theme'}, input_type=dict]
    For further information visit https://errors.pydantic.dev/2.8/v/missing
distribution
  Field required [type=missing, input_value={'item': 'theme'}, input_type=dict]
    For further information visit https://errors.pydantic.dev/2.8/v/missing
theme
  Field required [type=missing, input_value={'item': 'theme'}, input_type=dict]
    For further information visit https://errors.pydantic.dev/2.8/v/missing
2024-08-23 12:40:37 - ERROR - Validation error for dataset: Unknown title
Traceback (most recent call last):
  File "C:\Users\edmun\Projects\Repositories\healthpartners-interview\src\healthpartners_interview\download.py", line 31, in fetch_datasets
    dataset = Dataset(**current_item)
              ^^^^^^^^^^^^^^^^^^^^^^^
  File "C:\Users\edmun\Projects\Repositories\healthpartners-interview\.venv\Lib\site-packages\pydantic\main.py", line 193, in __init__
    self.__pydantic_validator__.validate_python(data, self_instance=self)
pydantic_core._pydantic_core.ValidationError: 16 validation errors for Dataset
accessLevel
  Field required [type=missing, input_value={}, input_type=dict]
    For further information visit https://errors.pydantic.dev/2.8/v/missing
landingPage
  Field required [type=missing, input_value={}, input_type=dict]
    For further information visit https://errors.pydantic.dev/2.8/v/missing
bureauCode
  Field required [type=missing, input_value={}, input_type=dict]
    For further information visit https://errors.pydantic.dev/2.8/v/missing
issued
  Field required [type=missing, input_value={}, input_type=dict]
    For further information visit https://errors.pydantic.dev/2.8/v/missing
@type
  Field required [type=missing, input_value={}, input_type=dict]
    For further information visit https://errors.pydantic.dev/2.8/v/missing
modified
  Field required [type=missing, input_value={}, input_type=dict]
    For further information visit https://errors.pydantic.dev/2.8/v/missing
released
  Field required [type=missing, input_value={}, input_type=dict]
    For further information visit https://errors.pydantic.dev/2.8/v/missing
keyword
  Field required [type=missing, input_value={}, input_type=dict]
    For further information visit https://errors.pydantic.dev/2.8/v/missing
contactPoint
  Field required [type=missing, input_value={}, input_type=dict]
    For further information visit https://errors.pydantic.dev/2.8/v/missing
publisher
  Field required [type=missing, input_value={}, input_type=dict]
    For further information visit https://errors.pydantic.dev/2.8/v/missing
identifier
  Field required [type=missing, input_value={}, input_type=dict]
    For further information visit https://errors.pydantic.dev/2.8/v/missing
description
  Field required [type=missing, input_value={}, input_type=dict]
    For further information visit https://errors.pydantic.dev/2.8/v/missing
title
  Field required [type=missing, input_value={}, input_type=dict]
    For further information visit https://errors.pydantic.dev/2.8/v/missing
programCode
  Field required [type=missing, input_value={}, input_type=dict]
    For further information visit https://errors.pydantic.dev/2.8/v/missing
distribution
  Field required [type=missing, input_value={}, input_type=dict]
    For further information visit https://errors.pydantic.dev/2.8/v/missing
theme
  Field required [type=missing, input_value={}, input_type=dict]
    For further information visit https://errors.pydantic.dev/2.8/v/missing
2024-08-23 12:40:37 - ERROR - Validation error for dataset: Unknown title
Traceback (most recent call last):
  File "C:\Users\edmun\Projects\Repositories\healthpartners-interview\src\healthpartners_interview\download.py", line 31, in fetch_datasets
    dataset = Dataset(**current_item)
              ^^^^^^^^^^^^^^^^^^^^^^^
  File "C:\Users\edmun\Projects\Repositories\healthpartners-interview\.venv\Lib\site-packages\pydantic\main.py", line 193, in __init__
    self.__pydantic_validator__.validate_python(data, self_instance=self)
pydantic_core._pydantic_core.ValidationError: 16 validation errors for Dataset
accessLevel
  Field required [type=missing, input_value={}, input_type=dict]
    For further information visit https://errors.pydantic.dev/2.8/v/missing
landingPage
  Field required [type=missing, input_value={}, input_type=dict]
    For further information visit https://errors.pydantic.dev/2.8/v/missing
bureauCode
  Field required [type=missing, input_value={}, input_type=dict]
    For further information visit https://errors.pydantic.dev/2.8/v/missing
issued
  Field required [type=missing, input_value={}, input_type=dict]
    For further information visit https://errors.pydantic.dev/2.8/v/missing
@type
  Field required [type=missing, input_value={}, input_type=dict]
    For further information visit https://errors.pydantic.dev/2.8/v/missing
modified
  Field required [type=missing, input_value={}, input_type=dict]
    For further information visit https://errors.pydantic.dev/2.8/v/missing
released
  Field required [type=missing, input_value={}, input_type=dict]
    For further information visit https://errors.pydantic.dev/2.8/v/missing
keyword
  Field required [type=missing, input_value={}, input_type=dict]
    For further information visit https://errors.pydantic.dev/2.8/v/missing
contactPoint
  Field required [type=missing, input_value={}, input_type=dict]
    For further information visit https://errors.pydantic.dev/2.8/v/missing
publisher
  Field required [type=missing, input_value={}, input_type=dict]
    For further information visit https://errors.pydantic.dev/2.8/v/missing
identifier
  Field required [type=missing, input_value={}, input_type=dict]
    For further information visit https://errors.pydantic.dev/2.8/v/missing
description
  Field required [type=missing, input_value={}, input_type=dict]
    For further information visit https://errors.pydantic.dev/2.8/v/missing
title
  Field required [type=missing, input_value={}, input_type=dict]
    For further information visit https://errors.pydantic.dev/2.8/v/missing
programCode
  Field required [type=missing, input_value={}, input_type=dict]
    For further information visit https://errors.pydantic.dev/2.8/v/missing
distribution
  Field required [type=missing, input_value={}, input_type=dict]
    For further information visit https://errors.pydantic.dev/2.8/v/missing
theme
  Field required [type=missing, input_value={}, input_type=dict]
    For further information visit https://errors.pydantic.dev/2.8/v/missing
2024-08-23 12:40:37 - ERROR - Validation error for dataset: Unknown title
Traceback (most recent call last):
  File "C:\Users\edmun\Projects\Repositories\healthpartners-interview\src\healthpartners_interview\download.py", line 31, in fetch_datasets
    dataset = Dataset(**current_item)
              ^^^^^^^^^^^^^^^^^^^^^^^
  File "C:\Users\edmun\Projects\Repositories\healthpartners-interview\.venv\Lib\site-packages\pydantic\main.py", line 193, in __init__
    self.__pydantic_validator__.validate_python(data, self_instance=self)
pydantic_core._pydantic_core.ValidationError: 16 validation errors for Dataset
accessLevel
  Field required [type=missing, input_value={}, input_type=dict]
    For further information visit https://errors.pydantic.dev/2.8/v/missing
landingPage
  Field required [type=missing, input_value={}, input_type=dict]
    For further information visit https://errors.pydantic.dev/2.8/v/missing
bureauCode
  Field required [type=missing, input_value={}, input_type=dict]
    For further information visit https://errors.pydantic.dev/2.8/v/missing
issued
  Field required [type=missing, input_value={}, input_type=dict]
    For further information visit https://errors.pydantic.dev/2.8/v/missing
@type
  Field required [type=missing, input_value={}, input_type=dict]
    For further information visit https://errors.pydantic.dev/2.8/v/missing
modified
  Field required [type=missing, input_value={}, input_type=dict]
    For further information visit https://errors.pydantic.dev/2.8/v/missing
released
  Field required [type=missing, input_value={}, input_type=dict]
    For further information visit https://errors.pydantic.dev/2.8/v/missing
keyword
  Field required [type=missing, input_value={}, input_type=dict]
    For further information visit https://errors.pydantic.dev/2.8/v/missing
contactPoint
  Field required [type=missing, input_value={}, input_type=dict]
    For further information visit https://errors.pydantic.dev/2.8/v/missing
publisher
  Field required [type=missing, input_value={}, input_type=dict]
    For further information visit https://errors.pydantic.dev/2.8/v/missing
identifier
  Field required [type=missing, input_value={}, input_type=dict]
    For further information visit https://errors.pydantic.dev/2.8/v/missing
description
  Field required [type=missing, input_value={}, input_type=dict]
    For further information visit https://errors.pydantic.dev/2.8/v/missing
title
  Field required [type=missing, input_value={}, input_type=dict]
    For further information visit https://errors.pydantic.dev/2.8/v/missing
programCode
  Field required [type=missing, input_value={}, input_type=dict]
    For further information visit https://errors.pydantic.dev/2.8/v/missing
distribution
  Field required [type=missing, input_value={}, input_type=dict]
    For further information visit https://errors.pydantic.dev/2.8/v/missing
theme
  Field required [type=missing, input_value={}, input_type=dict]
    For further information visit https://errors.pydantic.dev/2.8/v/missing
2024-08-23 12:40:37 - ERROR - Validation error for dataset: Unknown title
Traceback (most recent call last):
  File "C:\Users\edmun\Projects\Repositories\healthpartners-interview\src\healthpartners_interview\download.py", line 31, in fetch_datasets
    dataset = Dataset(**current_item)
              ^^^^^^^^^^^^^^^^^^^^^^^
  File "C:\Users\edmun\Projects\Repositories\healthpartners-interview\.venv\Lib\site-packages\pydantic\main.py", line 193, in __init__
    self.__pydantic_validator__.validate_python(data, self_instance=self)
pydantic_core._pydantic_core.ValidationError: 16 validation errors for Dataset
accessLevel
  Field required [type=missing, input_value={'item': 'theme'}, input_type=dict]
    For further information visit https://errors.pydantic.dev/2.8/v/missing
landingPage
  Field required [type=missing, input_value={'item': 'theme'}, input_type=dict]
    For further information visit https://errors.pydantic.dev/2.8/v/missing
bureauCode
  Field required [type=missing, input_value={'item': 'theme'}, input_type=dict]
    For further information visit https://errors.pydantic.dev/2.8/v/missing
issued
  Field required [type=missing, input_value={'item': 'theme'}, input_type=dict]
    For further information visit https://errors.pydantic.dev/2.8/v/missing
@type
  Field required [type=missing, input_value={'item': 'theme'}, input_type=dict]
    For further information visit https://errors.pydantic.dev/2.8/v/missing
modified
  Field required [type=missing, input_value={'item': 'theme'}, input_type=dict]
    For further information visit https://errors.pydantic.dev/2.8/v/missing
released
  Field required [type=missing, input_value={'item': 'theme'}, input_type=dict]
    For further information visit https://errors.pydantic.dev/2.8/v/missing
keyword
  Field required [type=missing, input_value={'item': 'theme'}, input_type=dict]
    For further information visit https://errors.pydantic.dev/2.8/v/missing
contactPoint
  Field required [type=missing, input_value={'item': 'theme'}, input_type=dict]
    For further information visit https://errors.pydantic.dev/2.8/v/missing
publisher
  Field required [type=missing, input_value={'item': 'theme'}, input_type=dict]
    For further information visit https://errors.pydantic.dev/2.8/v/missing
identifier
  Field required [type=missing, input_value={'item': 'theme'}, input_type=dict]
    For further information visit https://errors.pydantic.dev/2.8/v/missing
description
  Field required [type=missing, input_value={'item': 'theme'}, input_type=dict]
    For further information visit https://errors.pydantic.dev/2.8/v/missing
title
  Field required [type=missing, input_value={'item': 'theme'}, input_type=dict]
    For further information visit https://errors.pydantic.dev/2.8/v/missing
programCode
  Field required [type=missing, input_value={'item': 'theme'}, input_type=dict]
    For further information visit https://errors.pydantic.dev/2.8/v/missing
distribution
  Field required [type=missing, input_value={'item': 'theme'}, input_type=dict]
    For further information visit https://errors.pydantic.dev/2.8/v/missing
theme
  Field required [type=missing, input_value={'item': 'theme'}, input_type=dict]
    For further information visit https://errors.pydantic.dev/2.8/v/missing
2024-08-23 12:40:37 - ERROR - Validation error for dataset: Unknown title
Traceback (most recent call last):
  File "C:\Users\edmun\Projects\Repositories\healthpartners-interview\src\healthpartners_interview\download.py", line 31, in fetch_datasets
    dataset = Dataset(**current_item)
              ^^^^^^^^^^^^^^^^^^^^^^^
  File "C:\Users\edmun\Projects\Repositories\healthpartners-interview\.venv\Lib\site-packages\pydantic\main.py", line 193, in __init__
    self.__pydantic_validator__.validate_python(data, self_instance=self)
pydantic_core._pydantic_core.ValidationError: 16 validation errors for Dataset
accessLevel
  Field required [type=missing, input_value={}, input_type=dict]
    For further information visit https://errors.pydantic.dev/2.8/v/missing
landingPage
  Field required [type=missing, input_value={}, input_type=dict]
    For further information visit https://errors.pydantic.dev/2.8/v/missing
bureauCode
  Field required [type=missing, input_value={}, input_type=dict]
    For further information visit https://errors.pydantic.dev/2.8/v/missing
issued
  Field required [type=missing, input_value={}, input_type=dict]
    For further information visit https://errors.pydantic.dev/2.8/v/missing
@type
  Field required [type=missing, input_value={}, input_type=dict]
    For further information visit https://errors.pydantic.dev/2.8/v/missing
modified
  Field required [type=missing, input_value={}, input_type=dict]
    For further information visit https://errors.pydantic.dev/2.8/v/missing
released
  Field required [type=missing, input_value={}, input_type=dict]
    For further information visit https://errors.pydantic.dev/2.8/v/missing
keyword
  Field required [type=missing, input_value={}, input_type=dict]
    For further information visit https://errors.pydantic.dev/2.8/v/missing
contactPoint
  Field required [type=missing, input_value={}, input_type=dict]
    For further information visit https://errors.pydantic.dev/2.8/v/missing
publisher
  Field required [type=missing, input_value={}, input_type=dict]
    For further information visit https://errors.pydantic.dev/2.8/v/missing
identifier
  Field required [type=missing, input_value={}, input_type=dict]
    For further information visit https://errors.pydantic.dev/2.8/v/missing
description
  Field required [type=missing, input_value={}, input_type=dict]
    For further information visit https://errors.pydantic.dev/2.8/v/missing
title
  Field required [type=missing, input_value={}, input_type=dict]
    For further information visit https://errors.pydantic.dev/2.8/v/missing
programCode
  Field required [type=missing, input_value={}, input_type=dict]
    For further information visit https://errors.pydantic.dev/2.8/v/missing
distribution
  Field required [type=missing, input_value={}, input_type=dict]
    For further information visit https://errors.pydantic.dev/2.8/v/missing
theme
  Field required [type=missing, input_value={}, input_type=dict]
    For further information visit https://errors.pydantic.dev/2.8/v/missing
2024-08-23 12:40:37 - ERROR - Validation error for dataset: Unknown title
Traceback (most recent call last):
  File "C:\Users\edmun\Projects\Repositories\healthpartners-interview\src\healthpartners_interview\download.py", line 31, in fetch_datasets
    dataset = Dataset(**current_item)
              ^^^^^^^^^^^^^^^^^^^^^^^
  File "C:\Users\edmun\Projects\Repositories\healthpartners-interview\.venv\Lib\site-packages\pydantic\main.py", line 193, in __init__
    self.__pydantic_validator__.validate_python(data, self_instance=self)
pydantic_core._pydantic_core.ValidationError: 16 validation errors for Dataset
accessLevel
  Field required [type=missing, input_value={}, input_type=dict]
    For further information visit https://errors.pydantic.dev/2.8/v/missing
landingPage
  Field required [type=missing, input_value={}, input_type=dict]
    For further information visit https://errors.pydantic.dev/2.8/v/missing
bureauCode
  Field required [type=missing, input_value={}, input_type=dict]
    For further information visit https://errors.pydantic.dev/2.8/v/missing
issued
  Field required [type=missing, input_value={}, input_type=dict]
    For further information visit https://errors.pydantic.dev/2.8/v/missing
@type
  Field required [type=missing, input_value={}, input_type=dict]
    For further information visit https://errors.pydantic.dev/2.8/v/missing
modified
  Field required [type=missing, input_value={}, input_type=dict]
    For further information visit https://errors.pydantic.dev/2.8/v/missing
released
  Field required [type=missing, input_value={}, input_type=dict]
    For further information visit https://errors.pydantic.dev/2.8/v/missing
keyword
  Field required [type=missing, input_value={}, input_type=dict]
    For further information visit https://errors.pydantic.dev/2.8/v/missing
contactPoint
  Field required [type=missing, input_value={}, input_type=dict]
    For further information visit https://errors.pydantic.dev/2.8/v/missing
publisher
  Field required [type=missing, input_value={}, input_type=dict]
    For further information visit https://errors.pydantic.dev/2.8/v/missing
identifier
  Field required [type=missing, input_value={}, input_type=dict]
    For further information visit https://errors.pydantic.dev/2.8/v/missing
description
  Field required [type=missing, input_value={}, input_type=dict]
    For further information visit https://errors.pydantic.dev/2.8/v/missing
title
  Field required [type=missing, input_value={}, input_type=dict]
    For further information visit https://errors.pydantic.dev/2.8/v/missing
programCode
  Field required [type=missing, input_value={}, input_type=dict]
    For further information visit https://errors.pydantic.dev/2.8/v/missing
distribution
  Field required [type=missing, input_value={}, input_type=dict]
    For further information visit https://errors.pydantic.dev/2.8/v/missing
theme
  Field required [type=missing, input_value={}, input_type=dict]
    For further information visit https://errors.pydantic.dev/2.8/v/missing
2024-08-23 12:40:37 - ERROR - Validation error for dataset: Unknown title
Traceback (most recent call last):
  File "C:\Users\edmun\Projects\Repositories\healthpartners-interview\src\healthpartners_interview\download.py", line 31, in fetch_datasets
    dataset = Dataset(**current_item)
              ^^^^^^^^^^^^^^^^^^^^^^^
  File "C:\Users\edmun\Projects\Repositories\healthpartners-interview\.venv\Lib\site-packages\pydantic\main.py", line 193, in __init__
    self.__pydantic_validator__.validate_python(data, self_instance=self)
pydantic_core._pydantic_core.ValidationError: 16 validation errors for Dataset
accessLevel
  Field required [type=missing, input_value={}, input_type=dict]
    For further information visit https://errors.pydantic.dev/2.8/v/missing
landingPage
  Field required [type=missing, input_value={}, input_type=dict]
    For further information visit https://errors.pydantic.dev/2.8/v/missing
bureauCode
  Field required [type=missing, input_value={}, input_type=dict]
    For further information visit https://errors.pydantic.dev/2.8/v/missing
issued
  Field required [type=missing, input_value={}, input_type=dict]
    For further information visit https://errors.pydantic.dev/2.8/v/missing
@type
  Field required [type=missing, input_value={}, input_type=dict]
    For further information visit https://errors.pydantic.dev/2.8/v/missing
modified
  Field required [type=missing, input_value={}, input_type=dict]
    For further information visit https://errors.pydantic.dev/2.8/v/missing
released
  Field required [type=missing, input_value={}, input_type=dict]
    For further information visit https://errors.pydantic.dev/2.8/v/missing
keyword
  Field required [type=missing, input_value={}, input_type=dict]
    For further information visit https://errors.pydantic.dev/2.8/v/missing
contactPoint
  Field required [type=missing, input_value={}, input_type=dict]
    For further information visit https://errors.pydantic.dev/2.8/v/missing
publisher
  Field required [type=missing, input_value={}, input_type=dict]
    For further information visit https://errors.pydantic.dev/2.8/v/missing
identifier
  Field required [type=missing, input_value={}, input_type=dict]
    For further information visit https://errors.pydantic.dev/2.8/v/missing
description
  Field required [type=missing, input_value={}, input_type=dict]
    For further information visit https://errors.pydantic.dev/2.8/v/missing
title
  Field required [type=missing, input_value={}, input_type=dict]
    For further information visit https://errors.pydantic.dev/2.8/v/missing
programCode
  Field required [type=missing, input_value={}, input_type=dict]
    For further information visit https://errors.pydantic.dev/2.8/v/missing
distribution
  Field required [type=missing, input_value={}, input_type=dict]
    For further information visit https://errors.pydantic.dev/2.8/v/missing
theme
  Field required [type=missing, input_value={}, input_type=dict]
    For further information visit https://errors.pydantic.dev/2.8/v/missing
2024-08-23 12:40:37 - ERROR - Validation error for dataset: Unknown title
Traceback (most recent call last):
  File "C:\Users\edmun\Projects\Repositories\healthpartners-interview\src\healthpartners_interview\download.py", line 31, in fetch_datasets
    dataset = Dataset(**current_item)
              ^^^^^^^^^^^^^^^^^^^^^^^
  File "C:\Users\edmun\Projects\Repositories\healthpartners-interview\.venv\Lib\site-packages\pydantic\main.py", line 193, in __init__
    self.__pydantic_validator__.validate_python(data, self_instance=self)
pydantic_core._pydantic_core.ValidationError: 16 validation errors for Dataset
accessLevel
  Field required [type=missing, input_value={'item': 'theme'}, input_type=dict]
    For further information visit https://errors.pydantic.dev/2.8/v/missing
landingPage
  Field required [type=missing, input_value={'item': 'theme'}, input_type=dict]
    For further information visit https://errors.pydantic.dev/2.8/v/missing
bureauCode
  Field required [type=missing, input_value={'item': 'theme'}, input_type=dict]
    For further information visit https://errors.pydantic.dev/2.8/v/missing
issued
  Field required [type=missing, input_value={'item': 'theme'}, input_type=dict]
    For further information visit https://errors.pydantic.dev/2.8/v/missing
@type
  Field required [type=missing, input_value={'item': 'theme'}, input_type=dict]
    For further information visit https://errors.pydantic.dev/2.8/v/missing
modified
  Field required [type=missing, input_value={'item': 'theme'}, input_type=dict]
    For further information visit https://errors.pydantic.dev/2.8/v/missing
released
  Field required [type=missing, input_value={'item': 'theme'}, input_type=dict]
    For further information visit https://errors.pydantic.dev/2.8/v/missing
keyword
  Field required [type=missing, input_value={'item': 'theme'}, input_type=dict]
    For further information visit https://errors.pydantic.dev/2.8/v/missing
contactPoint
  Field required [type=missing, input_value={'item': 'theme'}, input_type=dict]
    For further information visit https://errors.pydantic.dev/2.8/v/missing
publisher
  Field required [type=missing, input_value={'item': 'theme'}, input_type=dict]
    For further information visit https://errors.pydantic.dev/2.8/v/missing
identifier
  Field required [type=missing, input_value={'item': 'theme'}, input_type=dict]
    For further information visit https://errors.pydantic.dev/2.8/v/missing
description
  Field required [type=missing, input_value={'item': 'theme'}, input_type=dict]
    For further information visit https://errors.pydantic.dev/2.8/v/missing
title
  Field required [type=missing, input_value={'item': 'theme'}, input_type=dict]
    For further information visit https://errors.pydantic.dev/2.8/v/missing
programCode
  Field required [type=missing, input_value={'item': 'theme'}, input_type=dict]
    For further information visit https://errors.pydantic.dev/2.8/v/missing
distribution
  Field required [type=missing, input_value={'item': 'theme'}, input_type=dict]
    For further information visit https://errors.pydantic.dev/2.8/v/missing
theme
  Field required [type=missing, input_value={'item': 'theme'}, input_type=dict]
    For further information visit https://errors.pydantic.dev/2.8/v/missing
2024-08-23 12:40:37 - ERROR - Validation error for dataset: Unknown title
Traceback (most recent call last):
  File "C:\Users\edmun\Projects\Repositories\healthpartners-interview\src\healthpartners_interview\download.py", line 31, in fetch_datasets
    dataset = Dataset(**current_item)
              ^^^^^^^^^^^^^^^^^^^^^^^
  File "C:\Users\edmun\Projects\Repositories\healthpartners-interview\.venv\Lib\site-packages\pydantic\main.py", line 193, in __init__
    self.__pydantic_validator__.validate_python(data, self_instance=self)
pydantic_core._pydantic_core.ValidationError: 16 validation errors for Dataset
accessLevel
  Field required [type=missing, input_value={}, input_type=dict]
    For further information visit https://errors.pydantic.dev/2.8/v/missing
landingPage
  Field required [type=missing, input_value={}, input_type=dict]
    For further information visit https://errors.pydantic.dev/2.8/v/missing
bureauCode
  Field required [type=missing, input_value={}, input_type=dict]
    For further information visit https://errors.pydantic.dev/2.8/v/missing
issued
  Field required [type=missing, input_value={}, input_type=dict]
    For further information visit https://errors.pydantic.dev/2.8/v/missing
@type
  Field required [type=missing, input_value={}, input_type=dict]
    For further information visit https://errors.pydantic.dev/2.8/v/missing
modified
  Field required [type=missing, input_value={}, input_type=dict]
    For further information visit https://errors.pydantic.dev/2.8/v/missing
released
  Field required [type=missing, input_value={}, input_type=dict]
    For further information visit https://errors.pydantic.dev/2.8/v/missing
keyword
  Field required [type=missing, input_value={}, input_type=dict]
    For further information visit https://errors.pydantic.dev/2.8/v/missing
contactPoint
  Field required [type=missing, input_value={}, input_type=dict]
    For further information visit https://errors.pydantic.dev/2.8/v/missing
publisher
  Field required [type=missing, input_value={}, input_type=dict]
    For further information visit https://errors.pydantic.dev/2.8/v/missing
identifier
  Field required [type=missing, input_value={}, input_type=dict]
    For further information visit https://errors.pydantic.dev/2.8/v/missing
description
  Field required [type=missing, input_value={}, input_type=dict]
    For further information visit https://errors.pydantic.dev/2.8/v/missing
title
  Field required [type=missing, input_value={}, input_type=dict]
    For further information visit https://errors.pydantic.dev/2.8/v/missing
programCode
  Field required [type=missing, input_value={}, input_type=dict]
    For further information visit https://errors.pydantic.dev/2.8/v/missing
distribution
  Field required [type=missing, input_value={}, input_type=dict]
    For further information visit https://errors.pydantic.dev/2.8/v/missing
theme
  Field required [type=missing, input_value={}, input_type=dict]
    For further information visit https://errors.pydantic.dev/2.8/v/missing
2024-08-23 12:40:37 - ERROR - Validation error for dataset: Unknown title
Traceback (most recent call last):
  File "C:\Users\edmun\Projects\Repositories\healthpartners-interview\src\healthpartners_interview\download.py", line 31, in fetch_datasets
    dataset = Dataset(**current_item)
              ^^^^^^^^^^^^^^^^^^^^^^^
  File "C:\Users\edmun\Projects\Repositories\healthpartners-interview\.venv\Lib\site-packages\pydantic\main.py", line 193, in __init__
    self.__pydantic_validator__.validate_python(data, self_instance=self)
pydantic_core._pydantic_core.ValidationError: 16 validation errors for Dataset
accessLevel
  Field required [type=missing, input_value={}, input_type=dict]
    For further information visit https://errors.pydantic.dev/2.8/v/missing
landingPage
  Field required [type=missing, input_value={}, input_type=dict]
    For further information visit https://errors.pydantic.dev/2.8/v/missing
bureauCode
  Field required [type=missing, input_value={}, input_type=dict]
    For further information visit https://errors.pydantic.dev/2.8/v/missing
issued
  Field required [type=missing, input_value={}, input_type=dict]
    For further information visit https://errors.pydantic.dev/2.8/v/missing
@type
  Field required [type=missing, input_value={}, input_type=dict]
    For further information visit https://errors.pydantic.dev/2.8/v/missing
modified
  Field required [type=missing, input_value={}, input_type=dict]
    For further information visit https://errors.pydantic.dev/2.8/v/missing
released
  Field required [type=missing, input_value={}, input_type=dict]
    For further information visit https://errors.pydantic.dev/2.8/v/missing
keyword
  Field required [type=missing, input_value={}, input_type=dict]
    For further information visit https://errors.pydantic.dev/2.8/v/missing
contactPoint
  Field required [type=missing, input_value={}, input_type=dict]
    For further information visit https://errors.pydantic.dev/2.8/v/missing
publisher
  Field required [type=missing, input_value={}, input_type=dict]
    For further information visit https://errors.pydantic.dev/2.8/v/missing
identifier
  Field required [type=missing, input_value={}, input_type=dict]
    For further information visit https://errors.pydantic.dev/2.8/v/missing
description
  Field required [type=missing, input_value={}, input_type=dict]
    For further information visit https://errors.pydantic.dev/2.8/v/missing
title
  Field required [type=missing, input_value={}, input_type=dict]
    For further information visit https://errors.pydantic.dev/2.8/v/missing
programCode
  Field required [type=missing, input_value={}, input_type=dict]
    For further information visit https://errors.pydantic.dev/2.8/v/missing
distribution
  Field required [type=missing, input_value={}, input_type=dict]
    For further information visit https://errors.pydantic.dev/2.8/v/missing
theme
  Field required [type=missing, input_value={}, input_type=dict]
    For further information visit https://errors.pydantic.dev/2.8/v/missing
2024-08-23 12:40:37 - ERROR - Validation error for dataset: Unknown title
Traceback (most recent call last):
  File "C:\Users\edmun\Projects\Repositories\healthpartners-interview\src\healthpartners_interview\download.py", line 31, in fetch_datasets
    dataset = Dataset(**current_item)
              ^^^^^^^^^^^^^^^^^^^^^^^
  File "C:\Users\edmun\Projects\Repositories\healthpartners-interview\.venv\Lib\site-packages\pydantic\main.py", line 193, in __init__
    self.__pydantic_validator__.validate_python(data, self_instance=self)
pydantic_core._pydantic_core.ValidationError: 16 validation errors for Dataset
accessLevel
  Field required [type=missing, input_value={}, input_type=dict]
    For further information visit https://errors.pydantic.dev/2.8/v/missing
landingPage
  Field required [type=missing, input_value={}, input_type=dict]
    For further information visit https://errors.pydantic.dev/2.8/v/missing
bureauCode
  Field required [type=missing, input_value={}, input_type=dict]
    For further information visit https://errors.pydantic.dev/2.8/v/missing
issued
  Field required [type=missing, input_value={}, input_type=dict]
    For further information visit https://errors.pydantic.dev/2.8/v/missing
@type
  Field required [type=missing, input_value={}, input_type=dict]
    For further information visit https://errors.pydantic.dev/2.8/v/missing
modified
  Field required [type=missing, input_value={}, input_type=dict]
    For further information visit https://errors.pydantic.dev/2.8/v/missing
released
  Field required [type=missing, input_value={}, input_type=dict]
    For further information visit https://errors.pydantic.dev/2.8/v/missing
keyword
  Field required [type=missing, input_value={}, input_type=dict]
    For further information visit https://errors.pydantic.dev/2.8/v/missing
contactPoint
  Field required [type=missing, input_value={}, input_type=dict]
    For further information visit https://errors.pydantic.dev/2.8/v/missing
publisher
  Field required [type=missing, input_value={}, input_type=dict]
    For further information visit https://errors.pydantic.dev/2.8/v/missing
identifier
  Field required [type=missing, input_value={}, input_type=dict]
    For further information visit https://errors.pydantic.dev/2.8/v/missing
description
  Field required [type=missing, input_value={}, input_type=dict]
    For further information visit https://errors.pydantic.dev/2.8/v/missing
title
  Field required [type=missing, input_value={}, input_type=dict]
    For further information visit https://errors.pydantic.dev/2.8/v/missing
programCode
  Field required [type=missing, input_value={}, input_type=dict]
    For further information visit https://errors.pydantic.dev/2.8/v/missing
distribution
  Field required [type=missing, input_value={}, input_type=dict]
    For further information visit https://errors.pydantic.dev/2.8/v/missing
theme
  Field required [type=missing, input_value={}, input_type=dict]
    For further information visit https://errors.pydantic.dev/2.8/v/missing
2024-08-23 12:40:37 - ERROR - Validation error for dataset: Unknown title
Traceback (most recent call last):
  File "C:\Users\edmun\Projects\Repositories\healthpartners-interview\src\healthpartners_interview\download.py", line 31, in fetch_datasets
    dataset = Dataset(**current_item)
              ^^^^^^^^^^^^^^^^^^^^^^^
  File "C:\Users\edmun\Projects\Repositories\healthpartners-interview\.venv\Lib\site-packages\pydantic\main.py", line 193, in __init__
    self.__pydantic_validator__.validate_python(data, self_instance=self)
pydantic_core._pydantic_core.ValidationError: 16 validation errors for Dataset
accessLevel
  Field required [type=missing, input_value={'item': 'theme'}, input_type=dict]
    For further information visit https://errors.pydantic.dev/2.8/v/missing
landingPage
  Field required [type=missing, input_value={'item': 'theme'}, input_type=dict]
    For further information visit https://errors.pydantic.dev/2.8/v/missing
bureauCode
  Field required [type=missing, input_value={'item': 'theme'}, input_type=dict]
    For further information visit https://errors.pydantic.dev/2.8/v/missing
issued
  Field required [type=missing, input_value={'item': 'theme'}, input_type=dict]
    For further information visit https://errors.pydantic.dev/2.8/v/missing
@type
  Field required [type=missing, input_value={'item': 'theme'}, input_type=dict]
    For further information visit https://errors.pydantic.dev/2.8/v/missing
modified
  Field required [type=missing, input_value={'item': 'theme'}, input_type=dict]
    For further information visit https://errors.pydantic.dev/2.8/v/missing
released
  Field required [type=missing, input_value={'item': 'theme'}, input_type=dict]
    For further information visit https://errors.pydantic.dev/2.8/v/missing
keyword
  Field required [type=missing, input_value={'item': 'theme'}, input_type=dict]
    For further information visit https://errors.pydantic.dev/2.8/v/missing
contactPoint
  Field required [type=missing, input_value={'item': 'theme'}, input_type=dict]
    For further information visit https://errors.pydantic.dev/2.8/v/missing
publisher
  Field required [type=missing, input_value={'item': 'theme'}, input_type=dict]
    For further information visit https://errors.pydantic.dev/2.8/v/missing
identifier
  Field required [type=missing, input_value={'item': 'theme'}, input_type=dict]
    For further information visit https://errors.pydantic.dev/2.8/v/missing
description
  Field required [type=missing, input_value={'item': 'theme'}, input_type=dict]
    For further information visit https://errors.pydantic.dev/2.8/v/missing
title
  Field required [type=missing, input_value={'item': 'theme'}, input_type=dict]
    For further information visit https://errors.pydantic.dev/2.8/v/missing
programCode
  Field required [type=missing, input_value={'item': 'theme'}, input_type=dict]
    For further information visit https://errors.pydantic.dev/2.8/v/missing
distribution
  Field required [type=missing, input_value={'item': 'theme'}, input_type=dict]
    For further information visit https://errors.pydantic.dev/2.8/v/missing
theme
  Field required [type=missing, input_value={'item': 'theme'}, input_type=dict]
    For further information visit https://errors.pydantic.dev/2.8/v/missing
2024-08-23 12:40:37 - ERROR - Validation error for dataset: Unknown title
Traceback (most recent call last):
  File "C:\Users\edmun\Projects\Repositories\healthpartners-interview\src\healthpartners_interview\download.py", line 31, in fetch_datasets
    dataset = Dataset(**current_item)
              ^^^^^^^^^^^^^^^^^^^^^^^
  File "C:\Users\edmun\Projects\Repositories\healthpartners-interview\.venv\Lib\site-packages\pydantic\main.py", line 193, in __init__
    self.__pydantic_validator__.validate_python(data, self_instance=self)
pydantic_core._pydantic_core.ValidationError: 16 validation errors for Dataset
accessLevel
  Field required [type=missing, input_value={}, input_type=dict]
    For further information visit https://errors.pydantic.dev/2.8/v/missing
landingPage
  Field required [type=missing, input_value={}, input_type=dict]
    For further information visit https://errors.pydantic.dev/2.8/v/missing
bureauCode
  Field required [type=missing, input_value={}, input_type=dict]
    For further information visit https://errors.pydantic.dev/2.8/v/missing
issued
  Field required [type=missing, input_value={}, input_type=dict]
    For further information visit https://errors.pydantic.dev/2.8/v/missing
@type
  Field required [type=missing, input_value={}, input_type=dict]
    For further information visit https://errors.pydantic.dev/2.8/v/missing
modified
  Field required [type=missing, input_value={}, input_type=dict]
    For further information visit https://errors.pydantic.dev/2.8/v/missing
released
  Field required [type=missing, input_value={}, input_type=dict]
    For further information visit https://errors.pydantic.dev/2.8/v/missing
keyword
  Field required [type=missing, input_value={}, input_type=dict]
    For further information visit https://errors.pydantic.dev/2.8/v/missing
contactPoint
  Field required [type=missing, input_value={}, input_type=dict]
    For further information visit https://errors.pydantic.dev/2.8/v/missing
publisher
  Field required [type=missing, input_value={}, input_type=dict]
    For further information visit https://errors.pydantic.dev/2.8/v/missing
identifier
  Field required [type=missing, input_value={}, input_type=dict]
    For further information visit https://errors.pydantic.dev/2.8/v/missing
description
  Field required [type=missing, input_value={}, input_type=dict]
    For further information visit https://errors.pydantic.dev/2.8/v/missing
title
  Field required [type=missing, input_value={}, input_type=dict]
    For further information visit https://errors.pydantic.dev/2.8/v/missing
programCode
  Field required [type=missing, input_value={}, input_type=dict]
    For further information visit https://errors.pydantic.dev/2.8/v/missing
distribution
  Field required [type=missing, input_value={}, input_type=dict]
    For further information visit https://errors.pydantic.dev/2.8/v/missing
theme
  Field required [type=missing, input_value={}, input_type=dict]
    For further information visit https://errors.pydantic.dev/2.8/v/missing
2024-08-23 12:40:37 - ERROR - Validation error for dataset: Unknown title
Traceback (most recent call last):
  File "C:\Users\edmun\Projects\Repositories\healthpartners-interview\src\healthpartners_interview\download.py", line 31, in fetch_datasets
    dataset = Dataset(**current_item)
              ^^^^^^^^^^^^^^^^^^^^^^^
  File "C:\Users\edmun\Projects\Repositories\healthpartners-interview\.venv\Lib\site-packages\pydantic\main.py", line 193, in __init__
    self.__pydantic_validator__.validate_python(data, self_instance=self)
pydantic_core._pydantic_core.ValidationError: 16 validation errors for Dataset
accessLevel
  Field required [type=missing, input_value={}, input_type=dict]
    For further information visit https://errors.pydantic.dev/2.8/v/missing
landingPage
  Field required [type=missing, input_value={}, input_type=dict]
    For further information visit https://errors.pydantic.dev/2.8/v/missing
bureauCode
  Field required [type=missing, input_value={}, input_type=dict]
    For further information visit https://errors.pydantic.dev/2.8/v/missing
issued
  Field required [type=missing, input_value={}, input_type=dict]
    For further information visit https://errors.pydantic.dev/2.8/v/missing
@type
  Field required [type=missing, input_value={}, input_type=dict]
    For further information visit https://errors.pydantic.dev/2.8/v/missing
modified
  Field required [type=missing, input_value={}, input_type=dict]
    For further information visit https://errors.pydantic.dev/2.8/v/missing
released
  Field required [type=missing, input_value={}, input_type=dict]
    For further information visit https://errors.pydantic.dev/2.8/v/missing
keyword
  Field required [type=missing, input_value={}, input_type=dict]
    For further information visit https://errors.pydantic.dev/2.8/v/missing
contactPoint
  Field required [type=missing, input_value={}, input_type=dict]
    For further information visit https://errors.pydantic.dev/2.8/v/missing
publisher
  Field required [type=missing, input_value={}, input_type=dict]
    For further information visit https://errors.pydantic.dev/2.8/v/missing
identifier
  Field required [type=missing, input_value={}, input_type=dict]
    For further information visit https://errors.pydantic.dev/2.8/v/missing
description
  Field required [type=missing, input_value={}, input_type=dict]
    For further information visit https://errors.pydantic.dev/2.8/v/missing
title
  Field required [type=missing, input_value={}, input_type=dict]
    For further information visit https://errors.pydantic.dev/2.8/v/missing
programCode
  Field required [type=missing, input_value={}, input_type=dict]
    For further information visit https://errors.pydantic.dev/2.8/v/missing
distribution
  Field required [type=missing, input_value={}, input_type=dict]
    For further information visit https://errors.pydantic.dev/2.8/v/missing
theme
  Field required [type=missing, input_value={}, input_type=dict]
    For further information visit https://errors.pydantic.dev/2.8/v/missing
2024-08-23 12:40:37 - ERROR - Validation error for dataset: Unknown title
Traceback (most recent call last):
  File "C:\Users\edmun\Projects\Repositories\healthpartners-interview\src\healthpartners_interview\download.py", line 31, in fetch_datasets
    dataset = Dataset(**current_item)
              ^^^^^^^^^^^^^^^^^^^^^^^
  File "C:\Users\edmun\Projects\Repositories\healthpartners-interview\.venv\Lib\site-packages\pydantic\main.py", line 193, in __init__
    self.__pydantic_validator__.validate_python(data, self_instance=self)
pydantic_core._pydantic_core.ValidationError: 16 validation errors for Dataset
accessLevel
  Field required [type=missing, input_value={}, input_type=dict]
    For further information visit https://errors.pydantic.dev/2.8/v/missing
landingPage
  Field required [type=missing, input_value={}, input_type=dict]
    For further information visit https://errors.pydantic.dev/2.8/v/missing
bureauCode
  Field required [type=missing, input_value={}, input_type=dict]
    For further information visit https://errors.pydantic.dev/2.8/v/missing
issued
  Field required [type=missing, input_value={}, input_type=dict]
    For further information visit https://errors.pydantic.dev/2.8/v/missing
@type
  Field required [type=missing, input_value={}, input_type=dict]
    For further information visit https://errors.pydantic.dev/2.8/v/missing
modified
  Field required [type=missing, input_value={}, input_type=dict]
    For further information visit https://errors.pydantic.dev/2.8/v/missing
released
  Field required [type=missing, input_value={}, input_type=dict]
    For further information visit https://errors.pydantic.dev/2.8/v/missing
keyword
  Field required [type=missing, input_value={}, input_type=dict]
    For further information visit https://errors.pydantic.dev/2.8/v/missing
contactPoint
  Field required [type=missing, input_value={}, input_type=dict]
    For further information visit https://errors.pydantic.dev/2.8/v/missing
publisher
  Field required [type=missing, input_value={}, input_type=dict]
    For further information visit https://errors.pydantic.dev/2.8/v/missing
identifier
  Field required [type=missing, input_value={}, input_type=dict]
    For further information visit https://errors.pydantic.dev/2.8/v/missing
description
  Field required [type=missing, input_value={}, input_type=dict]
    For further information visit https://errors.pydantic.dev/2.8/v/missing
title
  Field required [type=missing, input_value={}, input_type=dict]
    For further information visit https://errors.pydantic.dev/2.8/v/missing
programCode
  Field required [type=missing, input_value={}, input_type=dict]
    For further information visit https://errors.pydantic.dev/2.8/v/missing
distribution
  Field required [type=missing, input_value={}, input_type=dict]
    For further information visit https://errors.pydantic.dev/2.8/v/missing
theme
  Field required [type=missing, input_value={}, input_type=dict]
    For further information visit https://errors.pydantic.dev/2.8/v/missing
2024-08-23 12:40:37 - ERROR - Validation error for dataset: Unknown title
Traceback (most recent call last):
  File "C:\Users\edmun\Projects\Repositories\healthpartners-interview\src\healthpartners_interview\download.py", line 31, in fetch_datasets
    dataset = Dataset(**current_item)
              ^^^^^^^^^^^^^^^^^^^^^^^
  File "C:\Users\edmun\Projects\Repositories\healthpartners-interview\.venv\Lib\site-packages\pydantic\main.py", line 193, in __init__
    self.__pydantic_validator__.validate_python(data, self_instance=self)
pydantic_core._pydantic_core.ValidationError: 16 validation errors for Dataset
accessLevel
  Field required [type=missing, input_value={'item': 'theme'}, input_type=dict]
    For further information visit https://errors.pydantic.dev/2.8/v/missing
landingPage
  Field required [type=missing, input_value={'item': 'theme'}, input_type=dict]
    For further information visit https://errors.pydantic.dev/2.8/v/missing
bureauCode
  Field required [type=missing, input_value={'item': 'theme'}, input_type=dict]
    For further information visit https://errors.pydantic.dev/2.8/v/missing
issued
  Field required [type=missing, input_value={'item': 'theme'}, input_type=dict]
    For further information visit https://errors.pydantic.dev/2.8/v/missing
@type
  Field required [type=missing, input_value={'item': 'theme'}, input_type=dict]
    For further information visit https://errors.pydantic.dev/2.8/v/missing
modified
  Field required [type=missing, input_value={'item': 'theme'}, input_type=dict]
    For further information visit https://errors.pydantic.dev/2.8/v/missing
released
  Field required [type=missing, input_value={'item': 'theme'}, input_type=dict]
    For further information visit https://errors.pydantic.dev/2.8/v/missing
keyword
  Field required [type=missing, input_value={'item': 'theme'}, input_type=dict]
    For further information visit https://errors.pydantic.dev/2.8/v/missing
contactPoint
  Field required [type=missing, input_value={'item': 'theme'}, input_type=dict]
    For further information visit https://errors.pydantic.dev/2.8/v/missing
publisher
  Field required [type=missing, input_value={'item': 'theme'}, input_type=dict]
    For further information visit https://errors.pydantic.dev/2.8/v/missing
identifier
  Field required [type=missing, input_value={'item': 'theme'}, input_type=dict]
    For further information visit https://errors.pydantic.dev/2.8/v/missing
description
  Field required [type=missing, input_value={'item': 'theme'}, input_type=dict]
    For further information visit https://errors.pydantic.dev/2.8/v/missing
title
  Field required [type=missing, input_value={'item': 'theme'}, input_type=dict]
    For further information visit https://errors.pydantic.dev/2.8/v/missing
programCode
  Field required [type=missing, input_value={'item': 'theme'}, input_type=dict]
    For further information visit https://errors.pydantic.dev/2.8/v/missing
distribution
  Field required [type=missing, input_value={'item': 'theme'}, input_type=dict]
    For further information visit https://errors.pydantic.dev/2.8/v/missing
theme
  Field required [type=missing, input_value={'item': 'theme'}, input_type=dict]
    For further information visit https://errors.pydantic.dev/2.8/v/missing
2024-08-23 12:40:37 - ERROR - Validation error for dataset: Unknown title
Traceback (most recent call last):
  File "C:\Users\edmun\Projects\Repositories\healthpartners-interview\src\healthpartners_interview\download.py", line 31, in fetch_datasets
    dataset = Dataset(**current_item)
              ^^^^^^^^^^^^^^^^^^^^^^^
  File "C:\Users\edmun\Projects\Repositories\healthpartners-interview\.venv\Lib\site-packages\pydantic\main.py", line 193, in __init__
    self.__pydantic_validator__.validate_python(data, self_instance=self)
pydantic_core._pydantic_core.ValidationError: 16 validation errors for Dataset
accessLevel
  Field required [type=missing, input_value={}, input_type=dict]
    For further information visit https://errors.pydantic.dev/2.8/v/missing
landingPage
  Field required [type=missing, input_value={}, input_type=dict]
    For further information visit https://errors.pydantic.dev/2.8/v/missing
bureauCode
  Field required [type=missing, input_value={}, input_type=dict]
    For further information visit https://errors.pydantic.dev/2.8/v/missing
issued
  Field required [type=missing, input_value={}, input_type=dict]
    For further information visit https://errors.pydantic.dev/2.8/v/missing
@type
  Field required [type=missing, input_value={}, input_type=dict]
    For further information visit https://errors.pydantic.dev/2.8/v/missing
modified
  Field required [type=missing, input_value={}, input_type=dict]
    For further information visit https://errors.pydantic.dev/2.8/v/missing
released
  Field required [type=missing, input_value={}, input_type=dict]
    For further information visit https://errors.pydantic.dev/2.8/v/missing
keyword
  Field required [type=missing, input_value={}, input_type=dict]
    For further information visit https://errors.pydantic.dev/2.8/v/missing
contactPoint
  Field required [type=missing, input_value={}, input_type=dict]
    For further information visit https://errors.pydantic.dev/2.8/v/missing
publisher
  Field required [type=missing, input_value={}, input_type=dict]
    For further information visit https://errors.pydantic.dev/2.8/v/missing
identifier
  Field required [type=missing, input_value={}, input_type=dict]
    For further information visit https://errors.pydantic.dev/2.8/v/missing
description
  Field required [type=missing, input_value={}, input_type=dict]
    For further information visit https://errors.pydantic.dev/2.8/v/missing
title
  Field required [type=missing, input_value={}, input_type=dict]
    For further information visit https://errors.pydantic.dev/2.8/v/missing
programCode
  Field required [type=missing, input_value={}, input_type=dict]
    For further information visit https://errors.pydantic.dev/2.8/v/missing
distribution
  Field required [type=missing, input_value={}, input_type=dict]
    For further information visit https://errors.pydantic.dev/2.8/v/missing
theme
  Field required [type=missing, input_value={}, input_type=dict]
    For further information visit https://errors.pydantic.dev/2.8/v/missing
2024-08-23 12:40:37 - ERROR - Validation error for dataset: Unknown title
Traceback (most recent call last):
  File "C:\Users\edmun\Projects\Repositories\healthpartners-interview\src\healthpartners_interview\download.py", line 31, in fetch_datasets
    dataset = Dataset(**current_item)
              ^^^^^^^^^^^^^^^^^^^^^^^
  File "C:\Users\edmun\Projects\Repositories\healthpartners-interview\.venv\Lib\site-packages\pydantic\main.py", line 193, in __init__
    self.__pydantic_validator__.validate_python(data, self_instance=self)
pydantic_core._pydantic_core.ValidationError: 16 validation errors for Dataset
accessLevel
  Field required [type=missing, input_value={}, input_type=dict]
    For further information visit https://errors.pydantic.dev/2.8/v/missing
landingPage
  Field required [type=missing, input_value={}, input_type=dict]
    For further information visit https://errors.pydantic.dev/2.8/v/missing
bureauCode
  Field required [type=missing, input_value={}, input_type=dict]
    For further information visit https://errors.pydantic.dev/2.8/v/missing
issued
  Field required [type=missing, input_value={}, input_type=dict]
    For further information visit https://errors.pydantic.dev/2.8/v/missing
@type
  Field required [type=missing, input_value={}, input_type=dict]
    For further information visit https://errors.pydantic.dev/2.8/v/missing
modified
  Field required [type=missing, input_value={}, input_type=dict]
    For further information visit https://errors.pydantic.dev/2.8/v/missing
released
  Field required [type=missing, input_value={}, input_type=dict]
    For further information visit https://errors.pydantic.dev/2.8/v/missing
keyword
  Field required [type=missing, input_value={}, input_type=dict]
    For further information visit https://errors.pydantic.dev/2.8/v/missing
contactPoint
  Field required [type=missing, input_value={}, input_type=dict]
    For further information visit https://errors.pydantic.dev/2.8/v/missing
publisher
  Field required [type=missing, input_value={}, input_type=dict]
    For further information visit https://errors.pydantic.dev/2.8/v/missing
identifier
  Field required [type=missing, input_value={}, input_type=dict]
    For further information visit https://errors.pydantic.dev/2.8/v/missing
description
  Field required [type=missing, input_value={}, input_type=dict]
    For further information visit https://errors.pydantic.dev/2.8/v/missing
title
  Field required [type=missing, input_value={}, input_type=dict]
    For further information visit https://errors.pydantic.dev/2.8/v/missing
programCode
  Field required [type=missing, input_value={}, input_type=dict]
    For further information visit https://errors.pydantic.dev/2.8/v/missing
distribution
  Field required [type=missing, input_value={}, input_type=dict]
    For further information visit https://errors.pydantic.dev/2.8/v/missing
theme
  Field required [type=missing, input_value={}, input_type=dict]
    For further information visit https://errors.pydantic.dev/2.8/v/missing
2024-08-23 12:40:37 - ERROR - Validation error for dataset: Unknown title
Traceback (most recent call last):
  File "C:\Users\edmun\Projects\Repositories\healthpartners-interview\src\healthpartners_interview\download.py", line 31, in fetch_datasets
    dataset = Dataset(**current_item)
              ^^^^^^^^^^^^^^^^^^^^^^^
  File "C:\Users\edmun\Projects\Repositories\healthpartners-interview\.venv\Lib\site-packages\pydantic\main.py", line 193, in __init__
    self.__pydantic_validator__.validate_python(data, self_instance=self)
pydantic_core._pydantic_core.ValidationError: 16 validation errors for Dataset
accessLevel
  Field required [type=missing, input_value={}, input_type=dict]
    For further information visit https://errors.pydantic.dev/2.8/v/missing
landingPage
  Field required [type=missing, input_value={}, input_type=dict]
    For further information visit https://errors.pydantic.dev/2.8/v/missing
bureauCode
  Field required [type=missing, input_value={}, input_type=dict]
    For further information visit https://errors.pydantic.dev/2.8/v/missing
issued
  Field required [type=missing, input_value={}, input_type=dict]
    For further information visit https://errors.pydantic.dev/2.8/v/missing
@type
  Field required [type=missing, input_value={}, input_type=dict]
    For further information visit https://errors.pydantic.dev/2.8/v/missing
modified
  Field required [type=missing, input_value={}, input_type=dict]
    For further information visit https://errors.pydantic.dev/2.8/v/missing
released
  Field required [type=missing, input_value={}, input_type=dict]
    For further information visit https://errors.pydantic.dev/2.8/v/missing
keyword
  Field required [type=missing, input_value={}, input_type=dict]
    For further information visit https://errors.pydantic.dev/2.8/v/missing
contactPoint
  Field required [type=missing, input_value={}, input_type=dict]
    For further information visit https://errors.pydantic.dev/2.8/v/missing
publisher
  Field required [type=missing, input_value={}, input_type=dict]
    For further information visit https://errors.pydantic.dev/2.8/v/missing
identifier
  Field required [type=missing, input_value={}, input_type=dict]
    For further information visit https://errors.pydantic.dev/2.8/v/missing
description
  Field required [type=missing, input_value={}, input_type=dict]
    For further information visit https://errors.pydantic.dev/2.8/v/missing
title
  Field required [type=missing, input_value={}, input_type=dict]
    For further information visit https://errors.pydantic.dev/2.8/v/missing
programCode
  Field required [type=missing, input_value={}, input_type=dict]
    For further information visit https://errors.pydantic.dev/2.8/v/missing
distribution
  Field required [type=missing, input_value={}, input_type=dict]
    For further information visit https://errors.pydantic.dev/2.8/v/missing
theme
  Field required [type=missing, input_value={}, input_type=dict]
    For further information visit https://errors.pydantic.dev/2.8/v/missing
2024-08-23 12:40:37 - ERROR - Validation error for dataset: Unknown title
Traceback (most recent call last):
  File "C:\Users\edmun\Projects\Repositories\healthpartners-interview\src\healthpartners_interview\download.py", line 31, in fetch_datasets
    dataset = Dataset(**current_item)
              ^^^^^^^^^^^^^^^^^^^^^^^
  File "C:\Users\edmun\Projects\Repositories\healthpartners-interview\.venv\Lib\site-packages\pydantic\main.py", line 193, in __init__
    self.__pydantic_validator__.validate_python(data, self_instance=self)
pydantic_core._pydantic_core.ValidationError: 16 validation errors for Dataset
accessLevel
  Field required [type=missing, input_value={'item': 'theme'}, input_type=dict]
    For further information visit https://errors.pydantic.dev/2.8/v/missing
landingPage
  Field required [type=missing, input_value={'item': 'theme'}, input_type=dict]
    For further information visit https://errors.pydantic.dev/2.8/v/missing
bureauCode
  Field required [type=missing, input_value={'item': 'theme'}, input_type=dict]
    For further information visit https://errors.pydantic.dev/2.8/v/missing
issued
  Field required [type=missing, input_value={'item': 'theme'}, input_type=dict]
    For further information visit https://errors.pydantic.dev/2.8/v/missing
@type
  Field required [type=missing, input_value={'item': 'theme'}, input_type=dict]
    For further information visit https://errors.pydantic.dev/2.8/v/missing
modified
  Field required [type=missing, input_value={'item': 'theme'}, input_type=dict]
    For further information visit https://errors.pydantic.dev/2.8/v/missing
released
  Field required [type=missing, input_value={'item': 'theme'}, input_type=dict]
    For further information visit https://errors.pydantic.dev/2.8/v/missing
keyword
  Field required [type=missing, input_value={'item': 'theme'}, input_type=dict]
    For further information visit https://errors.pydantic.dev/2.8/v/missing
contactPoint
  Field required [type=missing, input_value={'item': 'theme'}, input_type=dict]
    For further information visit https://errors.pydantic.dev/2.8/v/missing
publisher
  Field required [type=missing, input_value={'item': 'theme'}, input_type=dict]
    For further information visit https://errors.pydantic.dev/2.8/v/missing
identifier
  Field required [type=missing, input_value={'item': 'theme'}, input_type=dict]
    For further information visit https://errors.pydantic.dev/2.8/v/missing
description
  Field required [type=missing, input_value={'item': 'theme'}, input_type=dict]
    For further information visit https://errors.pydantic.dev/2.8/v/missing
title
  Field required [type=missing, input_value={'item': 'theme'}, input_type=dict]
    For further information visit https://errors.pydantic.dev/2.8/v/missing
programCode
  Field required [type=missing, input_value={'item': 'theme'}, input_type=dict]
    For further information visit https://errors.pydantic.dev/2.8/v/missing
distribution
  Field required [type=missing, input_value={'item': 'theme'}, input_type=dict]
    For further information visit https://errors.pydantic.dev/2.8/v/missing
theme
  Field required [type=missing, input_value={'item': 'theme'}, input_type=dict]
    For further information visit https://errors.pydantic.dev/2.8/v/missing
2024-08-23 12:40:37 - ERROR - Validation error for dataset: Unknown title
Traceback (most recent call last):
  File "C:\Users\edmun\Projects\Repositories\healthpartners-interview\src\healthpartners_interview\download.py", line 31, in fetch_datasets
    dataset = Dataset(**current_item)
              ^^^^^^^^^^^^^^^^^^^^^^^
  File "C:\Users\edmun\Projects\Repositories\healthpartners-interview\.venv\Lib\site-packages\pydantic\main.py", line 193, in __init__
    self.__pydantic_validator__.validate_python(data, self_instance=self)
pydantic_core._pydantic_core.ValidationError: 16 validation errors for Dataset
accessLevel
  Field required [type=missing, input_value={}, input_type=dict]
    For further information visit https://errors.pydantic.dev/2.8/v/missing
landingPage
  Field required [type=missing, input_value={}, input_type=dict]
    For further information visit https://errors.pydantic.dev/2.8/v/missing
bureauCode
  Field required [type=missing, input_value={}, input_type=dict]
    For further information visit https://errors.pydantic.dev/2.8/v/missing
issued
  Field required [type=missing, input_value={}, input_type=dict]
    For further information visit https://errors.pydantic.dev/2.8/v/missing
@type
  Field required [type=missing, input_value={}, input_type=dict]
    For further information visit https://errors.pydantic.dev/2.8/v/missing
modified
  Field required [type=missing, input_value={}, input_type=dict]
    For further information visit https://errors.pydantic.dev/2.8/v/missing
released
  Field required [type=missing, input_value={}, input_type=dict]
    For further information visit https://errors.pydantic.dev/2.8/v/missing
keyword
  Field required [type=missing, input_value={}, input_type=dict]
    For further information visit https://errors.pydantic.dev/2.8/v/missing
contactPoint
  Field required [type=missing, input_value={}, input_type=dict]
    For further information visit https://errors.pydantic.dev/2.8/v/missing
publisher
  Field required [type=missing, input_value={}, input_type=dict]
    For further information visit https://errors.pydantic.dev/2.8/v/missing
identifier
  Field required [type=missing, input_value={}, input_type=dict]
    For further information visit https://errors.pydantic.dev/2.8/v/missing
description
  Field required [type=missing, input_value={}, input_type=dict]
    For further information visit https://errors.pydantic.dev/2.8/v/missing
title
  Field required [type=missing, input_value={}, input_type=dict]
    For further information visit https://errors.pydantic.dev/2.8/v/missing
programCode
  Field required [type=missing, input_value={}, input_type=dict]
    For further information visit https://errors.pydantic.dev/2.8/v/missing
distribution
  Field required [type=missing, input_value={}, input_type=dict]
    For further information visit https://errors.pydantic.dev/2.8/v/missing
theme
  Field required [type=missing, input_value={}, input_type=dict]
    For further information visit https://errors.pydantic.dev/2.8/v/missing
2024-08-23 12:40:37 - ERROR - Validation error for dataset: Unknown title
Traceback (most recent call last):
  File "C:\Users\edmun\Projects\Repositories\healthpartners-interview\src\healthpartners_interview\download.py", line 31, in fetch_datasets
    dataset = Dataset(**current_item)
              ^^^^^^^^^^^^^^^^^^^^^^^
  File "C:\Users\edmun\Projects\Repositories\healthpartners-interview\.venv\Lib\site-packages\pydantic\main.py", line 193, in __init__
    self.__pydantic_validator__.validate_python(data, self_instance=self)
pydantic_core._pydantic_core.ValidationError: 16 validation errors for Dataset
accessLevel
  Field required [type=missing, input_value={}, input_type=dict]
    For further information visit https://errors.pydantic.dev/2.8/v/missing
landingPage
  Field required [type=missing, input_value={}, input_type=dict]
    For further information visit https://errors.pydantic.dev/2.8/v/missing
bureauCode
  Field required [type=missing, input_value={}, input_type=dict]
    For further information visit https://errors.pydantic.dev/2.8/v/missing
issued
  Field required [type=missing, input_value={}, input_type=dict]
    For further information visit https://errors.pydantic.dev/2.8/v/missing
@type
  Field required [type=missing, input_value={}, input_type=dict]
    For further information visit https://errors.pydantic.dev/2.8/v/missing
modified
  Field required [type=missing, input_value={}, input_type=dict]
    For further information visit https://errors.pydantic.dev/2.8/v/missing
released
  Field required [type=missing, input_value={}, input_type=dict]
    For further information visit https://errors.pydantic.dev/2.8/v/missing
keyword
  Field required [type=missing, input_value={}, input_type=dict]
    For further information visit https://errors.pydantic.dev/2.8/v/missing
contactPoint
  Field required [type=missing, input_value={}, input_type=dict]
    For further information visit https://errors.pydantic.dev/2.8/v/missing
publisher
  Field required [type=missing, input_value={}, input_type=dict]
    For further information visit https://errors.pydantic.dev/2.8/v/missing
identifier
  Field required [type=missing, input_value={}, input_type=dict]
    For further information visit https://errors.pydantic.dev/2.8/v/missing
description
  Field required [type=missing, input_value={}, input_type=dict]
    For further information visit https://errors.pydantic.dev/2.8/v/missing
title
  Field required [type=missing, input_value={}, input_type=dict]
    For further information visit https://errors.pydantic.dev/2.8/v/missing
programCode
  Field required [type=missing, input_value={}, input_type=dict]
    For further information visit https://errors.pydantic.dev/2.8/v/missing
distribution
  Field required [type=missing, input_value={}, input_type=dict]
    For further information visit https://errors.pydantic.dev/2.8/v/missing
theme
  Field required [type=missing, input_value={}, input_type=dict]
    For further information visit https://errors.pydantic.dev/2.8/v/missing
2024-08-23 12:40:37 - ERROR - Validation error for dataset: Unknown title
Traceback (most recent call last):
  File "C:\Users\edmun\Projects\Repositories\healthpartners-interview\src\healthpartners_interview\download.py", line 31, in fetch_datasets
    dataset = Dataset(**current_item)
              ^^^^^^^^^^^^^^^^^^^^^^^
  File "C:\Users\edmun\Projects\Repositories\healthpartners-interview\.venv\Lib\site-packages\pydantic\main.py", line 193, in __init__
    self.__pydantic_validator__.validate_python(data, self_instance=self)
pydantic_core._pydantic_core.ValidationError: 16 validation errors for Dataset
accessLevel
  Field required [type=missing, input_value={}, input_type=dict]
    For further information visit https://errors.pydantic.dev/2.8/v/missing
landingPage
  Field required [type=missing, input_value={}, input_type=dict]
    For further information visit https://errors.pydantic.dev/2.8/v/missing
bureauCode
  Field required [type=missing, input_value={}, input_type=dict]
    For further information visit https://errors.pydantic.dev/2.8/v/missing
issued
  Field required [type=missing, input_value={}, input_type=dict]
    For further information visit https://errors.pydantic.dev/2.8/v/missing
@type
  Field required [type=missing, input_value={}, input_type=dict]
    For further information visit https://errors.pydantic.dev/2.8/v/missing
modified
  Field required [type=missing, input_value={}, input_type=dict]
    For further information visit https://errors.pydantic.dev/2.8/v/missing
released
  Field required [type=missing, input_value={}, input_type=dict]
    For further information visit https://errors.pydantic.dev/2.8/v/missing
keyword
  Field required [type=missing, input_value={}, input_type=dict]
    For further information visit https://errors.pydantic.dev/2.8/v/missing
contactPoint
  Field required [type=missing, input_value={}, input_type=dict]
    For further information visit https://errors.pydantic.dev/2.8/v/missing
publisher
  Field required [type=missing, input_value={}, input_type=dict]
    For further information visit https://errors.pydantic.dev/2.8/v/missing
identifier
  Field required [type=missing, input_value={}, input_type=dict]
    For further information visit https://errors.pydantic.dev/2.8/v/missing
description
  Field required [type=missing, input_value={}, input_type=dict]
    For further information visit https://errors.pydantic.dev/2.8/v/missing
title
  Field required [type=missing, input_value={}, input_type=dict]
    For further information visit https://errors.pydantic.dev/2.8/v/missing
programCode
  Field required [type=missing, input_value={}, input_type=dict]
    For further information visit https://errors.pydantic.dev/2.8/v/missing
distribution
  Field required [type=missing, input_value={}, input_type=dict]
    For further information visit https://errors.pydantic.dev/2.8/v/missing
theme
  Field required [type=missing, input_value={}, input_type=dict]
    For further information visit https://errors.pydantic.dev/2.8/v/missing
2024-08-23 12:40:37 - ERROR - Validation error for dataset: Unknown title
Traceback (most recent call last):
  File "C:\Users\edmun\Projects\Repositories\healthpartners-interview\src\healthpartners_interview\download.py", line 31, in fetch_datasets
    dataset = Dataset(**current_item)
              ^^^^^^^^^^^^^^^^^^^^^^^
  File "C:\Users\edmun\Projects\Repositories\healthpartners-interview\.venv\Lib\site-packages\pydantic\main.py", line 193, in __init__
    self.__pydantic_validator__.validate_python(data, self_instance=self)
pydantic_core._pydantic_core.ValidationError: 16 validation errors for Dataset
accessLevel
  Field required [type=missing, input_value={'item': 'theme'}, input_type=dict]
    For further information visit https://errors.pydantic.dev/2.8/v/missing
landingPage
  Field required [type=missing, input_value={'item': 'theme'}, input_type=dict]
    For further information visit https://errors.pydantic.dev/2.8/v/missing
bureauCode
  Field required [type=missing, input_value={'item': 'theme'}, input_type=dict]
    For further information visit https://errors.pydantic.dev/2.8/v/missing
issued
  Field required [type=missing, input_value={'item': 'theme'}, input_type=dict]
    For further information visit https://errors.pydantic.dev/2.8/v/missing
@type
  Field required [type=missing, input_value={'item': 'theme'}, input_type=dict]
    For further information visit https://errors.pydantic.dev/2.8/v/missing
modified
  Field required [type=missing, input_value={'item': 'theme'}, input_type=dict]
    For further information visit https://errors.pydantic.dev/2.8/v/missing
released
  Field required [type=missing, input_value={'item': 'theme'}, input_type=dict]
    For further information visit https://errors.pydantic.dev/2.8/v/missing
keyword
  Field required [type=missing, input_value={'item': 'theme'}, input_type=dict]
    For further information visit https://errors.pydantic.dev/2.8/v/missing
contactPoint
  Field required [type=missing, input_value={'item': 'theme'}, input_type=dict]
    For further information visit https://errors.pydantic.dev/2.8/v/missing
publisher
  Field required [type=missing, input_value={'item': 'theme'}, input_type=dict]
    For further information visit https://errors.pydantic.dev/2.8/v/missing
identifier
  Field required [type=missing, input_value={'item': 'theme'}, input_type=dict]
    For further information visit https://errors.pydantic.dev/2.8/v/missing
description
  Field required [type=missing, input_value={'item': 'theme'}, input_type=dict]
    For further information visit https://errors.pydantic.dev/2.8/v/missing
title
  Field required [type=missing, input_value={'item': 'theme'}, input_type=dict]
    For further information visit https://errors.pydantic.dev/2.8/v/missing
programCode
  Field required [type=missing, input_value={'item': 'theme'}, input_type=dict]
    For further information visit https://errors.pydantic.dev/2.8/v/missing
distribution
  Field required [type=missing, input_value={'item': 'theme'}, input_type=dict]
    For further information visit https://errors.pydantic.dev/2.8/v/missing
theme
  Field required [type=missing, input_value={'item': 'theme'}, input_type=dict]
    For further information visit https://errors.pydantic.dev/2.8/v/missing
2024-08-23 12:40:37 - ERROR - Validation error for dataset: Unknown title
Traceback (most recent call last):
  File "C:\Users\edmun\Projects\Repositories\healthpartners-interview\src\healthpartners_interview\download.py", line 31, in fetch_datasets
    dataset = Dataset(**current_item)
              ^^^^^^^^^^^^^^^^^^^^^^^
  File "C:\Users\edmun\Projects\Repositories\healthpartners-interview\.venv\Lib\site-packages\pydantic\main.py", line 193, in __init__
    self.__pydantic_validator__.validate_python(data, self_instance=self)
pydantic_core._pydantic_core.ValidationError: 16 validation errors for Dataset
accessLevel
  Field required [type=missing, input_value={}, input_type=dict]
    For further information visit https://errors.pydantic.dev/2.8/v/missing
landingPage
  Field required [type=missing, input_value={}, input_type=dict]
    For further information visit https://errors.pydantic.dev/2.8/v/missing
bureauCode
  Field required [type=missing, input_value={}, input_type=dict]
    For further information visit https://errors.pydantic.dev/2.8/v/missing
issued
  Field required [type=missing, input_value={}, input_type=dict]
    For further information visit https://errors.pydantic.dev/2.8/v/missing
@type
  Field required [type=missing, input_value={}, input_type=dict]
    For further information visit https://errors.pydantic.dev/2.8/v/missing
modified
  Field required [type=missing, input_value={}, input_type=dict]
    For further information visit https://errors.pydantic.dev/2.8/v/missing
released
  Field required [type=missing, input_value={}, input_type=dict]
    For further information visit https://errors.pydantic.dev/2.8/v/missing
keyword
  Field required [type=missing, input_value={}, input_type=dict]
    For further information visit https://errors.pydantic.dev/2.8/v/missing
contactPoint
  Field required [type=missing, input_value={}, input_type=dict]
    For further information visit https://errors.pydantic.dev/2.8/v/missing
publisher
  Field required [type=missing, input_value={}, input_type=dict]
    For further information visit https://errors.pydantic.dev/2.8/v/missing
identifier
  Field required [type=missing, input_value={}, input_type=dict]
    For further information visit https://errors.pydantic.dev/2.8/v/missing
description
  Field required [type=missing, input_value={}, input_type=dict]
    For further information visit https://errors.pydantic.dev/2.8/v/missing
title
  Field required [type=missing, input_value={}, input_type=dict]
    For further information visit https://errors.pydantic.dev/2.8/v/missing
programCode
  Field required [type=missing, input_value={}, input_type=dict]
    For further information visit https://errors.pydantic.dev/2.8/v/missing
distribution
  Field required [type=missing, input_value={}, input_type=dict]
    For further information visit https://errors.pydantic.dev/2.8/v/missing
theme
  Field required [type=missing, input_value={}, input_type=dict]
    For further information visit https://errors.pydantic.dev/2.8/v/missing
2024-08-23 12:40:37 - ERROR - Validation error for dataset: Unknown title
Traceback (most recent call last):
  File "C:\Users\edmun\Projects\Repositories\healthpartners-interview\src\healthpartners_interview\download.py", line 31, in fetch_datasets
    dataset = Dataset(**current_item)
              ^^^^^^^^^^^^^^^^^^^^^^^
  File "C:\Users\edmun\Projects\Repositories\healthpartners-interview\.venv\Lib\site-packages\pydantic\main.py", line 193, in __init__
    self.__pydantic_validator__.validate_python(data, self_instance=self)
pydantic_core._pydantic_core.ValidationError: 16 validation errors for Dataset
accessLevel
  Field required [type=missing, input_value={}, input_type=dict]
    For further information visit https://errors.pydantic.dev/2.8/v/missing
landingPage
  Field required [type=missing, input_value={}, input_type=dict]
    For further information visit https://errors.pydantic.dev/2.8/v/missing
bureauCode
  Field required [type=missing, input_value={}, input_type=dict]
    For further information visit https://errors.pydantic.dev/2.8/v/missing
issued
  Field required [type=missing, input_value={}, input_type=dict]
    For further information visit https://errors.pydantic.dev/2.8/v/missing
@type
  Field required [type=missing, input_value={}, input_type=dict]
    For further information visit https://errors.pydantic.dev/2.8/v/missing
modified
  Field required [type=missing, input_value={}, input_type=dict]
    For further information visit https://errors.pydantic.dev/2.8/v/missing
released
  Field required [type=missing, input_value={}, input_type=dict]
    For further information visit https://errors.pydantic.dev/2.8/v/missing
keyword
  Field required [type=missing, input_value={}, input_type=dict]
    For further information visit https://errors.pydantic.dev/2.8/v/missing
contactPoint
  Field required [type=missing, input_value={}, input_type=dict]
    For further information visit https://errors.pydantic.dev/2.8/v/missing
publisher
  Field required [type=missing, input_value={}, input_type=dict]
    For further information visit https://errors.pydantic.dev/2.8/v/missing
identifier
  Field required [type=missing, input_value={}, input_type=dict]
    For further information visit https://errors.pydantic.dev/2.8/v/missing
description
  Field required [type=missing, input_value={}, input_type=dict]
    For further information visit https://errors.pydantic.dev/2.8/v/missing
title
  Field required [type=missing, input_value={}, input_type=dict]
    For further information visit https://errors.pydantic.dev/2.8/v/missing
programCode
  Field required [type=missing, input_value={}, input_type=dict]
    For further information visit https://errors.pydantic.dev/2.8/v/missing
distribution
  Field required [type=missing, input_value={}, input_type=dict]
    For further information visit https://errors.pydantic.dev/2.8/v/missing
theme
  Field required [type=missing, input_value={}, input_type=dict]
    For further information visit https://errors.pydantic.dev/2.8/v/missing
2024-08-23 12:40:37 - ERROR - Validation error for dataset: Unknown title
Traceback (most recent call last):
  File "C:\Users\edmun\Projects\Repositories\healthpartners-interview\src\healthpartners_interview\download.py", line 31, in fetch_datasets
    dataset = Dataset(**current_item)
              ^^^^^^^^^^^^^^^^^^^^^^^
  File "C:\Users\edmun\Projects\Repositories\healthpartners-interview\.venv\Lib\site-packages\pydantic\main.py", line 193, in __init__
    self.__pydantic_validator__.validate_python(data, self_instance=self)
pydantic_core._pydantic_core.ValidationError: 16 validation errors for Dataset
accessLevel
  Field required [type=missing, input_value={}, input_type=dict]
    For further information visit https://errors.pydantic.dev/2.8/v/missing
landingPage
  Field required [type=missing, input_value={}, input_type=dict]
    For further information visit https://errors.pydantic.dev/2.8/v/missing
bureauCode
  Field required [type=missing, input_value={}, input_type=dict]
    For further information visit https://errors.pydantic.dev/2.8/v/missing
issued
  Field required [type=missing, input_value={}, input_type=dict]
    For further information visit https://errors.pydantic.dev/2.8/v/missing
@type
  Field required [type=missing, input_value={}, input_type=dict]
    For further information visit https://errors.pydantic.dev/2.8/v/missing
modified
  Field required [type=missing, input_value={}, input_type=dict]
    For further information visit https://errors.pydantic.dev/2.8/v/missing
released
  Field required [type=missing, input_value={}, input_type=dict]
    For further information visit https://errors.pydantic.dev/2.8/v/missing
keyword
  Field required [type=missing, input_value={}, input_type=dict]
    For further information visit https://errors.pydantic.dev/2.8/v/missing
contactPoint
  Field required [type=missing, input_value={}, input_type=dict]
    For further information visit https://errors.pydantic.dev/2.8/v/missing
publisher
  Field required [type=missing, input_value={}, input_type=dict]
    For further information visit https://errors.pydantic.dev/2.8/v/missing
identifier
  Field required [type=missing, input_value={}, input_type=dict]
    For further information visit https://errors.pydantic.dev/2.8/v/missing
description
  Field required [type=missing, input_value={}, input_type=dict]
    For further information visit https://errors.pydantic.dev/2.8/v/missing
title
  Field required [type=missing, input_value={}, input_type=dict]
    For further information visit https://errors.pydantic.dev/2.8/v/missing
programCode
  Field required [type=missing, input_value={}, input_type=dict]
    For further information visit https://errors.pydantic.dev/2.8/v/missing
distribution
  Field required [type=missing, input_value={}, input_type=dict]
    For further information visit https://errors.pydantic.dev/2.8/v/missing
theme
  Field required [type=missing, input_value={}, input_type=dict]
    For further information visit https://errors.pydantic.dev/2.8/v/missing
2024-08-23 12:40:37 - ERROR - Validation error for dataset: Unknown title
Traceback (most recent call last):
  File "C:\Users\edmun\Projects\Repositories\healthpartners-interview\src\healthpartners_interview\download.py", line 31, in fetch_datasets
    dataset = Dataset(**current_item)
              ^^^^^^^^^^^^^^^^^^^^^^^
  File "C:\Users\edmun\Projects\Repositories\healthpartners-interview\.venv\Lib\site-packages\pydantic\main.py", line 193, in __init__
    self.__pydantic_validator__.validate_python(data, self_instance=self)
pydantic_core._pydantic_core.ValidationError: 16 validation errors for Dataset
accessLevel
  Field required [type=missing, input_value={'item': 'theme'}, input_type=dict]
    For further information visit https://errors.pydantic.dev/2.8/v/missing
landingPage
  Field required [type=missing, input_value={'item': 'theme'}, input_type=dict]
    For further information visit https://errors.pydantic.dev/2.8/v/missing
bureauCode
  Field required [type=missing, input_value={'item': 'theme'}, input_type=dict]
    For further information visit https://errors.pydantic.dev/2.8/v/missing
issued
  Field required [type=missing, input_value={'item': 'theme'}, input_type=dict]
    For further information visit https://errors.pydantic.dev/2.8/v/missing
@type
  Field required [type=missing, input_value={'item': 'theme'}, input_type=dict]
    For further information visit https://errors.pydantic.dev/2.8/v/missing
modified
  Field required [type=missing, input_value={'item': 'theme'}, input_type=dict]
    For further information visit https://errors.pydantic.dev/2.8/v/missing
released
  Field required [type=missing, input_value={'item': 'theme'}, input_type=dict]
    For further information visit https://errors.pydantic.dev/2.8/v/missing
keyword
  Field required [type=missing, input_value={'item': 'theme'}, input_type=dict]
    For further information visit https://errors.pydantic.dev/2.8/v/missing
contactPoint
  Field required [type=missing, input_value={'item': 'theme'}, input_type=dict]
    For further information visit https://errors.pydantic.dev/2.8/v/missing
publisher
  Field required [type=missing, input_value={'item': 'theme'}, input_type=dict]
    For further information visit https://errors.pydantic.dev/2.8/v/missing
identifier
  Field required [type=missing, input_value={'item': 'theme'}, input_type=dict]
    For further information visit https://errors.pydantic.dev/2.8/v/missing
description
  Field required [type=missing, input_value={'item': 'theme'}, input_type=dict]
    For further information visit https://errors.pydantic.dev/2.8/v/missing
title
  Field required [type=missing, input_value={'item': 'theme'}, input_type=dict]
    For further information visit https://errors.pydantic.dev/2.8/v/missing
programCode
  Field required [type=missing, input_value={'item': 'theme'}, input_type=dict]
    For further information visit https://errors.pydantic.dev/2.8/v/missing
distribution
  Field required [type=missing, input_value={'item': 'theme'}, input_type=dict]
    For further information visit https://errors.pydantic.dev/2.8/v/missing
theme
  Field required [type=missing, input_value={'item': 'theme'}, input_type=dict]
    For further information visit https://errors.pydantic.dev/2.8/v/missing
2024-08-23 12:40:37 - ERROR - Validation error for dataset: Unknown title
Traceback (most recent call last):
  File "C:\Users\edmun\Projects\Repositories\healthpartners-interview\src\healthpartners_interview\download.py", line 31, in fetch_datasets
    dataset = Dataset(**current_item)
              ^^^^^^^^^^^^^^^^^^^^^^^
  File "C:\Users\edmun\Projects\Repositories\healthpartners-interview\.venv\Lib\site-packages\pydantic\main.py", line 193, in __init__
    self.__pydantic_validator__.validate_python(data, self_instance=self)
pydantic_core._pydantic_core.ValidationError: 16 validation errors for Dataset
accessLevel
  Field required [type=missing, input_value={}, input_type=dict]
    For further information visit https://errors.pydantic.dev/2.8/v/missing
landingPage
  Field required [type=missing, input_value={}, input_type=dict]
    For further information visit https://errors.pydantic.dev/2.8/v/missing
bureauCode
  Field required [type=missing, input_value={}, input_type=dict]
    For further information visit https://errors.pydantic.dev/2.8/v/missing
issued
  Field required [type=missing, input_value={}, input_type=dict]
    For further information visit https://errors.pydantic.dev/2.8/v/missing
@type
  Field required [type=missing, input_value={}, input_type=dict]
    For further information visit https://errors.pydantic.dev/2.8/v/missing
modified
  Field required [type=missing, input_value={}, input_type=dict]
    For further information visit https://errors.pydantic.dev/2.8/v/missing
released
  Field required [type=missing, input_value={}, input_type=dict]
    For further information visit https://errors.pydantic.dev/2.8/v/missing
keyword
  Field required [type=missing, input_value={}, input_type=dict]
    For further information visit https://errors.pydantic.dev/2.8/v/missing
contactPoint
  Field required [type=missing, input_value={}, input_type=dict]
    For further information visit https://errors.pydantic.dev/2.8/v/missing
publisher
  Field required [type=missing, input_value={}, input_type=dict]
    For further information visit https://errors.pydantic.dev/2.8/v/missing
identifier
  Field required [type=missing, input_value={}, input_type=dict]
    For further information visit https://errors.pydantic.dev/2.8/v/missing
description
  Field required [type=missing, input_value={}, input_type=dict]
    For further information visit https://errors.pydantic.dev/2.8/v/missing
title
  Field required [type=missing, input_value={}, input_type=dict]
    For further information visit https://errors.pydantic.dev/2.8/v/missing
programCode
  Field required [type=missing, input_value={}, input_type=dict]
    For further information visit https://errors.pydantic.dev/2.8/v/missing
distribution
  Field required [type=missing, input_value={}, input_type=dict]
    For further information visit https://errors.pydantic.dev/2.8/v/missing
theme
  Field required [type=missing, input_value={}, input_type=dict]
    For further information visit https://errors.pydantic.dev/2.8/v/missing
2024-08-23 12:40:37 - ERROR - Validation error for dataset: Unknown title
Traceback (most recent call last):
  File "C:\Users\edmun\Projects\Repositories\healthpartners-interview\src\healthpartners_interview\download.py", line 31, in fetch_datasets
    dataset = Dataset(**current_item)
              ^^^^^^^^^^^^^^^^^^^^^^^
  File "C:\Users\edmun\Projects\Repositories\healthpartners-interview\.venv\Lib\site-packages\pydantic\main.py", line 193, in __init__
    self.__pydantic_validator__.validate_python(data, self_instance=self)
pydantic_core._pydantic_core.ValidationError: 16 validation errors for Dataset
accessLevel
  Field required [type=missing, input_value={}, input_type=dict]
    For further information visit https://errors.pydantic.dev/2.8/v/missing
landingPage
  Field required [type=missing, input_value={}, input_type=dict]
    For further information visit https://errors.pydantic.dev/2.8/v/missing
bureauCode
  Field required [type=missing, input_value={}, input_type=dict]
    For further information visit https://errors.pydantic.dev/2.8/v/missing
issued
  Field required [type=missing, input_value={}, input_type=dict]
    For further information visit https://errors.pydantic.dev/2.8/v/missing
@type
  Field required [type=missing, input_value={}, input_type=dict]
    For further information visit https://errors.pydantic.dev/2.8/v/missing
modified
  Field required [type=missing, input_value={}, input_type=dict]
    For further information visit https://errors.pydantic.dev/2.8/v/missing
released
  Field required [type=missing, input_value={}, input_type=dict]
    For further information visit https://errors.pydantic.dev/2.8/v/missing
keyword
  Field required [type=missing, input_value={}, input_type=dict]
    For further information visit https://errors.pydantic.dev/2.8/v/missing
contactPoint
  Field required [type=missing, input_value={}, input_type=dict]
    For further information visit https://errors.pydantic.dev/2.8/v/missing
publisher
  Field required [type=missing, input_value={}, input_type=dict]
    For further information visit https://errors.pydantic.dev/2.8/v/missing
identifier
  Field required [type=missing, input_value={}, input_type=dict]
    For further information visit https://errors.pydantic.dev/2.8/v/missing
description
  Field required [type=missing, input_value={}, input_type=dict]
    For further information visit https://errors.pydantic.dev/2.8/v/missing
title
  Field required [type=missing, input_value={}, input_type=dict]
    For further information visit https://errors.pydantic.dev/2.8/v/missing
programCode
  Field required [type=missing, input_value={}, input_type=dict]
    For further information visit https://errors.pydantic.dev/2.8/v/missing
distribution
  Field required [type=missing, input_value={}, input_type=dict]
    For further information visit https://errors.pydantic.dev/2.8/v/missing
theme
  Field required [type=missing, input_value={}, input_type=dict]
    For further information visit https://errors.pydantic.dev/2.8/v/missing
2024-08-23 12:40:37 - ERROR - Validation error for dataset: Unknown title
Traceback (most recent call last):
  File "C:\Users\edmun\Projects\Repositories\healthpartners-interview\src\healthpartners_interview\download.py", line 31, in fetch_datasets
    dataset = Dataset(**current_item)
              ^^^^^^^^^^^^^^^^^^^^^^^
  File "C:\Users\edmun\Projects\Repositories\healthpartners-interview\.venv\Lib\site-packages\pydantic\main.py", line 193, in __init__
    self.__pydantic_validator__.validate_python(data, self_instance=self)
pydantic_core._pydantic_core.ValidationError: 16 validation errors for Dataset
accessLevel
  Field required [type=missing, input_value={}, input_type=dict]
    For further information visit https://errors.pydantic.dev/2.8/v/missing
landingPage
  Field required [type=missing, input_value={}, input_type=dict]
    For further information visit https://errors.pydantic.dev/2.8/v/missing
bureauCode
  Field required [type=missing, input_value={}, input_type=dict]
    For further information visit https://errors.pydantic.dev/2.8/v/missing
issued
  Field required [type=missing, input_value={}, input_type=dict]
    For further information visit https://errors.pydantic.dev/2.8/v/missing
@type
  Field required [type=missing, input_value={}, input_type=dict]
    For further information visit https://errors.pydantic.dev/2.8/v/missing
modified
  Field required [type=missing, input_value={}, input_type=dict]
    For further information visit https://errors.pydantic.dev/2.8/v/missing
released
  Field required [type=missing, input_value={}, input_type=dict]
    For further information visit https://errors.pydantic.dev/2.8/v/missing
keyword
  Field required [type=missing, input_value={}, input_type=dict]
    For further information visit https://errors.pydantic.dev/2.8/v/missing
contactPoint
  Field required [type=missing, input_value={}, input_type=dict]
    For further information visit https://errors.pydantic.dev/2.8/v/missing
publisher
  Field required [type=missing, input_value={}, input_type=dict]
    For further information visit https://errors.pydantic.dev/2.8/v/missing
identifier
  Field required [type=missing, input_value={}, input_type=dict]
    For further information visit https://errors.pydantic.dev/2.8/v/missing
description
  Field required [type=missing, input_value={}, input_type=dict]
    For further information visit https://errors.pydantic.dev/2.8/v/missing
title
  Field required [type=missing, input_value={}, input_type=dict]
    For further information visit https://errors.pydantic.dev/2.8/v/missing
programCode
  Field required [type=missing, input_value={}, input_type=dict]
    For further information visit https://errors.pydantic.dev/2.8/v/missing
distribution
  Field required [type=missing, input_value={}, input_type=dict]
    For further information visit https://errors.pydantic.dev/2.8/v/missing
theme
  Field required [type=missing, input_value={}, input_type=dict]
    For further information visit https://errors.pydantic.dev/2.8/v/missing
2024-08-23 12:40:37 - ERROR - Validation error for dataset: Unknown title
Traceback (most recent call last):
  File "C:\Users\edmun\Projects\Repositories\healthpartners-interview\src\healthpartners_interview\download.py", line 31, in fetch_datasets
    dataset = Dataset(**current_item)
              ^^^^^^^^^^^^^^^^^^^^^^^
  File "C:\Users\edmun\Projects\Repositories\healthpartners-interview\.venv\Lib\site-packages\pydantic\main.py", line 193, in __init__
    self.__pydantic_validator__.validate_python(data, self_instance=self)
pydantic_core._pydantic_core.ValidationError: 16 validation errors for Dataset
accessLevel
  Field required [type=missing, input_value={'item': 'theme'}, input_type=dict]
    For further information visit https://errors.pydantic.dev/2.8/v/missing
landingPage
  Field required [type=missing, input_value={'item': 'theme'}, input_type=dict]
    For further information visit https://errors.pydantic.dev/2.8/v/missing
bureauCode
  Field required [type=missing, input_value={'item': 'theme'}, input_type=dict]
    For further information visit https://errors.pydantic.dev/2.8/v/missing
issued
  Field required [type=missing, input_value={'item': 'theme'}, input_type=dict]
    For further information visit https://errors.pydantic.dev/2.8/v/missing
@type
  Field required [type=missing, input_value={'item': 'theme'}, input_type=dict]
    For further information visit https://errors.pydantic.dev/2.8/v/missing
modified
  Field required [type=missing, input_value={'item': 'theme'}, input_type=dict]
    For further information visit https://errors.pydantic.dev/2.8/v/missing
released
  Field required [type=missing, input_value={'item': 'theme'}, input_type=dict]
    For further information visit https://errors.pydantic.dev/2.8/v/missing
keyword
  Field required [type=missing, input_value={'item': 'theme'}, input_type=dict]
    For further information visit https://errors.pydantic.dev/2.8/v/missing
contactPoint
  Field required [type=missing, input_value={'item': 'theme'}, input_type=dict]
    For further information visit https://errors.pydantic.dev/2.8/v/missing
publisher
  Field required [type=missing, input_value={'item': 'theme'}, input_type=dict]
    For further information visit https://errors.pydantic.dev/2.8/v/missing
identifier
  Field required [type=missing, input_value={'item': 'theme'}, input_type=dict]
    For further information visit https://errors.pydantic.dev/2.8/v/missing
description
  Field required [type=missing, input_value={'item': 'theme'}, input_type=dict]
    For further information visit https://errors.pydantic.dev/2.8/v/missing
title
  Field required [type=missing, input_value={'item': 'theme'}, input_type=dict]
    For further information visit https://errors.pydantic.dev/2.8/v/missing
programCode
  Field required [type=missing, input_value={'item': 'theme'}, input_type=dict]
    For further information visit https://errors.pydantic.dev/2.8/v/missing
distribution
  Field required [type=missing, input_value={'item': 'theme'}, input_type=dict]
    For further information visit https://errors.pydantic.dev/2.8/v/missing
theme
  Field required [type=missing, input_value={'item': 'theme'}, input_type=dict]
    For further information visit https://errors.pydantic.dev/2.8/v/missing
2024-08-23 12:40:37 - ERROR - Validation error for dataset: Unknown title
Traceback (most recent call last):
  File "C:\Users\edmun\Projects\Repositories\healthpartners-interview\src\healthpartners_interview\download.py", line 31, in fetch_datasets
    dataset = Dataset(**current_item)
              ^^^^^^^^^^^^^^^^^^^^^^^
  File "C:\Users\edmun\Projects\Repositories\healthpartners-interview\.venv\Lib\site-packages\pydantic\main.py", line 193, in __init__
    self.__pydantic_validator__.validate_python(data, self_instance=self)
pydantic_core._pydantic_core.ValidationError: 16 validation errors for Dataset
accessLevel
  Field required [type=missing, input_value={}, input_type=dict]
    For further information visit https://errors.pydantic.dev/2.8/v/missing
landingPage
  Field required [type=missing, input_value={}, input_type=dict]
    For further information visit https://errors.pydantic.dev/2.8/v/missing
bureauCode
  Field required [type=missing, input_value={}, input_type=dict]
    For further information visit https://errors.pydantic.dev/2.8/v/missing
issued
  Field required [type=missing, input_value={}, input_type=dict]
    For further information visit https://errors.pydantic.dev/2.8/v/missing
@type
  Field required [type=missing, input_value={}, input_type=dict]
    For further information visit https://errors.pydantic.dev/2.8/v/missing
modified
  Field required [type=missing, input_value={}, input_type=dict]
    For further information visit https://errors.pydantic.dev/2.8/v/missing
released
  Field required [type=missing, input_value={}, input_type=dict]
    For further information visit https://errors.pydantic.dev/2.8/v/missing
keyword
  Field required [type=missing, input_value={}, input_type=dict]
    For further information visit https://errors.pydantic.dev/2.8/v/missing
contactPoint
  Field required [type=missing, input_value={}, input_type=dict]
    For further information visit https://errors.pydantic.dev/2.8/v/missing
publisher
  Field required [type=missing, input_value={}, input_type=dict]
    For further information visit https://errors.pydantic.dev/2.8/v/missing
identifier
  Field required [type=missing, input_value={}, input_type=dict]
    For further information visit https://errors.pydantic.dev/2.8/v/missing
description
  Field required [type=missing, input_value={}, input_type=dict]
    For further information visit https://errors.pydantic.dev/2.8/v/missing
title
  Field required [type=missing, input_value={}, input_type=dict]
    For further information visit https://errors.pydantic.dev/2.8/v/missing
programCode
  Field required [type=missing, input_value={}, input_type=dict]
    For further information visit https://errors.pydantic.dev/2.8/v/missing
distribution
  Field required [type=missing, input_value={}, input_type=dict]
    For further information visit https://errors.pydantic.dev/2.8/v/missing
theme
  Field required [type=missing, input_value={}, input_type=dict]
    For further information visit https://errors.pydantic.dev/2.8/v/missing
2024-08-23 12:40:37 - ERROR - Validation error for dataset: Unknown title
Traceback (most recent call last):
  File "C:\Users\edmun\Projects\Repositories\healthpartners-interview\src\healthpartners_interview\download.py", line 31, in fetch_datasets
    dataset = Dataset(**current_item)
              ^^^^^^^^^^^^^^^^^^^^^^^
  File "C:\Users\edmun\Projects\Repositories\healthpartners-interview\.venv\Lib\site-packages\pydantic\main.py", line 193, in __init__
    self.__pydantic_validator__.validate_python(data, self_instance=self)
pydantic_core._pydantic_core.ValidationError: 16 validation errors for Dataset
accessLevel
  Field required [type=missing, input_value={}, input_type=dict]
    For further information visit https://errors.pydantic.dev/2.8/v/missing
landingPage
  Field required [type=missing, input_value={}, input_type=dict]
    For further information visit https://errors.pydantic.dev/2.8/v/missing
bureauCode
  Field required [type=missing, input_value={}, input_type=dict]
    For further information visit https://errors.pydantic.dev/2.8/v/missing
issued
  Field required [type=missing, input_value={}, input_type=dict]
    For further information visit https://errors.pydantic.dev/2.8/v/missing
@type
  Field required [type=missing, input_value={}, input_type=dict]
    For further information visit https://errors.pydantic.dev/2.8/v/missing
modified
  Field required [type=missing, input_value={}, input_type=dict]
    For further information visit https://errors.pydantic.dev/2.8/v/missing
released
  Field required [type=missing, input_value={}, input_type=dict]
    For further information visit https://errors.pydantic.dev/2.8/v/missing
keyword
  Field required [type=missing, input_value={}, input_type=dict]
    For further information visit https://errors.pydantic.dev/2.8/v/missing
contactPoint
  Field required [type=missing, input_value={}, input_type=dict]
    For further information visit https://errors.pydantic.dev/2.8/v/missing
publisher
  Field required [type=missing, input_value={}, input_type=dict]
    For further information visit https://errors.pydantic.dev/2.8/v/missing
identifier
  Field required [type=missing, input_value={}, input_type=dict]
    For further information visit https://errors.pydantic.dev/2.8/v/missing
description
  Field required [type=missing, input_value={}, input_type=dict]
    For further information visit https://errors.pydantic.dev/2.8/v/missing
title
  Field required [type=missing, input_value={}, input_type=dict]
    For further information visit https://errors.pydantic.dev/2.8/v/missing
programCode
  Field required [type=missing, input_value={}, input_type=dict]
    For further information visit https://errors.pydantic.dev/2.8/v/missing
distribution
  Field required [type=missing, input_value={}, input_type=dict]
    For further information visit https://errors.pydantic.dev/2.8/v/missing
theme
  Field required [type=missing, input_value={}, input_type=dict]
    For further information visit https://errors.pydantic.dev/2.8/v/missing
2024-08-23 12:40:37 - ERROR - Validation error for dataset: Unknown title
Traceback (most recent call last):
  File "C:\Users\edmun\Projects\Repositories\healthpartners-interview\src\healthpartners_interview\download.py", line 31, in fetch_datasets
    dataset = Dataset(**current_item)
              ^^^^^^^^^^^^^^^^^^^^^^^
  File "C:\Users\edmun\Projects\Repositories\healthpartners-interview\.venv\Lib\site-packages\pydantic\main.py", line 193, in __init__
    self.__pydantic_validator__.validate_python(data, self_instance=self)
pydantic_core._pydantic_core.ValidationError: 16 validation errors for Dataset
accessLevel
  Field required [type=missing, input_value={}, input_type=dict]
    For further information visit https://errors.pydantic.dev/2.8/v/missing
landingPage
  Field required [type=missing, input_value={}, input_type=dict]
    For further information visit https://errors.pydantic.dev/2.8/v/missing
bureauCode
  Field required [type=missing, input_value={}, input_type=dict]
    For further information visit https://errors.pydantic.dev/2.8/v/missing
issued
  Field required [type=missing, input_value={}, input_type=dict]
    For further information visit https://errors.pydantic.dev/2.8/v/missing
@type
  Field required [type=missing, input_value={}, input_type=dict]
    For further information visit https://errors.pydantic.dev/2.8/v/missing
modified
  Field required [type=missing, input_value={}, input_type=dict]
    For further information visit https://errors.pydantic.dev/2.8/v/missing
released
  Field required [type=missing, input_value={}, input_type=dict]
    For further information visit https://errors.pydantic.dev/2.8/v/missing
keyword
  Field required [type=missing, input_value={}, input_type=dict]
    For further information visit https://errors.pydantic.dev/2.8/v/missing
contactPoint
  Field required [type=missing, input_value={}, input_type=dict]
    For further information visit https://errors.pydantic.dev/2.8/v/missing
publisher
  Field required [type=missing, input_value={}, input_type=dict]
    For further information visit https://errors.pydantic.dev/2.8/v/missing
identifier
  Field required [type=missing, input_value={}, input_type=dict]
    For further information visit https://errors.pydantic.dev/2.8/v/missing
description
  Field required [type=missing, input_value={}, input_type=dict]
    For further information visit https://errors.pydantic.dev/2.8/v/missing
title
  Field required [type=missing, input_value={}, input_type=dict]
    For further information visit https://errors.pydantic.dev/2.8/v/missing
programCode
  Field required [type=missing, input_value={}, input_type=dict]
    For further information visit https://errors.pydantic.dev/2.8/v/missing
distribution
  Field required [type=missing, input_value={}, input_type=dict]
    For further information visit https://errors.pydantic.dev/2.8/v/missing
theme
  Field required [type=missing, input_value={}, input_type=dict]
    For further information visit https://errors.pydantic.dev/2.8/v/missing
2024-08-23 12:40:37 - ERROR - Validation error for dataset: Unknown title
Traceback (most recent call last):
  File "C:\Users\edmun\Projects\Repositories\healthpartners-interview\src\healthpartners_interview\download.py", line 31, in fetch_datasets
    dataset = Dataset(**current_item)
              ^^^^^^^^^^^^^^^^^^^^^^^
  File "C:\Users\edmun\Projects\Repositories\healthpartners-interview\.venv\Lib\site-packages\pydantic\main.py", line 193, in __init__
    self.__pydantic_validator__.validate_python(data, self_instance=self)
pydantic_core._pydantic_core.ValidationError: 16 validation errors for Dataset
accessLevel
  Field required [type=missing, input_value={'item': 'theme'}, input_type=dict]
    For further information visit https://errors.pydantic.dev/2.8/v/missing
landingPage
  Field required [type=missing, input_value={'item': 'theme'}, input_type=dict]
    For further information visit https://errors.pydantic.dev/2.8/v/missing
bureauCode
  Field required [type=missing, input_value={'item': 'theme'}, input_type=dict]
    For further information visit https://errors.pydantic.dev/2.8/v/missing
issued
  Field required [type=missing, input_value={'item': 'theme'}, input_type=dict]
    For further information visit https://errors.pydantic.dev/2.8/v/missing
@type
  Field required [type=missing, input_value={'item': 'theme'}, input_type=dict]
    For further information visit https://errors.pydantic.dev/2.8/v/missing
modified
  Field required [type=missing, input_value={'item': 'theme'}, input_type=dict]
    For further information visit https://errors.pydantic.dev/2.8/v/missing
released
  Field required [type=missing, input_value={'item': 'theme'}, input_type=dict]
    For further information visit https://errors.pydantic.dev/2.8/v/missing
keyword
  Field required [type=missing, input_value={'item': 'theme'}, input_type=dict]
    For further information visit https://errors.pydantic.dev/2.8/v/missing
contactPoint
  Field required [type=missing, input_value={'item': 'theme'}, input_type=dict]
    For further information visit https://errors.pydantic.dev/2.8/v/missing
publisher
  Field required [type=missing, input_value={'item': 'theme'}, input_type=dict]
    For further information visit https://errors.pydantic.dev/2.8/v/missing
identifier
  Field required [type=missing, input_value={'item': 'theme'}, input_type=dict]
    For further information visit https://errors.pydantic.dev/2.8/v/missing
description
  Field required [type=missing, input_value={'item': 'theme'}, input_type=dict]
    For further information visit https://errors.pydantic.dev/2.8/v/missing
title
  Field required [type=missing, input_value={'item': 'theme'}, input_type=dict]
    For further information visit https://errors.pydantic.dev/2.8/v/missing
programCode
  Field required [type=missing, input_value={'item': 'theme'}, input_type=dict]
    For further information visit https://errors.pydantic.dev/2.8/v/missing
distribution
  Field required [type=missing, input_value={'item': 'theme'}, input_type=dict]
    For further information visit https://errors.pydantic.dev/2.8/v/missing
theme
  Field required [type=missing, input_value={'item': 'theme'}, input_type=dict]
    For further information visit https://errors.pydantic.dev/2.8/v/missing
2024-08-23 12:40:37 - ERROR - Validation error for dataset: Unknown title
Traceback (most recent call last):
  File "C:\Users\edmun\Projects\Repositories\healthpartners-interview\src\healthpartners_interview\download.py", line 31, in fetch_datasets
    dataset = Dataset(**current_item)
              ^^^^^^^^^^^^^^^^^^^^^^^
  File "C:\Users\edmun\Projects\Repositories\healthpartners-interview\.venv\Lib\site-packages\pydantic\main.py", line 193, in __init__
    self.__pydantic_validator__.validate_python(data, self_instance=self)
pydantic_core._pydantic_core.ValidationError: 16 validation errors for Dataset
accessLevel
  Field required [type=missing, input_value={}, input_type=dict]
    For further information visit https://errors.pydantic.dev/2.8/v/missing
landingPage
  Field required [type=missing, input_value={}, input_type=dict]
    For further information visit https://errors.pydantic.dev/2.8/v/missing
bureauCode
  Field required [type=missing, input_value={}, input_type=dict]
    For further information visit https://errors.pydantic.dev/2.8/v/missing
issued
  Field required [type=missing, input_value={}, input_type=dict]
    For further information visit https://errors.pydantic.dev/2.8/v/missing
@type
  Field required [type=missing, input_value={}, input_type=dict]
    For further information visit https://errors.pydantic.dev/2.8/v/missing
modified
  Field required [type=missing, input_value={}, input_type=dict]
    For further information visit https://errors.pydantic.dev/2.8/v/missing
released
  Field required [type=missing, input_value={}, input_type=dict]
    For further information visit https://errors.pydantic.dev/2.8/v/missing
keyword
  Field required [type=missing, input_value={}, input_type=dict]
    For further information visit https://errors.pydantic.dev/2.8/v/missing
contactPoint
  Field required [type=missing, input_value={}, input_type=dict]
    For further information visit https://errors.pydantic.dev/2.8/v/missing
publisher
  Field required [type=missing, input_value={}, input_type=dict]
    For further information visit https://errors.pydantic.dev/2.8/v/missing
identifier
  Field required [type=missing, input_value={}, input_type=dict]
    For further information visit https://errors.pydantic.dev/2.8/v/missing
description
  Field required [type=missing, input_value={}, input_type=dict]
    For further information visit https://errors.pydantic.dev/2.8/v/missing
title
  Field required [type=missing, input_value={}, input_type=dict]
    For further information visit https://errors.pydantic.dev/2.8/v/missing
programCode
  Field required [type=missing, input_value={}, input_type=dict]
    For further information visit https://errors.pydantic.dev/2.8/v/missing
distribution
  Field required [type=missing, input_value={}, input_type=dict]
    For further information visit https://errors.pydantic.dev/2.8/v/missing
theme
  Field required [type=missing, input_value={}, input_type=dict]
    For further information visit https://errors.pydantic.dev/2.8/v/missing
2024-08-23 12:40:37 - ERROR - Validation error for dataset: Unknown title
Traceback (most recent call last):
  File "C:\Users\edmun\Projects\Repositories\healthpartners-interview\src\healthpartners_interview\download.py", line 31, in fetch_datasets
    dataset = Dataset(**current_item)
              ^^^^^^^^^^^^^^^^^^^^^^^
  File "C:\Users\edmun\Projects\Repositories\healthpartners-interview\.venv\Lib\site-packages\pydantic\main.py", line 193, in __init__
    self.__pydantic_validator__.validate_python(data, self_instance=self)
pydantic_core._pydantic_core.ValidationError: 16 validation errors for Dataset
accessLevel
  Field required [type=missing, input_value={}, input_type=dict]
    For further information visit https://errors.pydantic.dev/2.8/v/missing
landingPage
  Field required [type=missing, input_value={}, input_type=dict]
    For further information visit https://errors.pydantic.dev/2.8/v/missing
bureauCode
  Field required [type=missing, input_value={}, input_type=dict]
    For further information visit https://errors.pydantic.dev/2.8/v/missing
issued
  Field required [type=missing, input_value={}, input_type=dict]
    For further information visit https://errors.pydantic.dev/2.8/v/missing
@type
  Field required [type=missing, input_value={}, input_type=dict]
    For further information visit https://errors.pydantic.dev/2.8/v/missing
modified
  Field required [type=missing, input_value={}, input_type=dict]
    For further information visit https://errors.pydantic.dev/2.8/v/missing
released
  Field required [type=missing, input_value={}, input_type=dict]
    For further information visit https://errors.pydantic.dev/2.8/v/missing
keyword
  Field required [type=missing, input_value={}, input_type=dict]
    For further information visit https://errors.pydantic.dev/2.8/v/missing
contactPoint
  Field required [type=missing, input_value={}, input_type=dict]
    For further information visit https://errors.pydantic.dev/2.8/v/missing
publisher
  Field required [type=missing, input_value={}, input_type=dict]
    For further information visit https://errors.pydantic.dev/2.8/v/missing
identifier
  Field required [type=missing, input_value={}, input_type=dict]
    For further information visit https://errors.pydantic.dev/2.8/v/missing
description
  Field required [type=missing, input_value={}, input_type=dict]
    For further information visit https://errors.pydantic.dev/2.8/v/missing
title
  Field required [type=missing, input_value={}, input_type=dict]
    For further information visit https://errors.pydantic.dev/2.8/v/missing
programCode
  Field required [type=missing, input_value={}, input_type=dict]
    For further information visit https://errors.pydantic.dev/2.8/v/missing
distribution
  Field required [type=missing, input_value={}, input_type=dict]
    For further information visit https://errors.pydantic.dev/2.8/v/missing
theme
  Field required [type=missing, input_value={}, input_type=dict]
    For further information visit https://errors.pydantic.dev/2.8/v/missing
2024-08-23 12:40:37 - ERROR - Validation error for dataset: Unknown title
Traceback (most recent call last):
  File "C:\Users\edmun\Projects\Repositories\healthpartners-interview\src\healthpartners_interview\download.py", line 31, in fetch_datasets
    dataset = Dataset(**current_item)
              ^^^^^^^^^^^^^^^^^^^^^^^
  File "C:\Users\edmun\Projects\Repositories\healthpartners-interview\.venv\Lib\site-packages\pydantic\main.py", line 193, in __init__
    self.__pydantic_validator__.validate_python(data, self_instance=self)
pydantic_core._pydantic_core.ValidationError: 16 validation errors for Dataset
accessLevel
  Field required [type=missing, input_value={}, input_type=dict]
    For further information visit https://errors.pydantic.dev/2.8/v/missing
landingPage
  Field required [type=missing, input_value={}, input_type=dict]
    For further information visit https://errors.pydantic.dev/2.8/v/missing
bureauCode
  Field required [type=missing, input_value={}, input_type=dict]
    For further information visit https://errors.pydantic.dev/2.8/v/missing
issued
  Field required [type=missing, input_value={}, input_type=dict]
    For further information visit https://errors.pydantic.dev/2.8/v/missing
@type
  Field required [type=missing, input_value={}, input_type=dict]
    For further information visit https://errors.pydantic.dev/2.8/v/missing
modified
  Field required [type=missing, input_value={}, input_type=dict]
    For further information visit https://errors.pydantic.dev/2.8/v/missing
released
  Field required [type=missing, input_value={}, input_type=dict]
    For further information visit https://errors.pydantic.dev/2.8/v/missing
keyword
  Field required [type=missing, input_value={}, input_type=dict]
    For further information visit https://errors.pydantic.dev/2.8/v/missing
contactPoint
  Field required [type=missing, input_value={}, input_type=dict]
    For further information visit https://errors.pydantic.dev/2.8/v/missing
publisher
  Field required [type=missing, input_value={}, input_type=dict]
    For further information visit https://errors.pydantic.dev/2.8/v/missing
identifier
  Field required [type=missing, input_value={}, input_type=dict]
    For further information visit https://errors.pydantic.dev/2.8/v/missing
description
  Field required [type=missing, input_value={}, input_type=dict]
    For further information visit https://errors.pydantic.dev/2.8/v/missing
title
  Field required [type=missing, input_value={}, input_type=dict]
    For further information visit https://errors.pydantic.dev/2.8/v/missing
programCode
  Field required [type=missing, input_value={}, input_type=dict]
    For further information visit https://errors.pydantic.dev/2.8/v/missing
distribution
  Field required [type=missing, input_value={}, input_type=dict]
    For further information visit https://errors.pydantic.dev/2.8/v/missing
theme
  Field required [type=missing, input_value={}, input_type=dict]
    For further information visit https://errors.pydantic.dev/2.8/v/missing
2024-08-23 12:40:37 - ERROR - Validation error for dataset: Unknown title
Traceback (most recent call last):
  File "C:\Users\edmun\Projects\Repositories\healthpartners-interview\src\healthpartners_interview\download.py", line 31, in fetch_datasets
    dataset = Dataset(**current_item)
              ^^^^^^^^^^^^^^^^^^^^^^^
  File "C:\Users\edmun\Projects\Repositories\healthpartners-interview\.venv\Lib\site-packages\pydantic\main.py", line 193, in __init__
    self.__pydantic_validator__.validate_python(data, self_instance=self)
pydantic_core._pydantic_core.ValidationError: 16 validation errors for Dataset
accessLevel
  Field required [type=missing, input_value={'item': 'theme'}, input_type=dict]
    For further information visit https://errors.pydantic.dev/2.8/v/missing
landingPage
  Field required [type=missing, input_value={'item': 'theme'}, input_type=dict]
    For further information visit https://errors.pydantic.dev/2.8/v/missing
bureauCode
  Field required [type=missing, input_value={'item': 'theme'}, input_type=dict]
    For further information visit https://errors.pydantic.dev/2.8/v/missing
issued
  Field required [type=missing, input_value={'item': 'theme'}, input_type=dict]
    For further information visit https://errors.pydantic.dev/2.8/v/missing
@type
  Field required [type=missing, input_value={'item': 'theme'}, input_type=dict]
    For further information visit https://errors.pydantic.dev/2.8/v/missing
modified
  Field required [type=missing, input_value={'item': 'theme'}, input_type=dict]
    For further information visit https://errors.pydantic.dev/2.8/v/missing
released
  Field required [type=missing, input_value={'item': 'theme'}, input_type=dict]
    For further information visit https://errors.pydantic.dev/2.8/v/missing
keyword
  Field required [type=missing, input_value={'item': 'theme'}, input_type=dict]
    For further information visit https://errors.pydantic.dev/2.8/v/missing
contactPoint
  Field required [type=missing, input_value={'item': 'theme'}, input_type=dict]
    For further information visit https://errors.pydantic.dev/2.8/v/missing
publisher
  Field required [type=missing, input_value={'item': 'theme'}, input_type=dict]
    For further information visit https://errors.pydantic.dev/2.8/v/missing
identifier
  Field required [type=missing, input_value={'item': 'theme'}, input_type=dict]
    For further information visit https://errors.pydantic.dev/2.8/v/missing
description
  Field required [type=missing, input_value={'item': 'theme'}, input_type=dict]
    For further information visit https://errors.pydantic.dev/2.8/v/missing
title
  Field required [type=missing, input_value={'item': 'theme'}, input_type=dict]
    For further information visit https://errors.pydantic.dev/2.8/v/missing
programCode
  Field required [type=missing, input_value={'item': 'theme'}, input_type=dict]
    For further information visit https://errors.pydantic.dev/2.8/v/missing
distribution
  Field required [type=missing, input_value={'item': 'theme'}, input_type=dict]
    For further information visit https://errors.pydantic.dev/2.8/v/missing
theme
  Field required [type=missing, input_value={'item': 'theme'}, input_type=dict]
    For further information visit https://errors.pydantic.dev/2.8/v/missing
2024-08-23 12:40:37 - ERROR - Validation error for dataset: Unknown title
Traceback (most recent call last):
  File "C:\Users\edmun\Projects\Repositories\healthpartners-interview\src\healthpartners_interview\download.py", line 31, in fetch_datasets
    dataset = Dataset(**current_item)
              ^^^^^^^^^^^^^^^^^^^^^^^
  File "C:\Users\edmun\Projects\Repositories\healthpartners-interview\.venv\Lib\site-packages\pydantic\main.py", line 193, in __init__
    self.__pydantic_validator__.validate_python(data, self_instance=self)
pydantic_core._pydantic_core.ValidationError: 16 validation errors for Dataset
accessLevel
  Field required [type=missing, input_value={}, input_type=dict]
    For further information visit https://errors.pydantic.dev/2.8/v/missing
landingPage
  Field required [type=missing, input_value={}, input_type=dict]
    For further information visit https://errors.pydantic.dev/2.8/v/missing
bureauCode
  Field required [type=missing, input_value={}, input_type=dict]
    For further information visit https://errors.pydantic.dev/2.8/v/missing
issued
  Field required [type=missing, input_value={}, input_type=dict]
    For further information visit https://errors.pydantic.dev/2.8/v/missing
@type
  Field required [type=missing, input_value={}, input_type=dict]
    For further information visit https://errors.pydantic.dev/2.8/v/missing
modified
  Field required [type=missing, input_value={}, input_type=dict]
    For further information visit https://errors.pydantic.dev/2.8/v/missing
released
  Field required [type=missing, input_value={}, input_type=dict]
    For further information visit https://errors.pydantic.dev/2.8/v/missing
keyword
  Field required [type=missing, input_value={}, input_type=dict]
    For further information visit https://errors.pydantic.dev/2.8/v/missing
contactPoint
  Field required [type=missing, input_value={}, input_type=dict]
    For further information visit https://errors.pydantic.dev/2.8/v/missing
publisher
  Field required [type=missing, input_value={}, input_type=dict]
    For further information visit https://errors.pydantic.dev/2.8/v/missing
identifier
  Field required [type=missing, input_value={}, input_type=dict]
    For further information visit https://errors.pydantic.dev/2.8/v/missing
description
  Field required [type=missing, input_value={}, input_type=dict]
    For further information visit https://errors.pydantic.dev/2.8/v/missing
title
  Field required [type=missing, input_value={}, input_type=dict]
    For further information visit https://errors.pydantic.dev/2.8/v/missing
programCode
  Field required [type=missing, input_value={}, input_type=dict]
    For further information visit https://errors.pydantic.dev/2.8/v/missing
distribution
  Field required [type=missing, input_value={}, input_type=dict]
    For further information visit https://errors.pydantic.dev/2.8/v/missing
theme
  Field required [type=missing, input_value={}, input_type=dict]
    For further information visit https://errors.pydantic.dev/2.8/v/missing
2024-08-23 12:40:37 - ERROR - Validation error for dataset: Unknown title
Traceback (most recent call last):
  File "C:\Users\edmun\Projects\Repositories\healthpartners-interview\src\healthpartners_interview\download.py", line 31, in fetch_datasets
    dataset = Dataset(**current_item)
              ^^^^^^^^^^^^^^^^^^^^^^^
  File "C:\Users\edmun\Projects\Repositories\healthpartners-interview\.venv\Lib\site-packages\pydantic\main.py", line 193, in __init__
    self.__pydantic_validator__.validate_python(data, self_instance=self)
pydantic_core._pydantic_core.ValidationError: 16 validation errors for Dataset
accessLevel
  Field required [type=missing, input_value={}, input_type=dict]
    For further information visit https://errors.pydantic.dev/2.8/v/missing
landingPage
  Field required [type=missing, input_value={}, input_type=dict]
    For further information visit https://errors.pydantic.dev/2.8/v/missing
bureauCode
  Field required [type=missing, input_value={}, input_type=dict]
    For further information visit https://errors.pydantic.dev/2.8/v/missing
issued
  Field required [type=missing, input_value={}, input_type=dict]
    For further information visit https://errors.pydantic.dev/2.8/v/missing
@type
  Field required [type=missing, input_value={}, input_type=dict]
    For further information visit https://errors.pydantic.dev/2.8/v/missing
modified
  Field required [type=missing, input_value={}, input_type=dict]
    For further information visit https://errors.pydantic.dev/2.8/v/missing
released
  Field required [type=missing, input_value={}, input_type=dict]
    For further information visit https://errors.pydantic.dev/2.8/v/missing
keyword
  Field required [type=missing, input_value={}, input_type=dict]
    For further information visit https://errors.pydantic.dev/2.8/v/missing
contactPoint
  Field required [type=missing, input_value={}, input_type=dict]
    For further information visit https://errors.pydantic.dev/2.8/v/missing
publisher
  Field required [type=missing, input_value={}, input_type=dict]
    For further information visit https://errors.pydantic.dev/2.8/v/missing
identifier
  Field required [type=missing, input_value={}, input_type=dict]
    For further information visit https://errors.pydantic.dev/2.8/v/missing
description
  Field required [type=missing, input_value={}, input_type=dict]
    For further information visit https://errors.pydantic.dev/2.8/v/missing
title
  Field required [type=missing, input_value={}, input_type=dict]
    For further information visit https://errors.pydantic.dev/2.8/v/missing
programCode
  Field required [type=missing, input_value={}, input_type=dict]
    For further information visit https://errors.pydantic.dev/2.8/v/missing
distribution
  Field required [type=missing, input_value={}, input_type=dict]
    For further information visit https://errors.pydantic.dev/2.8/v/missing
theme
  Field required [type=missing, input_value={}, input_type=dict]
    For further information visit https://errors.pydantic.dev/2.8/v/missing
2024-08-23 12:40:37 - ERROR - Validation error for dataset: Unknown title
Traceback (most recent call last):
  File "C:\Users\edmun\Projects\Repositories\healthpartners-interview\src\healthpartners_interview\download.py", line 31, in fetch_datasets
    dataset = Dataset(**current_item)
              ^^^^^^^^^^^^^^^^^^^^^^^
  File "C:\Users\edmun\Projects\Repositories\healthpartners-interview\.venv\Lib\site-packages\pydantic\main.py", line 193, in __init__
    self.__pydantic_validator__.validate_python(data, self_instance=self)
pydantic_core._pydantic_core.ValidationError: 16 validation errors for Dataset
accessLevel
  Field required [type=missing, input_value={}, input_type=dict]
    For further information visit https://errors.pydantic.dev/2.8/v/missing
landingPage
  Field required [type=missing, input_value={}, input_type=dict]
    For further information visit https://errors.pydantic.dev/2.8/v/missing
bureauCode
  Field required [type=missing, input_value={}, input_type=dict]
    For further information visit https://errors.pydantic.dev/2.8/v/missing
issued
  Field required [type=missing, input_value={}, input_type=dict]
    For further information visit https://errors.pydantic.dev/2.8/v/missing
@type
  Field required [type=missing, input_value={}, input_type=dict]
    For further information visit https://errors.pydantic.dev/2.8/v/missing
modified
  Field required [type=missing, input_value={}, input_type=dict]
    For further information visit https://errors.pydantic.dev/2.8/v/missing
released
  Field required [type=missing, input_value={}, input_type=dict]
    For further information visit https://errors.pydantic.dev/2.8/v/missing
keyword
  Field required [type=missing, input_value={}, input_type=dict]
    For further information visit https://errors.pydantic.dev/2.8/v/missing
contactPoint
  Field required [type=missing, input_value={}, input_type=dict]
    For further information visit https://errors.pydantic.dev/2.8/v/missing
publisher
  Field required [type=missing, input_value={}, input_type=dict]
    For further information visit https://errors.pydantic.dev/2.8/v/missing
identifier
  Field required [type=missing, input_value={}, input_type=dict]
    For further information visit https://errors.pydantic.dev/2.8/v/missing
description
  Field required [type=missing, input_value={}, input_type=dict]
    For further information visit https://errors.pydantic.dev/2.8/v/missing
title
  Field required [type=missing, input_value={}, input_type=dict]
    For further information visit https://errors.pydantic.dev/2.8/v/missing
programCode
  Field required [type=missing, input_value={}, input_type=dict]
    For further information visit https://errors.pydantic.dev/2.8/v/missing
distribution
  Field required [type=missing, input_value={}, input_type=dict]
    For further information visit https://errors.pydantic.dev/2.8/v/missing
theme
  Field required [type=missing, input_value={}, input_type=dict]
    For further information visit https://errors.pydantic.dev/2.8/v/missing
2024-08-23 12:40:37 - ERROR - Validation error for dataset: Unknown title
Traceback (most recent call last):
  File "C:\Users\edmun\Projects\Repositories\healthpartners-interview\src\healthpartners_interview\download.py", line 31, in fetch_datasets
    dataset = Dataset(**current_item)
              ^^^^^^^^^^^^^^^^^^^^^^^
  File "C:\Users\edmun\Projects\Repositories\healthpartners-interview\.venv\Lib\site-packages\pydantic\main.py", line 193, in __init__
    self.__pydantic_validator__.validate_python(data, self_instance=self)
pydantic_core._pydantic_core.ValidationError: 16 validation errors for Dataset
accessLevel
  Field required [type=missing, input_value={'item': 'theme'}, input_type=dict]
    For further information visit https://errors.pydantic.dev/2.8/v/missing
landingPage
  Field required [type=missing, input_value={'item': 'theme'}, input_type=dict]
    For further information visit https://errors.pydantic.dev/2.8/v/missing
bureauCode
  Field required [type=missing, input_value={'item': 'theme'}, input_type=dict]
    For further information visit https://errors.pydantic.dev/2.8/v/missing
issued
  Field required [type=missing, input_value={'item': 'theme'}, input_type=dict]
    For further information visit https://errors.pydantic.dev/2.8/v/missing
@type
  Field required [type=missing, input_value={'item': 'theme'}, input_type=dict]
    For further information visit https://errors.pydantic.dev/2.8/v/missing
modified
  Field required [type=missing, input_value={'item': 'theme'}, input_type=dict]
    For further information visit https://errors.pydantic.dev/2.8/v/missing
released
  Field required [type=missing, input_value={'item': 'theme'}, input_type=dict]
    For further information visit https://errors.pydantic.dev/2.8/v/missing
keyword
  Field required [type=missing, input_value={'item': 'theme'}, input_type=dict]
    For further information visit https://errors.pydantic.dev/2.8/v/missing
contactPoint
  Field required [type=missing, input_value={'item': 'theme'}, input_type=dict]
    For further information visit https://errors.pydantic.dev/2.8/v/missing
publisher
  Field required [type=missing, input_value={'item': 'theme'}, input_type=dict]
    For further information visit https://errors.pydantic.dev/2.8/v/missing
identifier
  Field required [type=missing, input_value={'item': 'theme'}, input_type=dict]
    For further information visit https://errors.pydantic.dev/2.8/v/missing
description
  Field required [type=missing, input_value={'item': 'theme'}, input_type=dict]
    For further information visit https://errors.pydantic.dev/2.8/v/missing
title
  Field required [type=missing, input_value={'item': 'theme'}, input_type=dict]
    For further information visit https://errors.pydantic.dev/2.8/v/missing
programCode
  Field required [type=missing, input_value={'item': 'theme'}, input_type=dict]
    For further information visit https://errors.pydantic.dev/2.8/v/missing
distribution
  Field required [type=missing, input_value={'item': 'theme'}, input_type=dict]
    For further information visit https://errors.pydantic.dev/2.8/v/missing
theme
  Field required [type=missing, input_value={'item': 'theme'}, input_type=dict]
    For further information visit https://errors.pydantic.dev/2.8/v/missing
2024-08-23 12:40:37 - ERROR - Validation error for dataset: Unknown title
Traceback (most recent call last):
  File "C:\Users\edmun\Projects\Repositories\healthpartners-interview\src\healthpartners_interview\download.py", line 31, in fetch_datasets
    dataset = Dataset(**current_item)
              ^^^^^^^^^^^^^^^^^^^^^^^
  File "C:\Users\edmun\Projects\Repositories\healthpartners-interview\.venv\Lib\site-packages\pydantic\main.py", line 193, in __init__
    self.__pydantic_validator__.validate_python(data, self_instance=self)
pydantic_core._pydantic_core.ValidationError: 16 validation errors for Dataset
accessLevel
  Field required [type=missing, input_value={}, input_type=dict]
    For further information visit https://errors.pydantic.dev/2.8/v/missing
landingPage
  Field required [type=missing, input_value={}, input_type=dict]
    For further information visit https://errors.pydantic.dev/2.8/v/missing
bureauCode
  Field required [type=missing, input_value={}, input_type=dict]
    For further information visit https://errors.pydantic.dev/2.8/v/missing
issued
  Field required [type=missing, input_value={}, input_type=dict]
    For further information visit https://errors.pydantic.dev/2.8/v/missing
@type
  Field required [type=missing, input_value={}, input_type=dict]
    For further information visit https://errors.pydantic.dev/2.8/v/missing
modified
  Field required [type=missing, input_value={}, input_type=dict]
    For further information visit https://errors.pydantic.dev/2.8/v/missing
released
  Field required [type=missing, input_value={}, input_type=dict]
    For further information visit https://errors.pydantic.dev/2.8/v/missing
keyword
  Field required [type=missing, input_value={}, input_type=dict]
    For further information visit https://errors.pydantic.dev/2.8/v/missing
contactPoint
  Field required [type=missing, input_value={}, input_type=dict]
    For further information visit https://errors.pydantic.dev/2.8/v/missing
publisher
  Field required [type=missing, input_value={}, input_type=dict]
    For further information visit https://errors.pydantic.dev/2.8/v/missing
identifier
  Field required [type=missing, input_value={}, input_type=dict]
    For further information visit https://errors.pydantic.dev/2.8/v/missing
description
  Field required [type=missing, input_value={}, input_type=dict]
    For further information visit https://errors.pydantic.dev/2.8/v/missing
title
  Field required [type=missing, input_value={}, input_type=dict]
    For further information visit https://errors.pydantic.dev/2.8/v/missing
programCode
  Field required [type=missing, input_value={}, input_type=dict]
    For further information visit https://errors.pydantic.dev/2.8/v/missing
distribution
  Field required [type=missing, input_value={}, input_type=dict]
    For further information visit https://errors.pydantic.dev/2.8/v/missing
theme
  Field required [type=missing, input_value={}, input_type=dict]
    For further information visit https://errors.pydantic.dev/2.8/v/missing
2024-08-23 12:40:37 - ERROR - Validation error for dataset: Unknown title
Traceback (most recent call last):
  File "C:\Users\edmun\Projects\Repositories\healthpartners-interview\src\healthpartners_interview\download.py", line 31, in fetch_datasets
    dataset = Dataset(**current_item)
              ^^^^^^^^^^^^^^^^^^^^^^^
  File "C:\Users\edmun\Projects\Repositories\healthpartners-interview\.venv\Lib\site-packages\pydantic\main.py", line 193, in __init__
    self.__pydantic_validator__.validate_python(data, self_instance=self)
pydantic_core._pydantic_core.ValidationError: 16 validation errors for Dataset
accessLevel
  Field required [type=missing, input_value={}, input_type=dict]
    For further information visit https://errors.pydantic.dev/2.8/v/missing
landingPage
  Field required [type=missing, input_value={}, input_type=dict]
    For further information visit https://errors.pydantic.dev/2.8/v/missing
bureauCode
  Field required [type=missing, input_value={}, input_type=dict]
    For further information visit https://errors.pydantic.dev/2.8/v/missing
issued
  Field required [type=missing, input_value={}, input_type=dict]
    For further information visit https://errors.pydantic.dev/2.8/v/missing
@type
  Field required [type=missing, input_value={}, input_type=dict]
    For further information visit https://errors.pydantic.dev/2.8/v/missing
modified
  Field required [type=missing, input_value={}, input_type=dict]
    For further information visit https://errors.pydantic.dev/2.8/v/missing
released
  Field required [type=missing, input_value={}, input_type=dict]
    For further information visit https://errors.pydantic.dev/2.8/v/missing
keyword
  Field required [type=missing, input_value={}, input_type=dict]
    For further information visit https://errors.pydantic.dev/2.8/v/missing
contactPoint
  Field required [type=missing, input_value={}, input_type=dict]
    For further information visit https://errors.pydantic.dev/2.8/v/missing
publisher
  Field required [type=missing, input_value={}, input_type=dict]
    For further information visit https://errors.pydantic.dev/2.8/v/missing
identifier
  Field required [type=missing, input_value={}, input_type=dict]
    For further information visit https://errors.pydantic.dev/2.8/v/missing
description
  Field required [type=missing, input_value={}, input_type=dict]
    For further information visit https://errors.pydantic.dev/2.8/v/missing
title
  Field required [type=missing, input_value={}, input_type=dict]
    For further information visit https://errors.pydantic.dev/2.8/v/missing
programCode
  Field required [type=missing, input_value={}, input_type=dict]
    For further information visit https://errors.pydantic.dev/2.8/v/missing
distribution
  Field required [type=missing, input_value={}, input_type=dict]
    For further information visit https://errors.pydantic.dev/2.8/v/missing
theme
  Field required [type=missing, input_value={}, input_type=dict]
    For further information visit https://errors.pydantic.dev/2.8/v/missing
2024-08-23 12:40:37 - ERROR - Validation error for dataset: Unknown title
Traceback (most recent call last):
  File "C:\Users\edmun\Projects\Repositories\healthpartners-interview\src\healthpartners_interview\download.py", line 31, in fetch_datasets
    dataset = Dataset(**current_item)
              ^^^^^^^^^^^^^^^^^^^^^^^
  File "C:\Users\edmun\Projects\Repositories\healthpartners-interview\.venv\Lib\site-packages\pydantic\main.py", line 193, in __init__
    self.__pydantic_validator__.validate_python(data, self_instance=self)
pydantic_core._pydantic_core.ValidationError: 16 validation errors for Dataset
accessLevel
  Field required [type=missing, input_value={}, input_type=dict]
    For further information visit https://errors.pydantic.dev/2.8/v/missing
landingPage
  Field required [type=missing, input_value={}, input_type=dict]
    For further information visit https://errors.pydantic.dev/2.8/v/missing
bureauCode
  Field required [type=missing, input_value={}, input_type=dict]
    For further information visit https://errors.pydantic.dev/2.8/v/missing
issued
  Field required [type=missing, input_value={}, input_type=dict]
    For further information visit https://errors.pydantic.dev/2.8/v/missing
@type
  Field required [type=missing, input_value={}, input_type=dict]
    For further information visit https://errors.pydantic.dev/2.8/v/missing
modified
  Field required [type=missing, input_value={}, input_type=dict]
    For further information visit https://errors.pydantic.dev/2.8/v/missing
released
  Field required [type=missing, input_value={}, input_type=dict]
    For further information visit https://errors.pydantic.dev/2.8/v/missing
keyword
  Field required [type=missing, input_value={}, input_type=dict]
    For further information visit https://errors.pydantic.dev/2.8/v/missing
contactPoint
  Field required [type=missing, input_value={}, input_type=dict]
    For further information visit https://errors.pydantic.dev/2.8/v/missing
publisher
  Field required [type=missing, input_value={}, input_type=dict]
    For further information visit https://errors.pydantic.dev/2.8/v/missing
identifier
  Field required [type=missing, input_value={}, input_type=dict]
    For further information visit https://errors.pydantic.dev/2.8/v/missing
description
  Field required [type=missing, input_value={}, input_type=dict]
    For further information visit https://errors.pydantic.dev/2.8/v/missing
title
  Field required [type=missing, input_value={}, input_type=dict]
    For further information visit https://errors.pydantic.dev/2.8/v/missing
programCode
  Field required [type=missing, input_value={}, input_type=dict]
    For further information visit https://errors.pydantic.dev/2.8/v/missing
distribution
  Field required [type=missing, input_value={}, input_type=dict]
    For further information visit https://errors.pydantic.dev/2.8/v/missing
theme
  Field required [type=missing, input_value={}, input_type=dict]
    For further information visit https://errors.pydantic.dev/2.8/v/missing
2024-08-23 12:40:37 - ERROR - Validation error for dataset: Unknown title
Traceback (most recent call last):
  File "C:\Users\edmun\Projects\Repositories\healthpartners-interview\src\healthpartners_interview\download.py", line 31, in fetch_datasets
    dataset = Dataset(**current_item)
              ^^^^^^^^^^^^^^^^^^^^^^^
  File "C:\Users\edmun\Projects\Repositories\healthpartners-interview\.venv\Lib\site-packages\pydantic\main.py", line 193, in __init__
    self.__pydantic_validator__.validate_python(data, self_instance=self)
pydantic_core._pydantic_core.ValidationError: 16 validation errors for Dataset
accessLevel
  Field required [type=missing, input_value={'item': 'theme'}, input_type=dict]
    For further information visit https://errors.pydantic.dev/2.8/v/missing
landingPage
  Field required [type=missing, input_value={'item': 'theme'}, input_type=dict]
    For further information visit https://errors.pydantic.dev/2.8/v/missing
bureauCode
  Field required [type=missing, input_value={'item': 'theme'}, input_type=dict]
    For further information visit https://errors.pydantic.dev/2.8/v/missing
issued
  Field required [type=missing, input_value={'item': 'theme'}, input_type=dict]
    For further information visit https://errors.pydantic.dev/2.8/v/missing
@type
  Field required [type=missing, input_value={'item': 'theme'}, input_type=dict]
    For further information visit https://errors.pydantic.dev/2.8/v/missing
modified
  Field required [type=missing, input_value={'item': 'theme'}, input_type=dict]
    For further information visit https://errors.pydantic.dev/2.8/v/missing
released
  Field required [type=missing, input_value={'item': 'theme'}, input_type=dict]
    For further information visit https://errors.pydantic.dev/2.8/v/missing
keyword
  Field required [type=missing, input_value={'item': 'theme'}, input_type=dict]
    For further information visit https://errors.pydantic.dev/2.8/v/missing
contactPoint
  Field required [type=missing, input_value={'item': 'theme'}, input_type=dict]
    For further information visit https://errors.pydantic.dev/2.8/v/missing
publisher
  Field required [type=missing, input_value={'item': 'theme'}, input_type=dict]
    For further information visit https://errors.pydantic.dev/2.8/v/missing
identifier
  Field required [type=missing, input_value={'item': 'theme'}, input_type=dict]
    For further information visit https://errors.pydantic.dev/2.8/v/missing
description
  Field required [type=missing, input_value={'item': 'theme'}, input_type=dict]
    For further information visit https://errors.pydantic.dev/2.8/v/missing
title
  Field required [type=missing, input_value={'item': 'theme'}, input_type=dict]
    For further information visit https://errors.pydantic.dev/2.8/v/missing
programCode
  Field required [type=missing, input_value={'item': 'theme'}, input_type=dict]
    For further information visit https://errors.pydantic.dev/2.8/v/missing
distribution
  Field required [type=missing, input_value={'item': 'theme'}, input_type=dict]
    For further information visit https://errors.pydantic.dev/2.8/v/missing
theme
  Field required [type=missing, input_value={'item': 'theme'}, input_type=dict]
    For further information visit https://errors.pydantic.dev/2.8/v/missing
2024-08-23 12:40:37 - ERROR - Validation error for dataset: Unknown title
Traceback (most recent call last):
  File "C:\Users\edmun\Projects\Repositories\healthpartners-interview\src\healthpartners_interview\download.py", line 31, in fetch_datasets
    dataset = Dataset(**current_item)
              ^^^^^^^^^^^^^^^^^^^^^^^
  File "C:\Users\edmun\Projects\Repositories\healthpartners-interview\.venv\Lib\site-packages\pydantic\main.py", line 193, in __init__
    self.__pydantic_validator__.validate_python(data, self_instance=self)
pydantic_core._pydantic_core.ValidationError: 16 validation errors for Dataset
accessLevel
  Field required [type=missing, input_value={}, input_type=dict]
    For further information visit https://errors.pydantic.dev/2.8/v/missing
landingPage
  Field required [type=missing, input_value={}, input_type=dict]
    For further information visit https://errors.pydantic.dev/2.8/v/missing
bureauCode
  Field required [type=missing, input_value={}, input_type=dict]
    For further information visit https://errors.pydantic.dev/2.8/v/missing
issued
  Field required [type=missing, input_value={}, input_type=dict]
    For further information visit https://errors.pydantic.dev/2.8/v/missing
@type
  Field required [type=missing, input_value={}, input_type=dict]
    For further information visit https://errors.pydantic.dev/2.8/v/missing
modified
  Field required [type=missing, input_value={}, input_type=dict]
    For further information visit https://errors.pydantic.dev/2.8/v/missing
released
  Field required [type=missing, input_value={}, input_type=dict]
    For further information visit https://errors.pydantic.dev/2.8/v/missing
keyword
  Field required [type=missing, input_value={}, input_type=dict]
    For further information visit https://errors.pydantic.dev/2.8/v/missing
contactPoint
  Field required [type=missing, input_value={}, input_type=dict]
    For further information visit https://errors.pydantic.dev/2.8/v/missing
publisher
  Field required [type=missing, input_value={}, input_type=dict]
    For further information visit https://errors.pydantic.dev/2.8/v/missing
identifier
  Field required [type=missing, input_value={}, input_type=dict]
    For further information visit https://errors.pydantic.dev/2.8/v/missing
description
  Field required [type=missing, input_value={}, input_type=dict]
    For further information visit https://errors.pydantic.dev/2.8/v/missing
title
  Field required [type=missing, input_value={}, input_type=dict]
    For further information visit https://errors.pydantic.dev/2.8/v/missing
programCode
  Field required [type=missing, input_value={}, input_type=dict]
    For further information visit https://errors.pydantic.dev/2.8/v/missing
distribution
  Field required [type=missing, input_value={}, input_type=dict]
    For further information visit https://errors.pydantic.dev/2.8/v/missing
theme
  Field required [type=missing, input_value={}, input_type=dict]
    For further information visit https://errors.pydantic.dev/2.8/v/missing
2024-08-23 12:40:37 - ERROR - Validation error for dataset: Unknown title
Traceback (most recent call last):
  File "C:\Users\edmun\Projects\Repositories\healthpartners-interview\src\healthpartners_interview\download.py", line 31, in fetch_datasets
    dataset = Dataset(**current_item)
              ^^^^^^^^^^^^^^^^^^^^^^^
  File "C:\Users\edmun\Projects\Repositories\healthpartners-interview\.venv\Lib\site-packages\pydantic\main.py", line 193, in __init__
    self.__pydantic_validator__.validate_python(data, self_instance=self)
pydantic_core._pydantic_core.ValidationError: 16 validation errors for Dataset
accessLevel
  Field required [type=missing, input_value={}, input_type=dict]
    For further information visit https://errors.pydantic.dev/2.8/v/missing
landingPage
  Field required [type=missing, input_value={}, input_type=dict]
    For further information visit https://errors.pydantic.dev/2.8/v/missing
bureauCode
  Field required [type=missing, input_value={}, input_type=dict]
    For further information visit https://errors.pydantic.dev/2.8/v/missing
issued
  Field required [type=missing, input_value={}, input_type=dict]
    For further information visit https://errors.pydantic.dev/2.8/v/missing
@type
  Field required [type=missing, input_value={}, input_type=dict]
    For further information visit https://errors.pydantic.dev/2.8/v/missing
modified
  Field required [type=missing, input_value={}, input_type=dict]
    For further information visit https://errors.pydantic.dev/2.8/v/missing
released
  Field required [type=missing, input_value={}, input_type=dict]
    For further information visit https://errors.pydantic.dev/2.8/v/missing
keyword
  Field required [type=missing, input_value={}, input_type=dict]
    For further information visit https://errors.pydantic.dev/2.8/v/missing
contactPoint
  Field required [type=missing, input_value={}, input_type=dict]
    For further information visit https://errors.pydantic.dev/2.8/v/missing
publisher
  Field required [type=missing, input_value={}, input_type=dict]
    For further information visit https://errors.pydantic.dev/2.8/v/missing
identifier
  Field required [type=missing, input_value={}, input_type=dict]
    For further information visit https://errors.pydantic.dev/2.8/v/missing
description
  Field required [type=missing, input_value={}, input_type=dict]
    For further information visit https://errors.pydantic.dev/2.8/v/missing
title
  Field required [type=missing, input_value={}, input_type=dict]
    For further information visit https://errors.pydantic.dev/2.8/v/missing
programCode
  Field required [type=missing, input_value={}, input_type=dict]
    For further information visit https://errors.pydantic.dev/2.8/v/missing
distribution
  Field required [type=missing, input_value={}, input_type=dict]
    For further information visit https://errors.pydantic.dev/2.8/v/missing
theme
  Field required [type=missing, input_value={}, input_type=dict]
    For further information visit https://errors.pydantic.dev/2.8/v/missing
2024-08-23 12:40:37 - ERROR - Validation error for dataset: Unknown title
Traceback (most recent call last):
  File "C:\Users\edmun\Projects\Repositories\healthpartners-interview\src\healthpartners_interview\download.py", line 31, in fetch_datasets
    dataset = Dataset(**current_item)
              ^^^^^^^^^^^^^^^^^^^^^^^
  File "C:\Users\edmun\Projects\Repositories\healthpartners-interview\.venv\Lib\site-packages\pydantic\main.py", line 193, in __init__
    self.__pydantic_validator__.validate_python(data, self_instance=self)
pydantic_core._pydantic_core.ValidationError: 16 validation errors for Dataset
accessLevel
  Field required [type=missing, input_value={}, input_type=dict]
    For further information visit https://errors.pydantic.dev/2.8/v/missing
landingPage
  Field required [type=missing, input_value={}, input_type=dict]
    For further information visit https://errors.pydantic.dev/2.8/v/missing
bureauCode
  Field required [type=missing, input_value={}, input_type=dict]
    For further information visit https://errors.pydantic.dev/2.8/v/missing
issued
  Field required [type=missing, input_value={}, input_type=dict]
    For further information visit https://errors.pydantic.dev/2.8/v/missing
@type
  Field required [type=missing, input_value={}, input_type=dict]
    For further information visit https://errors.pydantic.dev/2.8/v/missing
modified
  Field required [type=missing, input_value={}, input_type=dict]
    For further information visit https://errors.pydantic.dev/2.8/v/missing
released
  Field required [type=missing, input_value={}, input_type=dict]
    For further information visit https://errors.pydantic.dev/2.8/v/missing
keyword
  Field required [type=missing, input_value={}, input_type=dict]
    For further information visit https://errors.pydantic.dev/2.8/v/missing
contactPoint
  Field required [type=missing, input_value={}, input_type=dict]
    For further information visit https://errors.pydantic.dev/2.8/v/missing
publisher
  Field required [type=missing, input_value={}, input_type=dict]
    For further information visit https://errors.pydantic.dev/2.8/v/missing
identifier
  Field required [type=missing, input_value={}, input_type=dict]
    For further information visit https://errors.pydantic.dev/2.8/v/missing
description
  Field required [type=missing, input_value={}, input_type=dict]
    For further information visit https://errors.pydantic.dev/2.8/v/missing
title
  Field required [type=missing, input_value={}, input_type=dict]
    For further information visit https://errors.pydantic.dev/2.8/v/missing
programCode
  Field required [type=missing, input_value={}, input_type=dict]
    For further information visit https://errors.pydantic.dev/2.8/v/missing
distribution
  Field required [type=missing, input_value={}, input_type=dict]
    For further information visit https://errors.pydantic.dev/2.8/v/missing
theme
  Field required [type=missing, input_value={}, input_type=dict]
    For further information visit https://errors.pydantic.dev/2.8/v/missing
2024-08-23 12:40:37 - ERROR - Validation error for dataset: Unknown title
Traceback (most recent call last):
  File "C:\Users\edmun\Projects\Repositories\healthpartners-interview\src\healthpartners_interview\download.py", line 31, in fetch_datasets
    dataset = Dataset(**current_item)
              ^^^^^^^^^^^^^^^^^^^^^^^
  File "C:\Users\edmun\Projects\Repositories\healthpartners-interview\.venv\Lib\site-packages\pydantic\main.py", line 193, in __init__
    self.__pydantic_validator__.validate_python(data, self_instance=self)
pydantic_core._pydantic_core.ValidationError: 16 validation errors for Dataset
accessLevel
  Field required [type=missing, input_value={'item': 'theme'}, input_type=dict]
    For further information visit https://errors.pydantic.dev/2.8/v/missing
landingPage
  Field required [type=missing, input_value={'item': 'theme'}, input_type=dict]
    For further information visit https://errors.pydantic.dev/2.8/v/missing
bureauCode
  Field required [type=missing, input_value={'item': 'theme'}, input_type=dict]
    For further information visit https://errors.pydantic.dev/2.8/v/missing
issued
  Field required [type=missing, input_value={'item': 'theme'}, input_type=dict]
    For further information visit https://errors.pydantic.dev/2.8/v/missing
@type
  Field required [type=missing, input_value={'item': 'theme'}, input_type=dict]
    For further information visit https://errors.pydantic.dev/2.8/v/missing
modified
  Field required [type=missing, input_value={'item': 'theme'}, input_type=dict]
    For further information visit https://errors.pydantic.dev/2.8/v/missing
released
  Field required [type=missing, input_value={'item': 'theme'}, input_type=dict]
    For further information visit https://errors.pydantic.dev/2.8/v/missing
keyword
  Field required [type=missing, input_value={'item': 'theme'}, input_type=dict]
    For further information visit https://errors.pydantic.dev/2.8/v/missing
contactPoint
  Field required [type=missing, input_value={'item': 'theme'}, input_type=dict]
    For further information visit https://errors.pydantic.dev/2.8/v/missing
publisher
  Field required [type=missing, input_value={'item': 'theme'}, input_type=dict]
    For further information visit https://errors.pydantic.dev/2.8/v/missing
identifier
  Field required [type=missing, input_value={'item': 'theme'}, input_type=dict]
    For further information visit https://errors.pydantic.dev/2.8/v/missing
description
  Field required [type=missing, input_value={'item': 'theme'}, input_type=dict]
    For further information visit https://errors.pydantic.dev/2.8/v/missing
title
  Field required [type=missing, input_value={'item': 'theme'}, input_type=dict]
    For further information visit https://errors.pydantic.dev/2.8/v/missing
programCode
  Field required [type=missing, input_value={'item': 'theme'}, input_type=dict]
    For further information visit https://errors.pydantic.dev/2.8/v/missing
distribution
  Field required [type=missing, input_value={'item': 'theme'}, input_type=dict]
    For further information visit https://errors.pydantic.dev/2.8/v/missing
theme
  Field required [type=missing, input_value={'item': 'theme'}, input_type=dict]
    For further information visit https://errors.pydantic.dev/2.8/v/missing
2024-08-23 12:40:37 - ERROR - Validation error for dataset: Unknown title
Traceback (most recent call last):
  File "C:\Users\edmun\Projects\Repositories\healthpartners-interview\src\healthpartners_interview\download.py", line 31, in fetch_datasets
    dataset = Dataset(**current_item)
              ^^^^^^^^^^^^^^^^^^^^^^^
  File "C:\Users\edmun\Projects\Repositories\healthpartners-interview\.venv\Lib\site-packages\pydantic\main.py", line 193, in __init__
    self.__pydantic_validator__.validate_python(data, self_instance=self)
pydantic_core._pydantic_core.ValidationError: 16 validation errors for Dataset
accessLevel
  Field required [type=missing, input_value={}, input_type=dict]
    For further information visit https://errors.pydantic.dev/2.8/v/missing
landingPage
  Field required [type=missing, input_value={}, input_type=dict]
    For further information visit https://errors.pydantic.dev/2.8/v/missing
bureauCode
  Field required [type=missing, input_value={}, input_type=dict]
    For further information visit https://errors.pydantic.dev/2.8/v/missing
issued
  Field required [type=missing, input_value={}, input_type=dict]
    For further information visit https://errors.pydantic.dev/2.8/v/missing
@type
  Field required [type=missing, input_value={}, input_type=dict]
    For further information visit https://errors.pydantic.dev/2.8/v/missing
modified
  Field required [type=missing, input_value={}, input_type=dict]
    For further information visit https://errors.pydantic.dev/2.8/v/missing
released
  Field required [type=missing, input_value={}, input_type=dict]
    For further information visit https://errors.pydantic.dev/2.8/v/missing
keyword
  Field required [type=missing, input_value={}, input_type=dict]
    For further information visit https://errors.pydantic.dev/2.8/v/missing
contactPoint
  Field required [type=missing, input_value={}, input_type=dict]
    For further information visit https://errors.pydantic.dev/2.8/v/missing
publisher
  Field required [type=missing, input_value={}, input_type=dict]
    For further information visit https://errors.pydantic.dev/2.8/v/missing
identifier
  Field required [type=missing, input_value={}, input_type=dict]
    For further information visit https://errors.pydantic.dev/2.8/v/missing
description
  Field required [type=missing, input_value={}, input_type=dict]
    For further information visit https://errors.pydantic.dev/2.8/v/missing
title
  Field required [type=missing, input_value={}, input_type=dict]
    For further information visit https://errors.pydantic.dev/2.8/v/missing
programCode
  Field required [type=missing, input_value={}, input_type=dict]
    For further information visit https://errors.pydantic.dev/2.8/v/missing
distribution
  Field required [type=missing, input_value={}, input_type=dict]
    For further information visit https://errors.pydantic.dev/2.8/v/missing
theme
  Field required [type=missing, input_value={}, input_type=dict]
    For further information visit https://errors.pydantic.dev/2.8/v/missing
2024-08-23 12:40:37 - ERROR - Validation error for dataset: Unknown title
Traceback (most recent call last):
  File "C:\Users\edmun\Projects\Repositories\healthpartners-interview\src\healthpartners_interview\download.py", line 31, in fetch_datasets
    dataset = Dataset(**current_item)
              ^^^^^^^^^^^^^^^^^^^^^^^
  File "C:\Users\edmun\Projects\Repositories\healthpartners-interview\.venv\Lib\site-packages\pydantic\main.py", line 193, in __init__
    self.__pydantic_validator__.validate_python(data, self_instance=self)
pydantic_core._pydantic_core.ValidationError: 16 validation errors for Dataset
accessLevel
  Field required [type=missing, input_value={}, input_type=dict]
    For further information visit https://errors.pydantic.dev/2.8/v/missing
landingPage
  Field required [type=missing, input_value={}, input_type=dict]
    For further information visit https://errors.pydantic.dev/2.8/v/missing
bureauCode
  Field required [type=missing, input_value={}, input_type=dict]
    For further information visit https://errors.pydantic.dev/2.8/v/missing
issued
  Field required [type=missing, input_value={}, input_type=dict]
    For further information visit https://errors.pydantic.dev/2.8/v/missing
@type
  Field required [type=missing, input_value={}, input_type=dict]
    For further information visit https://errors.pydantic.dev/2.8/v/missing
modified
  Field required [type=missing, input_value={}, input_type=dict]
    For further information visit https://errors.pydantic.dev/2.8/v/missing
released
  Field required [type=missing, input_value={}, input_type=dict]
    For further information visit https://errors.pydantic.dev/2.8/v/missing
keyword
  Field required [type=missing, input_value={}, input_type=dict]
    For further information visit https://errors.pydantic.dev/2.8/v/missing
contactPoint
  Field required [type=missing, input_value={}, input_type=dict]
    For further information visit https://errors.pydantic.dev/2.8/v/missing
publisher
  Field required [type=missing, input_value={}, input_type=dict]
    For further information visit https://errors.pydantic.dev/2.8/v/missing
identifier
  Field required [type=missing, input_value={}, input_type=dict]
    For further information visit https://errors.pydantic.dev/2.8/v/missing
description
  Field required [type=missing, input_value={}, input_type=dict]
    For further information visit https://errors.pydantic.dev/2.8/v/missing
title
  Field required [type=missing, input_value={}, input_type=dict]
    For further information visit https://errors.pydantic.dev/2.8/v/missing
programCode
  Field required [type=missing, input_value={}, input_type=dict]
    For further information visit https://errors.pydantic.dev/2.8/v/missing
distribution
  Field required [type=missing, input_value={}, input_type=dict]
    For further information visit https://errors.pydantic.dev/2.8/v/missing
theme
  Field required [type=missing, input_value={}, input_type=dict]
    For further information visit https://errors.pydantic.dev/2.8/v/missing
2024-08-23 12:40:37 - ERROR - Validation error for dataset: Unknown title
Traceback (most recent call last):
  File "C:\Users\edmun\Projects\Repositories\healthpartners-interview\src\healthpartners_interview\download.py", line 31, in fetch_datasets
    dataset = Dataset(**current_item)
              ^^^^^^^^^^^^^^^^^^^^^^^
  File "C:\Users\edmun\Projects\Repositories\healthpartners-interview\.venv\Lib\site-packages\pydantic\main.py", line 193, in __init__
    self.__pydantic_validator__.validate_python(data, self_instance=self)
pydantic_core._pydantic_core.ValidationError: 16 validation errors for Dataset
accessLevel
  Field required [type=missing, input_value={}, input_type=dict]
    For further information visit https://errors.pydantic.dev/2.8/v/missing
landingPage
  Field required [type=missing, input_value={}, input_type=dict]
    For further information visit https://errors.pydantic.dev/2.8/v/missing
bureauCode
  Field required [type=missing, input_value={}, input_type=dict]
    For further information visit https://errors.pydantic.dev/2.8/v/missing
issued
  Field required [type=missing, input_value={}, input_type=dict]
    For further information visit https://errors.pydantic.dev/2.8/v/missing
@type
  Field required [type=missing, input_value={}, input_type=dict]
    For further information visit https://errors.pydantic.dev/2.8/v/missing
modified
  Field required [type=missing, input_value={}, input_type=dict]
    For further information visit https://errors.pydantic.dev/2.8/v/missing
released
  Field required [type=missing, input_value={}, input_type=dict]
    For further information visit https://errors.pydantic.dev/2.8/v/missing
keyword
  Field required [type=missing, input_value={}, input_type=dict]
    For further information visit https://errors.pydantic.dev/2.8/v/missing
contactPoint
  Field required [type=missing, input_value={}, input_type=dict]
    For further information visit https://errors.pydantic.dev/2.8/v/missing
publisher
  Field required [type=missing, input_value={}, input_type=dict]
    For further information visit https://errors.pydantic.dev/2.8/v/missing
identifier
  Field required [type=missing, input_value={}, input_type=dict]
    For further information visit https://errors.pydantic.dev/2.8/v/missing
description
  Field required [type=missing, input_value={}, input_type=dict]
    For further information visit https://errors.pydantic.dev/2.8/v/missing
title
  Field required [type=missing, input_value={}, input_type=dict]
    For further information visit https://errors.pydantic.dev/2.8/v/missing
programCode
  Field required [type=missing, input_value={}, input_type=dict]
    For further information visit https://errors.pydantic.dev/2.8/v/missing
distribution
  Field required [type=missing, input_value={}, input_type=dict]
    For further information visit https://errors.pydantic.dev/2.8/v/missing
theme
  Field required [type=missing, input_value={}, input_type=dict]
    For further information visit https://errors.pydantic.dev/2.8/v/missing
2024-08-23 12:40:37 - ERROR - Validation error for dataset: Unknown title
Traceback (most recent call last):
  File "C:\Users\edmun\Projects\Repositories\healthpartners-interview\src\healthpartners_interview\download.py", line 31, in fetch_datasets
    dataset = Dataset(**current_item)
              ^^^^^^^^^^^^^^^^^^^^^^^
  File "C:\Users\edmun\Projects\Repositories\healthpartners-interview\.venv\Lib\site-packages\pydantic\main.py", line 193, in __init__
    self.__pydantic_validator__.validate_python(data, self_instance=self)
pydantic_core._pydantic_core.ValidationError: 16 validation errors for Dataset
accessLevel
  Field required [type=missing, input_value={'item': 'theme'}, input_type=dict]
    For further information visit https://errors.pydantic.dev/2.8/v/missing
landingPage
  Field required [type=missing, input_value={'item': 'theme'}, input_type=dict]
    For further information visit https://errors.pydantic.dev/2.8/v/missing
bureauCode
  Field required [type=missing, input_value={'item': 'theme'}, input_type=dict]
    For further information visit https://errors.pydantic.dev/2.8/v/missing
issued
  Field required [type=missing, input_value={'item': 'theme'}, input_type=dict]
    For further information visit https://errors.pydantic.dev/2.8/v/missing
@type
  Field required [type=missing, input_value={'item': 'theme'}, input_type=dict]
    For further information visit https://errors.pydantic.dev/2.8/v/missing
modified
  Field required [type=missing, input_value={'item': 'theme'}, input_type=dict]
    For further information visit https://errors.pydantic.dev/2.8/v/missing
released
  Field required [type=missing, input_value={'item': 'theme'}, input_type=dict]
    For further information visit https://errors.pydantic.dev/2.8/v/missing
keyword
  Field required [type=missing, input_value={'item': 'theme'}, input_type=dict]
    For further information visit https://errors.pydantic.dev/2.8/v/missing
contactPoint
  Field required [type=missing, input_value={'item': 'theme'}, input_type=dict]
    For further information visit https://errors.pydantic.dev/2.8/v/missing
publisher
  Field required [type=missing, input_value={'item': 'theme'}, input_type=dict]
    For further information visit https://errors.pydantic.dev/2.8/v/missing
identifier
  Field required [type=missing, input_value={'item': 'theme'}, input_type=dict]
    For further information visit https://errors.pydantic.dev/2.8/v/missing
description
  Field required [type=missing, input_value={'item': 'theme'}, input_type=dict]
    For further information visit https://errors.pydantic.dev/2.8/v/missing
title
  Field required [type=missing, input_value={'item': 'theme'}, input_type=dict]
    For further information visit https://errors.pydantic.dev/2.8/v/missing
programCode
  Field required [type=missing, input_value={'item': 'theme'}, input_type=dict]
    For further information visit https://errors.pydantic.dev/2.8/v/missing
distribution
  Field required [type=missing, input_value={'item': 'theme'}, input_type=dict]
    For further information visit https://errors.pydantic.dev/2.8/v/missing
theme
  Field required [type=missing, input_value={'item': 'theme'}, input_type=dict]
    For further information visit https://errors.pydantic.dev/2.8/v/missing
2024-08-23 12:40:37 - ERROR - Validation error for dataset: Unknown title
Traceback (most recent call last):
  File "C:\Users\edmun\Projects\Repositories\healthpartners-interview\src\healthpartners_interview\download.py", line 31, in fetch_datasets
    dataset = Dataset(**current_item)
              ^^^^^^^^^^^^^^^^^^^^^^^
  File "C:\Users\edmun\Projects\Repositories\healthpartners-interview\.venv\Lib\site-packages\pydantic\main.py", line 193, in __init__
    self.__pydantic_validator__.validate_python(data, self_instance=self)
pydantic_core._pydantic_core.ValidationError: 16 validation errors for Dataset
accessLevel
  Field required [type=missing, input_value={}, input_type=dict]
    For further information visit https://errors.pydantic.dev/2.8/v/missing
landingPage
  Field required [type=missing, input_value={}, input_type=dict]
    For further information visit https://errors.pydantic.dev/2.8/v/missing
bureauCode
  Field required [type=missing, input_value={}, input_type=dict]
    For further information visit https://errors.pydantic.dev/2.8/v/missing
issued
  Field required [type=missing, input_value={}, input_type=dict]
    For further information visit https://errors.pydantic.dev/2.8/v/missing
@type
  Field required [type=missing, input_value={}, input_type=dict]
    For further information visit https://errors.pydantic.dev/2.8/v/missing
modified
  Field required [type=missing, input_value={}, input_type=dict]
    For further information visit https://errors.pydantic.dev/2.8/v/missing
released
  Field required [type=missing, input_value={}, input_type=dict]
    For further information visit https://errors.pydantic.dev/2.8/v/missing
keyword
  Field required [type=missing, input_value={}, input_type=dict]
    For further information visit https://errors.pydantic.dev/2.8/v/missing
contactPoint
  Field required [type=missing, input_value={}, input_type=dict]
    For further information visit https://errors.pydantic.dev/2.8/v/missing
publisher
  Field required [type=missing, input_value={}, input_type=dict]
    For further information visit https://errors.pydantic.dev/2.8/v/missing
identifier
  Field required [type=missing, input_value={}, input_type=dict]
    For further information visit https://errors.pydantic.dev/2.8/v/missing
description
  Field required [type=missing, input_value={}, input_type=dict]
    For further information visit https://errors.pydantic.dev/2.8/v/missing
title
  Field required [type=missing, input_value={}, input_type=dict]
    For further information visit https://errors.pydantic.dev/2.8/v/missing
programCode
  Field required [type=missing, input_value={}, input_type=dict]
    For further information visit https://errors.pydantic.dev/2.8/v/missing
distribution
  Field required [type=missing, input_value={}, input_type=dict]
    For further information visit https://errors.pydantic.dev/2.8/v/missing
theme
  Field required [type=missing, input_value={}, input_type=dict]
    For further information visit https://errors.pydantic.dev/2.8/v/missing
2024-08-23 12:40:37 - ERROR - Validation error for dataset: Unknown title
Traceback (most recent call last):
  File "C:\Users\edmun\Projects\Repositories\healthpartners-interview\src\healthpartners_interview\download.py", line 31, in fetch_datasets
    dataset = Dataset(**current_item)
              ^^^^^^^^^^^^^^^^^^^^^^^
  File "C:\Users\edmun\Projects\Repositories\healthpartners-interview\.venv\Lib\site-packages\pydantic\main.py", line 193, in __init__
    self.__pydantic_validator__.validate_python(data, self_instance=self)
pydantic_core._pydantic_core.ValidationError: 16 validation errors for Dataset
accessLevel
  Field required [type=missing, input_value={}, input_type=dict]
    For further information visit https://errors.pydantic.dev/2.8/v/missing
landingPage
  Field required [type=missing, input_value={}, input_type=dict]
    For further information visit https://errors.pydantic.dev/2.8/v/missing
bureauCode
  Field required [type=missing, input_value={}, input_type=dict]
    For further information visit https://errors.pydantic.dev/2.8/v/missing
issued
  Field required [type=missing, input_value={}, input_type=dict]
    For further information visit https://errors.pydantic.dev/2.8/v/missing
@type
  Field required [type=missing, input_value={}, input_type=dict]
    For further information visit https://errors.pydantic.dev/2.8/v/missing
modified
  Field required [type=missing, input_value={}, input_type=dict]
    For further information visit https://errors.pydantic.dev/2.8/v/missing
released
  Field required [type=missing, input_value={}, input_type=dict]
    For further information visit https://errors.pydantic.dev/2.8/v/missing
keyword
  Field required [type=missing, input_value={}, input_type=dict]
    For further information visit https://errors.pydantic.dev/2.8/v/missing
contactPoint
  Field required [type=missing, input_value={}, input_type=dict]
    For further information visit https://errors.pydantic.dev/2.8/v/missing
publisher
  Field required [type=missing, input_value={}, input_type=dict]
    For further information visit https://errors.pydantic.dev/2.8/v/missing
identifier
  Field required [type=missing, input_value={}, input_type=dict]
    For further information visit https://errors.pydantic.dev/2.8/v/missing
description
  Field required [type=missing, input_value={}, input_type=dict]
    For further information visit https://errors.pydantic.dev/2.8/v/missing
title
  Field required [type=missing, input_value={}, input_type=dict]
    For further information visit https://errors.pydantic.dev/2.8/v/missing
programCode
  Field required [type=missing, input_value={}, input_type=dict]
    For further information visit https://errors.pydantic.dev/2.8/v/missing
distribution
  Field required [type=missing, input_value={}, input_type=dict]
    For further information visit https://errors.pydantic.dev/2.8/v/missing
theme
  Field required [type=missing, input_value={}, input_type=dict]
    For further information visit https://errors.pydantic.dev/2.8/v/missing
2024-08-23 12:40:37 - ERROR - Validation error for dataset: Unknown title
Traceback (most recent call last):
  File "C:\Users\edmun\Projects\Repositories\healthpartners-interview\src\healthpartners_interview\download.py", line 31, in fetch_datasets
    dataset = Dataset(**current_item)
              ^^^^^^^^^^^^^^^^^^^^^^^
  File "C:\Users\edmun\Projects\Repositories\healthpartners-interview\.venv\Lib\site-packages\pydantic\main.py", line 193, in __init__
    self.__pydantic_validator__.validate_python(data, self_instance=self)
pydantic_core._pydantic_core.ValidationError: 16 validation errors for Dataset
accessLevel
  Field required [type=missing, input_value={}, input_type=dict]
    For further information visit https://errors.pydantic.dev/2.8/v/missing
landingPage
  Field required [type=missing, input_value={}, input_type=dict]
    For further information visit https://errors.pydantic.dev/2.8/v/missing
bureauCode
  Field required [type=missing, input_value={}, input_type=dict]
    For further information visit https://errors.pydantic.dev/2.8/v/missing
issued
  Field required [type=missing, input_value={}, input_type=dict]
    For further information visit https://errors.pydantic.dev/2.8/v/missing
@type
  Field required [type=missing, input_value={}, input_type=dict]
    For further information visit https://errors.pydantic.dev/2.8/v/missing
modified
  Field required [type=missing, input_value={}, input_type=dict]
    For further information visit https://errors.pydantic.dev/2.8/v/missing
released
  Field required [type=missing, input_value={}, input_type=dict]
    For further information visit https://errors.pydantic.dev/2.8/v/missing
keyword
  Field required [type=missing, input_value={}, input_type=dict]
    For further information visit https://errors.pydantic.dev/2.8/v/missing
contactPoint
  Field required [type=missing, input_value={}, input_type=dict]
    For further information visit https://errors.pydantic.dev/2.8/v/missing
publisher
  Field required [type=missing, input_value={}, input_type=dict]
    For further information visit https://errors.pydantic.dev/2.8/v/missing
identifier
  Field required [type=missing, input_value={}, input_type=dict]
    For further information visit https://errors.pydantic.dev/2.8/v/missing
description
  Field required [type=missing, input_value={}, input_type=dict]
    For further information visit https://errors.pydantic.dev/2.8/v/missing
title
  Field required [type=missing, input_value={}, input_type=dict]
    For further information visit https://errors.pydantic.dev/2.8/v/missing
programCode
  Field required [type=missing, input_value={}, input_type=dict]
    For further information visit https://errors.pydantic.dev/2.8/v/missing
distribution
  Field required [type=missing, input_value={}, input_type=dict]
    For further information visit https://errors.pydantic.dev/2.8/v/missing
theme
  Field required [type=missing, input_value={}, input_type=dict]
    For further information visit https://errors.pydantic.dev/2.8/v/missing
2024-08-23 12:40:37 - ERROR - Validation error for dataset: Unknown title
Traceback (most recent call last):
  File "C:\Users\edmun\Projects\Repositories\healthpartners-interview\src\healthpartners_interview\download.py", line 31, in fetch_datasets
    dataset = Dataset(**current_item)
              ^^^^^^^^^^^^^^^^^^^^^^^
  File "C:\Users\edmun\Projects\Repositories\healthpartners-interview\.venv\Lib\site-packages\pydantic\main.py", line 193, in __init__
    self.__pydantic_validator__.validate_python(data, self_instance=self)
pydantic_core._pydantic_core.ValidationError: 16 validation errors for Dataset
accessLevel
  Field required [type=missing, input_value={'item': 'theme'}, input_type=dict]
    For further information visit https://errors.pydantic.dev/2.8/v/missing
landingPage
  Field required [type=missing, input_value={'item': 'theme'}, input_type=dict]
    For further information visit https://errors.pydantic.dev/2.8/v/missing
bureauCode
  Field required [type=missing, input_value={'item': 'theme'}, input_type=dict]
    For further information visit https://errors.pydantic.dev/2.8/v/missing
issued
  Field required [type=missing, input_value={'item': 'theme'}, input_type=dict]
    For further information visit https://errors.pydantic.dev/2.8/v/missing
@type
  Field required [type=missing, input_value={'item': 'theme'}, input_type=dict]
    For further information visit https://errors.pydantic.dev/2.8/v/missing
modified
  Field required [type=missing, input_value={'item': 'theme'}, input_type=dict]
    For further information visit https://errors.pydantic.dev/2.8/v/missing
released
  Field required [type=missing, input_value={'item': 'theme'}, input_type=dict]
    For further information visit https://errors.pydantic.dev/2.8/v/missing
keyword
  Field required [type=missing, input_value={'item': 'theme'}, input_type=dict]
    For further information visit https://errors.pydantic.dev/2.8/v/missing
contactPoint
  Field required [type=missing, input_value={'item': 'theme'}, input_type=dict]
    For further information visit https://errors.pydantic.dev/2.8/v/missing
publisher
  Field required [type=missing, input_value={'item': 'theme'}, input_type=dict]
    For further information visit https://errors.pydantic.dev/2.8/v/missing
identifier
  Field required [type=missing, input_value={'item': 'theme'}, input_type=dict]
    For further information visit https://errors.pydantic.dev/2.8/v/missing
description
  Field required [type=missing, input_value={'item': 'theme'}, input_type=dict]
    For further information visit https://errors.pydantic.dev/2.8/v/missing
title
  Field required [type=missing, input_value={'item': 'theme'}, input_type=dict]
    For further information visit https://errors.pydantic.dev/2.8/v/missing
programCode
  Field required [type=missing, input_value={'item': 'theme'}, input_type=dict]
    For further information visit https://errors.pydantic.dev/2.8/v/missing
distribution
  Field required [type=missing, input_value={'item': 'theme'}, input_type=dict]
    For further information visit https://errors.pydantic.dev/2.8/v/missing
theme
  Field required [type=missing, input_value={'item': 'theme'}, input_type=dict]
    For further information visit https://errors.pydantic.dev/2.8/v/missing
2024-08-23 12:40:37 - ERROR - Validation error for dataset: Unknown title
Traceback (most recent call last):
  File "C:\Users\edmun\Projects\Repositories\healthpartners-interview\src\healthpartners_interview\download.py", line 31, in fetch_datasets
    dataset = Dataset(**current_item)
              ^^^^^^^^^^^^^^^^^^^^^^^
  File "C:\Users\edmun\Projects\Repositories\healthpartners-interview\.venv\Lib\site-packages\pydantic\main.py", line 193, in __init__
    self.__pydantic_validator__.validate_python(data, self_instance=self)
pydantic_core._pydantic_core.ValidationError: 16 validation errors for Dataset
accessLevel
  Field required [type=missing, input_value={}, input_type=dict]
    For further information visit https://errors.pydantic.dev/2.8/v/missing
landingPage
  Field required [type=missing, input_value={}, input_type=dict]
    For further information visit https://errors.pydantic.dev/2.8/v/missing
bureauCode
  Field required [type=missing, input_value={}, input_type=dict]
    For further information visit https://errors.pydantic.dev/2.8/v/missing
issued
  Field required [type=missing, input_value={}, input_type=dict]
    For further information visit https://errors.pydantic.dev/2.8/v/missing
@type
  Field required [type=missing, input_value={}, input_type=dict]
    For further information visit https://errors.pydantic.dev/2.8/v/missing
modified
  Field required [type=missing, input_value={}, input_type=dict]
    For further information visit https://errors.pydantic.dev/2.8/v/missing
released
  Field required [type=missing, input_value={}, input_type=dict]
    For further information visit https://errors.pydantic.dev/2.8/v/missing
keyword
  Field required [type=missing, input_value={}, input_type=dict]
    For further information visit https://errors.pydantic.dev/2.8/v/missing
contactPoint
  Field required [type=missing, input_value={}, input_type=dict]
    For further information visit https://errors.pydantic.dev/2.8/v/missing
publisher
  Field required [type=missing, input_value={}, input_type=dict]
    For further information visit https://errors.pydantic.dev/2.8/v/missing
identifier
  Field required [type=missing, input_value={}, input_type=dict]
    For further information visit https://errors.pydantic.dev/2.8/v/missing
description
  Field required [type=missing, input_value={}, input_type=dict]
    For further information visit https://errors.pydantic.dev/2.8/v/missing
title
  Field required [type=missing, input_value={}, input_type=dict]
    For further information visit https://errors.pydantic.dev/2.8/v/missing
programCode
  Field required [type=missing, input_value={}, input_type=dict]
    For further information visit https://errors.pydantic.dev/2.8/v/missing
distribution
  Field required [type=missing, input_value={}, input_type=dict]
    For further information visit https://errors.pydantic.dev/2.8/v/missing
theme
  Field required [type=missing, input_value={}, input_type=dict]
    For further information visit https://errors.pydantic.dev/2.8/v/missing
2024-08-23 12:40:37 - ERROR - Validation error for dataset: Unknown title
Traceback (most recent call last):
  File "C:\Users\edmun\Projects\Repositories\healthpartners-interview\src\healthpartners_interview\download.py", line 31, in fetch_datasets
    dataset = Dataset(**current_item)
              ^^^^^^^^^^^^^^^^^^^^^^^
  File "C:\Users\edmun\Projects\Repositories\healthpartners-interview\.venv\Lib\site-packages\pydantic\main.py", line 193, in __init__
    self.__pydantic_validator__.validate_python(data, self_instance=self)
pydantic_core._pydantic_core.ValidationError: 16 validation errors for Dataset
accessLevel
  Field required [type=missing, input_value={}, input_type=dict]
    For further information visit https://errors.pydantic.dev/2.8/v/missing
landingPage
  Field required [type=missing, input_value={}, input_type=dict]
    For further information visit https://errors.pydantic.dev/2.8/v/missing
bureauCode
  Field required [type=missing, input_value={}, input_type=dict]
    For further information visit https://errors.pydantic.dev/2.8/v/missing
issued
  Field required [type=missing, input_value={}, input_type=dict]
    For further information visit https://errors.pydantic.dev/2.8/v/missing
@type
  Field required [type=missing, input_value={}, input_type=dict]
    For further information visit https://errors.pydantic.dev/2.8/v/missing
modified
  Field required [type=missing, input_value={}, input_type=dict]
    For further information visit https://errors.pydantic.dev/2.8/v/missing
released
  Field required [type=missing, input_value={}, input_type=dict]
    For further information visit https://errors.pydantic.dev/2.8/v/missing
keyword
  Field required [type=missing, input_value={}, input_type=dict]
    For further information visit https://errors.pydantic.dev/2.8/v/missing
contactPoint
  Field required [type=missing, input_value={}, input_type=dict]
    For further information visit https://errors.pydantic.dev/2.8/v/missing
publisher
  Field required [type=missing, input_value={}, input_type=dict]
    For further information visit https://errors.pydantic.dev/2.8/v/missing
identifier
  Field required [type=missing, input_value={}, input_type=dict]
    For further information visit https://errors.pydantic.dev/2.8/v/missing
description
  Field required [type=missing, input_value={}, input_type=dict]
    For further information visit https://errors.pydantic.dev/2.8/v/missing
title
  Field required [type=missing, input_value={}, input_type=dict]
    For further information visit https://errors.pydantic.dev/2.8/v/missing
programCode
  Field required [type=missing, input_value={}, input_type=dict]
    For further information visit https://errors.pydantic.dev/2.8/v/missing
distribution
  Field required [type=missing, input_value={}, input_type=dict]
    For further information visit https://errors.pydantic.dev/2.8/v/missing
theme
  Field required [type=missing, input_value={}, input_type=dict]
    For further information visit https://errors.pydantic.dev/2.8/v/missing
2024-08-23 12:40:37 - ERROR - Validation error for dataset: Unknown title
Traceback (most recent call last):
  File "C:\Users\edmun\Projects\Repositories\healthpartners-interview\src\healthpartners_interview\download.py", line 31, in fetch_datasets
    dataset = Dataset(**current_item)
              ^^^^^^^^^^^^^^^^^^^^^^^
  File "C:\Users\edmun\Projects\Repositories\healthpartners-interview\.venv\Lib\site-packages\pydantic\main.py", line 193, in __init__
    self.__pydantic_validator__.validate_python(data, self_instance=self)
pydantic_core._pydantic_core.ValidationError: 16 validation errors for Dataset
accessLevel
  Field required [type=missing, input_value={}, input_type=dict]
    For further information visit https://errors.pydantic.dev/2.8/v/missing
landingPage
  Field required [type=missing, input_value={}, input_type=dict]
    For further information visit https://errors.pydantic.dev/2.8/v/missing
bureauCode
  Field required [type=missing, input_value={}, input_type=dict]
    For further information visit https://errors.pydantic.dev/2.8/v/missing
issued
  Field required [type=missing, input_value={}, input_type=dict]
    For further information visit https://errors.pydantic.dev/2.8/v/missing
@type
  Field required [type=missing, input_value={}, input_type=dict]
    For further information visit https://errors.pydantic.dev/2.8/v/missing
modified
  Field required [type=missing, input_value={}, input_type=dict]
    For further information visit https://errors.pydantic.dev/2.8/v/missing
released
  Field required [type=missing, input_value={}, input_type=dict]
    For further information visit https://errors.pydantic.dev/2.8/v/missing
keyword
  Field required [type=missing, input_value={}, input_type=dict]
    For further information visit https://errors.pydantic.dev/2.8/v/missing
contactPoint
  Field required [type=missing, input_value={}, input_type=dict]
    For further information visit https://errors.pydantic.dev/2.8/v/missing
publisher
  Field required [type=missing, input_value={}, input_type=dict]
    For further information visit https://errors.pydantic.dev/2.8/v/missing
identifier
  Field required [type=missing, input_value={}, input_type=dict]
    For further information visit https://errors.pydantic.dev/2.8/v/missing
description
  Field required [type=missing, input_value={}, input_type=dict]
    For further information visit https://errors.pydantic.dev/2.8/v/missing
title
  Field required [type=missing, input_value={}, input_type=dict]
    For further information visit https://errors.pydantic.dev/2.8/v/missing
programCode
  Field required [type=missing, input_value={}, input_type=dict]
    For further information visit https://errors.pydantic.dev/2.8/v/missing
distribution
  Field required [type=missing, input_value={}, input_type=dict]
    For further information visit https://errors.pydantic.dev/2.8/v/missing
theme
  Field required [type=missing, input_value={}, input_type=dict]
    For further information visit https://errors.pydantic.dev/2.8/v/missing
2024-08-23 12:40:37 - ERROR - Validation error for dataset: Unknown title
Traceback (most recent call last):
  File "C:\Users\edmun\Projects\Repositories\healthpartners-interview\src\healthpartners_interview\download.py", line 31, in fetch_datasets
    dataset = Dataset(**current_item)
              ^^^^^^^^^^^^^^^^^^^^^^^
  File "C:\Users\edmun\Projects\Repositories\healthpartners-interview\.venv\Lib\site-packages\pydantic\main.py", line 193, in __init__
    self.__pydantic_validator__.validate_python(data, self_instance=self)
pydantic_core._pydantic_core.ValidationError: 16 validation errors for Dataset
accessLevel
  Field required [type=missing, input_value={'item': 'theme'}, input_type=dict]
    For further information visit https://errors.pydantic.dev/2.8/v/missing
landingPage
  Field required [type=missing, input_value={'item': 'theme'}, input_type=dict]
    For further information visit https://errors.pydantic.dev/2.8/v/missing
bureauCode
  Field required [type=missing, input_value={'item': 'theme'}, input_type=dict]
    For further information visit https://errors.pydantic.dev/2.8/v/missing
issued
  Field required [type=missing, input_value={'item': 'theme'}, input_type=dict]
    For further information visit https://errors.pydantic.dev/2.8/v/missing
@type
  Field required [type=missing, input_value={'item': 'theme'}, input_type=dict]
    For further information visit https://errors.pydantic.dev/2.8/v/missing
modified
  Field required [type=missing, input_value={'item': 'theme'}, input_type=dict]
    For further information visit https://errors.pydantic.dev/2.8/v/missing
released
  Field required [type=missing, input_value={'item': 'theme'}, input_type=dict]
    For further information visit https://errors.pydantic.dev/2.8/v/missing
keyword
  Field required [type=missing, input_value={'item': 'theme'}, input_type=dict]
    For further information visit https://errors.pydantic.dev/2.8/v/missing
contactPoint
  Field required [type=missing, input_value={'item': 'theme'}, input_type=dict]
    For further information visit https://errors.pydantic.dev/2.8/v/missing
publisher
  Field required [type=missing, input_value={'item': 'theme'}, input_type=dict]
    For further information visit https://errors.pydantic.dev/2.8/v/missing
identifier
  Field required [type=missing, input_value={'item': 'theme'}, input_type=dict]
    For further information visit https://errors.pydantic.dev/2.8/v/missing
description
  Field required [type=missing, input_value={'item': 'theme'}, input_type=dict]
    For further information visit https://errors.pydantic.dev/2.8/v/missing
title
  Field required [type=missing, input_value={'item': 'theme'}, input_type=dict]
    For further information visit https://errors.pydantic.dev/2.8/v/missing
programCode
  Field required [type=missing, input_value={'item': 'theme'}, input_type=dict]
    For further information visit https://errors.pydantic.dev/2.8/v/missing
distribution
  Field required [type=missing, input_value={'item': 'theme'}, input_type=dict]
    For further information visit https://errors.pydantic.dev/2.8/v/missing
theme
  Field required [type=missing, input_value={'item': 'theme'}, input_type=dict]
    For further information visit https://errors.pydantic.dev/2.8/v/missing
2024-08-23 12:40:37 - ERROR - Validation error for dataset: Unknown title
Traceback (most recent call last):
  File "C:\Users\edmun\Projects\Repositories\healthpartners-interview\src\healthpartners_interview\download.py", line 31, in fetch_datasets
    dataset = Dataset(**current_item)
              ^^^^^^^^^^^^^^^^^^^^^^^
  File "C:\Users\edmun\Projects\Repositories\healthpartners-interview\.venv\Lib\site-packages\pydantic\main.py", line 193, in __init__
    self.__pydantic_validator__.validate_python(data, self_instance=self)
pydantic_core._pydantic_core.ValidationError: 16 validation errors for Dataset
accessLevel
  Field required [type=missing, input_value={}, input_type=dict]
    For further information visit https://errors.pydantic.dev/2.8/v/missing
landingPage
  Field required [type=missing, input_value={}, input_type=dict]
    For further information visit https://errors.pydantic.dev/2.8/v/missing
bureauCode
  Field required [type=missing, input_value={}, input_type=dict]
    For further information visit https://errors.pydantic.dev/2.8/v/missing
issued
  Field required [type=missing, input_value={}, input_type=dict]
    For further information visit https://errors.pydantic.dev/2.8/v/missing
@type
  Field required [type=missing, input_value={}, input_type=dict]
    For further information visit https://errors.pydantic.dev/2.8/v/missing
modified
  Field required [type=missing, input_value={}, input_type=dict]
    For further information visit https://errors.pydantic.dev/2.8/v/missing
released
  Field required [type=missing, input_value={}, input_type=dict]
    For further information visit https://errors.pydantic.dev/2.8/v/missing
keyword
  Field required [type=missing, input_value={}, input_type=dict]
    For further information visit https://errors.pydantic.dev/2.8/v/missing
contactPoint
  Field required [type=missing, input_value={}, input_type=dict]
    For further information visit https://errors.pydantic.dev/2.8/v/missing
publisher
  Field required [type=missing, input_value={}, input_type=dict]
    For further information visit https://errors.pydantic.dev/2.8/v/missing
identifier
  Field required [type=missing, input_value={}, input_type=dict]
    For further information visit https://errors.pydantic.dev/2.8/v/missing
description
  Field required [type=missing, input_value={}, input_type=dict]
    For further information visit https://errors.pydantic.dev/2.8/v/missing
title
  Field required [type=missing, input_value={}, input_type=dict]
    For further information visit https://errors.pydantic.dev/2.8/v/missing
programCode
  Field required [type=missing, input_value={}, input_type=dict]
    For further information visit https://errors.pydantic.dev/2.8/v/missing
distribution
  Field required [type=missing, input_value={}, input_type=dict]
    For further information visit https://errors.pydantic.dev/2.8/v/missing
theme
  Field required [type=missing, input_value={}, input_type=dict]
    For further information visit https://errors.pydantic.dev/2.8/v/missing
2024-08-23 12:40:37 - ERROR - Validation error for dataset: Unknown title
Traceback (most recent call last):
  File "C:\Users\edmun\Projects\Repositories\healthpartners-interview\src\healthpartners_interview\download.py", line 31, in fetch_datasets
    dataset = Dataset(**current_item)
              ^^^^^^^^^^^^^^^^^^^^^^^
  File "C:\Users\edmun\Projects\Repositories\healthpartners-interview\.venv\Lib\site-packages\pydantic\main.py", line 193, in __init__
    self.__pydantic_validator__.validate_python(data, self_instance=self)
pydantic_core._pydantic_core.ValidationError: 16 validation errors for Dataset
accessLevel
  Field required [type=missing, input_value={}, input_type=dict]
    For further information visit https://errors.pydantic.dev/2.8/v/missing
landingPage
  Field required [type=missing, input_value={}, input_type=dict]
    For further information visit https://errors.pydantic.dev/2.8/v/missing
bureauCode
  Field required [type=missing, input_value={}, input_type=dict]
    For further information visit https://errors.pydantic.dev/2.8/v/missing
issued
  Field required [type=missing, input_value={}, input_type=dict]
    For further information visit https://errors.pydantic.dev/2.8/v/missing
@type
  Field required [type=missing, input_value={}, input_type=dict]
    For further information visit https://errors.pydantic.dev/2.8/v/missing
modified
  Field required [type=missing, input_value={}, input_type=dict]
    For further information visit https://errors.pydantic.dev/2.8/v/missing
released
  Field required [type=missing, input_value={}, input_type=dict]
    For further information visit https://errors.pydantic.dev/2.8/v/missing
keyword
  Field required [type=missing, input_value={}, input_type=dict]
    For further information visit https://errors.pydantic.dev/2.8/v/missing
contactPoint
  Field required [type=missing, input_value={}, input_type=dict]
    For further information visit https://errors.pydantic.dev/2.8/v/missing
publisher
  Field required [type=missing, input_value={}, input_type=dict]
    For further information visit https://errors.pydantic.dev/2.8/v/missing
identifier
  Field required [type=missing, input_value={}, input_type=dict]
    For further information visit https://errors.pydantic.dev/2.8/v/missing
description
  Field required [type=missing, input_value={}, input_type=dict]
    For further information visit https://errors.pydantic.dev/2.8/v/missing
title
  Field required [type=missing, input_value={}, input_type=dict]
    For further information visit https://errors.pydantic.dev/2.8/v/missing
programCode
  Field required [type=missing, input_value={}, input_type=dict]
    For further information visit https://errors.pydantic.dev/2.8/v/missing
distribution
  Field required [type=missing, input_value={}, input_type=dict]
    For further information visit https://errors.pydantic.dev/2.8/v/missing
theme
  Field required [type=missing, input_value={}, input_type=dict]
    For further information visit https://errors.pydantic.dev/2.8/v/missing
2024-08-23 12:40:37 - ERROR - Validation error for dataset: Unknown title
Traceback (most recent call last):
  File "C:\Users\edmun\Projects\Repositories\healthpartners-interview\src\healthpartners_interview\download.py", line 31, in fetch_datasets
    dataset = Dataset(**current_item)
              ^^^^^^^^^^^^^^^^^^^^^^^
  File "C:\Users\edmun\Projects\Repositories\healthpartners-interview\.venv\Lib\site-packages\pydantic\main.py", line 193, in __init__
    self.__pydantic_validator__.validate_python(data, self_instance=self)
pydantic_core._pydantic_core.ValidationError: 16 validation errors for Dataset
accessLevel
  Field required [type=missing, input_value={}, input_type=dict]
    For further information visit https://errors.pydantic.dev/2.8/v/missing
landingPage
  Field required [type=missing, input_value={}, input_type=dict]
    For further information visit https://errors.pydantic.dev/2.8/v/missing
bureauCode
  Field required [type=missing, input_value={}, input_type=dict]
    For further information visit https://errors.pydantic.dev/2.8/v/missing
issued
  Field required [type=missing, input_value={}, input_type=dict]
    For further information visit https://errors.pydantic.dev/2.8/v/missing
@type
  Field required [type=missing, input_value={}, input_type=dict]
    For further information visit https://errors.pydantic.dev/2.8/v/missing
modified
  Field required [type=missing, input_value={}, input_type=dict]
    For further information visit https://errors.pydantic.dev/2.8/v/missing
released
  Field required [type=missing, input_value={}, input_type=dict]
    For further information visit https://errors.pydantic.dev/2.8/v/missing
keyword
  Field required [type=missing, input_value={}, input_type=dict]
    For further information visit https://errors.pydantic.dev/2.8/v/missing
contactPoint
  Field required [type=missing, input_value={}, input_type=dict]
    For further information visit https://errors.pydantic.dev/2.8/v/missing
publisher
  Field required [type=missing, input_value={}, input_type=dict]
    For further information visit https://errors.pydantic.dev/2.8/v/missing
identifier
  Field required [type=missing, input_value={}, input_type=dict]
    For further information visit https://errors.pydantic.dev/2.8/v/missing
description
  Field required [type=missing, input_value={}, input_type=dict]
    For further information visit https://errors.pydantic.dev/2.8/v/missing
title
  Field required [type=missing, input_value={}, input_type=dict]
    For further information visit https://errors.pydantic.dev/2.8/v/missing
programCode
  Field required [type=missing, input_value={}, input_type=dict]
    For further information visit https://errors.pydantic.dev/2.8/v/missing
distribution
  Field required [type=missing, input_value={}, input_type=dict]
    For further information visit https://errors.pydantic.dev/2.8/v/missing
theme
  Field required [type=missing, input_value={}, input_type=dict]
    For further information visit https://errors.pydantic.dev/2.8/v/missing
2024-08-23 12:40:37 - ERROR - Validation error for dataset: Unknown title
Traceback (most recent call last):
  File "C:\Users\edmun\Projects\Repositories\healthpartners-interview\src\healthpartners_interview\download.py", line 31, in fetch_datasets
    dataset = Dataset(**current_item)
              ^^^^^^^^^^^^^^^^^^^^^^^
  File "C:\Users\edmun\Projects\Repositories\healthpartners-interview\.venv\Lib\site-packages\pydantic\main.py", line 193, in __init__
    self.__pydantic_validator__.validate_python(data, self_instance=self)
pydantic_core._pydantic_core.ValidationError: 16 validation errors for Dataset
accessLevel
  Field required [type=missing, input_value={'item': 'theme'}, input_type=dict]
    For further information visit https://errors.pydantic.dev/2.8/v/missing
landingPage
  Field required [type=missing, input_value={'item': 'theme'}, input_type=dict]
    For further information visit https://errors.pydantic.dev/2.8/v/missing
bureauCode
  Field required [type=missing, input_value={'item': 'theme'}, input_type=dict]
    For further information visit https://errors.pydantic.dev/2.8/v/missing
issued
  Field required [type=missing, input_value={'item': 'theme'}, input_type=dict]
    For further information visit https://errors.pydantic.dev/2.8/v/missing
@type
  Field required [type=missing, input_value={'item': 'theme'}, input_type=dict]
    For further information visit https://errors.pydantic.dev/2.8/v/missing
modified
  Field required [type=missing, input_value={'item': 'theme'}, input_type=dict]
    For further information visit https://errors.pydantic.dev/2.8/v/missing
released
  Field required [type=missing, input_value={'item': 'theme'}, input_type=dict]
    For further information visit https://errors.pydantic.dev/2.8/v/missing
keyword
  Field required [type=missing, input_value={'item': 'theme'}, input_type=dict]
    For further information visit https://errors.pydantic.dev/2.8/v/missing
contactPoint
  Field required [type=missing, input_value={'item': 'theme'}, input_type=dict]
    For further information visit https://errors.pydantic.dev/2.8/v/missing
publisher
  Field required [type=missing, input_value={'item': 'theme'}, input_type=dict]
    For further information visit https://errors.pydantic.dev/2.8/v/missing
identifier
  Field required [type=missing, input_value={'item': 'theme'}, input_type=dict]
    For further information visit https://errors.pydantic.dev/2.8/v/missing
description
  Field required [type=missing, input_value={'item': 'theme'}, input_type=dict]
    For further information visit https://errors.pydantic.dev/2.8/v/missing
title
  Field required [type=missing, input_value={'item': 'theme'}, input_type=dict]
    For further information visit https://errors.pydantic.dev/2.8/v/missing
programCode
  Field required [type=missing, input_value={'item': 'theme'}, input_type=dict]
    For further information visit https://errors.pydantic.dev/2.8/v/missing
distribution
  Field required [type=missing, input_value={'item': 'theme'}, input_type=dict]
    For further information visit https://errors.pydantic.dev/2.8/v/missing
theme
  Field required [type=missing, input_value={'item': 'theme'}, input_type=dict]
    For further information visit https://errors.pydantic.dev/2.8/v/missing
2024-08-23 12:40:37 - ERROR - Validation error for dataset: Unknown title
Traceback (most recent call last):
  File "C:\Users\edmun\Projects\Repositories\healthpartners-interview\src\healthpartners_interview\download.py", line 31, in fetch_datasets
    dataset = Dataset(**current_item)
              ^^^^^^^^^^^^^^^^^^^^^^^
  File "C:\Users\edmun\Projects\Repositories\healthpartners-interview\.venv\Lib\site-packages\pydantic\main.py", line 193, in __init__
    self.__pydantic_validator__.validate_python(data, self_instance=self)
pydantic_core._pydantic_core.ValidationError: 16 validation errors for Dataset
accessLevel
  Field required [type=missing, input_value={}, input_type=dict]
    For further information visit https://errors.pydantic.dev/2.8/v/missing
landingPage
  Field required [type=missing, input_value={}, input_type=dict]
    For further information visit https://errors.pydantic.dev/2.8/v/missing
bureauCode
  Field required [type=missing, input_value={}, input_type=dict]
    For further information visit https://errors.pydantic.dev/2.8/v/missing
issued
  Field required [type=missing, input_value={}, input_type=dict]
    For further information visit https://errors.pydantic.dev/2.8/v/missing
@type
  Field required [type=missing, input_value={}, input_type=dict]
    For further information visit https://errors.pydantic.dev/2.8/v/missing
modified
  Field required [type=missing, input_value={}, input_type=dict]
    For further information visit https://errors.pydantic.dev/2.8/v/missing
released
  Field required [type=missing, input_value={}, input_type=dict]
    For further information visit https://errors.pydantic.dev/2.8/v/missing
keyword
  Field required [type=missing, input_value={}, input_type=dict]
    For further information visit https://errors.pydantic.dev/2.8/v/missing
contactPoint
  Field required [type=missing, input_value={}, input_type=dict]
    For further information visit https://errors.pydantic.dev/2.8/v/missing
publisher
  Field required [type=missing, input_value={}, input_type=dict]
    For further information visit https://errors.pydantic.dev/2.8/v/missing
identifier
  Field required [type=missing, input_value={}, input_type=dict]
    For further information visit https://errors.pydantic.dev/2.8/v/missing
description
  Field required [type=missing, input_value={}, input_type=dict]
    For further information visit https://errors.pydantic.dev/2.8/v/missing
title
  Field required [type=missing, input_value={}, input_type=dict]
    For further information visit https://errors.pydantic.dev/2.8/v/missing
programCode
  Field required [type=missing, input_value={}, input_type=dict]
    For further information visit https://errors.pydantic.dev/2.8/v/missing
distribution
  Field required [type=missing, input_value={}, input_type=dict]
    For further information visit https://errors.pydantic.dev/2.8/v/missing
theme
  Field required [type=missing, input_value={}, input_type=dict]
    For further information visit https://errors.pydantic.dev/2.8/v/missing
2024-08-23 12:40:37 - ERROR - Validation error for dataset: Unknown title
Traceback (most recent call last):
  File "C:\Users\edmun\Projects\Repositories\healthpartners-interview\src\healthpartners_interview\download.py", line 31, in fetch_datasets
    dataset = Dataset(**current_item)
              ^^^^^^^^^^^^^^^^^^^^^^^
  File "C:\Users\edmun\Projects\Repositories\healthpartners-interview\.venv\Lib\site-packages\pydantic\main.py", line 193, in __init__
    self.__pydantic_validator__.validate_python(data, self_instance=self)
pydantic_core._pydantic_core.ValidationError: 16 validation errors for Dataset
accessLevel
  Field required [type=missing, input_value={}, input_type=dict]
    For further information visit https://errors.pydantic.dev/2.8/v/missing
landingPage
  Field required [type=missing, input_value={}, input_type=dict]
    For further information visit https://errors.pydantic.dev/2.8/v/missing
bureauCode
  Field required [type=missing, input_value={}, input_type=dict]
    For further information visit https://errors.pydantic.dev/2.8/v/missing
issued
  Field required [type=missing, input_value={}, input_type=dict]
    For further information visit https://errors.pydantic.dev/2.8/v/missing
@type
  Field required [type=missing, input_value={}, input_type=dict]
    For further information visit https://errors.pydantic.dev/2.8/v/missing
modified
  Field required [type=missing, input_value={}, input_type=dict]
    For further information visit https://errors.pydantic.dev/2.8/v/missing
released
  Field required [type=missing, input_value={}, input_type=dict]
    For further information visit https://errors.pydantic.dev/2.8/v/missing
keyword
  Field required [type=missing, input_value={}, input_type=dict]
    For further information visit https://errors.pydantic.dev/2.8/v/missing
contactPoint
  Field required [type=missing, input_value={}, input_type=dict]
    For further information visit https://errors.pydantic.dev/2.8/v/missing
publisher
  Field required [type=missing, input_value={}, input_type=dict]
    For further information visit https://errors.pydantic.dev/2.8/v/missing
identifier
  Field required [type=missing, input_value={}, input_type=dict]
    For further information visit https://errors.pydantic.dev/2.8/v/missing
description
  Field required [type=missing, input_value={}, input_type=dict]
    For further information visit https://errors.pydantic.dev/2.8/v/missing
title
  Field required [type=missing, input_value={}, input_type=dict]
    For further information visit https://errors.pydantic.dev/2.8/v/missing
programCode
  Field required [type=missing, input_value={}, input_type=dict]
    For further information visit https://errors.pydantic.dev/2.8/v/missing
distribution
  Field required [type=missing, input_value={}, input_type=dict]
    For further information visit https://errors.pydantic.dev/2.8/v/missing
theme
  Field required [type=missing, input_value={}, input_type=dict]
    For further information visit https://errors.pydantic.dev/2.8/v/missing
2024-08-23 12:40:37 - ERROR - Validation error for dataset: Unknown title
Traceback (most recent call last):
  File "C:\Users\edmun\Projects\Repositories\healthpartners-interview\src\healthpartners_interview\download.py", line 31, in fetch_datasets
    dataset = Dataset(**current_item)
              ^^^^^^^^^^^^^^^^^^^^^^^
  File "C:\Users\edmun\Projects\Repositories\healthpartners-interview\.venv\Lib\site-packages\pydantic\main.py", line 193, in __init__
    self.__pydantic_validator__.validate_python(data, self_instance=self)
pydantic_core._pydantic_core.ValidationError: 16 validation errors for Dataset
accessLevel
  Field required [type=missing, input_value={}, input_type=dict]
    For further information visit https://errors.pydantic.dev/2.8/v/missing
landingPage
  Field required [type=missing, input_value={}, input_type=dict]
    For further information visit https://errors.pydantic.dev/2.8/v/missing
bureauCode
  Field required [type=missing, input_value={}, input_type=dict]
    For further information visit https://errors.pydantic.dev/2.8/v/missing
issued
  Field required [type=missing, input_value={}, input_type=dict]
    For further information visit https://errors.pydantic.dev/2.8/v/missing
@type
  Field required [type=missing, input_value={}, input_type=dict]
    For further information visit https://errors.pydantic.dev/2.8/v/missing
modified
  Field required [type=missing, input_value={}, input_type=dict]
    For further information visit https://errors.pydantic.dev/2.8/v/missing
released
  Field required [type=missing, input_value={}, input_type=dict]
    For further information visit https://errors.pydantic.dev/2.8/v/missing
keyword
  Field required [type=missing, input_value={}, input_type=dict]
    For further information visit https://errors.pydantic.dev/2.8/v/missing
contactPoint
  Field required [type=missing, input_value={}, input_type=dict]
    For further information visit https://errors.pydantic.dev/2.8/v/missing
publisher
  Field required [type=missing, input_value={}, input_type=dict]
    For further information visit https://errors.pydantic.dev/2.8/v/missing
identifier
  Field required [type=missing, input_value={}, input_type=dict]
    For further information visit https://errors.pydantic.dev/2.8/v/missing
description
  Field required [type=missing, input_value={}, input_type=dict]
    For further information visit https://errors.pydantic.dev/2.8/v/missing
title
  Field required [type=missing, input_value={}, input_type=dict]
    For further information visit https://errors.pydantic.dev/2.8/v/missing
programCode
  Field required [type=missing, input_value={}, input_type=dict]
    For further information visit https://errors.pydantic.dev/2.8/v/missing
distribution
  Field required [type=missing, input_value={}, input_type=dict]
    For further information visit https://errors.pydantic.dev/2.8/v/missing
theme
  Field required [type=missing, input_value={}, input_type=dict]
    For further information visit https://errors.pydantic.dev/2.8/v/missing
2024-08-23 12:40:37 - ERROR - Validation error for dataset: Unknown title
Traceback (most recent call last):
  File "C:\Users\edmun\Projects\Repositories\healthpartners-interview\src\healthpartners_interview\download.py", line 31, in fetch_datasets
    dataset = Dataset(**current_item)
              ^^^^^^^^^^^^^^^^^^^^^^^
  File "C:\Users\edmun\Projects\Repositories\healthpartners-interview\.venv\Lib\site-packages\pydantic\main.py", line 193, in __init__
    self.__pydantic_validator__.validate_python(data, self_instance=self)
pydantic_core._pydantic_core.ValidationError: 16 validation errors for Dataset
accessLevel
  Field required [type=missing, input_value={'item': 'theme'}, input_type=dict]
    For further information visit https://errors.pydantic.dev/2.8/v/missing
landingPage
  Field required [type=missing, input_value={'item': 'theme'}, input_type=dict]
    For further information visit https://errors.pydantic.dev/2.8/v/missing
bureauCode
  Field required [type=missing, input_value={'item': 'theme'}, input_type=dict]
    For further information visit https://errors.pydantic.dev/2.8/v/missing
issued
  Field required [type=missing, input_value={'item': 'theme'}, input_type=dict]
    For further information visit https://errors.pydantic.dev/2.8/v/missing
@type
  Field required [type=missing, input_value={'item': 'theme'}, input_type=dict]
    For further information visit https://errors.pydantic.dev/2.8/v/missing
modified
  Field required [type=missing, input_value={'item': 'theme'}, input_type=dict]
    For further information visit https://errors.pydantic.dev/2.8/v/missing
released
  Field required [type=missing, input_value={'item': 'theme'}, input_type=dict]
    For further information visit https://errors.pydantic.dev/2.8/v/missing
keyword
  Field required [type=missing, input_value={'item': 'theme'}, input_type=dict]
    For further information visit https://errors.pydantic.dev/2.8/v/missing
contactPoint
  Field required [type=missing, input_value={'item': 'theme'}, input_type=dict]
    For further information visit https://errors.pydantic.dev/2.8/v/missing
publisher
  Field required [type=missing, input_value={'item': 'theme'}, input_type=dict]
    For further information visit https://errors.pydantic.dev/2.8/v/missing
identifier
  Field required [type=missing, input_value={'item': 'theme'}, input_type=dict]
    For further information visit https://errors.pydantic.dev/2.8/v/missing
description
  Field required [type=missing, input_value={'item': 'theme'}, input_type=dict]
    For further information visit https://errors.pydantic.dev/2.8/v/missing
title
  Field required [type=missing, input_value={'item': 'theme'}, input_type=dict]
    For further information visit https://errors.pydantic.dev/2.8/v/missing
programCode
  Field required [type=missing, input_value={'item': 'theme'}, input_type=dict]
    For further information visit https://errors.pydantic.dev/2.8/v/missing
distribution
  Field required [type=missing, input_value={'item': 'theme'}, input_type=dict]
    For further information visit https://errors.pydantic.dev/2.8/v/missing
theme
  Field required [type=missing, input_value={'item': 'theme'}, input_type=dict]
    For further information visit https://errors.pydantic.dev/2.8/v/missing
2024-08-23 12:40:37 - ERROR - Validation error for dataset: Unknown title
Traceback (most recent call last):
  File "C:\Users\edmun\Projects\Repositories\healthpartners-interview\src\healthpartners_interview\download.py", line 31, in fetch_datasets
    dataset = Dataset(**current_item)
              ^^^^^^^^^^^^^^^^^^^^^^^
  File "C:\Users\edmun\Projects\Repositories\healthpartners-interview\.venv\Lib\site-packages\pydantic\main.py", line 193, in __init__
    self.__pydantic_validator__.validate_python(data, self_instance=self)
pydantic_core._pydantic_core.ValidationError: 16 validation errors for Dataset
accessLevel
  Field required [type=missing, input_value={}, input_type=dict]
    For further information visit https://errors.pydantic.dev/2.8/v/missing
landingPage
  Field required [type=missing, input_value={}, input_type=dict]
    For further information visit https://errors.pydantic.dev/2.8/v/missing
bureauCode
  Field required [type=missing, input_value={}, input_type=dict]
    For further information visit https://errors.pydantic.dev/2.8/v/missing
issued
  Field required [type=missing, input_value={}, input_type=dict]
    For further information visit https://errors.pydantic.dev/2.8/v/missing
@type
  Field required [type=missing, input_value={}, input_type=dict]
    For further information visit https://errors.pydantic.dev/2.8/v/missing
modified
  Field required [type=missing, input_value={}, input_type=dict]
    For further information visit https://errors.pydantic.dev/2.8/v/missing
released
  Field required [type=missing, input_value={}, input_type=dict]
    For further information visit https://errors.pydantic.dev/2.8/v/missing
keyword
  Field required [type=missing, input_value={}, input_type=dict]
    For further information visit https://errors.pydantic.dev/2.8/v/missing
contactPoint
  Field required [type=missing, input_value={}, input_type=dict]
    For further information visit https://errors.pydantic.dev/2.8/v/missing
publisher
  Field required [type=missing, input_value={}, input_type=dict]
    For further information visit https://errors.pydantic.dev/2.8/v/missing
identifier
  Field required [type=missing, input_value={}, input_type=dict]
    For further information visit https://errors.pydantic.dev/2.8/v/missing
description
  Field required [type=missing, input_value={}, input_type=dict]
    For further information visit https://errors.pydantic.dev/2.8/v/missing
title
  Field required [type=missing, input_value={}, input_type=dict]
    For further information visit https://errors.pydantic.dev/2.8/v/missing
programCode
  Field required [type=missing, input_value={}, input_type=dict]
    For further information visit https://errors.pydantic.dev/2.8/v/missing
distribution
  Field required [type=missing, input_value={}, input_type=dict]
    For further information visit https://errors.pydantic.dev/2.8/v/missing
theme
  Field required [type=missing, input_value={}, input_type=dict]
    For further information visit https://errors.pydantic.dev/2.8/v/missing
2024-08-23 12:40:37 - ERROR - Validation error for dataset: Unknown title
Traceback (most recent call last):
  File "C:\Users\edmun\Projects\Repositories\healthpartners-interview\src\healthpartners_interview\download.py", line 31, in fetch_datasets
    dataset = Dataset(**current_item)
              ^^^^^^^^^^^^^^^^^^^^^^^
  File "C:\Users\edmun\Projects\Repositories\healthpartners-interview\.venv\Lib\site-packages\pydantic\main.py", line 193, in __init__
    self.__pydantic_validator__.validate_python(data, self_instance=self)
pydantic_core._pydantic_core.ValidationError: 16 validation errors for Dataset
accessLevel
  Field required [type=missing, input_value={}, input_type=dict]
    For further information visit https://errors.pydantic.dev/2.8/v/missing
landingPage
  Field required [type=missing, input_value={}, input_type=dict]
    For further information visit https://errors.pydantic.dev/2.8/v/missing
bureauCode
  Field required [type=missing, input_value={}, input_type=dict]
    For further information visit https://errors.pydantic.dev/2.8/v/missing
issued
  Field required [type=missing, input_value={}, input_type=dict]
    For further information visit https://errors.pydantic.dev/2.8/v/missing
@type
  Field required [type=missing, input_value={}, input_type=dict]
    For further information visit https://errors.pydantic.dev/2.8/v/missing
modified
  Field required [type=missing, input_value={}, input_type=dict]
    For further information visit https://errors.pydantic.dev/2.8/v/missing
released
  Field required [type=missing, input_value={}, input_type=dict]
    For further information visit https://errors.pydantic.dev/2.8/v/missing
keyword
  Field required [type=missing, input_value={}, input_type=dict]
    For further information visit https://errors.pydantic.dev/2.8/v/missing
contactPoint
  Field required [type=missing, input_value={}, input_type=dict]
    For further information visit https://errors.pydantic.dev/2.8/v/missing
publisher
  Field required [type=missing, input_value={}, input_type=dict]
    For further information visit https://errors.pydantic.dev/2.8/v/missing
identifier
  Field required [type=missing, input_value={}, input_type=dict]
    For further information visit https://errors.pydantic.dev/2.8/v/missing
description
  Field required [type=missing, input_value={}, input_type=dict]
    For further information visit https://errors.pydantic.dev/2.8/v/missing
title
  Field required [type=missing, input_value={}, input_type=dict]
    For further information visit https://errors.pydantic.dev/2.8/v/missing
programCode
  Field required [type=missing, input_value={}, input_type=dict]
    For further information visit https://errors.pydantic.dev/2.8/v/missing
distribution
  Field required [type=missing, input_value={}, input_type=dict]
    For further information visit https://errors.pydantic.dev/2.8/v/missing
theme
  Field required [type=missing, input_value={}, input_type=dict]
    For further information visit https://errors.pydantic.dev/2.8/v/missing
2024-08-23 12:40:37 - ERROR - Validation error for dataset: Unknown title
Traceback (most recent call last):
  File "C:\Users\edmun\Projects\Repositories\healthpartners-interview\src\healthpartners_interview\download.py", line 31, in fetch_datasets
    dataset = Dataset(**current_item)
              ^^^^^^^^^^^^^^^^^^^^^^^
  File "C:\Users\edmun\Projects\Repositories\healthpartners-interview\.venv\Lib\site-packages\pydantic\main.py", line 193, in __init__
    self.__pydantic_validator__.validate_python(data, self_instance=self)
pydantic_core._pydantic_core.ValidationError: 16 validation errors for Dataset
accessLevel
  Field required [type=missing, input_value={}, input_type=dict]
    For further information visit https://errors.pydantic.dev/2.8/v/missing
landingPage
  Field required [type=missing, input_value={}, input_type=dict]
    For further information visit https://errors.pydantic.dev/2.8/v/missing
bureauCode
  Field required [type=missing, input_value={}, input_type=dict]
    For further information visit https://errors.pydantic.dev/2.8/v/missing
issued
  Field required [type=missing, input_value={}, input_type=dict]
    For further information visit https://errors.pydantic.dev/2.8/v/missing
@type
  Field required [type=missing, input_value={}, input_type=dict]
    For further information visit https://errors.pydantic.dev/2.8/v/missing
modified
  Field required [type=missing, input_value={}, input_type=dict]
    For further information visit https://errors.pydantic.dev/2.8/v/missing
released
  Field required [type=missing, input_value={}, input_type=dict]
    For further information visit https://errors.pydantic.dev/2.8/v/missing
keyword
  Field required [type=missing, input_value={}, input_type=dict]
    For further information visit https://errors.pydantic.dev/2.8/v/missing
contactPoint
  Field required [type=missing, input_value={}, input_type=dict]
    For further information visit https://errors.pydantic.dev/2.8/v/missing
publisher
  Field required [type=missing, input_value={}, input_type=dict]
    For further information visit https://errors.pydantic.dev/2.8/v/missing
identifier
  Field required [type=missing, input_value={}, input_type=dict]
    For further information visit https://errors.pydantic.dev/2.8/v/missing
description
  Field required [type=missing, input_value={}, input_type=dict]
    For further information visit https://errors.pydantic.dev/2.8/v/missing
title
  Field required [type=missing, input_value={}, input_type=dict]
    For further information visit https://errors.pydantic.dev/2.8/v/missing
programCode
  Field required [type=missing, input_value={}, input_type=dict]
    For further information visit https://errors.pydantic.dev/2.8/v/missing
distribution
  Field required [type=missing, input_value={}, input_type=dict]
    For further information visit https://errors.pydantic.dev/2.8/v/missing
theme
  Field required [type=missing, input_value={}, input_type=dict]
    For further information visit https://errors.pydantic.dev/2.8/v/missing
2024-08-23 12:40:37 - ERROR - Validation error for dataset: Unknown title
Traceback (most recent call last):
  File "C:\Users\edmun\Projects\Repositories\healthpartners-interview\src\healthpartners_interview\download.py", line 31, in fetch_datasets
    dataset = Dataset(**current_item)
              ^^^^^^^^^^^^^^^^^^^^^^^
  File "C:\Users\edmun\Projects\Repositories\healthpartners-interview\.venv\Lib\site-packages\pydantic\main.py", line 193, in __init__
    self.__pydantic_validator__.validate_python(data, self_instance=self)
pydantic_core._pydantic_core.ValidationError: 16 validation errors for Dataset
accessLevel
  Field required [type=missing, input_value={'item': 'theme'}, input_type=dict]
    For further information visit https://errors.pydantic.dev/2.8/v/missing
landingPage
  Field required [type=missing, input_value={'item': 'theme'}, input_type=dict]
    For further information visit https://errors.pydantic.dev/2.8/v/missing
bureauCode
  Field required [type=missing, input_value={'item': 'theme'}, input_type=dict]
    For further information visit https://errors.pydantic.dev/2.8/v/missing
issued
  Field required [type=missing, input_value={'item': 'theme'}, input_type=dict]
    For further information visit https://errors.pydantic.dev/2.8/v/missing
@type
  Field required [type=missing, input_value={'item': 'theme'}, input_type=dict]
    For further information visit https://errors.pydantic.dev/2.8/v/missing
modified
  Field required [type=missing, input_value={'item': 'theme'}, input_type=dict]
    For further information visit https://errors.pydantic.dev/2.8/v/missing
released
  Field required [type=missing, input_value={'item': 'theme'}, input_type=dict]
    For further information visit https://errors.pydantic.dev/2.8/v/missing
keyword
  Field required [type=missing, input_value={'item': 'theme'}, input_type=dict]
    For further information visit https://errors.pydantic.dev/2.8/v/missing
contactPoint
  Field required [type=missing, input_value={'item': 'theme'}, input_type=dict]
    For further information visit https://errors.pydantic.dev/2.8/v/missing
publisher
  Field required [type=missing, input_value={'item': 'theme'}, input_type=dict]
    For further information visit https://errors.pydantic.dev/2.8/v/missing
identifier
  Field required [type=missing, input_value={'item': 'theme'}, input_type=dict]
    For further information visit https://errors.pydantic.dev/2.8/v/missing
description
  Field required [type=missing, input_value={'item': 'theme'}, input_type=dict]
    For further information visit https://errors.pydantic.dev/2.8/v/missing
title
  Field required [type=missing, input_value={'item': 'theme'}, input_type=dict]
    For further information visit https://errors.pydantic.dev/2.8/v/missing
programCode
  Field required [type=missing, input_value={'item': 'theme'}, input_type=dict]
    For further information visit https://errors.pydantic.dev/2.8/v/missing
distribution
  Field required [type=missing, input_value={'item': 'theme'}, input_type=dict]
    For further information visit https://errors.pydantic.dev/2.8/v/missing
theme
  Field required [type=missing, input_value={'item': 'theme'}, input_type=dict]
    For further information visit https://errors.pydantic.dev/2.8/v/missing
2024-08-23 12:40:37 - ERROR - Validation error for dataset: Unknown title
Traceback (most recent call last):
  File "C:\Users\edmun\Projects\Repositories\healthpartners-interview\src\healthpartners_interview\download.py", line 31, in fetch_datasets
    dataset = Dataset(**current_item)
              ^^^^^^^^^^^^^^^^^^^^^^^
  File "C:\Users\edmun\Projects\Repositories\healthpartners-interview\.venv\Lib\site-packages\pydantic\main.py", line 193, in __init__
    self.__pydantic_validator__.validate_python(data, self_instance=self)
pydantic_core._pydantic_core.ValidationError: 16 validation errors for Dataset
accessLevel
  Field required [type=missing, input_value={}, input_type=dict]
    For further information visit https://errors.pydantic.dev/2.8/v/missing
landingPage
  Field required [type=missing, input_value={}, input_type=dict]
    For further information visit https://errors.pydantic.dev/2.8/v/missing
bureauCode
  Field required [type=missing, input_value={}, input_type=dict]
    For further information visit https://errors.pydantic.dev/2.8/v/missing
issued
  Field required [type=missing, input_value={}, input_type=dict]
    For further information visit https://errors.pydantic.dev/2.8/v/missing
@type
  Field required [type=missing, input_value={}, input_type=dict]
    For further information visit https://errors.pydantic.dev/2.8/v/missing
modified
  Field required [type=missing, input_value={}, input_type=dict]
    For further information visit https://errors.pydantic.dev/2.8/v/missing
released
  Field required [type=missing, input_value={}, input_type=dict]
    For further information visit https://errors.pydantic.dev/2.8/v/missing
keyword
  Field required [type=missing, input_value={}, input_type=dict]
    For further information visit https://errors.pydantic.dev/2.8/v/missing
contactPoint
  Field required [type=missing, input_value={}, input_type=dict]
    For further information visit https://errors.pydantic.dev/2.8/v/missing
publisher
  Field required [type=missing, input_value={}, input_type=dict]
    For further information visit https://errors.pydantic.dev/2.8/v/missing
identifier
  Field required [type=missing, input_value={}, input_type=dict]
    For further information visit https://errors.pydantic.dev/2.8/v/missing
description
  Field required [type=missing, input_value={}, input_type=dict]
    For further information visit https://errors.pydantic.dev/2.8/v/missing
title
  Field required [type=missing, input_value={}, input_type=dict]
    For further information visit https://errors.pydantic.dev/2.8/v/missing
programCode
  Field required [type=missing, input_value={}, input_type=dict]
    For further information visit https://errors.pydantic.dev/2.8/v/missing
distribution
  Field required [type=missing, input_value={}, input_type=dict]
    For further information visit https://errors.pydantic.dev/2.8/v/missing
theme
  Field required [type=missing, input_value={}, input_type=dict]
    For further information visit https://errors.pydantic.dev/2.8/v/missing
2024-08-23 12:40:37 - ERROR - Validation error for dataset: Unknown title
Traceback (most recent call last):
  File "C:\Users\edmun\Projects\Repositories\healthpartners-interview\src\healthpartners_interview\download.py", line 31, in fetch_datasets
    dataset = Dataset(**current_item)
              ^^^^^^^^^^^^^^^^^^^^^^^
  File "C:\Users\edmun\Projects\Repositories\healthpartners-interview\.venv\Lib\site-packages\pydantic\main.py", line 193, in __init__
    self.__pydantic_validator__.validate_python(data, self_instance=self)
pydantic_core._pydantic_core.ValidationError: 16 validation errors for Dataset
accessLevel
  Field required [type=missing, input_value={}, input_type=dict]
    For further information visit https://errors.pydantic.dev/2.8/v/missing
landingPage
  Field required [type=missing, input_value={}, input_type=dict]
    For further information visit https://errors.pydantic.dev/2.8/v/missing
bureauCode
  Field required [type=missing, input_value={}, input_type=dict]
    For further information visit https://errors.pydantic.dev/2.8/v/missing
issued
  Field required [type=missing, input_value={}, input_type=dict]
    For further information visit https://errors.pydantic.dev/2.8/v/missing
@type
  Field required [type=missing, input_value={}, input_type=dict]
    For further information visit https://errors.pydantic.dev/2.8/v/missing
modified
  Field required [type=missing, input_value={}, input_type=dict]
    For further information visit https://errors.pydantic.dev/2.8/v/missing
released
  Field required [type=missing, input_value={}, input_type=dict]
    For further information visit https://errors.pydantic.dev/2.8/v/missing
keyword
  Field required [type=missing, input_value={}, input_type=dict]
    For further information visit https://errors.pydantic.dev/2.8/v/missing
contactPoint
  Field required [type=missing, input_value={}, input_type=dict]
    For further information visit https://errors.pydantic.dev/2.8/v/missing
publisher
  Field required [type=missing, input_value={}, input_type=dict]
    For further information visit https://errors.pydantic.dev/2.8/v/missing
identifier
  Field required [type=missing, input_value={}, input_type=dict]
    For further information visit https://errors.pydantic.dev/2.8/v/missing
description
  Field required [type=missing, input_value={}, input_type=dict]
    For further information visit https://errors.pydantic.dev/2.8/v/missing
title
  Field required [type=missing, input_value={}, input_type=dict]
    For further information visit https://errors.pydantic.dev/2.8/v/missing
programCode
  Field required [type=missing, input_value={}, input_type=dict]
    For further information visit https://errors.pydantic.dev/2.8/v/missing
distribution
  Field required [type=missing, input_value={}, input_type=dict]
    For further information visit https://errors.pydantic.dev/2.8/v/missing
theme
  Field required [type=missing, input_value={}, input_type=dict]
    For further information visit https://errors.pydantic.dev/2.8/v/missing
2024-08-23 12:40:37 - ERROR - Validation error for dataset: Unknown title
Traceback (most recent call last):
  File "C:\Users\edmun\Projects\Repositories\healthpartners-interview\src\healthpartners_interview\download.py", line 31, in fetch_datasets
    dataset = Dataset(**current_item)
              ^^^^^^^^^^^^^^^^^^^^^^^
  File "C:\Users\edmun\Projects\Repositories\healthpartners-interview\.venv\Lib\site-packages\pydantic\main.py", line 193, in __init__
    self.__pydantic_validator__.validate_python(data, self_instance=self)
pydantic_core._pydantic_core.ValidationError: 16 validation errors for Dataset
accessLevel
  Field required [type=missing, input_value={}, input_type=dict]
    For further information visit https://errors.pydantic.dev/2.8/v/missing
landingPage
  Field required [type=missing, input_value={}, input_type=dict]
    For further information visit https://errors.pydantic.dev/2.8/v/missing
bureauCode
  Field required [type=missing, input_value={}, input_type=dict]
    For further information visit https://errors.pydantic.dev/2.8/v/missing
issued
  Field required [type=missing, input_value={}, input_type=dict]
    For further information visit https://errors.pydantic.dev/2.8/v/missing
@type
  Field required [type=missing, input_value={}, input_type=dict]
    For further information visit https://errors.pydantic.dev/2.8/v/missing
modified
  Field required [type=missing, input_value={}, input_type=dict]
    For further information visit https://errors.pydantic.dev/2.8/v/missing
released
  Field required [type=missing, input_value={}, input_type=dict]
    For further information visit https://errors.pydantic.dev/2.8/v/missing
keyword
  Field required [type=missing, input_value={}, input_type=dict]
    For further information visit https://errors.pydantic.dev/2.8/v/missing
contactPoint
  Field required [type=missing, input_value={}, input_type=dict]
    For further information visit https://errors.pydantic.dev/2.8/v/missing
publisher
  Field required [type=missing, input_value={}, input_type=dict]
    For further information visit https://errors.pydantic.dev/2.8/v/missing
identifier
  Field required [type=missing, input_value={}, input_type=dict]
    For further information visit https://errors.pydantic.dev/2.8/v/missing
description
  Field required [type=missing, input_value={}, input_type=dict]
    For further information visit https://errors.pydantic.dev/2.8/v/missing
title
  Field required [type=missing, input_value={}, input_type=dict]
    For further information visit https://errors.pydantic.dev/2.8/v/missing
programCode
  Field required [type=missing, input_value={}, input_type=dict]
    For further information visit https://errors.pydantic.dev/2.8/v/missing
distribution
  Field required [type=missing, input_value={}, input_type=dict]
    For further information visit https://errors.pydantic.dev/2.8/v/missing
theme
  Field required [type=missing, input_value={}, input_type=dict]
    For further information visit https://errors.pydantic.dev/2.8/v/missing
2024-08-23 12:40:37 - ERROR - Validation error for dataset: Unknown title
Traceback (most recent call last):
  File "C:\Users\edmun\Projects\Repositories\healthpartners-interview\src\healthpartners_interview\download.py", line 31, in fetch_datasets
    dataset = Dataset(**current_item)
              ^^^^^^^^^^^^^^^^^^^^^^^
  File "C:\Users\edmun\Projects\Repositories\healthpartners-interview\.venv\Lib\site-packages\pydantic\main.py", line 193, in __init__
    self.__pydantic_validator__.validate_python(data, self_instance=self)
pydantic_core._pydantic_core.ValidationError: 16 validation errors for Dataset
accessLevel
  Field required [type=missing, input_value={'item': 'theme'}, input_type=dict]
    For further information visit https://errors.pydantic.dev/2.8/v/missing
landingPage
  Field required [type=missing, input_value={'item': 'theme'}, input_type=dict]
    For further information visit https://errors.pydantic.dev/2.8/v/missing
bureauCode
  Field required [type=missing, input_value={'item': 'theme'}, input_type=dict]
    For further information visit https://errors.pydantic.dev/2.8/v/missing
issued
  Field required [type=missing, input_value={'item': 'theme'}, input_type=dict]
    For further information visit https://errors.pydantic.dev/2.8/v/missing
@type
  Field required [type=missing, input_value={'item': 'theme'}, input_type=dict]
    For further information visit https://errors.pydantic.dev/2.8/v/missing
modified
  Field required [type=missing, input_value={'item': 'theme'}, input_type=dict]
    For further information visit https://errors.pydantic.dev/2.8/v/missing
released
  Field required [type=missing, input_value={'item': 'theme'}, input_type=dict]
    For further information visit https://errors.pydantic.dev/2.8/v/missing
keyword
  Field required [type=missing, input_value={'item': 'theme'}, input_type=dict]
    For further information visit https://errors.pydantic.dev/2.8/v/missing
contactPoint
  Field required [type=missing, input_value={'item': 'theme'}, input_type=dict]
    For further information visit https://errors.pydantic.dev/2.8/v/missing
publisher
  Field required [type=missing, input_value={'item': 'theme'}, input_type=dict]
    For further information visit https://errors.pydantic.dev/2.8/v/missing
identifier
  Field required [type=missing, input_value={'item': 'theme'}, input_type=dict]
    For further information visit https://errors.pydantic.dev/2.8/v/missing
description
  Field required [type=missing, input_value={'item': 'theme'}, input_type=dict]
    For further information visit https://errors.pydantic.dev/2.8/v/missing
title
  Field required [type=missing, input_value={'item': 'theme'}, input_type=dict]
    For further information visit https://errors.pydantic.dev/2.8/v/missing
programCode
  Field required [type=missing, input_value={'item': 'theme'}, input_type=dict]
    For further information visit https://errors.pydantic.dev/2.8/v/missing
distribution
  Field required [type=missing, input_value={'item': 'theme'}, input_type=dict]
    For further information visit https://errors.pydantic.dev/2.8/v/missing
theme
  Field required [type=missing, input_value={'item': 'theme'}, input_type=dict]
    For further information visit https://errors.pydantic.dev/2.8/v/missing
2024-08-23 12:40:37 - ERROR - Validation error for dataset: Unknown title
Traceback (most recent call last):
  File "C:\Users\edmun\Projects\Repositories\healthpartners-interview\src\healthpartners_interview\download.py", line 31, in fetch_datasets
    dataset = Dataset(**current_item)
              ^^^^^^^^^^^^^^^^^^^^^^^
  File "C:\Users\edmun\Projects\Repositories\healthpartners-interview\.venv\Lib\site-packages\pydantic\main.py", line 193, in __init__
    self.__pydantic_validator__.validate_python(data, self_instance=self)
pydantic_core._pydantic_core.ValidationError: 16 validation errors for Dataset
accessLevel
  Field required [type=missing, input_value={}, input_type=dict]
    For further information visit https://errors.pydantic.dev/2.8/v/missing
landingPage
  Field required [type=missing, input_value={}, input_type=dict]
    For further information visit https://errors.pydantic.dev/2.8/v/missing
bureauCode
  Field required [type=missing, input_value={}, input_type=dict]
    For further information visit https://errors.pydantic.dev/2.8/v/missing
issued
  Field required [type=missing, input_value={}, input_type=dict]
    For further information visit https://errors.pydantic.dev/2.8/v/missing
@type
  Field required [type=missing, input_value={}, input_type=dict]
    For further information visit https://errors.pydantic.dev/2.8/v/missing
modified
  Field required [type=missing, input_value={}, input_type=dict]
    For further information visit https://errors.pydantic.dev/2.8/v/missing
released
  Field required [type=missing, input_value={}, input_type=dict]
    For further information visit https://errors.pydantic.dev/2.8/v/missing
keyword
  Field required [type=missing, input_value={}, input_type=dict]
    For further information visit https://errors.pydantic.dev/2.8/v/missing
contactPoint
  Field required [type=missing, input_value={}, input_type=dict]
    For further information visit https://errors.pydantic.dev/2.8/v/missing
publisher
  Field required [type=missing, input_value={}, input_type=dict]
    For further information visit https://errors.pydantic.dev/2.8/v/missing
identifier
  Field required [type=missing, input_value={}, input_type=dict]
    For further information visit https://errors.pydantic.dev/2.8/v/missing
description
  Field required [type=missing, input_value={}, input_type=dict]
    For further information visit https://errors.pydantic.dev/2.8/v/missing
title
  Field required [type=missing, input_value={}, input_type=dict]
    For further information visit https://errors.pydantic.dev/2.8/v/missing
programCode
  Field required [type=missing, input_value={}, input_type=dict]
    For further information visit https://errors.pydantic.dev/2.8/v/missing
distribution
  Field required [type=missing, input_value={}, input_type=dict]
    For further information visit https://errors.pydantic.dev/2.8/v/missing
theme
  Field required [type=missing, input_value={}, input_type=dict]
    For further information visit https://errors.pydantic.dev/2.8/v/missing
2024-08-23 12:40:37 - ERROR - Validation error for dataset: Unknown title
Traceback (most recent call last):
  File "C:\Users\edmun\Projects\Repositories\healthpartners-interview\src\healthpartners_interview\download.py", line 31, in fetch_datasets
    dataset = Dataset(**current_item)
              ^^^^^^^^^^^^^^^^^^^^^^^
  File "C:\Users\edmun\Projects\Repositories\healthpartners-interview\.venv\Lib\site-packages\pydantic\main.py", line 193, in __init__
    self.__pydantic_validator__.validate_python(data, self_instance=self)
pydantic_core._pydantic_core.ValidationError: 16 validation errors for Dataset
accessLevel
  Field required [type=missing, input_value={}, input_type=dict]
    For further information visit https://errors.pydantic.dev/2.8/v/missing
landingPage
  Field required [type=missing, input_value={}, input_type=dict]
    For further information visit https://errors.pydantic.dev/2.8/v/missing
bureauCode
  Field required [type=missing, input_value={}, input_type=dict]
    For further information visit https://errors.pydantic.dev/2.8/v/missing
issued
  Field required [type=missing, input_value={}, input_type=dict]
    For further information visit https://errors.pydantic.dev/2.8/v/missing
@type
  Field required [type=missing, input_value={}, input_type=dict]
    For further information visit https://errors.pydantic.dev/2.8/v/missing
modified
  Field required [type=missing, input_value={}, input_type=dict]
    For further information visit https://errors.pydantic.dev/2.8/v/missing
released
  Field required [type=missing, input_value={}, input_type=dict]
    For further information visit https://errors.pydantic.dev/2.8/v/missing
keyword
  Field required [type=missing, input_value={}, input_type=dict]
    For further information visit https://errors.pydantic.dev/2.8/v/missing
contactPoint
  Field required [type=missing, input_value={}, input_type=dict]
    For further information visit https://errors.pydantic.dev/2.8/v/missing
publisher
  Field required [type=missing, input_value={}, input_type=dict]
    For further information visit https://errors.pydantic.dev/2.8/v/missing
identifier
  Field required [type=missing, input_value={}, input_type=dict]
    For further information visit https://errors.pydantic.dev/2.8/v/missing
description
  Field required [type=missing, input_value={}, input_type=dict]
    For further information visit https://errors.pydantic.dev/2.8/v/missing
title
  Field required [type=missing, input_value={}, input_type=dict]
    For further information visit https://errors.pydantic.dev/2.8/v/missing
programCode
  Field required [type=missing, input_value={}, input_type=dict]
    For further information visit https://errors.pydantic.dev/2.8/v/missing
distribution
  Field required [type=missing, input_value={}, input_type=dict]
    For further information visit https://errors.pydantic.dev/2.8/v/missing
theme
  Field required [type=missing, input_value={}, input_type=dict]
    For further information visit https://errors.pydantic.dev/2.8/v/missing
2024-08-23 12:40:37 - ERROR - Validation error for dataset: Unknown title
Traceback (most recent call last):
  File "C:\Users\edmun\Projects\Repositories\healthpartners-interview\src\healthpartners_interview\download.py", line 31, in fetch_datasets
    dataset = Dataset(**current_item)
              ^^^^^^^^^^^^^^^^^^^^^^^
  File "C:\Users\edmun\Projects\Repositories\healthpartners-interview\.venv\Lib\site-packages\pydantic\main.py", line 193, in __init__
    self.__pydantic_validator__.validate_python(data, self_instance=self)
pydantic_core._pydantic_core.ValidationError: 16 validation errors for Dataset
accessLevel
  Field required [type=missing, input_value={}, input_type=dict]
    For further information visit https://errors.pydantic.dev/2.8/v/missing
landingPage
  Field required [type=missing, input_value={}, input_type=dict]
    For further information visit https://errors.pydantic.dev/2.8/v/missing
bureauCode
  Field required [type=missing, input_value={}, input_type=dict]
    For further information visit https://errors.pydantic.dev/2.8/v/missing
issued
  Field required [type=missing, input_value={}, input_type=dict]
    For further information visit https://errors.pydantic.dev/2.8/v/missing
@type
  Field required [type=missing, input_value={}, input_type=dict]
    For further information visit https://errors.pydantic.dev/2.8/v/missing
modified
  Field required [type=missing, input_value={}, input_type=dict]
    For further information visit https://errors.pydantic.dev/2.8/v/missing
released
  Field required [type=missing, input_value={}, input_type=dict]
    For further information visit https://errors.pydantic.dev/2.8/v/missing
keyword
  Field required [type=missing, input_value={}, input_type=dict]
    For further information visit https://errors.pydantic.dev/2.8/v/missing
contactPoint
  Field required [type=missing, input_value={}, input_type=dict]
    For further information visit https://errors.pydantic.dev/2.8/v/missing
publisher
  Field required [type=missing, input_value={}, input_type=dict]
    For further information visit https://errors.pydantic.dev/2.8/v/missing
identifier
  Field required [type=missing, input_value={}, input_type=dict]
    For further information visit https://errors.pydantic.dev/2.8/v/missing
description
  Field required [type=missing, input_value={}, input_type=dict]
    For further information visit https://errors.pydantic.dev/2.8/v/missing
title
  Field required [type=missing, input_value={}, input_type=dict]
    For further information visit https://errors.pydantic.dev/2.8/v/missing
programCode
  Field required [type=missing, input_value={}, input_type=dict]
    For further information visit https://errors.pydantic.dev/2.8/v/missing
distribution
  Field required [type=missing, input_value={}, input_type=dict]
    For further information visit https://errors.pydantic.dev/2.8/v/missing
theme
  Field required [type=missing, input_value={}, input_type=dict]
    For further information visit https://errors.pydantic.dev/2.8/v/missing
2024-08-23 12:40:37 - ERROR - Validation error for dataset: Unknown title
Traceback (most recent call last):
  File "C:\Users\edmun\Projects\Repositories\healthpartners-interview\src\healthpartners_interview\download.py", line 31, in fetch_datasets
    dataset = Dataset(**current_item)
              ^^^^^^^^^^^^^^^^^^^^^^^
  File "C:\Users\edmun\Projects\Repositories\healthpartners-interview\.venv\Lib\site-packages\pydantic\main.py", line 193, in __init__
    self.__pydantic_validator__.validate_python(data, self_instance=self)
pydantic_core._pydantic_core.ValidationError: 16 validation errors for Dataset
accessLevel
  Field required [type=missing, input_value={'item': 'theme'}, input_type=dict]
    For further information visit https://errors.pydantic.dev/2.8/v/missing
landingPage
  Field required [type=missing, input_value={'item': 'theme'}, input_type=dict]
    For further information visit https://errors.pydantic.dev/2.8/v/missing
bureauCode
  Field required [type=missing, input_value={'item': 'theme'}, input_type=dict]
    For further information visit https://errors.pydantic.dev/2.8/v/missing
issued
  Field required [type=missing, input_value={'item': 'theme'}, input_type=dict]
    For further information visit https://errors.pydantic.dev/2.8/v/missing
@type
  Field required [type=missing, input_value={'item': 'theme'}, input_type=dict]
    For further information visit https://errors.pydantic.dev/2.8/v/missing
modified
  Field required [type=missing, input_value={'item': 'theme'}, input_type=dict]
    For further information visit https://errors.pydantic.dev/2.8/v/missing
released
  Field required [type=missing, input_value={'item': 'theme'}, input_type=dict]
    For further information visit https://errors.pydantic.dev/2.8/v/missing
keyword
  Field required [type=missing, input_value={'item': 'theme'}, input_type=dict]
    For further information visit https://errors.pydantic.dev/2.8/v/missing
contactPoint
  Field required [type=missing, input_value={'item': 'theme'}, input_type=dict]
    For further information visit https://errors.pydantic.dev/2.8/v/missing
publisher
  Field required [type=missing, input_value={'item': 'theme'}, input_type=dict]
    For further information visit https://errors.pydantic.dev/2.8/v/missing
identifier
  Field required [type=missing, input_value={'item': 'theme'}, input_type=dict]
    For further information visit https://errors.pydantic.dev/2.8/v/missing
description
  Field required [type=missing, input_value={'item': 'theme'}, input_type=dict]
    For further information visit https://errors.pydantic.dev/2.8/v/missing
title
  Field required [type=missing, input_value={'item': 'theme'}, input_type=dict]
    For further information visit https://errors.pydantic.dev/2.8/v/missing
programCode
  Field required [type=missing, input_value={'item': 'theme'}, input_type=dict]
    For further information visit https://errors.pydantic.dev/2.8/v/missing
distribution
  Field required [type=missing, input_value={'item': 'theme'}, input_type=dict]
    For further information visit https://errors.pydantic.dev/2.8/v/missing
theme
  Field required [type=missing, input_value={'item': 'theme'}, input_type=dict]
    For further information visit https://errors.pydantic.dev/2.8/v/missing
2024-08-23 12:40:37 - ERROR - Validation error for dataset: Unknown title
Traceback (most recent call last):
  File "C:\Users\edmun\Projects\Repositories\healthpartners-interview\src\healthpartners_interview\download.py", line 31, in fetch_datasets
    dataset = Dataset(**current_item)
              ^^^^^^^^^^^^^^^^^^^^^^^
  File "C:\Users\edmun\Projects\Repositories\healthpartners-interview\.venv\Lib\site-packages\pydantic\main.py", line 193, in __init__
    self.__pydantic_validator__.validate_python(data, self_instance=self)
pydantic_core._pydantic_core.ValidationError: 16 validation errors for Dataset
accessLevel
  Field required [type=missing, input_value={}, input_type=dict]
    For further information visit https://errors.pydantic.dev/2.8/v/missing
landingPage
  Field required [type=missing, input_value={}, input_type=dict]
    For further information visit https://errors.pydantic.dev/2.8/v/missing
bureauCode
  Field required [type=missing, input_value={}, input_type=dict]
    For further information visit https://errors.pydantic.dev/2.8/v/missing
issued
  Field required [type=missing, input_value={}, input_type=dict]
    For further information visit https://errors.pydantic.dev/2.8/v/missing
@type
  Field required [type=missing, input_value={}, input_type=dict]
    For further information visit https://errors.pydantic.dev/2.8/v/missing
modified
  Field required [type=missing, input_value={}, input_type=dict]
    For further information visit https://errors.pydantic.dev/2.8/v/missing
released
  Field required [type=missing, input_value={}, input_type=dict]
    For further information visit https://errors.pydantic.dev/2.8/v/missing
keyword
  Field required [type=missing, input_value={}, input_type=dict]
    For further information visit https://errors.pydantic.dev/2.8/v/missing
contactPoint
  Field required [type=missing, input_value={}, input_type=dict]
    For further information visit https://errors.pydantic.dev/2.8/v/missing
publisher
  Field required [type=missing, input_value={}, input_type=dict]
    For further information visit https://errors.pydantic.dev/2.8/v/missing
identifier
  Field required [type=missing, input_value={}, input_type=dict]
    For further information visit https://errors.pydantic.dev/2.8/v/missing
description
  Field required [type=missing, input_value={}, input_type=dict]
    For further information visit https://errors.pydantic.dev/2.8/v/missing
title
  Field required [type=missing, input_value={}, input_type=dict]
    For further information visit https://errors.pydantic.dev/2.8/v/missing
programCode
  Field required [type=missing, input_value={}, input_type=dict]
    For further information visit https://errors.pydantic.dev/2.8/v/missing
distribution
  Field required [type=missing, input_value={}, input_type=dict]
    For further information visit https://errors.pydantic.dev/2.8/v/missing
theme
  Field required [type=missing, input_value={}, input_type=dict]
    For further information visit https://errors.pydantic.dev/2.8/v/missing
2024-08-23 12:40:37 - ERROR - Validation error for dataset: Unknown title
Traceback (most recent call last):
  File "C:\Users\edmun\Projects\Repositories\healthpartners-interview\src\healthpartners_interview\download.py", line 31, in fetch_datasets
    dataset = Dataset(**current_item)
              ^^^^^^^^^^^^^^^^^^^^^^^
  File "C:\Users\edmun\Projects\Repositories\healthpartners-interview\.venv\Lib\site-packages\pydantic\main.py", line 193, in __init__
    self.__pydantic_validator__.validate_python(data, self_instance=self)
pydantic_core._pydantic_core.ValidationError: 16 validation errors for Dataset
accessLevel
  Field required [type=missing, input_value={}, input_type=dict]
    For further information visit https://errors.pydantic.dev/2.8/v/missing
landingPage
  Field required [type=missing, input_value={}, input_type=dict]
    For further information visit https://errors.pydantic.dev/2.8/v/missing
bureauCode
  Field required [type=missing, input_value={}, input_type=dict]
    For further information visit https://errors.pydantic.dev/2.8/v/missing
issued
  Field required [type=missing, input_value={}, input_type=dict]
    For further information visit https://errors.pydantic.dev/2.8/v/missing
@type
  Field required [type=missing, input_value={}, input_type=dict]
    For further information visit https://errors.pydantic.dev/2.8/v/missing
modified
  Field required [type=missing, input_value={}, input_type=dict]
    For further information visit https://errors.pydantic.dev/2.8/v/missing
released
  Field required [type=missing, input_value={}, input_type=dict]
    For further information visit https://errors.pydantic.dev/2.8/v/missing
keyword
  Field required [type=missing, input_value={}, input_type=dict]
    For further information visit https://errors.pydantic.dev/2.8/v/missing
contactPoint
  Field required [type=missing, input_value={}, input_type=dict]
    For further information visit https://errors.pydantic.dev/2.8/v/missing
publisher
  Field required [type=missing, input_value={}, input_type=dict]
    For further information visit https://errors.pydantic.dev/2.8/v/missing
identifier
  Field required [type=missing, input_value={}, input_type=dict]
    For further information visit https://errors.pydantic.dev/2.8/v/missing
description
  Field required [type=missing, input_value={}, input_type=dict]
    For further information visit https://errors.pydantic.dev/2.8/v/missing
title
  Field required [type=missing, input_value={}, input_type=dict]
    For further information visit https://errors.pydantic.dev/2.8/v/missing
programCode
  Field required [type=missing, input_value={}, input_type=dict]
    For further information visit https://errors.pydantic.dev/2.8/v/missing
distribution
  Field required [type=missing, input_value={}, input_type=dict]
    For further information visit https://errors.pydantic.dev/2.8/v/missing
theme
  Field required [type=missing, input_value={}, input_type=dict]
    For further information visit https://errors.pydantic.dev/2.8/v/missing
2024-08-23 12:40:37 - ERROR - Validation error for dataset: Unknown title
Traceback (most recent call last):
  File "C:\Users\edmun\Projects\Repositories\healthpartners-interview\src\healthpartners_interview\download.py", line 31, in fetch_datasets
    dataset = Dataset(**current_item)
              ^^^^^^^^^^^^^^^^^^^^^^^
  File "C:\Users\edmun\Projects\Repositories\healthpartners-interview\.venv\Lib\site-packages\pydantic\main.py", line 193, in __init__
    self.__pydantic_validator__.validate_python(data, self_instance=self)
pydantic_core._pydantic_core.ValidationError: 16 validation errors for Dataset
accessLevel
  Field required [type=missing, input_value={}, input_type=dict]
    For further information visit https://errors.pydantic.dev/2.8/v/missing
landingPage
  Field required [type=missing, input_value={}, input_type=dict]
    For further information visit https://errors.pydantic.dev/2.8/v/missing
bureauCode
  Field required [type=missing, input_value={}, input_type=dict]
    For further information visit https://errors.pydantic.dev/2.8/v/missing
issued
  Field required [type=missing, input_value={}, input_type=dict]
    For further information visit https://errors.pydantic.dev/2.8/v/missing
@type
  Field required [type=missing, input_value={}, input_type=dict]
    For further information visit https://errors.pydantic.dev/2.8/v/missing
modified
  Field required [type=missing, input_value={}, input_type=dict]
    For further information visit https://errors.pydantic.dev/2.8/v/missing
released
  Field required [type=missing, input_value={}, input_type=dict]
    For further information visit https://errors.pydantic.dev/2.8/v/missing
keyword
  Field required [type=missing, input_value={}, input_type=dict]
    For further information visit https://errors.pydantic.dev/2.8/v/missing
contactPoint
  Field required [type=missing, input_value={}, input_type=dict]
    For further information visit https://errors.pydantic.dev/2.8/v/missing
publisher
  Field required [type=missing, input_value={}, input_type=dict]
    For further information visit https://errors.pydantic.dev/2.8/v/missing
identifier
  Field required [type=missing, input_value={}, input_type=dict]
    For further information visit https://errors.pydantic.dev/2.8/v/missing
description
  Field required [type=missing, input_value={}, input_type=dict]
    For further information visit https://errors.pydantic.dev/2.8/v/missing
title
  Field required [type=missing, input_value={}, input_type=dict]
    For further information visit https://errors.pydantic.dev/2.8/v/missing
programCode
  Field required [type=missing, input_value={}, input_type=dict]
    For further information visit https://errors.pydantic.dev/2.8/v/missing
distribution
  Field required [type=missing, input_value={}, input_type=dict]
    For further information visit https://errors.pydantic.dev/2.8/v/missing
theme
  Field required [type=missing, input_value={}, input_type=dict]
    For further information visit https://errors.pydantic.dev/2.8/v/missing
2024-08-23 12:40:37 - ERROR - Validation error for dataset: Unknown title
Traceback (most recent call last):
  File "C:\Users\edmun\Projects\Repositories\healthpartners-interview\src\healthpartners_interview\download.py", line 31, in fetch_datasets
    dataset = Dataset(**current_item)
              ^^^^^^^^^^^^^^^^^^^^^^^
  File "C:\Users\edmun\Projects\Repositories\healthpartners-interview\.venv\Lib\site-packages\pydantic\main.py", line 193, in __init__
    self.__pydantic_validator__.validate_python(data, self_instance=self)
pydantic_core._pydantic_core.ValidationError: 16 validation errors for Dataset
accessLevel
  Field required [type=missing, input_value={'item': 'theme'}, input_type=dict]
    For further information visit https://errors.pydantic.dev/2.8/v/missing
landingPage
  Field required [type=missing, input_value={'item': 'theme'}, input_type=dict]
    For further information visit https://errors.pydantic.dev/2.8/v/missing
bureauCode
  Field required [type=missing, input_value={'item': 'theme'}, input_type=dict]
    For further information visit https://errors.pydantic.dev/2.8/v/missing
issued
  Field required [type=missing, input_value={'item': 'theme'}, input_type=dict]
    For further information visit https://errors.pydantic.dev/2.8/v/missing
@type
  Field required [type=missing, input_value={'item': 'theme'}, input_type=dict]
    For further information visit https://errors.pydantic.dev/2.8/v/missing
modified
  Field required [type=missing, input_value={'item': 'theme'}, input_type=dict]
    For further information visit https://errors.pydantic.dev/2.8/v/missing
released
  Field required [type=missing, input_value={'item': 'theme'}, input_type=dict]
    For further information visit https://errors.pydantic.dev/2.8/v/missing
keyword
  Field required [type=missing, input_value={'item': 'theme'}, input_type=dict]
    For further information visit https://errors.pydantic.dev/2.8/v/missing
contactPoint
  Field required [type=missing, input_value={'item': 'theme'}, input_type=dict]
    For further information visit https://errors.pydantic.dev/2.8/v/missing
publisher
  Field required [type=missing, input_value={'item': 'theme'}, input_type=dict]
    For further information visit https://errors.pydantic.dev/2.8/v/missing
identifier
  Field required [type=missing, input_value={'item': 'theme'}, input_type=dict]
    For further information visit https://errors.pydantic.dev/2.8/v/missing
description
  Field required [type=missing, input_value={'item': 'theme'}, input_type=dict]
    For further information visit https://errors.pydantic.dev/2.8/v/missing
title
  Field required [type=missing, input_value={'item': 'theme'}, input_type=dict]
    For further information visit https://errors.pydantic.dev/2.8/v/missing
programCode
  Field required [type=missing, input_value={'item': 'theme'}, input_type=dict]
    For further information visit https://errors.pydantic.dev/2.8/v/missing
distribution
  Field required [type=missing, input_value={'item': 'theme'}, input_type=dict]
    For further information visit https://errors.pydantic.dev/2.8/v/missing
theme
  Field required [type=missing, input_value={'item': 'theme'}, input_type=dict]
    For further information visit https://errors.pydantic.dev/2.8/v/missing
2024-08-23 12:40:37 - ERROR - Validation error for dataset: Unknown title
Traceback (most recent call last):
  File "C:\Users\edmun\Projects\Repositories\healthpartners-interview\src\healthpartners_interview\download.py", line 31, in fetch_datasets
    dataset = Dataset(**current_item)
              ^^^^^^^^^^^^^^^^^^^^^^^
  File "C:\Users\edmun\Projects\Repositories\healthpartners-interview\.venv\Lib\site-packages\pydantic\main.py", line 193, in __init__
    self.__pydantic_validator__.validate_python(data, self_instance=self)
pydantic_core._pydantic_core.ValidationError: 16 validation errors for Dataset
accessLevel
  Field required [type=missing, input_value={}, input_type=dict]
    For further information visit https://errors.pydantic.dev/2.8/v/missing
landingPage
  Field required [type=missing, input_value={}, input_type=dict]
    For further information visit https://errors.pydantic.dev/2.8/v/missing
bureauCode
  Field required [type=missing, input_value={}, input_type=dict]
    For further information visit https://errors.pydantic.dev/2.8/v/missing
issued
  Field required [type=missing, input_value={}, input_type=dict]
    For further information visit https://errors.pydantic.dev/2.8/v/missing
@type
  Field required [type=missing, input_value={}, input_type=dict]
    For further information visit https://errors.pydantic.dev/2.8/v/missing
modified
  Field required [type=missing, input_value={}, input_type=dict]
    For further information visit https://errors.pydantic.dev/2.8/v/missing
released
  Field required [type=missing, input_value={}, input_type=dict]
    For further information visit https://errors.pydantic.dev/2.8/v/missing
keyword
  Field required [type=missing, input_value={}, input_type=dict]
    For further information visit https://errors.pydantic.dev/2.8/v/missing
contactPoint
  Field required [type=missing, input_value={}, input_type=dict]
    For further information visit https://errors.pydantic.dev/2.8/v/missing
publisher
  Field required [type=missing, input_value={}, input_type=dict]
    For further information visit https://errors.pydantic.dev/2.8/v/missing
identifier
  Field required [type=missing, input_value={}, input_type=dict]
    For further information visit https://errors.pydantic.dev/2.8/v/missing
description
  Field required [type=missing, input_value={}, input_type=dict]
    For further information visit https://errors.pydantic.dev/2.8/v/missing
title
  Field required [type=missing, input_value={}, input_type=dict]
    For further information visit https://errors.pydantic.dev/2.8/v/missing
programCode
  Field required [type=missing, input_value={}, input_type=dict]
    For further information visit https://errors.pydantic.dev/2.8/v/missing
distribution
  Field required [type=missing, input_value={}, input_type=dict]
    For further information visit https://errors.pydantic.dev/2.8/v/missing
theme
  Field required [type=missing, input_value={}, input_type=dict]
    For further information visit https://errors.pydantic.dev/2.8/v/missing
2024-08-23 12:40:37 - ERROR - Validation error for dataset: Unknown title
Traceback (most recent call last):
  File "C:\Users\edmun\Projects\Repositories\healthpartners-interview\src\healthpartners_interview\download.py", line 31, in fetch_datasets
    dataset = Dataset(**current_item)
              ^^^^^^^^^^^^^^^^^^^^^^^
  File "C:\Users\edmun\Projects\Repositories\healthpartners-interview\.venv\Lib\site-packages\pydantic\main.py", line 193, in __init__
    self.__pydantic_validator__.validate_python(data, self_instance=self)
pydantic_core._pydantic_core.ValidationError: 16 validation errors for Dataset
accessLevel
  Field required [type=missing, input_value={}, input_type=dict]
    For further information visit https://errors.pydantic.dev/2.8/v/missing
landingPage
  Field required [type=missing, input_value={}, input_type=dict]
    For further information visit https://errors.pydantic.dev/2.8/v/missing
bureauCode
  Field required [type=missing, input_value={}, input_type=dict]
    For further information visit https://errors.pydantic.dev/2.8/v/missing
issued
  Field required [type=missing, input_value={}, input_type=dict]
    For further information visit https://errors.pydantic.dev/2.8/v/missing
@type
  Field required [type=missing, input_value={}, input_type=dict]
    For further information visit https://errors.pydantic.dev/2.8/v/missing
modified
  Field required [type=missing, input_value={}, input_type=dict]
    For further information visit https://errors.pydantic.dev/2.8/v/missing
released
  Field required [type=missing, input_value={}, input_type=dict]
    For further information visit https://errors.pydantic.dev/2.8/v/missing
keyword
  Field required [type=missing, input_value={}, input_type=dict]
    For further information visit https://errors.pydantic.dev/2.8/v/missing
contactPoint
  Field required [type=missing, input_value={}, input_type=dict]
    For further information visit https://errors.pydantic.dev/2.8/v/missing
publisher
  Field required [type=missing, input_value={}, input_type=dict]
    For further information visit https://errors.pydantic.dev/2.8/v/missing
identifier
  Field required [type=missing, input_value={}, input_type=dict]
    For further information visit https://errors.pydantic.dev/2.8/v/missing
description
  Field required [type=missing, input_value={}, input_type=dict]
    For further information visit https://errors.pydantic.dev/2.8/v/missing
title
  Field required [type=missing, input_value={}, input_type=dict]
    For further information visit https://errors.pydantic.dev/2.8/v/missing
programCode
  Field required [type=missing, input_value={}, input_type=dict]
    For further information visit https://errors.pydantic.dev/2.8/v/missing
distribution
  Field required [type=missing, input_value={}, input_type=dict]
    For further information visit https://errors.pydantic.dev/2.8/v/missing
theme
  Field required [type=missing, input_value={}, input_type=dict]
    For further information visit https://errors.pydantic.dev/2.8/v/missing
2024-08-23 12:40:37 - ERROR - Validation error for dataset: Unknown title
Traceback (most recent call last):
  File "C:\Users\edmun\Projects\Repositories\healthpartners-interview\src\healthpartners_interview\download.py", line 31, in fetch_datasets
    dataset = Dataset(**current_item)
              ^^^^^^^^^^^^^^^^^^^^^^^
  File "C:\Users\edmun\Projects\Repositories\healthpartners-interview\.venv\Lib\site-packages\pydantic\main.py", line 193, in __init__
    self.__pydantic_validator__.validate_python(data, self_instance=self)
pydantic_core._pydantic_core.ValidationError: 16 validation errors for Dataset
accessLevel
  Field required [type=missing, input_value={}, input_type=dict]
    For further information visit https://errors.pydantic.dev/2.8/v/missing
landingPage
  Field required [type=missing, input_value={}, input_type=dict]
    For further information visit https://errors.pydantic.dev/2.8/v/missing
bureauCode
  Field required [type=missing, input_value={}, input_type=dict]
    For further information visit https://errors.pydantic.dev/2.8/v/missing
issued
  Field required [type=missing, input_value={}, input_type=dict]
    For further information visit https://errors.pydantic.dev/2.8/v/missing
@type
  Field required [type=missing, input_value={}, input_type=dict]
    For further information visit https://errors.pydantic.dev/2.8/v/missing
modified
  Field required [type=missing, input_value={}, input_type=dict]
    For further information visit https://errors.pydantic.dev/2.8/v/missing
released
  Field required [type=missing, input_value={}, input_type=dict]
    For further information visit https://errors.pydantic.dev/2.8/v/missing
keyword
  Field required [type=missing, input_value={}, input_type=dict]
    For further information visit https://errors.pydantic.dev/2.8/v/missing
contactPoint
  Field required [type=missing, input_value={}, input_type=dict]
    For further information visit https://errors.pydantic.dev/2.8/v/missing
publisher
  Field required [type=missing, input_value={}, input_type=dict]
    For further information visit https://errors.pydantic.dev/2.8/v/missing
identifier
  Field required [type=missing, input_value={}, input_type=dict]
    For further information visit https://errors.pydantic.dev/2.8/v/missing
description
  Field required [type=missing, input_value={}, input_type=dict]
    For further information visit https://errors.pydantic.dev/2.8/v/missing
title
  Field required [type=missing, input_value={}, input_type=dict]
    For further information visit https://errors.pydantic.dev/2.8/v/missing
programCode
  Field required [type=missing, input_value={}, input_type=dict]
    For further information visit https://errors.pydantic.dev/2.8/v/missing
distribution
  Field required [type=missing, input_value={}, input_type=dict]
    For further information visit https://errors.pydantic.dev/2.8/v/missing
theme
  Field required [type=missing, input_value={}, input_type=dict]
    For further information visit https://errors.pydantic.dev/2.8/v/missing
2024-08-23 12:40:37 - ERROR - Validation error for dataset: Unknown title
Traceback (most recent call last):
  File "C:\Users\edmun\Projects\Repositories\healthpartners-interview\src\healthpartners_interview\download.py", line 31, in fetch_datasets
    dataset = Dataset(**current_item)
              ^^^^^^^^^^^^^^^^^^^^^^^
  File "C:\Users\edmun\Projects\Repositories\healthpartners-interview\.venv\Lib\site-packages\pydantic\main.py", line 193, in __init__
    self.__pydantic_validator__.validate_python(data, self_instance=self)
pydantic_core._pydantic_core.ValidationError: 16 validation errors for Dataset
accessLevel
  Field required [type=missing, input_value={'item': 'theme'}, input_type=dict]
    For further information visit https://errors.pydantic.dev/2.8/v/missing
landingPage
  Field required [type=missing, input_value={'item': 'theme'}, input_type=dict]
    For further information visit https://errors.pydantic.dev/2.8/v/missing
bureauCode
  Field required [type=missing, input_value={'item': 'theme'}, input_type=dict]
    For further information visit https://errors.pydantic.dev/2.8/v/missing
issued
  Field required [type=missing, input_value={'item': 'theme'}, input_type=dict]
    For further information visit https://errors.pydantic.dev/2.8/v/missing
@type
  Field required [type=missing, input_value={'item': 'theme'}, input_type=dict]
    For further information visit https://errors.pydantic.dev/2.8/v/missing
modified
  Field required [type=missing, input_value={'item': 'theme'}, input_type=dict]
    For further information visit https://errors.pydantic.dev/2.8/v/missing
released
  Field required [type=missing, input_value={'item': 'theme'}, input_type=dict]
    For further information visit https://errors.pydantic.dev/2.8/v/missing
keyword
  Field required [type=missing, input_value={'item': 'theme'}, input_type=dict]
    For further information visit https://errors.pydantic.dev/2.8/v/missing
contactPoint
  Field required [type=missing, input_value={'item': 'theme'}, input_type=dict]
    For further information visit https://errors.pydantic.dev/2.8/v/missing
publisher
  Field required [type=missing, input_value={'item': 'theme'}, input_type=dict]
    For further information visit https://errors.pydantic.dev/2.8/v/missing
identifier
  Field required [type=missing, input_value={'item': 'theme'}, input_type=dict]
    For further information visit https://errors.pydantic.dev/2.8/v/missing
description
  Field required [type=missing, input_value={'item': 'theme'}, input_type=dict]
    For further information visit https://errors.pydantic.dev/2.8/v/missing
title
  Field required [type=missing, input_value={'item': 'theme'}, input_type=dict]
    For further information visit https://errors.pydantic.dev/2.8/v/missing
programCode
  Field required [type=missing, input_value={'item': 'theme'}, input_type=dict]
    For further information visit https://errors.pydantic.dev/2.8/v/missing
distribution
  Field required [type=missing, input_value={'item': 'theme'}, input_type=dict]
    For further information visit https://errors.pydantic.dev/2.8/v/missing
theme
  Field required [type=missing, input_value={'item': 'theme'}, input_type=dict]
    For further information visit https://errors.pydantic.dev/2.8/v/missing
2024-08-23 12:40:38 - ERROR - Validation error for dataset: Unknown title
Traceback (most recent call last):
  File "C:\Users\edmun\Projects\Repositories\healthpartners-interview\src\healthpartners_interview\download.py", line 31, in fetch_datasets
    dataset = Dataset(**current_item)
              ^^^^^^^^^^^^^^^^^^^^^^^
  File "C:\Users\edmun\Projects\Repositories\healthpartners-interview\.venv\Lib\site-packages\pydantic\main.py", line 193, in __init__
    self.__pydantic_validator__.validate_python(data, self_instance=self)
pydantic_core._pydantic_core.ValidationError: 16 validation errors for Dataset
accessLevel
  Field required [type=missing, input_value={}, input_type=dict]
    For further information visit https://errors.pydantic.dev/2.8/v/missing
landingPage
  Field required [type=missing, input_value={}, input_type=dict]
    For further information visit https://errors.pydantic.dev/2.8/v/missing
bureauCode
  Field required [type=missing, input_value={}, input_type=dict]
    For further information visit https://errors.pydantic.dev/2.8/v/missing
issued
  Field required [type=missing, input_value={}, input_type=dict]
    For further information visit https://errors.pydantic.dev/2.8/v/missing
@type
  Field required [type=missing, input_value={}, input_type=dict]
    For further information visit https://errors.pydantic.dev/2.8/v/missing
modified
  Field required [type=missing, input_value={}, input_type=dict]
    For further information visit https://errors.pydantic.dev/2.8/v/missing
released
  Field required [type=missing, input_value={}, input_type=dict]
    For further information visit https://errors.pydantic.dev/2.8/v/missing
keyword
  Field required [type=missing, input_value={}, input_type=dict]
    For further information visit https://errors.pydantic.dev/2.8/v/missing
contactPoint
  Field required [type=missing, input_value={}, input_type=dict]
    For further information visit https://errors.pydantic.dev/2.8/v/missing
publisher
  Field required [type=missing, input_value={}, input_type=dict]
    For further information visit https://errors.pydantic.dev/2.8/v/missing
identifier
  Field required [type=missing, input_value={}, input_type=dict]
    For further information visit https://errors.pydantic.dev/2.8/v/missing
description
  Field required [type=missing, input_value={}, input_type=dict]
    For further information visit https://errors.pydantic.dev/2.8/v/missing
title
  Field required [type=missing, input_value={}, input_type=dict]
    For further information visit https://errors.pydantic.dev/2.8/v/missing
programCode
  Field required [type=missing, input_value={}, input_type=dict]
    For further information visit https://errors.pydantic.dev/2.8/v/missing
distribution
  Field required [type=missing, input_value={}, input_type=dict]
    For further information visit https://errors.pydantic.dev/2.8/v/missing
theme
  Field required [type=missing, input_value={}, input_type=dict]
    For further information visit https://errors.pydantic.dev/2.8/v/missing
2024-08-23 12:40:38 - ERROR - Validation error for dataset: Unknown title
Traceback (most recent call last):
  File "C:\Users\edmun\Projects\Repositories\healthpartners-interview\src\healthpartners_interview\download.py", line 31, in fetch_datasets
    dataset = Dataset(**current_item)
              ^^^^^^^^^^^^^^^^^^^^^^^
  File "C:\Users\edmun\Projects\Repositories\healthpartners-interview\.venv\Lib\site-packages\pydantic\main.py", line 193, in __init__
    self.__pydantic_validator__.validate_python(data, self_instance=self)
pydantic_core._pydantic_core.ValidationError: 16 validation errors for Dataset
accessLevel
  Field required [type=missing, input_value={}, input_type=dict]
    For further information visit https://errors.pydantic.dev/2.8/v/missing
landingPage
  Field required [type=missing, input_value={}, input_type=dict]
    For further information visit https://errors.pydantic.dev/2.8/v/missing
bureauCode
  Field required [type=missing, input_value={}, input_type=dict]
    For further information visit https://errors.pydantic.dev/2.8/v/missing
issued
  Field required [type=missing, input_value={}, input_type=dict]
    For further information visit https://errors.pydantic.dev/2.8/v/missing
@type
  Field required [type=missing, input_value={}, input_type=dict]
    For further information visit https://errors.pydantic.dev/2.8/v/missing
modified
  Field required [type=missing, input_value={}, input_type=dict]
    For further information visit https://errors.pydantic.dev/2.8/v/missing
released
  Field required [type=missing, input_value={}, input_type=dict]
    For further information visit https://errors.pydantic.dev/2.8/v/missing
keyword
  Field required [type=missing, input_value={}, input_type=dict]
    For further information visit https://errors.pydantic.dev/2.8/v/missing
contactPoint
  Field required [type=missing, input_value={}, input_type=dict]
    For further information visit https://errors.pydantic.dev/2.8/v/missing
publisher
  Field required [type=missing, input_value={}, input_type=dict]
    For further information visit https://errors.pydantic.dev/2.8/v/missing
identifier
  Field required [type=missing, input_value={}, input_type=dict]
    For further information visit https://errors.pydantic.dev/2.8/v/missing
description
  Field required [type=missing, input_value={}, input_type=dict]
    For further information visit https://errors.pydantic.dev/2.8/v/missing
title
  Field required [type=missing, input_value={}, input_type=dict]
    For further information visit https://errors.pydantic.dev/2.8/v/missing
programCode
  Field required [type=missing, input_value={}, input_type=dict]
    For further information visit https://errors.pydantic.dev/2.8/v/missing
distribution
  Field required [type=missing, input_value={}, input_type=dict]
    For further information visit https://errors.pydantic.dev/2.8/v/missing
theme
  Field required [type=missing, input_value={}, input_type=dict]
    For further information visit https://errors.pydantic.dev/2.8/v/missing
2024-08-23 12:40:38 - ERROR - Validation error for dataset: Unknown title
Traceback (most recent call last):
  File "C:\Users\edmun\Projects\Repositories\healthpartners-interview\src\healthpartners_interview\download.py", line 31, in fetch_datasets
    dataset = Dataset(**current_item)
              ^^^^^^^^^^^^^^^^^^^^^^^
  File "C:\Users\edmun\Projects\Repositories\healthpartners-interview\.venv\Lib\site-packages\pydantic\main.py", line 193, in __init__
    self.__pydantic_validator__.validate_python(data, self_instance=self)
pydantic_core._pydantic_core.ValidationError: 16 validation errors for Dataset
accessLevel
  Field required [type=missing, input_value={}, input_type=dict]
    For further information visit https://errors.pydantic.dev/2.8/v/missing
landingPage
  Field required [type=missing, input_value={}, input_type=dict]
    For further information visit https://errors.pydantic.dev/2.8/v/missing
bureauCode
  Field required [type=missing, input_value={}, input_type=dict]
    For further information visit https://errors.pydantic.dev/2.8/v/missing
issued
  Field required [type=missing, input_value={}, input_type=dict]
    For further information visit https://errors.pydantic.dev/2.8/v/missing
@type
  Field required [type=missing, input_value={}, input_type=dict]
    For further information visit https://errors.pydantic.dev/2.8/v/missing
modified
  Field required [type=missing, input_value={}, input_type=dict]
    For further information visit https://errors.pydantic.dev/2.8/v/missing
released
  Field required [type=missing, input_value={}, input_type=dict]
    For further information visit https://errors.pydantic.dev/2.8/v/missing
keyword
  Field required [type=missing, input_value={}, input_type=dict]
    For further information visit https://errors.pydantic.dev/2.8/v/missing
contactPoint
  Field required [type=missing, input_value={}, input_type=dict]
    For further information visit https://errors.pydantic.dev/2.8/v/missing
publisher
  Field required [type=missing, input_value={}, input_type=dict]
    For further information visit https://errors.pydantic.dev/2.8/v/missing
identifier
  Field required [type=missing, input_value={}, input_type=dict]
    For further information visit https://errors.pydantic.dev/2.8/v/missing
description
  Field required [type=missing, input_value={}, input_type=dict]
    For further information visit https://errors.pydantic.dev/2.8/v/missing
title
  Field required [type=missing, input_value={}, input_type=dict]
    For further information visit https://errors.pydantic.dev/2.8/v/missing
programCode
  Field required [type=missing, input_value={}, input_type=dict]
    For further information visit https://errors.pydantic.dev/2.8/v/missing
distribution
  Field required [type=missing, input_value={}, input_type=dict]
    For further information visit https://errors.pydantic.dev/2.8/v/missing
theme
  Field required [type=missing, input_value={}, input_type=dict]
    For further information visit https://errors.pydantic.dev/2.8/v/missing
2024-08-23 12:40:38 - ERROR - Validation error for dataset: Unknown title
Traceback (most recent call last):
  File "C:\Users\edmun\Projects\Repositories\healthpartners-interview\src\healthpartners_interview\download.py", line 31, in fetch_datasets
    dataset = Dataset(**current_item)
              ^^^^^^^^^^^^^^^^^^^^^^^
  File "C:\Users\edmun\Projects\Repositories\healthpartners-interview\.venv\Lib\site-packages\pydantic\main.py", line 193, in __init__
    self.__pydantic_validator__.validate_python(data, self_instance=self)
pydantic_core._pydantic_core.ValidationError: 16 validation errors for Dataset
accessLevel
  Field required [type=missing, input_value={'item': 'theme'}, input_type=dict]
    For further information visit https://errors.pydantic.dev/2.8/v/missing
landingPage
  Field required [type=missing, input_value={'item': 'theme'}, input_type=dict]
    For further information visit https://errors.pydantic.dev/2.8/v/missing
bureauCode
  Field required [type=missing, input_value={'item': 'theme'}, input_type=dict]
    For further information visit https://errors.pydantic.dev/2.8/v/missing
issued
  Field required [type=missing, input_value={'item': 'theme'}, input_type=dict]
    For further information visit https://errors.pydantic.dev/2.8/v/missing
@type
  Field required [type=missing, input_value={'item': 'theme'}, input_type=dict]
    For further information visit https://errors.pydantic.dev/2.8/v/missing
modified
  Field required [type=missing, input_value={'item': 'theme'}, input_type=dict]
    For further information visit https://errors.pydantic.dev/2.8/v/missing
released
  Field required [type=missing, input_value={'item': 'theme'}, input_type=dict]
    For further information visit https://errors.pydantic.dev/2.8/v/missing
keyword
  Field required [type=missing, input_value={'item': 'theme'}, input_type=dict]
    For further information visit https://errors.pydantic.dev/2.8/v/missing
contactPoint
  Field required [type=missing, input_value={'item': 'theme'}, input_type=dict]
    For further information visit https://errors.pydantic.dev/2.8/v/missing
publisher
  Field required [type=missing, input_value={'item': 'theme'}, input_type=dict]
    For further information visit https://errors.pydantic.dev/2.8/v/missing
identifier
  Field required [type=missing, input_value={'item': 'theme'}, input_type=dict]
    For further information visit https://errors.pydantic.dev/2.8/v/missing
description
  Field required [type=missing, input_value={'item': 'theme'}, input_type=dict]
    For further information visit https://errors.pydantic.dev/2.8/v/missing
title
  Field required [type=missing, input_value={'item': 'theme'}, input_type=dict]
    For further information visit https://errors.pydantic.dev/2.8/v/missing
programCode
  Field required [type=missing, input_value={'item': 'theme'}, input_type=dict]
    For further information visit https://errors.pydantic.dev/2.8/v/missing
distribution
  Field required [type=missing, input_value={'item': 'theme'}, input_type=dict]
    For further information visit https://errors.pydantic.dev/2.8/v/missing
theme
  Field required [type=missing, input_value={'item': 'theme'}, input_type=dict]
    For further information visit https://errors.pydantic.dev/2.8/v/missing
2024-08-23 12:40:38 - ERROR - Validation error for dataset: Unknown title
Traceback (most recent call last):
  File "C:\Users\edmun\Projects\Repositories\healthpartners-interview\src\healthpartners_interview\download.py", line 31, in fetch_datasets
    dataset = Dataset(**current_item)
              ^^^^^^^^^^^^^^^^^^^^^^^
  File "C:\Users\edmun\Projects\Repositories\healthpartners-interview\.venv\Lib\site-packages\pydantic\main.py", line 193, in __init__
    self.__pydantic_validator__.validate_python(data, self_instance=self)
pydantic_core._pydantic_core.ValidationError: 16 validation errors for Dataset
accessLevel
  Field required [type=missing, input_value={}, input_type=dict]
    For further information visit https://errors.pydantic.dev/2.8/v/missing
landingPage
  Field required [type=missing, input_value={}, input_type=dict]
    For further information visit https://errors.pydantic.dev/2.8/v/missing
bureauCode
  Field required [type=missing, input_value={}, input_type=dict]
    For further information visit https://errors.pydantic.dev/2.8/v/missing
issued
  Field required [type=missing, input_value={}, input_type=dict]
    For further information visit https://errors.pydantic.dev/2.8/v/missing
@type
  Field required [type=missing, input_value={}, input_type=dict]
    For further information visit https://errors.pydantic.dev/2.8/v/missing
modified
  Field required [type=missing, input_value={}, input_type=dict]
    For further information visit https://errors.pydantic.dev/2.8/v/missing
released
  Field required [type=missing, input_value={}, input_type=dict]
    For further information visit https://errors.pydantic.dev/2.8/v/missing
keyword
  Field required [type=missing, input_value={}, input_type=dict]
    For further information visit https://errors.pydantic.dev/2.8/v/missing
contactPoint
  Field required [type=missing, input_value={}, input_type=dict]
    For further information visit https://errors.pydantic.dev/2.8/v/missing
publisher
  Field required [type=missing, input_value={}, input_type=dict]
    For further information visit https://errors.pydantic.dev/2.8/v/missing
identifier
  Field required [type=missing, input_value={}, input_type=dict]
    For further information visit https://errors.pydantic.dev/2.8/v/missing
description
  Field required [type=missing, input_value={}, input_type=dict]
    For further information visit https://errors.pydantic.dev/2.8/v/missing
title
  Field required [type=missing, input_value={}, input_type=dict]
    For further information visit https://errors.pydantic.dev/2.8/v/missing
programCode
  Field required [type=missing, input_value={}, input_type=dict]
    For further information visit https://errors.pydantic.dev/2.8/v/missing
distribution
  Field required [type=missing, input_value={}, input_type=dict]
    For further information visit https://errors.pydantic.dev/2.8/v/missing
theme
  Field required [type=missing, input_value={}, input_type=dict]
    For further information visit https://errors.pydantic.dev/2.8/v/missing
2024-08-23 12:40:38 - ERROR - Validation error for dataset: Unknown title
Traceback (most recent call last):
  File "C:\Users\edmun\Projects\Repositories\healthpartners-interview\src\healthpartners_interview\download.py", line 31, in fetch_datasets
    dataset = Dataset(**current_item)
              ^^^^^^^^^^^^^^^^^^^^^^^
  File "C:\Users\edmun\Projects\Repositories\healthpartners-interview\.venv\Lib\site-packages\pydantic\main.py", line 193, in __init__
    self.__pydantic_validator__.validate_python(data, self_instance=self)
pydantic_core._pydantic_core.ValidationError: 16 validation errors for Dataset
accessLevel
  Field required [type=missing, input_value={}, input_type=dict]
    For further information visit https://errors.pydantic.dev/2.8/v/missing
landingPage
  Field required [type=missing, input_value={}, input_type=dict]
    For further information visit https://errors.pydantic.dev/2.8/v/missing
bureauCode
  Field required [type=missing, input_value={}, input_type=dict]
    For further information visit https://errors.pydantic.dev/2.8/v/missing
issued
  Field required [type=missing, input_value={}, input_type=dict]
    For further information visit https://errors.pydantic.dev/2.8/v/missing
@type
  Field required [type=missing, input_value={}, input_type=dict]
    For further information visit https://errors.pydantic.dev/2.8/v/missing
modified
  Field required [type=missing, input_value={}, input_type=dict]
    For further information visit https://errors.pydantic.dev/2.8/v/missing
released
  Field required [type=missing, input_value={}, input_type=dict]
    For further information visit https://errors.pydantic.dev/2.8/v/missing
keyword
  Field required [type=missing, input_value={}, input_type=dict]
    For further information visit https://errors.pydantic.dev/2.8/v/missing
contactPoint
  Field required [type=missing, input_value={}, input_type=dict]
    For further information visit https://errors.pydantic.dev/2.8/v/missing
publisher
  Field required [type=missing, input_value={}, input_type=dict]
    For further information visit https://errors.pydantic.dev/2.8/v/missing
identifier
  Field required [type=missing, input_value={}, input_type=dict]
    For further information visit https://errors.pydantic.dev/2.8/v/missing
description
  Field required [type=missing, input_value={}, input_type=dict]
    For further information visit https://errors.pydantic.dev/2.8/v/missing
title
  Field required [type=missing, input_value={}, input_type=dict]
    For further information visit https://errors.pydantic.dev/2.8/v/missing
programCode
  Field required [type=missing, input_value={}, input_type=dict]
    For further information visit https://errors.pydantic.dev/2.8/v/missing
distribution
  Field required [type=missing, input_value={}, input_type=dict]
    For further information visit https://errors.pydantic.dev/2.8/v/missing
theme
  Field required [type=missing, input_value={}, input_type=dict]
    For further information visit https://errors.pydantic.dev/2.8/v/missing
2024-08-23 12:40:38 - ERROR - Validation error for dataset: Unknown title
Traceback (most recent call last):
  File "C:\Users\edmun\Projects\Repositories\healthpartners-interview\src\healthpartners_interview\download.py", line 31, in fetch_datasets
    dataset = Dataset(**current_item)
              ^^^^^^^^^^^^^^^^^^^^^^^
  File "C:\Users\edmun\Projects\Repositories\healthpartners-interview\.venv\Lib\site-packages\pydantic\main.py", line 193, in __init__
    self.__pydantic_validator__.validate_python(data, self_instance=self)
pydantic_core._pydantic_core.ValidationError: 16 validation errors for Dataset
accessLevel
  Field required [type=missing, input_value={}, input_type=dict]
    For further information visit https://errors.pydantic.dev/2.8/v/missing
landingPage
  Field required [type=missing, input_value={}, input_type=dict]
    For further information visit https://errors.pydantic.dev/2.8/v/missing
bureauCode
  Field required [type=missing, input_value={}, input_type=dict]
    For further information visit https://errors.pydantic.dev/2.8/v/missing
issued
  Field required [type=missing, input_value={}, input_type=dict]
    For further information visit https://errors.pydantic.dev/2.8/v/missing
@type
  Field required [type=missing, input_value={}, input_type=dict]
    For further information visit https://errors.pydantic.dev/2.8/v/missing
modified
  Field required [type=missing, input_value={}, input_type=dict]
    For further information visit https://errors.pydantic.dev/2.8/v/missing
released
  Field required [type=missing, input_value={}, input_type=dict]
    For further information visit https://errors.pydantic.dev/2.8/v/missing
keyword
  Field required [type=missing, input_value={}, input_type=dict]
    For further information visit https://errors.pydantic.dev/2.8/v/missing
contactPoint
  Field required [type=missing, input_value={}, input_type=dict]
    For further information visit https://errors.pydantic.dev/2.8/v/missing
publisher
  Field required [type=missing, input_value={}, input_type=dict]
    For further information visit https://errors.pydantic.dev/2.8/v/missing
identifier
  Field required [type=missing, input_value={}, input_type=dict]
    For further information visit https://errors.pydantic.dev/2.8/v/missing
description
  Field required [type=missing, input_value={}, input_type=dict]
    For further information visit https://errors.pydantic.dev/2.8/v/missing
title
  Field required [type=missing, input_value={}, input_type=dict]
    For further information visit https://errors.pydantic.dev/2.8/v/missing
programCode
  Field required [type=missing, input_value={}, input_type=dict]
    For further information visit https://errors.pydantic.dev/2.8/v/missing
distribution
  Field required [type=missing, input_value={}, input_type=dict]
    For further information visit https://errors.pydantic.dev/2.8/v/missing
theme
  Field required [type=missing, input_value={}, input_type=dict]
    For further information visit https://errors.pydantic.dev/2.8/v/missing
2024-08-23 12:40:38 - ERROR - Validation error for dataset: Unknown title
Traceback (most recent call last):
  File "C:\Users\edmun\Projects\Repositories\healthpartners-interview\src\healthpartners_interview\download.py", line 31, in fetch_datasets
    dataset = Dataset(**current_item)
              ^^^^^^^^^^^^^^^^^^^^^^^
  File "C:\Users\edmun\Projects\Repositories\healthpartners-interview\.venv\Lib\site-packages\pydantic\main.py", line 193, in __init__
    self.__pydantic_validator__.validate_python(data, self_instance=self)
pydantic_core._pydantic_core.ValidationError: 16 validation errors for Dataset
accessLevel
  Field required [type=missing, input_value={'item': 'theme'}, input_type=dict]
    For further information visit https://errors.pydantic.dev/2.8/v/missing
landingPage
  Field required [type=missing, input_value={'item': 'theme'}, input_type=dict]
    For further information visit https://errors.pydantic.dev/2.8/v/missing
bureauCode
  Field required [type=missing, input_value={'item': 'theme'}, input_type=dict]
    For further information visit https://errors.pydantic.dev/2.8/v/missing
issued
  Field required [type=missing, input_value={'item': 'theme'}, input_type=dict]
    For further information visit https://errors.pydantic.dev/2.8/v/missing
@type
  Field required [type=missing, input_value={'item': 'theme'}, input_type=dict]
    For further information visit https://errors.pydantic.dev/2.8/v/missing
modified
  Field required [type=missing, input_value={'item': 'theme'}, input_type=dict]
    For further information visit https://errors.pydantic.dev/2.8/v/missing
released
  Field required [type=missing, input_value={'item': 'theme'}, input_type=dict]
    For further information visit https://errors.pydantic.dev/2.8/v/missing
keyword
  Field required [type=missing, input_value={'item': 'theme'}, input_type=dict]
    For further information visit https://errors.pydantic.dev/2.8/v/missing
contactPoint
  Field required [type=missing, input_value={'item': 'theme'}, input_type=dict]
    For further information visit https://errors.pydantic.dev/2.8/v/missing
publisher
  Field required [type=missing, input_value={'item': 'theme'}, input_type=dict]
    For further information visit https://errors.pydantic.dev/2.8/v/missing
identifier
  Field required [type=missing, input_value={'item': 'theme'}, input_type=dict]
    For further information visit https://errors.pydantic.dev/2.8/v/missing
description
  Field required [type=missing, input_value={'item': 'theme'}, input_type=dict]
    For further information visit https://errors.pydantic.dev/2.8/v/missing
title
  Field required [type=missing, input_value={'item': 'theme'}, input_type=dict]
    For further information visit https://errors.pydantic.dev/2.8/v/missing
programCode
  Field required [type=missing, input_value={'item': 'theme'}, input_type=dict]
    For further information visit https://errors.pydantic.dev/2.8/v/missing
distribution
  Field required [type=missing, input_value={'item': 'theme'}, input_type=dict]
    For further information visit https://errors.pydantic.dev/2.8/v/missing
theme
  Field required [type=missing, input_value={'item': 'theme'}, input_type=dict]
    For further information visit https://errors.pydantic.dev/2.8/v/missing
2024-08-23 12:40:38 - ERROR - Validation error for dataset: Unknown title
Traceback (most recent call last):
  File "C:\Users\edmun\Projects\Repositories\healthpartners-interview\src\healthpartners_interview\download.py", line 31, in fetch_datasets
    dataset = Dataset(**current_item)
              ^^^^^^^^^^^^^^^^^^^^^^^
  File "C:\Users\edmun\Projects\Repositories\healthpartners-interview\.venv\Lib\site-packages\pydantic\main.py", line 193, in __init__
    self.__pydantic_validator__.validate_python(data, self_instance=self)
pydantic_core._pydantic_core.ValidationError: 16 validation errors for Dataset
accessLevel
  Field required [type=missing, input_value={}, input_type=dict]
    For further information visit https://errors.pydantic.dev/2.8/v/missing
landingPage
  Field required [type=missing, input_value={}, input_type=dict]
    For further information visit https://errors.pydantic.dev/2.8/v/missing
bureauCode
  Field required [type=missing, input_value={}, input_type=dict]
    For further information visit https://errors.pydantic.dev/2.8/v/missing
issued
  Field required [type=missing, input_value={}, input_type=dict]
    For further information visit https://errors.pydantic.dev/2.8/v/missing
@type
  Field required [type=missing, input_value={}, input_type=dict]
    For further information visit https://errors.pydantic.dev/2.8/v/missing
modified
  Field required [type=missing, input_value={}, input_type=dict]
    For further information visit https://errors.pydantic.dev/2.8/v/missing
released
  Field required [type=missing, input_value={}, input_type=dict]
    For further information visit https://errors.pydantic.dev/2.8/v/missing
keyword
  Field required [type=missing, input_value={}, input_type=dict]
    For further information visit https://errors.pydantic.dev/2.8/v/missing
contactPoint
  Field required [type=missing, input_value={}, input_type=dict]
    For further information visit https://errors.pydantic.dev/2.8/v/missing
publisher
  Field required [type=missing, input_value={}, input_type=dict]
    For further information visit https://errors.pydantic.dev/2.8/v/missing
identifier
  Field required [type=missing, input_value={}, input_type=dict]
    For further information visit https://errors.pydantic.dev/2.8/v/missing
description
  Field required [type=missing, input_value={}, input_type=dict]
    For further information visit https://errors.pydantic.dev/2.8/v/missing
title
  Field required [type=missing, input_value={}, input_type=dict]
    For further information visit https://errors.pydantic.dev/2.8/v/missing
programCode
  Field required [type=missing, input_value={}, input_type=dict]
    For further information visit https://errors.pydantic.dev/2.8/v/missing
distribution
  Field required [type=missing, input_value={}, input_type=dict]
    For further information visit https://errors.pydantic.dev/2.8/v/missing
theme
  Field required [type=missing, input_value={}, input_type=dict]
    For further information visit https://errors.pydantic.dev/2.8/v/missing
2024-08-23 12:40:38 - ERROR - Validation error for dataset: Unknown title
Traceback (most recent call last):
  File "C:\Users\edmun\Projects\Repositories\healthpartners-interview\src\healthpartners_interview\download.py", line 31, in fetch_datasets
    dataset = Dataset(**current_item)
              ^^^^^^^^^^^^^^^^^^^^^^^
  File "C:\Users\edmun\Projects\Repositories\healthpartners-interview\.venv\Lib\site-packages\pydantic\main.py", line 193, in __init__
    self.__pydantic_validator__.validate_python(data, self_instance=self)
pydantic_core._pydantic_core.ValidationError: 16 validation errors for Dataset
accessLevel
  Field required [type=missing, input_value={}, input_type=dict]
    For further information visit https://errors.pydantic.dev/2.8/v/missing
landingPage
  Field required [type=missing, input_value={}, input_type=dict]
    For further information visit https://errors.pydantic.dev/2.8/v/missing
bureauCode
  Field required [type=missing, input_value={}, input_type=dict]
    For further information visit https://errors.pydantic.dev/2.8/v/missing
issued
  Field required [type=missing, input_value={}, input_type=dict]
    For further information visit https://errors.pydantic.dev/2.8/v/missing
@type
  Field required [type=missing, input_value={}, input_type=dict]
    For further information visit https://errors.pydantic.dev/2.8/v/missing
modified
  Field required [type=missing, input_value={}, input_type=dict]
    For further information visit https://errors.pydantic.dev/2.8/v/missing
released
  Field required [type=missing, input_value={}, input_type=dict]
    For further information visit https://errors.pydantic.dev/2.8/v/missing
keyword
  Field required [type=missing, input_value={}, input_type=dict]
    For further information visit https://errors.pydantic.dev/2.8/v/missing
contactPoint
  Field required [type=missing, input_value={}, input_type=dict]
    For further information visit https://errors.pydantic.dev/2.8/v/missing
publisher
  Field required [type=missing, input_value={}, input_type=dict]
    For further information visit https://errors.pydantic.dev/2.8/v/missing
identifier
  Field required [type=missing, input_value={}, input_type=dict]
    For further information visit https://errors.pydantic.dev/2.8/v/missing
description
  Field required [type=missing, input_value={}, input_type=dict]
    For further information visit https://errors.pydantic.dev/2.8/v/missing
title
  Field required [type=missing, input_value={}, input_type=dict]
    For further information visit https://errors.pydantic.dev/2.8/v/missing
programCode
  Field required [type=missing, input_value={}, input_type=dict]
    For further information visit https://errors.pydantic.dev/2.8/v/missing
distribution
  Field required [type=missing, input_value={}, input_type=dict]
    For further information visit https://errors.pydantic.dev/2.8/v/missing
theme
  Field required [type=missing, input_value={}, input_type=dict]
    For further information visit https://errors.pydantic.dev/2.8/v/missing
2024-08-23 12:40:38 - ERROR - Validation error for dataset: Unknown title
Traceback (most recent call last):
  File "C:\Users\edmun\Projects\Repositories\healthpartners-interview\src\healthpartners_interview\download.py", line 31, in fetch_datasets
    dataset = Dataset(**current_item)
              ^^^^^^^^^^^^^^^^^^^^^^^
  File "C:\Users\edmun\Projects\Repositories\healthpartners-interview\.venv\Lib\site-packages\pydantic\main.py", line 193, in __init__
    self.__pydantic_validator__.validate_python(data, self_instance=self)
pydantic_core._pydantic_core.ValidationError: 16 validation errors for Dataset
accessLevel
  Field required [type=missing, input_value={}, input_type=dict]
    For further information visit https://errors.pydantic.dev/2.8/v/missing
landingPage
  Field required [type=missing, input_value={}, input_type=dict]
    For further information visit https://errors.pydantic.dev/2.8/v/missing
bureauCode
  Field required [type=missing, input_value={}, input_type=dict]
    For further information visit https://errors.pydantic.dev/2.8/v/missing
issued
  Field required [type=missing, input_value={}, input_type=dict]
    For further information visit https://errors.pydantic.dev/2.8/v/missing
@type
  Field required [type=missing, input_value={}, input_type=dict]
    For further information visit https://errors.pydantic.dev/2.8/v/missing
modified
  Field required [type=missing, input_value={}, input_type=dict]
    For further information visit https://errors.pydantic.dev/2.8/v/missing
released
  Field required [type=missing, input_value={}, input_type=dict]
    For further information visit https://errors.pydantic.dev/2.8/v/missing
keyword
  Field required [type=missing, input_value={}, input_type=dict]
    For further information visit https://errors.pydantic.dev/2.8/v/missing
contactPoint
  Field required [type=missing, input_value={}, input_type=dict]
    For further information visit https://errors.pydantic.dev/2.8/v/missing
publisher
  Field required [type=missing, input_value={}, input_type=dict]
    For further information visit https://errors.pydantic.dev/2.8/v/missing
identifier
  Field required [type=missing, input_value={}, input_type=dict]
    For further information visit https://errors.pydantic.dev/2.8/v/missing
description
  Field required [type=missing, input_value={}, input_type=dict]
    For further information visit https://errors.pydantic.dev/2.8/v/missing
title
  Field required [type=missing, input_value={}, input_type=dict]
    For further information visit https://errors.pydantic.dev/2.8/v/missing
programCode
  Field required [type=missing, input_value={}, input_type=dict]
    For further information visit https://errors.pydantic.dev/2.8/v/missing
distribution
  Field required [type=missing, input_value={}, input_type=dict]
    For further information visit https://errors.pydantic.dev/2.8/v/missing
theme
  Field required [type=missing, input_value={}, input_type=dict]
    For further information visit https://errors.pydantic.dev/2.8/v/missing
2024-08-23 12:40:38 - ERROR - Validation error for dataset: Unknown title
Traceback (most recent call last):
  File "C:\Users\edmun\Projects\Repositories\healthpartners-interview\src\healthpartners_interview\download.py", line 31, in fetch_datasets
    dataset = Dataset(**current_item)
              ^^^^^^^^^^^^^^^^^^^^^^^
  File "C:\Users\edmun\Projects\Repositories\healthpartners-interview\.venv\Lib\site-packages\pydantic\main.py", line 193, in __init__
    self.__pydantic_validator__.validate_python(data, self_instance=self)
pydantic_core._pydantic_core.ValidationError: 16 validation errors for Dataset
accessLevel
  Field required [type=missing, input_value={'item': 'theme'}, input_type=dict]
    For further information visit https://errors.pydantic.dev/2.8/v/missing
landingPage
  Field required [type=missing, input_value={'item': 'theme'}, input_type=dict]
    For further information visit https://errors.pydantic.dev/2.8/v/missing
bureauCode
  Field required [type=missing, input_value={'item': 'theme'}, input_type=dict]
    For further information visit https://errors.pydantic.dev/2.8/v/missing
issued
  Field required [type=missing, input_value={'item': 'theme'}, input_type=dict]
    For further information visit https://errors.pydantic.dev/2.8/v/missing
@type
  Field required [type=missing, input_value={'item': 'theme'}, input_type=dict]
    For further information visit https://errors.pydantic.dev/2.8/v/missing
modified
  Field required [type=missing, input_value={'item': 'theme'}, input_type=dict]
    For further information visit https://errors.pydantic.dev/2.8/v/missing
released
  Field required [type=missing, input_value={'item': 'theme'}, input_type=dict]
    For further information visit https://errors.pydantic.dev/2.8/v/missing
keyword
  Field required [type=missing, input_value={'item': 'theme'}, input_type=dict]
    For further information visit https://errors.pydantic.dev/2.8/v/missing
contactPoint
  Field required [type=missing, input_value={'item': 'theme'}, input_type=dict]
    For further information visit https://errors.pydantic.dev/2.8/v/missing
publisher
  Field required [type=missing, input_value={'item': 'theme'}, input_type=dict]
    For further information visit https://errors.pydantic.dev/2.8/v/missing
identifier
  Field required [type=missing, input_value={'item': 'theme'}, input_type=dict]
    For further information visit https://errors.pydantic.dev/2.8/v/missing
description
  Field required [type=missing, input_value={'item': 'theme'}, input_type=dict]
    For further information visit https://errors.pydantic.dev/2.8/v/missing
title
  Field required [type=missing, input_value={'item': 'theme'}, input_type=dict]
    For further information visit https://errors.pydantic.dev/2.8/v/missing
programCode
  Field required [type=missing, input_value={'item': 'theme'}, input_type=dict]
    For further information visit https://errors.pydantic.dev/2.8/v/missing
distribution
  Field required [type=missing, input_value={'item': 'theme'}, input_type=dict]
    For further information visit https://errors.pydantic.dev/2.8/v/missing
theme
  Field required [type=missing, input_value={'item': 'theme'}, input_type=dict]
    For further information visit https://errors.pydantic.dev/2.8/v/missing
2024-08-23 12:40:38 - ERROR - Validation error for dataset: Unknown title
Traceback (most recent call last):
  File "C:\Users\edmun\Projects\Repositories\healthpartners-interview\src\healthpartners_interview\download.py", line 31, in fetch_datasets
    dataset = Dataset(**current_item)
              ^^^^^^^^^^^^^^^^^^^^^^^
  File "C:\Users\edmun\Projects\Repositories\healthpartners-interview\.venv\Lib\site-packages\pydantic\main.py", line 193, in __init__
    self.__pydantic_validator__.validate_python(data, self_instance=self)
pydantic_core._pydantic_core.ValidationError: 16 validation errors for Dataset
accessLevel
  Field required [type=missing, input_value={}, input_type=dict]
    For further information visit https://errors.pydantic.dev/2.8/v/missing
landingPage
  Field required [type=missing, input_value={}, input_type=dict]
    For further information visit https://errors.pydantic.dev/2.8/v/missing
bureauCode
  Field required [type=missing, input_value={}, input_type=dict]
    For further information visit https://errors.pydantic.dev/2.8/v/missing
issued
  Field required [type=missing, input_value={}, input_type=dict]
    For further information visit https://errors.pydantic.dev/2.8/v/missing
@type
  Field required [type=missing, input_value={}, input_type=dict]
    For further information visit https://errors.pydantic.dev/2.8/v/missing
modified
  Field required [type=missing, input_value={}, input_type=dict]
    For further information visit https://errors.pydantic.dev/2.8/v/missing
released
  Field required [type=missing, input_value={}, input_type=dict]
    For further information visit https://errors.pydantic.dev/2.8/v/missing
keyword
  Field required [type=missing, input_value={}, input_type=dict]
    For further information visit https://errors.pydantic.dev/2.8/v/missing
contactPoint
  Field required [type=missing, input_value={}, input_type=dict]
    For further information visit https://errors.pydantic.dev/2.8/v/missing
publisher
  Field required [type=missing, input_value={}, input_type=dict]
    For further information visit https://errors.pydantic.dev/2.8/v/missing
identifier
  Field required [type=missing, input_value={}, input_type=dict]
    For further information visit https://errors.pydantic.dev/2.8/v/missing
description
  Field required [type=missing, input_value={}, input_type=dict]
    For further information visit https://errors.pydantic.dev/2.8/v/missing
title
  Field required [type=missing, input_value={}, input_type=dict]
    For further information visit https://errors.pydantic.dev/2.8/v/missing
programCode
  Field required [type=missing, input_value={}, input_type=dict]
    For further information visit https://errors.pydantic.dev/2.8/v/missing
distribution
  Field required [type=missing, input_value={}, input_type=dict]
    For further information visit https://errors.pydantic.dev/2.8/v/missing
theme
  Field required [type=missing, input_value={}, input_type=dict]
    For further information visit https://errors.pydantic.dev/2.8/v/missing
2024-08-23 12:40:38 - ERROR - Validation error for dataset: Unknown title
Traceback (most recent call last):
  File "C:\Users\edmun\Projects\Repositories\healthpartners-interview\src\healthpartners_interview\download.py", line 31, in fetch_datasets
    dataset = Dataset(**current_item)
              ^^^^^^^^^^^^^^^^^^^^^^^
  File "C:\Users\edmun\Projects\Repositories\healthpartners-interview\.venv\Lib\site-packages\pydantic\main.py", line 193, in __init__
    self.__pydantic_validator__.validate_python(data, self_instance=self)
pydantic_core._pydantic_core.ValidationError: 16 validation errors for Dataset
accessLevel
  Field required [type=missing, input_value={}, input_type=dict]
    For further information visit https://errors.pydantic.dev/2.8/v/missing
landingPage
  Field required [type=missing, input_value={}, input_type=dict]
    For further information visit https://errors.pydantic.dev/2.8/v/missing
bureauCode
  Field required [type=missing, input_value={}, input_type=dict]
    For further information visit https://errors.pydantic.dev/2.8/v/missing
issued
  Field required [type=missing, input_value={}, input_type=dict]
    For further information visit https://errors.pydantic.dev/2.8/v/missing
@type
  Field required [type=missing, input_value={}, input_type=dict]
    For further information visit https://errors.pydantic.dev/2.8/v/missing
modified
  Field required [type=missing, input_value={}, input_type=dict]
    For further information visit https://errors.pydantic.dev/2.8/v/missing
released
  Field required [type=missing, input_value={}, input_type=dict]
    For further information visit https://errors.pydantic.dev/2.8/v/missing
keyword
  Field required [type=missing, input_value={}, input_type=dict]
    For further information visit https://errors.pydantic.dev/2.8/v/missing
contactPoint
  Field required [type=missing, input_value={}, input_type=dict]
    For further information visit https://errors.pydantic.dev/2.8/v/missing
publisher
  Field required [type=missing, input_value={}, input_type=dict]
    For further information visit https://errors.pydantic.dev/2.8/v/missing
identifier
  Field required [type=missing, input_value={}, input_type=dict]
    For further information visit https://errors.pydantic.dev/2.8/v/missing
description
  Field required [type=missing, input_value={}, input_type=dict]
    For further information visit https://errors.pydantic.dev/2.8/v/missing
title
  Field required [type=missing, input_value={}, input_type=dict]
    For further information visit https://errors.pydantic.dev/2.8/v/missing
programCode
  Field required [type=missing, input_value={}, input_type=dict]
    For further information visit https://errors.pydantic.dev/2.8/v/missing
distribution
  Field required [type=missing, input_value={}, input_type=dict]
    For further information visit https://errors.pydantic.dev/2.8/v/missing
theme
  Field required [type=missing, input_value={}, input_type=dict]
    For further information visit https://errors.pydantic.dev/2.8/v/missing
2024-08-23 12:40:38 - ERROR - Validation error for dataset: Unknown title
Traceback (most recent call last):
  File "C:\Users\edmun\Projects\Repositories\healthpartners-interview\src\healthpartners_interview\download.py", line 31, in fetch_datasets
    dataset = Dataset(**current_item)
              ^^^^^^^^^^^^^^^^^^^^^^^
  File "C:\Users\edmun\Projects\Repositories\healthpartners-interview\.venv\Lib\site-packages\pydantic\main.py", line 193, in __init__
    self.__pydantic_validator__.validate_python(data, self_instance=self)
pydantic_core._pydantic_core.ValidationError: 16 validation errors for Dataset
accessLevel
  Field required [type=missing, input_value={}, input_type=dict]
    For further information visit https://errors.pydantic.dev/2.8/v/missing
landingPage
  Field required [type=missing, input_value={}, input_type=dict]
    For further information visit https://errors.pydantic.dev/2.8/v/missing
bureauCode
  Field required [type=missing, input_value={}, input_type=dict]
    For further information visit https://errors.pydantic.dev/2.8/v/missing
issued
  Field required [type=missing, input_value={}, input_type=dict]
    For further information visit https://errors.pydantic.dev/2.8/v/missing
@type
  Field required [type=missing, input_value={}, input_type=dict]
    For further information visit https://errors.pydantic.dev/2.8/v/missing
modified
  Field required [type=missing, input_value={}, input_type=dict]
    For further information visit https://errors.pydantic.dev/2.8/v/missing
released
  Field required [type=missing, input_value={}, input_type=dict]
    For further information visit https://errors.pydantic.dev/2.8/v/missing
keyword
  Field required [type=missing, input_value={}, input_type=dict]
    For further information visit https://errors.pydantic.dev/2.8/v/missing
contactPoint
  Field required [type=missing, input_value={}, input_type=dict]
    For further information visit https://errors.pydantic.dev/2.8/v/missing
publisher
  Field required [type=missing, input_value={}, input_type=dict]
    For further information visit https://errors.pydantic.dev/2.8/v/missing
identifier
  Field required [type=missing, input_value={}, input_type=dict]
    For further information visit https://errors.pydantic.dev/2.8/v/missing
description
  Field required [type=missing, input_value={}, input_type=dict]
    For further information visit https://errors.pydantic.dev/2.8/v/missing
title
  Field required [type=missing, input_value={}, input_type=dict]
    For further information visit https://errors.pydantic.dev/2.8/v/missing
programCode
  Field required [type=missing, input_value={}, input_type=dict]
    For further information visit https://errors.pydantic.dev/2.8/v/missing
distribution
  Field required [type=missing, input_value={}, input_type=dict]
    For further information visit https://errors.pydantic.dev/2.8/v/missing
theme
  Field required [type=missing, input_value={}, input_type=dict]
    For further information visit https://errors.pydantic.dev/2.8/v/missing
2024-08-23 12:40:38 - ERROR - Validation error for dataset: Unknown title
Traceback (most recent call last):
  File "C:\Users\edmun\Projects\Repositories\healthpartners-interview\src\healthpartners_interview\download.py", line 31, in fetch_datasets
    dataset = Dataset(**current_item)
              ^^^^^^^^^^^^^^^^^^^^^^^
  File "C:\Users\edmun\Projects\Repositories\healthpartners-interview\.venv\Lib\site-packages\pydantic\main.py", line 193, in __init__
    self.__pydantic_validator__.validate_python(data, self_instance=self)
pydantic_core._pydantic_core.ValidationError: 16 validation errors for Dataset
accessLevel
  Field required [type=missing, input_value={'item': 'theme'}, input_type=dict]
    For further information visit https://errors.pydantic.dev/2.8/v/missing
landingPage
  Field required [type=missing, input_value={'item': 'theme'}, input_type=dict]
    For further information visit https://errors.pydantic.dev/2.8/v/missing
bureauCode
  Field required [type=missing, input_value={'item': 'theme'}, input_type=dict]
    For further information visit https://errors.pydantic.dev/2.8/v/missing
issued
  Field required [type=missing, input_value={'item': 'theme'}, input_type=dict]
    For further information visit https://errors.pydantic.dev/2.8/v/missing
@type
  Field required [type=missing, input_value={'item': 'theme'}, input_type=dict]
    For further information visit https://errors.pydantic.dev/2.8/v/missing
modified
  Field required [type=missing, input_value={'item': 'theme'}, input_type=dict]
    For further information visit https://errors.pydantic.dev/2.8/v/missing
released
  Field required [type=missing, input_value={'item': 'theme'}, input_type=dict]
    For further information visit https://errors.pydantic.dev/2.8/v/missing
keyword
  Field required [type=missing, input_value={'item': 'theme'}, input_type=dict]
    For further information visit https://errors.pydantic.dev/2.8/v/missing
contactPoint
  Field required [type=missing, input_value={'item': 'theme'}, input_type=dict]
    For further information visit https://errors.pydantic.dev/2.8/v/missing
publisher
  Field required [type=missing, input_value={'item': 'theme'}, input_type=dict]
    For further information visit https://errors.pydantic.dev/2.8/v/missing
identifier
  Field required [type=missing, input_value={'item': 'theme'}, input_type=dict]
    For further information visit https://errors.pydantic.dev/2.8/v/missing
description
  Field required [type=missing, input_value={'item': 'theme'}, input_type=dict]
    For further information visit https://errors.pydantic.dev/2.8/v/missing
title
  Field required [type=missing, input_value={'item': 'theme'}, input_type=dict]
    For further information visit https://errors.pydantic.dev/2.8/v/missing
programCode
  Field required [type=missing, input_value={'item': 'theme'}, input_type=dict]
    For further information visit https://errors.pydantic.dev/2.8/v/missing
distribution
  Field required [type=missing, input_value={'item': 'theme'}, input_type=dict]
    For further information visit https://errors.pydantic.dev/2.8/v/missing
theme
  Field required [type=missing, input_value={'item': 'theme'}, input_type=dict]
    For further information visit https://errors.pydantic.dev/2.8/v/missing
2024-08-23 12:40:38 - ERROR - Validation error for dataset: Unknown title
Traceback (most recent call last):
  File "C:\Users\edmun\Projects\Repositories\healthpartners-interview\src\healthpartners_interview\download.py", line 31, in fetch_datasets
    dataset = Dataset(**current_item)
              ^^^^^^^^^^^^^^^^^^^^^^^
  File "C:\Users\edmun\Projects\Repositories\healthpartners-interview\.venv\Lib\site-packages\pydantic\main.py", line 193, in __init__
    self.__pydantic_validator__.validate_python(data, self_instance=self)
pydantic_core._pydantic_core.ValidationError: 16 validation errors for Dataset
accessLevel
  Field required [type=missing, input_value={}, input_type=dict]
    For further information visit https://errors.pydantic.dev/2.8/v/missing
landingPage
  Field required [type=missing, input_value={}, input_type=dict]
    For further information visit https://errors.pydantic.dev/2.8/v/missing
bureauCode
  Field required [type=missing, input_value={}, input_type=dict]
    For further information visit https://errors.pydantic.dev/2.8/v/missing
issued
  Field required [type=missing, input_value={}, input_type=dict]
    For further information visit https://errors.pydantic.dev/2.8/v/missing
@type
  Field required [type=missing, input_value={}, input_type=dict]
    For further information visit https://errors.pydantic.dev/2.8/v/missing
modified
  Field required [type=missing, input_value={}, input_type=dict]
    For further information visit https://errors.pydantic.dev/2.8/v/missing
released
  Field required [type=missing, input_value={}, input_type=dict]
    For further information visit https://errors.pydantic.dev/2.8/v/missing
keyword
  Field required [type=missing, input_value={}, input_type=dict]
    For further information visit https://errors.pydantic.dev/2.8/v/missing
contactPoint
  Field required [type=missing, input_value={}, input_type=dict]
    For further information visit https://errors.pydantic.dev/2.8/v/missing
publisher
  Field required [type=missing, input_value={}, input_type=dict]
    For further information visit https://errors.pydantic.dev/2.8/v/missing
identifier
  Field required [type=missing, input_value={}, input_type=dict]
    For further information visit https://errors.pydantic.dev/2.8/v/missing
description
  Field required [type=missing, input_value={}, input_type=dict]
    For further information visit https://errors.pydantic.dev/2.8/v/missing
title
  Field required [type=missing, input_value={}, input_type=dict]
    For further information visit https://errors.pydantic.dev/2.8/v/missing
programCode
  Field required [type=missing, input_value={}, input_type=dict]
    For further information visit https://errors.pydantic.dev/2.8/v/missing
distribution
  Field required [type=missing, input_value={}, input_type=dict]
    For further information visit https://errors.pydantic.dev/2.8/v/missing
theme
  Field required [type=missing, input_value={}, input_type=dict]
    For further information visit https://errors.pydantic.dev/2.8/v/missing
2024-08-23 12:40:38 - ERROR - Validation error for dataset: Unknown title
Traceback (most recent call last):
  File "C:\Users\edmun\Projects\Repositories\healthpartners-interview\src\healthpartners_interview\download.py", line 31, in fetch_datasets
    dataset = Dataset(**current_item)
              ^^^^^^^^^^^^^^^^^^^^^^^
  File "C:\Users\edmun\Projects\Repositories\healthpartners-interview\.venv\Lib\site-packages\pydantic\main.py", line 193, in __init__
    self.__pydantic_validator__.validate_python(data, self_instance=self)
pydantic_core._pydantic_core.ValidationError: 16 validation errors for Dataset
accessLevel
  Field required [type=missing, input_value={}, input_type=dict]
    For further information visit https://errors.pydantic.dev/2.8/v/missing
landingPage
  Field required [type=missing, input_value={}, input_type=dict]
    For further information visit https://errors.pydantic.dev/2.8/v/missing
bureauCode
  Field required [type=missing, input_value={}, input_type=dict]
    For further information visit https://errors.pydantic.dev/2.8/v/missing
issued
  Field required [type=missing, input_value={}, input_type=dict]
    For further information visit https://errors.pydantic.dev/2.8/v/missing
@type
  Field required [type=missing, input_value={}, input_type=dict]
    For further information visit https://errors.pydantic.dev/2.8/v/missing
modified
  Field required [type=missing, input_value={}, input_type=dict]
    For further information visit https://errors.pydantic.dev/2.8/v/missing
released
  Field required [type=missing, input_value={}, input_type=dict]
    For further information visit https://errors.pydantic.dev/2.8/v/missing
keyword
  Field required [type=missing, input_value={}, input_type=dict]
    For further information visit https://errors.pydantic.dev/2.8/v/missing
contactPoint
  Field required [type=missing, input_value={}, input_type=dict]
    For further information visit https://errors.pydantic.dev/2.8/v/missing
publisher
  Field required [type=missing, input_value={}, input_type=dict]
    For further information visit https://errors.pydantic.dev/2.8/v/missing
identifier
  Field required [type=missing, input_value={}, input_type=dict]
    For further information visit https://errors.pydantic.dev/2.8/v/missing
description
  Field required [type=missing, input_value={}, input_type=dict]
    For further information visit https://errors.pydantic.dev/2.8/v/missing
title
  Field required [type=missing, input_value={}, input_type=dict]
    For further information visit https://errors.pydantic.dev/2.8/v/missing
programCode
  Field required [type=missing, input_value={}, input_type=dict]
    For further information visit https://errors.pydantic.dev/2.8/v/missing
distribution
  Field required [type=missing, input_value={}, input_type=dict]
    For further information visit https://errors.pydantic.dev/2.8/v/missing
theme
  Field required [type=missing, input_value={}, input_type=dict]
    For further information visit https://errors.pydantic.dev/2.8/v/missing
2024-08-23 12:40:38 - ERROR - Validation error for dataset: Unknown title
Traceback (most recent call last):
  File "C:\Users\edmun\Projects\Repositories\healthpartners-interview\src\healthpartners_interview\download.py", line 31, in fetch_datasets
    dataset = Dataset(**current_item)
              ^^^^^^^^^^^^^^^^^^^^^^^
  File "C:\Users\edmun\Projects\Repositories\healthpartners-interview\.venv\Lib\site-packages\pydantic\main.py", line 193, in __init__
    self.__pydantic_validator__.validate_python(data, self_instance=self)
pydantic_core._pydantic_core.ValidationError: 16 validation errors for Dataset
accessLevel
  Field required [type=missing, input_value={}, input_type=dict]
    For further information visit https://errors.pydantic.dev/2.8/v/missing
landingPage
  Field required [type=missing, input_value={}, input_type=dict]
    For further information visit https://errors.pydantic.dev/2.8/v/missing
bureauCode
  Field required [type=missing, input_value={}, input_type=dict]
    For further information visit https://errors.pydantic.dev/2.8/v/missing
issued
  Field required [type=missing, input_value={}, input_type=dict]
    For further information visit https://errors.pydantic.dev/2.8/v/missing
@type
  Field required [type=missing, input_value={}, input_type=dict]
    For further information visit https://errors.pydantic.dev/2.8/v/missing
modified
  Field required [type=missing, input_value={}, input_type=dict]
    For further information visit https://errors.pydantic.dev/2.8/v/missing
released
  Field required [type=missing, input_value={}, input_type=dict]
    For further information visit https://errors.pydantic.dev/2.8/v/missing
keyword
  Field required [type=missing, input_value={}, input_type=dict]
    For further information visit https://errors.pydantic.dev/2.8/v/missing
contactPoint
  Field required [type=missing, input_value={}, input_type=dict]
    For further information visit https://errors.pydantic.dev/2.8/v/missing
publisher
  Field required [type=missing, input_value={}, input_type=dict]
    For further information visit https://errors.pydantic.dev/2.8/v/missing
identifier
  Field required [type=missing, input_value={}, input_type=dict]
    For further information visit https://errors.pydantic.dev/2.8/v/missing
description
  Field required [type=missing, input_value={}, input_type=dict]
    For further information visit https://errors.pydantic.dev/2.8/v/missing
title
  Field required [type=missing, input_value={}, input_type=dict]
    For further information visit https://errors.pydantic.dev/2.8/v/missing
programCode
  Field required [type=missing, input_value={}, input_type=dict]
    For further information visit https://errors.pydantic.dev/2.8/v/missing
distribution
  Field required [type=missing, input_value={}, input_type=dict]
    For further information visit https://errors.pydantic.dev/2.8/v/missing
theme
  Field required [type=missing, input_value={}, input_type=dict]
    For further information visit https://errors.pydantic.dev/2.8/v/missing
2024-08-23 12:40:38 - ERROR - Validation error for dataset: Unknown title
Traceback (most recent call last):
  File "C:\Users\edmun\Projects\Repositories\healthpartners-interview\src\healthpartners_interview\download.py", line 31, in fetch_datasets
    dataset = Dataset(**current_item)
              ^^^^^^^^^^^^^^^^^^^^^^^
  File "C:\Users\edmun\Projects\Repositories\healthpartners-interview\.venv\Lib\site-packages\pydantic\main.py", line 193, in __init__
    self.__pydantic_validator__.validate_python(data, self_instance=self)
pydantic_core._pydantic_core.ValidationError: 16 validation errors for Dataset
accessLevel
  Field required [type=missing, input_value={'item': 'theme'}, input_type=dict]
    For further information visit https://errors.pydantic.dev/2.8/v/missing
landingPage
  Field required [type=missing, input_value={'item': 'theme'}, input_type=dict]
    For further information visit https://errors.pydantic.dev/2.8/v/missing
bureauCode
  Field required [type=missing, input_value={'item': 'theme'}, input_type=dict]
    For further information visit https://errors.pydantic.dev/2.8/v/missing
issued
  Field required [type=missing, input_value={'item': 'theme'}, input_type=dict]
    For further information visit https://errors.pydantic.dev/2.8/v/missing
@type
  Field required [type=missing, input_value={'item': 'theme'}, input_type=dict]
    For further information visit https://errors.pydantic.dev/2.8/v/missing
modified
  Field required [type=missing, input_value={'item': 'theme'}, input_type=dict]
    For further information visit https://errors.pydantic.dev/2.8/v/missing
released
  Field required [type=missing, input_value={'item': 'theme'}, input_type=dict]
    For further information visit https://errors.pydantic.dev/2.8/v/missing
keyword
  Field required [type=missing, input_value={'item': 'theme'}, input_type=dict]
    For further information visit https://errors.pydantic.dev/2.8/v/missing
contactPoint
  Field required [type=missing, input_value={'item': 'theme'}, input_type=dict]
    For further information visit https://errors.pydantic.dev/2.8/v/missing
publisher
  Field required [type=missing, input_value={'item': 'theme'}, input_type=dict]
    For further information visit https://errors.pydantic.dev/2.8/v/missing
identifier
  Field required [type=missing, input_value={'item': 'theme'}, input_type=dict]
    For further information visit https://errors.pydantic.dev/2.8/v/missing
description
  Field required [type=missing, input_value={'item': 'theme'}, input_type=dict]
    For further information visit https://errors.pydantic.dev/2.8/v/missing
title
  Field required [type=missing, input_value={'item': 'theme'}, input_type=dict]
    For further information visit https://errors.pydantic.dev/2.8/v/missing
programCode
  Field required [type=missing, input_value={'item': 'theme'}, input_type=dict]
    For further information visit https://errors.pydantic.dev/2.8/v/missing
distribution
  Field required [type=missing, input_value={'item': 'theme'}, input_type=dict]
    For further information visit https://errors.pydantic.dev/2.8/v/missing
theme
  Field required [type=missing, input_value={'item': 'theme'}, input_type=dict]
    For further information visit https://errors.pydantic.dev/2.8/v/missing
2024-08-23 12:40:38 - ERROR - Validation error for dataset: Unknown title
Traceback (most recent call last):
  File "C:\Users\edmun\Projects\Repositories\healthpartners-interview\src\healthpartners_interview\download.py", line 31, in fetch_datasets
    dataset = Dataset(**current_item)
              ^^^^^^^^^^^^^^^^^^^^^^^
  File "C:\Users\edmun\Projects\Repositories\healthpartners-interview\.venv\Lib\site-packages\pydantic\main.py", line 193, in __init__
    self.__pydantic_validator__.validate_python(data, self_instance=self)
pydantic_core._pydantic_core.ValidationError: 16 validation errors for Dataset
accessLevel
  Field required [type=missing, input_value={}, input_type=dict]
    For further information visit https://errors.pydantic.dev/2.8/v/missing
landingPage
  Field required [type=missing, input_value={}, input_type=dict]
    For further information visit https://errors.pydantic.dev/2.8/v/missing
bureauCode
  Field required [type=missing, input_value={}, input_type=dict]
    For further information visit https://errors.pydantic.dev/2.8/v/missing
issued
  Field required [type=missing, input_value={}, input_type=dict]
    For further information visit https://errors.pydantic.dev/2.8/v/missing
@type
  Field required [type=missing, input_value={}, input_type=dict]
    For further information visit https://errors.pydantic.dev/2.8/v/missing
modified
  Field required [type=missing, input_value={}, input_type=dict]
    For further information visit https://errors.pydantic.dev/2.8/v/missing
released
  Field required [type=missing, input_value={}, input_type=dict]
    For further information visit https://errors.pydantic.dev/2.8/v/missing
keyword
  Field required [type=missing, input_value={}, input_type=dict]
    For further information visit https://errors.pydantic.dev/2.8/v/missing
contactPoint
  Field required [type=missing, input_value={}, input_type=dict]
    For further information visit https://errors.pydantic.dev/2.8/v/missing
publisher
  Field required [type=missing, input_value={}, input_type=dict]
    For further information visit https://errors.pydantic.dev/2.8/v/missing
identifier
  Field required [type=missing, input_value={}, input_type=dict]
    For further information visit https://errors.pydantic.dev/2.8/v/missing
description
  Field required [type=missing, input_value={}, input_type=dict]
    For further information visit https://errors.pydantic.dev/2.8/v/missing
title
  Field required [type=missing, input_value={}, input_type=dict]
    For further information visit https://errors.pydantic.dev/2.8/v/missing
programCode
  Field required [type=missing, input_value={}, input_type=dict]
    For further information visit https://errors.pydantic.dev/2.8/v/missing
distribution
  Field required [type=missing, input_value={}, input_type=dict]
    For further information visit https://errors.pydantic.dev/2.8/v/missing
theme
  Field required [type=missing, input_value={}, input_type=dict]
    For further information visit https://errors.pydantic.dev/2.8/v/missing
2024-08-23 12:40:38 - ERROR - Validation error for dataset: Unknown title
Traceback (most recent call last):
  File "C:\Users\edmun\Projects\Repositories\healthpartners-interview\src\healthpartners_interview\download.py", line 31, in fetch_datasets
    dataset = Dataset(**current_item)
              ^^^^^^^^^^^^^^^^^^^^^^^
  File "C:\Users\edmun\Projects\Repositories\healthpartners-interview\.venv\Lib\site-packages\pydantic\main.py", line 193, in __init__
    self.__pydantic_validator__.validate_python(data, self_instance=self)
pydantic_core._pydantic_core.ValidationError: 16 validation errors for Dataset
accessLevel
  Field required [type=missing, input_value={}, input_type=dict]
    For further information visit https://errors.pydantic.dev/2.8/v/missing
landingPage
  Field required [type=missing, input_value={}, input_type=dict]
    For further information visit https://errors.pydantic.dev/2.8/v/missing
bureauCode
  Field required [type=missing, input_value={}, input_type=dict]
    For further information visit https://errors.pydantic.dev/2.8/v/missing
issued
  Field required [type=missing, input_value={}, input_type=dict]
    For further information visit https://errors.pydantic.dev/2.8/v/missing
@type
  Field required [type=missing, input_value={}, input_type=dict]
    For further information visit https://errors.pydantic.dev/2.8/v/missing
modified
  Field required [type=missing, input_value={}, input_type=dict]
    For further information visit https://errors.pydantic.dev/2.8/v/missing
released
  Field required [type=missing, input_value={}, input_type=dict]
    For further information visit https://errors.pydantic.dev/2.8/v/missing
keyword
  Field required [type=missing, input_value={}, input_type=dict]
    For further information visit https://errors.pydantic.dev/2.8/v/missing
contactPoint
  Field required [type=missing, input_value={}, input_type=dict]
    For further information visit https://errors.pydantic.dev/2.8/v/missing
publisher
  Field required [type=missing, input_value={}, input_type=dict]
    For further information visit https://errors.pydantic.dev/2.8/v/missing
identifier
  Field required [type=missing, input_value={}, input_type=dict]
    For further information visit https://errors.pydantic.dev/2.8/v/missing
description
  Field required [type=missing, input_value={}, input_type=dict]
    For further information visit https://errors.pydantic.dev/2.8/v/missing
title
  Field required [type=missing, input_value={}, input_type=dict]
    For further information visit https://errors.pydantic.dev/2.8/v/missing
programCode
  Field required [type=missing, input_value={}, input_type=dict]
    For further information visit https://errors.pydantic.dev/2.8/v/missing
distribution
  Field required [type=missing, input_value={}, input_type=dict]
    For further information visit https://errors.pydantic.dev/2.8/v/missing
theme
  Field required [type=missing, input_value={}, input_type=dict]
    For further information visit https://errors.pydantic.dev/2.8/v/missing
2024-08-23 12:40:38 - ERROR - Validation error for dataset: Unknown title
Traceback (most recent call last):
  File "C:\Users\edmun\Projects\Repositories\healthpartners-interview\src\healthpartners_interview\download.py", line 31, in fetch_datasets
    dataset = Dataset(**current_item)
              ^^^^^^^^^^^^^^^^^^^^^^^
  File "C:\Users\edmun\Projects\Repositories\healthpartners-interview\.venv\Lib\site-packages\pydantic\main.py", line 193, in __init__
    self.__pydantic_validator__.validate_python(data, self_instance=self)
pydantic_core._pydantic_core.ValidationError: 16 validation errors for Dataset
accessLevel
  Field required [type=missing, input_value={}, input_type=dict]
    For further information visit https://errors.pydantic.dev/2.8/v/missing
landingPage
  Field required [type=missing, input_value={}, input_type=dict]
    For further information visit https://errors.pydantic.dev/2.8/v/missing
bureauCode
  Field required [type=missing, input_value={}, input_type=dict]
    For further information visit https://errors.pydantic.dev/2.8/v/missing
issued
  Field required [type=missing, input_value={}, input_type=dict]
    For further information visit https://errors.pydantic.dev/2.8/v/missing
@type
  Field required [type=missing, input_value={}, input_type=dict]
    For further information visit https://errors.pydantic.dev/2.8/v/missing
modified
  Field required [type=missing, input_value={}, input_type=dict]
    For further information visit https://errors.pydantic.dev/2.8/v/missing
released
  Field required [type=missing, input_value={}, input_type=dict]
    For further information visit https://errors.pydantic.dev/2.8/v/missing
keyword
  Field required [type=missing, input_value={}, input_type=dict]
    For further information visit https://errors.pydantic.dev/2.8/v/missing
contactPoint
  Field required [type=missing, input_value={}, input_type=dict]
    For further information visit https://errors.pydantic.dev/2.8/v/missing
publisher
  Field required [type=missing, input_value={}, input_type=dict]
    For further information visit https://errors.pydantic.dev/2.8/v/missing
identifier
  Field required [type=missing, input_value={}, input_type=dict]
    For further information visit https://errors.pydantic.dev/2.8/v/missing
description
  Field required [type=missing, input_value={}, input_type=dict]
    For further information visit https://errors.pydantic.dev/2.8/v/missing
title
  Field required [type=missing, input_value={}, input_type=dict]
    For further information visit https://errors.pydantic.dev/2.8/v/missing
programCode
  Field required [type=missing, input_value={}, input_type=dict]
    For further information visit https://errors.pydantic.dev/2.8/v/missing
distribution
  Field required [type=missing, input_value={}, input_type=dict]
    For further information visit https://errors.pydantic.dev/2.8/v/missing
theme
  Field required [type=missing, input_value={}, input_type=dict]
    For further information visit https://errors.pydantic.dev/2.8/v/missing
2024-08-23 12:40:38 - ERROR - Validation error for dataset: Unknown title
Traceback (most recent call last):
  File "C:\Users\edmun\Projects\Repositories\healthpartners-interview\src\healthpartners_interview\download.py", line 31, in fetch_datasets
    dataset = Dataset(**current_item)
              ^^^^^^^^^^^^^^^^^^^^^^^
  File "C:\Users\edmun\Projects\Repositories\healthpartners-interview\.venv\Lib\site-packages\pydantic\main.py", line 193, in __init__
    self.__pydantic_validator__.validate_python(data, self_instance=self)
pydantic_core._pydantic_core.ValidationError: 16 validation errors for Dataset
accessLevel
  Field required [type=missing, input_value={'item': 'theme'}, input_type=dict]
    For further information visit https://errors.pydantic.dev/2.8/v/missing
landingPage
  Field required [type=missing, input_value={'item': 'theme'}, input_type=dict]
    For further information visit https://errors.pydantic.dev/2.8/v/missing
bureauCode
  Field required [type=missing, input_value={'item': 'theme'}, input_type=dict]
    For further information visit https://errors.pydantic.dev/2.8/v/missing
issued
  Field required [type=missing, input_value={'item': 'theme'}, input_type=dict]
    For further information visit https://errors.pydantic.dev/2.8/v/missing
@type
  Field required [type=missing, input_value={'item': 'theme'}, input_type=dict]
    For further information visit https://errors.pydantic.dev/2.8/v/missing
modified
  Field required [type=missing, input_value={'item': 'theme'}, input_type=dict]
    For further information visit https://errors.pydantic.dev/2.8/v/missing
released
  Field required [type=missing, input_value={'item': 'theme'}, input_type=dict]
    For further information visit https://errors.pydantic.dev/2.8/v/missing
keyword
  Field required [type=missing, input_value={'item': 'theme'}, input_type=dict]
    For further information visit https://errors.pydantic.dev/2.8/v/missing
contactPoint
  Field required [type=missing, input_value={'item': 'theme'}, input_type=dict]
    For further information visit https://errors.pydantic.dev/2.8/v/missing
publisher
  Field required [type=missing, input_value={'item': 'theme'}, input_type=dict]
    For further information visit https://errors.pydantic.dev/2.8/v/missing
identifier
  Field required [type=missing, input_value={'item': 'theme'}, input_type=dict]
    For further information visit https://errors.pydantic.dev/2.8/v/missing
description
  Field required [type=missing, input_value={'item': 'theme'}, input_type=dict]
    For further information visit https://errors.pydantic.dev/2.8/v/missing
title
  Field required [type=missing, input_value={'item': 'theme'}, input_type=dict]
    For further information visit https://errors.pydantic.dev/2.8/v/missing
programCode
  Field required [type=missing, input_value={'item': 'theme'}, input_type=dict]
    For further information visit https://errors.pydantic.dev/2.8/v/missing
distribution
  Field required [type=missing, input_value={'item': 'theme'}, input_type=dict]
    For further information visit https://errors.pydantic.dev/2.8/v/missing
theme
  Field required [type=missing, input_value={'item': 'theme'}, input_type=dict]
    For further information visit https://errors.pydantic.dev/2.8/v/missing
2024-08-23 12:40:38 - ERROR - Validation error for dataset: Unknown title
Traceback (most recent call last):
  File "C:\Users\edmun\Projects\Repositories\healthpartners-interview\src\healthpartners_interview\download.py", line 31, in fetch_datasets
    dataset = Dataset(**current_item)
              ^^^^^^^^^^^^^^^^^^^^^^^
  File "C:\Users\edmun\Projects\Repositories\healthpartners-interview\.venv\Lib\site-packages\pydantic\main.py", line 193, in __init__
    self.__pydantic_validator__.validate_python(data, self_instance=self)
pydantic_core._pydantic_core.ValidationError: 16 validation errors for Dataset
accessLevel
  Field required [type=missing, input_value={}, input_type=dict]
    For further information visit https://errors.pydantic.dev/2.8/v/missing
landingPage
  Field required [type=missing, input_value={}, input_type=dict]
    For further information visit https://errors.pydantic.dev/2.8/v/missing
bureauCode
  Field required [type=missing, input_value={}, input_type=dict]
    For further information visit https://errors.pydantic.dev/2.8/v/missing
issued
  Field required [type=missing, input_value={}, input_type=dict]
    For further information visit https://errors.pydantic.dev/2.8/v/missing
@type
  Field required [type=missing, input_value={}, input_type=dict]
    For further information visit https://errors.pydantic.dev/2.8/v/missing
modified
  Field required [type=missing, input_value={}, input_type=dict]
    For further information visit https://errors.pydantic.dev/2.8/v/missing
released
  Field required [type=missing, input_value={}, input_type=dict]
    For further information visit https://errors.pydantic.dev/2.8/v/missing
keyword
  Field required [type=missing, input_value={}, input_type=dict]
    For further information visit https://errors.pydantic.dev/2.8/v/missing
contactPoint
  Field required [type=missing, input_value={}, input_type=dict]
    For further information visit https://errors.pydantic.dev/2.8/v/missing
publisher
  Field required [type=missing, input_value={}, input_type=dict]
    For further information visit https://errors.pydantic.dev/2.8/v/missing
identifier
  Field required [type=missing, input_value={}, input_type=dict]
    For further information visit https://errors.pydantic.dev/2.8/v/missing
description
  Field required [type=missing, input_value={}, input_type=dict]
    For further information visit https://errors.pydantic.dev/2.8/v/missing
title
  Field required [type=missing, input_value={}, input_type=dict]
    For further information visit https://errors.pydantic.dev/2.8/v/missing
programCode
  Field required [type=missing, input_value={}, input_type=dict]
    For further information visit https://errors.pydantic.dev/2.8/v/missing
distribution
  Field required [type=missing, input_value={}, input_type=dict]
    For further information visit https://errors.pydantic.dev/2.8/v/missing
theme
  Field required [type=missing, input_value={}, input_type=dict]
    For further information visit https://errors.pydantic.dev/2.8/v/missing
2024-08-23 12:40:38 - ERROR - Validation error for dataset: Unknown title
Traceback (most recent call last):
  File "C:\Users\edmun\Projects\Repositories\healthpartners-interview\src\healthpartners_interview\download.py", line 31, in fetch_datasets
    dataset = Dataset(**current_item)
              ^^^^^^^^^^^^^^^^^^^^^^^
  File "C:\Users\edmun\Projects\Repositories\healthpartners-interview\.venv\Lib\site-packages\pydantic\main.py", line 193, in __init__
    self.__pydantic_validator__.validate_python(data, self_instance=self)
pydantic_core._pydantic_core.ValidationError: 16 validation errors for Dataset
accessLevel
  Field required [type=missing, input_value={}, input_type=dict]
    For further information visit https://errors.pydantic.dev/2.8/v/missing
landingPage
  Field required [type=missing, input_value={}, input_type=dict]
    For further information visit https://errors.pydantic.dev/2.8/v/missing
bureauCode
  Field required [type=missing, input_value={}, input_type=dict]
    For further information visit https://errors.pydantic.dev/2.8/v/missing
issued
  Field required [type=missing, input_value={}, input_type=dict]
    For further information visit https://errors.pydantic.dev/2.8/v/missing
@type
  Field required [type=missing, input_value={}, input_type=dict]
    For further information visit https://errors.pydantic.dev/2.8/v/missing
modified
  Field required [type=missing, input_value={}, input_type=dict]
    For further information visit https://errors.pydantic.dev/2.8/v/missing
released
  Field required [type=missing, input_value={}, input_type=dict]
    For further information visit https://errors.pydantic.dev/2.8/v/missing
keyword
  Field required [type=missing, input_value={}, input_type=dict]
    For further information visit https://errors.pydantic.dev/2.8/v/missing
contactPoint
  Field required [type=missing, input_value={}, input_type=dict]
    For further information visit https://errors.pydantic.dev/2.8/v/missing
publisher
  Field required [type=missing, input_value={}, input_type=dict]
    For further information visit https://errors.pydantic.dev/2.8/v/missing
identifier
  Field required [type=missing, input_value={}, input_type=dict]
    For further information visit https://errors.pydantic.dev/2.8/v/missing
description
  Field required [type=missing, input_value={}, input_type=dict]
    For further information visit https://errors.pydantic.dev/2.8/v/missing
title
  Field required [type=missing, input_value={}, input_type=dict]
    For further information visit https://errors.pydantic.dev/2.8/v/missing
programCode
  Field required [type=missing, input_value={}, input_type=dict]
    For further information visit https://errors.pydantic.dev/2.8/v/missing
distribution
  Field required [type=missing, input_value={}, input_type=dict]
    For further information visit https://errors.pydantic.dev/2.8/v/missing
theme
  Field required [type=missing, input_value={}, input_type=dict]
    For further information visit https://errors.pydantic.dev/2.8/v/missing
2024-08-23 12:40:38 - ERROR - Validation error for dataset: Unknown title
Traceback (most recent call last):
  File "C:\Users\edmun\Projects\Repositories\healthpartners-interview\src\healthpartners_interview\download.py", line 31, in fetch_datasets
    dataset = Dataset(**current_item)
              ^^^^^^^^^^^^^^^^^^^^^^^
  File "C:\Users\edmun\Projects\Repositories\healthpartners-interview\.venv\Lib\site-packages\pydantic\main.py", line 193, in __init__
    self.__pydantic_validator__.validate_python(data, self_instance=self)
pydantic_core._pydantic_core.ValidationError: 16 validation errors for Dataset
accessLevel
  Field required [type=missing, input_value={}, input_type=dict]
    For further information visit https://errors.pydantic.dev/2.8/v/missing
landingPage
  Field required [type=missing, input_value={}, input_type=dict]
    For further information visit https://errors.pydantic.dev/2.8/v/missing
bureauCode
  Field required [type=missing, input_value={}, input_type=dict]
    For further information visit https://errors.pydantic.dev/2.8/v/missing
issued
  Field required [type=missing, input_value={}, input_type=dict]
    For further information visit https://errors.pydantic.dev/2.8/v/missing
@type
  Field required [type=missing, input_value={}, input_type=dict]
    For further information visit https://errors.pydantic.dev/2.8/v/missing
modified
  Field required [type=missing, input_value={}, input_type=dict]
    For further information visit https://errors.pydantic.dev/2.8/v/missing
released
  Field required [type=missing, input_value={}, input_type=dict]
    For further information visit https://errors.pydantic.dev/2.8/v/missing
keyword
  Field required [type=missing, input_value={}, input_type=dict]
    For further information visit https://errors.pydantic.dev/2.8/v/missing
contactPoint
  Field required [type=missing, input_value={}, input_type=dict]
    For further information visit https://errors.pydantic.dev/2.8/v/missing
publisher
  Field required [type=missing, input_value={}, input_type=dict]
    For further information visit https://errors.pydantic.dev/2.8/v/missing
identifier
  Field required [type=missing, input_value={}, input_type=dict]
    For further information visit https://errors.pydantic.dev/2.8/v/missing
description
  Field required [type=missing, input_value={}, input_type=dict]
    For further information visit https://errors.pydantic.dev/2.8/v/missing
title
  Field required [type=missing, input_value={}, input_type=dict]
    For further information visit https://errors.pydantic.dev/2.8/v/missing
programCode
  Field required [type=missing, input_value={}, input_type=dict]
    For further information visit https://errors.pydantic.dev/2.8/v/missing
distribution
  Field required [type=missing, input_value={}, input_type=dict]
    For further information visit https://errors.pydantic.dev/2.8/v/missing
theme
  Field required [type=missing, input_value={}, input_type=dict]
    For further information visit https://errors.pydantic.dev/2.8/v/missing
2024-08-23 12:40:38 - ERROR - Validation error for dataset: Unknown title
Traceback (most recent call last):
  File "C:\Users\edmun\Projects\Repositories\healthpartners-interview\src\healthpartners_interview\download.py", line 31, in fetch_datasets
    dataset = Dataset(**current_item)
              ^^^^^^^^^^^^^^^^^^^^^^^
  File "C:\Users\edmun\Projects\Repositories\healthpartners-interview\.venv\Lib\site-packages\pydantic\main.py", line 193, in __init__
    self.__pydantic_validator__.validate_python(data, self_instance=self)
pydantic_core._pydantic_core.ValidationError: 16 validation errors for Dataset
accessLevel
  Field required [type=missing, input_value={'item': 'theme'}, input_type=dict]
    For further information visit https://errors.pydantic.dev/2.8/v/missing
landingPage
  Field required [type=missing, input_value={'item': 'theme'}, input_type=dict]
    For further information visit https://errors.pydantic.dev/2.8/v/missing
bureauCode
  Field required [type=missing, input_value={'item': 'theme'}, input_type=dict]
    For further information visit https://errors.pydantic.dev/2.8/v/missing
issued
  Field required [type=missing, input_value={'item': 'theme'}, input_type=dict]
    For further information visit https://errors.pydantic.dev/2.8/v/missing
@type
  Field required [type=missing, input_value={'item': 'theme'}, input_type=dict]
    For further information visit https://errors.pydantic.dev/2.8/v/missing
modified
  Field required [type=missing, input_value={'item': 'theme'}, input_type=dict]
    For further information visit https://errors.pydantic.dev/2.8/v/missing
released
  Field required [type=missing, input_value={'item': 'theme'}, input_type=dict]
    For further information visit https://errors.pydantic.dev/2.8/v/missing
keyword
  Field required [type=missing, input_value={'item': 'theme'}, input_type=dict]
    For further information visit https://errors.pydantic.dev/2.8/v/missing
contactPoint
  Field required [type=missing, input_value={'item': 'theme'}, input_type=dict]
    For further information visit https://errors.pydantic.dev/2.8/v/missing
publisher
  Field required [type=missing, input_value={'item': 'theme'}, input_type=dict]
    For further information visit https://errors.pydantic.dev/2.8/v/missing
identifier
  Field required [type=missing, input_value={'item': 'theme'}, input_type=dict]
    For further information visit https://errors.pydantic.dev/2.8/v/missing
description
  Field required [type=missing, input_value={'item': 'theme'}, input_type=dict]
    For further information visit https://errors.pydantic.dev/2.8/v/missing
title
  Field required [type=missing, input_value={'item': 'theme'}, input_type=dict]
    For further information visit https://errors.pydantic.dev/2.8/v/missing
programCode
  Field required [type=missing, input_value={'item': 'theme'}, input_type=dict]
    For further information visit https://errors.pydantic.dev/2.8/v/missing
distribution
  Field required [type=missing, input_value={'item': 'theme'}, input_type=dict]
    For further information visit https://errors.pydantic.dev/2.8/v/missing
theme
  Field required [type=missing, input_value={'item': 'theme'}, input_type=dict]
    For further information visit https://errors.pydantic.dev/2.8/v/missing
2024-08-23 12:40:38 - ERROR - Validation error for dataset: Unknown title
Traceback (most recent call last):
  File "C:\Users\edmun\Projects\Repositories\healthpartners-interview\src\healthpartners_interview\download.py", line 31, in fetch_datasets
    dataset = Dataset(**current_item)
              ^^^^^^^^^^^^^^^^^^^^^^^
  File "C:\Users\edmun\Projects\Repositories\healthpartners-interview\.venv\Lib\site-packages\pydantic\main.py", line 193, in __init__
    self.__pydantic_validator__.validate_python(data, self_instance=self)
pydantic_core._pydantic_core.ValidationError: 16 validation errors for Dataset
accessLevel
  Field required [type=missing, input_value={}, input_type=dict]
    For further information visit https://errors.pydantic.dev/2.8/v/missing
landingPage
  Field required [type=missing, input_value={}, input_type=dict]
    For further information visit https://errors.pydantic.dev/2.8/v/missing
bureauCode
  Field required [type=missing, input_value={}, input_type=dict]
    For further information visit https://errors.pydantic.dev/2.8/v/missing
issued
  Field required [type=missing, input_value={}, input_type=dict]
    For further information visit https://errors.pydantic.dev/2.8/v/missing
@type
  Field required [type=missing, input_value={}, input_type=dict]
    For further information visit https://errors.pydantic.dev/2.8/v/missing
modified
  Field required [type=missing, input_value={}, input_type=dict]
    For further information visit https://errors.pydantic.dev/2.8/v/missing
released
  Field required [type=missing, input_value={}, input_type=dict]
    For further information visit https://errors.pydantic.dev/2.8/v/missing
keyword
  Field required [type=missing, input_value={}, input_type=dict]
    For further information visit https://errors.pydantic.dev/2.8/v/missing
contactPoint
  Field required [type=missing, input_value={}, input_type=dict]
    For further information visit https://errors.pydantic.dev/2.8/v/missing
publisher
  Field required [type=missing, input_value={}, input_type=dict]
    For further information visit https://errors.pydantic.dev/2.8/v/missing
identifier
  Field required [type=missing, input_value={}, input_type=dict]
    For further information visit https://errors.pydantic.dev/2.8/v/missing
description
  Field required [type=missing, input_value={}, input_type=dict]
    For further information visit https://errors.pydantic.dev/2.8/v/missing
title
  Field required [type=missing, input_value={}, input_type=dict]
    For further information visit https://errors.pydantic.dev/2.8/v/missing
programCode
  Field required [type=missing, input_value={}, input_type=dict]
    For further information visit https://errors.pydantic.dev/2.8/v/missing
distribution
  Field required [type=missing, input_value={}, input_type=dict]
    For further information visit https://errors.pydantic.dev/2.8/v/missing
theme
  Field required [type=missing, input_value={}, input_type=dict]
    For further information visit https://errors.pydantic.dev/2.8/v/missing
2024-08-23 12:40:38 - ERROR - Validation error for dataset: Unknown title
Traceback (most recent call last):
  File "C:\Users\edmun\Projects\Repositories\healthpartners-interview\src\healthpartners_interview\download.py", line 31, in fetch_datasets
    dataset = Dataset(**current_item)
              ^^^^^^^^^^^^^^^^^^^^^^^
  File "C:\Users\edmun\Projects\Repositories\healthpartners-interview\.venv\Lib\site-packages\pydantic\main.py", line 193, in __init__
    self.__pydantic_validator__.validate_python(data, self_instance=self)
pydantic_core._pydantic_core.ValidationError: 16 validation errors for Dataset
accessLevel
  Field required [type=missing, input_value={}, input_type=dict]
    For further information visit https://errors.pydantic.dev/2.8/v/missing
landingPage
  Field required [type=missing, input_value={}, input_type=dict]
    For further information visit https://errors.pydantic.dev/2.8/v/missing
bureauCode
  Field required [type=missing, input_value={}, input_type=dict]
    For further information visit https://errors.pydantic.dev/2.8/v/missing
issued
  Field required [type=missing, input_value={}, input_type=dict]
    For further information visit https://errors.pydantic.dev/2.8/v/missing
@type
  Field required [type=missing, input_value={}, input_type=dict]
    For further information visit https://errors.pydantic.dev/2.8/v/missing
modified
  Field required [type=missing, input_value={}, input_type=dict]
    For further information visit https://errors.pydantic.dev/2.8/v/missing
released
  Field required [type=missing, input_value={}, input_type=dict]
    For further information visit https://errors.pydantic.dev/2.8/v/missing
keyword
  Field required [type=missing, input_value={}, input_type=dict]
    For further information visit https://errors.pydantic.dev/2.8/v/missing
contactPoint
  Field required [type=missing, input_value={}, input_type=dict]
    For further information visit https://errors.pydantic.dev/2.8/v/missing
publisher
  Field required [type=missing, input_value={}, input_type=dict]
    For further information visit https://errors.pydantic.dev/2.8/v/missing
identifier
  Field required [type=missing, input_value={}, input_type=dict]
    For further information visit https://errors.pydantic.dev/2.8/v/missing
description
  Field required [type=missing, input_value={}, input_type=dict]
    For further information visit https://errors.pydantic.dev/2.8/v/missing
title
  Field required [type=missing, input_value={}, input_type=dict]
    For further information visit https://errors.pydantic.dev/2.8/v/missing
programCode
  Field required [type=missing, input_value={}, input_type=dict]
    For further information visit https://errors.pydantic.dev/2.8/v/missing
distribution
  Field required [type=missing, input_value={}, input_type=dict]
    For further information visit https://errors.pydantic.dev/2.8/v/missing
theme
  Field required [type=missing, input_value={}, input_type=dict]
    For further information visit https://errors.pydantic.dev/2.8/v/missing
2024-08-23 12:40:38 - ERROR - Validation error for dataset: Unknown title
Traceback (most recent call last):
  File "C:\Users\edmun\Projects\Repositories\healthpartners-interview\src\healthpartners_interview\download.py", line 31, in fetch_datasets
    dataset = Dataset(**current_item)
              ^^^^^^^^^^^^^^^^^^^^^^^
  File "C:\Users\edmun\Projects\Repositories\healthpartners-interview\.venv\Lib\site-packages\pydantic\main.py", line 193, in __init__
    self.__pydantic_validator__.validate_python(data, self_instance=self)
pydantic_core._pydantic_core.ValidationError: 16 validation errors for Dataset
accessLevel
  Field required [type=missing, input_value={}, input_type=dict]
    For further information visit https://errors.pydantic.dev/2.8/v/missing
landingPage
  Field required [type=missing, input_value={}, input_type=dict]
    For further information visit https://errors.pydantic.dev/2.8/v/missing
bureauCode
  Field required [type=missing, input_value={}, input_type=dict]
    For further information visit https://errors.pydantic.dev/2.8/v/missing
issued
  Field required [type=missing, input_value={}, input_type=dict]
    For further information visit https://errors.pydantic.dev/2.8/v/missing
@type
  Field required [type=missing, input_value={}, input_type=dict]
    For further information visit https://errors.pydantic.dev/2.8/v/missing
modified
  Field required [type=missing, input_value={}, input_type=dict]
    For further information visit https://errors.pydantic.dev/2.8/v/missing
released
  Field required [type=missing, input_value={}, input_type=dict]
    For further information visit https://errors.pydantic.dev/2.8/v/missing
keyword
  Field required [type=missing, input_value={}, input_type=dict]
    For further information visit https://errors.pydantic.dev/2.8/v/missing
contactPoint
  Field required [type=missing, input_value={}, input_type=dict]
    For further information visit https://errors.pydantic.dev/2.8/v/missing
publisher
  Field required [type=missing, input_value={}, input_type=dict]
    For further information visit https://errors.pydantic.dev/2.8/v/missing
identifier
  Field required [type=missing, input_value={}, input_type=dict]
    For further information visit https://errors.pydantic.dev/2.8/v/missing
description
  Field required [type=missing, input_value={}, input_type=dict]
    For further information visit https://errors.pydantic.dev/2.8/v/missing
title
  Field required [type=missing, input_value={}, input_type=dict]
    For further information visit https://errors.pydantic.dev/2.8/v/missing
programCode
  Field required [type=missing, input_value={}, input_type=dict]
    For further information visit https://errors.pydantic.dev/2.8/v/missing
distribution
  Field required [type=missing, input_value={}, input_type=dict]
    For further information visit https://errors.pydantic.dev/2.8/v/missing
theme
  Field required [type=missing, input_value={}, input_type=dict]
    For further information visit https://errors.pydantic.dev/2.8/v/missing
2024-08-23 12:40:38 - ERROR - Validation error for dataset: Unknown title
Traceback (most recent call last):
  File "C:\Users\edmun\Projects\Repositories\healthpartners-interview\src\healthpartners_interview\download.py", line 31, in fetch_datasets
    dataset = Dataset(**current_item)
              ^^^^^^^^^^^^^^^^^^^^^^^
  File "C:\Users\edmun\Projects\Repositories\healthpartners-interview\.venv\Lib\site-packages\pydantic\main.py", line 193, in __init__
    self.__pydantic_validator__.validate_python(data, self_instance=self)
pydantic_core._pydantic_core.ValidationError: 16 validation errors for Dataset
accessLevel
  Field required [type=missing, input_value={'item': 'theme'}, input_type=dict]
    For further information visit https://errors.pydantic.dev/2.8/v/missing
landingPage
  Field required [type=missing, input_value={'item': 'theme'}, input_type=dict]
    For further information visit https://errors.pydantic.dev/2.8/v/missing
bureauCode
  Field required [type=missing, input_value={'item': 'theme'}, input_type=dict]
    For further information visit https://errors.pydantic.dev/2.8/v/missing
issued
  Field required [type=missing, input_value={'item': 'theme'}, input_type=dict]
    For further information visit https://errors.pydantic.dev/2.8/v/missing
@type
  Field required [type=missing, input_value={'item': 'theme'}, input_type=dict]
    For further information visit https://errors.pydantic.dev/2.8/v/missing
modified
  Field required [type=missing, input_value={'item': 'theme'}, input_type=dict]
    For further information visit https://errors.pydantic.dev/2.8/v/missing
released
  Field required [type=missing, input_value={'item': 'theme'}, input_type=dict]
    For further information visit https://errors.pydantic.dev/2.8/v/missing
keyword
  Field required [type=missing, input_value={'item': 'theme'}, input_type=dict]
    For further information visit https://errors.pydantic.dev/2.8/v/missing
contactPoint
  Field required [type=missing, input_value={'item': 'theme'}, input_type=dict]
    For further information visit https://errors.pydantic.dev/2.8/v/missing
publisher
  Field required [type=missing, input_value={'item': 'theme'}, input_type=dict]
    For further information visit https://errors.pydantic.dev/2.8/v/missing
identifier
  Field required [type=missing, input_value={'item': 'theme'}, input_type=dict]
    For further information visit https://errors.pydantic.dev/2.8/v/missing
description
  Field required [type=missing, input_value={'item': 'theme'}, input_type=dict]
    For further information visit https://errors.pydantic.dev/2.8/v/missing
title
  Field required [type=missing, input_value={'item': 'theme'}, input_type=dict]
    For further information visit https://errors.pydantic.dev/2.8/v/missing
programCode
  Field required [type=missing, input_value={'item': 'theme'}, input_type=dict]
    For further information visit https://errors.pydantic.dev/2.8/v/missing
distribution
  Field required [type=missing, input_value={'item': 'theme'}, input_type=dict]
    For further information visit https://errors.pydantic.dev/2.8/v/missing
theme
  Field required [type=missing, input_value={'item': 'theme'}, input_type=dict]
    For further information visit https://errors.pydantic.dev/2.8/v/missing
2024-08-23 12:40:38 - ERROR - Validation error for dataset: Unknown title
Traceback (most recent call last):
  File "C:\Users\edmun\Projects\Repositories\healthpartners-interview\src\healthpartners_interview\download.py", line 31, in fetch_datasets
    dataset = Dataset(**current_item)
              ^^^^^^^^^^^^^^^^^^^^^^^
  File "C:\Users\edmun\Projects\Repositories\healthpartners-interview\.venv\Lib\site-packages\pydantic\main.py", line 193, in __init__
    self.__pydantic_validator__.validate_python(data, self_instance=self)
pydantic_core._pydantic_core.ValidationError: 16 validation errors for Dataset
accessLevel
  Field required [type=missing, input_value={}, input_type=dict]
    For further information visit https://errors.pydantic.dev/2.8/v/missing
landingPage
  Field required [type=missing, input_value={}, input_type=dict]
    For further information visit https://errors.pydantic.dev/2.8/v/missing
bureauCode
  Field required [type=missing, input_value={}, input_type=dict]
    For further information visit https://errors.pydantic.dev/2.8/v/missing
issued
  Field required [type=missing, input_value={}, input_type=dict]
    For further information visit https://errors.pydantic.dev/2.8/v/missing
@type
  Field required [type=missing, input_value={}, input_type=dict]
    For further information visit https://errors.pydantic.dev/2.8/v/missing
modified
  Field required [type=missing, input_value={}, input_type=dict]
    For further information visit https://errors.pydantic.dev/2.8/v/missing
released
  Field required [type=missing, input_value={}, input_type=dict]
    For further information visit https://errors.pydantic.dev/2.8/v/missing
keyword
  Field required [type=missing, input_value={}, input_type=dict]
    For further information visit https://errors.pydantic.dev/2.8/v/missing
contactPoint
  Field required [type=missing, input_value={}, input_type=dict]
    For further information visit https://errors.pydantic.dev/2.8/v/missing
publisher
  Field required [type=missing, input_value={}, input_type=dict]
    For further information visit https://errors.pydantic.dev/2.8/v/missing
identifier
  Field required [type=missing, input_value={}, input_type=dict]
    For further information visit https://errors.pydantic.dev/2.8/v/missing
description
  Field required [type=missing, input_value={}, input_type=dict]
    For further information visit https://errors.pydantic.dev/2.8/v/missing
title
  Field required [type=missing, input_value={}, input_type=dict]
    For further information visit https://errors.pydantic.dev/2.8/v/missing
programCode
  Field required [type=missing, input_value={}, input_type=dict]
    For further information visit https://errors.pydantic.dev/2.8/v/missing
distribution
  Field required [type=missing, input_value={}, input_type=dict]
    For further information visit https://errors.pydantic.dev/2.8/v/missing
theme
  Field required [type=missing, input_value={}, input_type=dict]
    For further information visit https://errors.pydantic.dev/2.8/v/missing
2024-08-23 12:40:38 - ERROR - Validation error for dataset: Unknown title
Traceback (most recent call last):
  File "C:\Users\edmun\Projects\Repositories\healthpartners-interview\src\healthpartners_interview\download.py", line 31, in fetch_datasets
    dataset = Dataset(**current_item)
              ^^^^^^^^^^^^^^^^^^^^^^^
  File "C:\Users\edmun\Projects\Repositories\healthpartners-interview\.venv\Lib\site-packages\pydantic\main.py", line 193, in __init__
    self.__pydantic_validator__.validate_python(data, self_instance=self)
pydantic_core._pydantic_core.ValidationError: 16 validation errors for Dataset
accessLevel
  Field required [type=missing, input_value={}, input_type=dict]
    For further information visit https://errors.pydantic.dev/2.8/v/missing
landingPage
  Field required [type=missing, input_value={}, input_type=dict]
    For further information visit https://errors.pydantic.dev/2.8/v/missing
bureauCode
  Field required [type=missing, input_value={}, input_type=dict]
    For further information visit https://errors.pydantic.dev/2.8/v/missing
issued
  Field required [type=missing, input_value={}, input_type=dict]
    For further information visit https://errors.pydantic.dev/2.8/v/missing
@type
  Field required [type=missing, input_value={}, input_type=dict]
    For further information visit https://errors.pydantic.dev/2.8/v/missing
modified
  Field required [type=missing, input_value={}, input_type=dict]
    For further information visit https://errors.pydantic.dev/2.8/v/missing
released
  Field required [type=missing, input_value={}, input_type=dict]
    For further information visit https://errors.pydantic.dev/2.8/v/missing
keyword
  Field required [type=missing, input_value={}, input_type=dict]
    For further information visit https://errors.pydantic.dev/2.8/v/missing
contactPoint
  Field required [type=missing, input_value={}, input_type=dict]
    For further information visit https://errors.pydantic.dev/2.8/v/missing
publisher
  Field required [type=missing, input_value={}, input_type=dict]
    For further information visit https://errors.pydantic.dev/2.8/v/missing
identifier
  Field required [type=missing, input_value={}, input_type=dict]
    For further information visit https://errors.pydantic.dev/2.8/v/missing
description
  Field required [type=missing, input_value={}, input_type=dict]
    For further information visit https://errors.pydantic.dev/2.8/v/missing
title
  Field required [type=missing, input_value={}, input_type=dict]
    For further information visit https://errors.pydantic.dev/2.8/v/missing
programCode
  Field required [type=missing, input_value={}, input_type=dict]
    For further information visit https://errors.pydantic.dev/2.8/v/missing
distribution
  Field required [type=missing, input_value={}, input_type=dict]
    For further information visit https://errors.pydantic.dev/2.8/v/missing
theme
  Field required [type=missing, input_value={}, input_type=dict]
    For further information visit https://errors.pydantic.dev/2.8/v/missing
2024-08-23 12:40:38 - ERROR - Validation error for dataset: Unknown title
Traceback (most recent call last):
  File "C:\Users\edmun\Projects\Repositories\healthpartners-interview\src\healthpartners_interview\download.py", line 31, in fetch_datasets
    dataset = Dataset(**current_item)
              ^^^^^^^^^^^^^^^^^^^^^^^
  File "C:\Users\edmun\Projects\Repositories\healthpartners-interview\.venv\Lib\site-packages\pydantic\main.py", line 193, in __init__
    self.__pydantic_validator__.validate_python(data, self_instance=self)
pydantic_core._pydantic_core.ValidationError: 16 validation errors for Dataset
accessLevel
  Field required [type=missing, input_value={}, input_type=dict]
    For further information visit https://errors.pydantic.dev/2.8/v/missing
landingPage
  Field required [type=missing, input_value={}, input_type=dict]
    For further information visit https://errors.pydantic.dev/2.8/v/missing
bureauCode
  Field required [type=missing, input_value={}, input_type=dict]
    For further information visit https://errors.pydantic.dev/2.8/v/missing
issued
  Field required [type=missing, input_value={}, input_type=dict]
    For further information visit https://errors.pydantic.dev/2.8/v/missing
@type
  Field required [type=missing, input_value={}, input_type=dict]
    For further information visit https://errors.pydantic.dev/2.8/v/missing
modified
  Field required [type=missing, input_value={}, input_type=dict]
    For further information visit https://errors.pydantic.dev/2.8/v/missing
released
  Field required [type=missing, input_value={}, input_type=dict]
    For further information visit https://errors.pydantic.dev/2.8/v/missing
keyword
  Field required [type=missing, input_value={}, input_type=dict]
    For further information visit https://errors.pydantic.dev/2.8/v/missing
contactPoint
  Field required [type=missing, input_value={}, input_type=dict]
    For further information visit https://errors.pydantic.dev/2.8/v/missing
publisher
  Field required [type=missing, input_value={}, input_type=dict]
    For further information visit https://errors.pydantic.dev/2.8/v/missing
identifier
  Field required [type=missing, input_value={}, input_type=dict]
    For further information visit https://errors.pydantic.dev/2.8/v/missing
description
  Field required [type=missing, input_value={}, input_type=dict]
    For further information visit https://errors.pydantic.dev/2.8/v/missing
title
  Field required [type=missing, input_value={}, input_type=dict]
    For further information visit https://errors.pydantic.dev/2.8/v/missing
programCode
  Field required [type=missing, input_value={}, input_type=dict]
    For further information visit https://errors.pydantic.dev/2.8/v/missing
distribution
  Field required [type=missing, input_value={}, input_type=dict]
    For further information visit https://errors.pydantic.dev/2.8/v/missing
theme
  Field required [type=missing, input_value={}, input_type=dict]
    For further information visit https://errors.pydantic.dev/2.8/v/missing
2024-08-23 12:40:38 - ERROR - Validation error for dataset: Unknown title
Traceback (most recent call last):
  File "C:\Users\edmun\Projects\Repositories\healthpartners-interview\src\healthpartners_interview\download.py", line 31, in fetch_datasets
    dataset = Dataset(**current_item)
              ^^^^^^^^^^^^^^^^^^^^^^^
  File "C:\Users\edmun\Projects\Repositories\healthpartners-interview\.venv\Lib\site-packages\pydantic\main.py", line 193, in __init__
    self.__pydantic_validator__.validate_python(data, self_instance=self)
pydantic_core._pydantic_core.ValidationError: 16 validation errors for Dataset
accessLevel
  Field required [type=missing, input_value={'item': 'theme'}, input_type=dict]
    For further information visit https://errors.pydantic.dev/2.8/v/missing
landingPage
  Field required [type=missing, input_value={'item': 'theme'}, input_type=dict]
    For further information visit https://errors.pydantic.dev/2.8/v/missing
bureauCode
  Field required [type=missing, input_value={'item': 'theme'}, input_type=dict]
    For further information visit https://errors.pydantic.dev/2.8/v/missing
issued
  Field required [type=missing, input_value={'item': 'theme'}, input_type=dict]
    For further information visit https://errors.pydantic.dev/2.8/v/missing
@type
  Field required [type=missing, input_value={'item': 'theme'}, input_type=dict]
    For further information visit https://errors.pydantic.dev/2.8/v/missing
modified
  Field required [type=missing, input_value={'item': 'theme'}, input_type=dict]
    For further information visit https://errors.pydantic.dev/2.8/v/missing
released
  Field required [type=missing, input_value={'item': 'theme'}, input_type=dict]
    For further information visit https://errors.pydantic.dev/2.8/v/missing
keyword
  Field required [type=missing, input_value={'item': 'theme'}, input_type=dict]
    For further information visit https://errors.pydantic.dev/2.8/v/missing
contactPoint
  Field required [type=missing, input_value={'item': 'theme'}, input_type=dict]
    For further information visit https://errors.pydantic.dev/2.8/v/missing
publisher
  Field required [type=missing, input_value={'item': 'theme'}, input_type=dict]
    For further information visit https://errors.pydantic.dev/2.8/v/missing
identifier
  Field required [type=missing, input_value={'item': 'theme'}, input_type=dict]
    For further information visit https://errors.pydantic.dev/2.8/v/missing
description
  Field required [type=missing, input_value={'item': 'theme'}, input_type=dict]
    For further information visit https://errors.pydantic.dev/2.8/v/missing
title
  Field required [type=missing, input_value={'item': 'theme'}, input_type=dict]
    For further information visit https://errors.pydantic.dev/2.8/v/missing
programCode
  Field required [type=missing, input_value={'item': 'theme'}, input_type=dict]
    For further information visit https://errors.pydantic.dev/2.8/v/missing
distribution
  Field required [type=missing, input_value={'item': 'theme'}, input_type=dict]
    For further information visit https://errors.pydantic.dev/2.8/v/missing
theme
  Field required [type=missing, input_value={'item': 'theme'}, input_type=dict]
    For further information visit https://errors.pydantic.dev/2.8/v/missing
2024-08-23 12:40:38 - ERROR - Validation error for dataset: Unknown title
Traceback (most recent call last):
  File "C:\Users\edmun\Projects\Repositories\healthpartners-interview\src\healthpartners_interview\download.py", line 31, in fetch_datasets
    dataset = Dataset(**current_item)
              ^^^^^^^^^^^^^^^^^^^^^^^
  File "C:\Users\edmun\Projects\Repositories\healthpartners-interview\.venv\Lib\site-packages\pydantic\main.py", line 193, in __init__
    self.__pydantic_validator__.validate_python(data, self_instance=self)
pydantic_core._pydantic_core.ValidationError: 16 validation errors for Dataset
accessLevel
  Field required [type=missing, input_value={}, input_type=dict]
    For further information visit https://errors.pydantic.dev/2.8/v/missing
landingPage
  Field required [type=missing, input_value={}, input_type=dict]
    For further information visit https://errors.pydantic.dev/2.8/v/missing
bureauCode
  Field required [type=missing, input_value={}, input_type=dict]
    For further information visit https://errors.pydantic.dev/2.8/v/missing
issued
  Field required [type=missing, input_value={}, input_type=dict]
    For further information visit https://errors.pydantic.dev/2.8/v/missing
@type
  Field required [type=missing, input_value={}, input_type=dict]
    For further information visit https://errors.pydantic.dev/2.8/v/missing
modified
  Field required [type=missing, input_value={}, input_type=dict]
    For further information visit https://errors.pydantic.dev/2.8/v/missing
released
  Field required [type=missing, input_value={}, input_type=dict]
    For further information visit https://errors.pydantic.dev/2.8/v/missing
keyword
  Field required [type=missing, input_value={}, input_type=dict]
    For further information visit https://errors.pydantic.dev/2.8/v/missing
contactPoint
  Field required [type=missing, input_value={}, input_type=dict]
    For further information visit https://errors.pydantic.dev/2.8/v/missing
publisher
  Field required [type=missing, input_value={}, input_type=dict]
    For further information visit https://errors.pydantic.dev/2.8/v/missing
identifier
  Field required [type=missing, input_value={}, input_type=dict]
    For further information visit https://errors.pydantic.dev/2.8/v/missing
description
  Field required [type=missing, input_value={}, input_type=dict]
    For further information visit https://errors.pydantic.dev/2.8/v/missing
title
  Field required [type=missing, input_value={}, input_type=dict]
    For further information visit https://errors.pydantic.dev/2.8/v/missing
programCode
  Field required [type=missing, input_value={}, input_type=dict]
    For further information visit https://errors.pydantic.dev/2.8/v/missing
distribution
  Field required [type=missing, input_value={}, input_type=dict]
    For further information visit https://errors.pydantic.dev/2.8/v/missing
theme
  Field required [type=missing, input_value={}, input_type=dict]
    For further information visit https://errors.pydantic.dev/2.8/v/missing
2024-08-23 12:40:38 - ERROR - Validation error for dataset: Unknown title
Traceback (most recent call last):
  File "C:\Users\edmun\Projects\Repositories\healthpartners-interview\src\healthpartners_interview\download.py", line 31, in fetch_datasets
    dataset = Dataset(**current_item)
              ^^^^^^^^^^^^^^^^^^^^^^^
  File "C:\Users\edmun\Projects\Repositories\healthpartners-interview\.venv\Lib\site-packages\pydantic\main.py", line 193, in __init__
    self.__pydantic_validator__.validate_python(data, self_instance=self)
pydantic_core._pydantic_core.ValidationError: 16 validation errors for Dataset
accessLevel
  Field required [type=missing, input_value={}, input_type=dict]
    For further information visit https://errors.pydantic.dev/2.8/v/missing
landingPage
  Field required [type=missing, input_value={}, input_type=dict]
    For further information visit https://errors.pydantic.dev/2.8/v/missing
bureauCode
  Field required [type=missing, input_value={}, input_type=dict]
    For further information visit https://errors.pydantic.dev/2.8/v/missing
issued
  Field required [type=missing, input_value={}, input_type=dict]
    For further information visit https://errors.pydantic.dev/2.8/v/missing
@type
  Field required [type=missing, input_value={}, input_type=dict]
    For further information visit https://errors.pydantic.dev/2.8/v/missing
modified
  Field required [type=missing, input_value={}, input_type=dict]
    For further information visit https://errors.pydantic.dev/2.8/v/missing
released
  Field required [type=missing, input_value={}, input_type=dict]
    For further information visit https://errors.pydantic.dev/2.8/v/missing
keyword
  Field required [type=missing, input_value={}, input_type=dict]
    For further information visit https://errors.pydantic.dev/2.8/v/missing
contactPoint
  Field required [type=missing, input_value={}, input_type=dict]
    For further information visit https://errors.pydantic.dev/2.8/v/missing
publisher
  Field required [type=missing, input_value={}, input_type=dict]
    For further information visit https://errors.pydantic.dev/2.8/v/missing
identifier
  Field required [type=missing, input_value={}, input_type=dict]
    For further information visit https://errors.pydantic.dev/2.8/v/missing
description
  Field required [type=missing, input_value={}, input_type=dict]
    For further information visit https://errors.pydantic.dev/2.8/v/missing
title
  Field required [type=missing, input_value={}, input_type=dict]
    For further information visit https://errors.pydantic.dev/2.8/v/missing
programCode
  Field required [type=missing, input_value={}, input_type=dict]
    For further information visit https://errors.pydantic.dev/2.8/v/missing
distribution
  Field required [type=missing, input_value={}, input_type=dict]
    For further information visit https://errors.pydantic.dev/2.8/v/missing
theme
  Field required [type=missing, input_value={}, input_type=dict]
    For further information visit https://errors.pydantic.dev/2.8/v/missing
2024-08-23 12:40:38 - ERROR - Validation error for dataset: Unknown title
Traceback (most recent call last):
  File "C:\Users\edmun\Projects\Repositories\healthpartners-interview\src\healthpartners_interview\download.py", line 31, in fetch_datasets
    dataset = Dataset(**current_item)
              ^^^^^^^^^^^^^^^^^^^^^^^
  File "C:\Users\edmun\Projects\Repositories\healthpartners-interview\.venv\Lib\site-packages\pydantic\main.py", line 193, in __init__
    self.__pydantic_validator__.validate_python(data, self_instance=self)
pydantic_core._pydantic_core.ValidationError: 16 validation errors for Dataset
accessLevel
  Field required [type=missing, input_value={}, input_type=dict]
    For further information visit https://errors.pydantic.dev/2.8/v/missing
landingPage
  Field required [type=missing, input_value={}, input_type=dict]
    For further information visit https://errors.pydantic.dev/2.8/v/missing
bureauCode
  Field required [type=missing, input_value={}, input_type=dict]
    For further information visit https://errors.pydantic.dev/2.8/v/missing
issued
  Field required [type=missing, input_value={}, input_type=dict]
    For further information visit https://errors.pydantic.dev/2.8/v/missing
@type
  Field required [type=missing, input_value={}, input_type=dict]
    For further information visit https://errors.pydantic.dev/2.8/v/missing
modified
  Field required [type=missing, input_value={}, input_type=dict]
    For further information visit https://errors.pydantic.dev/2.8/v/missing
released
  Field required [type=missing, input_value={}, input_type=dict]
    For further information visit https://errors.pydantic.dev/2.8/v/missing
keyword
  Field required [type=missing, input_value={}, input_type=dict]
    For further information visit https://errors.pydantic.dev/2.8/v/missing
contactPoint
  Field required [type=missing, input_value={}, input_type=dict]
    For further information visit https://errors.pydantic.dev/2.8/v/missing
publisher
  Field required [type=missing, input_value={}, input_type=dict]
    For further information visit https://errors.pydantic.dev/2.8/v/missing
identifier
  Field required [type=missing, input_value={}, input_type=dict]
    For further information visit https://errors.pydantic.dev/2.8/v/missing
description
  Field required [type=missing, input_value={}, input_type=dict]
    For further information visit https://errors.pydantic.dev/2.8/v/missing
title
  Field required [type=missing, input_value={}, input_type=dict]
    For further information visit https://errors.pydantic.dev/2.8/v/missing
programCode
  Field required [type=missing, input_value={}, input_type=dict]
    For further information visit https://errors.pydantic.dev/2.8/v/missing
distribution
  Field required [type=missing, input_value={}, input_type=dict]
    For further information visit https://errors.pydantic.dev/2.8/v/missing
theme
  Field required [type=missing, input_value={}, input_type=dict]
    For further information visit https://errors.pydantic.dev/2.8/v/missing
2024-08-23 12:40:38 - ERROR - Validation error for dataset: Unknown title
Traceback (most recent call last):
  File "C:\Users\edmun\Projects\Repositories\healthpartners-interview\src\healthpartners_interview\download.py", line 31, in fetch_datasets
    dataset = Dataset(**current_item)
              ^^^^^^^^^^^^^^^^^^^^^^^
  File "C:\Users\edmun\Projects\Repositories\healthpartners-interview\.venv\Lib\site-packages\pydantic\main.py", line 193, in __init__
    self.__pydantic_validator__.validate_python(data, self_instance=self)
pydantic_core._pydantic_core.ValidationError: 16 validation errors for Dataset
accessLevel
  Field required [type=missing, input_value={'item': 'theme'}, input_type=dict]
    For further information visit https://errors.pydantic.dev/2.8/v/missing
landingPage
  Field required [type=missing, input_value={'item': 'theme'}, input_type=dict]
    For further information visit https://errors.pydantic.dev/2.8/v/missing
bureauCode
  Field required [type=missing, input_value={'item': 'theme'}, input_type=dict]
    For further information visit https://errors.pydantic.dev/2.8/v/missing
issued
  Field required [type=missing, input_value={'item': 'theme'}, input_type=dict]
    For further information visit https://errors.pydantic.dev/2.8/v/missing
@type
  Field required [type=missing, input_value={'item': 'theme'}, input_type=dict]
    For further information visit https://errors.pydantic.dev/2.8/v/missing
modified
  Field required [type=missing, input_value={'item': 'theme'}, input_type=dict]
    For further information visit https://errors.pydantic.dev/2.8/v/missing
released
  Field required [type=missing, input_value={'item': 'theme'}, input_type=dict]
    For further information visit https://errors.pydantic.dev/2.8/v/missing
keyword
  Field required [type=missing, input_value={'item': 'theme'}, input_type=dict]
    For further information visit https://errors.pydantic.dev/2.8/v/missing
contactPoint
  Field required [type=missing, input_value={'item': 'theme'}, input_type=dict]
    For further information visit https://errors.pydantic.dev/2.8/v/missing
publisher
  Field required [type=missing, input_value={'item': 'theme'}, input_type=dict]
    For further information visit https://errors.pydantic.dev/2.8/v/missing
identifier
  Field required [type=missing, input_value={'item': 'theme'}, input_type=dict]
    For further information visit https://errors.pydantic.dev/2.8/v/missing
description
  Field required [type=missing, input_value={'item': 'theme'}, input_type=dict]
    For further information visit https://errors.pydantic.dev/2.8/v/missing
title
  Field required [type=missing, input_value={'item': 'theme'}, input_type=dict]
    For further information visit https://errors.pydantic.dev/2.8/v/missing
programCode
  Field required [type=missing, input_value={'item': 'theme'}, input_type=dict]
    For further information visit https://errors.pydantic.dev/2.8/v/missing
distribution
  Field required [type=missing, input_value={'item': 'theme'}, input_type=dict]
    For further information visit https://errors.pydantic.dev/2.8/v/missing
theme
  Field required [type=missing, input_value={'item': 'theme'}, input_type=dict]
    For further information visit https://errors.pydantic.dev/2.8/v/missing
2024-08-23 12:40:38 - ERROR - Validation error for dataset: Unknown title
Traceback (most recent call last):
  File "C:\Users\edmun\Projects\Repositories\healthpartners-interview\src\healthpartners_interview\download.py", line 31, in fetch_datasets
    dataset = Dataset(**current_item)
              ^^^^^^^^^^^^^^^^^^^^^^^
  File "C:\Users\edmun\Projects\Repositories\healthpartners-interview\.venv\Lib\site-packages\pydantic\main.py", line 193, in __init__
    self.__pydantic_validator__.validate_python(data, self_instance=self)
pydantic_core._pydantic_core.ValidationError: 16 validation errors for Dataset
accessLevel
  Field required [type=missing, input_value={}, input_type=dict]
    For further information visit https://errors.pydantic.dev/2.8/v/missing
landingPage
  Field required [type=missing, input_value={}, input_type=dict]
    For further information visit https://errors.pydantic.dev/2.8/v/missing
bureauCode
  Field required [type=missing, input_value={}, input_type=dict]
    For further information visit https://errors.pydantic.dev/2.8/v/missing
issued
  Field required [type=missing, input_value={}, input_type=dict]
    For further information visit https://errors.pydantic.dev/2.8/v/missing
@type
  Field required [type=missing, input_value={}, input_type=dict]
    For further information visit https://errors.pydantic.dev/2.8/v/missing
modified
  Field required [type=missing, input_value={}, input_type=dict]
    For further information visit https://errors.pydantic.dev/2.8/v/missing
released
  Field required [type=missing, input_value={}, input_type=dict]
    For further information visit https://errors.pydantic.dev/2.8/v/missing
keyword
  Field required [type=missing, input_value={}, input_type=dict]
    For further information visit https://errors.pydantic.dev/2.8/v/missing
contactPoint
  Field required [type=missing, input_value={}, input_type=dict]
    For further information visit https://errors.pydantic.dev/2.8/v/missing
publisher
  Field required [type=missing, input_value={}, input_type=dict]
    For further information visit https://errors.pydantic.dev/2.8/v/missing
identifier
  Field required [type=missing, input_value={}, input_type=dict]
    For further information visit https://errors.pydantic.dev/2.8/v/missing
description
  Field required [type=missing, input_value={}, input_type=dict]
    For further information visit https://errors.pydantic.dev/2.8/v/missing
title
  Field required [type=missing, input_value={}, input_type=dict]
    For further information visit https://errors.pydantic.dev/2.8/v/missing
programCode
  Field required [type=missing, input_value={}, input_type=dict]
    For further information visit https://errors.pydantic.dev/2.8/v/missing
distribution
  Field required [type=missing, input_value={}, input_type=dict]
    For further information visit https://errors.pydantic.dev/2.8/v/missing
theme
  Field required [type=missing, input_value={}, input_type=dict]
    For further information visit https://errors.pydantic.dev/2.8/v/missing
2024-08-23 12:40:38 - ERROR - Validation error for dataset: Unknown title
Traceback (most recent call last):
  File "C:\Users\edmun\Projects\Repositories\healthpartners-interview\src\healthpartners_interview\download.py", line 31, in fetch_datasets
    dataset = Dataset(**current_item)
              ^^^^^^^^^^^^^^^^^^^^^^^
  File "C:\Users\edmun\Projects\Repositories\healthpartners-interview\.venv\Lib\site-packages\pydantic\main.py", line 193, in __init__
    self.__pydantic_validator__.validate_python(data, self_instance=self)
pydantic_core._pydantic_core.ValidationError: 16 validation errors for Dataset
accessLevel
  Field required [type=missing, input_value={}, input_type=dict]
    For further information visit https://errors.pydantic.dev/2.8/v/missing
landingPage
  Field required [type=missing, input_value={}, input_type=dict]
    For further information visit https://errors.pydantic.dev/2.8/v/missing
bureauCode
  Field required [type=missing, input_value={}, input_type=dict]
    For further information visit https://errors.pydantic.dev/2.8/v/missing
issued
  Field required [type=missing, input_value={}, input_type=dict]
    For further information visit https://errors.pydantic.dev/2.8/v/missing
@type
  Field required [type=missing, input_value={}, input_type=dict]
    For further information visit https://errors.pydantic.dev/2.8/v/missing
modified
  Field required [type=missing, input_value={}, input_type=dict]
    For further information visit https://errors.pydantic.dev/2.8/v/missing
released
  Field required [type=missing, input_value={}, input_type=dict]
    For further information visit https://errors.pydantic.dev/2.8/v/missing
keyword
  Field required [type=missing, input_value={}, input_type=dict]
    For further information visit https://errors.pydantic.dev/2.8/v/missing
contactPoint
  Field required [type=missing, input_value={}, input_type=dict]
    For further information visit https://errors.pydantic.dev/2.8/v/missing
publisher
  Field required [type=missing, input_value={}, input_type=dict]
    For further information visit https://errors.pydantic.dev/2.8/v/missing
identifier
  Field required [type=missing, input_value={}, input_type=dict]
    For further information visit https://errors.pydantic.dev/2.8/v/missing
description
  Field required [type=missing, input_value={}, input_type=dict]
    For further information visit https://errors.pydantic.dev/2.8/v/missing
title
  Field required [type=missing, input_value={}, input_type=dict]
    For further information visit https://errors.pydantic.dev/2.8/v/missing
programCode
  Field required [type=missing, input_value={}, input_type=dict]
    For further information visit https://errors.pydantic.dev/2.8/v/missing
distribution
  Field required [type=missing, input_value={}, input_type=dict]
    For further information visit https://errors.pydantic.dev/2.8/v/missing
theme
  Field required [type=missing, input_value={}, input_type=dict]
    For further information visit https://errors.pydantic.dev/2.8/v/missing
2024-08-23 12:40:38 - ERROR - Validation error for dataset: Unknown title
Traceback (most recent call last):
  File "C:\Users\edmun\Projects\Repositories\healthpartners-interview\src\healthpartners_interview\download.py", line 31, in fetch_datasets
    dataset = Dataset(**current_item)
              ^^^^^^^^^^^^^^^^^^^^^^^
  File "C:\Users\edmun\Projects\Repositories\healthpartners-interview\.venv\Lib\site-packages\pydantic\main.py", line 193, in __init__
    self.__pydantic_validator__.validate_python(data, self_instance=self)
pydantic_core._pydantic_core.ValidationError: 16 validation errors for Dataset
accessLevel
  Field required [type=missing, input_value={}, input_type=dict]
    For further information visit https://errors.pydantic.dev/2.8/v/missing
landingPage
  Field required [type=missing, input_value={}, input_type=dict]
    For further information visit https://errors.pydantic.dev/2.8/v/missing
bureauCode
  Field required [type=missing, input_value={}, input_type=dict]
    For further information visit https://errors.pydantic.dev/2.8/v/missing
issued
  Field required [type=missing, input_value={}, input_type=dict]
    For further information visit https://errors.pydantic.dev/2.8/v/missing
@type
  Field required [type=missing, input_value={}, input_type=dict]
    For further information visit https://errors.pydantic.dev/2.8/v/missing
modified
  Field required [type=missing, input_value={}, input_type=dict]
    For further information visit https://errors.pydantic.dev/2.8/v/missing
released
  Field required [type=missing, input_value={}, input_type=dict]
    For further information visit https://errors.pydantic.dev/2.8/v/missing
keyword
  Field required [type=missing, input_value={}, input_type=dict]
    For further information visit https://errors.pydantic.dev/2.8/v/missing
contactPoint
  Field required [type=missing, input_value={}, input_type=dict]
    For further information visit https://errors.pydantic.dev/2.8/v/missing
publisher
  Field required [type=missing, input_value={}, input_type=dict]
    For further information visit https://errors.pydantic.dev/2.8/v/missing
identifier
  Field required [type=missing, input_value={}, input_type=dict]
    For further information visit https://errors.pydantic.dev/2.8/v/missing
description
  Field required [type=missing, input_value={}, input_type=dict]
    For further information visit https://errors.pydantic.dev/2.8/v/missing
title
  Field required [type=missing, input_value={}, input_type=dict]
    For further information visit https://errors.pydantic.dev/2.8/v/missing
programCode
  Field required [type=missing, input_value={}, input_type=dict]
    For further information visit https://errors.pydantic.dev/2.8/v/missing
distribution
  Field required [type=missing, input_value={}, input_type=dict]
    For further information visit https://errors.pydantic.dev/2.8/v/missing
theme
  Field required [type=missing, input_value={}, input_type=dict]
    For further information visit https://errors.pydantic.dev/2.8/v/missing
2024-08-23 12:40:38 - ERROR - Validation error for dataset: Unknown title
Traceback (most recent call last):
  File "C:\Users\edmun\Projects\Repositories\healthpartners-interview\src\healthpartners_interview\download.py", line 31, in fetch_datasets
    dataset = Dataset(**current_item)
              ^^^^^^^^^^^^^^^^^^^^^^^
  File "C:\Users\edmun\Projects\Repositories\healthpartners-interview\.venv\Lib\site-packages\pydantic\main.py", line 193, in __init__
    self.__pydantic_validator__.validate_python(data, self_instance=self)
pydantic_core._pydantic_core.ValidationError: 16 validation errors for Dataset
accessLevel
  Field required [type=missing, input_value={'item': 'theme'}, input_type=dict]
    For further information visit https://errors.pydantic.dev/2.8/v/missing
landingPage
  Field required [type=missing, input_value={'item': 'theme'}, input_type=dict]
    For further information visit https://errors.pydantic.dev/2.8/v/missing
bureauCode
  Field required [type=missing, input_value={'item': 'theme'}, input_type=dict]
    For further information visit https://errors.pydantic.dev/2.8/v/missing
issued
  Field required [type=missing, input_value={'item': 'theme'}, input_type=dict]
    For further information visit https://errors.pydantic.dev/2.8/v/missing
@type
  Field required [type=missing, input_value={'item': 'theme'}, input_type=dict]
    For further information visit https://errors.pydantic.dev/2.8/v/missing
modified
  Field required [type=missing, input_value={'item': 'theme'}, input_type=dict]
    For further information visit https://errors.pydantic.dev/2.8/v/missing
released
  Field required [type=missing, input_value={'item': 'theme'}, input_type=dict]
    For further information visit https://errors.pydantic.dev/2.8/v/missing
keyword
  Field required [type=missing, input_value={'item': 'theme'}, input_type=dict]
    For further information visit https://errors.pydantic.dev/2.8/v/missing
contactPoint
  Field required [type=missing, input_value={'item': 'theme'}, input_type=dict]
    For further information visit https://errors.pydantic.dev/2.8/v/missing
publisher
  Field required [type=missing, input_value={'item': 'theme'}, input_type=dict]
    For further information visit https://errors.pydantic.dev/2.8/v/missing
identifier
  Field required [type=missing, input_value={'item': 'theme'}, input_type=dict]
    For further information visit https://errors.pydantic.dev/2.8/v/missing
description
  Field required [type=missing, input_value={'item': 'theme'}, input_type=dict]
    For further information visit https://errors.pydantic.dev/2.8/v/missing
title
  Field required [type=missing, input_value={'item': 'theme'}, input_type=dict]
    For further information visit https://errors.pydantic.dev/2.8/v/missing
programCode
  Field required [type=missing, input_value={'item': 'theme'}, input_type=dict]
    For further information visit https://errors.pydantic.dev/2.8/v/missing
distribution
  Field required [type=missing, input_value={'item': 'theme'}, input_type=dict]
    For further information visit https://errors.pydantic.dev/2.8/v/missing
theme
  Field required [type=missing, input_value={'item': 'theme'}, input_type=dict]
    For further information visit https://errors.pydantic.dev/2.8/v/missing
2024-08-23 12:40:38 - ERROR - Validation error for dataset: Unknown title
Traceback (most recent call last):
  File "C:\Users\edmun\Projects\Repositories\healthpartners-interview\src\healthpartners_interview\download.py", line 31, in fetch_datasets
    dataset = Dataset(**current_item)
              ^^^^^^^^^^^^^^^^^^^^^^^
  File "C:\Users\edmun\Projects\Repositories\healthpartners-interview\.venv\Lib\site-packages\pydantic\main.py", line 193, in __init__
    self.__pydantic_validator__.validate_python(data, self_instance=self)
pydantic_core._pydantic_core.ValidationError: 16 validation errors for Dataset
accessLevel
  Field required [type=missing, input_value={}, input_type=dict]
    For further information visit https://errors.pydantic.dev/2.8/v/missing
landingPage
  Field required [type=missing, input_value={}, input_type=dict]
    For further information visit https://errors.pydantic.dev/2.8/v/missing
bureauCode
  Field required [type=missing, input_value={}, input_type=dict]
    For further information visit https://errors.pydantic.dev/2.8/v/missing
issued
  Field required [type=missing, input_value={}, input_type=dict]
    For further information visit https://errors.pydantic.dev/2.8/v/missing
@type
  Field required [type=missing, input_value={}, input_type=dict]
    For further information visit https://errors.pydantic.dev/2.8/v/missing
modified
  Field required [type=missing, input_value={}, input_type=dict]
    For further information visit https://errors.pydantic.dev/2.8/v/missing
released
  Field required [type=missing, input_value={}, input_type=dict]
    For further information visit https://errors.pydantic.dev/2.8/v/missing
keyword
  Field required [type=missing, input_value={}, input_type=dict]
    For further information visit https://errors.pydantic.dev/2.8/v/missing
contactPoint
  Field required [type=missing, input_value={}, input_type=dict]
    For further information visit https://errors.pydantic.dev/2.8/v/missing
publisher
  Field required [type=missing, input_value={}, input_type=dict]
    For further information visit https://errors.pydantic.dev/2.8/v/missing
identifier
  Field required [type=missing, input_value={}, input_type=dict]
    For further information visit https://errors.pydantic.dev/2.8/v/missing
description
  Field required [type=missing, input_value={}, input_type=dict]
    For further information visit https://errors.pydantic.dev/2.8/v/missing
title
  Field required [type=missing, input_value={}, input_type=dict]
    For further information visit https://errors.pydantic.dev/2.8/v/missing
programCode
  Field required [type=missing, input_value={}, input_type=dict]
    For further information visit https://errors.pydantic.dev/2.8/v/missing
distribution
  Field required [type=missing, input_value={}, input_type=dict]
    For further information visit https://errors.pydantic.dev/2.8/v/missing
theme
  Field required [type=missing, input_value={}, input_type=dict]
    For further information visit https://errors.pydantic.dev/2.8/v/missing
2024-08-23 12:40:38 - ERROR - Validation error for dataset: Unknown title
Traceback (most recent call last):
  File "C:\Users\edmun\Projects\Repositories\healthpartners-interview\src\healthpartners_interview\download.py", line 31, in fetch_datasets
    dataset = Dataset(**current_item)
              ^^^^^^^^^^^^^^^^^^^^^^^
  File "C:\Users\edmun\Projects\Repositories\healthpartners-interview\.venv\Lib\site-packages\pydantic\main.py", line 193, in __init__
    self.__pydantic_validator__.validate_python(data, self_instance=self)
pydantic_core._pydantic_core.ValidationError: 16 validation errors for Dataset
accessLevel
  Field required [type=missing, input_value={}, input_type=dict]
    For further information visit https://errors.pydantic.dev/2.8/v/missing
landingPage
  Field required [type=missing, input_value={}, input_type=dict]
    For further information visit https://errors.pydantic.dev/2.8/v/missing
bureauCode
  Field required [type=missing, input_value={}, input_type=dict]
    For further information visit https://errors.pydantic.dev/2.8/v/missing
issued
  Field required [type=missing, input_value={}, input_type=dict]
    For further information visit https://errors.pydantic.dev/2.8/v/missing
@type
  Field required [type=missing, input_value={}, input_type=dict]
    For further information visit https://errors.pydantic.dev/2.8/v/missing
modified
  Field required [type=missing, input_value={}, input_type=dict]
    For further information visit https://errors.pydantic.dev/2.8/v/missing
released
  Field required [type=missing, input_value={}, input_type=dict]
    For further information visit https://errors.pydantic.dev/2.8/v/missing
keyword
  Field required [type=missing, input_value={}, input_type=dict]
    For further information visit https://errors.pydantic.dev/2.8/v/missing
contactPoint
  Field required [type=missing, input_value={}, input_type=dict]
    For further information visit https://errors.pydantic.dev/2.8/v/missing
publisher
  Field required [type=missing, input_value={}, input_type=dict]
    For further information visit https://errors.pydantic.dev/2.8/v/missing
identifier
  Field required [type=missing, input_value={}, input_type=dict]
    For further information visit https://errors.pydantic.dev/2.8/v/missing
description
  Field required [type=missing, input_value={}, input_type=dict]
    For further information visit https://errors.pydantic.dev/2.8/v/missing
title
  Field required [type=missing, input_value={}, input_type=dict]
    For further information visit https://errors.pydantic.dev/2.8/v/missing
programCode
  Field required [type=missing, input_value={}, input_type=dict]
    For further information visit https://errors.pydantic.dev/2.8/v/missing
distribution
  Field required [type=missing, input_value={}, input_type=dict]
    For further information visit https://errors.pydantic.dev/2.8/v/missing
theme
  Field required [type=missing, input_value={}, input_type=dict]
    For further information visit https://errors.pydantic.dev/2.8/v/missing
2024-08-23 12:40:38 - ERROR - Validation error for dataset: Unknown title
Traceback (most recent call last):
  File "C:\Users\edmun\Projects\Repositories\healthpartners-interview\src\healthpartners_interview\download.py", line 31, in fetch_datasets
    dataset = Dataset(**current_item)
              ^^^^^^^^^^^^^^^^^^^^^^^
  File "C:\Users\edmun\Projects\Repositories\healthpartners-interview\.venv\Lib\site-packages\pydantic\main.py", line 193, in __init__
    self.__pydantic_validator__.validate_python(data, self_instance=self)
pydantic_core._pydantic_core.ValidationError: 16 validation errors for Dataset
accessLevel
  Field required [type=missing, input_value={}, input_type=dict]
    For further information visit https://errors.pydantic.dev/2.8/v/missing
landingPage
  Field required [type=missing, input_value={}, input_type=dict]
    For further information visit https://errors.pydantic.dev/2.8/v/missing
bureauCode
  Field required [type=missing, input_value={}, input_type=dict]
    For further information visit https://errors.pydantic.dev/2.8/v/missing
issued
  Field required [type=missing, input_value={}, input_type=dict]
    For further information visit https://errors.pydantic.dev/2.8/v/missing
@type
  Field required [type=missing, input_value={}, input_type=dict]
    For further information visit https://errors.pydantic.dev/2.8/v/missing
modified
  Field required [type=missing, input_value={}, input_type=dict]
    For further information visit https://errors.pydantic.dev/2.8/v/missing
released
  Field required [type=missing, input_value={}, input_type=dict]
    For further information visit https://errors.pydantic.dev/2.8/v/missing
keyword
  Field required [type=missing, input_value={}, input_type=dict]
    For further information visit https://errors.pydantic.dev/2.8/v/missing
contactPoint
  Field required [type=missing, input_value={}, input_type=dict]
    For further information visit https://errors.pydantic.dev/2.8/v/missing
publisher
  Field required [type=missing, input_value={}, input_type=dict]
    For further information visit https://errors.pydantic.dev/2.8/v/missing
identifier
  Field required [type=missing, input_value={}, input_type=dict]
    For further information visit https://errors.pydantic.dev/2.8/v/missing
description
  Field required [type=missing, input_value={}, input_type=dict]
    For further information visit https://errors.pydantic.dev/2.8/v/missing
title
  Field required [type=missing, input_value={}, input_type=dict]
    For further information visit https://errors.pydantic.dev/2.8/v/missing
programCode
  Field required [type=missing, input_value={}, input_type=dict]
    For further information visit https://errors.pydantic.dev/2.8/v/missing
distribution
  Field required [type=missing, input_value={}, input_type=dict]
    For further information visit https://errors.pydantic.dev/2.8/v/missing
theme
  Field required [type=missing, input_value={}, input_type=dict]
    For further information visit https://errors.pydantic.dev/2.8/v/missing
2024-08-23 12:40:38 - ERROR - Validation error for dataset: Unknown title
Traceback (most recent call last):
  File "C:\Users\edmun\Projects\Repositories\healthpartners-interview\src\healthpartners_interview\download.py", line 31, in fetch_datasets
    dataset = Dataset(**current_item)
              ^^^^^^^^^^^^^^^^^^^^^^^
  File "C:\Users\edmun\Projects\Repositories\healthpartners-interview\.venv\Lib\site-packages\pydantic\main.py", line 193, in __init__
    self.__pydantic_validator__.validate_python(data, self_instance=self)
pydantic_core._pydantic_core.ValidationError: 16 validation errors for Dataset
accessLevel
  Field required [type=missing, input_value={'item': 'theme'}, input_type=dict]
    For further information visit https://errors.pydantic.dev/2.8/v/missing
landingPage
  Field required [type=missing, input_value={'item': 'theme'}, input_type=dict]
    For further information visit https://errors.pydantic.dev/2.8/v/missing
bureauCode
  Field required [type=missing, input_value={'item': 'theme'}, input_type=dict]
    For further information visit https://errors.pydantic.dev/2.8/v/missing
issued
  Field required [type=missing, input_value={'item': 'theme'}, input_type=dict]
    For further information visit https://errors.pydantic.dev/2.8/v/missing
@type
  Field required [type=missing, input_value={'item': 'theme'}, input_type=dict]
    For further information visit https://errors.pydantic.dev/2.8/v/missing
modified
  Field required [type=missing, input_value={'item': 'theme'}, input_type=dict]
    For further information visit https://errors.pydantic.dev/2.8/v/missing
released
  Field required [type=missing, input_value={'item': 'theme'}, input_type=dict]
    For further information visit https://errors.pydantic.dev/2.8/v/missing
keyword
  Field required [type=missing, input_value={'item': 'theme'}, input_type=dict]
    For further information visit https://errors.pydantic.dev/2.8/v/missing
contactPoint
  Field required [type=missing, input_value={'item': 'theme'}, input_type=dict]
    For further information visit https://errors.pydantic.dev/2.8/v/missing
publisher
  Field required [type=missing, input_value={'item': 'theme'}, input_type=dict]
    For further information visit https://errors.pydantic.dev/2.8/v/missing
identifier
  Field required [type=missing, input_value={'item': 'theme'}, input_type=dict]
    For further information visit https://errors.pydantic.dev/2.8/v/missing
description
  Field required [type=missing, input_value={'item': 'theme'}, input_type=dict]
    For further information visit https://errors.pydantic.dev/2.8/v/missing
title
  Field required [type=missing, input_value={'item': 'theme'}, input_type=dict]
    For further information visit https://errors.pydantic.dev/2.8/v/missing
programCode
  Field required [type=missing, input_value={'item': 'theme'}, input_type=dict]
    For further information visit https://errors.pydantic.dev/2.8/v/missing
distribution
  Field required [type=missing, input_value={'item': 'theme'}, input_type=dict]
    For further information visit https://errors.pydantic.dev/2.8/v/missing
theme
  Field required [type=missing, input_value={'item': 'theme'}, input_type=dict]
    For further information visit https://errors.pydantic.dev/2.8/v/missing
2024-08-23 12:40:38 - ERROR - Validation error for dataset: Unknown title
Traceback (most recent call last):
  File "C:\Users\edmun\Projects\Repositories\healthpartners-interview\src\healthpartners_interview\download.py", line 31, in fetch_datasets
    dataset = Dataset(**current_item)
              ^^^^^^^^^^^^^^^^^^^^^^^
  File "C:\Users\edmun\Projects\Repositories\healthpartners-interview\.venv\Lib\site-packages\pydantic\main.py", line 193, in __init__
    self.__pydantic_validator__.validate_python(data, self_instance=self)
pydantic_core._pydantic_core.ValidationError: 16 validation errors for Dataset
accessLevel
  Field required [type=missing, input_value={}, input_type=dict]
    For further information visit https://errors.pydantic.dev/2.8/v/missing
landingPage
  Field required [type=missing, input_value={}, input_type=dict]
    For further information visit https://errors.pydantic.dev/2.8/v/missing
bureauCode
  Field required [type=missing, input_value={}, input_type=dict]
    For further information visit https://errors.pydantic.dev/2.8/v/missing
issued
  Field required [type=missing, input_value={}, input_type=dict]
    For further information visit https://errors.pydantic.dev/2.8/v/missing
@type
  Field required [type=missing, input_value={}, input_type=dict]
    For further information visit https://errors.pydantic.dev/2.8/v/missing
modified
  Field required [type=missing, input_value={}, input_type=dict]
    For further information visit https://errors.pydantic.dev/2.8/v/missing
released
  Field required [type=missing, input_value={}, input_type=dict]
    For further information visit https://errors.pydantic.dev/2.8/v/missing
keyword
  Field required [type=missing, input_value={}, input_type=dict]
    For further information visit https://errors.pydantic.dev/2.8/v/missing
contactPoint
  Field required [type=missing, input_value={}, input_type=dict]
    For further information visit https://errors.pydantic.dev/2.8/v/missing
publisher
  Field required [type=missing, input_value={}, input_type=dict]
    For further information visit https://errors.pydantic.dev/2.8/v/missing
identifier
  Field required [type=missing, input_value={}, input_type=dict]
    For further information visit https://errors.pydantic.dev/2.8/v/missing
description
  Field required [type=missing, input_value={}, input_type=dict]
    For further information visit https://errors.pydantic.dev/2.8/v/missing
title
  Field required [type=missing, input_value={}, input_type=dict]
    For further information visit https://errors.pydantic.dev/2.8/v/missing
programCode
  Field required [type=missing, input_value={}, input_type=dict]
    For further information visit https://errors.pydantic.dev/2.8/v/missing
distribution
  Field required [type=missing, input_value={}, input_type=dict]
    For further information visit https://errors.pydantic.dev/2.8/v/missing
theme
  Field required [type=missing, input_value={}, input_type=dict]
    For further information visit https://errors.pydantic.dev/2.8/v/missing
2024-08-23 12:40:38 - ERROR - Validation error for dataset: Unknown title
Traceback (most recent call last):
  File "C:\Users\edmun\Projects\Repositories\healthpartners-interview\src\healthpartners_interview\download.py", line 31, in fetch_datasets
    dataset = Dataset(**current_item)
              ^^^^^^^^^^^^^^^^^^^^^^^
  File "C:\Users\edmun\Projects\Repositories\healthpartners-interview\.venv\Lib\site-packages\pydantic\main.py", line 193, in __init__
    self.__pydantic_validator__.validate_python(data, self_instance=self)
pydantic_core._pydantic_core.ValidationError: 16 validation errors for Dataset
accessLevel
  Field required [type=missing, input_value={}, input_type=dict]
    For further information visit https://errors.pydantic.dev/2.8/v/missing
landingPage
  Field required [type=missing, input_value={}, input_type=dict]
    For further information visit https://errors.pydantic.dev/2.8/v/missing
bureauCode
  Field required [type=missing, input_value={}, input_type=dict]
    For further information visit https://errors.pydantic.dev/2.8/v/missing
issued
  Field required [type=missing, input_value={}, input_type=dict]
    For further information visit https://errors.pydantic.dev/2.8/v/missing
@type
  Field required [type=missing, input_value={}, input_type=dict]
    For further information visit https://errors.pydantic.dev/2.8/v/missing
modified
  Field required [type=missing, input_value={}, input_type=dict]
    For further information visit https://errors.pydantic.dev/2.8/v/missing
released
  Field required [type=missing, input_value={}, input_type=dict]
    For further information visit https://errors.pydantic.dev/2.8/v/missing
keyword
  Field required [type=missing, input_value={}, input_type=dict]
    For further information visit https://errors.pydantic.dev/2.8/v/missing
contactPoint
  Field required [type=missing, input_value={}, input_type=dict]
    For further information visit https://errors.pydantic.dev/2.8/v/missing
publisher
  Field required [type=missing, input_value={}, input_type=dict]
    For further information visit https://errors.pydantic.dev/2.8/v/missing
identifier
  Field required [type=missing, input_value={}, input_type=dict]
    For further information visit https://errors.pydantic.dev/2.8/v/missing
description
  Field required [type=missing, input_value={}, input_type=dict]
    For further information visit https://errors.pydantic.dev/2.8/v/missing
title
  Field required [type=missing, input_value={}, input_type=dict]
    For further information visit https://errors.pydantic.dev/2.8/v/missing
programCode
  Field required [type=missing, input_value={}, input_type=dict]
    For further information visit https://errors.pydantic.dev/2.8/v/missing
distribution
  Field required [type=missing, input_value={}, input_type=dict]
    For further information visit https://errors.pydantic.dev/2.8/v/missing
theme
  Field required [type=missing, input_value={}, input_type=dict]
    For further information visit https://errors.pydantic.dev/2.8/v/missing
2024-08-23 12:40:38 - ERROR - Validation error for dataset: Unknown title
Traceback (most recent call last):
  File "C:\Users\edmun\Projects\Repositories\healthpartners-interview\src\healthpartners_interview\download.py", line 31, in fetch_datasets
    dataset = Dataset(**current_item)
              ^^^^^^^^^^^^^^^^^^^^^^^
  File "C:\Users\edmun\Projects\Repositories\healthpartners-interview\.venv\Lib\site-packages\pydantic\main.py", line 193, in __init__
    self.__pydantic_validator__.validate_python(data, self_instance=self)
pydantic_core._pydantic_core.ValidationError: 16 validation errors for Dataset
accessLevel
  Field required [type=missing, input_value={}, input_type=dict]
    For further information visit https://errors.pydantic.dev/2.8/v/missing
landingPage
  Field required [type=missing, input_value={}, input_type=dict]
    For further information visit https://errors.pydantic.dev/2.8/v/missing
bureauCode
  Field required [type=missing, input_value={}, input_type=dict]
    For further information visit https://errors.pydantic.dev/2.8/v/missing
issued
  Field required [type=missing, input_value={}, input_type=dict]
    For further information visit https://errors.pydantic.dev/2.8/v/missing
@type
  Field required [type=missing, input_value={}, input_type=dict]
    For further information visit https://errors.pydantic.dev/2.8/v/missing
modified
  Field required [type=missing, input_value={}, input_type=dict]
    For further information visit https://errors.pydantic.dev/2.8/v/missing
released
  Field required [type=missing, input_value={}, input_type=dict]
    For further information visit https://errors.pydantic.dev/2.8/v/missing
keyword
  Field required [type=missing, input_value={}, input_type=dict]
    For further information visit https://errors.pydantic.dev/2.8/v/missing
contactPoint
  Field required [type=missing, input_value={}, input_type=dict]
    For further information visit https://errors.pydantic.dev/2.8/v/missing
publisher
  Field required [type=missing, input_value={}, input_type=dict]
    For further information visit https://errors.pydantic.dev/2.8/v/missing
identifier
  Field required [type=missing, input_value={}, input_type=dict]
    For further information visit https://errors.pydantic.dev/2.8/v/missing
description
  Field required [type=missing, input_value={}, input_type=dict]
    For further information visit https://errors.pydantic.dev/2.8/v/missing
title
  Field required [type=missing, input_value={}, input_type=dict]
    For further information visit https://errors.pydantic.dev/2.8/v/missing
programCode
  Field required [type=missing, input_value={}, input_type=dict]
    For further information visit https://errors.pydantic.dev/2.8/v/missing
distribution
  Field required [type=missing, input_value={}, input_type=dict]
    For further information visit https://errors.pydantic.dev/2.8/v/missing
theme
  Field required [type=missing, input_value={}, input_type=dict]
    For further information visit https://errors.pydantic.dev/2.8/v/missing
2024-08-23 12:40:38 - ERROR - Validation error for dataset: Unknown title
Traceback (most recent call last):
  File "C:\Users\edmun\Projects\Repositories\healthpartners-interview\src\healthpartners_interview\download.py", line 31, in fetch_datasets
    dataset = Dataset(**current_item)
              ^^^^^^^^^^^^^^^^^^^^^^^
  File "C:\Users\edmun\Projects\Repositories\healthpartners-interview\.venv\Lib\site-packages\pydantic\main.py", line 193, in __init__
    self.__pydantic_validator__.validate_python(data, self_instance=self)
pydantic_core._pydantic_core.ValidationError: 16 validation errors for Dataset
accessLevel
  Field required [type=missing, input_value={'item': 'theme'}, input_type=dict]
    For further information visit https://errors.pydantic.dev/2.8/v/missing
landingPage
  Field required [type=missing, input_value={'item': 'theme'}, input_type=dict]
    For further information visit https://errors.pydantic.dev/2.8/v/missing
bureauCode
  Field required [type=missing, input_value={'item': 'theme'}, input_type=dict]
    For further information visit https://errors.pydantic.dev/2.8/v/missing
issued
  Field required [type=missing, input_value={'item': 'theme'}, input_type=dict]
    For further information visit https://errors.pydantic.dev/2.8/v/missing
@type
  Field required [type=missing, input_value={'item': 'theme'}, input_type=dict]
    For further information visit https://errors.pydantic.dev/2.8/v/missing
modified
  Field required [type=missing, input_value={'item': 'theme'}, input_type=dict]
    For further information visit https://errors.pydantic.dev/2.8/v/missing
released
  Field required [type=missing, input_value={'item': 'theme'}, input_type=dict]
    For further information visit https://errors.pydantic.dev/2.8/v/missing
keyword
  Field required [type=missing, input_value={'item': 'theme'}, input_type=dict]
    For further information visit https://errors.pydantic.dev/2.8/v/missing
contactPoint
  Field required [type=missing, input_value={'item': 'theme'}, input_type=dict]
    For further information visit https://errors.pydantic.dev/2.8/v/missing
publisher
  Field required [type=missing, input_value={'item': 'theme'}, input_type=dict]
    For further information visit https://errors.pydantic.dev/2.8/v/missing
identifier
  Field required [type=missing, input_value={'item': 'theme'}, input_type=dict]
    For further information visit https://errors.pydantic.dev/2.8/v/missing
description
  Field required [type=missing, input_value={'item': 'theme'}, input_type=dict]
    For further information visit https://errors.pydantic.dev/2.8/v/missing
title
  Field required [type=missing, input_value={'item': 'theme'}, input_type=dict]
    For further information visit https://errors.pydantic.dev/2.8/v/missing
programCode
  Field required [type=missing, input_value={'item': 'theme'}, input_type=dict]
    For further information visit https://errors.pydantic.dev/2.8/v/missing
distribution
  Field required [type=missing, input_value={'item': 'theme'}, input_type=dict]
    For further information visit https://errors.pydantic.dev/2.8/v/missing
theme
  Field required [type=missing, input_value={'item': 'theme'}, input_type=dict]
    For further information visit https://errors.pydantic.dev/2.8/v/missing
2024-08-23 12:40:38 - ERROR - Validation error for dataset: Unknown title
Traceback (most recent call last):
  File "C:\Users\edmun\Projects\Repositories\healthpartners-interview\src\healthpartners_interview\download.py", line 31, in fetch_datasets
    dataset = Dataset(**current_item)
              ^^^^^^^^^^^^^^^^^^^^^^^
  File "C:\Users\edmun\Projects\Repositories\healthpartners-interview\.venv\Lib\site-packages\pydantic\main.py", line 193, in __init__
    self.__pydantic_validator__.validate_python(data, self_instance=self)
pydantic_core._pydantic_core.ValidationError: 16 validation errors for Dataset
accessLevel
  Field required [type=missing, input_value={}, input_type=dict]
    For further information visit https://errors.pydantic.dev/2.8/v/missing
landingPage
  Field required [type=missing, input_value={}, input_type=dict]
    For further information visit https://errors.pydantic.dev/2.8/v/missing
bureauCode
  Field required [type=missing, input_value={}, input_type=dict]
    For further information visit https://errors.pydantic.dev/2.8/v/missing
issued
  Field required [type=missing, input_value={}, input_type=dict]
    For further information visit https://errors.pydantic.dev/2.8/v/missing
@type
  Field required [type=missing, input_value={}, input_type=dict]
    For further information visit https://errors.pydantic.dev/2.8/v/missing
modified
  Field required [type=missing, input_value={}, input_type=dict]
    For further information visit https://errors.pydantic.dev/2.8/v/missing
released
  Field required [type=missing, input_value={}, input_type=dict]
    For further information visit https://errors.pydantic.dev/2.8/v/missing
keyword
  Field required [type=missing, input_value={}, input_type=dict]
    For further information visit https://errors.pydantic.dev/2.8/v/missing
contactPoint
  Field required [type=missing, input_value={}, input_type=dict]
    For further information visit https://errors.pydantic.dev/2.8/v/missing
publisher
  Field required [type=missing, input_value={}, input_type=dict]
    For further information visit https://errors.pydantic.dev/2.8/v/missing
identifier
  Field required [type=missing, input_value={}, input_type=dict]
    For further information visit https://errors.pydantic.dev/2.8/v/missing
description
  Field required [type=missing, input_value={}, input_type=dict]
    For further information visit https://errors.pydantic.dev/2.8/v/missing
title
  Field required [type=missing, input_value={}, input_type=dict]
    For further information visit https://errors.pydantic.dev/2.8/v/missing
programCode
  Field required [type=missing, input_value={}, input_type=dict]
    For further information visit https://errors.pydantic.dev/2.8/v/missing
distribution
  Field required [type=missing, input_value={}, input_type=dict]
    For further information visit https://errors.pydantic.dev/2.8/v/missing
theme
  Field required [type=missing, input_value={}, input_type=dict]
    For further information visit https://errors.pydantic.dev/2.8/v/missing
2024-08-23 12:40:38 - ERROR - Validation error for dataset: Unknown title
Traceback (most recent call last):
  File "C:\Users\edmun\Projects\Repositories\healthpartners-interview\src\healthpartners_interview\download.py", line 31, in fetch_datasets
    dataset = Dataset(**current_item)
              ^^^^^^^^^^^^^^^^^^^^^^^
  File "C:\Users\edmun\Projects\Repositories\healthpartners-interview\.venv\Lib\site-packages\pydantic\main.py", line 193, in __init__
    self.__pydantic_validator__.validate_python(data, self_instance=self)
pydantic_core._pydantic_core.ValidationError: 16 validation errors for Dataset
accessLevel
  Field required [type=missing, input_value={}, input_type=dict]
    For further information visit https://errors.pydantic.dev/2.8/v/missing
landingPage
  Field required [type=missing, input_value={}, input_type=dict]
    For further information visit https://errors.pydantic.dev/2.8/v/missing
bureauCode
  Field required [type=missing, input_value={}, input_type=dict]
    For further information visit https://errors.pydantic.dev/2.8/v/missing
issued
  Field required [type=missing, input_value={}, input_type=dict]
    For further information visit https://errors.pydantic.dev/2.8/v/missing
@type
  Field required [type=missing, input_value={}, input_type=dict]
    For further information visit https://errors.pydantic.dev/2.8/v/missing
modified
  Field required [type=missing, input_value={}, input_type=dict]
    For further information visit https://errors.pydantic.dev/2.8/v/missing
released
  Field required [type=missing, input_value={}, input_type=dict]
    For further information visit https://errors.pydantic.dev/2.8/v/missing
keyword
  Field required [type=missing, input_value={}, input_type=dict]
    For further information visit https://errors.pydantic.dev/2.8/v/missing
contactPoint
  Field required [type=missing, input_value={}, input_type=dict]
    For further information visit https://errors.pydantic.dev/2.8/v/missing
publisher
  Field required [type=missing, input_value={}, input_type=dict]
    For further information visit https://errors.pydantic.dev/2.8/v/missing
identifier
  Field required [type=missing, input_value={}, input_type=dict]
    For further information visit https://errors.pydantic.dev/2.8/v/missing
description
  Field required [type=missing, input_value={}, input_type=dict]
    For further information visit https://errors.pydantic.dev/2.8/v/missing
title
  Field required [type=missing, input_value={}, input_type=dict]
    For further information visit https://errors.pydantic.dev/2.8/v/missing
programCode
  Field required [type=missing, input_value={}, input_type=dict]
    For further information visit https://errors.pydantic.dev/2.8/v/missing
distribution
  Field required [type=missing, input_value={}, input_type=dict]
    For further information visit https://errors.pydantic.dev/2.8/v/missing
theme
  Field required [type=missing, input_value={}, input_type=dict]
    For further information visit https://errors.pydantic.dev/2.8/v/missing
2024-08-23 12:40:38 - ERROR - Validation error for dataset: Unknown title
Traceback (most recent call last):
  File "C:\Users\edmun\Projects\Repositories\healthpartners-interview\src\healthpartners_interview\download.py", line 31, in fetch_datasets
    dataset = Dataset(**current_item)
              ^^^^^^^^^^^^^^^^^^^^^^^
  File "C:\Users\edmun\Projects\Repositories\healthpartners-interview\.venv\Lib\site-packages\pydantic\main.py", line 193, in __init__
    self.__pydantic_validator__.validate_python(data, self_instance=self)
pydantic_core._pydantic_core.ValidationError: 16 validation errors for Dataset
accessLevel
  Field required [type=missing, input_value={}, input_type=dict]
    For further information visit https://errors.pydantic.dev/2.8/v/missing
landingPage
  Field required [type=missing, input_value={}, input_type=dict]
    For further information visit https://errors.pydantic.dev/2.8/v/missing
bureauCode
  Field required [type=missing, input_value={}, input_type=dict]
    For further information visit https://errors.pydantic.dev/2.8/v/missing
issued
  Field required [type=missing, input_value={}, input_type=dict]
    For further information visit https://errors.pydantic.dev/2.8/v/missing
@type
  Field required [type=missing, input_value={}, input_type=dict]
    For further information visit https://errors.pydantic.dev/2.8/v/missing
modified
  Field required [type=missing, input_value={}, input_type=dict]
    For further information visit https://errors.pydantic.dev/2.8/v/missing
released
  Field required [type=missing, input_value={}, input_type=dict]
    For further information visit https://errors.pydantic.dev/2.8/v/missing
keyword
  Field required [type=missing, input_value={}, input_type=dict]
    For further information visit https://errors.pydantic.dev/2.8/v/missing
contactPoint
  Field required [type=missing, input_value={}, input_type=dict]
    For further information visit https://errors.pydantic.dev/2.8/v/missing
publisher
  Field required [type=missing, input_value={}, input_type=dict]
    For further information visit https://errors.pydantic.dev/2.8/v/missing
identifier
  Field required [type=missing, input_value={}, input_type=dict]
    For further information visit https://errors.pydantic.dev/2.8/v/missing
description
  Field required [type=missing, input_value={}, input_type=dict]
    For further information visit https://errors.pydantic.dev/2.8/v/missing
title
  Field required [type=missing, input_value={}, input_type=dict]
    For further information visit https://errors.pydantic.dev/2.8/v/missing
programCode
  Field required [type=missing, input_value={}, input_type=dict]
    For further information visit https://errors.pydantic.dev/2.8/v/missing
distribution
  Field required [type=missing, input_value={}, input_type=dict]
    For further information visit https://errors.pydantic.dev/2.8/v/missing
theme
  Field required [type=missing, input_value={}, input_type=dict]
    For further information visit https://errors.pydantic.dev/2.8/v/missing
2024-08-23 12:40:38 - ERROR - Validation error for dataset: Unknown title
Traceback (most recent call last):
  File "C:\Users\edmun\Projects\Repositories\healthpartners-interview\src\healthpartners_interview\download.py", line 31, in fetch_datasets
    dataset = Dataset(**current_item)
              ^^^^^^^^^^^^^^^^^^^^^^^
  File "C:\Users\edmun\Projects\Repositories\healthpartners-interview\.venv\Lib\site-packages\pydantic\main.py", line 193, in __init__
    self.__pydantic_validator__.validate_python(data, self_instance=self)
pydantic_core._pydantic_core.ValidationError: 16 validation errors for Dataset
accessLevel
  Field required [type=missing, input_value={'item': 'theme'}, input_type=dict]
    For further information visit https://errors.pydantic.dev/2.8/v/missing
landingPage
  Field required [type=missing, input_value={'item': 'theme'}, input_type=dict]
    For further information visit https://errors.pydantic.dev/2.8/v/missing
bureauCode
  Field required [type=missing, input_value={'item': 'theme'}, input_type=dict]
    For further information visit https://errors.pydantic.dev/2.8/v/missing
issued
  Field required [type=missing, input_value={'item': 'theme'}, input_type=dict]
    For further information visit https://errors.pydantic.dev/2.8/v/missing
@type
  Field required [type=missing, input_value={'item': 'theme'}, input_type=dict]
    For further information visit https://errors.pydantic.dev/2.8/v/missing
modified
  Field required [type=missing, input_value={'item': 'theme'}, input_type=dict]
    For further information visit https://errors.pydantic.dev/2.8/v/missing
released
  Field required [type=missing, input_value={'item': 'theme'}, input_type=dict]
    For further information visit https://errors.pydantic.dev/2.8/v/missing
keyword
  Field required [type=missing, input_value={'item': 'theme'}, input_type=dict]
    For further information visit https://errors.pydantic.dev/2.8/v/missing
contactPoint
  Field required [type=missing, input_value={'item': 'theme'}, input_type=dict]
    For further information visit https://errors.pydantic.dev/2.8/v/missing
publisher
  Field required [type=missing, input_value={'item': 'theme'}, input_type=dict]
    For further information visit https://errors.pydantic.dev/2.8/v/missing
identifier
  Field required [type=missing, input_value={'item': 'theme'}, input_type=dict]
    For further information visit https://errors.pydantic.dev/2.8/v/missing
description
  Field required [type=missing, input_value={'item': 'theme'}, input_type=dict]
    For further information visit https://errors.pydantic.dev/2.8/v/missing
title
  Field required [type=missing, input_value={'item': 'theme'}, input_type=dict]
    For further information visit https://errors.pydantic.dev/2.8/v/missing
programCode
  Field required [type=missing, input_value={'item': 'theme'}, input_type=dict]
    For further information visit https://errors.pydantic.dev/2.8/v/missing
distribution
  Field required [type=missing, input_value={'item': 'theme'}, input_type=dict]
    For further information visit https://errors.pydantic.dev/2.8/v/missing
theme
  Field required [type=missing, input_value={'item': 'theme'}, input_type=dict]
    For further information visit https://errors.pydantic.dev/2.8/v/missing
2024-08-23 12:40:38 - ERROR - Validation error for dataset: Unknown title
Traceback (most recent call last):
  File "C:\Users\edmun\Projects\Repositories\healthpartners-interview\src\healthpartners_interview\download.py", line 31, in fetch_datasets
    dataset = Dataset(**current_item)
              ^^^^^^^^^^^^^^^^^^^^^^^
  File "C:\Users\edmun\Projects\Repositories\healthpartners-interview\.venv\Lib\site-packages\pydantic\main.py", line 193, in __init__
    self.__pydantic_validator__.validate_python(data, self_instance=self)
pydantic_core._pydantic_core.ValidationError: 16 validation errors for Dataset
accessLevel
  Field required [type=missing, input_value={}, input_type=dict]
    For further information visit https://errors.pydantic.dev/2.8/v/missing
landingPage
  Field required [type=missing, input_value={}, input_type=dict]
    For further information visit https://errors.pydantic.dev/2.8/v/missing
bureauCode
  Field required [type=missing, input_value={}, input_type=dict]
    For further information visit https://errors.pydantic.dev/2.8/v/missing
issued
  Field required [type=missing, input_value={}, input_type=dict]
    For further information visit https://errors.pydantic.dev/2.8/v/missing
@type
  Field required [type=missing, input_value={}, input_type=dict]
    For further information visit https://errors.pydantic.dev/2.8/v/missing
modified
  Field required [type=missing, input_value={}, input_type=dict]
    For further information visit https://errors.pydantic.dev/2.8/v/missing
released
  Field required [type=missing, input_value={}, input_type=dict]
    For further information visit https://errors.pydantic.dev/2.8/v/missing
keyword
  Field required [type=missing, input_value={}, input_type=dict]
    For further information visit https://errors.pydantic.dev/2.8/v/missing
contactPoint
  Field required [type=missing, input_value={}, input_type=dict]
    For further information visit https://errors.pydantic.dev/2.8/v/missing
publisher
  Field required [type=missing, input_value={}, input_type=dict]
    For further information visit https://errors.pydantic.dev/2.8/v/missing
identifier
  Field required [type=missing, input_value={}, input_type=dict]
    For further information visit https://errors.pydantic.dev/2.8/v/missing
description
  Field required [type=missing, input_value={}, input_type=dict]
    For further information visit https://errors.pydantic.dev/2.8/v/missing
title
  Field required [type=missing, input_value={}, input_type=dict]
    For further information visit https://errors.pydantic.dev/2.8/v/missing
programCode
  Field required [type=missing, input_value={}, input_type=dict]
    For further information visit https://errors.pydantic.dev/2.8/v/missing
distribution
  Field required [type=missing, input_value={}, input_type=dict]
    For further information visit https://errors.pydantic.dev/2.8/v/missing
theme
  Field required [type=missing, input_value={}, input_type=dict]
    For further information visit https://errors.pydantic.dev/2.8/v/missing
2024-08-23 12:40:38 - ERROR - Validation error for dataset: Unknown title
Traceback (most recent call last):
  File "C:\Users\edmun\Projects\Repositories\healthpartners-interview\src\healthpartners_interview\download.py", line 31, in fetch_datasets
    dataset = Dataset(**current_item)
              ^^^^^^^^^^^^^^^^^^^^^^^
  File "C:\Users\edmun\Projects\Repositories\healthpartners-interview\.venv\Lib\site-packages\pydantic\main.py", line 193, in __init__
    self.__pydantic_validator__.validate_python(data, self_instance=self)
pydantic_core._pydantic_core.ValidationError: 16 validation errors for Dataset
accessLevel
  Field required [type=missing, input_value={}, input_type=dict]
    For further information visit https://errors.pydantic.dev/2.8/v/missing
landingPage
  Field required [type=missing, input_value={}, input_type=dict]
    For further information visit https://errors.pydantic.dev/2.8/v/missing
bureauCode
  Field required [type=missing, input_value={}, input_type=dict]
    For further information visit https://errors.pydantic.dev/2.8/v/missing
issued
  Field required [type=missing, input_value={}, input_type=dict]
    For further information visit https://errors.pydantic.dev/2.8/v/missing
@type
  Field required [type=missing, input_value={}, input_type=dict]
    For further information visit https://errors.pydantic.dev/2.8/v/missing
modified
  Field required [type=missing, input_value={}, input_type=dict]
    For further information visit https://errors.pydantic.dev/2.8/v/missing
released
  Field required [type=missing, input_value={}, input_type=dict]
    For further information visit https://errors.pydantic.dev/2.8/v/missing
keyword
  Field required [type=missing, input_value={}, input_type=dict]
    For further information visit https://errors.pydantic.dev/2.8/v/missing
contactPoint
  Field required [type=missing, input_value={}, input_type=dict]
    For further information visit https://errors.pydantic.dev/2.8/v/missing
publisher
  Field required [type=missing, input_value={}, input_type=dict]
    For further information visit https://errors.pydantic.dev/2.8/v/missing
identifier
  Field required [type=missing, input_value={}, input_type=dict]
    For further information visit https://errors.pydantic.dev/2.8/v/missing
description
  Field required [type=missing, input_value={}, input_type=dict]
    For further information visit https://errors.pydantic.dev/2.8/v/missing
title
  Field required [type=missing, input_value={}, input_type=dict]
    For further information visit https://errors.pydantic.dev/2.8/v/missing
programCode
  Field required [type=missing, input_value={}, input_type=dict]
    For further information visit https://errors.pydantic.dev/2.8/v/missing
distribution
  Field required [type=missing, input_value={}, input_type=dict]
    For further information visit https://errors.pydantic.dev/2.8/v/missing
theme
  Field required [type=missing, input_value={}, input_type=dict]
    For further information visit https://errors.pydantic.dev/2.8/v/missing
2024-08-23 12:40:38 - ERROR - Validation error for dataset: Unknown title
Traceback (most recent call last):
  File "C:\Users\edmun\Projects\Repositories\healthpartners-interview\src\healthpartners_interview\download.py", line 31, in fetch_datasets
    dataset = Dataset(**current_item)
              ^^^^^^^^^^^^^^^^^^^^^^^
  File "C:\Users\edmun\Projects\Repositories\healthpartners-interview\.venv\Lib\site-packages\pydantic\main.py", line 193, in __init__
    self.__pydantic_validator__.validate_python(data, self_instance=self)
pydantic_core._pydantic_core.ValidationError: 16 validation errors for Dataset
accessLevel
  Field required [type=missing, input_value={}, input_type=dict]
    For further information visit https://errors.pydantic.dev/2.8/v/missing
landingPage
  Field required [type=missing, input_value={}, input_type=dict]
    For further information visit https://errors.pydantic.dev/2.8/v/missing
bureauCode
  Field required [type=missing, input_value={}, input_type=dict]
    For further information visit https://errors.pydantic.dev/2.8/v/missing
issued
  Field required [type=missing, input_value={}, input_type=dict]
    For further information visit https://errors.pydantic.dev/2.8/v/missing
@type
  Field required [type=missing, input_value={}, input_type=dict]
    For further information visit https://errors.pydantic.dev/2.8/v/missing
modified
  Field required [type=missing, input_value={}, input_type=dict]
    For further information visit https://errors.pydantic.dev/2.8/v/missing
released
  Field required [type=missing, input_value={}, input_type=dict]
    For further information visit https://errors.pydantic.dev/2.8/v/missing
keyword
  Field required [type=missing, input_value={}, input_type=dict]
    For further information visit https://errors.pydantic.dev/2.8/v/missing
contactPoint
  Field required [type=missing, input_value={}, input_type=dict]
    For further information visit https://errors.pydantic.dev/2.8/v/missing
publisher
  Field required [type=missing, input_value={}, input_type=dict]
    For further information visit https://errors.pydantic.dev/2.8/v/missing
identifier
  Field required [type=missing, input_value={}, input_type=dict]
    For further information visit https://errors.pydantic.dev/2.8/v/missing
description
  Field required [type=missing, input_value={}, input_type=dict]
    For further information visit https://errors.pydantic.dev/2.8/v/missing
title
  Field required [type=missing, input_value={}, input_type=dict]
    For further information visit https://errors.pydantic.dev/2.8/v/missing
programCode
  Field required [type=missing, input_value={}, input_type=dict]
    For further information visit https://errors.pydantic.dev/2.8/v/missing
distribution
  Field required [type=missing, input_value={}, input_type=dict]
    For further information visit https://errors.pydantic.dev/2.8/v/missing
theme
  Field required [type=missing, input_value={}, input_type=dict]
    For further information visit https://errors.pydantic.dev/2.8/v/missing
2024-08-23 12:40:38 - ERROR - Validation error for dataset: Unknown title
Traceback (most recent call last):
  File "C:\Users\edmun\Projects\Repositories\healthpartners-interview\src\healthpartners_interview\download.py", line 31, in fetch_datasets
    dataset = Dataset(**current_item)
              ^^^^^^^^^^^^^^^^^^^^^^^
  File "C:\Users\edmun\Projects\Repositories\healthpartners-interview\.venv\Lib\site-packages\pydantic\main.py", line 193, in __init__
    self.__pydantic_validator__.validate_python(data, self_instance=self)
pydantic_core._pydantic_core.ValidationError: 16 validation errors for Dataset
accessLevel
  Field required [type=missing, input_value={'item': 'theme'}, input_type=dict]
    For further information visit https://errors.pydantic.dev/2.8/v/missing
landingPage
  Field required [type=missing, input_value={'item': 'theme'}, input_type=dict]
    For further information visit https://errors.pydantic.dev/2.8/v/missing
bureauCode
  Field required [type=missing, input_value={'item': 'theme'}, input_type=dict]
    For further information visit https://errors.pydantic.dev/2.8/v/missing
issued
  Field required [type=missing, input_value={'item': 'theme'}, input_type=dict]
    For further information visit https://errors.pydantic.dev/2.8/v/missing
@type
  Field required [type=missing, input_value={'item': 'theme'}, input_type=dict]
    For further information visit https://errors.pydantic.dev/2.8/v/missing
modified
  Field required [type=missing, input_value={'item': 'theme'}, input_type=dict]
    For further information visit https://errors.pydantic.dev/2.8/v/missing
released
  Field required [type=missing, input_value={'item': 'theme'}, input_type=dict]
    For further information visit https://errors.pydantic.dev/2.8/v/missing
keyword
  Field required [type=missing, input_value={'item': 'theme'}, input_type=dict]
    For further information visit https://errors.pydantic.dev/2.8/v/missing
contactPoint
  Field required [type=missing, input_value={'item': 'theme'}, input_type=dict]
    For further information visit https://errors.pydantic.dev/2.8/v/missing
publisher
  Field required [type=missing, input_value={'item': 'theme'}, input_type=dict]
    For further information visit https://errors.pydantic.dev/2.8/v/missing
identifier
  Field required [type=missing, input_value={'item': 'theme'}, input_type=dict]
    For further information visit https://errors.pydantic.dev/2.8/v/missing
description
  Field required [type=missing, input_value={'item': 'theme'}, input_type=dict]
    For further information visit https://errors.pydantic.dev/2.8/v/missing
title
  Field required [type=missing, input_value={'item': 'theme'}, input_type=dict]
    For further information visit https://errors.pydantic.dev/2.8/v/missing
programCode
  Field required [type=missing, input_value={'item': 'theme'}, input_type=dict]
    For further information visit https://errors.pydantic.dev/2.8/v/missing
distribution
  Field required [type=missing, input_value={'item': 'theme'}, input_type=dict]
    For further information visit https://errors.pydantic.dev/2.8/v/missing
theme
  Field required [type=missing, input_value={'item': 'theme'}, input_type=dict]
    For further information visit https://errors.pydantic.dev/2.8/v/missing
2024-08-23 12:40:38 - ERROR - Validation error for dataset: Unknown title
Traceback (most recent call last):
  File "C:\Users\edmun\Projects\Repositories\healthpartners-interview\src\healthpartners_interview\download.py", line 31, in fetch_datasets
    dataset = Dataset(**current_item)
              ^^^^^^^^^^^^^^^^^^^^^^^
  File "C:\Users\edmun\Projects\Repositories\healthpartners-interview\.venv\Lib\site-packages\pydantic\main.py", line 193, in __init__
    self.__pydantic_validator__.validate_python(data, self_instance=self)
pydantic_core._pydantic_core.ValidationError: 16 validation errors for Dataset
accessLevel
  Field required [type=missing, input_value={}, input_type=dict]
    For further information visit https://errors.pydantic.dev/2.8/v/missing
landingPage
  Field required [type=missing, input_value={}, input_type=dict]
    For further information visit https://errors.pydantic.dev/2.8/v/missing
bureauCode
  Field required [type=missing, input_value={}, input_type=dict]
    For further information visit https://errors.pydantic.dev/2.8/v/missing
issued
  Field required [type=missing, input_value={}, input_type=dict]
    For further information visit https://errors.pydantic.dev/2.8/v/missing
@type
  Field required [type=missing, input_value={}, input_type=dict]
    For further information visit https://errors.pydantic.dev/2.8/v/missing
modified
  Field required [type=missing, input_value={}, input_type=dict]
    For further information visit https://errors.pydantic.dev/2.8/v/missing
released
  Field required [type=missing, input_value={}, input_type=dict]
    For further information visit https://errors.pydantic.dev/2.8/v/missing
keyword
  Field required [type=missing, input_value={}, input_type=dict]
    For further information visit https://errors.pydantic.dev/2.8/v/missing
contactPoint
  Field required [type=missing, input_value={}, input_type=dict]
    For further information visit https://errors.pydantic.dev/2.8/v/missing
publisher
  Field required [type=missing, input_value={}, input_type=dict]
    For further information visit https://errors.pydantic.dev/2.8/v/missing
identifier
  Field required [type=missing, input_value={}, input_type=dict]
    For further information visit https://errors.pydantic.dev/2.8/v/missing
description
  Field required [type=missing, input_value={}, input_type=dict]
    For further information visit https://errors.pydantic.dev/2.8/v/missing
title
  Field required [type=missing, input_value={}, input_type=dict]
    For further information visit https://errors.pydantic.dev/2.8/v/missing
programCode
  Field required [type=missing, input_value={}, input_type=dict]
    For further information visit https://errors.pydantic.dev/2.8/v/missing
distribution
  Field required [type=missing, input_value={}, input_type=dict]
    For further information visit https://errors.pydantic.dev/2.8/v/missing
theme
  Field required [type=missing, input_value={}, input_type=dict]
    For further information visit https://errors.pydantic.dev/2.8/v/missing
2024-08-23 12:40:38 - ERROR - Validation error for dataset: Unknown title
Traceback (most recent call last):
  File "C:\Users\edmun\Projects\Repositories\healthpartners-interview\src\healthpartners_interview\download.py", line 31, in fetch_datasets
    dataset = Dataset(**current_item)
              ^^^^^^^^^^^^^^^^^^^^^^^
  File "C:\Users\edmun\Projects\Repositories\healthpartners-interview\.venv\Lib\site-packages\pydantic\main.py", line 193, in __init__
    self.__pydantic_validator__.validate_python(data, self_instance=self)
pydantic_core._pydantic_core.ValidationError: 16 validation errors for Dataset
accessLevel
  Field required [type=missing, input_value={}, input_type=dict]
    For further information visit https://errors.pydantic.dev/2.8/v/missing
landingPage
  Field required [type=missing, input_value={}, input_type=dict]
    For further information visit https://errors.pydantic.dev/2.8/v/missing
bureauCode
  Field required [type=missing, input_value={}, input_type=dict]
    For further information visit https://errors.pydantic.dev/2.8/v/missing
issued
  Field required [type=missing, input_value={}, input_type=dict]
    For further information visit https://errors.pydantic.dev/2.8/v/missing
@type
  Field required [type=missing, input_value={}, input_type=dict]
    For further information visit https://errors.pydantic.dev/2.8/v/missing
modified
  Field required [type=missing, input_value={}, input_type=dict]
    For further information visit https://errors.pydantic.dev/2.8/v/missing
released
  Field required [type=missing, input_value={}, input_type=dict]
    For further information visit https://errors.pydantic.dev/2.8/v/missing
keyword
  Field required [type=missing, input_value={}, input_type=dict]
    For further information visit https://errors.pydantic.dev/2.8/v/missing
contactPoint
  Field required [type=missing, input_value={}, input_type=dict]
    For further information visit https://errors.pydantic.dev/2.8/v/missing
publisher
  Field required [type=missing, input_value={}, input_type=dict]
    For further information visit https://errors.pydantic.dev/2.8/v/missing
identifier
  Field required [type=missing, input_value={}, input_type=dict]
    For further information visit https://errors.pydantic.dev/2.8/v/missing
description
  Field required [type=missing, input_value={}, input_type=dict]
    For further information visit https://errors.pydantic.dev/2.8/v/missing
title
  Field required [type=missing, input_value={}, input_type=dict]
    For further information visit https://errors.pydantic.dev/2.8/v/missing
programCode
  Field required [type=missing, input_value={}, input_type=dict]
    For further information visit https://errors.pydantic.dev/2.8/v/missing
distribution
  Field required [type=missing, input_value={}, input_type=dict]
    For further information visit https://errors.pydantic.dev/2.8/v/missing
theme
  Field required [type=missing, input_value={}, input_type=dict]
    For further information visit https://errors.pydantic.dev/2.8/v/missing
2024-08-23 12:40:38 - ERROR - Validation error for dataset: Unknown title
Traceback (most recent call last):
  File "C:\Users\edmun\Projects\Repositories\healthpartners-interview\src\healthpartners_interview\download.py", line 31, in fetch_datasets
    dataset = Dataset(**current_item)
              ^^^^^^^^^^^^^^^^^^^^^^^
  File "C:\Users\edmun\Projects\Repositories\healthpartners-interview\.venv\Lib\site-packages\pydantic\main.py", line 193, in __init__
    self.__pydantic_validator__.validate_python(data, self_instance=self)
pydantic_core._pydantic_core.ValidationError: 16 validation errors for Dataset
accessLevel
  Field required [type=missing, input_value={}, input_type=dict]
    For further information visit https://errors.pydantic.dev/2.8/v/missing
landingPage
  Field required [type=missing, input_value={}, input_type=dict]
    For further information visit https://errors.pydantic.dev/2.8/v/missing
bureauCode
  Field required [type=missing, input_value={}, input_type=dict]
    For further information visit https://errors.pydantic.dev/2.8/v/missing
issued
  Field required [type=missing, input_value={}, input_type=dict]
    For further information visit https://errors.pydantic.dev/2.8/v/missing
@type
  Field required [type=missing, input_value={}, input_type=dict]
    For further information visit https://errors.pydantic.dev/2.8/v/missing
modified
  Field required [type=missing, input_value={}, input_type=dict]
    For further information visit https://errors.pydantic.dev/2.8/v/missing
released
  Field required [type=missing, input_value={}, input_type=dict]
    For further information visit https://errors.pydantic.dev/2.8/v/missing
keyword
  Field required [type=missing, input_value={}, input_type=dict]
    For further information visit https://errors.pydantic.dev/2.8/v/missing
contactPoint
  Field required [type=missing, input_value={}, input_type=dict]
    For further information visit https://errors.pydantic.dev/2.8/v/missing
publisher
  Field required [type=missing, input_value={}, input_type=dict]
    For further information visit https://errors.pydantic.dev/2.8/v/missing
identifier
  Field required [type=missing, input_value={}, input_type=dict]
    For further information visit https://errors.pydantic.dev/2.8/v/missing
description
  Field required [type=missing, input_value={}, input_type=dict]
    For further information visit https://errors.pydantic.dev/2.8/v/missing
title
  Field required [type=missing, input_value={}, input_type=dict]
    For further information visit https://errors.pydantic.dev/2.8/v/missing
programCode
  Field required [type=missing, input_value={}, input_type=dict]
    For further information visit https://errors.pydantic.dev/2.8/v/missing
distribution
  Field required [type=missing, input_value={}, input_type=dict]
    For further information visit https://errors.pydantic.dev/2.8/v/missing
theme
  Field required [type=missing, input_value={}, input_type=dict]
    For further information visit https://errors.pydantic.dev/2.8/v/missing
2024-08-23 12:40:38 - ERROR - Validation error for dataset: Unknown title
Traceback (most recent call last):
  File "C:\Users\edmun\Projects\Repositories\healthpartners-interview\src\healthpartners_interview\download.py", line 31, in fetch_datasets
    dataset = Dataset(**current_item)
              ^^^^^^^^^^^^^^^^^^^^^^^
  File "C:\Users\edmun\Projects\Repositories\healthpartners-interview\.venv\Lib\site-packages\pydantic\main.py", line 193, in __init__
    self.__pydantic_validator__.validate_python(data, self_instance=self)
pydantic_core._pydantic_core.ValidationError: 16 validation errors for Dataset
accessLevel
  Field required [type=missing, input_value={'item': 'theme'}, input_type=dict]
    For further information visit https://errors.pydantic.dev/2.8/v/missing
landingPage
  Field required [type=missing, input_value={'item': 'theme'}, input_type=dict]
    For further information visit https://errors.pydantic.dev/2.8/v/missing
bureauCode
  Field required [type=missing, input_value={'item': 'theme'}, input_type=dict]
    For further information visit https://errors.pydantic.dev/2.8/v/missing
issued
  Field required [type=missing, input_value={'item': 'theme'}, input_type=dict]
    For further information visit https://errors.pydantic.dev/2.8/v/missing
@type
  Field required [type=missing, input_value={'item': 'theme'}, input_type=dict]
    For further information visit https://errors.pydantic.dev/2.8/v/missing
modified
  Field required [type=missing, input_value={'item': 'theme'}, input_type=dict]
    For further information visit https://errors.pydantic.dev/2.8/v/missing
released
  Field required [type=missing, input_value={'item': 'theme'}, input_type=dict]
    For further information visit https://errors.pydantic.dev/2.8/v/missing
keyword
  Field required [type=missing, input_value={'item': 'theme'}, input_type=dict]
    For further information visit https://errors.pydantic.dev/2.8/v/missing
contactPoint
  Field required [type=missing, input_value={'item': 'theme'}, input_type=dict]
    For further information visit https://errors.pydantic.dev/2.8/v/missing
publisher
  Field required [type=missing, input_value={'item': 'theme'}, input_type=dict]
    For further information visit https://errors.pydantic.dev/2.8/v/missing
identifier
  Field required [type=missing, input_value={'item': 'theme'}, input_type=dict]
    For further information visit https://errors.pydantic.dev/2.8/v/missing
description
  Field required [type=missing, input_value={'item': 'theme'}, input_type=dict]
    For further information visit https://errors.pydantic.dev/2.8/v/missing
title
  Field required [type=missing, input_value={'item': 'theme'}, input_type=dict]
    For further information visit https://errors.pydantic.dev/2.8/v/missing
programCode
  Field required [type=missing, input_value={'item': 'theme'}, input_type=dict]
    For further information visit https://errors.pydantic.dev/2.8/v/missing
distribution
  Field required [type=missing, input_value={'item': 'theme'}, input_type=dict]
    For further information visit https://errors.pydantic.dev/2.8/v/missing
theme
  Field required [type=missing, input_value={'item': 'theme'}, input_type=dict]
    For further information visit https://errors.pydantic.dev/2.8/v/missing
2024-08-23 12:40:38 - ERROR - Validation error for dataset: Unknown title
Traceback (most recent call last):
  File "C:\Users\edmun\Projects\Repositories\healthpartners-interview\src\healthpartners_interview\download.py", line 31, in fetch_datasets
    dataset = Dataset(**current_item)
              ^^^^^^^^^^^^^^^^^^^^^^^
  File "C:\Users\edmun\Projects\Repositories\healthpartners-interview\.venv\Lib\site-packages\pydantic\main.py", line 193, in __init__
    self.__pydantic_validator__.validate_python(data, self_instance=self)
pydantic_core._pydantic_core.ValidationError: 16 validation errors for Dataset
accessLevel
  Field required [type=missing, input_value={}, input_type=dict]
    For further information visit https://errors.pydantic.dev/2.8/v/missing
landingPage
  Field required [type=missing, input_value={}, input_type=dict]
    For further information visit https://errors.pydantic.dev/2.8/v/missing
bureauCode
  Field required [type=missing, input_value={}, input_type=dict]
    For further information visit https://errors.pydantic.dev/2.8/v/missing
issued
  Field required [type=missing, input_value={}, input_type=dict]
    For further information visit https://errors.pydantic.dev/2.8/v/missing
@type
  Field required [type=missing, input_value={}, input_type=dict]
    For further information visit https://errors.pydantic.dev/2.8/v/missing
modified
  Field required [type=missing, input_value={}, input_type=dict]
    For further information visit https://errors.pydantic.dev/2.8/v/missing
released
  Field required [type=missing, input_value={}, input_type=dict]
    For further information visit https://errors.pydantic.dev/2.8/v/missing
keyword
  Field required [type=missing, input_value={}, input_type=dict]
    For further information visit https://errors.pydantic.dev/2.8/v/missing
contactPoint
  Field required [type=missing, input_value={}, input_type=dict]
    For further information visit https://errors.pydantic.dev/2.8/v/missing
publisher
  Field required [type=missing, input_value={}, input_type=dict]
    For further information visit https://errors.pydantic.dev/2.8/v/missing
identifier
  Field required [type=missing, input_value={}, input_type=dict]
    For further information visit https://errors.pydantic.dev/2.8/v/missing
description
  Field required [type=missing, input_value={}, input_type=dict]
    For further information visit https://errors.pydantic.dev/2.8/v/missing
title
  Field required [type=missing, input_value={}, input_type=dict]
    For further information visit https://errors.pydantic.dev/2.8/v/missing
programCode
  Field required [type=missing, input_value={}, input_type=dict]
    For further information visit https://errors.pydantic.dev/2.8/v/missing
distribution
  Field required [type=missing, input_value={}, input_type=dict]
    For further information visit https://errors.pydantic.dev/2.8/v/missing
theme
  Field required [type=missing, input_value={}, input_type=dict]
    For further information visit https://errors.pydantic.dev/2.8/v/missing
2024-08-23 12:40:38 - ERROR - Validation error for dataset: Unknown title
Traceback (most recent call last):
  File "C:\Users\edmun\Projects\Repositories\healthpartners-interview\src\healthpartners_interview\download.py", line 31, in fetch_datasets
    dataset = Dataset(**current_item)
              ^^^^^^^^^^^^^^^^^^^^^^^
  File "C:\Users\edmun\Projects\Repositories\healthpartners-interview\.venv\Lib\site-packages\pydantic\main.py", line 193, in __init__
    self.__pydantic_validator__.validate_python(data, self_instance=self)
pydantic_core._pydantic_core.ValidationError: 16 validation errors for Dataset
accessLevel
  Field required [type=missing, input_value={}, input_type=dict]
    For further information visit https://errors.pydantic.dev/2.8/v/missing
landingPage
  Field required [type=missing, input_value={}, input_type=dict]
    For further information visit https://errors.pydantic.dev/2.8/v/missing
bureauCode
  Field required [type=missing, input_value={}, input_type=dict]
    For further information visit https://errors.pydantic.dev/2.8/v/missing
issued
  Field required [type=missing, input_value={}, input_type=dict]
    For further information visit https://errors.pydantic.dev/2.8/v/missing
@type
  Field required [type=missing, input_value={}, input_type=dict]
    For further information visit https://errors.pydantic.dev/2.8/v/missing
modified
  Field required [type=missing, input_value={}, input_type=dict]
    For further information visit https://errors.pydantic.dev/2.8/v/missing
released
  Field required [type=missing, input_value={}, input_type=dict]
    For further information visit https://errors.pydantic.dev/2.8/v/missing
keyword
  Field required [type=missing, input_value={}, input_type=dict]
    For further information visit https://errors.pydantic.dev/2.8/v/missing
contactPoint
  Field required [type=missing, input_value={}, input_type=dict]
    For further information visit https://errors.pydantic.dev/2.8/v/missing
publisher
  Field required [type=missing, input_value={}, input_type=dict]
    For further information visit https://errors.pydantic.dev/2.8/v/missing
identifier
  Field required [type=missing, input_value={}, input_type=dict]
    For further information visit https://errors.pydantic.dev/2.8/v/missing
description
  Field required [type=missing, input_value={}, input_type=dict]
    For further information visit https://errors.pydantic.dev/2.8/v/missing
title
  Field required [type=missing, input_value={}, input_type=dict]
    For further information visit https://errors.pydantic.dev/2.8/v/missing
programCode
  Field required [type=missing, input_value={}, input_type=dict]
    For further information visit https://errors.pydantic.dev/2.8/v/missing
distribution
  Field required [type=missing, input_value={}, input_type=dict]
    For further information visit https://errors.pydantic.dev/2.8/v/missing
theme
  Field required [type=missing, input_value={}, input_type=dict]
    For further information visit https://errors.pydantic.dev/2.8/v/missing
2024-08-23 12:40:38 - ERROR - Validation error for dataset: Unknown title
Traceback (most recent call last):
  File "C:\Users\edmun\Projects\Repositories\healthpartners-interview\src\healthpartners_interview\download.py", line 31, in fetch_datasets
    dataset = Dataset(**current_item)
              ^^^^^^^^^^^^^^^^^^^^^^^
  File "C:\Users\edmun\Projects\Repositories\healthpartners-interview\.venv\Lib\site-packages\pydantic\main.py", line 193, in __init__
    self.__pydantic_validator__.validate_python(data, self_instance=self)
pydantic_core._pydantic_core.ValidationError: 16 validation errors for Dataset
accessLevel
  Field required [type=missing, input_value={}, input_type=dict]
    For further information visit https://errors.pydantic.dev/2.8/v/missing
landingPage
  Field required [type=missing, input_value={}, input_type=dict]
    For further information visit https://errors.pydantic.dev/2.8/v/missing
bureauCode
  Field required [type=missing, input_value={}, input_type=dict]
    For further information visit https://errors.pydantic.dev/2.8/v/missing
issued
  Field required [type=missing, input_value={}, input_type=dict]
    For further information visit https://errors.pydantic.dev/2.8/v/missing
@type
  Field required [type=missing, input_value={}, input_type=dict]
    For further information visit https://errors.pydantic.dev/2.8/v/missing
modified
  Field required [type=missing, input_value={}, input_type=dict]
    For further information visit https://errors.pydantic.dev/2.8/v/missing
released
  Field required [type=missing, input_value={}, input_type=dict]
    For further information visit https://errors.pydantic.dev/2.8/v/missing
keyword
  Field required [type=missing, input_value={}, input_type=dict]
    For further information visit https://errors.pydantic.dev/2.8/v/missing
contactPoint
  Field required [type=missing, input_value={}, input_type=dict]
    For further information visit https://errors.pydantic.dev/2.8/v/missing
publisher
  Field required [type=missing, input_value={}, input_type=dict]
    For further information visit https://errors.pydantic.dev/2.8/v/missing
identifier
  Field required [type=missing, input_value={}, input_type=dict]
    For further information visit https://errors.pydantic.dev/2.8/v/missing
description
  Field required [type=missing, input_value={}, input_type=dict]
    For further information visit https://errors.pydantic.dev/2.8/v/missing
title
  Field required [type=missing, input_value={}, input_type=dict]
    For further information visit https://errors.pydantic.dev/2.8/v/missing
programCode
  Field required [type=missing, input_value={}, input_type=dict]
    For further information visit https://errors.pydantic.dev/2.8/v/missing
distribution
  Field required [type=missing, input_value={}, input_type=dict]
    For further information visit https://errors.pydantic.dev/2.8/v/missing
theme
  Field required [type=missing, input_value={}, input_type=dict]
    For further information visit https://errors.pydantic.dev/2.8/v/missing
2024-08-23 12:40:38 - ERROR - Validation error for dataset: Unknown title
Traceback (most recent call last):
  File "C:\Users\edmun\Projects\Repositories\healthpartners-interview\src\healthpartners_interview\download.py", line 31, in fetch_datasets
    dataset = Dataset(**current_item)
              ^^^^^^^^^^^^^^^^^^^^^^^
  File "C:\Users\edmun\Projects\Repositories\healthpartners-interview\.venv\Lib\site-packages\pydantic\main.py", line 193, in __init__
    self.__pydantic_validator__.validate_python(data, self_instance=self)
pydantic_core._pydantic_core.ValidationError: 16 validation errors for Dataset
accessLevel
  Field required [type=missing, input_value={'item': 'theme'}, input_type=dict]
    For further information visit https://errors.pydantic.dev/2.8/v/missing
landingPage
  Field required [type=missing, input_value={'item': 'theme'}, input_type=dict]
    For further information visit https://errors.pydantic.dev/2.8/v/missing
bureauCode
  Field required [type=missing, input_value={'item': 'theme'}, input_type=dict]
    For further information visit https://errors.pydantic.dev/2.8/v/missing
issued
  Field required [type=missing, input_value={'item': 'theme'}, input_type=dict]
    For further information visit https://errors.pydantic.dev/2.8/v/missing
@type
  Field required [type=missing, input_value={'item': 'theme'}, input_type=dict]
    For further information visit https://errors.pydantic.dev/2.8/v/missing
modified
  Field required [type=missing, input_value={'item': 'theme'}, input_type=dict]
    For further information visit https://errors.pydantic.dev/2.8/v/missing
released
  Field required [type=missing, input_value={'item': 'theme'}, input_type=dict]
    For further information visit https://errors.pydantic.dev/2.8/v/missing
keyword
  Field required [type=missing, input_value={'item': 'theme'}, input_type=dict]
    For further information visit https://errors.pydantic.dev/2.8/v/missing
contactPoint
  Field required [type=missing, input_value={'item': 'theme'}, input_type=dict]
    For further information visit https://errors.pydantic.dev/2.8/v/missing
publisher
  Field required [type=missing, input_value={'item': 'theme'}, input_type=dict]
    For further information visit https://errors.pydantic.dev/2.8/v/missing
identifier
  Field required [type=missing, input_value={'item': 'theme'}, input_type=dict]
    For further information visit https://errors.pydantic.dev/2.8/v/missing
description
  Field required [type=missing, input_value={'item': 'theme'}, input_type=dict]
    For further information visit https://errors.pydantic.dev/2.8/v/missing
title
  Field required [type=missing, input_value={'item': 'theme'}, input_type=dict]
    For further information visit https://errors.pydantic.dev/2.8/v/missing
programCode
  Field required [type=missing, input_value={'item': 'theme'}, input_type=dict]
    For further information visit https://errors.pydantic.dev/2.8/v/missing
distribution
  Field required [type=missing, input_value={'item': 'theme'}, input_type=dict]
    For further information visit https://errors.pydantic.dev/2.8/v/missing
theme
  Field required [type=missing, input_value={'item': 'theme'}, input_type=dict]
    For further information visit https://errors.pydantic.dev/2.8/v/missing
2024-08-23 12:40:38 - ERROR - Validation error for dataset: Unknown title
Traceback (most recent call last):
  File "C:\Users\edmun\Projects\Repositories\healthpartners-interview\src\healthpartners_interview\download.py", line 31, in fetch_datasets
    dataset = Dataset(**current_item)
              ^^^^^^^^^^^^^^^^^^^^^^^
  File "C:\Users\edmun\Projects\Repositories\healthpartners-interview\.venv\Lib\site-packages\pydantic\main.py", line 193, in __init__
    self.__pydantic_validator__.validate_python(data, self_instance=self)
pydantic_core._pydantic_core.ValidationError: 16 validation errors for Dataset
accessLevel
  Field required [type=missing, input_value={}, input_type=dict]
    For further information visit https://errors.pydantic.dev/2.8/v/missing
landingPage
  Field required [type=missing, input_value={}, input_type=dict]
    For further information visit https://errors.pydantic.dev/2.8/v/missing
bureauCode
  Field required [type=missing, input_value={}, input_type=dict]
    For further information visit https://errors.pydantic.dev/2.8/v/missing
issued
  Field required [type=missing, input_value={}, input_type=dict]
    For further information visit https://errors.pydantic.dev/2.8/v/missing
@type
  Field required [type=missing, input_value={}, input_type=dict]
    For further information visit https://errors.pydantic.dev/2.8/v/missing
modified
  Field required [type=missing, input_value={}, input_type=dict]
    For further information visit https://errors.pydantic.dev/2.8/v/missing
released
  Field required [type=missing, input_value={}, input_type=dict]
    For further information visit https://errors.pydantic.dev/2.8/v/missing
keyword
  Field required [type=missing, input_value={}, input_type=dict]
    For further information visit https://errors.pydantic.dev/2.8/v/missing
contactPoint
  Field required [type=missing, input_value={}, input_type=dict]
    For further information visit https://errors.pydantic.dev/2.8/v/missing
publisher
  Field required [type=missing, input_value={}, input_type=dict]
    For further information visit https://errors.pydantic.dev/2.8/v/missing
identifier
  Field required [type=missing, input_value={}, input_type=dict]
    For further information visit https://errors.pydantic.dev/2.8/v/missing
description
  Field required [type=missing, input_value={}, input_type=dict]
    For further information visit https://errors.pydantic.dev/2.8/v/missing
title
  Field required [type=missing, input_value={}, input_type=dict]
    For further information visit https://errors.pydantic.dev/2.8/v/missing
programCode
  Field required [type=missing, input_value={}, input_type=dict]
    For further information visit https://errors.pydantic.dev/2.8/v/missing
distribution
  Field required [type=missing, input_value={}, input_type=dict]
    For further information visit https://errors.pydantic.dev/2.8/v/missing
theme
  Field required [type=missing, input_value={}, input_type=dict]
    For further information visit https://errors.pydantic.dev/2.8/v/missing
2024-08-23 12:40:38 - ERROR - Validation error for dataset: Unknown title
Traceback (most recent call last):
  File "C:\Users\edmun\Projects\Repositories\healthpartners-interview\src\healthpartners_interview\download.py", line 31, in fetch_datasets
    dataset = Dataset(**current_item)
              ^^^^^^^^^^^^^^^^^^^^^^^
  File "C:\Users\edmun\Projects\Repositories\healthpartners-interview\.venv\Lib\site-packages\pydantic\main.py", line 193, in __init__
    self.__pydantic_validator__.validate_python(data, self_instance=self)
pydantic_core._pydantic_core.ValidationError: 16 validation errors for Dataset
accessLevel
  Field required [type=missing, input_value={}, input_type=dict]
    For further information visit https://errors.pydantic.dev/2.8/v/missing
landingPage
  Field required [type=missing, input_value={}, input_type=dict]
    For further information visit https://errors.pydantic.dev/2.8/v/missing
bureauCode
  Field required [type=missing, input_value={}, input_type=dict]
    For further information visit https://errors.pydantic.dev/2.8/v/missing
issued
  Field required [type=missing, input_value={}, input_type=dict]
    For further information visit https://errors.pydantic.dev/2.8/v/missing
@type
  Field required [type=missing, input_value={}, input_type=dict]
    For further information visit https://errors.pydantic.dev/2.8/v/missing
modified
  Field required [type=missing, input_value={}, input_type=dict]
    For further information visit https://errors.pydantic.dev/2.8/v/missing
released
  Field required [type=missing, input_value={}, input_type=dict]
    For further information visit https://errors.pydantic.dev/2.8/v/missing
keyword
  Field required [type=missing, input_value={}, input_type=dict]
    For further information visit https://errors.pydantic.dev/2.8/v/missing
contactPoint
  Field required [type=missing, input_value={}, input_type=dict]
    For further information visit https://errors.pydantic.dev/2.8/v/missing
publisher
  Field required [type=missing, input_value={}, input_type=dict]
    For further information visit https://errors.pydantic.dev/2.8/v/missing
identifier
  Field required [type=missing, input_value={}, input_type=dict]
    For further information visit https://errors.pydantic.dev/2.8/v/missing
description
  Field required [type=missing, input_value={}, input_type=dict]
    For further information visit https://errors.pydantic.dev/2.8/v/missing
title
  Field required [type=missing, input_value={}, input_type=dict]
    For further information visit https://errors.pydantic.dev/2.8/v/missing
programCode
  Field required [type=missing, input_value={}, input_type=dict]
    For further information visit https://errors.pydantic.dev/2.8/v/missing
distribution
  Field required [type=missing, input_value={}, input_type=dict]
    For further information visit https://errors.pydantic.dev/2.8/v/missing
theme
  Field required [type=missing, input_value={}, input_type=dict]
    For further information visit https://errors.pydantic.dev/2.8/v/missing
2024-08-23 12:40:38 - ERROR - Validation error for dataset: Unknown title
Traceback (most recent call last):
  File "C:\Users\edmun\Projects\Repositories\healthpartners-interview\src\healthpartners_interview\download.py", line 31, in fetch_datasets
    dataset = Dataset(**current_item)
              ^^^^^^^^^^^^^^^^^^^^^^^
  File "C:\Users\edmun\Projects\Repositories\healthpartners-interview\.venv\Lib\site-packages\pydantic\main.py", line 193, in __init__
    self.__pydantic_validator__.validate_python(data, self_instance=self)
pydantic_core._pydantic_core.ValidationError: 16 validation errors for Dataset
accessLevel
  Field required [type=missing, input_value={}, input_type=dict]
    For further information visit https://errors.pydantic.dev/2.8/v/missing
landingPage
  Field required [type=missing, input_value={}, input_type=dict]
    For further information visit https://errors.pydantic.dev/2.8/v/missing
bureauCode
  Field required [type=missing, input_value={}, input_type=dict]
    For further information visit https://errors.pydantic.dev/2.8/v/missing
issued
  Field required [type=missing, input_value={}, input_type=dict]
    For further information visit https://errors.pydantic.dev/2.8/v/missing
@type
  Field required [type=missing, input_value={}, input_type=dict]
    For further information visit https://errors.pydantic.dev/2.8/v/missing
modified
  Field required [type=missing, input_value={}, input_type=dict]
    For further information visit https://errors.pydantic.dev/2.8/v/missing
released
  Field required [type=missing, input_value={}, input_type=dict]
    For further information visit https://errors.pydantic.dev/2.8/v/missing
keyword
  Field required [type=missing, input_value={}, input_type=dict]
    For further information visit https://errors.pydantic.dev/2.8/v/missing
contactPoint
  Field required [type=missing, input_value={}, input_type=dict]
    For further information visit https://errors.pydantic.dev/2.8/v/missing
publisher
  Field required [type=missing, input_value={}, input_type=dict]
    For further information visit https://errors.pydantic.dev/2.8/v/missing
identifier
  Field required [type=missing, input_value={}, input_type=dict]
    For further information visit https://errors.pydantic.dev/2.8/v/missing
description
  Field required [type=missing, input_value={}, input_type=dict]
    For further information visit https://errors.pydantic.dev/2.8/v/missing
title
  Field required [type=missing, input_value={}, input_type=dict]
    For further information visit https://errors.pydantic.dev/2.8/v/missing
programCode
  Field required [type=missing, input_value={}, input_type=dict]
    For further information visit https://errors.pydantic.dev/2.8/v/missing
distribution
  Field required [type=missing, input_value={}, input_type=dict]
    For further information visit https://errors.pydantic.dev/2.8/v/missing
theme
  Field required [type=missing, input_value={}, input_type=dict]
    For further information visit https://errors.pydantic.dev/2.8/v/missing
2024-08-23 12:40:38 - ERROR - Validation error for dataset: Unknown title
Traceback (most recent call last):
  File "C:\Users\edmun\Projects\Repositories\healthpartners-interview\src\healthpartners_interview\download.py", line 31, in fetch_datasets
    dataset = Dataset(**current_item)
              ^^^^^^^^^^^^^^^^^^^^^^^
  File "C:\Users\edmun\Projects\Repositories\healthpartners-interview\.venv\Lib\site-packages\pydantic\main.py", line 193, in __init__
    self.__pydantic_validator__.validate_python(data, self_instance=self)
pydantic_core._pydantic_core.ValidationError: 16 validation errors for Dataset
accessLevel
  Field required [type=missing, input_value={'item': 'theme'}, input_type=dict]
    For further information visit https://errors.pydantic.dev/2.8/v/missing
landingPage
  Field required [type=missing, input_value={'item': 'theme'}, input_type=dict]
    For further information visit https://errors.pydantic.dev/2.8/v/missing
bureauCode
  Field required [type=missing, input_value={'item': 'theme'}, input_type=dict]
    For further information visit https://errors.pydantic.dev/2.8/v/missing
issued
  Field required [type=missing, input_value={'item': 'theme'}, input_type=dict]
    For further information visit https://errors.pydantic.dev/2.8/v/missing
@type
  Field required [type=missing, input_value={'item': 'theme'}, input_type=dict]
    For further information visit https://errors.pydantic.dev/2.8/v/missing
modified
  Field required [type=missing, input_value={'item': 'theme'}, input_type=dict]
    For further information visit https://errors.pydantic.dev/2.8/v/missing
released
  Field required [type=missing, input_value={'item': 'theme'}, input_type=dict]
    For further information visit https://errors.pydantic.dev/2.8/v/missing
keyword
  Field required [type=missing, input_value={'item': 'theme'}, input_type=dict]
    For further information visit https://errors.pydantic.dev/2.8/v/missing
contactPoint
  Field required [type=missing, input_value={'item': 'theme'}, input_type=dict]
    For further information visit https://errors.pydantic.dev/2.8/v/missing
publisher
  Field required [type=missing, input_value={'item': 'theme'}, input_type=dict]
    For further information visit https://errors.pydantic.dev/2.8/v/missing
identifier
  Field required [type=missing, input_value={'item': 'theme'}, input_type=dict]
    For further information visit https://errors.pydantic.dev/2.8/v/missing
description
  Field required [type=missing, input_value={'item': 'theme'}, input_type=dict]
    For further information visit https://errors.pydantic.dev/2.8/v/missing
title
  Field required [type=missing, input_value={'item': 'theme'}, input_type=dict]
    For further information visit https://errors.pydantic.dev/2.8/v/missing
programCode
  Field required [type=missing, input_value={'item': 'theme'}, input_type=dict]
    For further information visit https://errors.pydantic.dev/2.8/v/missing
distribution
  Field required [type=missing, input_value={'item': 'theme'}, input_type=dict]
    For further information visit https://errors.pydantic.dev/2.8/v/missing
theme
  Field required [type=missing, input_value={'item': 'theme'}, input_type=dict]
    For further information visit https://errors.pydantic.dev/2.8/v/missing
2024-08-23 12:40:38 - ERROR - Validation error for dataset: Unknown title
Traceback (most recent call last):
  File "C:\Users\edmun\Projects\Repositories\healthpartners-interview\src\healthpartners_interview\download.py", line 31, in fetch_datasets
    dataset = Dataset(**current_item)
              ^^^^^^^^^^^^^^^^^^^^^^^
  File "C:\Users\edmun\Projects\Repositories\healthpartners-interview\.venv\Lib\site-packages\pydantic\main.py", line 193, in __init__
    self.__pydantic_validator__.validate_python(data, self_instance=self)
pydantic_core._pydantic_core.ValidationError: 16 validation errors for Dataset
accessLevel
  Field required [type=missing, input_value={}, input_type=dict]
    For further information visit https://errors.pydantic.dev/2.8/v/missing
landingPage
  Field required [type=missing, input_value={}, input_type=dict]
    For further information visit https://errors.pydantic.dev/2.8/v/missing
bureauCode
  Field required [type=missing, input_value={}, input_type=dict]
    For further information visit https://errors.pydantic.dev/2.8/v/missing
issued
  Field required [type=missing, input_value={}, input_type=dict]
    For further information visit https://errors.pydantic.dev/2.8/v/missing
@type
  Field required [type=missing, input_value={}, input_type=dict]
    For further information visit https://errors.pydantic.dev/2.8/v/missing
modified
  Field required [type=missing, input_value={}, input_type=dict]
    For further information visit https://errors.pydantic.dev/2.8/v/missing
released
  Field required [type=missing, input_value={}, input_type=dict]
    For further information visit https://errors.pydantic.dev/2.8/v/missing
keyword
  Field required [type=missing, input_value={}, input_type=dict]
    For further information visit https://errors.pydantic.dev/2.8/v/missing
contactPoint
  Field required [type=missing, input_value={}, input_type=dict]
    For further information visit https://errors.pydantic.dev/2.8/v/missing
publisher
  Field required [type=missing, input_value={}, input_type=dict]
    For further information visit https://errors.pydantic.dev/2.8/v/missing
identifier
  Field required [type=missing, input_value={}, input_type=dict]
    For further information visit https://errors.pydantic.dev/2.8/v/missing
description
  Field required [type=missing, input_value={}, input_type=dict]
    For further information visit https://errors.pydantic.dev/2.8/v/missing
title
  Field required [type=missing, input_value={}, input_type=dict]
    For further information visit https://errors.pydantic.dev/2.8/v/missing
programCode
  Field required [type=missing, input_value={}, input_type=dict]
    For further information visit https://errors.pydantic.dev/2.8/v/missing
distribution
  Field required [type=missing, input_value={}, input_type=dict]
    For further information visit https://errors.pydantic.dev/2.8/v/missing
theme
  Field required [type=missing, input_value={}, input_type=dict]
    For further information visit https://errors.pydantic.dev/2.8/v/missing
2024-08-23 12:40:38 - ERROR - Validation error for dataset: Unknown title
Traceback (most recent call last):
  File "C:\Users\edmun\Projects\Repositories\healthpartners-interview\src\healthpartners_interview\download.py", line 31, in fetch_datasets
    dataset = Dataset(**current_item)
              ^^^^^^^^^^^^^^^^^^^^^^^
  File "C:\Users\edmun\Projects\Repositories\healthpartners-interview\.venv\Lib\site-packages\pydantic\main.py", line 193, in __init__
    self.__pydantic_validator__.validate_python(data, self_instance=self)
pydantic_core._pydantic_core.ValidationError: 16 validation errors for Dataset
accessLevel
  Field required [type=missing, input_value={}, input_type=dict]
    For further information visit https://errors.pydantic.dev/2.8/v/missing
landingPage
  Field required [type=missing, input_value={}, input_type=dict]
    For further information visit https://errors.pydantic.dev/2.8/v/missing
bureauCode
  Field required [type=missing, input_value={}, input_type=dict]
    For further information visit https://errors.pydantic.dev/2.8/v/missing
issued
  Field required [type=missing, input_value={}, input_type=dict]
    For further information visit https://errors.pydantic.dev/2.8/v/missing
@type
  Field required [type=missing, input_value={}, input_type=dict]
    For further information visit https://errors.pydantic.dev/2.8/v/missing
modified
  Field required [type=missing, input_value={}, input_type=dict]
    For further information visit https://errors.pydantic.dev/2.8/v/missing
released
  Field required [type=missing, input_value={}, input_type=dict]
    For further information visit https://errors.pydantic.dev/2.8/v/missing
keyword
  Field required [type=missing, input_value={}, input_type=dict]
    For further information visit https://errors.pydantic.dev/2.8/v/missing
contactPoint
  Field required [type=missing, input_value={}, input_type=dict]
    For further information visit https://errors.pydantic.dev/2.8/v/missing
publisher
  Field required [type=missing, input_value={}, input_type=dict]
    For further information visit https://errors.pydantic.dev/2.8/v/missing
identifier
  Field required [type=missing, input_value={}, input_type=dict]
    For further information visit https://errors.pydantic.dev/2.8/v/missing
description
  Field required [type=missing, input_value={}, input_type=dict]
    For further information visit https://errors.pydantic.dev/2.8/v/missing
title
  Field required [type=missing, input_value={}, input_type=dict]
    For further information visit https://errors.pydantic.dev/2.8/v/missing
programCode
  Field required [type=missing, input_value={}, input_type=dict]
    For further information visit https://errors.pydantic.dev/2.8/v/missing
distribution
  Field required [type=missing, input_value={}, input_type=dict]
    For further information visit https://errors.pydantic.dev/2.8/v/missing
theme
  Field required [type=missing, input_value={}, input_type=dict]
    For further information visit https://errors.pydantic.dev/2.8/v/missing
2024-08-23 12:40:38 - ERROR - Validation error for dataset: Unknown title
Traceback (most recent call last):
  File "C:\Users\edmun\Projects\Repositories\healthpartners-interview\src\healthpartners_interview\download.py", line 31, in fetch_datasets
    dataset = Dataset(**current_item)
              ^^^^^^^^^^^^^^^^^^^^^^^
  File "C:\Users\edmun\Projects\Repositories\healthpartners-interview\.venv\Lib\site-packages\pydantic\main.py", line 193, in __init__
    self.__pydantic_validator__.validate_python(data, self_instance=self)
pydantic_core._pydantic_core.ValidationError: 16 validation errors for Dataset
accessLevel
  Field required [type=missing, input_value={}, input_type=dict]
    For further information visit https://errors.pydantic.dev/2.8/v/missing
landingPage
  Field required [type=missing, input_value={}, input_type=dict]
    For further information visit https://errors.pydantic.dev/2.8/v/missing
bureauCode
  Field required [type=missing, input_value={}, input_type=dict]
    For further information visit https://errors.pydantic.dev/2.8/v/missing
issued
  Field required [type=missing, input_value={}, input_type=dict]
    For further information visit https://errors.pydantic.dev/2.8/v/missing
@type
  Field required [type=missing, input_value={}, input_type=dict]
    For further information visit https://errors.pydantic.dev/2.8/v/missing
modified
  Field required [type=missing, input_value={}, input_type=dict]
    For further information visit https://errors.pydantic.dev/2.8/v/missing
released
  Field required [type=missing, input_value={}, input_type=dict]
    For further information visit https://errors.pydantic.dev/2.8/v/missing
keyword
  Field required [type=missing, input_value={}, input_type=dict]
    For further information visit https://errors.pydantic.dev/2.8/v/missing
contactPoint
  Field required [type=missing, input_value={}, input_type=dict]
    For further information visit https://errors.pydantic.dev/2.8/v/missing
publisher
  Field required [type=missing, input_value={}, input_type=dict]
    For further information visit https://errors.pydantic.dev/2.8/v/missing
identifier
  Field required [type=missing, input_value={}, input_type=dict]
    For further information visit https://errors.pydantic.dev/2.8/v/missing
description
  Field required [type=missing, input_value={}, input_type=dict]
    For further information visit https://errors.pydantic.dev/2.8/v/missing
title
  Field required [type=missing, input_value={}, input_type=dict]
    For further information visit https://errors.pydantic.dev/2.8/v/missing
programCode
  Field required [type=missing, input_value={}, input_type=dict]
    For further information visit https://errors.pydantic.dev/2.8/v/missing
distribution
  Field required [type=missing, input_value={}, input_type=dict]
    For further information visit https://errors.pydantic.dev/2.8/v/missing
theme
  Field required [type=missing, input_value={}, input_type=dict]
    For further information visit https://errors.pydantic.dev/2.8/v/missing
2024-08-23 12:40:38 - ERROR - Validation error for dataset: Unknown title
Traceback (most recent call last):
  File "C:\Users\edmun\Projects\Repositories\healthpartners-interview\src\healthpartners_interview\download.py", line 31, in fetch_datasets
    dataset = Dataset(**current_item)
              ^^^^^^^^^^^^^^^^^^^^^^^
  File "C:\Users\edmun\Projects\Repositories\healthpartners-interview\.venv\Lib\site-packages\pydantic\main.py", line 193, in __init__
    self.__pydantic_validator__.validate_python(data, self_instance=self)
pydantic_core._pydantic_core.ValidationError: 16 validation errors for Dataset
accessLevel
  Field required [type=missing, input_value={'item': 'theme'}, input_type=dict]
    For further information visit https://errors.pydantic.dev/2.8/v/missing
landingPage
  Field required [type=missing, input_value={'item': 'theme'}, input_type=dict]
    For further information visit https://errors.pydantic.dev/2.8/v/missing
bureauCode
  Field required [type=missing, input_value={'item': 'theme'}, input_type=dict]
    For further information visit https://errors.pydantic.dev/2.8/v/missing
issued
  Field required [type=missing, input_value={'item': 'theme'}, input_type=dict]
    For further information visit https://errors.pydantic.dev/2.8/v/missing
@type
  Field required [type=missing, input_value={'item': 'theme'}, input_type=dict]
    For further information visit https://errors.pydantic.dev/2.8/v/missing
modified
  Field required [type=missing, input_value={'item': 'theme'}, input_type=dict]
    For further information visit https://errors.pydantic.dev/2.8/v/missing
released
  Field required [type=missing, input_value={'item': 'theme'}, input_type=dict]
    For further information visit https://errors.pydantic.dev/2.8/v/missing
keyword
  Field required [type=missing, input_value={'item': 'theme'}, input_type=dict]
    For further information visit https://errors.pydantic.dev/2.8/v/missing
contactPoint
  Field required [type=missing, input_value={'item': 'theme'}, input_type=dict]
    For further information visit https://errors.pydantic.dev/2.8/v/missing
publisher
  Field required [type=missing, input_value={'item': 'theme'}, input_type=dict]
    For further information visit https://errors.pydantic.dev/2.8/v/missing
identifier
  Field required [type=missing, input_value={'item': 'theme'}, input_type=dict]
    For further information visit https://errors.pydantic.dev/2.8/v/missing
description
  Field required [type=missing, input_value={'item': 'theme'}, input_type=dict]
    For further information visit https://errors.pydantic.dev/2.8/v/missing
title
  Field required [type=missing, input_value={'item': 'theme'}, input_type=dict]
    For further information visit https://errors.pydantic.dev/2.8/v/missing
programCode
  Field required [type=missing, input_value={'item': 'theme'}, input_type=dict]
    For further information visit https://errors.pydantic.dev/2.8/v/missing
distribution
  Field required [type=missing, input_value={'item': 'theme'}, input_type=dict]
    For further information visit https://errors.pydantic.dev/2.8/v/missing
theme
  Field required [type=missing, input_value={'item': 'theme'}, input_type=dict]
    For further information visit https://errors.pydantic.dev/2.8/v/missing
2024-08-23 12:40:38 - ERROR - Validation error for dataset: Unknown title
Traceback (most recent call last):
  File "C:\Users\edmun\Projects\Repositories\healthpartners-interview\src\healthpartners_interview\download.py", line 31, in fetch_datasets
    dataset = Dataset(**current_item)
              ^^^^^^^^^^^^^^^^^^^^^^^
  File "C:\Users\edmun\Projects\Repositories\healthpartners-interview\.venv\Lib\site-packages\pydantic\main.py", line 193, in __init__
    self.__pydantic_validator__.validate_python(data, self_instance=self)
pydantic_core._pydantic_core.ValidationError: 16 validation errors for Dataset
accessLevel
  Field required [type=missing, input_value={}, input_type=dict]
    For further information visit https://errors.pydantic.dev/2.8/v/missing
landingPage
  Field required [type=missing, input_value={}, input_type=dict]
    For further information visit https://errors.pydantic.dev/2.8/v/missing
bureauCode
  Field required [type=missing, input_value={}, input_type=dict]
    For further information visit https://errors.pydantic.dev/2.8/v/missing
issued
  Field required [type=missing, input_value={}, input_type=dict]
    For further information visit https://errors.pydantic.dev/2.8/v/missing
@type
  Field required [type=missing, input_value={}, input_type=dict]
    For further information visit https://errors.pydantic.dev/2.8/v/missing
modified
  Field required [type=missing, input_value={}, input_type=dict]
    For further information visit https://errors.pydantic.dev/2.8/v/missing
released
  Field required [type=missing, input_value={}, input_type=dict]
    For further information visit https://errors.pydantic.dev/2.8/v/missing
keyword
  Field required [type=missing, input_value={}, input_type=dict]
    For further information visit https://errors.pydantic.dev/2.8/v/missing
contactPoint
  Field required [type=missing, input_value={}, input_type=dict]
    For further information visit https://errors.pydantic.dev/2.8/v/missing
publisher
  Field required [type=missing, input_value={}, input_type=dict]
    For further information visit https://errors.pydantic.dev/2.8/v/missing
identifier
  Field required [type=missing, input_value={}, input_type=dict]
    For further information visit https://errors.pydantic.dev/2.8/v/missing
description
  Field required [type=missing, input_value={}, input_type=dict]
    For further information visit https://errors.pydantic.dev/2.8/v/missing
title
  Field required [type=missing, input_value={}, input_type=dict]
    For further information visit https://errors.pydantic.dev/2.8/v/missing
programCode
  Field required [type=missing, input_value={}, input_type=dict]
    For further information visit https://errors.pydantic.dev/2.8/v/missing
distribution
  Field required [type=missing, input_value={}, input_type=dict]
    For further information visit https://errors.pydantic.dev/2.8/v/missing
theme
  Field required [type=missing, input_value={}, input_type=dict]
    For further information visit https://errors.pydantic.dev/2.8/v/missing
2024-08-23 12:40:38 - ERROR - Validation error for dataset: Unknown title
Traceback (most recent call last):
  File "C:\Users\edmun\Projects\Repositories\healthpartners-interview\src\healthpartners_interview\download.py", line 31, in fetch_datasets
    dataset = Dataset(**current_item)
              ^^^^^^^^^^^^^^^^^^^^^^^
  File "C:\Users\edmun\Projects\Repositories\healthpartners-interview\.venv\Lib\site-packages\pydantic\main.py", line 193, in __init__
    self.__pydantic_validator__.validate_python(data, self_instance=self)
pydantic_core._pydantic_core.ValidationError: 16 validation errors for Dataset
accessLevel
  Field required [type=missing, input_value={}, input_type=dict]
    For further information visit https://errors.pydantic.dev/2.8/v/missing
landingPage
  Field required [type=missing, input_value={}, input_type=dict]
    For further information visit https://errors.pydantic.dev/2.8/v/missing
bureauCode
  Field required [type=missing, input_value={}, input_type=dict]
    For further information visit https://errors.pydantic.dev/2.8/v/missing
issued
  Field required [type=missing, input_value={}, input_type=dict]
    For further information visit https://errors.pydantic.dev/2.8/v/missing
@type
  Field required [type=missing, input_value={}, input_type=dict]
    For further information visit https://errors.pydantic.dev/2.8/v/missing
modified
  Field required [type=missing, input_value={}, input_type=dict]
    For further information visit https://errors.pydantic.dev/2.8/v/missing
released
  Field required [type=missing, input_value={}, input_type=dict]
    For further information visit https://errors.pydantic.dev/2.8/v/missing
keyword
  Field required [type=missing, input_value={}, input_type=dict]
    For further information visit https://errors.pydantic.dev/2.8/v/missing
contactPoint
  Field required [type=missing, input_value={}, input_type=dict]
    For further information visit https://errors.pydantic.dev/2.8/v/missing
publisher
  Field required [type=missing, input_value={}, input_type=dict]
    For further information visit https://errors.pydantic.dev/2.8/v/missing
identifier
  Field required [type=missing, input_value={}, input_type=dict]
    For further information visit https://errors.pydantic.dev/2.8/v/missing
description
  Field required [type=missing, input_value={}, input_type=dict]
    For further information visit https://errors.pydantic.dev/2.8/v/missing
title
  Field required [type=missing, input_value={}, input_type=dict]
    For further information visit https://errors.pydantic.dev/2.8/v/missing
programCode
  Field required [type=missing, input_value={}, input_type=dict]
    For further information visit https://errors.pydantic.dev/2.8/v/missing
distribution
  Field required [type=missing, input_value={}, input_type=dict]
    For further information visit https://errors.pydantic.dev/2.8/v/missing
theme
  Field required [type=missing, input_value={}, input_type=dict]
    For further information visit https://errors.pydantic.dev/2.8/v/missing
2024-08-23 12:40:38 - ERROR - Validation error for dataset: Unknown title
Traceback (most recent call last):
  File "C:\Users\edmun\Projects\Repositories\healthpartners-interview\src\healthpartners_interview\download.py", line 31, in fetch_datasets
    dataset = Dataset(**current_item)
              ^^^^^^^^^^^^^^^^^^^^^^^
  File "C:\Users\edmun\Projects\Repositories\healthpartners-interview\.venv\Lib\site-packages\pydantic\main.py", line 193, in __init__
    self.__pydantic_validator__.validate_python(data, self_instance=self)
pydantic_core._pydantic_core.ValidationError: 16 validation errors for Dataset
accessLevel
  Field required [type=missing, input_value={}, input_type=dict]
    For further information visit https://errors.pydantic.dev/2.8/v/missing
landingPage
  Field required [type=missing, input_value={}, input_type=dict]
    For further information visit https://errors.pydantic.dev/2.8/v/missing
bureauCode
  Field required [type=missing, input_value={}, input_type=dict]
    For further information visit https://errors.pydantic.dev/2.8/v/missing
issued
  Field required [type=missing, input_value={}, input_type=dict]
    For further information visit https://errors.pydantic.dev/2.8/v/missing
@type
  Field required [type=missing, input_value={}, input_type=dict]
    For further information visit https://errors.pydantic.dev/2.8/v/missing
modified
  Field required [type=missing, input_value={}, input_type=dict]
    For further information visit https://errors.pydantic.dev/2.8/v/missing
released
  Field required [type=missing, input_value={}, input_type=dict]
    For further information visit https://errors.pydantic.dev/2.8/v/missing
keyword
  Field required [type=missing, input_value={}, input_type=dict]
    For further information visit https://errors.pydantic.dev/2.8/v/missing
contactPoint
  Field required [type=missing, input_value={}, input_type=dict]
    For further information visit https://errors.pydantic.dev/2.8/v/missing
publisher
  Field required [type=missing, input_value={}, input_type=dict]
    For further information visit https://errors.pydantic.dev/2.8/v/missing
identifier
  Field required [type=missing, input_value={}, input_type=dict]
    For further information visit https://errors.pydantic.dev/2.8/v/missing
description
  Field required [type=missing, input_value={}, input_type=dict]
    For further information visit https://errors.pydantic.dev/2.8/v/missing
title
  Field required [type=missing, input_value={}, input_type=dict]
    For further information visit https://errors.pydantic.dev/2.8/v/missing
programCode
  Field required [type=missing, input_value={}, input_type=dict]
    For further information visit https://errors.pydantic.dev/2.8/v/missing
distribution
  Field required [type=missing, input_value={}, input_type=dict]
    For further information visit https://errors.pydantic.dev/2.8/v/missing
theme
  Field required [type=missing, input_value={}, input_type=dict]
    For further information visit https://errors.pydantic.dev/2.8/v/missing
2024-08-23 12:40:38 - ERROR - Validation error for dataset: Unknown title
Traceback (most recent call last):
  File "C:\Users\edmun\Projects\Repositories\healthpartners-interview\src\healthpartners_interview\download.py", line 31, in fetch_datasets
    dataset = Dataset(**current_item)
              ^^^^^^^^^^^^^^^^^^^^^^^
  File "C:\Users\edmun\Projects\Repositories\healthpartners-interview\.venv\Lib\site-packages\pydantic\main.py", line 193, in __init__
    self.__pydantic_validator__.validate_python(data, self_instance=self)
pydantic_core._pydantic_core.ValidationError: 16 validation errors for Dataset
accessLevel
  Field required [type=missing, input_value={'item': 'theme'}, input_type=dict]
    For further information visit https://errors.pydantic.dev/2.8/v/missing
landingPage
  Field required [type=missing, input_value={'item': 'theme'}, input_type=dict]
    For further information visit https://errors.pydantic.dev/2.8/v/missing
bureauCode
  Field required [type=missing, input_value={'item': 'theme'}, input_type=dict]
    For further information visit https://errors.pydantic.dev/2.8/v/missing
issued
  Field required [type=missing, input_value={'item': 'theme'}, input_type=dict]
    For further information visit https://errors.pydantic.dev/2.8/v/missing
@type
  Field required [type=missing, input_value={'item': 'theme'}, input_type=dict]
    For further information visit https://errors.pydantic.dev/2.8/v/missing
modified
  Field required [type=missing, input_value={'item': 'theme'}, input_type=dict]
    For further information visit https://errors.pydantic.dev/2.8/v/missing
released
  Field required [type=missing, input_value={'item': 'theme'}, input_type=dict]
    For further information visit https://errors.pydantic.dev/2.8/v/missing
keyword
  Field required [type=missing, input_value={'item': 'theme'}, input_type=dict]
    For further information visit https://errors.pydantic.dev/2.8/v/missing
contactPoint
  Field required [type=missing, input_value={'item': 'theme'}, input_type=dict]
    For further information visit https://errors.pydantic.dev/2.8/v/missing
publisher
  Field required [type=missing, input_value={'item': 'theme'}, input_type=dict]
    For further information visit https://errors.pydantic.dev/2.8/v/missing
identifier
  Field required [type=missing, input_value={'item': 'theme'}, input_type=dict]
    For further information visit https://errors.pydantic.dev/2.8/v/missing
description
  Field required [type=missing, input_value={'item': 'theme'}, input_type=dict]
    For further information visit https://errors.pydantic.dev/2.8/v/missing
title
  Field required [type=missing, input_value={'item': 'theme'}, input_type=dict]
    For further information visit https://errors.pydantic.dev/2.8/v/missing
programCode
  Field required [type=missing, input_value={'item': 'theme'}, input_type=dict]
    For further information visit https://errors.pydantic.dev/2.8/v/missing
distribution
  Field required [type=missing, input_value={'item': 'theme'}, input_type=dict]
    For further information visit https://errors.pydantic.dev/2.8/v/missing
theme
  Field required [type=missing, input_value={'item': 'theme'}, input_type=dict]
    For further information visit https://errors.pydantic.dev/2.8/v/missing
2024-08-23 12:40:38 - ERROR - Validation error for dataset: Unknown title
Traceback (most recent call last):
  File "C:\Users\edmun\Projects\Repositories\healthpartners-interview\src\healthpartners_interview\download.py", line 31, in fetch_datasets
    dataset = Dataset(**current_item)
              ^^^^^^^^^^^^^^^^^^^^^^^
  File "C:\Users\edmun\Projects\Repositories\healthpartners-interview\.venv\Lib\site-packages\pydantic\main.py", line 193, in __init__
    self.__pydantic_validator__.validate_python(data, self_instance=self)
pydantic_core._pydantic_core.ValidationError: 16 validation errors for Dataset
accessLevel
  Field required [type=missing, input_value={}, input_type=dict]
    For further information visit https://errors.pydantic.dev/2.8/v/missing
landingPage
  Field required [type=missing, input_value={}, input_type=dict]
    For further information visit https://errors.pydantic.dev/2.8/v/missing
bureauCode
  Field required [type=missing, input_value={}, input_type=dict]
    For further information visit https://errors.pydantic.dev/2.8/v/missing
issued
  Field required [type=missing, input_value={}, input_type=dict]
    For further information visit https://errors.pydantic.dev/2.8/v/missing
@type
  Field required [type=missing, input_value={}, input_type=dict]
    For further information visit https://errors.pydantic.dev/2.8/v/missing
modified
  Field required [type=missing, input_value={}, input_type=dict]
    For further information visit https://errors.pydantic.dev/2.8/v/missing
released
  Field required [type=missing, input_value={}, input_type=dict]
    For further information visit https://errors.pydantic.dev/2.8/v/missing
keyword
  Field required [type=missing, input_value={}, input_type=dict]
    For further information visit https://errors.pydantic.dev/2.8/v/missing
contactPoint
  Field required [type=missing, input_value={}, input_type=dict]
    For further information visit https://errors.pydantic.dev/2.8/v/missing
publisher
  Field required [type=missing, input_value={}, input_type=dict]
    For further information visit https://errors.pydantic.dev/2.8/v/missing
identifier
  Field required [type=missing, input_value={}, input_type=dict]
    For further information visit https://errors.pydantic.dev/2.8/v/missing
description
  Field required [type=missing, input_value={}, input_type=dict]
    For further information visit https://errors.pydantic.dev/2.8/v/missing
title
  Field required [type=missing, input_value={}, input_type=dict]
    For further information visit https://errors.pydantic.dev/2.8/v/missing
programCode
  Field required [type=missing, input_value={}, input_type=dict]
    For further information visit https://errors.pydantic.dev/2.8/v/missing
distribution
  Field required [type=missing, input_value={}, input_type=dict]
    For further information visit https://errors.pydantic.dev/2.8/v/missing
theme
  Field required [type=missing, input_value={}, input_type=dict]
    For further information visit https://errors.pydantic.dev/2.8/v/missing
2024-08-23 12:40:38 - ERROR - Validation error for dataset: Unknown title
Traceback (most recent call last):
  File "C:\Users\edmun\Projects\Repositories\healthpartners-interview\src\healthpartners_interview\download.py", line 31, in fetch_datasets
    dataset = Dataset(**current_item)
              ^^^^^^^^^^^^^^^^^^^^^^^
  File "C:\Users\edmun\Projects\Repositories\healthpartners-interview\.venv\Lib\site-packages\pydantic\main.py", line 193, in __init__
    self.__pydantic_validator__.validate_python(data, self_instance=self)
pydantic_core._pydantic_core.ValidationError: 16 validation errors for Dataset
accessLevel
  Field required [type=missing, input_value={}, input_type=dict]
    For further information visit https://errors.pydantic.dev/2.8/v/missing
landingPage
  Field required [type=missing, input_value={}, input_type=dict]
    For further information visit https://errors.pydantic.dev/2.8/v/missing
bureauCode
  Field required [type=missing, input_value={}, input_type=dict]
    For further information visit https://errors.pydantic.dev/2.8/v/missing
issued
  Field required [type=missing, input_value={}, input_type=dict]
    For further information visit https://errors.pydantic.dev/2.8/v/missing
@type
  Field required [type=missing, input_value={}, input_type=dict]
    For further information visit https://errors.pydantic.dev/2.8/v/missing
modified
  Field required [type=missing, input_value={}, input_type=dict]
    For further information visit https://errors.pydantic.dev/2.8/v/missing
released
  Field required [type=missing, input_value={}, input_type=dict]
    For further information visit https://errors.pydantic.dev/2.8/v/missing
keyword
  Field required [type=missing, input_value={}, input_type=dict]
    For further information visit https://errors.pydantic.dev/2.8/v/missing
contactPoint
  Field required [type=missing, input_value={}, input_type=dict]
    For further information visit https://errors.pydantic.dev/2.8/v/missing
publisher
  Field required [type=missing, input_value={}, input_type=dict]
    For further information visit https://errors.pydantic.dev/2.8/v/missing
identifier
  Field required [type=missing, input_value={}, input_type=dict]
    For further information visit https://errors.pydantic.dev/2.8/v/missing
description
  Field required [type=missing, input_value={}, input_type=dict]
    For further information visit https://errors.pydantic.dev/2.8/v/missing
title
  Field required [type=missing, input_value={}, input_type=dict]
    For further information visit https://errors.pydantic.dev/2.8/v/missing
programCode
  Field required [type=missing, input_value={}, input_type=dict]
    For further information visit https://errors.pydantic.dev/2.8/v/missing
distribution
  Field required [type=missing, input_value={}, input_type=dict]
    For further information visit https://errors.pydantic.dev/2.8/v/missing
theme
  Field required [type=missing, input_value={}, input_type=dict]
    For further information visit https://errors.pydantic.dev/2.8/v/missing
2024-08-23 12:40:38 - ERROR - Validation error for dataset: Unknown title
Traceback (most recent call last):
  File "C:\Users\edmun\Projects\Repositories\healthpartners-interview\src\healthpartners_interview\download.py", line 31, in fetch_datasets
    dataset = Dataset(**current_item)
              ^^^^^^^^^^^^^^^^^^^^^^^
  File "C:\Users\edmun\Projects\Repositories\healthpartners-interview\.venv\Lib\site-packages\pydantic\main.py", line 193, in __init__
    self.__pydantic_validator__.validate_python(data, self_instance=self)
pydantic_core._pydantic_core.ValidationError: 16 validation errors for Dataset
accessLevel
  Field required [type=missing, input_value={}, input_type=dict]
    For further information visit https://errors.pydantic.dev/2.8/v/missing
landingPage
  Field required [type=missing, input_value={}, input_type=dict]
    For further information visit https://errors.pydantic.dev/2.8/v/missing
bureauCode
  Field required [type=missing, input_value={}, input_type=dict]
    For further information visit https://errors.pydantic.dev/2.8/v/missing
issued
  Field required [type=missing, input_value={}, input_type=dict]
    For further information visit https://errors.pydantic.dev/2.8/v/missing
@type
  Field required [type=missing, input_value={}, input_type=dict]
    For further information visit https://errors.pydantic.dev/2.8/v/missing
modified
  Field required [type=missing, input_value={}, input_type=dict]
    For further information visit https://errors.pydantic.dev/2.8/v/missing
released
  Field required [type=missing, input_value={}, input_type=dict]
    For further information visit https://errors.pydantic.dev/2.8/v/missing
keyword
  Field required [type=missing, input_value={}, input_type=dict]
    For further information visit https://errors.pydantic.dev/2.8/v/missing
contactPoint
  Field required [type=missing, input_value={}, input_type=dict]
    For further information visit https://errors.pydantic.dev/2.8/v/missing
publisher
  Field required [type=missing, input_value={}, input_type=dict]
    For further information visit https://errors.pydantic.dev/2.8/v/missing
identifier
  Field required [type=missing, input_value={}, input_type=dict]
    For further information visit https://errors.pydantic.dev/2.8/v/missing
description
  Field required [type=missing, input_value={}, input_type=dict]
    For further information visit https://errors.pydantic.dev/2.8/v/missing
title
  Field required [type=missing, input_value={}, input_type=dict]
    For further information visit https://errors.pydantic.dev/2.8/v/missing
programCode
  Field required [type=missing, input_value={}, input_type=dict]
    For further information visit https://errors.pydantic.dev/2.8/v/missing
distribution
  Field required [type=missing, input_value={}, input_type=dict]
    For further information visit https://errors.pydantic.dev/2.8/v/missing
theme
  Field required [type=missing, input_value={}, input_type=dict]
    For further information visit https://errors.pydantic.dev/2.8/v/missing
2024-08-23 12:40:38 - ERROR - Validation error for dataset: Unknown title
Traceback (most recent call last):
  File "C:\Users\edmun\Projects\Repositories\healthpartners-interview\src\healthpartners_interview\download.py", line 31, in fetch_datasets
    dataset = Dataset(**current_item)
              ^^^^^^^^^^^^^^^^^^^^^^^
  File "C:\Users\edmun\Projects\Repositories\healthpartners-interview\.venv\Lib\site-packages\pydantic\main.py", line 193, in __init__
    self.__pydantic_validator__.validate_python(data, self_instance=self)
pydantic_core._pydantic_core.ValidationError: 16 validation errors for Dataset
accessLevel
  Field required [type=missing, input_value={'item': 'theme'}, input_type=dict]
    For further information visit https://errors.pydantic.dev/2.8/v/missing
landingPage
  Field required [type=missing, input_value={'item': 'theme'}, input_type=dict]
    For further information visit https://errors.pydantic.dev/2.8/v/missing
bureauCode
  Field required [type=missing, input_value={'item': 'theme'}, input_type=dict]
    For further information visit https://errors.pydantic.dev/2.8/v/missing
issued
  Field required [type=missing, input_value={'item': 'theme'}, input_type=dict]
    For further information visit https://errors.pydantic.dev/2.8/v/missing
@type
  Field required [type=missing, input_value={'item': 'theme'}, input_type=dict]
    For further information visit https://errors.pydantic.dev/2.8/v/missing
modified
  Field required [type=missing, input_value={'item': 'theme'}, input_type=dict]
    For further information visit https://errors.pydantic.dev/2.8/v/missing
released
  Field required [type=missing, input_value={'item': 'theme'}, input_type=dict]
    For further information visit https://errors.pydantic.dev/2.8/v/missing
keyword
  Field required [type=missing, input_value={'item': 'theme'}, input_type=dict]
    For further information visit https://errors.pydantic.dev/2.8/v/missing
contactPoint
  Field required [type=missing, input_value={'item': 'theme'}, input_type=dict]
    For further information visit https://errors.pydantic.dev/2.8/v/missing
publisher
  Field required [type=missing, input_value={'item': 'theme'}, input_type=dict]
    For further information visit https://errors.pydantic.dev/2.8/v/missing
identifier
  Field required [type=missing, input_value={'item': 'theme'}, input_type=dict]
    For further information visit https://errors.pydantic.dev/2.8/v/missing
description
  Field required [type=missing, input_value={'item': 'theme'}, input_type=dict]
    For further information visit https://errors.pydantic.dev/2.8/v/missing
title
  Field required [type=missing, input_value={'item': 'theme'}, input_type=dict]
    For further information visit https://errors.pydantic.dev/2.8/v/missing
programCode
  Field required [type=missing, input_value={'item': 'theme'}, input_type=dict]
    For further information visit https://errors.pydantic.dev/2.8/v/missing
distribution
  Field required [type=missing, input_value={'item': 'theme'}, input_type=dict]
    For further information visit https://errors.pydantic.dev/2.8/v/missing
theme
  Field required [type=missing, input_value={'item': 'theme'}, input_type=dict]
    For further information visit https://errors.pydantic.dev/2.8/v/missing
2024-08-23 12:40:38 - ERROR - Validation error for dataset: Unknown title
Traceback (most recent call last):
  File "C:\Users\edmun\Projects\Repositories\healthpartners-interview\src\healthpartners_interview\download.py", line 31, in fetch_datasets
    dataset = Dataset(**current_item)
              ^^^^^^^^^^^^^^^^^^^^^^^
  File "C:\Users\edmun\Projects\Repositories\healthpartners-interview\.venv\Lib\site-packages\pydantic\main.py", line 193, in __init__
    self.__pydantic_validator__.validate_python(data, self_instance=self)
pydantic_core._pydantic_core.ValidationError: 16 validation errors for Dataset
accessLevel
  Field required [type=missing, input_value={}, input_type=dict]
    For further information visit https://errors.pydantic.dev/2.8/v/missing
landingPage
  Field required [type=missing, input_value={}, input_type=dict]
    For further information visit https://errors.pydantic.dev/2.8/v/missing
bureauCode
  Field required [type=missing, input_value={}, input_type=dict]
    For further information visit https://errors.pydantic.dev/2.8/v/missing
issued
  Field required [type=missing, input_value={}, input_type=dict]
    For further information visit https://errors.pydantic.dev/2.8/v/missing
@type
  Field required [type=missing, input_value={}, input_type=dict]
    For further information visit https://errors.pydantic.dev/2.8/v/missing
modified
  Field required [type=missing, input_value={}, input_type=dict]
    For further information visit https://errors.pydantic.dev/2.8/v/missing
released
  Field required [type=missing, input_value={}, input_type=dict]
    For further information visit https://errors.pydantic.dev/2.8/v/missing
keyword
  Field required [type=missing, input_value={}, input_type=dict]
    For further information visit https://errors.pydantic.dev/2.8/v/missing
contactPoint
  Field required [type=missing, input_value={}, input_type=dict]
    For further information visit https://errors.pydantic.dev/2.8/v/missing
publisher
  Field required [type=missing, input_value={}, input_type=dict]
    For further information visit https://errors.pydantic.dev/2.8/v/missing
identifier
  Field required [type=missing, input_value={}, input_type=dict]
    For further information visit https://errors.pydantic.dev/2.8/v/missing
description
  Field required [type=missing, input_value={}, input_type=dict]
    For further information visit https://errors.pydantic.dev/2.8/v/missing
title
  Field required [type=missing, input_value={}, input_type=dict]
    For further information visit https://errors.pydantic.dev/2.8/v/missing
programCode
  Field required [type=missing, input_value={}, input_type=dict]
    For further information visit https://errors.pydantic.dev/2.8/v/missing
distribution
  Field required [type=missing, input_value={}, input_type=dict]
    For further information visit https://errors.pydantic.dev/2.8/v/missing
theme
  Field required [type=missing, input_value={}, input_type=dict]
    For further information visit https://errors.pydantic.dev/2.8/v/missing
2024-08-23 12:40:38 - ERROR - Validation error for dataset: Unknown title
Traceback (most recent call last):
  File "C:\Users\edmun\Projects\Repositories\healthpartners-interview\src\healthpartners_interview\download.py", line 31, in fetch_datasets
    dataset = Dataset(**current_item)
              ^^^^^^^^^^^^^^^^^^^^^^^
  File "C:\Users\edmun\Projects\Repositories\healthpartners-interview\.venv\Lib\site-packages\pydantic\main.py", line 193, in __init__
    self.__pydantic_validator__.validate_python(data, self_instance=self)
pydantic_core._pydantic_core.ValidationError: 16 validation errors for Dataset
accessLevel
  Field required [type=missing, input_value={}, input_type=dict]
    For further information visit https://errors.pydantic.dev/2.8/v/missing
landingPage
  Field required [type=missing, input_value={}, input_type=dict]
    For further information visit https://errors.pydantic.dev/2.8/v/missing
bureauCode
  Field required [type=missing, input_value={}, input_type=dict]
    For further information visit https://errors.pydantic.dev/2.8/v/missing
issued
  Field required [type=missing, input_value={}, input_type=dict]
    For further information visit https://errors.pydantic.dev/2.8/v/missing
@type
  Field required [type=missing, input_value={}, input_type=dict]
    For further information visit https://errors.pydantic.dev/2.8/v/missing
modified
  Field required [type=missing, input_value={}, input_type=dict]
    For further information visit https://errors.pydantic.dev/2.8/v/missing
released
  Field required [type=missing, input_value={}, input_type=dict]
    For further information visit https://errors.pydantic.dev/2.8/v/missing
keyword
  Field required [type=missing, input_value={}, input_type=dict]
    For further information visit https://errors.pydantic.dev/2.8/v/missing
contactPoint
  Field required [type=missing, input_value={}, input_type=dict]
    For further information visit https://errors.pydantic.dev/2.8/v/missing
publisher
  Field required [type=missing, input_value={}, input_type=dict]
    For further information visit https://errors.pydantic.dev/2.8/v/missing
identifier
  Field required [type=missing, input_value={}, input_type=dict]
    For further information visit https://errors.pydantic.dev/2.8/v/missing
description
  Field required [type=missing, input_value={}, input_type=dict]
    For further information visit https://errors.pydantic.dev/2.8/v/missing
title
  Field required [type=missing, input_value={}, input_type=dict]
    For further information visit https://errors.pydantic.dev/2.8/v/missing
programCode
  Field required [type=missing, input_value={}, input_type=dict]
    For further information visit https://errors.pydantic.dev/2.8/v/missing
distribution
  Field required [type=missing, input_value={}, input_type=dict]
    For further information visit https://errors.pydantic.dev/2.8/v/missing
theme
  Field required [type=missing, input_value={}, input_type=dict]
    For further information visit https://errors.pydantic.dev/2.8/v/missing
2024-08-23 12:40:38 - ERROR - Validation error for dataset: Unknown title
Traceback (most recent call last):
  File "C:\Users\edmun\Projects\Repositories\healthpartners-interview\src\healthpartners_interview\download.py", line 31, in fetch_datasets
    dataset = Dataset(**current_item)
              ^^^^^^^^^^^^^^^^^^^^^^^
  File "C:\Users\edmun\Projects\Repositories\healthpartners-interview\.venv\Lib\site-packages\pydantic\main.py", line 193, in __init__
    self.__pydantic_validator__.validate_python(data, self_instance=self)
pydantic_core._pydantic_core.ValidationError: 16 validation errors for Dataset
accessLevel
  Field required [type=missing, input_value={}, input_type=dict]
    For further information visit https://errors.pydantic.dev/2.8/v/missing
landingPage
  Field required [type=missing, input_value={}, input_type=dict]
    For further information visit https://errors.pydantic.dev/2.8/v/missing
bureauCode
  Field required [type=missing, input_value={}, input_type=dict]
    For further information visit https://errors.pydantic.dev/2.8/v/missing
issued
  Field required [type=missing, input_value={}, input_type=dict]
    For further information visit https://errors.pydantic.dev/2.8/v/missing
@type
  Field required [type=missing, input_value={}, input_type=dict]
    For further information visit https://errors.pydantic.dev/2.8/v/missing
modified
  Field required [type=missing, input_value={}, input_type=dict]
    For further information visit https://errors.pydantic.dev/2.8/v/missing
released
  Field required [type=missing, input_value={}, input_type=dict]
    For further information visit https://errors.pydantic.dev/2.8/v/missing
keyword
  Field required [type=missing, input_value={}, input_type=dict]
    For further information visit https://errors.pydantic.dev/2.8/v/missing
contactPoint
  Field required [type=missing, input_value={}, input_type=dict]
    For further information visit https://errors.pydantic.dev/2.8/v/missing
publisher
  Field required [type=missing, input_value={}, input_type=dict]
    For further information visit https://errors.pydantic.dev/2.8/v/missing
identifier
  Field required [type=missing, input_value={}, input_type=dict]
    For further information visit https://errors.pydantic.dev/2.8/v/missing
description
  Field required [type=missing, input_value={}, input_type=dict]
    For further information visit https://errors.pydantic.dev/2.8/v/missing
title
  Field required [type=missing, input_value={}, input_type=dict]
    For further information visit https://errors.pydantic.dev/2.8/v/missing
programCode
  Field required [type=missing, input_value={}, input_type=dict]
    For further information visit https://errors.pydantic.dev/2.8/v/missing
distribution
  Field required [type=missing, input_value={}, input_type=dict]
    For further information visit https://errors.pydantic.dev/2.8/v/missing
theme
  Field required [type=missing, input_value={}, input_type=dict]
    For further information visit https://errors.pydantic.dev/2.8/v/missing
2024-08-23 12:40:38 - ERROR - Validation error for dataset: Unknown title
Traceback (most recent call last):
  File "C:\Users\edmun\Projects\Repositories\healthpartners-interview\src\healthpartners_interview\download.py", line 31, in fetch_datasets
    dataset = Dataset(**current_item)
              ^^^^^^^^^^^^^^^^^^^^^^^
  File "C:\Users\edmun\Projects\Repositories\healthpartners-interview\.venv\Lib\site-packages\pydantic\main.py", line 193, in __init__
    self.__pydantic_validator__.validate_python(data, self_instance=self)
pydantic_core._pydantic_core.ValidationError: 16 validation errors for Dataset
accessLevel
  Field required [type=missing, input_value={'item': 'theme'}, input_type=dict]
    For further information visit https://errors.pydantic.dev/2.8/v/missing
landingPage
  Field required [type=missing, input_value={'item': 'theme'}, input_type=dict]
    For further information visit https://errors.pydantic.dev/2.8/v/missing
bureauCode
  Field required [type=missing, input_value={'item': 'theme'}, input_type=dict]
    For further information visit https://errors.pydantic.dev/2.8/v/missing
issued
  Field required [type=missing, input_value={'item': 'theme'}, input_type=dict]
    For further information visit https://errors.pydantic.dev/2.8/v/missing
@type
  Field required [type=missing, input_value={'item': 'theme'}, input_type=dict]
    For further information visit https://errors.pydantic.dev/2.8/v/missing
modified
  Field required [type=missing, input_value={'item': 'theme'}, input_type=dict]
    For further information visit https://errors.pydantic.dev/2.8/v/missing
released
  Field required [type=missing, input_value={'item': 'theme'}, input_type=dict]
    For further information visit https://errors.pydantic.dev/2.8/v/missing
keyword
  Field required [type=missing, input_value={'item': 'theme'}, input_type=dict]
    For further information visit https://errors.pydantic.dev/2.8/v/missing
contactPoint
  Field required [type=missing, input_value={'item': 'theme'}, input_type=dict]
    For further information visit https://errors.pydantic.dev/2.8/v/missing
publisher
  Field required [type=missing, input_value={'item': 'theme'}, input_type=dict]
    For further information visit https://errors.pydantic.dev/2.8/v/missing
identifier
  Field required [type=missing, input_value={'item': 'theme'}, input_type=dict]
    For further information visit https://errors.pydantic.dev/2.8/v/missing
description
  Field required [type=missing, input_value={'item': 'theme'}, input_type=dict]
    For further information visit https://errors.pydantic.dev/2.8/v/missing
title
  Field required [type=missing, input_value={'item': 'theme'}, input_type=dict]
    For further information visit https://errors.pydantic.dev/2.8/v/missing
programCode
  Field required [type=missing, input_value={'item': 'theme'}, input_type=dict]
    For further information visit https://errors.pydantic.dev/2.8/v/missing
distribution
  Field required [type=missing, input_value={'item': 'theme'}, input_type=dict]
    For further information visit https://errors.pydantic.dev/2.8/v/missing
theme
  Field required [type=missing, input_value={'item': 'theme'}, input_type=dict]
    For further information visit https://errors.pydantic.dev/2.8/v/missing
2024-08-23 12:40:38 - ERROR - Validation error for dataset: Unknown title
Traceback (most recent call last):
  File "C:\Users\edmun\Projects\Repositories\healthpartners-interview\src\healthpartners_interview\download.py", line 31, in fetch_datasets
    dataset = Dataset(**current_item)
              ^^^^^^^^^^^^^^^^^^^^^^^
  File "C:\Users\edmun\Projects\Repositories\healthpartners-interview\.venv\Lib\site-packages\pydantic\main.py", line 193, in __init__
    self.__pydantic_validator__.validate_python(data, self_instance=self)
pydantic_core._pydantic_core.ValidationError: 16 validation errors for Dataset
accessLevel
  Field required [type=missing, input_value={}, input_type=dict]
    For further information visit https://errors.pydantic.dev/2.8/v/missing
landingPage
  Field required [type=missing, input_value={}, input_type=dict]
    For further information visit https://errors.pydantic.dev/2.8/v/missing
bureauCode
  Field required [type=missing, input_value={}, input_type=dict]
    For further information visit https://errors.pydantic.dev/2.8/v/missing
issued
  Field required [type=missing, input_value={}, input_type=dict]
    For further information visit https://errors.pydantic.dev/2.8/v/missing
@type
  Field required [type=missing, input_value={}, input_type=dict]
    For further information visit https://errors.pydantic.dev/2.8/v/missing
modified
  Field required [type=missing, input_value={}, input_type=dict]
    For further information visit https://errors.pydantic.dev/2.8/v/missing
released
  Field required [type=missing, input_value={}, input_type=dict]
    For further information visit https://errors.pydantic.dev/2.8/v/missing
keyword
  Field required [type=missing, input_value={}, input_type=dict]
    For further information visit https://errors.pydantic.dev/2.8/v/missing
contactPoint
  Field required [type=missing, input_value={}, input_type=dict]
    For further information visit https://errors.pydantic.dev/2.8/v/missing
publisher
  Field required [type=missing, input_value={}, input_type=dict]
    For further information visit https://errors.pydantic.dev/2.8/v/missing
identifier
  Field required [type=missing, input_value={}, input_type=dict]
    For further information visit https://errors.pydantic.dev/2.8/v/missing
description
  Field required [type=missing, input_value={}, input_type=dict]
    For further information visit https://errors.pydantic.dev/2.8/v/missing
title
  Field required [type=missing, input_value={}, input_type=dict]
    For further information visit https://errors.pydantic.dev/2.8/v/missing
programCode
  Field required [type=missing, input_value={}, input_type=dict]
    For further information visit https://errors.pydantic.dev/2.8/v/missing
distribution
  Field required [type=missing, input_value={}, input_type=dict]
    For further information visit https://errors.pydantic.dev/2.8/v/missing
theme
  Field required [type=missing, input_value={}, input_type=dict]
    For further information visit https://errors.pydantic.dev/2.8/v/missing
2024-08-23 12:40:38 - ERROR - Validation error for dataset: Unknown title
Traceback (most recent call last):
  File "C:\Users\edmun\Projects\Repositories\healthpartners-interview\src\healthpartners_interview\download.py", line 31, in fetch_datasets
    dataset = Dataset(**current_item)
              ^^^^^^^^^^^^^^^^^^^^^^^
  File "C:\Users\edmun\Projects\Repositories\healthpartners-interview\.venv\Lib\site-packages\pydantic\main.py", line 193, in __init__
    self.__pydantic_validator__.validate_python(data, self_instance=self)
pydantic_core._pydantic_core.ValidationError: 16 validation errors for Dataset
accessLevel
  Field required [type=missing, input_value={}, input_type=dict]
    For further information visit https://errors.pydantic.dev/2.8/v/missing
landingPage
  Field required [type=missing, input_value={}, input_type=dict]
    For further information visit https://errors.pydantic.dev/2.8/v/missing
bureauCode
  Field required [type=missing, input_value={}, input_type=dict]
    For further information visit https://errors.pydantic.dev/2.8/v/missing
issued
  Field required [type=missing, input_value={}, input_type=dict]
    For further information visit https://errors.pydantic.dev/2.8/v/missing
@type
  Field required [type=missing, input_value={}, input_type=dict]
    For further information visit https://errors.pydantic.dev/2.8/v/missing
modified
  Field required [type=missing, input_value={}, input_type=dict]
    For further information visit https://errors.pydantic.dev/2.8/v/missing
released
  Field required [type=missing, input_value={}, input_type=dict]
    For further information visit https://errors.pydantic.dev/2.8/v/missing
keyword
  Field required [type=missing, input_value={}, input_type=dict]
    For further information visit https://errors.pydantic.dev/2.8/v/missing
contactPoint
  Field required [type=missing, input_value={}, input_type=dict]
    For further information visit https://errors.pydantic.dev/2.8/v/missing
publisher
  Field required [type=missing, input_value={}, input_type=dict]
    For further information visit https://errors.pydantic.dev/2.8/v/missing
identifier
  Field required [type=missing, input_value={}, input_type=dict]
    For further information visit https://errors.pydantic.dev/2.8/v/missing
description
  Field required [type=missing, input_value={}, input_type=dict]
    For further information visit https://errors.pydantic.dev/2.8/v/missing
title
  Field required [type=missing, input_value={}, input_type=dict]
    For further information visit https://errors.pydantic.dev/2.8/v/missing
programCode
  Field required [type=missing, input_value={}, input_type=dict]
    For further information visit https://errors.pydantic.dev/2.8/v/missing
distribution
  Field required [type=missing, input_value={}, input_type=dict]
    For further information visit https://errors.pydantic.dev/2.8/v/missing
theme
  Field required [type=missing, input_value={}, input_type=dict]
    For further information visit https://errors.pydantic.dev/2.8/v/missing
2024-08-23 12:40:38 - ERROR - Validation error for dataset: Unknown title
Traceback (most recent call last):
  File "C:\Users\edmun\Projects\Repositories\healthpartners-interview\src\healthpartners_interview\download.py", line 31, in fetch_datasets
    dataset = Dataset(**current_item)
              ^^^^^^^^^^^^^^^^^^^^^^^
  File "C:\Users\edmun\Projects\Repositories\healthpartners-interview\.venv\Lib\site-packages\pydantic\main.py", line 193, in __init__
    self.__pydantic_validator__.validate_python(data, self_instance=self)
pydantic_core._pydantic_core.ValidationError: 16 validation errors for Dataset
accessLevel
  Field required [type=missing, input_value={}, input_type=dict]
    For further information visit https://errors.pydantic.dev/2.8/v/missing
landingPage
  Field required [type=missing, input_value={}, input_type=dict]
    For further information visit https://errors.pydantic.dev/2.8/v/missing
bureauCode
  Field required [type=missing, input_value={}, input_type=dict]
    For further information visit https://errors.pydantic.dev/2.8/v/missing
issued
  Field required [type=missing, input_value={}, input_type=dict]
    For further information visit https://errors.pydantic.dev/2.8/v/missing
@type
  Field required [type=missing, input_value={}, input_type=dict]
    For further information visit https://errors.pydantic.dev/2.8/v/missing
modified
  Field required [type=missing, input_value={}, input_type=dict]
    For further information visit https://errors.pydantic.dev/2.8/v/missing
released
  Field required [type=missing, input_value={}, input_type=dict]
    For further information visit https://errors.pydantic.dev/2.8/v/missing
keyword
  Field required [type=missing, input_value={}, input_type=dict]
    For further information visit https://errors.pydantic.dev/2.8/v/missing
contactPoint
  Field required [type=missing, input_value={}, input_type=dict]
    For further information visit https://errors.pydantic.dev/2.8/v/missing
publisher
  Field required [type=missing, input_value={}, input_type=dict]
    For further information visit https://errors.pydantic.dev/2.8/v/missing
identifier
  Field required [type=missing, input_value={}, input_type=dict]
    For further information visit https://errors.pydantic.dev/2.8/v/missing
description
  Field required [type=missing, input_value={}, input_type=dict]
    For further information visit https://errors.pydantic.dev/2.8/v/missing
title
  Field required [type=missing, input_value={}, input_type=dict]
    For further information visit https://errors.pydantic.dev/2.8/v/missing
programCode
  Field required [type=missing, input_value={}, input_type=dict]
    For further information visit https://errors.pydantic.dev/2.8/v/missing
distribution
  Field required [type=missing, input_value={}, input_type=dict]
    For further information visit https://errors.pydantic.dev/2.8/v/missing
theme
  Field required [type=missing, input_value={}, input_type=dict]
    For further information visit https://errors.pydantic.dev/2.8/v/missing
2024-08-23 12:40:38 - ERROR - Validation error for dataset: Unknown title
Traceback (most recent call last):
  File "C:\Users\edmun\Projects\Repositories\healthpartners-interview\src\healthpartners_interview\download.py", line 31, in fetch_datasets
    dataset = Dataset(**current_item)
              ^^^^^^^^^^^^^^^^^^^^^^^
  File "C:\Users\edmun\Projects\Repositories\healthpartners-interview\.venv\Lib\site-packages\pydantic\main.py", line 193, in __init__
    self.__pydantic_validator__.validate_python(data, self_instance=self)
pydantic_core._pydantic_core.ValidationError: 16 validation errors for Dataset
accessLevel
  Field required [type=missing, input_value={'item': 'theme'}, input_type=dict]
    For further information visit https://errors.pydantic.dev/2.8/v/missing
landingPage
  Field required [type=missing, input_value={'item': 'theme'}, input_type=dict]
    For further information visit https://errors.pydantic.dev/2.8/v/missing
bureauCode
  Field required [type=missing, input_value={'item': 'theme'}, input_type=dict]
    For further information visit https://errors.pydantic.dev/2.8/v/missing
issued
  Field required [type=missing, input_value={'item': 'theme'}, input_type=dict]
    For further information visit https://errors.pydantic.dev/2.8/v/missing
@type
  Field required [type=missing, input_value={'item': 'theme'}, input_type=dict]
    For further information visit https://errors.pydantic.dev/2.8/v/missing
modified
  Field required [type=missing, input_value={'item': 'theme'}, input_type=dict]
    For further information visit https://errors.pydantic.dev/2.8/v/missing
released
  Field required [type=missing, input_value={'item': 'theme'}, input_type=dict]
    For further information visit https://errors.pydantic.dev/2.8/v/missing
keyword
  Field required [type=missing, input_value={'item': 'theme'}, input_type=dict]
    For further information visit https://errors.pydantic.dev/2.8/v/missing
contactPoint
  Field required [type=missing, input_value={'item': 'theme'}, input_type=dict]
    For further information visit https://errors.pydantic.dev/2.8/v/missing
publisher
  Field required [type=missing, input_value={'item': 'theme'}, input_type=dict]
    For further information visit https://errors.pydantic.dev/2.8/v/missing
identifier
  Field required [type=missing, input_value={'item': 'theme'}, input_type=dict]
    For further information visit https://errors.pydantic.dev/2.8/v/missing
description
  Field required [type=missing, input_value={'item': 'theme'}, input_type=dict]
    For further information visit https://errors.pydantic.dev/2.8/v/missing
title
  Field required [type=missing, input_value={'item': 'theme'}, input_type=dict]
    For further information visit https://errors.pydantic.dev/2.8/v/missing
programCode
  Field required [type=missing, input_value={'item': 'theme'}, input_type=dict]
    For further information visit https://errors.pydantic.dev/2.8/v/missing
distribution
  Field required [type=missing, input_value={'item': 'theme'}, input_type=dict]
    For further information visit https://errors.pydantic.dev/2.8/v/missing
theme
  Field required [type=missing, input_value={'item': 'theme'}, input_type=dict]
    For further information visit https://errors.pydantic.dev/2.8/v/missing
2024-08-23 12:40:38 - ERROR - Validation error for dataset: Unknown title
Traceback (most recent call last):
  File "C:\Users\edmun\Projects\Repositories\healthpartners-interview\src\healthpartners_interview\download.py", line 31, in fetch_datasets
    dataset = Dataset(**current_item)
              ^^^^^^^^^^^^^^^^^^^^^^^
  File "C:\Users\edmun\Projects\Repositories\healthpartners-interview\.venv\Lib\site-packages\pydantic\main.py", line 193, in __init__
    self.__pydantic_validator__.validate_python(data, self_instance=self)
pydantic_core._pydantic_core.ValidationError: 16 validation errors for Dataset
accessLevel
  Field required [type=missing, input_value={}, input_type=dict]
    For further information visit https://errors.pydantic.dev/2.8/v/missing
landingPage
  Field required [type=missing, input_value={}, input_type=dict]
    For further information visit https://errors.pydantic.dev/2.8/v/missing
bureauCode
  Field required [type=missing, input_value={}, input_type=dict]
    For further information visit https://errors.pydantic.dev/2.8/v/missing
issued
  Field required [type=missing, input_value={}, input_type=dict]
    For further information visit https://errors.pydantic.dev/2.8/v/missing
@type
  Field required [type=missing, input_value={}, input_type=dict]
    For further information visit https://errors.pydantic.dev/2.8/v/missing
modified
  Field required [type=missing, input_value={}, input_type=dict]
    For further information visit https://errors.pydantic.dev/2.8/v/missing
released
  Field required [type=missing, input_value={}, input_type=dict]
    For further information visit https://errors.pydantic.dev/2.8/v/missing
keyword
  Field required [type=missing, input_value={}, input_type=dict]
    For further information visit https://errors.pydantic.dev/2.8/v/missing
contactPoint
  Field required [type=missing, input_value={}, input_type=dict]
    For further information visit https://errors.pydantic.dev/2.8/v/missing
publisher
  Field required [type=missing, input_value={}, input_type=dict]
    For further information visit https://errors.pydantic.dev/2.8/v/missing
identifier
  Field required [type=missing, input_value={}, input_type=dict]
    For further information visit https://errors.pydantic.dev/2.8/v/missing
description
  Field required [type=missing, input_value={}, input_type=dict]
    For further information visit https://errors.pydantic.dev/2.8/v/missing
title
  Field required [type=missing, input_value={}, input_type=dict]
    For further information visit https://errors.pydantic.dev/2.8/v/missing
programCode
  Field required [type=missing, input_value={}, input_type=dict]
    For further information visit https://errors.pydantic.dev/2.8/v/missing
distribution
  Field required [type=missing, input_value={}, input_type=dict]
    For further information visit https://errors.pydantic.dev/2.8/v/missing
theme
  Field required [type=missing, input_value={}, input_type=dict]
    For further information visit https://errors.pydantic.dev/2.8/v/missing
2024-08-23 12:40:38 - ERROR - Validation error for dataset: Unknown title
Traceback (most recent call last):
  File "C:\Users\edmun\Projects\Repositories\healthpartners-interview\src\healthpartners_interview\download.py", line 31, in fetch_datasets
    dataset = Dataset(**current_item)
              ^^^^^^^^^^^^^^^^^^^^^^^
  File "C:\Users\edmun\Projects\Repositories\healthpartners-interview\.venv\Lib\site-packages\pydantic\main.py", line 193, in __init__
    self.__pydantic_validator__.validate_python(data, self_instance=self)
pydantic_core._pydantic_core.ValidationError: 16 validation errors for Dataset
accessLevel
  Field required [type=missing, input_value={}, input_type=dict]
    For further information visit https://errors.pydantic.dev/2.8/v/missing
landingPage
  Field required [type=missing, input_value={}, input_type=dict]
    For further information visit https://errors.pydantic.dev/2.8/v/missing
bureauCode
  Field required [type=missing, input_value={}, input_type=dict]
    For further information visit https://errors.pydantic.dev/2.8/v/missing
issued
  Field required [type=missing, input_value={}, input_type=dict]
    For further information visit https://errors.pydantic.dev/2.8/v/missing
@type
  Field required [type=missing, input_value={}, input_type=dict]
    For further information visit https://errors.pydantic.dev/2.8/v/missing
modified
  Field required [type=missing, input_value={}, input_type=dict]
    For further information visit https://errors.pydantic.dev/2.8/v/missing
released
  Field required [type=missing, input_value={}, input_type=dict]
    For further information visit https://errors.pydantic.dev/2.8/v/missing
keyword
  Field required [type=missing, input_value={}, input_type=dict]
    For further information visit https://errors.pydantic.dev/2.8/v/missing
contactPoint
  Field required [type=missing, input_value={}, input_type=dict]
    For further information visit https://errors.pydantic.dev/2.8/v/missing
publisher
  Field required [type=missing, input_value={}, input_type=dict]
    For further information visit https://errors.pydantic.dev/2.8/v/missing
identifier
  Field required [type=missing, input_value={}, input_type=dict]
    For further information visit https://errors.pydantic.dev/2.8/v/missing
description
  Field required [type=missing, input_value={}, input_type=dict]
    For further information visit https://errors.pydantic.dev/2.8/v/missing
title
  Field required [type=missing, input_value={}, input_type=dict]
    For further information visit https://errors.pydantic.dev/2.8/v/missing
programCode
  Field required [type=missing, input_value={}, input_type=dict]
    For further information visit https://errors.pydantic.dev/2.8/v/missing
distribution
  Field required [type=missing, input_value={}, input_type=dict]
    For further information visit https://errors.pydantic.dev/2.8/v/missing
theme
  Field required [type=missing, input_value={}, input_type=dict]
    For further information visit https://errors.pydantic.dev/2.8/v/missing
2024-08-23 12:40:38 - ERROR - Validation error for dataset: Unknown title
Traceback (most recent call last):
  File "C:\Users\edmun\Projects\Repositories\healthpartners-interview\src\healthpartners_interview\download.py", line 31, in fetch_datasets
    dataset = Dataset(**current_item)
              ^^^^^^^^^^^^^^^^^^^^^^^
  File "C:\Users\edmun\Projects\Repositories\healthpartners-interview\.venv\Lib\site-packages\pydantic\main.py", line 193, in __init__
    self.__pydantic_validator__.validate_python(data, self_instance=self)
pydantic_core._pydantic_core.ValidationError: 16 validation errors for Dataset
accessLevel
  Field required [type=missing, input_value={}, input_type=dict]
    For further information visit https://errors.pydantic.dev/2.8/v/missing
landingPage
  Field required [type=missing, input_value={}, input_type=dict]
    For further information visit https://errors.pydantic.dev/2.8/v/missing
bureauCode
  Field required [type=missing, input_value={}, input_type=dict]
    For further information visit https://errors.pydantic.dev/2.8/v/missing
issued
  Field required [type=missing, input_value={}, input_type=dict]
    For further information visit https://errors.pydantic.dev/2.8/v/missing
@type
  Field required [type=missing, input_value={}, input_type=dict]
    For further information visit https://errors.pydantic.dev/2.8/v/missing
modified
  Field required [type=missing, input_value={}, input_type=dict]
    For further information visit https://errors.pydantic.dev/2.8/v/missing
released
  Field required [type=missing, input_value={}, input_type=dict]
    For further information visit https://errors.pydantic.dev/2.8/v/missing
keyword
  Field required [type=missing, input_value={}, input_type=dict]
    For further information visit https://errors.pydantic.dev/2.8/v/missing
contactPoint
  Field required [type=missing, input_value={}, input_type=dict]
    For further information visit https://errors.pydantic.dev/2.8/v/missing
publisher
  Field required [type=missing, input_value={}, input_type=dict]
    For further information visit https://errors.pydantic.dev/2.8/v/missing
identifier
  Field required [type=missing, input_value={}, input_type=dict]
    For further information visit https://errors.pydantic.dev/2.8/v/missing
description
  Field required [type=missing, input_value={}, input_type=dict]
    For further information visit https://errors.pydantic.dev/2.8/v/missing
title
  Field required [type=missing, input_value={}, input_type=dict]
    For further information visit https://errors.pydantic.dev/2.8/v/missing
programCode
  Field required [type=missing, input_value={}, input_type=dict]
    For further information visit https://errors.pydantic.dev/2.8/v/missing
distribution
  Field required [type=missing, input_value={}, input_type=dict]
    For further information visit https://errors.pydantic.dev/2.8/v/missing
theme
  Field required [type=missing, input_value={}, input_type=dict]
    For further information visit https://errors.pydantic.dev/2.8/v/missing
2024-08-23 12:40:38 - ERROR - Validation error for dataset: Unknown title
Traceback (most recent call last):
  File "C:\Users\edmun\Projects\Repositories\healthpartners-interview\src\healthpartners_interview\download.py", line 31, in fetch_datasets
    dataset = Dataset(**current_item)
              ^^^^^^^^^^^^^^^^^^^^^^^
  File "C:\Users\edmun\Projects\Repositories\healthpartners-interview\.venv\Lib\site-packages\pydantic\main.py", line 193, in __init__
    self.__pydantic_validator__.validate_python(data, self_instance=self)
pydantic_core._pydantic_core.ValidationError: 16 validation errors for Dataset
accessLevel
  Field required [type=missing, input_value={'item': 'theme'}, input_type=dict]
    For further information visit https://errors.pydantic.dev/2.8/v/missing
landingPage
  Field required [type=missing, input_value={'item': 'theme'}, input_type=dict]
    For further information visit https://errors.pydantic.dev/2.8/v/missing
bureauCode
  Field required [type=missing, input_value={'item': 'theme'}, input_type=dict]
    For further information visit https://errors.pydantic.dev/2.8/v/missing
issued
  Field required [type=missing, input_value={'item': 'theme'}, input_type=dict]
    For further information visit https://errors.pydantic.dev/2.8/v/missing
@type
  Field required [type=missing, input_value={'item': 'theme'}, input_type=dict]
    For further information visit https://errors.pydantic.dev/2.8/v/missing
modified
  Field required [type=missing, input_value={'item': 'theme'}, input_type=dict]
    For further information visit https://errors.pydantic.dev/2.8/v/missing
released
  Field required [type=missing, input_value={'item': 'theme'}, input_type=dict]
    For further information visit https://errors.pydantic.dev/2.8/v/missing
keyword
  Field required [type=missing, input_value={'item': 'theme'}, input_type=dict]
    For further information visit https://errors.pydantic.dev/2.8/v/missing
contactPoint
  Field required [type=missing, input_value={'item': 'theme'}, input_type=dict]
    For further information visit https://errors.pydantic.dev/2.8/v/missing
publisher
  Field required [type=missing, input_value={'item': 'theme'}, input_type=dict]
    For further information visit https://errors.pydantic.dev/2.8/v/missing
identifier
  Field required [type=missing, input_value={'item': 'theme'}, input_type=dict]
    For further information visit https://errors.pydantic.dev/2.8/v/missing
description
  Field required [type=missing, input_value={'item': 'theme'}, input_type=dict]
    For further information visit https://errors.pydantic.dev/2.8/v/missing
title
  Field required [type=missing, input_value={'item': 'theme'}, input_type=dict]
    For further information visit https://errors.pydantic.dev/2.8/v/missing
programCode
  Field required [type=missing, input_value={'item': 'theme'}, input_type=dict]
    For further information visit https://errors.pydantic.dev/2.8/v/missing
distribution
  Field required [type=missing, input_value={'item': 'theme'}, input_type=dict]
    For further information visit https://errors.pydantic.dev/2.8/v/missing
theme
  Field required [type=missing, input_value={'item': 'theme'}, input_type=dict]
    For further information visit https://errors.pydantic.dev/2.8/v/missing
2024-08-23 12:40:38 - ERROR - Validation error for dataset: Unknown title
Traceback (most recent call last):
  File "C:\Users\edmun\Projects\Repositories\healthpartners-interview\src\healthpartners_interview\download.py", line 31, in fetch_datasets
    dataset = Dataset(**current_item)
              ^^^^^^^^^^^^^^^^^^^^^^^
  File "C:\Users\edmun\Projects\Repositories\healthpartners-interview\.venv\Lib\site-packages\pydantic\main.py", line 193, in __init__
    self.__pydantic_validator__.validate_python(data, self_instance=self)
pydantic_core._pydantic_core.ValidationError: 16 validation errors for Dataset
accessLevel
  Field required [type=missing, input_value={}, input_type=dict]
    For further information visit https://errors.pydantic.dev/2.8/v/missing
landingPage
  Field required [type=missing, input_value={}, input_type=dict]
    For further information visit https://errors.pydantic.dev/2.8/v/missing
bureauCode
  Field required [type=missing, input_value={}, input_type=dict]
    For further information visit https://errors.pydantic.dev/2.8/v/missing
issued
  Field required [type=missing, input_value={}, input_type=dict]
    For further information visit https://errors.pydantic.dev/2.8/v/missing
@type
  Field required [type=missing, input_value={}, input_type=dict]
    For further information visit https://errors.pydantic.dev/2.8/v/missing
modified
  Field required [type=missing, input_value={}, input_type=dict]
    For further information visit https://errors.pydantic.dev/2.8/v/missing
released
  Field required [type=missing, input_value={}, input_type=dict]
    For further information visit https://errors.pydantic.dev/2.8/v/missing
keyword
  Field required [type=missing, input_value={}, input_type=dict]
    For further information visit https://errors.pydantic.dev/2.8/v/missing
contactPoint
  Field required [type=missing, input_value={}, input_type=dict]
    For further information visit https://errors.pydantic.dev/2.8/v/missing
publisher
  Field required [type=missing, input_value={}, input_type=dict]
    For further information visit https://errors.pydantic.dev/2.8/v/missing
identifier
  Field required [type=missing, input_value={}, input_type=dict]
    For further information visit https://errors.pydantic.dev/2.8/v/missing
description
  Field required [type=missing, input_value={}, input_type=dict]
    For further information visit https://errors.pydantic.dev/2.8/v/missing
title
  Field required [type=missing, input_value={}, input_type=dict]
    For further information visit https://errors.pydantic.dev/2.8/v/missing
programCode
  Field required [type=missing, input_value={}, input_type=dict]
    For further information visit https://errors.pydantic.dev/2.8/v/missing
distribution
  Field required [type=missing, input_value={}, input_type=dict]
    For further information visit https://errors.pydantic.dev/2.8/v/missing
theme
  Field required [type=missing, input_value={}, input_type=dict]
    For further information visit https://errors.pydantic.dev/2.8/v/missing
2024-08-23 12:40:38 - ERROR - Validation error for dataset: Unknown title
Traceback (most recent call last):
  File "C:\Users\edmun\Projects\Repositories\healthpartners-interview\src\healthpartners_interview\download.py", line 31, in fetch_datasets
    dataset = Dataset(**current_item)
              ^^^^^^^^^^^^^^^^^^^^^^^
  File "C:\Users\edmun\Projects\Repositories\healthpartners-interview\.venv\Lib\site-packages\pydantic\main.py", line 193, in __init__
    self.__pydantic_validator__.validate_python(data, self_instance=self)
pydantic_core._pydantic_core.ValidationError: 16 validation errors for Dataset
accessLevel
  Field required [type=missing, input_value={}, input_type=dict]
    For further information visit https://errors.pydantic.dev/2.8/v/missing
landingPage
  Field required [type=missing, input_value={}, input_type=dict]
    For further information visit https://errors.pydantic.dev/2.8/v/missing
bureauCode
  Field required [type=missing, input_value={}, input_type=dict]
    For further information visit https://errors.pydantic.dev/2.8/v/missing
issued
  Field required [type=missing, input_value={}, input_type=dict]
    For further information visit https://errors.pydantic.dev/2.8/v/missing
@type
  Field required [type=missing, input_value={}, input_type=dict]
    For further information visit https://errors.pydantic.dev/2.8/v/missing
modified
  Field required [type=missing, input_value={}, input_type=dict]
    For further information visit https://errors.pydantic.dev/2.8/v/missing
released
  Field required [type=missing, input_value={}, input_type=dict]
    For further information visit https://errors.pydantic.dev/2.8/v/missing
keyword
  Field required [type=missing, input_value={}, input_type=dict]
    For further information visit https://errors.pydantic.dev/2.8/v/missing
contactPoint
  Field required [type=missing, input_value={}, input_type=dict]
    For further information visit https://errors.pydantic.dev/2.8/v/missing
publisher
  Field required [type=missing, input_value={}, input_type=dict]
    For further information visit https://errors.pydantic.dev/2.8/v/missing
identifier
  Field required [type=missing, input_value={}, input_type=dict]
    For further information visit https://errors.pydantic.dev/2.8/v/missing
description
  Field required [type=missing, input_value={}, input_type=dict]
    For further information visit https://errors.pydantic.dev/2.8/v/missing
title
  Field required [type=missing, input_value={}, input_type=dict]
    For further information visit https://errors.pydantic.dev/2.8/v/missing
programCode
  Field required [type=missing, input_value={}, input_type=dict]
    For further information visit https://errors.pydantic.dev/2.8/v/missing
distribution
  Field required [type=missing, input_value={}, input_type=dict]
    For further information visit https://errors.pydantic.dev/2.8/v/missing
theme
  Field required [type=missing, input_value={}, input_type=dict]
    For further information visit https://errors.pydantic.dev/2.8/v/missing
2024-08-23 12:40:38 - ERROR - Validation error for dataset: Unknown title
Traceback (most recent call last):
  File "C:\Users\edmun\Projects\Repositories\healthpartners-interview\src\healthpartners_interview\download.py", line 31, in fetch_datasets
    dataset = Dataset(**current_item)
              ^^^^^^^^^^^^^^^^^^^^^^^
  File "C:\Users\edmun\Projects\Repositories\healthpartners-interview\.venv\Lib\site-packages\pydantic\main.py", line 193, in __init__
    self.__pydantic_validator__.validate_python(data, self_instance=self)
pydantic_core._pydantic_core.ValidationError: 16 validation errors for Dataset
accessLevel
  Field required [type=missing, input_value={}, input_type=dict]
    For further information visit https://errors.pydantic.dev/2.8/v/missing
landingPage
  Field required [type=missing, input_value={}, input_type=dict]
    For further information visit https://errors.pydantic.dev/2.8/v/missing
bureauCode
  Field required [type=missing, input_value={}, input_type=dict]
    For further information visit https://errors.pydantic.dev/2.8/v/missing
issued
  Field required [type=missing, input_value={}, input_type=dict]
    For further information visit https://errors.pydantic.dev/2.8/v/missing
@type
  Field required [type=missing, input_value={}, input_type=dict]
    For further information visit https://errors.pydantic.dev/2.8/v/missing
modified
  Field required [type=missing, input_value={}, input_type=dict]
    For further information visit https://errors.pydantic.dev/2.8/v/missing
released
  Field required [type=missing, input_value={}, input_type=dict]
    For further information visit https://errors.pydantic.dev/2.8/v/missing
keyword
  Field required [type=missing, input_value={}, input_type=dict]
    For further information visit https://errors.pydantic.dev/2.8/v/missing
contactPoint
  Field required [type=missing, input_value={}, input_type=dict]
    For further information visit https://errors.pydantic.dev/2.8/v/missing
publisher
  Field required [type=missing, input_value={}, input_type=dict]
    For further information visit https://errors.pydantic.dev/2.8/v/missing
identifier
  Field required [type=missing, input_value={}, input_type=dict]
    For further information visit https://errors.pydantic.dev/2.8/v/missing
description
  Field required [type=missing, input_value={}, input_type=dict]
    For further information visit https://errors.pydantic.dev/2.8/v/missing
title
  Field required [type=missing, input_value={}, input_type=dict]
    For further information visit https://errors.pydantic.dev/2.8/v/missing
programCode
  Field required [type=missing, input_value={}, input_type=dict]
    For further information visit https://errors.pydantic.dev/2.8/v/missing
distribution
  Field required [type=missing, input_value={}, input_type=dict]
    For further information visit https://errors.pydantic.dev/2.8/v/missing
theme
  Field required [type=missing, input_value={}, input_type=dict]
    For further information visit https://errors.pydantic.dev/2.8/v/missing
2024-08-23 12:40:38 - ERROR - Validation error for dataset: Unknown title
Traceback (most recent call last):
  File "C:\Users\edmun\Projects\Repositories\healthpartners-interview\src\healthpartners_interview\download.py", line 31, in fetch_datasets
    dataset = Dataset(**current_item)
              ^^^^^^^^^^^^^^^^^^^^^^^
  File "C:\Users\edmun\Projects\Repositories\healthpartners-interview\.venv\Lib\site-packages\pydantic\main.py", line 193, in __init__
    self.__pydantic_validator__.validate_python(data, self_instance=self)
pydantic_core._pydantic_core.ValidationError: 16 validation errors for Dataset
accessLevel
  Field required [type=missing, input_value={'item': 'theme'}, input_type=dict]
    For further information visit https://errors.pydantic.dev/2.8/v/missing
landingPage
  Field required [type=missing, input_value={'item': 'theme'}, input_type=dict]
    For further information visit https://errors.pydantic.dev/2.8/v/missing
bureauCode
  Field required [type=missing, input_value={'item': 'theme'}, input_type=dict]
    For further information visit https://errors.pydantic.dev/2.8/v/missing
issued
  Field required [type=missing, input_value={'item': 'theme'}, input_type=dict]
    For further information visit https://errors.pydantic.dev/2.8/v/missing
@type
  Field required [type=missing, input_value={'item': 'theme'}, input_type=dict]
    For further information visit https://errors.pydantic.dev/2.8/v/missing
modified
  Field required [type=missing, input_value={'item': 'theme'}, input_type=dict]
    For further information visit https://errors.pydantic.dev/2.8/v/missing
released
  Field required [type=missing, input_value={'item': 'theme'}, input_type=dict]
    For further information visit https://errors.pydantic.dev/2.8/v/missing
keyword
  Field required [type=missing, input_value={'item': 'theme'}, input_type=dict]
    For further information visit https://errors.pydantic.dev/2.8/v/missing
contactPoint
  Field required [type=missing, input_value={'item': 'theme'}, input_type=dict]
    For further information visit https://errors.pydantic.dev/2.8/v/missing
publisher
  Field required [type=missing, input_value={'item': 'theme'}, input_type=dict]
    For further information visit https://errors.pydantic.dev/2.8/v/missing
identifier
  Field required [type=missing, input_value={'item': 'theme'}, input_type=dict]
    For further information visit https://errors.pydantic.dev/2.8/v/missing
description
  Field required [type=missing, input_value={'item': 'theme'}, input_type=dict]
    For further information visit https://errors.pydantic.dev/2.8/v/missing
title
  Field required [type=missing, input_value={'item': 'theme'}, input_type=dict]
    For further information visit https://errors.pydantic.dev/2.8/v/missing
programCode
  Field required [type=missing, input_value={'item': 'theme'}, input_type=dict]
    For further information visit https://errors.pydantic.dev/2.8/v/missing
distribution
  Field required [type=missing, input_value={'item': 'theme'}, input_type=dict]
    For further information visit https://errors.pydantic.dev/2.8/v/missing
theme
  Field required [type=missing, input_value={'item': 'theme'}, input_type=dict]
    For further information visit https://errors.pydantic.dev/2.8/v/missing
2024-08-23 12:40:38 - ERROR - Validation error for dataset: Unknown title
Traceback (most recent call last):
  File "C:\Users\edmun\Projects\Repositories\healthpartners-interview\src\healthpartners_interview\download.py", line 31, in fetch_datasets
    dataset = Dataset(**current_item)
              ^^^^^^^^^^^^^^^^^^^^^^^
  File "C:\Users\edmun\Projects\Repositories\healthpartners-interview\.venv\Lib\site-packages\pydantic\main.py", line 193, in __init__
    self.__pydantic_validator__.validate_python(data, self_instance=self)
pydantic_core._pydantic_core.ValidationError: 16 validation errors for Dataset
accessLevel
  Field required [type=missing, input_value={}, input_type=dict]
    For further information visit https://errors.pydantic.dev/2.8/v/missing
landingPage
  Field required [type=missing, input_value={}, input_type=dict]
    For further information visit https://errors.pydantic.dev/2.8/v/missing
bureauCode
  Field required [type=missing, input_value={}, input_type=dict]
    For further information visit https://errors.pydantic.dev/2.8/v/missing
issued
  Field required [type=missing, input_value={}, input_type=dict]
    For further information visit https://errors.pydantic.dev/2.8/v/missing
@type
  Field required [type=missing, input_value={}, input_type=dict]
    For further information visit https://errors.pydantic.dev/2.8/v/missing
modified
  Field required [type=missing, input_value={}, input_type=dict]
    For further information visit https://errors.pydantic.dev/2.8/v/missing
released
  Field required [type=missing, input_value={}, input_type=dict]
    For further information visit https://errors.pydantic.dev/2.8/v/missing
keyword
  Field required [type=missing, input_value={}, input_type=dict]
    For further information visit https://errors.pydantic.dev/2.8/v/missing
contactPoint
  Field required [type=missing, input_value={}, input_type=dict]
    For further information visit https://errors.pydantic.dev/2.8/v/missing
publisher
  Field required [type=missing, input_value={}, input_type=dict]
    For further information visit https://errors.pydantic.dev/2.8/v/missing
identifier
  Field required [type=missing, input_value={}, input_type=dict]
    For further information visit https://errors.pydantic.dev/2.8/v/missing
description
  Field required [type=missing, input_value={}, input_type=dict]
    For further information visit https://errors.pydantic.dev/2.8/v/missing
title
  Field required [type=missing, input_value={}, input_type=dict]
    For further information visit https://errors.pydantic.dev/2.8/v/missing
programCode
  Field required [type=missing, input_value={}, input_type=dict]
    For further information visit https://errors.pydantic.dev/2.8/v/missing
distribution
  Field required [type=missing, input_value={}, input_type=dict]
    For further information visit https://errors.pydantic.dev/2.8/v/missing
theme
  Field required [type=missing, input_value={}, input_type=dict]
    For further information visit https://errors.pydantic.dev/2.8/v/missing
2024-08-23 12:40:38 - ERROR - Validation error for dataset: Unknown title
Traceback (most recent call last):
  File "C:\Users\edmun\Projects\Repositories\healthpartners-interview\src\healthpartners_interview\download.py", line 31, in fetch_datasets
    dataset = Dataset(**current_item)
              ^^^^^^^^^^^^^^^^^^^^^^^
  File "C:\Users\edmun\Projects\Repositories\healthpartners-interview\.venv\Lib\site-packages\pydantic\main.py", line 193, in __init__
    self.__pydantic_validator__.validate_python(data, self_instance=self)
pydantic_core._pydantic_core.ValidationError: 16 validation errors for Dataset
accessLevel
  Field required [type=missing, input_value={}, input_type=dict]
    For further information visit https://errors.pydantic.dev/2.8/v/missing
landingPage
  Field required [type=missing, input_value={}, input_type=dict]
    For further information visit https://errors.pydantic.dev/2.8/v/missing
bureauCode
  Field required [type=missing, input_value={}, input_type=dict]
    For further information visit https://errors.pydantic.dev/2.8/v/missing
issued
  Field required [type=missing, input_value={}, input_type=dict]
    For further information visit https://errors.pydantic.dev/2.8/v/missing
@type
  Field required [type=missing, input_value={}, input_type=dict]
    For further information visit https://errors.pydantic.dev/2.8/v/missing
modified
  Field required [type=missing, input_value={}, input_type=dict]
    For further information visit https://errors.pydantic.dev/2.8/v/missing
released
  Field required [type=missing, input_value={}, input_type=dict]
    For further information visit https://errors.pydantic.dev/2.8/v/missing
keyword
  Field required [type=missing, input_value={}, input_type=dict]
    For further information visit https://errors.pydantic.dev/2.8/v/missing
contactPoint
  Field required [type=missing, input_value={}, input_type=dict]
    For further information visit https://errors.pydantic.dev/2.8/v/missing
publisher
  Field required [type=missing, input_value={}, input_type=dict]
    For further information visit https://errors.pydantic.dev/2.8/v/missing
identifier
  Field required [type=missing, input_value={}, input_type=dict]
    For further information visit https://errors.pydantic.dev/2.8/v/missing
description
  Field required [type=missing, input_value={}, input_type=dict]
    For further information visit https://errors.pydantic.dev/2.8/v/missing
title
  Field required [type=missing, input_value={}, input_type=dict]
    For further information visit https://errors.pydantic.dev/2.8/v/missing
programCode
  Field required [type=missing, input_value={}, input_type=dict]
    For further information visit https://errors.pydantic.dev/2.8/v/missing
distribution
  Field required [type=missing, input_value={}, input_type=dict]
    For further information visit https://errors.pydantic.dev/2.8/v/missing
theme
  Field required [type=missing, input_value={}, input_type=dict]
    For further information visit https://errors.pydantic.dev/2.8/v/missing
2024-08-23 12:40:38 - ERROR - Validation error for dataset: Unknown title
Traceback (most recent call last):
  File "C:\Users\edmun\Projects\Repositories\healthpartners-interview\src\healthpartners_interview\download.py", line 31, in fetch_datasets
    dataset = Dataset(**current_item)
              ^^^^^^^^^^^^^^^^^^^^^^^
  File "C:\Users\edmun\Projects\Repositories\healthpartners-interview\.venv\Lib\site-packages\pydantic\main.py", line 193, in __init__
    self.__pydantic_validator__.validate_python(data, self_instance=self)
pydantic_core._pydantic_core.ValidationError: 16 validation errors for Dataset
accessLevel
  Field required [type=missing, input_value={}, input_type=dict]
    For further information visit https://errors.pydantic.dev/2.8/v/missing
landingPage
  Field required [type=missing, input_value={}, input_type=dict]
    For further information visit https://errors.pydantic.dev/2.8/v/missing
bureauCode
  Field required [type=missing, input_value={}, input_type=dict]
    For further information visit https://errors.pydantic.dev/2.8/v/missing
issued
  Field required [type=missing, input_value={}, input_type=dict]
    For further information visit https://errors.pydantic.dev/2.8/v/missing
@type
  Field required [type=missing, input_value={}, input_type=dict]
    For further information visit https://errors.pydantic.dev/2.8/v/missing
modified
  Field required [type=missing, input_value={}, input_type=dict]
    For further information visit https://errors.pydantic.dev/2.8/v/missing
released
  Field required [type=missing, input_value={}, input_type=dict]
    For further information visit https://errors.pydantic.dev/2.8/v/missing
keyword
  Field required [type=missing, input_value={}, input_type=dict]
    For further information visit https://errors.pydantic.dev/2.8/v/missing
contactPoint
  Field required [type=missing, input_value={}, input_type=dict]
    For further information visit https://errors.pydantic.dev/2.8/v/missing
publisher
  Field required [type=missing, input_value={}, input_type=dict]
    For further information visit https://errors.pydantic.dev/2.8/v/missing
identifier
  Field required [type=missing, input_value={}, input_type=dict]
    For further information visit https://errors.pydantic.dev/2.8/v/missing
description
  Field required [type=missing, input_value={}, input_type=dict]
    For further information visit https://errors.pydantic.dev/2.8/v/missing
title
  Field required [type=missing, input_value={}, input_type=dict]
    For further information visit https://errors.pydantic.dev/2.8/v/missing
programCode
  Field required [type=missing, input_value={}, input_type=dict]
    For further information visit https://errors.pydantic.dev/2.8/v/missing
distribution
  Field required [type=missing, input_value={}, input_type=dict]
    For further information visit https://errors.pydantic.dev/2.8/v/missing
theme
  Field required [type=missing, input_value={}, input_type=dict]
    For further information visit https://errors.pydantic.dev/2.8/v/missing
2024-08-23 12:40:38 - ERROR - Validation error for dataset: Unknown title
Traceback (most recent call last):
  File "C:\Users\edmun\Projects\Repositories\healthpartners-interview\src\healthpartners_interview\download.py", line 31, in fetch_datasets
    dataset = Dataset(**current_item)
              ^^^^^^^^^^^^^^^^^^^^^^^
  File "C:\Users\edmun\Projects\Repositories\healthpartners-interview\.venv\Lib\site-packages\pydantic\main.py", line 193, in __init__
    self.__pydantic_validator__.validate_python(data, self_instance=self)
pydantic_core._pydantic_core.ValidationError: 16 validation errors for Dataset
accessLevel
  Field required [type=missing, input_value={'item': 'theme'}, input_type=dict]
    For further information visit https://errors.pydantic.dev/2.8/v/missing
landingPage
  Field required [type=missing, input_value={'item': 'theme'}, input_type=dict]
    For further information visit https://errors.pydantic.dev/2.8/v/missing
bureauCode
  Field required [type=missing, input_value={'item': 'theme'}, input_type=dict]
    For further information visit https://errors.pydantic.dev/2.8/v/missing
issued
  Field required [type=missing, input_value={'item': 'theme'}, input_type=dict]
    For further information visit https://errors.pydantic.dev/2.8/v/missing
@type
  Field required [type=missing, input_value={'item': 'theme'}, input_type=dict]
    For further information visit https://errors.pydantic.dev/2.8/v/missing
modified
  Field required [type=missing, input_value={'item': 'theme'}, input_type=dict]
    For further information visit https://errors.pydantic.dev/2.8/v/missing
released
  Field required [type=missing, input_value={'item': 'theme'}, input_type=dict]
    For further information visit https://errors.pydantic.dev/2.8/v/missing
keyword
  Field required [type=missing, input_value={'item': 'theme'}, input_type=dict]
    For further information visit https://errors.pydantic.dev/2.8/v/missing
contactPoint
  Field required [type=missing, input_value={'item': 'theme'}, input_type=dict]
    For further information visit https://errors.pydantic.dev/2.8/v/missing
publisher
  Field required [type=missing, input_value={'item': 'theme'}, input_type=dict]
    For further information visit https://errors.pydantic.dev/2.8/v/missing
identifier
  Field required [type=missing, input_value={'item': 'theme'}, input_type=dict]
    For further information visit https://errors.pydantic.dev/2.8/v/missing
description
  Field required [type=missing, input_value={'item': 'theme'}, input_type=dict]
    For further information visit https://errors.pydantic.dev/2.8/v/missing
title
  Field required [type=missing, input_value={'item': 'theme'}, input_type=dict]
    For further information visit https://errors.pydantic.dev/2.8/v/missing
programCode
  Field required [type=missing, input_value={'item': 'theme'}, input_type=dict]
    For further information visit https://errors.pydantic.dev/2.8/v/missing
distribution
  Field required [type=missing, input_value={'item': 'theme'}, input_type=dict]
    For further information visit https://errors.pydantic.dev/2.8/v/missing
theme
  Field required [type=missing, input_value={'item': 'theme'}, input_type=dict]
    For further information visit https://errors.pydantic.dev/2.8/v/missing
2024-08-23 12:40:38 - ERROR - Validation error for dataset: Unknown title
Traceback (most recent call last):
  File "C:\Users\edmun\Projects\Repositories\healthpartners-interview\src\healthpartners_interview\download.py", line 31, in fetch_datasets
    dataset = Dataset(**current_item)
              ^^^^^^^^^^^^^^^^^^^^^^^
  File "C:\Users\edmun\Projects\Repositories\healthpartners-interview\.venv\Lib\site-packages\pydantic\main.py", line 193, in __init__
    self.__pydantic_validator__.validate_python(data, self_instance=self)
pydantic_core._pydantic_core.ValidationError: 16 validation errors for Dataset
accessLevel
  Field required [type=missing, input_value={}, input_type=dict]
    For further information visit https://errors.pydantic.dev/2.8/v/missing
landingPage
  Field required [type=missing, input_value={}, input_type=dict]
    For further information visit https://errors.pydantic.dev/2.8/v/missing
bureauCode
  Field required [type=missing, input_value={}, input_type=dict]
    For further information visit https://errors.pydantic.dev/2.8/v/missing
issued
  Field required [type=missing, input_value={}, input_type=dict]
    For further information visit https://errors.pydantic.dev/2.8/v/missing
@type
  Field required [type=missing, input_value={}, input_type=dict]
    For further information visit https://errors.pydantic.dev/2.8/v/missing
modified
  Field required [type=missing, input_value={}, input_type=dict]
    For further information visit https://errors.pydantic.dev/2.8/v/missing
released
  Field required [type=missing, input_value={}, input_type=dict]
    For further information visit https://errors.pydantic.dev/2.8/v/missing
keyword
  Field required [type=missing, input_value={}, input_type=dict]
    For further information visit https://errors.pydantic.dev/2.8/v/missing
contactPoint
  Field required [type=missing, input_value={}, input_type=dict]
    For further information visit https://errors.pydantic.dev/2.8/v/missing
publisher
  Field required [type=missing, input_value={}, input_type=dict]
    For further information visit https://errors.pydantic.dev/2.8/v/missing
identifier
  Field required [type=missing, input_value={}, input_type=dict]
    For further information visit https://errors.pydantic.dev/2.8/v/missing
description
  Field required [type=missing, input_value={}, input_type=dict]
    For further information visit https://errors.pydantic.dev/2.8/v/missing
title
  Field required [type=missing, input_value={}, input_type=dict]
    For further information visit https://errors.pydantic.dev/2.8/v/missing
programCode
  Field required [type=missing, input_value={}, input_type=dict]
    For further information visit https://errors.pydantic.dev/2.8/v/missing
distribution
  Field required [type=missing, input_value={}, input_type=dict]
    For further information visit https://errors.pydantic.dev/2.8/v/missing
theme
  Field required [type=missing, input_value={}, input_type=dict]
    For further information visit https://errors.pydantic.dev/2.8/v/missing
2024-08-23 12:40:38 - ERROR - Validation error for dataset: Unknown title
Traceback (most recent call last):
  File "C:\Users\edmun\Projects\Repositories\healthpartners-interview\src\healthpartners_interview\download.py", line 31, in fetch_datasets
    dataset = Dataset(**current_item)
              ^^^^^^^^^^^^^^^^^^^^^^^
  File "C:\Users\edmun\Projects\Repositories\healthpartners-interview\.venv\Lib\site-packages\pydantic\main.py", line 193, in __init__
    self.__pydantic_validator__.validate_python(data, self_instance=self)
pydantic_core._pydantic_core.ValidationError: 16 validation errors for Dataset
accessLevel
  Field required [type=missing, input_value={}, input_type=dict]
    For further information visit https://errors.pydantic.dev/2.8/v/missing
landingPage
  Field required [type=missing, input_value={}, input_type=dict]
    For further information visit https://errors.pydantic.dev/2.8/v/missing
bureauCode
  Field required [type=missing, input_value={}, input_type=dict]
    For further information visit https://errors.pydantic.dev/2.8/v/missing
issued
  Field required [type=missing, input_value={}, input_type=dict]
    For further information visit https://errors.pydantic.dev/2.8/v/missing
@type
  Field required [type=missing, input_value={}, input_type=dict]
    For further information visit https://errors.pydantic.dev/2.8/v/missing
modified
  Field required [type=missing, input_value={}, input_type=dict]
    For further information visit https://errors.pydantic.dev/2.8/v/missing
released
  Field required [type=missing, input_value={}, input_type=dict]
    For further information visit https://errors.pydantic.dev/2.8/v/missing
keyword
  Field required [type=missing, input_value={}, input_type=dict]
    For further information visit https://errors.pydantic.dev/2.8/v/missing
contactPoint
  Field required [type=missing, input_value={}, input_type=dict]
    For further information visit https://errors.pydantic.dev/2.8/v/missing
publisher
  Field required [type=missing, input_value={}, input_type=dict]
    For further information visit https://errors.pydantic.dev/2.8/v/missing
identifier
  Field required [type=missing, input_value={}, input_type=dict]
    For further information visit https://errors.pydantic.dev/2.8/v/missing
description
  Field required [type=missing, input_value={}, input_type=dict]
    For further information visit https://errors.pydantic.dev/2.8/v/missing
title
  Field required [type=missing, input_value={}, input_type=dict]
    For further information visit https://errors.pydantic.dev/2.8/v/missing
programCode
  Field required [type=missing, input_value={}, input_type=dict]
    For further information visit https://errors.pydantic.dev/2.8/v/missing
distribution
  Field required [type=missing, input_value={}, input_type=dict]
    For further information visit https://errors.pydantic.dev/2.8/v/missing
theme
  Field required [type=missing, input_value={}, input_type=dict]
    For further information visit https://errors.pydantic.dev/2.8/v/missing
2024-08-23 12:40:38 - ERROR - Validation error for dataset: Unknown title
Traceback (most recent call last):
  File "C:\Users\edmun\Projects\Repositories\healthpartners-interview\src\healthpartners_interview\download.py", line 31, in fetch_datasets
    dataset = Dataset(**current_item)
              ^^^^^^^^^^^^^^^^^^^^^^^
  File "C:\Users\edmun\Projects\Repositories\healthpartners-interview\.venv\Lib\site-packages\pydantic\main.py", line 193, in __init__
    self.__pydantic_validator__.validate_python(data, self_instance=self)
pydantic_core._pydantic_core.ValidationError: 16 validation errors for Dataset
accessLevel
  Field required [type=missing, input_value={}, input_type=dict]
    For further information visit https://errors.pydantic.dev/2.8/v/missing
landingPage
  Field required [type=missing, input_value={}, input_type=dict]
    For further information visit https://errors.pydantic.dev/2.8/v/missing
bureauCode
  Field required [type=missing, input_value={}, input_type=dict]
    For further information visit https://errors.pydantic.dev/2.8/v/missing
issued
  Field required [type=missing, input_value={}, input_type=dict]
    For further information visit https://errors.pydantic.dev/2.8/v/missing
@type
  Field required [type=missing, input_value={}, input_type=dict]
    For further information visit https://errors.pydantic.dev/2.8/v/missing
modified
  Field required [type=missing, input_value={}, input_type=dict]
    For further information visit https://errors.pydantic.dev/2.8/v/missing
released
  Field required [type=missing, input_value={}, input_type=dict]
    For further information visit https://errors.pydantic.dev/2.8/v/missing
keyword
  Field required [type=missing, input_value={}, input_type=dict]
    For further information visit https://errors.pydantic.dev/2.8/v/missing
contactPoint
  Field required [type=missing, input_value={}, input_type=dict]
    For further information visit https://errors.pydantic.dev/2.8/v/missing
publisher
  Field required [type=missing, input_value={}, input_type=dict]
    For further information visit https://errors.pydantic.dev/2.8/v/missing
identifier
  Field required [type=missing, input_value={}, input_type=dict]
    For further information visit https://errors.pydantic.dev/2.8/v/missing
description
  Field required [type=missing, input_value={}, input_type=dict]
    For further information visit https://errors.pydantic.dev/2.8/v/missing
title
  Field required [type=missing, input_value={}, input_type=dict]
    For further information visit https://errors.pydantic.dev/2.8/v/missing
programCode
  Field required [type=missing, input_value={}, input_type=dict]
    For further information visit https://errors.pydantic.dev/2.8/v/missing
distribution
  Field required [type=missing, input_value={}, input_type=dict]
    For further information visit https://errors.pydantic.dev/2.8/v/missing
theme
  Field required [type=missing, input_value={}, input_type=dict]
    For further information visit https://errors.pydantic.dev/2.8/v/missing
2024-08-23 12:40:38 - ERROR - Validation error for dataset: Unknown title
Traceback (most recent call last):
  File "C:\Users\edmun\Projects\Repositories\healthpartners-interview\src\healthpartners_interview\download.py", line 31, in fetch_datasets
    dataset = Dataset(**current_item)
              ^^^^^^^^^^^^^^^^^^^^^^^
  File "C:\Users\edmun\Projects\Repositories\healthpartners-interview\.venv\Lib\site-packages\pydantic\main.py", line 193, in __init__
    self.__pydantic_validator__.validate_python(data, self_instance=self)
pydantic_core._pydantic_core.ValidationError: 16 validation errors for Dataset
accessLevel
  Field required [type=missing, input_value={'item': 'theme'}, input_type=dict]
    For further information visit https://errors.pydantic.dev/2.8/v/missing
landingPage
  Field required [type=missing, input_value={'item': 'theme'}, input_type=dict]
    For further information visit https://errors.pydantic.dev/2.8/v/missing
bureauCode
  Field required [type=missing, input_value={'item': 'theme'}, input_type=dict]
    For further information visit https://errors.pydantic.dev/2.8/v/missing
issued
  Field required [type=missing, input_value={'item': 'theme'}, input_type=dict]
    For further information visit https://errors.pydantic.dev/2.8/v/missing
@type
  Field required [type=missing, input_value={'item': 'theme'}, input_type=dict]
    For further information visit https://errors.pydantic.dev/2.8/v/missing
modified
  Field required [type=missing, input_value={'item': 'theme'}, input_type=dict]
    For further information visit https://errors.pydantic.dev/2.8/v/missing
released
  Field required [type=missing, input_value={'item': 'theme'}, input_type=dict]
    For further information visit https://errors.pydantic.dev/2.8/v/missing
keyword
  Field required [type=missing, input_value={'item': 'theme'}, input_type=dict]
    For further information visit https://errors.pydantic.dev/2.8/v/missing
contactPoint
  Field required [type=missing, input_value={'item': 'theme'}, input_type=dict]
    For further information visit https://errors.pydantic.dev/2.8/v/missing
publisher
  Field required [type=missing, input_value={'item': 'theme'}, input_type=dict]
    For further information visit https://errors.pydantic.dev/2.8/v/missing
identifier
  Field required [type=missing, input_value={'item': 'theme'}, input_type=dict]
    For further information visit https://errors.pydantic.dev/2.8/v/missing
description
  Field required [type=missing, input_value={'item': 'theme'}, input_type=dict]
    For further information visit https://errors.pydantic.dev/2.8/v/missing
title
  Field required [type=missing, input_value={'item': 'theme'}, input_type=dict]
    For further information visit https://errors.pydantic.dev/2.8/v/missing
programCode
  Field required [type=missing, input_value={'item': 'theme'}, input_type=dict]
    For further information visit https://errors.pydantic.dev/2.8/v/missing
distribution
  Field required [type=missing, input_value={'item': 'theme'}, input_type=dict]
    For further information visit https://errors.pydantic.dev/2.8/v/missing
theme
  Field required [type=missing, input_value={'item': 'theme'}, input_type=dict]
    For further information visit https://errors.pydantic.dev/2.8/v/missing
2024-08-23 12:40:38 - ERROR - Validation error for dataset: Unknown title
Traceback (most recent call last):
  File "C:\Users\edmun\Projects\Repositories\healthpartners-interview\src\healthpartners_interview\download.py", line 31, in fetch_datasets
    dataset = Dataset(**current_item)
              ^^^^^^^^^^^^^^^^^^^^^^^
  File "C:\Users\edmun\Projects\Repositories\healthpartners-interview\.venv\Lib\site-packages\pydantic\main.py", line 193, in __init__
    self.__pydantic_validator__.validate_python(data, self_instance=self)
pydantic_core._pydantic_core.ValidationError: 16 validation errors for Dataset
accessLevel
  Field required [type=missing, input_value={}, input_type=dict]
    For further information visit https://errors.pydantic.dev/2.8/v/missing
landingPage
  Field required [type=missing, input_value={}, input_type=dict]
    For further information visit https://errors.pydantic.dev/2.8/v/missing
bureauCode
  Field required [type=missing, input_value={}, input_type=dict]
    For further information visit https://errors.pydantic.dev/2.8/v/missing
issued
  Field required [type=missing, input_value={}, input_type=dict]
    For further information visit https://errors.pydantic.dev/2.8/v/missing
@type
  Field required [type=missing, input_value={}, input_type=dict]
    For further information visit https://errors.pydantic.dev/2.8/v/missing
modified
  Field required [type=missing, input_value={}, input_type=dict]
    For further information visit https://errors.pydantic.dev/2.8/v/missing
released
  Field required [type=missing, input_value={}, input_type=dict]
    For further information visit https://errors.pydantic.dev/2.8/v/missing
keyword
  Field required [type=missing, input_value={}, input_type=dict]
    For further information visit https://errors.pydantic.dev/2.8/v/missing
contactPoint
  Field required [type=missing, input_value={}, input_type=dict]
    For further information visit https://errors.pydantic.dev/2.8/v/missing
publisher
  Field required [type=missing, input_value={}, input_type=dict]
    For further information visit https://errors.pydantic.dev/2.8/v/missing
identifier
  Field required [type=missing, input_value={}, input_type=dict]
    For further information visit https://errors.pydantic.dev/2.8/v/missing
description
  Field required [type=missing, input_value={}, input_type=dict]
    For further information visit https://errors.pydantic.dev/2.8/v/missing
title
  Field required [type=missing, input_value={}, input_type=dict]
    For further information visit https://errors.pydantic.dev/2.8/v/missing
programCode
  Field required [type=missing, input_value={}, input_type=dict]
    For further information visit https://errors.pydantic.dev/2.8/v/missing
distribution
  Field required [type=missing, input_value={}, input_type=dict]
    For further information visit https://errors.pydantic.dev/2.8/v/missing
theme
  Field required [type=missing, input_value={}, input_type=dict]
    For further information visit https://errors.pydantic.dev/2.8/v/missing
2024-08-23 12:40:38 - ERROR - Validation error for dataset: Unknown title
Traceback (most recent call last):
  File "C:\Users\edmun\Projects\Repositories\healthpartners-interview\src\healthpartners_interview\download.py", line 31, in fetch_datasets
    dataset = Dataset(**current_item)
              ^^^^^^^^^^^^^^^^^^^^^^^
  File "C:\Users\edmun\Projects\Repositories\healthpartners-interview\.venv\Lib\site-packages\pydantic\main.py", line 193, in __init__
    self.__pydantic_validator__.validate_python(data, self_instance=self)
pydantic_core._pydantic_core.ValidationError: 16 validation errors for Dataset
accessLevel
  Field required [type=missing, input_value={}, input_type=dict]
    For further information visit https://errors.pydantic.dev/2.8/v/missing
landingPage
  Field required [type=missing, input_value={}, input_type=dict]
    For further information visit https://errors.pydantic.dev/2.8/v/missing
bureauCode
  Field required [type=missing, input_value={}, input_type=dict]
    For further information visit https://errors.pydantic.dev/2.8/v/missing
issued
  Field required [type=missing, input_value={}, input_type=dict]
    For further information visit https://errors.pydantic.dev/2.8/v/missing
@type
  Field required [type=missing, input_value={}, input_type=dict]
    For further information visit https://errors.pydantic.dev/2.8/v/missing
modified
  Field required [type=missing, input_value={}, input_type=dict]
    For further information visit https://errors.pydantic.dev/2.8/v/missing
released
  Field required [type=missing, input_value={}, input_type=dict]
    For further information visit https://errors.pydantic.dev/2.8/v/missing
keyword
  Field required [type=missing, input_value={}, input_type=dict]
    For further information visit https://errors.pydantic.dev/2.8/v/missing
contactPoint
  Field required [type=missing, input_value={}, input_type=dict]
    For further information visit https://errors.pydantic.dev/2.8/v/missing
publisher
  Field required [type=missing, input_value={}, input_type=dict]
    For further information visit https://errors.pydantic.dev/2.8/v/missing
identifier
  Field required [type=missing, input_value={}, input_type=dict]
    For further information visit https://errors.pydantic.dev/2.8/v/missing
description
  Field required [type=missing, input_value={}, input_type=dict]
    For further information visit https://errors.pydantic.dev/2.8/v/missing
title
  Field required [type=missing, input_value={}, input_type=dict]
    For further information visit https://errors.pydantic.dev/2.8/v/missing
programCode
  Field required [type=missing, input_value={}, input_type=dict]
    For further information visit https://errors.pydantic.dev/2.8/v/missing
distribution
  Field required [type=missing, input_value={}, input_type=dict]
    For further information visit https://errors.pydantic.dev/2.8/v/missing
theme
  Field required [type=missing, input_value={}, input_type=dict]
    For further information visit https://errors.pydantic.dev/2.8/v/missing
2024-08-23 12:40:38 - ERROR - Validation error for dataset: Unknown title
Traceback (most recent call last):
  File "C:\Users\edmun\Projects\Repositories\healthpartners-interview\src\healthpartners_interview\download.py", line 31, in fetch_datasets
    dataset = Dataset(**current_item)
              ^^^^^^^^^^^^^^^^^^^^^^^
  File "C:\Users\edmun\Projects\Repositories\healthpartners-interview\.venv\Lib\site-packages\pydantic\main.py", line 193, in __init__
    self.__pydantic_validator__.validate_python(data, self_instance=self)
pydantic_core._pydantic_core.ValidationError: 16 validation errors for Dataset
accessLevel
  Field required [type=missing, input_value={}, input_type=dict]
    For further information visit https://errors.pydantic.dev/2.8/v/missing
landingPage
  Field required [type=missing, input_value={}, input_type=dict]
    For further information visit https://errors.pydantic.dev/2.8/v/missing
bureauCode
  Field required [type=missing, input_value={}, input_type=dict]
    For further information visit https://errors.pydantic.dev/2.8/v/missing
issued
  Field required [type=missing, input_value={}, input_type=dict]
    For further information visit https://errors.pydantic.dev/2.8/v/missing
@type
  Field required [type=missing, input_value={}, input_type=dict]
    For further information visit https://errors.pydantic.dev/2.8/v/missing
modified
  Field required [type=missing, input_value={}, input_type=dict]
    For further information visit https://errors.pydantic.dev/2.8/v/missing
released
  Field required [type=missing, input_value={}, input_type=dict]
    For further information visit https://errors.pydantic.dev/2.8/v/missing
keyword
  Field required [type=missing, input_value={}, input_type=dict]
    For further information visit https://errors.pydantic.dev/2.8/v/missing
contactPoint
  Field required [type=missing, input_value={}, input_type=dict]
    For further information visit https://errors.pydantic.dev/2.8/v/missing
publisher
  Field required [type=missing, input_value={}, input_type=dict]
    For further information visit https://errors.pydantic.dev/2.8/v/missing
identifier
  Field required [type=missing, input_value={}, input_type=dict]
    For further information visit https://errors.pydantic.dev/2.8/v/missing
description
  Field required [type=missing, input_value={}, input_type=dict]
    For further information visit https://errors.pydantic.dev/2.8/v/missing
title
  Field required [type=missing, input_value={}, input_type=dict]
    For further information visit https://errors.pydantic.dev/2.8/v/missing
programCode
  Field required [type=missing, input_value={}, input_type=dict]
    For further information visit https://errors.pydantic.dev/2.8/v/missing
distribution
  Field required [type=missing, input_value={}, input_type=dict]
    For further information visit https://errors.pydantic.dev/2.8/v/missing
theme
  Field required [type=missing, input_value={}, input_type=dict]
    For further information visit https://errors.pydantic.dev/2.8/v/missing
2024-08-23 12:40:38 - ERROR - Validation error for dataset: Unknown title
Traceback (most recent call last):
  File "C:\Users\edmun\Projects\Repositories\healthpartners-interview\src\healthpartners_interview\download.py", line 31, in fetch_datasets
    dataset = Dataset(**current_item)
              ^^^^^^^^^^^^^^^^^^^^^^^
  File "C:\Users\edmun\Projects\Repositories\healthpartners-interview\.venv\Lib\site-packages\pydantic\main.py", line 193, in __init__
    self.__pydantic_validator__.validate_python(data, self_instance=self)
pydantic_core._pydantic_core.ValidationError: 16 validation errors for Dataset
accessLevel
  Field required [type=missing, input_value={'item': 'theme'}, input_type=dict]
    For further information visit https://errors.pydantic.dev/2.8/v/missing
landingPage
  Field required [type=missing, input_value={'item': 'theme'}, input_type=dict]
    For further information visit https://errors.pydantic.dev/2.8/v/missing
bureauCode
  Field required [type=missing, input_value={'item': 'theme'}, input_type=dict]
    For further information visit https://errors.pydantic.dev/2.8/v/missing
issued
  Field required [type=missing, input_value={'item': 'theme'}, input_type=dict]
    For further information visit https://errors.pydantic.dev/2.8/v/missing
@type
  Field required [type=missing, input_value={'item': 'theme'}, input_type=dict]
    For further information visit https://errors.pydantic.dev/2.8/v/missing
modified
  Field required [type=missing, input_value={'item': 'theme'}, input_type=dict]
    For further information visit https://errors.pydantic.dev/2.8/v/missing
released
  Field required [type=missing, input_value={'item': 'theme'}, input_type=dict]
    For further information visit https://errors.pydantic.dev/2.8/v/missing
keyword
  Field required [type=missing, input_value={'item': 'theme'}, input_type=dict]
    For further information visit https://errors.pydantic.dev/2.8/v/missing
contactPoint
  Field required [type=missing, input_value={'item': 'theme'}, input_type=dict]
    For further information visit https://errors.pydantic.dev/2.8/v/missing
publisher
  Field required [type=missing, input_value={'item': 'theme'}, input_type=dict]
    For further information visit https://errors.pydantic.dev/2.8/v/missing
identifier
  Field required [type=missing, input_value={'item': 'theme'}, input_type=dict]
    For further information visit https://errors.pydantic.dev/2.8/v/missing
description
  Field required [type=missing, input_value={'item': 'theme'}, input_type=dict]
    For further information visit https://errors.pydantic.dev/2.8/v/missing
title
  Field required [type=missing, input_value={'item': 'theme'}, input_type=dict]
    For further information visit https://errors.pydantic.dev/2.8/v/missing
programCode
  Field required [type=missing, input_value={'item': 'theme'}, input_type=dict]
    For further information visit https://errors.pydantic.dev/2.8/v/missing
distribution
  Field required [type=missing, input_value={'item': 'theme'}, input_type=dict]
    For further information visit https://errors.pydantic.dev/2.8/v/missing
theme
  Field required [type=missing, input_value={'item': 'theme'}, input_type=dict]
    For further information visit https://errors.pydantic.dev/2.8/v/missing
2024-08-23 12:40:38 - ERROR - Validation error for dataset: Unknown title
Traceback (most recent call last):
  File "C:\Users\edmun\Projects\Repositories\healthpartners-interview\src\healthpartners_interview\download.py", line 31, in fetch_datasets
    dataset = Dataset(**current_item)
              ^^^^^^^^^^^^^^^^^^^^^^^
  File "C:\Users\edmun\Projects\Repositories\healthpartners-interview\.venv\Lib\site-packages\pydantic\main.py", line 193, in __init__
    self.__pydantic_validator__.validate_python(data, self_instance=self)
pydantic_core._pydantic_core.ValidationError: 16 validation errors for Dataset
accessLevel
  Field required [type=missing, input_value={}, input_type=dict]
    For further information visit https://errors.pydantic.dev/2.8/v/missing
landingPage
  Field required [type=missing, input_value={}, input_type=dict]
    For further information visit https://errors.pydantic.dev/2.8/v/missing
bureauCode
  Field required [type=missing, input_value={}, input_type=dict]
    For further information visit https://errors.pydantic.dev/2.8/v/missing
issued
  Field required [type=missing, input_value={}, input_type=dict]
    For further information visit https://errors.pydantic.dev/2.8/v/missing
@type
  Field required [type=missing, input_value={}, input_type=dict]
    For further information visit https://errors.pydantic.dev/2.8/v/missing
modified
  Field required [type=missing, input_value={}, input_type=dict]
    For further information visit https://errors.pydantic.dev/2.8/v/missing
released
  Field required [type=missing, input_value={}, input_type=dict]
    For further information visit https://errors.pydantic.dev/2.8/v/missing
keyword
  Field required [type=missing, input_value={}, input_type=dict]
    For further information visit https://errors.pydantic.dev/2.8/v/missing
contactPoint
  Field required [type=missing, input_value={}, input_type=dict]
    For further information visit https://errors.pydantic.dev/2.8/v/missing
publisher
  Field required [type=missing, input_value={}, input_type=dict]
    For further information visit https://errors.pydantic.dev/2.8/v/missing
identifier
  Field required [type=missing, input_value={}, input_type=dict]
    For further information visit https://errors.pydantic.dev/2.8/v/missing
description
  Field required [type=missing, input_value={}, input_type=dict]
    For further information visit https://errors.pydantic.dev/2.8/v/missing
title
  Field required [type=missing, input_value={}, input_type=dict]
    For further information visit https://errors.pydantic.dev/2.8/v/missing
programCode
  Field required [type=missing, input_value={}, input_type=dict]
    For further information visit https://errors.pydantic.dev/2.8/v/missing
distribution
  Field required [type=missing, input_value={}, input_type=dict]
    For further information visit https://errors.pydantic.dev/2.8/v/missing
theme
  Field required [type=missing, input_value={}, input_type=dict]
    For further information visit https://errors.pydantic.dev/2.8/v/missing
2024-08-23 12:40:38 - ERROR - Validation error for dataset: Unknown title
Traceback (most recent call last):
  File "C:\Users\edmun\Projects\Repositories\healthpartners-interview\src\healthpartners_interview\download.py", line 31, in fetch_datasets
    dataset = Dataset(**current_item)
              ^^^^^^^^^^^^^^^^^^^^^^^
  File "C:\Users\edmun\Projects\Repositories\healthpartners-interview\.venv\Lib\site-packages\pydantic\main.py", line 193, in __init__
    self.__pydantic_validator__.validate_python(data, self_instance=self)
pydantic_core._pydantic_core.ValidationError: 16 validation errors for Dataset
accessLevel
  Field required [type=missing, input_value={}, input_type=dict]
    For further information visit https://errors.pydantic.dev/2.8/v/missing
landingPage
  Field required [type=missing, input_value={}, input_type=dict]
    For further information visit https://errors.pydantic.dev/2.8/v/missing
bureauCode
  Field required [type=missing, input_value={}, input_type=dict]
    For further information visit https://errors.pydantic.dev/2.8/v/missing
issued
  Field required [type=missing, input_value={}, input_type=dict]
    For further information visit https://errors.pydantic.dev/2.8/v/missing
@type
  Field required [type=missing, input_value={}, input_type=dict]
    For further information visit https://errors.pydantic.dev/2.8/v/missing
modified
  Field required [type=missing, input_value={}, input_type=dict]
    For further information visit https://errors.pydantic.dev/2.8/v/missing
released
  Field required [type=missing, input_value={}, input_type=dict]
    For further information visit https://errors.pydantic.dev/2.8/v/missing
keyword
  Field required [type=missing, input_value={}, input_type=dict]
    For further information visit https://errors.pydantic.dev/2.8/v/missing
contactPoint
  Field required [type=missing, input_value={}, input_type=dict]
    For further information visit https://errors.pydantic.dev/2.8/v/missing
publisher
  Field required [type=missing, input_value={}, input_type=dict]
    For further information visit https://errors.pydantic.dev/2.8/v/missing
identifier
  Field required [type=missing, input_value={}, input_type=dict]
    For further information visit https://errors.pydantic.dev/2.8/v/missing
description
  Field required [type=missing, input_value={}, input_type=dict]
    For further information visit https://errors.pydantic.dev/2.8/v/missing
title
  Field required [type=missing, input_value={}, input_type=dict]
    For further information visit https://errors.pydantic.dev/2.8/v/missing
programCode
  Field required [type=missing, input_value={}, input_type=dict]
    For further information visit https://errors.pydantic.dev/2.8/v/missing
distribution
  Field required [type=missing, input_value={}, input_type=dict]
    For further information visit https://errors.pydantic.dev/2.8/v/missing
theme
  Field required [type=missing, input_value={}, input_type=dict]
    For further information visit https://errors.pydantic.dev/2.8/v/missing
2024-08-23 12:40:38 - ERROR - Validation error for dataset: Unknown title
Traceback (most recent call last):
  File "C:\Users\edmun\Projects\Repositories\healthpartners-interview\src\healthpartners_interview\download.py", line 31, in fetch_datasets
    dataset = Dataset(**current_item)
              ^^^^^^^^^^^^^^^^^^^^^^^
  File "C:\Users\edmun\Projects\Repositories\healthpartners-interview\.venv\Lib\site-packages\pydantic\main.py", line 193, in __init__
    self.__pydantic_validator__.validate_python(data, self_instance=self)
pydantic_core._pydantic_core.ValidationError: 16 validation errors for Dataset
accessLevel
  Field required [type=missing, input_value={}, input_type=dict]
    For further information visit https://errors.pydantic.dev/2.8/v/missing
landingPage
  Field required [type=missing, input_value={}, input_type=dict]
    For further information visit https://errors.pydantic.dev/2.8/v/missing
bureauCode
  Field required [type=missing, input_value={}, input_type=dict]
    For further information visit https://errors.pydantic.dev/2.8/v/missing
issued
  Field required [type=missing, input_value={}, input_type=dict]
    For further information visit https://errors.pydantic.dev/2.8/v/missing
@type
  Field required [type=missing, input_value={}, input_type=dict]
    For further information visit https://errors.pydantic.dev/2.8/v/missing
modified
  Field required [type=missing, input_value={}, input_type=dict]
    For further information visit https://errors.pydantic.dev/2.8/v/missing
released
  Field required [type=missing, input_value={}, input_type=dict]
    For further information visit https://errors.pydantic.dev/2.8/v/missing
keyword
  Field required [type=missing, input_value={}, input_type=dict]
    For further information visit https://errors.pydantic.dev/2.8/v/missing
contactPoint
  Field required [type=missing, input_value={}, input_type=dict]
    For further information visit https://errors.pydantic.dev/2.8/v/missing
publisher
  Field required [type=missing, input_value={}, input_type=dict]
    For further information visit https://errors.pydantic.dev/2.8/v/missing
identifier
  Field required [type=missing, input_value={}, input_type=dict]
    For further information visit https://errors.pydantic.dev/2.8/v/missing
description
  Field required [type=missing, input_value={}, input_type=dict]
    For further information visit https://errors.pydantic.dev/2.8/v/missing
title
  Field required [type=missing, input_value={}, input_type=dict]
    For further information visit https://errors.pydantic.dev/2.8/v/missing
programCode
  Field required [type=missing, input_value={}, input_type=dict]
    For further information visit https://errors.pydantic.dev/2.8/v/missing
distribution
  Field required [type=missing, input_value={}, input_type=dict]
    For further information visit https://errors.pydantic.dev/2.8/v/missing
theme
  Field required [type=missing, input_value={}, input_type=dict]
    For further information visit https://errors.pydantic.dev/2.8/v/missing
2024-08-23 12:40:38 - ERROR - Validation error for dataset: Unknown title
Traceback (most recent call last):
  File "C:\Users\edmun\Projects\Repositories\healthpartners-interview\src\healthpartners_interview\download.py", line 31, in fetch_datasets
    dataset = Dataset(**current_item)
              ^^^^^^^^^^^^^^^^^^^^^^^
  File "C:\Users\edmun\Projects\Repositories\healthpartners-interview\.venv\Lib\site-packages\pydantic\main.py", line 193, in __init__
    self.__pydantic_validator__.validate_python(data, self_instance=self)
pydantic_core._pydantic_core.ValidationError: 16 validation errors for Dataset
accessLevel
  Field required [type=missing, input_value={'item': 'title'}, input_type=dict]
    For further information visit https://errors.pydantic.dev/2.8/v/missing
landingPage
  Field required [type=missing, input_value={'item': 'title'}, input_type=dict]
    For further information visit https://errors.pydantic.dev/2.8/v/missing
bureauCode
  Field required [type=missing, input_value={'item': 'title'}, input_type=dict]
    For further information visit https://errors.pydantic.dev/2.8/v/missing
issued
  Field required [type=missing, input_value={'item': 'title'}, input_type=dict]
    For further information visit https://errors.pydantic.dev/2.8/v/missing
@type
  Field required [type=missing, input_value={'item': 'title'}, input_type=dict]
    For further information visit https://errors.pydantic.dev/2.8/v/missing
modified
  Field required [type=missing, input_value={'item': 'title'}, input_type=dict]
    For further information visit https://errors.pydantic.dev/2.8/v/missing
released
  Field required [type=missing, input_value={'item': 'title'}, input_type=dict]
    For further information visit https://errors.pydantic.dev/2.8/v/missing
keyword
  Field required [type=missing, input_value={'item': 'title'}, input_type=dict]
    For further information visit https://errors.pydantic.dev/2.8/v/missing
contactPoint
  Field required [type=missing, input_value={'item': 'title'}, input_type=dict]
    For further information visit https://errors.pydantic.dev/2.8/v/missing
publisher
  Field required [type=missing, input_value={'item': 'title'}, input_type=dict]
    For further information visit https://errors.pydantic.dev/2.8/v/missing
identifier
  Field required [type=missing, input_value={'item': 'title'}, input_type=dict]
    For further information visit https://errors.pydantic.dev/2.8/v/missing
description
  Field required [type=missing, input_value={'item': 'title'}, input_type=dict]
    For further information visit https://errors.pydantic.dev/2.8/v/missing
title
  Field required [type=missing, input_value={'item': 'title'}, input_type=dict]
    For further information visit https://errors.pydantic.dev/2.8/v/missing
programCode
  Field required [type=missing, input_value={'item': 'title'}, input_type=dict]
    For further information visit https://errors.pydantic.dev/2.8/v/missing
distribution
  Field required [type=missing, input_value={'item': 'title'}, input_type=dict]
    For further information visit https://errors.pydantic.dev/2.8/v/missing
theme
  Field required [type=missing, input_value={'item': 'title'}, input_type=dict]
    For further information visit https://errors.pydantic.dev/2.8/v/missing
2024-08-23 12:40:38 - ERROR - Validation error for dataset: Unknown title
Traceback (most recent call last):
  File "C:\Users\edmun\Projects\Repositories\healthpartners-interview\src\healthpartners_interview\download.py", line 31, in fetch_datasets
    dataset = Dataset(**current_item)
              ^^^^^^^^^^^^^^^^^^^^^^^
  File "C:\Users\edmun\Projects\Repositories\healthpartners-interview\.venv\Lib\site-packages\pydantic\main.py", line 193, in __init__
    self.__pydantic_validator__.validate_python(data, self_instance=self)
pydantic_core._pydantic_core.ValidationError: 16 validation errors for Dataset
accessLevel
  Field required [type=missing, input_value={}, input_type=dict]
    For further information visit https://errors.pydantic.dev/2.8/v/missing
landingPage
  Field required [type=missing, input_value={}, input_type=dict]
    For further information visit https://errors.pydantic.dev/2.8/v/missing
bureauCode
  Field required [type=missing, input_value={}, input_type=dict]
    For further information visit https://errors.pydantic.dev/2.8/v/missing
issued
  Field required [type=missing, input_value={}, input_type=dict]
    For further information visit https://errors.pydantic.dev/2.8/v/missing
@type
  Field required [type=missing, input_value={}, input_type=dict]
    For further information visit https://errors.pydantic.dev/2.8/v/missing
modified
  Field required [type=missing, input_value={}, input_type=dict]
    For further information visit https://errors.pydantic.dev/2.8/v/missing
released
  Field required [type=missing, input_value={}, input_type=dict]
    For further information visit https://errors.pydantic.dev/2.8/v/missing
keyword
  Field required [type=missing, input_value={}, input_type=dict]
    For further information visit https://errors.pydantic.dev/2.8/v/missing
contactPoint
  Field required [type=missing, input_value={}, input_type=dict]
    For further information visit https://errors.pydantic.dev/2.8/v/missing
publisher
  Field required [type=missing, input_value={}, input_type=dict]
    For further information visit https://errors.pydantic.dev/2.8/v/missing
identifier
  Field required [type=missing, input_value={}, input_type=dict]
    For further information visit https://errors.pydantic.dev/2.8/v/missing
description
  Field required [type=missing, input_value={}, input_type=dict]
    For further information visit https://errors.pydantic.dev/2.8/v/missing
title
  Field required [type=missing, input_value={}, input_type=dict]
    For further information visit https://errors.pydantic.dev/2.8/v/missing
programCode
  Field required [type=missing, input_value={}, input_type=dict]
    For further information visit https://errors.pydantic.dev/2.8/v/missing
distribution
  Field required [type=missing, input_value={}, input_type=dict]
    For further information visit https://errors.pydantic.dev/2.8/v/missing
theme
  Field required [type=missing, input_value={}, input_type=dict]
    For further information visit https://errors.pydantic.dev/2.8/v/missing
2024-08-23 12:40:38 - ERROR - Validation error for dataset: Unknown title
Traceback (most recent call last):
  File "C:\Users\edmun\Projects\Repositories\healthpartners-interview\src\healthpartners_interview\download.py", line 31, in fetch_datasets
    dataset = Dataset(**current_item)
              ^^^^^^^^^^^^^^^^^^^^^^^
  File "C:\Users\edmun\Projects\Repositories\healthpartners-interview\.venv\Lib\site-packages\pydantic\main.py", line 193, in __init__
    self.__pydantic_validator__.validate_python(data, self_instance=self)
pydantic_core._pydantic_core.ValidationError: 16 validation errors for Dataset
accessLevel
  Field required [type=missing, input_value={}, input_type=dict]
    For further information visit https://errors.pydantic.dev/2.8/v/missing
landingPage
  Field required [type=missing, input_value={}, input_type=dict]
    For further information visit https://errors.pydantic.dev/2.8/v/missing
bureauCode
  Field required [type=missing, input_value={}, input_type=dict]
    For further information visit https://errors.pydantic.dev/2.8/v/missing
issued
  Field required [type=missing, input_value={}, input_type=dict]
    For further information visit https://errors.pydantic.dev/2.8/v/missing
@type
  Field required [type=missing, input_value={}, input_type=dict]
    For further information visit https://errors.pydantic.dev/2.8/v/missing
modified
  Field required [type=missing, input_value={}, input_type=dict]
    For further information visit https://errors.pydantic.dev/2.8/v/missing
released
  Field required [type=missing, input_value={}, input_type=dict]
    For further information visit https://errors.pydantic.dev/2.8/v/missing
keyword
  Field required [type=missing, input_value={}, input_type=dict]
    For further information visit https://errors.pydantic.dev/2.8/v/missing
contactPoint
  Field required [type=missing, input_value={}, input_type=dict]
    For further information visit https://errors.pydantic.dev/2.8/v/missing
publisher
  Field required [type=missing, input_value={}, input_type=dict]
    For further information visit https://errors.pydantic.dev/2.8/v/missing
identifier
  Field required [type=missing, input_value={}, input_type=dict]
    For further information visit https://errors.pydantic.dev/2.8/v/missing
description
  Field required [type=missing, input_value={}, input_type=dict]
    For further information visit https://errors.pydantic.dev/2.8/v/missing
title
  Field required [type=missing, input_value={}, input_type=dict]
    For further information visit https://errors.pydantic.dev/2.8/v/missing
programCode
  Field required [type=missing, input_value={}, input_type=dict]
    For further information visit https://errors.pydantic.dev/2.8/v/missing
distribution
  Field required [type=missing, input_value={}, input_type=dict]
    For further information visit https://errors.pydantic.dev/2.8/v/missing
theme
  Field required [type=missing, input_value={}, input_type=dict]
    For further information visit https://errors.pydantic.dev/2.8/v/missing
2024-08-23 12:40:38 - ERROR - Validation error for dataset: Unknown title
Traceback (most recent call last):
  File "C:\Users\edmun\Projects\Repositories\healthpartners-interview\src\healthpartners_interview\download.py", line 31, in fetch_datasets
    dataset = Dataset(**current_item)
              ^^^^^^^^^^^^^^^^^^^^^^^
  File "C:\Users\edmun\Projects\Repositories\healthpartners-interview\.venv\Lib\site-packages\pydantic\main.py", line 193, in __init__
    self.__pydantic_validator__.validate_python(data, self_instance=self)
pydantic_core._pydantic_core.ValidationError: 16 validation errors for Dataset
accessLevel
  Field required [type=missing, input_value={}, input_type=dict]
    For further information visit https://errors.pydantic.dev/2.8/v/missing
landingPage
  Field required [type=missing, input_value={}, input_type=dict]
    For further information visit https://errors.pydantic.dev/2.8/v/missing
bureauCode
  Field required [type=missing, input_value={}, input_type=dict]
    For further information visit https://errors.pydantic.dev/2.8/v/missing
issued
  Field required [type=missing, input_value={}, input_type=dict]
    For further information visit https://errors.pydantic.dev/2.8/v/missing
@type
  Field required [type=missing, input_value={}, input_type=dict]
    For further information visit https://errors.pydantic.dev/2.8/v/missing
modified
  Field required [type=missing, input_value={}, input_type=dict]
    For further information visit https://errors.pydantic.dev/2.8/v/missing
released
  Field required [type=missing, input_value={}, input_type=dict]
    For further information visit https://errors.pydantic.dev/2.8/v/missing
keyword
  Field required [type=missing, input_value={}, input_type=dict]
    For further information visit https://errors.pydantic.dev/2.8/v/missing
contactPoint
  Field required [type=missing, input_value={}, input_type=dict]
    For further information visit https://errors.pydantic.dev/2.8/v/missing
publisher
  Field required [type=missing, input_value={}, input_type=dict]
    For further information visit https://errors.pydantic.dev/2.8/v/missing
identifier
  Field required [type=missing, input_value={}, input_type=dict]
    For further information visit https://errors.pydantic.dev/2.8/v/missing
description
  Field required [type=missing, input_value={}, input_type=dict]
    For further information visit https://errors.pydantic.dev/2.8/v/missing
title
  Field required [type=missing, input_value={}, input_type=dict]
    For further information visit https://errors.pydantic.dev/2.8/v/missing
programCode
  Field required [type=missing, input_value={}, input_type=dict]
    For further information visit https://errors.pydantic.dev/2.8/v/missing
distribution
  Field required [type=missing, input_value={}, input_type=dict]
    For further information visit https://errors.pydantic.dev/2.8/v/missing
theme
  Field required [type=missing, input_value={}, input_type=dict]
    For further information visit https://errors.pydantic.dev/2.8/v/missing
2024-08-23 12:40:38 - ERROR - Validation error for dataset: Unknown title
Traceback (most recent call last):
  File "C:\Users\edmun\Projects\Repositories\healthpartners-interview\src\healthpartners_interview\download.py", line 31, in fetch_datasets
    dataset = Dataset(**current_item)
              ^^^^^^^^^^^^^^^^^^^^^^^
  File "C:\Users\edmun\Projects\Repositories\healthpartners-interview\.venv\Lib\site-packages\pydantic\main.py", line 193, in __init__
    self.__pydantic_validator__.validate_python(data, self_instance=self)
pydantic_core._pydantic_core.ValidationError: 16 validation errors for Dataset
accessLevel
  Field required [type=missing, input_value={'item': 'title'}, input_type=dict]
    For further information visit https://errors.pydantic.dev/2.8/v/missing
landingPage
  Field required [type=missing, input_value={'item': 'title'}, input_type=dict]
    For further information visit https://errors.pydantic.dev/2.8/v/missing
bureauCode
  Field required [type=missing, input_value={'item': 'title'}, input_type=dict]
    For further information visit https://errors.pydantic.dev/2.8/v/missing
issued
  Field required [type=missing, input_value={'item': 'title'}, input_type=dict]
    For further information visit https://errors.pydantic.dev/2.8/v/missing
@type
  Field required [type=missing, input_value={'item': 'title'}, input_type=dict]
    For further information visit https://errors.pydantic.dev/2.8/v/missing
modified
  Field required [type=missing, input_value={'item': 'title'}, input_type=dict]
    For further information visit https://errors.pydantic.dev/2.8/v/missing
released
  Field required [type=missing, input_value={'item': 'title'}, input_type=dict]
    For further information visit https://errors.pydantic.dev/2.8/v/missing
keyword
  Field required [type=missing, input_value={'item': 'title'}, input_type=dict]
    For further information visit https://errors.pydantic.dev/2.8/v/missing
contactPoint
  Field required [type=missing, input_value={'item': 'title'}, input_type=dict]
    For further information visit https://errors.pydantic.dev/2.8/v/missing
publisher
  Field required [type=missing, input_value={'item': 'title'}, input_type=dict]
    For further information visit https://errors.pydantic.dev/2.8/v/missing
identifier
  Field required [type=missing, input_value={'item': 'title'}, input_type=dict]
    For further information visit https://errors.pydantic.dev/2.8/v/missing
description
  Field required [type=missing, input_value={'item': 'title'}, input_type=dict]
    For further information visit https://errors.pydantic.dev/2.8/v/missing
title
  Field required [type=missing, input_value={'item': 'title'}, input_type=dict]
    For further information visit https://errors.pydantic.dev/2.8/v/missing
programCode
  Field required [type=missing, input_value={'item': 'title'}, input_type=dict]
    For further information visit https://errors.pydantic.dev/2.8/v/missing
distribution
  Field required [type=missing, input_value={'item': 'title'}, input_type=dict]
    For further information visit https://errors.pydantic.dev/2.8/v/missing
theme
  Field required [type=missing, input_value={'item': 'title'}, input_type=dict]
    For further information visit https://errors.pydantic.dev/2.8/v/missing
2024-08-23 12:40:38 - ERROR - Validation error for dataset: Unknown title
Traceback (most recent call last):
  File "C:\Users\edmun\Projects\Repositories\healthpartners-interview\src\healthpartners_interview\download.py", line 31, in fetch_datasets
    dataset = Dataset(**current_item)
              ^^^^^^^^^^^^^^^^^^^^^^^
  File "C:\Users\edmun\Projects\Repositories\healthpartners-interview\.venv\Lib\site-packages\pydantic\main.py", line 193, in __init__
    self.__pydantic_validator__.validate_python(data, self_instance=self)
pydantic_core._pydantic_core.ValidationError: 16 validation errors for Dataset
accessLevel
  Field required [type=missing, input_value={}, input_type=dict]
    For further information visit https://errors.pydantic.dev/2.8/v/missing
landingPage
  Field required [type=missing, input_value={}, input_type=dict]
    For further information visit https://errors.pydantic.dev/2.8/v/missing
bureauCode
  Field required [type=missing, input_value={}, input_type=dict]
    For further information visit https://errors.pydantic.dev/2.8/v/missing
issued
  Field required [type=missing, input_value={}, input_type=dict]
    For further information visit https://errors.pydantic.dev/2.8/v/missing
@type
  Field required [type=missing, input_value={}, input_type=dict]
    For further information visit https://errors.pydantic.dev/2.8/v/missing
modified
  Field required [type=missing, input_value={}, input_type=dict]
    For further information visit https://errors.pydantic.dev/2.8/v/missing
released
  Field required [type=missing, input_value={}, input_type=dict]
    For further information visit https://errors.pydantic.dev/2.8/v/missing
keyword
  Field required [type=missing, input_value={}, input_type=dict]
    For further information visit https://errors.pydantic.dev/2.8/v/missing
contactPoint
  Field required [type=missing, input_value={}, input_type=dict]
    For further information visit https://errors.pydantic.dev/2.8/v/missing
publisher
  Field required [type=missing, input_value={}, input_type=dict]
    For further information visit https://errors.pydantic.dev/2.8/v/missing
identifier
  Field required [type=missing, input_value={}, input_type=dict]
    For further information visit https://errors.pydantic.dev/2.8/v/missing
description
  Field required [type=missing, input_value={}, input_type=dict]
    For further information visit https://errors.pydantic.dev/2.8/v/missing
title
  Field required [type=missing, input_value={}, input_type=dict]
    For further information visit https://errors.pydantic.dev/2.8/v/missing
programCode
  Field required [type=missing, input_value={}, input_type=dict]
    For further information visit https://errors.pydantic.dev/2.8/v/missing
distribution
  Field required [type=missing, input_value={}, input_type=dict]
    For further information visit https://errors.pydantic.dev/2.8/v/missing
theme
  Field required [type=missing, input_value={}, input_type=dict]
    For further information visit https://errors.pydantic.dev/2.8/v/missing
2024-08-23 12:40:38 - ERROR - Validation error for dataset: Unknown title
Traceback (most recent call last):
  File "C:\Users\edmun\Projects\Repositories\healthpartners-interview\src\healthpartners_interview\download.py", line 31, in fetch_datasets
    dataset = Dataset(**current_item)
              ^^^^^^^^^^^^^^^^^^^^^^^
  File "C:\Users\edmun\Projects\Repositories\healthpartners-interview\.venv\Lib\site-packages\pydantic\main.py", line 193, in __init__
    self.__pydantic_validator__.validate_python(data, self_instance=self)
pydantic_core._pydantic_core.ValidationError: 16 validation errors for Dataset
accessLevel
  Field required [type=missing, input_value={}, input_type=dict]
    For further information visit https://errors.pydantic.dev/2.8/v/missing
landingPage
  Field required [type=missing, input_value={}, input_type=dict]
    For further information visit https://errors.pydantic.dev/2.8/v/missing
bureauCode
  Field required [type=missing, input_value={}, input_type=dict]
    For further information visit https://errors.pydantic.dev/2.8/v/missing
issued
  Field required [type=missing, input_value={}, input_type=dict]
    For further information visit https://errors.pydantic.dev/2.8/v/missing
@type
  Field required [type=missing, input_value={}, input_type=dict]
    For further information visit https://errors.pydantic.dev/2.8/v/missing
modified
  Field required [type=missing, input_value={}, input_type=dict]
    For further information visit https://errors.pydantic.dev/2.8/v/missing
released
  Field required [type=missing, input_value={}, input_type=dict]
    For further information visit https://errors.pydantic.dev/2.8/v/missing
keyword
  Field required [type=missing, input_value={}, input_type=dict]
    For further information visit https://errors.pydantic.dev/2.8/v/missing
contactPoint
  Field required [type=missing, input_value={}, input_type=dict]
    For further information visit https://errors.pydantic.dev/2.8/v/missing
publisher
  Field required [type=missing, input_value={}, input_type=dict]
    For further information visit https://errors.pydantic.dev/2.8/v/missing
identifier
  Field required [type=missing, input_value={}, input_type=dict]
    For further information visit https://errors.pydantic.dev/2.8/v/missing
description
  Field required [type=missing, input_value={}, input_type=dict]
    For further information visit https://errors.pydantic.dev/2.8/v/missing
title
  Field required [type=missing, input_value={}, input_type=dict]
    For further information visit https://errors.pydantic.dev/2.8/v/missing
programCode
  Field required [type=missing, input_value={}, input_type=dict]
    For further information visit https://errors.pydantic.dev/2.8/v/missing
distribution
  Field required [type=missing, input_value={}, input_type=dict]
    For further information visit https://errors.pydantic.dev/2.8/v/missing
theme
  Field required [type=missing, input_value={}, input_type=dict]
    For further information visit https://errors.pydantic.dev/2.8/v/missing
2024-08-23 12:40:38 - ERROR - Validation error for dataset: Unknown title
Traceback (most recent call last):
  File "C:\Users\edmun\Projects\Repositories\healthpartners-interview\src\healthpartners_interview\download.py", line 31, in fetch_datasets
    dataset = Dataset(**current_item)
              ^^^^^^^^^^^^^^^^^^^^^^^
  File "C:\Users\edmun\Projects\Repositories\healthpartners-interview\.venv\Lib\site-packages\pydantic\main.py", line 193, in __init__
    self.__pydantic_validator__.validate_python(data, self_instance=self)
pydantic_core._pydantic_core.ValidationError: 16 validation errors for Dataset
accessLevel
  Field required [type=missing, input_value={}, input_type=dict]
    For further information visit https://errors.pydantic.dev/2.8/v/missing
landingPage
  Field required [type=missing, input_value={}, input_type=dict]
    For further information visit https://errors.pydantic.dev/2.8/v/missing
bureauCode
  Field required [type=missing, input_value={}, input_type=dict]
    For further information visit https://errors.pydantic.dev/2.8/v/missing
issued
  Field required [type=missing, input_value={}, input_type=dict]
    For further information visit https://errors.pydantic.dev/2.8/v/missing
@type
  Field required [type=missing, input_value={}, input_type=dict]
    For further information visit https://errors.pydantic.dev/2.8/v/missing
modified
  Field required [type=missing, input_value={}, input_type=dict]
    For further information visit https://errors.pydantic.dev/2.8/v/missing
released
  Field required [type=missing, input_value={}, input_type=dict]
    For further information visit https://errors.pydantic.dev/2.8/v/missing
keyword
  Field required [type=missing, input_value={}, input_type=dict]
    For further information visit https://errors.pydantic.dev/2.8/v/missing
contactPoint
  Field required [type=missing, input_value={}, input_type=dict]
    For further information visit https://errors.pydantic.dev/2.8/v/missing
publisher
  Field required [type=missing, input_value={}, input_type=dict]
    For further information visit https://errors.pydantic.dev/2.8/v/missing
identifier
  Field required [type=missing, input_value={}, input_type=dict]
    For further information visit https://errors.pydantic.dev/2.8/v/missing
description
  Field required [type=missing, input_value={}, input_type=dict]
    For further information visit https://errors.pydantic.dev/2.8/v/missing
title
  Field required [type=missing, input_value={}, input_type=dict]
    For further information visit https://errors.pydantic.dev/2.8/v/missing
programCode
  Field required [type=missing, input_value={}, input_type=dict]
    For further information visit https://errors.pydantic.dev/2.8/v/missing
distribution
  Field required [type=missing, input_value={}, input_type=dict]
    For further information visit https://errors.pydantic.dev/2.8/v/missing
theme
  Field required [type=missing, input_value={}, input_type=dict]
    For further information visit https://errors.pydantic.dev/2.8/v/missing
2024-08-23 12:40:38 - ERROR - Validation error for dataset: Unknown title
Traceback (most recent call last):
  File "C:\Users\edmun\Projects\Repositories\healthpartners-interview\src\healthpartners_interview\download.py", line 31, in fetch_datasets
    dataset = Dataset(**current_item)
              ^^^^^^^^^^^^^^^^^^^^^^^
  File "C:\Users\edmun\Projects\Repositories\healthpartners-interview\.venv\Lib\site-packages\pydantic\main.py", line 193, in __init__
    self.__pydantic_validator__.validate_python(data, self_instance=self)
pydantic_core._pydantic_core.ValidationError: 16 validation errors for Dataset
accessLevel
  Field required [type=missing, input_value={'item': 'title'}, input_type=dict]
    For further information visit https://errors.pydantic.dev/2.8/v/missing
landingPage
  Field required [type=missing, input_value={'item': 'title'}, input_type=dict]
    For further information visit https://errors.pydantic.dev/2.8/v/missing
bureauCode
  Field required [type=missing, input_value={'item': 'title'}, input_type=dict]
    For further information visit https://errors.pydantic.dev/2.8/v/missing
issued
  Field required [type=missing, input_value={'item': 'title'}, input_type=dict]
    For further information visit https://errors.pydantic.dev/2.8/v/missing
@type
  Field required [type=missing, input_value={'item': 'title'}, input_type=dict]
    For further information visit https://errors.pydantic.dev/2.8/v/missing
modified
  Field required [type=missing, input_value={'item': 'title'}, input_type=dict]
    For further information visit https://errors.pydantic.dev/2.8/v/missing
released
  Field required [type=missing, input_value={'item': 'title'}, input_type=dict]
    For further information visit https://errors.pydantic.dev/2.8/v/missing
keyword
  Field required [type=missing, input_value={'item': 'title'}, input_type=dict]
    For further information visit https://errors.pydantic.dev/2.8/v/missing
contactPoint
  Field required [type=missing, input_value={'item': 'title'}, input_type=dict]
    For further information visit https://errors.pydantic.dev/2.8/v/missing
publisher
  Field required [type=missing, input_value={'item': 'title'}, input_type=dict]
    For further information visit https://errors.pydantic.dev/2.8/v/missing
identifier
  Field required [type=missing, input_value={'item': 'title'}, input_type=dict]
    For further information visit https://errors.pydantic.dev/2.8/v/missing
description
  Field required [type=missing, input_value={'item': 'title'}, input_type=dict]
    For further information visit https://errors.pydantic.dev/2.8/v/missing
title
  Field required [type=missing, input_value={'item': 'title'}, input_type=dict]
    For further information visit https://errors.pydantic.dev/2.8/v/missing
programCode
  Field required [type=missing, input_value={'item': 'title'}, input_type=dict]
    For further information visit https://errors.pydantic.dev/2.8/v/missing
distribution
  Field required [type=missing, input_value={'item': 'title'}, input_type=dict]
    For further information visit https://errors.pydantic.dev/2.8/v/missing
theme
  Field required [type=missing, input_value={'item': 'title'}, input_type=dict]
    For further information visit https://errors.pydantic.dev/2.8/v/missing
2024-08-23 12:40:38 - ERROR - Validation error for dataset: Unknown title
Traceback (most recent call last):
  File "C:\Users\edmun\Projects\Repositories\healthpartners-interview\src\healthpartners_interview\download.py", line 31, in fetch_datasets
    dataset = Dataset(**current_item)
              ^^^^^^^^^^^^^^^^^^^^^^^
  File "C:\Users\edmun\Projects\Repositories\healthpartners-interview\.venv\Lib\site-packages\pydantic\main.py", line 193, in __init__
    self.__pydantic_validator__.validate_python(data, self_instance=self)
pydantic_core._pydantic_core.ValidationError: 16 validation errors for Dataset
accessLevel
  Field required [type=missing, input_value={}, input_type=dict]
    For further information visit https://errors.pydantic.dev/2.8/v/missing
landingPage
  Field required [type=missing, input_value={}, input_type=dict]
    For further information visit https://errors.pydantic.dev/2.8/v/missing
bureauCode
  Field required [type=missing, input_value={}, input_type=dict]
    For further information visit https://errors.pydantic.dev/2.8/v/missing
issued
  Field required [type=missing, input_value={}, input_type=dict]
    For further information visit https://errors.pydantic.dev/2.8/v/missing
@type
  Field required [type=missing, input_value={}, input_type=dict]
    For further information visit https://errors.pydantic.dev/2.8/v/missing
modified
  Field required [type=missing, input_value={}, input_type=dict]
    For further information visit https://errors.pydantic.dev/2.8/v/missing
released
  Field required [type=missing, input_value={}, input_type=dict]
    For further information visit https://errors.pydantic.dev/2.8/v/missing
keyword
  Field required [type=missing, input_value={}, input_type=dict]
    For further information visit https://errors.pydantic.dev/2.8/v/missing
contactPoint
  Field required [type=missing, input_value={}, input_type=dict]
    For further information visit https://errors.pydantic.dev/2.8/v/missing
publisher
  Field required [type=missing, input_value={}, input_type=dict]
    For further information visit https://errors.pydantic.dev/2.8/v/missing
identifier
  Field required [type=missing, input_value={}, input_type=dict]
    For further information visit https://errors.pydantic.dev/2.8/v/missing
description
  Field required [type=missing, input_value={}, input_type=dict]
    For further information visit https://errors.pydantic.dev/2.8/v/missing
title
  Field required [type=missing, input_value={}, input_type=dict]
    For further information visit https://errors.pydantic.dev/2.8/v/missing
programCode
  Field required [type=missing, input_value={}, input_type=dict]
    For further information visit https://errors.pydantic.dev/2.8/v/missing
distribution
  Field required [type=missing, input_value={}, input_type=dict]
    For further information visit https://errors.pydantic.dev/2.8/v/missing
theme
  Field required [type=missing, input_value={}, input_type=dict]
    For further information visit https://errors.pydantic.dev/2.8/v/missing
2024-08-23 12:40:38 - ERROR - Validation error for dataset: Unknown title
Traceback (most recent call last):
  File "C:\Users\edmun\Projects\Repositories\healthpartners-interview\src\healthpartners_interview\download.py", line 31, in fetch_datasets
    dataset = Dataset(**current_item)
              ^^^^^^^^^^^^^^^^^^^^^^^
  File "C:\Users\edmun\Projects\Repositories\healthpartners-interview\.venv\Lib\site-packages\pydantic\main.py", line 193, in __init__
    self.__pydantic_validator__.validate_python(data, self_instance=self)
pydantic_core._pydantic_core.ValidationError: 16 validation errors for Dataset
accessLevel
  Field required [type=missing, input_value={}, input_type=dict]
    For further information visit https://errors.pydantic.dev/2.8/v/missing
landingPage
  Field required [type=missing, input_value={}, input_type=dict]
    For further information visit https://errors.pydantic.dev/2.8/v/missing
bureauCode
  Field required [type=missing, input_value={}, input_type=dict]
    For further information visit https://errors.pydantic.dev/2.8/v/missing
issued
  Field required [type=missing, input_value={}, input_type=dict]
    For further information visit https://errors.pydantic.dev/2.8/v/missing
@type
  Field required [type=missing, input_value={}, input_type=dict]
    For further information visit https://errors.pydantic.dev/2.8/v/missing
modified
  Field required [type=missing, input_value={}, input_type=dict]
    For further information visit https://errors.pydantic.dev/2.8/v/missing
released
  Field required [type=missing, input_value={}, input_type=dict]
    For further information visit https://errors.pydantic.dev/2.8/v/missing
keyword
  Field required [type=missing, input_value={}, input_type=dict]
    For further information visit https://errors.pydantic.dev/2.8/v/missing
contactPoint
  Field required [type=missing, input_value={}, input_type=dict]
    For further information visit https://errors.pydantic.dev/2.8/v/missing
publisher
  Field required [type=missing, input_value={}, input_type=dict]
    For further information visit https://errors.pydantic.dev/2.8/v/missing
identifier
  Field required [type=missing, input_value={}, input_type=dict]
    For further information visit https://errors.pydantic.dev/2.8/v/missing
description
  Field required [type=missing, input_value={}, input_type=dict]
    For further information visit https://errors.pydantic.dev/2.8/v/missing
title
  Field required [type=missing, input_value={}, input_type=dict]
    For further information visit https://errors.pydantic.dev/2.8/v/missing
programCode
  Field required [type=missing, input_value={}, input_type=dict]
    For further information visit https://errors.pydantic.dev/2.8/v/missing
distribution
  Field required [type=missing, input_value={}, input_type=dict]
    For further information visit https://errors.pydantic.dev/2.8/v/missing
theme
  Field required [type=missing, input_value={}, input_type=dict]
    For further information visit https://errors.pydantic.dev/2.8/v/missing
2024-08-23 12:40:38 - ERROR - Validation error for dataset: Unknown title
Traceback (most recent call last):
  File "C:\Users\edmun\Projects\Repositories\healthpartners-interview\src\healthpartners_interview\download.py", line 31, in fetch_datasets
    dataset = Dataset(**current_item)
              ^^^^^^^^^^^^^^^^^^^^^^^
  File "C:\Users\edmun\Projects\Repositories\healthpartners-interview\.venv\Lib\site-packages\pydantic\main.py", line 193, in __init__
    self.__pydantic_validator__.validate_python(data, self_instance=self)
pydantic_core._pydantic_core.ValidationError: 16 validation errors for Dataset
accessLevel
  Field required [type=missing, input_value={}, input_type=dict]
    For further information visit https://errors.pydantic.dev/2.8/v/missing
landingPage
  Field required [type=missing, input_value={}, input_type=dict]
    For further information visit https://errors.pydantic.dev/2.8/v/missing
bureauCode
  Field required [type=missing, input_value={}, input_type=dict]
    For further information visit https://errors.pydantic.dev/2.8/v/missing
issued
  Field required [type=missing, input_value={}, input_type=dict]
    For further information visit https://errors.pydantic.dev/2.8/v/missing
@type
  Field required [type=missing, input_value={}, input_type=dict]
    For further information visit https://errors.pydantic.dev/2.8/v/missing
modified
  Field required [type=missing, input_value={}, input_type=dict]
    For further information visit https://errors.pydantic.dev/2.8/v/missing
released
  Field required [type=missing, input_value={}, input_type=dict]
    For further information visit https://errors.pydantic.dev/2.8/v/missing
keyword
  Field required [type=missing, input_value={}, input_type=dict]
    For further information visit https://errors.pydantic.dev/2.8/v/missing
contactPoint
  Field required [type=missing, input_value={}, input_type=dict]
    For further information visit https://errors.pydantic.dev/2.8/v/missing
publisher
  Field required [type=missing, input_value={}, input_type=dict]
    For further information visit https://errors.pydantic.dev/2.8/v/missing
identifier
  Field required [type=missing, input_value={}, input_type=dict]
    For further information visit https://errors.pydantic.dev/2.8/v/missing
description
  Field required [type=missing, input_value={}, input_type=dict]
    For further information visit https://errors.pydantic.dev/2.8/v/missing
title
  Field required [type=missing, input_value={}, input_type=dict]
    For further information visit https://errors.pydantic.dev/2.8/v/missing
programCode
  Field required [type=missing, input_value={}, input_type=dict]
    For further information visit https://errors.pydantic.dev/2.8/v/missing
distribution
  Field required [type=missing, input_value={}, input_type=dict]
    For further information visit https://errors.pydantic.dev/2.8/v/missing
theme
  Field required [type=missing, input_value={}, input_type=dict]
    For further information visit https://errors.pydantic.dev/2.8/v/missing
2024-08-23 12:40:38 - ERROR - Validation error for dataset: Unknown title
Traceback (most recent call last):
  File "C:\Users\edmun\Projects\Repositories\healthpartners-interview\src\healthpartners_interview\download.py", line 31, in fetch_datasets
    dataset = Dataset(**current_item)
              ^^^^^^^^^^^^^^^^^^^^^^^
  File "C:\Users\edmun\Projects\Repositories\healthpartners-interview\.venv\Lib\site-packages\pydantic\main.py", line 193, in __init__
    self.__pydantic_validator__.validate_python(data, self_instance=self)
pydantic_core._pydantic_core.ValidationError: 16 validation errors for Dataset
accessLevel
  Field required [type=missing, input_value={'item': 'title'}, input_type=dict]
    For further information visit https://errors.pydantic.dev/2.8/v/missing
landingPage
  Field required [type=missing, input_value={'item': 'title'}, input_type=dict]
    For further information visit https://errors.pydantic.dev/2.8/v/missing
bureauCode
  Field required [type=missing, input_value={'item': 'title'}, input_type=dict]
    For further information visit https://errors.pydantic.dev/2.8/v/missing
issued
  Field required [type=missing, input_value={'item': 'title'}, input_type=dict]
    For further information visit https://errors.pydantic.dev/2.8/v/missing
@type
  Field required [type=missing, input_value={'item': 'title'}, input_type=dict]
    For further information visit https://errors.pydantic.dev/2.8/v/missing
modified
  Field required [type=missing, input_value={'item': 'title'}, input_type=dict]
    For further information visit https://errors.pydantic.dev/2.8/v/missing
released
  Field required [type=missing, input_value={'item': 'title'}, input_type=dict]
    For further information visit https://errors.pydantic.dev/2.8/v/missing
keyword
  Field required [type=missing, input_value={'item': 'title'}, input_type=dict]
    For further information visit https://errors.pydantic.dev/2.8/v/missing
contactPoint
  Field required [type=missing, input_value={'item': 'title'}, input_type=dict]
    For further information visit https://errors.pydantic.dev/2.8/v/missing
publisher
  Field required [type=missing, input_value={'item': 'title'}, input_type=dict]
    For further information visit https://errors.pydantic.dev/2.8/v/missing
identifier
  Field required [type=missing, input_value={'item': 'title'}, input_type=dict]
    For further information visit https://errors.pydantic.dev/2.8/v/missing
description
  Field required [type=missing, input_value={'item': 'title'}, input_type=dict]
    For further information visit https://errors.pydantic.dev/2.8/v/missing
title
  Field required [type=missing, input_value={'item': 'title'}, input_type=dict]
    For further information visit https://errors.pydantic.dev/2.8/v/missing
programCode
  Field required [type=missing, input_value={'item': 'title'}, input_type=dict]
    For further information visit https://errors.pydantic.dev/2.8/v/missing
distribution
  Field required [type=missing, input_value={'item': 'title'}, input_type=dict]
    For further information visit https://errors.pydantic.dev/2.8/v/missing
theme
  Field required [type=missing, input_value={'item': 'title'}, input_type=dict]
    For further information visit https://errors.pydantic.dev/2.8/v/missing
2024-08-23 12:40:38 - ERROR - Validation error for dataset: Unknown title
Traceback (most recent call last):
  File "C:\Users\edmun\Projects\Repositories\healthpartners-interview\src\healthpartners_interview\download.py", line 31, in fetch_datasets
    dataset = Dataset(**current_item)
              ^^^^^^^^^^^^^^^^^^^^^^^
  File "C:\Users\edmun\Projects\Repositories\healthpartners-interview\.venv\Lib\site-packages\pydantic\main.py", line 193, in __init__
    self.__pydantic_validator__.validate_python(data, self_instance=self)
pydantic_core._pydantic_core.ValidationError: 16 validation errors for Dataset
accessLevel
  Field required [type=missing, input_value={}, input_type=dict]
    For further information visit https://errors.pydantic.dev/2.8/v/missing
landingPage
  Field required [type=missing, input_value={}, input_type=dict]
    For further information visit https://errors.pydantic.dev/2.8/v/missing
bureauCode
  Field required [type=missing, input_value={}, input_type=dict]
    For further information visit https://errors.pydantic.dev/2.8/v/missing
issued
  Field required [type=missing, input_value={}, input_type=dict]
    For further information visit https://errors.pydantic.dev/2.8/v/missing
@type
  Field required [type=missing, input_value={}, input_type=dict]
    For further information visit https://errors.pydantic.dev/2.8/v/missing
modified
  Field required [type=missing, input_value={}, input_type=dict]
    For further information visit https://errors.pydantic.dev/2.8/v/missing
released
  Field required [type=missing, input_value={}, input_type=dict]
    For further information visit https://errors.pydantic.dev/2.8/v/missing
keyword
  Field required [type=missing, input_value={}, input_type=dict]
    For further information visit https://errors.pydantic.dev/2.8/v/missing
contactPoint
  Field required [type=missing, input_value={}, input_type=dict]
    For further information visit https://errors.pydantic.dev/2.8/v/missing
publisher
  Field required [type=missing, input_value={}, input_type=dict]
    For further information visit https://errors.pydantic.dev/2.8/v/missing
identifier
  Field required [type=missing, input_value={}, input_type=dict]
    For further information visit https://errors.pydantic.dev/2.8/v/missing
description
  Field required [type=missing, input_value={}, input_type=dict]
    For further information visit https://errors.pydantic.dev/2.8/v/missing
title
  Field required [type=missing, input_value={}, input_type=dict]
    For further information visit https://errors.pydantic.dev/2.8/v/missing
programCode
  Field required [type=missing, input_value={}, input_type=dict]
    For further information visit https://errors.pydantic.dev/2.8/v/missing
distribution
  Field required [type=missing, input_value={}, input_type=dict]
    For further information visit https://errors.pydantic.dev/2.8/v/missing
theme
  Field required [type=missing, input_value={}, input_type=dict]
    For further information visit https://errors.pydantic.dev/2.8/v/missing
2024-08-23 12:40:38 - ERROR - Validation error for dataset: Unknown title
Traceback (most recent call last):
  File "C:\Users\edmun\Projects\Repositories\healthpartners-interview\src\healthpartners_interview\download.py", line 31, in fetch_datasets
    dataset = Dataset(**current_item)
              ^^^^^^^^^^^^^^^^^^^^^^^
  File "C:\Users\edmun\Projects\Repositories\healthpartners-interview\.venv\Lib\site-packages\pydantic\main.py", line 193, in __init__
    self.__pydantic_validator__.validate_python(data, self_instance=self)
pydantic_core._pydantic_core.ValidationError: 16 validation errors for Dataset
accessLevel
  Field required [type=missing, input_value={}, input_type=dict]
    For further information visit https://errors.pydantic.dev/2.8/v/missing
landingPage
  Field required [type=missing, input_value={}, input_type=dict]
    For further information visit https://errors.pydantic.dev/2.8/v/missing
bureauCode
  Field required [type=missing, input_value={}, input_type=dict]
    For further information visit https://errors.pydantic.dev/2.8/v/missing
issued
  Field required [type=missing, input_value={}, input_type=dict]
    For further information visit https://errors.pydantic.dev/2.8/v/missing
@type
  Field required [type=missing, input_value={}, input_type=dict]
    For further information visit https://errors.pydantic.dev/2.8/v/missing
modified
  Field required [type=missing, input_value={}, input_type=dict]
    For further information visit https://errors.pydantic.dev/2.8/v/missing
released
  Field required [type=missing, input_value={}, input_type=dict]
    For further information visit https://errors.pydantic.dev/2.8/v/missing
keyword
  Field required [type=missing, input_value={}, input_type=dict]
    For further information visit https://errors.pydantic.dev/2.8/v/missing
contactPoint
  Field required [type=missing, input_value={}, input_type=dict]
    For further information visit https://errors.pydantic.dev/2.8/v/missing
publisher
  Field required [type=missing, input_value={}, input_type=dict]
    For further information visit https://errors.pydantic.dev/2.8/v/missing
identifier
  Field required [type=missing, input_value={}, input_type=dict]
    For further information visit https://errors.pydantic.dev/2.8/v/missing
description
  Field required [type=missing, input_value={}, input_type=dict]
    For further information visit https://errors.pydantic.dev/2.8/v/missing
title
  Field required [type=missing, input_value={}, input_type=dict]
    For further information visit https://errors.pydantic.dev/2.8/v/missing
programCode
  Field required [type=missing, input_value={}, input_type=dict]
    For further information visit https://errors.pydantic.dev/2.8/v/missing
distribution
  Field required [type=missing, input_value={}, input_type=dict]
    For further information visit https://errors.pydantic.dev/2.8/v/missing
theme
  Field required [type=missing, input_value={}, input_type=dict]
    For further information visit https://errors.pydantic.dev/2.8/v/missing
2024-08-23 12:40:38 - ERROR - Validation error for dataset: Unknown title
Traceback (most recent call last):
  File "C:\Users\edmun\Projects\Repositories\healthpartners-interview\src\healthpartners_interview\download.py", line 31, in fetch_datasets
    dataset = Dataset(**current_item)
              ^^^^^^^^^^^^^^^^^^^^^^^
  File "C:\Users\edmun\Projects\Repositories\healthpartners-interview\.venv\Lib\site-packages\pydantic\main.py", line 193, in __init__
    self.__pydantic_validator__.validate_python(data, self_instance=self)
pydantic_core._pydantic_core.ValidationError: 16 validation errors for Dataset
accessLevel
  Field required [type=missing, input_value={}, input_type=dict]
    For further information visit https://errors.pydantic.dev/2.8/v/missing
landingPage
  Field required [type=missing, input_value={}, input_type=dict]
    For further information visit https://errors.pydantic.dev/2.8/v/missing
bureauCode
  Field required [type=missing, input_value={}, input_type=dict]
    For further information visit https://errors.pydantic.dev/2.8/v/missing
issued
  Field required [type=missing, input_value={}, input_type=dict]
    For further information visit https://errors.pydantic.dev/2.8/v/missing
@type
  Field required [type=missing, input_value={}, input_type=dict]
    For further information visit https://errors.pydantic.dev/2.8/v/missing
modified
  Field required [type=missing, input_value={}, input_type=dict]
    For further information visit https://errors.pydantic.dev/2.8/v/missing
released
  Field required [type=missing, input_value={}, input_type=dict]
    For further information visit https://errors.pydantic.dev/2.8/v/missing
keyword
  Field required [type=missing, input_value={}, input_type=dict]
    For further information visit https://errors.pydantic.dev/2.8/v/missing
contactPoint
  Field required [type=missing, input_value={}, input_type=dict]
    For further information visit https://errors.pydantic.dev/2.8/v/missing
publisher
  Field required [type=missing, input_value={}, input_type=dict]
    For further information visit https://errors.pydantic.dev/2.8/v/missing
identifier
  Field required [type=missing, input_value={}, input_type=dict]
    For further information visit https://errors.pydantic.dev/2.8/v/missing
description
  Field required [type=missing, input_value={}, input_type=dict]
    For further information visit https://errors.pydantic.dev/2.8/v/missing
title
  Field required [type=missing, input_value={}, input_type=dict]
    For further information visit https://errors.pydantic.dev/2.8/v/missing
programCode
  Field required [type=missing, input_value={}, input_type=dict]
    For further information visit https://errors.pydantic.dev/2.8/v/missing
distribution
  Field required [type=missing, input_value={}, input_type=dict]
    For further information visit https://errors.pydantic.dev/2.8/v/missing
theme
  Field required [type=missing, input_value={}, input_type=dict]
    For further information visit https://errors.pydantic.dev/2.8/v/missing
2024-08-23 12:40:38 - ERROR - Validation error for dataset: Unknown title
Traceback (most recent call last):
  File "C:\Users\edmun\Projects\Repositories\healthpartners-interview\src\healthpartners_interview\download.py", line 31, in fetch_datasets
    dataset = Dataset(**current_item)
              ^^^^^^^^^^^^^^^^^^^^^^^
  File "C:\Users\edmun\Projects\Repositories\healthpartners-interview\.venv\Lib\site-packages\pydantic\main.py", line 193, in __init__
    self.__pydantic_validator__.validate_python(data, self_instance=self)
pydantic_core._pydantic_core.ValidationError: 16 validation errors for Dataset
accessLevel
  Field required [type=missing, input_value={'item': 'title'}, input_type=dict]
    For further information visit https://errors.pydantic.dev/2.8/v/missing
landingPage
  Field required [type=missing, input_value={'item': 'title'}, input_type=dict]
    For further information visit https://errors.pydantic.dev/2.8/v/missing
bureauCode
  Field required [type=missing, input_value={'item': 'title'}, input_type=dict]
    For further information visit https://errors.pydantic.dev/2.8/v/missing
issued
  Field required [type=missing, input_value={'item': 'title'}, input_type=dict]
    For further information visit https://errors.pydantic.dev/2.8/v/missing
@type
  Field required [type=missing, input_value={'item': 'title'}, input_type=dict]
    For further information visit https://errors.pydantic.dev/2.8/v/missing
modified
  Field required [type=missing, input_value={'item': 'title'}, input_type=dict]
    For further information visit https://errors.pydantic.dev/2.8/v/missing
released
  Field required [type=missing, input_value={'item': 'title'}, input_type=dict]
    For further information visit https://errors.pydantic.dev/2.8/v/missing
keyword
  Field required [type=missing, input_value={'item': 'title'}, input_type=dict]
    For further information visit https://errors.pydantic.dev/2.8/v/missing
contactPoint
  Field required [type=missing, input_value={'item': 'title'}, input_type=dict]
    For further information visit https://errors.pydantic.dev/2.8/v/missing
publisher
  Field required [type=missing, input_value={'item': 'title'}, input_type=dict]
    For further information visit https://errors.pydantic.dev/2.8/v/missing
identifier
  Field required [type=missing, input_value={'item': 'title'}, input_type=dict]
    For further information visit https://errors.pydantic.dev/2.8/v/missing
description
  Field required [type=missing, input_value={'item': 'title'}, input_type=dict]
    For further information visit https://errors.pydantic.dev/2.8/v/missing
title
  Field required [type=missing, input_value={'item': 'title'}, input_type=dict]
    For further information visit https://errors.pydantic.dev/2.8/v/missing
programCode
  Field required [type=missing, input_value={'item': 'title'}, input_type=dict]
    For further information visit https://errors.pydantic.dev/2.8/v/missing
distribution
  Field required [type=missing, input_value={'item': 'title'}, input_type=dict]
    For further information visit https://errors.pydantic.dev/2.8/v/missing
theme
  Field required [type=missing, input_value={'item': 'title'}, input_type=dict]
    For further information visit https://errors.pydantic.dev/2.8/v/missing
2024-08-23 12:40:38 - ERROR - Validation error for dataset: Unknown title
Traceback (most recent call last):
  File "C:\Users\edmun\Projects\Repositories\healthpartners-interview\src\healthpartners_interview\download.py", line 31, in fetch_datasets
    dataset = Dataset(**current_item)
              ^^^^^^^^^^^^^^^^^^^^^^^
  File "C:\Users\edmun\Projects\Repositories\healthpartners-interview\.venv\Lib\site-packages\pydantic\main.py", line 193, in __init__
    self.__pydantic_validator__.validate_python(data, self_instance=self)
pydantic_core._pydantic_core.ValidationError: 16 validation errors for Dataset
accessLevel
  Field required [type=missing, input_value={}, input_type=dict]
    For further information visit https://errors.pydantic.dev/2.8/v/missing
landingPage
  Field required [type=missing, input_value={}, input_type=dict]
    For further information visit https://errors.pydantic.dev/2.8/v/missing
bureauCode
  Field required [type=missing, input_value={}, input_type=dict]
    For further information visit https://errors.pydantic.dev/2.8/v/missing
issued
  Field required [type=missing, input_value={}, input_type=dict]
    For further information visit https://errors.pydantic.dev/2.8/v/missing
@type
  Field required [type=missing, input_value={}, input_type=dict]
    For further information visit https://errors.pydantic.dev/2.8/v/missing
modified
  Field required [type=missing, input_value={}, input_type=dict]
    For further information visit https://errors.pydantic.dev/2.8/v/missing
released
  Field required [type=missing, input_value={}, input_type=dict]
    For further information visit https://errors.pydantic.dev/2.8/v/missing
keyword
  Field required [type=missing, input_value={}, input_type=dict]
    For further information visit https://errors.pydantic.dev/2.8/v/missing
contactPoint
  Field required [type=missing, input_value={}, input_type=dict]
    For further information visit https://errors.pydantic.dev/2.8/v/missing
publisher
  Field required [type=missing, input_value={}, input_type=dict]
    For further information visit https://errors.pydantic.dev/2.8/v/missing
identifier
  Field required [type=missing, input_value={}, input_type=dict]
    For further information visit https://errors.pydantic.dev/2.8/v/missing
description
  Field required [type=missing, input_value={}, input_type=dict]
    For further information visit https://errors.pydantic.dev/2.8/v/missing
title
  Field required [type=missing, input_value={}, input_type=dict]
    For further information visit https://errors.pydantic.dev/2.8/v/missing
programCode
  Field required [type=missing, input_value={}, input_type=dict]
    For further information visit https://errors.pydantic.dev/2.8/v/missing
distribution
  Field required [type=missing, input_value={}, input_type=dict]
    For further information visit https://errors.pydantic.dev/2.8/v/missing
theme
  Field required [type=missing, input_value={}, input_type=dict]
    For further information visit https://errors.pydantic.dev/2.8/v/missing
2024-08-23 12:40:38 - ERROR - Validation error for dataset: Unknown title
Traceback (most recent call last):
  File "C:\Users\edmun\Projects\Repositories\healthpartners-interview\src\healthpartners_interview\download.py", line 31, in fetch_datasets
    dataset = Dataset(**current_item)
              ^^^^^^^^^^^^^^^^^^^^^^^
  File "C:\Users\edmun\Projects\Repositories\healthpartners-interview\.venv\Lib\site-packages\pydantic\main.py", line 193, in __init__
    self.__pydantic_validator__.validate_python(data, self_instance=self)
pydantic_core._pydantic_core.ValidationError: 16 validation errors for Dataset
accessLevel
  Field required [type=missing, input_value={}, input_type=dict]
    For further information visit https://errors.pydantic.dev/2.8/v/missing
landingPage
  Field required [type=missing, input_value={}, input_type=dict]
    For further information visit https://errors.pydantic.dev/2.8/v/missing
bureauCode
  Field required [type=missing, input_value={}, input_type=dict]
    For further information visit https://errors.pydantic.dev/2.8/v/missing
issued
  Field required [type=missing, input_value={}, input_type=dict]
    For further information visit https://errors.pydantic.dev/2.8/v/missing
@type
  Field required [type=missing, input_value={}, input_type=dict]
    For further information visit https://errors.pydantic.dev/2.8/v/missing
modified
  Field required [type=missing, input_value={}, input_type=dict]
    For further information visit https://errors.pydantic.dev/2.8/v/missing
released
  Field required [type=missing, input_value={}, input_type=dict]
    For further information visit https://errors.pydantic.dev/2.8/v/missing
keyword
  Field required [type=missing, input_value={}, input_type=dict]
    For further information visit https://errors.pydantic.dev/2.8/v/missing
contactPoint
  Field required [type=missing, input_value={}, input_type=dict]
    For further information visit https://errors.pydantic.dev/2.8/v/missing
publisher
  Field required [type=missing, input_value={}, input_type=dict]
    For further information visit https://errors.pydantic.dev/2.8/v/missing
identifier
  Field required [type=missing, input_value={}, input_type=dict]
    For further information visit https://errors.pydantic.dev/2.8/v/missing
description
  Field required [type=missing, input_value={}, input_type=dict]
    For further information visit https://errors.pydantic.dev/2.8/v/missing
title
  Field required [type=missing, input_value={}, input_type=dict]
    For further information visit https://errors.pydantic.dev/2.8/v/missing
programCode
  Field required [type=missing, input_value={}, input_type=dict]
    For further information visit https://errors.pydantic.dev/2.8/v/missing
distribution
  Field required [type=missing, input_value={}, input_type=dict]
    For further information visit https://errors.pydantic.dev/2.8/v/missing
theme
  Field required [type=missing, input_value={}, input_type=dict]
    For further information visit https://errors.pydantic.dev/2.8/v/missing
2024-08-23 12:40:38 - ERROR - Validation error for dataset: Unknown title
Traceback (most recent call last):
  File "C:\Users\edmun\Projects\Repositories\healthpartners-interview\src\healthpartners_interview\download.py", line 31, in fetch_datasets
    dataset = Dataset(**current_item)
              ^^^^^^^^^^^^^^^^^^^^^^^
  File "C:\Users\edmun\Projects\Repositories\healthpartners-interview\.venv\Lib\site-packages\pydantic\main.py", line 193, in __init__
    self.__pydantic_validator__.validate_python(data, self_instance=self)
pydantic_core._pydantic_core.ValidationError: 16 validation errors for Dataset
accessLevel
  Field required [type=missing, input_value={}, input_type=dict]
    For further information visit https://errors.pydantic.dev/2.8/v/missing
landingPage
  Field required [type=missing, input_value={}, input_type=dict]
    For further information visit https://errors.pydantic.dev/2.8/v/missing
bureauCode
  Field required [type=missing, input_value={}, input_type=dict]
    For further information visit https://errors.pydantic.dev/2.8/v/missing
issued
  Field required [type=missing, input_value={}, input_type=dict]
    For further information visit https://errors.pydantic.dev/2.8/v/missing
@type
  Field required [type=missing, input_value={}, input_type=dict]
    For further information visit https://errors.pydantic.dev/2.8/v/missing
modified
  Field required [type=missing, input_value={}, input_type=dict]
    For further information visit https://errors.pydantic.dev/2.8/v/missing
released
  Field required [type=missing, input_value={}, input_type=dict]
    For further information visit https://errors.pydantic.dev/2.8/v/missing
keyword
  Field required [type=missing, input_value={}, input_type=dict]
    For further information visit https://errors.pydantic.dev/2.8/v/missing
contactPoint
  Field required [type=missing, input_value={}, input_type=dict]
    For further information visit https://errors.pydantic.dev/2.8/v/missing
publisher
  Field required [type=missing, input_value={}, input_type=dict]
    For further information visit https://errors.pydantic.dev/2.8/v/missing
identifier
  Field required [type=missing, input_value={}, input_type=dict]
    For further information visit https://errors.pydantic.dev/2.8/v/missing
description
  Field required [type=missing, input_value={}, input_type=dict]
    For further information visit https://errors.pydantic.dev/2.8/v/missing
title
  Field required [type=missing, input_value={}, input_type=dict]
    For further information visit https://errors.pydantic.dev/2.8/v/missing
programCode
  Field required [type=missing, input_value={}, input_type=dict]
    For further information visit https://errors.pydantic.dev/2.8/v/missing
distribution
  Field required [type=missing, input_value={}, input_type=dict]
    For further information visit https://errors.pydantic.dev/2.8/v/missing
theme
  Field required [type=missing, input_value={}, input_type=dict]
    For further information visit https://errors.pydantic.dev/2.8/v/missing
2024-08-23 12:40:38 - ERROR - Validation error for dataset: Unknown title
Traceback (most recent call last):
  File "C:\Users\edmun\Projects\Repositories\healthpartners-interview\src\healthpartners_interview\download.py", line 31, in fetch_datasets
    dataset = Dataset(**current_item)
              ^^^^^^^^^^^^^^^^^^^^^^^
  File "C:\Users\edmun\Projects\Repositories\healthpartners-interview\.venv\Lib\site-packages\pydantic\main.py", line 193, in __init__
    self.__pydantic_validator__.validate_python(data, self_instance=self)
pydantic_core._pydantic_core.ValidationError: 16 validation errors for Dataset
accessLevel
  Field required [type=missing, input_value={'item': 'theme'}, input_type=dict]
    For further information visit https://errors.pydantic.dev/2.8/v/missing
landingPage
  Field required [type=missing, input_value={'item': 'theme'}, input_type=dict]
    For further information visit https://errors.pydantic.dev/2.8/v/missing
bureauCode
  Field required [type=missing, input_value={'item': 'theme'}, input_type=dict]
    For further information visit https://errors.pydantic.dev/2.8/v/missing
issued
  Field required [type=missing, input_value={'item': 'theme'}, input_type=dict]
    For further information visit https://errors.pydantic.dev/2.8/v/missing
@type
  Field required [type=missing, input_value={'item': 'theme'}, input_type=dict]
    For further information visit https://errors.pydantic.dev/2.8/v/missing
modified
  Field required [type=missing, input_value={'item': 'theme'}, input_type=dict]
    For further information visit https://errors.pydantic.dev/2.8/v/missing
released
  Field required [type=missing, input_value={'item': 'theme'}, input_type=dict]
    For further information visit https://errors.pydantic.dev/2.8/v/missing
keyword
  Field required [type=missing, input_value={'item': 'theme'}, input_type=dict]
    For further information visit https://errors.pydantic.dev/2.8/v/missing
contactPoint
  Field required [type=missing, input_value={'item': 'theme'}, input_type=dict]
    For further information visit https://errors.pydantic.dev/2.8/v/missing
publisher
  Field required [type=missing, input_value={'item': 'theme'}, input_type=dict]
    For further information visit https://errors.pydantic.dev/2.8/v/missing
identifier
  Field required [type=missing, input_value={'item': 'theme'}, input_type=dict]
    For further information visit https://errors.pydantic.dev/2.8/v/missing
description
  Field required [type=missing, input_value={'item': 'theme'}, input_type=dict]
    For further information visit https://errors.pydantic.dev/2.8/v/missing
title
  Field required [type=missing, input_value={'item': 'theme'}, input_type=dict]
    For further information visit https://errors.pydantic.dev/2.8/v/missing
programCode
  Field required [type=missing, input_value={'item': 'theme'}, input_type=dict]
    For further information visit https://errors.pydantic.dev/2.8/v/missing
distribution
  Field required [type=missing, input_value={'item': 'theme'}, input_type=dict]
    For further information visit https://errors.pydantic.dev/2.8/v/missing
theme
  Field required [type=missing, input_value={'item': 'theme'}, input_type=dict]
    For further information visit https://errors.pydantic.dev/2.8/v/missing
2024-08-23 12:40:38 - ERROR - Validation error for dataset: Unknown title
Traceback (most recent call last):
  File "C:\Users\edmun\Projects\Repositories\healthpartners-interview\src\healthpartners_interview\download.py", line 31, in fetch_datasets
    dataset = Dataset(**current_item)
              ^^^^^^^^^^^^^^^^^^^^^^^
  File "C:\Users\edmun\Projects\Repositories\healthpartners-interview\.venv\Lib\site-packages\pydantic\main.py", line 193, in __init__
    self.__pydantic_validator__.validate_python(data, self_instance=self)
pydantic_core._pydantic_core.ValidationError: 16 validation errors for Dataset
accessLevel
  Field required [type=missing, input_value={}, input_type=dict]
    For further information visit https://errors.pydantic.dev/2.8/v/missing
landingPage
  Field required [type=missing, input_value={}, input_type=dict]
    For further information visit https://errors.pydantic.dev/2.8/v/missing
bureauCode
  Field required [type=missing, input_value={}, input_type=dict]
    For further information visit https://errors.pydantic.dev/2.8/v/missing
issued
  Field required [type=missing, input_value={}, input_type=dict]
    For further information visit https://errors.pydantic.dev/2.8/v/missing
@type
  Field required [type=missing, input_value={}, input_type=dict]
    For further information visit https://errors.pydantic.dev/2.8/v/missing
modified
  Field required [type=missing, input_value={}, input_type=dict]
    For further information visit https://errors.pydantic.dev/2.8/v/missing
released
  Field required [type=missing, input_value={}, input_type=dict]
    For further information visit https://errors.pydantic.dev/2.8/v/missing
keyword
  Field required [type=missing, input_value={}, input_type=dict]
    For further information visit https://errors.pydantic.dev/2.8/v/missing
contactPoint
  Field required [type=missing, input_value={}, input_type=dict]
    For further information visit https://errors.pydantic.dev/2.8/v/missing
publisher
  Field required [type=missing, input_value={}, input_type=dict]
    For further information visit https://errors.pydantic.dev/2.8/v/missing
identifier
  Field required [type=missing, input_value={}, input_type=dict]
    For further information visit https://errors.pydantic.dev/2.8/v/missing
description
  Field required [type=missing, input_value={}, input_type=dict]
    For further information visit https://errors.pydantic.dev/2.8/v/missing
title
  Field required [type=missing, input_value={}, input_type=dict]
    For further information visit https://errors.pydantic.dev/2.8/v/missing
programCode
  Field required [type=missing, input_value={}, input_type=dict]
    For further information visit https://errors.pydantic.dev/2.8/v/missing
distribution
  Field required [type=missing, input_value={}, input_type=dict]
    For further information visit https://errors.pydantic.dev/2.8/v/missing
theme
  Field required [type=missing, input_value={}, input_type=dict]
    For further information visit https://errors.pydantic.dev/2.8/v/missing
2024-08-23 12:40:38 - ERROR - Validation error for dataset: Unknown title
Traceback (most recent call last):
  File "C:\Users\edmun\Projects\Repositories\healthpartners-interview\src\healthpartners_interview\download.py", line 31, in fetch_datasets
    dataset = Dataset(**current_item)
              ^^^^^^^^^^^^^^^^^^^^^^^
  File "C:\Users\edmun\Projects\Repositories\healthpartners-interview\.venv\Lib\site-packages\pydantic\main.py", line 193, in __init__
    self.__pydantic_validator__.validate_python(data, self_instance=self)
pydantic_core._pydantic_core.ValidationError: 16 validation errors for Dataset
accessLevel
  Field required [type=missing, input_value={}, input_type=dict]
    For further information visit https://errors.pydantic.dev/2.8/v/missing
landingPage
  Field required [type=missing, input_value={}, input_type=dict]
    For further information visit https://errors.pydantic.dev/2.8/v/missing
bureauCode
  Field required [type=missing, input_value={}, input_type=dict]
    For further information visit https://errors.pydantic.dev/2.8/v/missing
issued
  Field required [type=missing, input_value={}, input_type=dict]
    For further information visit https://errors.pydantic.dev/2.8/v/missing
@type
  Field required [type=missing, input_value={}, input_type=dict]
    For further information visit https://errors.pydantic.dev/2.8/v/missing
modified
  Field required [type=missing, input_value={}, input_type=dict]
    For further information visit https://errors.pydantic.dev/2.8/v/missing
released
  Field required [type=missing, input_value={}, input_type=dict]
    For further information visit https://errors.pydantic.dev/2.8/v/missing
keyword
  Field required [type=missing, input_value={}, input_type=dict]
    For further information visit https://errors.pydantic.dev/2.8/v/missing
contactPoint
  Field required [type=missing, input_value={}, input_type=dict]
    For further information visit https://errors.pydantic.dev/2.8/v/missing
publisher
  Field required [type=missing, input_value={}, input_type=dict]
    For further information visit https://errors.pydantic.dev/2.8/v/missing
identifier
  Field required [type=missing, input_value={}, input_type=dict]
    For further information visit https://errors.pydantic.dev/2.8/v/missing
description
  Field required [type=missing, input_value={}, input_type=dict]
    For further information visit https://errors.pydantic.dev/2.8/v/missing
title
  Field required [type=missing, input_value={}, input_type=dict]
    For further information visit https://errors.pydantic.dev/2.8/v/missing
programCode
  Field required [type=missing, input_value={}, input_type=dict]
    For further information visit https://errors.pydantic.dev/2.8/v/missing
distribution
  Field required [type=missing, input_value={}, input_type=dict]
    For further information visit https://errors.pydantic.dev/2.8/v/missing
theme
  Field required [type=missing, input_value={}, input_type=dict]
    For further information visit https://errors.pydantic.dev/2.8/v/missing
2024-08-23 12:40:38 - ERROR - Validation error for dataset: Unknown title
Traceback (most recent call last):
  File "C:\Users\edmun\Projects\Repositories\healthpartners-interview\src\healthpartners_interview\download.py", line 31, in fetch_datasets
    dataset = Dataset(**current_item)
              ^^^^^^^^^^^^^^^^^^^^^^^
  File "C:\Users\edmun\Projects\Repositories\healthpartners-interview\.venv\Lib\site-packages\pydantic\main.py", line 193, in __init__
    self.__pydantic_validator__.validate_python(data, self_instance=self)
pydantic_core._pydantic_core.ValidationError: 16 validation errors for Dataset
accessLevel
  Field required [type=missing, input_value={}, input_type=dict]
    For further information visit https://errors.pydantic.dev/2.8/v/missing
landingPage
  Field required [type=missing, input_value={}, input_type=dict]
    For further information visit https://errors.pydantic.dev/2.8/v/missing
bureauCode
  Field required [type=missing, input_value={}, input_type=dict]
    For further information visit https://errors.pydantic.dev/2.8/v/missing
issued
  Field required [type=missing, input_value={}, input_type=dict]
    For further information visit https://errors.pydantic.dev/2.8/v/missing
@type
  Field required [type=missing, input_value={}, input_type=dict]
    For further information visit https://errors.pydantic.dev/2.8/v/missing
modified
  Field required [type=missing, input_value={}, input_type=dict]
    For further information visit https://errors.pydantic.dev/2.8/v/missing
released
  Field required [type=missing, input_value={}, input_type=dict]
    For further information visit https://errors.pydantic.dev/2.8/v/missing
keyword
  Field required [type=missing, input_value={}, input_type=dict]
    For further information visit https://errors.pydantic.dev/2.8/v/missing
contactPoint
  Field required [type=missing, input_value={}, input_type=dict]
    For further information visit https://errors.pydantic.dev/2.8/v/missing
publisher
  Field required [type=missing, input_value={}, input_type=dict]
    For further information visit https://errors.pydantic.dev/2.8/v/missing
identifier
  Field required [type=missing, input_value={}, input_type=dict]
    For further information visit https://errors.pydantic.dev/2.8/v/missing
description
  Field required [type=missing, input_value={}, input_type=dict]
    For further information visit https://errors.pydantic.dev/2.8/v/missing
title
  Field required [type=missing, input_value={}, input_type=dict]
    For further information visit https://errors.pydantic.dev/2.8/v/missing
programCode
  Field required [type=missing, input_value={}, input_type=dict]
    For further information visit https://errors.pydantic.dev/2.8/v/missing
distribution
  Field required [type=missing, input_value={}, input_type=dict]
    For further information visit https://errors.pydantic.dev/2.8/v/missing
theme
  Field required [type=missing, input_value={}, input_type=dict]
    For further information visit https://errors.pydantic.dev/2.8/v/missing
2024-08-23 12:40:38 - ERROR - Validation error for dataset: Unknown title
Traceback (most recent call last):
  File "C:\Users\edmun\Projects\Repositories\healthpartners-interview\src\healthpartners_interview\download.py", line 31, in fetch_datasets
    dataset = Dataset(**current_item)
              ^^^^^^^^^^^^^^^^^^^^^^^
  File "C:\Users\edmun\Projects\Repositories\healthpartners-interview\.venv\Lib\site-packages\pydantic\main.py", line 193, in __init__
    self.__pydantic_validator__.validate_python(data, self_instance=self)
pydantic_core._pydantic_core.ValidationError: 16 validation errors for Dataset
accessLevel
  Field required [type=missing, input_value={'item': 'theme'}, input_type=dict]
    For further information visit https://errors.pydantic.dev/2.8/v/missing
landingPage
  Field required [type=missing, input_value={'item': 'theme'}, input_type=dict]
    For further information visit https://errors.pydantic.dev/2.8/v/missing
bureauCode
  Field required [type=missing, input_value={'item': 'theme'}, input_type=dict]
    For further information visit https://errors.pydantic.dev/2.8/v/missing
issued
  Field required [type=missing, input_value={'item': 'theme'}, input_type=dict]
    For further information visit https://errors.pydantic.dev/2.8/v/missing
@type
  Field required [type=missing, input_value={'item': 'theme'}, input_type=dict]
    For further information visit https://errors.pydantic.dev/2.8/v/missing
modified
  Field required [type=missing, input_value={'item': 'theme'}, input_type=dict]
    For further information visit https://errors.pydantic.dev/2.8/v/missing
released
  Field required [type=missing, input_value={'item': 'theme'}, input_type=dict]
    For further information visit https://errors.pydantic.dev/2.8/v/missing
keyword
  Field required [type=missing, input_value={'item': 'theme'}, input_type=dict]
    For further information visit https://errors.pydantic.dev/2.8/v/missing
contactPoint
  Field required [type=missing, input_value={'item': 'theme'}, input_type=dict]
    For further information visit https://errors.pydantic.dev/2.8/v/missing
publisher
  Field required [type=missing, input_value={'item': 'theme'}, input_type=dict]
    For further information visit https://errors.pydantic.dev/2.8/v/missing
identifier
  Field required [type=missing, input_value={'item': 'theme'}, input_type=dict]
    For further information visit https://errors.pydantic.dev/2.8/v/missing
description
  Field required [type=missing, input_value={'item': 'theme'}, input_type=dict]
    For further information visit https://errors.pydantic.dev/2.8/v/missing
title
  Field required [type=missing, input_value={'item': 'theme'}, input_type=dict]
    For further information visit https://errors.pydantic.dev/2.8/v/missing
programCode
  Field required [type=missing, input_value={'item': 'theme'}, input_type=dict]
    For further information visit https://errors.pydantic.dev/2.8/v/missing
distribution
  Field required [type=missing, input_value={'item': 'theme'}, input_type=dict]
    For further information visit https://errors.pydantic.dev/2.8/v/missing
theme
  Field required [type=missing, input_value={'item': 'theme'}, input_type=dict]
    For further information visit https://errors.pydantic.dev/2.8/v/missing
2024-08-23 12:40:38 - ERROR - Validation error for dataset: Unknown title
Traceback (most recent call last):
  File "C:\Users\edmun\Projects\Repositories\healthpartners-interview\src\healthpartners_interview\download.py", line 31, in fetch_datasets
    dataset = Dataset(**current_item)
              ^^^^^^^^^^^^^^^^^^^^^^^
  File "C:\Users\edmun\Projects\Repositories\healthpartners-interview\.venv\Lib\site-packages\pydantic\main.py", line 193, in __init__
    self.__pydantic_validator__.validate_python(data, self_instance=self)
pydantic_core._pydantic_core.ValidationError: 16 validation errors for Dataset
accessLevel
  Field required [type=missing, input_value={}, input_type=dict]
    For further information visit https://errors.pydantic.dev/2.8/v/missing
landingPage
  Field required [type=missing, input_value={}, input_type=dict]
    For further information visit https://errors.pydantic.dev/2.8/v/missing
bureauCode
  Field required [type=missing, input_value={}, input_type=dict]
    For further information visit https://errors.pydantic.dev/2.8/v/missing
issued
  Field required [type=missing, input_value={}, input_type=dict]
    For further information visit https://errors.pydantic.dev/2.8/v/missing
@type
  Field required [type=missing, input_value={}, input_type=dict]
    For further information visit https://errors.pydantic.dev/2.8/v/missing
modified
  Field required [type=missing, input_value={}, input_type=dict]
    For further information visit https://errors.pydantic.dev/2.8/v/missing
released
  Field required [type=missing, input_value={}, input_type=dict]
    For further information visit https://errors.pydantic.dev/2.8/v/missing
keyword
  Field required [type=missing, input_value={}, input_type=dict]
    For further information visit https://errors.pydantic.dev/2.8/v/missing
contactPoint
  Field required [type=missing, input_value={}, input_type=dict]
    For further information visit https://errors.pydantic.dev/2.8/v/missing
publisher
  Field required [type=missing, input_value={}, input_type=dict]
    For further information visit https://errors.pydantic.dev/2.8/v/missing
identifier
  Field required [type=missing, input_value={}, input_type=dict]
    For further information visit https://errors.pydantic.dev/2.8/v/missing
description
  Field required [type=missing, input_value={}, input_type=dict]
    For further information visit https://errors.pydantic.dev/2.8/v/missing
title
  Field required [type=missing, input_value={}, input_type=dict]
    For further information visit https://errors.pydantic.dev/2.8/v/missing
programCode
  Field required [type=missing, input_value={}, input_type=dict]
    For further information visit https://errors.pydantic.dev/2.8/v/missing
distribution
  Field required [type=missing, input_value={}, input_type=dict]
    For further information visit https://errors.pydantic.dev/2.8/v/missing
theme
  Field required [type=missing, input_value={}, input_type=dict]
    For further information visit https://errors.pydantic.dev/2.8/v/missing
2024-08-23 12:40:38 - ERROR - Validation error for dataset: Unknown title
Traceback (most recent call last):
  File "C:\Users\edmun\Projects\Repositories\healthpartners-interview\src\healthpartners_interview\download.py", line 31, in fetch_datasets
    dataset = Dataset(**current_item)
              ^^^^^^^^^^^^^^^^^^^^^^^
  File "C:\Users\edmun\Projects\Repositories\healthpartners-interview\.venv\Lib\site-packages\pydantic\main.py", line 193, in __init__
    self.__pydantic_validator__.validate_python(data, self_instance=self)
pydantic_core._pydantic_core.ValidationError: 16 validation errors for Dataset
accessLevel
  Field required [type=missing, input_value={}, input_type=dict]
    For further information visit https://errors.pydantic.dev/2.8/v/missing
landingPage
  Field required [type=missing, input_value={}, input_type=dict]
    For further information visit https://errors.pydantic.dev/2.8/v/missing
bureauCode
  Field required [type=missing, input_value={}, input_type=dict]
    For further information visit https://errors.pydantic.dev/2.8/v/missing
issued
  Field required [type=missing, input_value={}, input_type=dict]
    For further information visit https://errors.pydantic.dev/2.8/v/missing
@type
  Field required [type=missing, input_value={}, input_type=dict]
    For further information visit https://errors.pydantic.dev/2.8/v/missing
modified
  Field required [type=missing, input_value={}, input_type=dict]
    For further information visit https://errors.pydantic.dev/2.8/v/missing
released
  Field required [type=missing, input_value={}, input_type=dict]
    For further information visit https://errors.pydantic.dev/2.8/v/missing
keyword
  Field required [type=missing, input_value={}, input_type=dict]
    For further information visit https://errors.pydantic.dev/2.8/v/missing
contactPoint
  Field required [type=missing, input_value={}, input_type=dict]
    For further information visit https://errors.pydantic.dev/2.8/v/missing
publisher
  Field required [type=missing, input_value={}, input_type=dict]
    For further information visit https://errors.pydantic.dev/2.8/v/missing
identifier
  Field required [type=missing, input_value={}, input_type=dict]
    For further information visit https://errors.pydantic.dev/2.8/v/missing
description
  Field required [type=missing, input_value={}, input_type=dict]
    For further information visit https://errors.pydantic.dev/2.8/v/missing
title
  Field required [type=missing, input_value={}, input_type=dict]
    For further information visit https://errors.pydantic.dev/2.8/v/missing
programCode
  Field required [type=missing, input_value={}, input_type=dict]
    For further information visit https://errors.pydantic.dev/2.8/v/missing
distribution
  Field required [type=missing, input_value={}, input_type=dict]
    For further information visit https://errors.pydantic.dev/2.8/v/missing
theme
  Field required [type=missing, input_value={}, input_type=dict]
    For further information visit https://errors.pydantic.dev/2.8/v/missing
2024-08-23 12:40:38 - ERROR - Validation error for dataset: Unknown title
Traceback (most recent call last):
  File "C:\Users\edmun\Projects\Repositories\healthpartners-interview\src\healthpartners_interview\download.py", line 31, in fetch_datasets
    dataset = Dataset(**current_item)
              ^^^^^^^^^^^^^^^^^^^^^^^
  File "C:\Users\edmun\Projects\Repositories\healthpartners-interview\.venv\Lib\site-packages\pydantic\main.py", line 193, in __init__
    self.__pydantic_validator__.validate_python(data, self_instance=self)
pydantic_core._pydantic_core.ValidationError: 16 validation errors for Dataset
accessLevel
  Field required [type=missing, input_value={}, input_type=dict]
    For further information visit https://errors.pydantic.dev/2.8/v/missing
landingPage
  Field required [type=missing, input_value={}, input_type=dict]
    For further information visit https://errors.pydantic.dev/2.8/v/missing
bureauCode
  Field required [type=missing, input_value={}, input_type=dict]
    For further information visit https://errors.pydantic.dev/2.8/v/missing
issued
  Field required [type=missing, input_value={}, input_type=dict]
    For further information visit https://errors.pydantic.dev/2.8/v/missing
@type
  Field required [type=missing, input_value={}, input_type=dict]
    For further information visit https://errors.pydantic.dev/2.8/v/missing
modified
  Field required [type=missing, input_value={}, input_type=dict]
    For further information visit https://errors.pydantic.dev/2.8/v/missing
released
  Field required [type=missing, input_value={}, input_type=dict]
    For further information visit https://errors.pydantic.dev/2.8/v/missing
keyword
  Field required [type=missing, input_value={}, input_type=dict]
    For further information visit https://errors.pydantic.dev/2.8/v/missing
contactPoint
  Field required [type=missing, input_value={}, input_type=dict]
    For further information visit https://errors.pydantic.dev/2.8/v/missing
publisher
  Field required [type=missing, input_value={}, input_type=dict]
    For further information visit https://errors.pydantic.dev/2.8/v/missing
identifier
  Field required [type=missing, input_value={}, input_type=dict]
    For further information visit https://errors.pydantic.dev/2.8/v/missing
description
  Field required [type=missing, input_value={}, input_type=dict]
    For further information visit https://errors.pydantic.dev/2.8/v/missing
title
  Field required [type=missing, input_value={}, input_type=dict]
    For further information visit https://errors.pydantic.dev/2.8/v/missing
programCode
  Field required [type=missing, input_value={}, input_type=dict]
    For further information visit https://errors.pydantic.dev/2.8/v/missing
distribution
  Field required [type=missing, input_value={}, input_type=dict]
    For further information visit https://errors.pydantic.dev/2.8/v/missing
theme
  Field required [type=missing, input_value={}, input_type=dict]
    For further information visit https://errors.pydantic.dev/2.8/v/missing
2024-08-23 12:40:38 - ERROR - Validation error for dataset: Unknown title
Traceback (most recent call last):
  File "C:\Users\edmun\Projects\Repositories\healthpartners-interview\src\healthpartners_interview\download.py", line 31, in fetch_datasets
    dataset = Dataset(**current_item)
              ^^^^^^^^^^^^^^^^^^^^^^^
  File "C:\Users\edmun\Projects\Repositories\healthpartners-interview\.venv\Lib\site-packages\pydantic\main.py", line 193, in __init__
    self.__pydantic_validator__.validate_python(data, self_instance=self)
pydantic_core._pydantic_core.ValidationError: 16 validation errors for Dataset
accessLevel
  Field required [type=missing, input_value={'item': 'theme'}, input_type=dict]
    For further information visit https://errors.pydantic.dev/2.8/v/missing
landingPage
  Field required [type=missing, input_value={'item': 'theme'}, input_type=dict]
    For further information visit https://errors.pydantic.dev/2.8/v/missing
bureauCode
  Field required [type=missing, input_value={'item': 'theme'}, input_type=dict]
    For further information visit https://errors.pydantic.dev/2.8/v/missing
issued
  Field required [type=missing, input_value={'item': 'theme'}, input_type=dict]
    For further information visit https://errors.pydantic.dev/2.8/v/missing
@type
  Field required [type=missing, input_value={'item': 'theme'}, input_type=dict]
    For further information visit https://errors.pydantic.dev/2.8/v/missing
modified
  Field required [type=missing, input_value={'item': 'theme'}, input_type=dict]
    For further information visit https://errors.pydantic.dev/2.8/v/missing
released
  Field required [type=missing, input_value={'item': 'theme'}, input_type=dict]
    For further information visit https://errors.pydantic.dev/2.8/v/missing
keyword
  Field required [type=missing, input_value={'item': 'theme'}, input_type=dict]
    For further information visit https://errors.pydantic.dev/2.8/v/missing
contactPoint
  Field required [type=missing, input_value={'item': 'theme'}, input_type=dict]
    For further information visit https://errors.pydantic.dev/2.8/v/missing
publisher
  Field required [type=missing, input_value={'item': 'theme'}, input_type=dict]
    For further information visit https://errors.pydantic.dev/2.8/v/missing
identifier
  Field required [type=missing, input_value={'item': 'theme'}, input_type=dict]
    For further information visit https://errors.pydantic.dev/2.8/v/missing
description
  Field required [type=missing, input_value={'item': 'theme'}, input_type=dict]
    For further information visit https://errors.pydantic.dev/2.8/v/missing
title
  Field required [type=missing, input_value={'item': 'theme'}, input_type=dict]
    For further information visit https://errors.pydantic.dev/2.8/v/missing
programCode
  Field required [type=missing, input_value={'item': 'theme'}, input_type=dict]
    For further information visit https://errors.pydantic.dev/2.8/v/missing
distribution
  Field required [type=missing, input_value={'item': 'theme'}, input_type=dict]
    For further information visit https://errors.pydantic.dev/2.8/v/missing
theme
  Field required [type=missing, input_value={'item': 'theme'}, input_type=dict]
    For further information visit https://errors.pydantic.dev/2.8/v/missing
2024-08-23 12:40:38 - ERROR - Validation error for dataset: Unknown title
Traceback (most recent call last):
  File "C:\Users\edmun\Projects\Repositories\healthpartners-interview\src\healthpartners_interview\download.py", line 31, in fetch_datasets
    dataset = Dataset(**current_item)
              ^^^^^^^^^^^^^^^^^^^^^^^
  File "C:\Users\edmun\Projects\Repositories\healthpartners-interview\.venv\Lib\site-packages\pydantic\main.py", line 193, in __init__
    self.__pydantic_validator__.validate_python(data, self_instance=self)
pydantic_core._pydantic_core.ValidationError: 16 validation errors for Dataset
accessLevel
  Field required [type=missing, input_value={}, input_type=dict]
    For further information visit https://errors.pydantic.dev/2.8/v/missing
landingPage
  Field required [type=missing, input_value={}, input_type=dict]
    For further information visit https://errors.pydantic.dev/2.8/v/missing
bureauCode
  Field required [type=missing, input_value={}, input_type=dict]
    For further information visit https://errors.pydantic.dev/2.8/v/missing
issued
  Field required [type=missing, input_value={}, input_type=dict]
    For further information visit https://errors.pydantic.dev/2.8/v/missing
@type
  Field required [type=missing, input_value={}, input_type=dict]
    For further information visit https://errors.pydantic.dev/2.8/v/missing
modified
  Field required [type=missing, input_value={}, input_type=dict]
    For further information visit https://errors.pydantic.dev/2.8/v/missing
released
  Field required [type=missing, input_value={}, input_type=dict]
    For further information visit https://errors.pydantic.dev/2.8/v/missing
keyword
  Field required [type=missing, input_value={}, input_type=dict]
    For further information visit https://errors.pydantic.dev/2.8/v/missing
contactPoint
  Field required [type=missing, input_value={}, input_type=dict]
    For further information visit https://errors.pydantic.dev/2.8/v/missing
publisher
  Field required [type=missing, input_value={}, input_type=dict]
    For further information visit https://errors.pydantic.dev/2.8/v/missing
identifier
  Field required [type=missing, input_value={}, input_type=dict]
    For further information visit https://errors.pydantic.dev/2.8/v/missing
description
  Field required [type=missing, input_value={}, input_type=dict]
    For further information visit https://errors.pydantic.dev/2.8/v/missing
title
  Field required [type=missing, input_value={}, input_type=dict]
    For further information visit https://errors.pydantic.dev/2.8/v/missing
programCode
  Field required [type=missing, input_value={}, input_type=dict]
    For further information visit https://errors.pydantic.dev/2.8/v/missing
distribution
  Field required [type=missing, input_value={}, input_type=dict]
    For further information visit https://errors.pydantic.dev/2.8/v/missing
theme
  Field required [type=missing, input_value={}, input_type=dict]
    For further information visit https://errors.pydantic.dev/2.8/v/missing
2024-08-23 12:40:38 - ERROR - Validation error for dataset: Unknown title
Traceback (most recent call last):
  File "C:\Users\edmun\Projects\Repositories\healthpartners-interview\src\healthpartners_interview\download.py", line 31, in fetch_datasets
    dataset = Dataset(**current_item)
              ^^^^^^^^^^^^^^^^^^^^^^^
  File "C:\Users\edmun\Projects\Repositories\healthpartners-interview\.venv\Lib\site-packages\pydantic\main.py", line 193, in __init__
    self.__pydantic_validator__.validate_python(data, self_instance=self)
pydantic_core._pydantic_core.ValidationError: 16 validation errors for Dataset
accessLevel
  Field required [type=missing, input_value={}, input_type=dict]
    For further information visit https://errors.pydantic.dev/2.8/v/missing
landingPage
  Field required [type=missing, input_value={}, input_type=dict]
    For further information visit https://errors.pydantic.dev/2.8/v/missing
bureauCode
  Field required [type=missing, input_value={}, input_type=dict]
    For further information visit https://errors.pydantic.dev/2.8/v/missing
issued
  Field required [type=missing, input_value={}, input_type=dict]
    For further information visit https://errors.pydantic.dev/2.8/v/missing
@type
  Field required [type=missing, input_value={}, input_type=dict]
    For further information visit https://errors.pydantic.dev/2.8/v/missing
modified
  Field required [type=missing, input_value={}, input_type=dict]
    For further information visit https://errors.pydantic.dev/2.8/v/missing
released
  Field required [type=missing, input_value={}, input_type=dict]
    For further information visit https://errors.pydantic.dev/2.8/v/missing
keyword
  Field required [type=missing, input_value={}, input_type=dict]
    For further information visit https://errors.pydantic.dev/2.8/v/missing
contactPoint
  Field required [type=missing, input_value={}, input_type=dict]
    For further information visit https://errors.pydantic.dev/2.8/v/missing
publisher
  Field required [type=missing, input_value={}, input_type=dict]
    For further information visit https://errors.pydantic.dev/2.8/v/missing
identifier
  Field required [type=missing, input_value={}, input_type=dict]
    For further information visit https://errors.pydantic.dev/2.8/v/missing
description
  Field required [type=missing, input_value={}, input_type=dict]
    For further information visit https://errors.pydantic.dev/2.8/v/missing
title
  Field required [type=missing, input_value={}, input_type=dict]
    For further information visit https://errors.pydantic.dev/2.8/v/missing
programCode
  Field required [type=missing, input_value={}, input_type=dict]
    For further information visit https://errors.pydantic.dev/2.8/v/missing
distribution
  Field required [type=missing, input_value={}, input_type=dict]
    For further information visit https://errors.pydantic.dev/2.8/v/missing
theme
  Field required [type=missing, input_value={}, input_type=dict]
    For further information visit https://errors.pydantic.dev/2.8/v/missing
2024-08-23 12:40:38 - ERROR - Validation error for dataset: Unknown title
Traceback (most recent call last):
  File "C:\Users\edmun\Projects\Repositories\healthpartners-interview\src\healthpartners_interview\download.py", line 31, in fetch_datasets
    dataset = Dataset(**current_item)
              ^^^^^^^^^^^^^^^^^^^^^^^
  File "C:\Users\edmun\Projects\Repositories\healthpartners-interview\.venv\Lib\site-packages\pydantic\main.py", line 193, in __init__
    self.__pydantic_validator__.validate_python(data, self_instance=self)
pydantic_core._pydantic_core.ValidationError: 16 validation errors for Dataset
accessLevel
  Field required [type=missing, input_value={}, input_type=dict]
    For further information visit https://errors.pydantic.dev/2.8/v/missing
landingPage
  Field required [type=missing, input_value={}, input_type=dict]
    For further information visit https://errors.pydantic.dev/2.8/v/missing
bureauCode
  Field required [type=missing, input_value={}, input_type=dict]
    For further information visit https://errors.pydantic.dev/2.8/v/missing
issued
  Field required [type=missing, input_value={}, input_type=dict]
    For further information visit https://errors.pydantic.dev/2.8/v/missing
@type
  Field required [type=missing, input_value={}, input_type=dict]
    For further information visit https://errors.pydantic.dev/2.8/v/missing
modified
  Field required [type=missing, input_value={}, input_type=dict]
    For further information visit https://errors.pydantic.dev/2.8/v/missing
released
  Field required [type=missing, input_value={}, input_type=dict]
    For further information visit https://errors.pydantic.dev/2.8/v/missing
keyword
  Field required [type=missing, input_value={}, input_type=dict]
    For further information visit https://errors.pydantic.dev/2.8/v/missing
contactPoint
  Field required [type=missing, input_value={}, input_type=dict]
    For further information visit https://errors.pydantic.dev/2.8/v/missing
publisher
  Field required [type=missing, input_value={}, input_type=dict]
    For further information visit https://errors.pydantic.dev/2.8/v/missing
identifier
  Field required [type=missing, input_value={}, input_type=dict]
    For further information visit https://errors.pydantic.dev/2.8/v/missing
description
  Field required [type=missing, input_value={}, input_type=dict]
    For further information visit https://errors.pydantic.dev/2.8/v/missing
title
  Field required [type=missing, input_value={}, input_type=dict]
    For further information visit https://errors.pydantic.dev/2.8/v/missing
programCode
  Field required [type=missing, input_value={}, input_type=dict]
    For further information visit https://errors.pydantic.dev/2.8/v/missing
distribution
  Field required [type=missing, input_value={}, input_type=dict]
    For further information visit https://errors.pydantic.dev/2.8/v/missing
theme
  Field required [type=missing, input_value={}, input_type=dict]
    For further information visit https://errors.pydantic.dev/2.8/v/missing
2024-08-23 12:40:38 - ERROR - Validation error for dataset: Unknown title
Traceback (most recent call last):
  File "C:\Users\edmun\Projects\Repositories\healthpartners-interview\src\healthpartners_interview\download.py", line 31, in fetch_datasets
    dataset = Dataset(**current_item)
              ^^^^^^^^^^^^^^^^^^^^^^^
  File "C:\Users\edmun\Projects\Repositories\healthpartners-interview\.venv\Lib\site-packages\pydantic\main.py", line 193, in __init__
    self.__pydantic_validator__.validate_python(data, self_instance=self)
pydantic_core._pydantic_core.ValidationError: 16 validation errors for Dataset
accessLevel
  Field required [type=missing, input_value={'item': 'theme'}, input_type=dict]
    For further information visit https://errors.pydantic.dev/2.8/v/missing
landingPage
  Field required [type=missing, input_value={'item': 'theme'}, input_type=dict]
    For further information visit https://errors.pydantic.dev/2.8/v/missing
bureauCode
  Field required [type=missing, input_value={'item': 'theme'}, input_type=dict]
    For further information visit https://errors.pydantic.dev/2.8/v/missing
issued
  Field required [type=missing, input_value={'item': 'theme'}, input_type=dict]
    For further information visit https://errors.pydantic.dev/2.8/v/missing
@type
  Field required [type=missing, input_value={'item': 'theme'}, input_type=dict]
    For further information visit https://errors.pydantic.dev/2.8/v/missing
modified
  Field required [type=missing, input_value={'item': 'theme'}, input_type=dict]
    For further information visit https://errors.pydantic.dev/2.8/v/missing
released
  Field required [type=missing, input_value={'item': 'theme'}, input_type=dict]
    For further information visit https://errors.pydantic.dev/2.8/v/missing
keyword
  Field required [type=missing, input_value={'item': 'theme'}, input_type=dict]
    For further information visit https://errors.pydantic.dev/2.8/v/missing
contactPoint
  Field required [type=missing, input_value={'item': 'theme'}, input_type=dict]
    For further information visit https://errors.pydantic.dev/2.8/v/missing
publisher
  Field required [type=missing, input_value={'item': 'theme'}, input_type=dict]
    For further information visit https://errors.pydantic.dev/2.8/v/missing
identifier
  Field required [type=missing, input_value={'item': 'theme'}, input_type=dict]
    For further information visit https://errors.pydantic.dev/2.8/v/missing
description
  Field required [type=missing, input_value={'item': 'theme'}, input_type=dict]
    For further information visit https://errors.pydantic.dev/2.8/v/missing
title
  Field required [type=missing, input_value={'item': 'theme'}, input_type=dict]
    For further information visit https://errors.pydantic.dev/2.8/v/missing
programCode
  Field required [type=missing, input_value={'item': 'theme'}, input_type=dict]
    For further information visit https://errors.pydantic.dev/2.8/v/missing
distribution
  Field required [type=missing, input_value={'item': 'theme'}, input_type=dict]
    For further information visit https://errors.pydantic.dev/2.8/v/missing
theme
  Field required [type=missing, input_value={'item': 'theme'}, input_type=dict]
    For further information visit https://errors.pydantic.dev/2.8/v/missing
2024-08-23 12:40:38 - ERROR - Validation error for dataset: Unknown title
Traceback (most recent call last):
  File "C:\Users\edmun\Projects\Repositories\healthpartners-interview\src\healthpartners_interview\download.py", line 31, in fetch_datasets
    dataset = Dataset(**current_item)
              ^^^^^^^^^^^^^^^^^^^^^^^
  File "C:\Users\edmun\Projects\Repositories\healthpartners-interview\.venv\Lib\site-packages\pydantic\main.py", line 193, in __init__
    self.__pydantic_validator__.validate_python(data, self_instance=self)
pydantic_core._pydantic_core.ValidationError: 16 validation errors for Dataset
accessLevel
  Field required [type=missing, input_value={}, input_type=dict]
    For further information visit https://errors.pydantic.dev/2.8/v/missing
landingPage
  Field required [type=missing, input_value={}, input_type=dict]
    For further information visit https://errors.pydantic.dev/2.8/v/missing
bureauCode
  Field required [type=missing, input_value={}, input_type=dict]
    For further information visit https://errors.pydantic.dev/2.8/v/missing
issued
  Field required [type=missing, input_value={}, input_type=dict]
    For further information visit https://errors.pydantic.dev/2.8/v/missing
@type
  Field required [type=missing, input_value={}, input_type=dict]
    For further information visit https://errors.pydantic.dev/2.8/v/missing
modified
  Field required [type=missing, input_value={}, input_type=dict]
    For further information visit https://errors.pydantic.dev/2.8/v/missing
released
  Field required [type=missing, input_value={}, input_type=dict]
    For further information visit https://errors.pydantic.dev/2.8/v/missing
keyword
  Field required [type=missing, input_value={}, input_type=dict]
    For further information visit https://errors.pydantic.dev/2.8/v/missing
contactPoint
  Field required [type=missing, input_value={}, input_type=dict]
    For further information visit https://errors.pydantic.dev/2.8/v/missing
publisher
  Field required [type=missing, input_value={}, input_type=dict]
    For further information visit https://errors.pydantic.dev/2.8/v/missing
identifier
  Field required [type=missing, input_value={}, input_type=dict]
    For further information visit https://errors.pydantic.dev/2.8/v/missing
description
  Field required [type=missing, input_value={}, input_type=dict]
    For further information visit https://errors.pydantic.dev/2.8/v/missing
title
  Field required [type=missing, input_value={}, input_type=dict]
    For further information visit https://errors.pydantic.dev/2.8/v/missing
programCode
  Field required [type=missing, input_value={}, input_type=dict]
    For further information visit https://errors.pydantic.dev/2.8/v/missing
distribution
  Field required [type=missing, input_value={}, input_type=dict]
    For further information visit https://errors.pydantic.dev/2.8/v/missing
theme
  Field required [type=missing, input_value={}, input_type=dict]
    For further information visit https://errors.pydantic.dev/2.8/v/missing
2024-08-23 12:40:38 - ERROR - Validation error for dataset: Unknown title
Traceback (most recent call last):
  File "C:\Users\edmun\Projects\Repositories\healthpartners-interview\src\healthpartners_interview\download.py", line 31, in fetch_datasets
    dataset = Dataset(**current_item)
              ^^^^^^^^^^^^^^^^^^^^^^^
  File "C:\Users\edmun\Projects\Repositories\healthpartners-interview\.venv\Lib\site-packages\pydantic\main.py", line 193, in __init__
    self.__pydantic_validator__.validate_python(data, self_instance=self)
pydantic_core._pydantic_core.ValidationError: 16 validation errors for Dataset
accessLevel
  Field required [type=missing, input_value={}, input_type=dict]
    For further information visit https://errors.pydantic.dev/2.8/v/missing
landingPage
  Field required [type=missing, input_value={}, input_type=dict]
    For further information visit https://errors.pydantic.dev/2.8/v/missing
bureauCode
  Field required [type=missing, input_value={}, input_type=dict]
    For further information visit https://errors.pydantic.dev/2.8/v/missing
issued
  Field required [type=missing, input_value={}, input_type=dict]
    For further information visit https://errors.pydantic.dev/2.8/v/missing
@type
  Field required [type=missing, input_value={}, input_type=dict]
    For further information visit https://errors.pydantic.dev/2.8/v/missing
modified
  Field required [type=missing, input_value={}, input_type=dict]
    For further information visit https://errors.pydantic.dev/2.8/v/missing
released
  Field required [type=missing, input_value={}, input_type=dict]
    For further information visit https://errors.pydantic.dev/2.8/v/missing
keyword
  Field required [type=missing, input_value={}, input_type=dict]
    For further information visit https://errors.pydantic.dev/2.8/v/missing
contactPoint
  Field required [type=missing, input_value={}, input_type=dict]
    For further information visit https://errors.pydantic.dev/2.8/v/missing
publisher
  Field required [type=missing, input_value={}, input_type=dict]
    For further information visit https://errors.pydantic.dev/2.8/v/missing
identifier
  Field required [type=missing, input_value={}, input_type=dict]
    For further information visit https://errors.pydantic.dev/2.8/v/missing
description
  Field required [type=missing, input_value={}, input_type=dict]
    For further information visit https://errors.pydantic.dev/2.8/v/missing
title
  Field required [type=missing, input_value={}, input_type=dict]
    For further information visit https://errors.pydantic.dev/2.8/v/missing
programCode
  Field required [type=missing, input_value={}, input_type=dict]
    For further information visit https://errors.pydantic.dev/2.8/v/missing
distribution
  Field required [type=missing, input_value={}, input_type=dict]
    For further information visit https://errors.pydantic.dev/2.8/v/missing
theme
  Field required [type=missing, input_value={}, input_type=dict]
    For further information visit https://errors.pydantic.dev/2.8/v/missing
2024-08-23 12:40:38 - ERROR - Validation error for dataset: Unknown title
Traceback (most recent call last):
  File "C:\Users\edmun\Projects\Repositories\healthpartners-interview\src\healthpartners_interview\download.py", line 31, in fetch_datasets
    dataset = Dataset(**current_item)
              ^^^^^^^^^^^^^^^^^^^^^^^
  File "C:\Users\edmun\Projects\Repositories\healthpartners-interview\.venv\Lib\site-packages\pydantic\main.py", line 193, in __init__
    self.__pydantic_validator__.validate_python(data, self_instance=self)
pydantic_core._pydantic_core.ValidationError: 16 validation errors for Dataset
accessLevel
  Field required [type=missing, input_value={}, input_type=dict]
    For further information visit https://errors.pydantic.dev/2.8/v/missing
landingPage
  Field required [type=missing, input_value={}, input_type=dict]
    For further information visit https://errors.pydantic.dev/2.8/v/missing
bureauCode
  Field required [type=missing, input_value={}, input_type=dict]
    For further information visit https://errors.pydantic.dev/2.8/v/missing
issued
  Field required [type=missing, input_value={}, input_type=dict]
    For further information visit https://errors.pydantic.dev/2.8/v/missing
@type
  Field required [type=missing, input_value={}, input_type=dict]
    For further information visit https://errors.pydantic.dev/2.8/v/missing
modified
  Field required [type=missing, input_value={}, input_type=dict]
    For further information visit https://errors.pydantic.dev/2.8/v/missing
released
  Field required [type=missing, input_value={}, input_type=dict]
    For further information visit https://errors.pydantic.dev/2.8/v/missing
keyword
  Field required [type=missing, input_value={}, input_type=dict]
    For further information visit https://errors.pydantic.dev/2.8/v/missing
contactPoint
  Field required [type=missing, input_value={}, input_type=dict]
    For further information visit https://errors.pydantic.dev/2.8/v/missing
publisher
  Field required [type=missing, input_value={}, input_type=dict]
    For further information visit https://errors.pydantic.dev/2.8/v/missing
identifier
  Field required [type=missing, input_value={}, input_type=dict]
    For further information visit https://errors.pydantic.dev/2.8/v/missing
description
  Field required [type=missing, input_value={}, input_type=dict]
    For further information visit https://errors.pydantic.dev/2.8/v/missing
title
  Field required [type=missing, input_value={}, input_type=dict]
    For further information visit https://errors.pydantic.dev/2.8/v/missing
programCode
  Field required [type=missing, input_value={}, input_type=dict]
    For further information visit https://errors.pydantic.dev/2.8/v/missing
distribution
  Field required [type=missing, input_value={}, input_type=dict]
    For further information visit https://errors.pydantic.dev/2.8/v/missing
theme
  Field required [type=missing, input_value={}, input_type=dict]
    For further information visit https://errors.pydantic.dev/2.8/v/missing
2024-08-23 12:40:38 - ERROR - Validation error for dataset: Unknown title
Traceback (most recent call last):
  File "C:\Users\edmun\Projects\Repositories\healthpartners-interview\src\healthpartners_interview\download.py", line 31, in fetch_datasets
    dataset = Dataset(**current_item)
              ^^^^^^^^^^^^^^^^^^^^^^^
  File "C:\Users\edmun\Projects\Repositories\healthpartners-interview\.venv\Lib\site-packages\pydantic\main.py", line 193, in __init__
    self.__pydantic_validator__.validate_python(data, self_instance=self)
pydantic_core._pydantic_core.ValidationError: 16 validation errors for Dataset
accessLevel
  Field required [type=missing, input_value={'item': 'theme'}, input_type=dict]
    For further information visit https://errors.pydantic.dev/2.8/v/missing
landingPage
  Field required [type=missing, input_value={'item': 'theme'}, input_type=dict]
    For further information visit https://errors.pydantic.dev/2.8/v/missing
bureauCode
  Field required [type=missing, input_value={'item': 'theme'}, input_type=dict]
    For further information visit https://errors.pydantic.dev/2.8/v/missing
issued
  Field required [type=missing, input_value={'item': 'theme'}, input_type=dict]
    For further information visit https://errors.pydantic.dev/2.8/v/missing
@type
  Field required [type=missing, input_value={'item': 'theme'}, input_type=dict]
    For further information visit https://errors.pydantic.dev/2.8/v/missing
modified
  Field required [type=missing, input_value={'item': 'theme'}, input_type=dict]
    For further information visit https://errors.pydantic.dev/2.8/v/missing
released
  Field required [type=missing, input_value={'item': 'theme'}, input_type=dict]
    For further information visit https://errors.pydantic.dev/2.8/v/missing
keyword
  Field required [type=missing, input_value={'item': 'theme'}, input_type=dict]
    For further information visit https://errors.pydantic.dev/2.8/v/missing
contactPoint
  Field required [type=missing, input_value={'item': 'theme'}, input_type=dict]
    For further information visit https://errors.pydantic.dev/2.8/v/missing
publisher
  Field required [type=missing, input_value={'item': 'theme'}, input_type=dict]
    For further information visit https://errors.pydantic.dev/2.8/v/missing
identifier
  Field required [type=missing, input_value={'item': 'theme'}, input_type=dict]
    For further information visit https://errors.pydantic.dev/2.8/v/missing
description
  Field required [type=missing, input_value={'item': 'theme'}, input_type=dict]
    For further information visit https://errors.pydantic.dev/2.8/v/missing
title
  Field required [type=missing, input_value={'item': 'theme'}, input_type=dict]
    For further information visit https://errors.pydantic.dev/2.8/v/missing
programCode
  Field required [type=missing, input_value={'item': 'theme'}, input_type=dict]
    For further information visit https://errors.pydantic.dev/2.8/v/missing
distribution
  Field required [type=missing, input_value={'item': 'theme'}, input_type=dict]
    For further information visit https://errors.pydantic.dev/2.8/v/missing
theme
  Field required [type=missing, input_value={'item': 'theme'}, input_type=dict]
    For further information visit https://errors.pydantic.dev/2.8/v/missing
2024-08-23 12:40:38 - ERROR - Validation error for dataset: Unknown title
Traceback (most recent call last):
  File "C:\Users\edmun\Projects\Repositories\healthpartners-interview\src\healthpartners_interview\download.py", line 31, in fetch_datasets
    dataset = Dataset(**current_item)
              ^^^^^^^^^^^^^^^^^^^^^^^
  File "C:\Users\edmun\Projects\Repositories\healthpartners-interview\.venv\Lib\site-packages\pydantic\main.py", line 193, in __init__
    self.__pydantic_validator__.validate_python(data, self_instance=self)
pydantic_core._pydantic_core.ValidationError: 16 validation errors for Dataset
accessLevel
  Field required [type=missing, input_value={}, input_type=dict]
    For further information visit https://errors.pydantic.dev/2.8/v/missing
landingPage
  Field required [type=missing, input_value={}, input_type=dict]
    For further information visit https://errors.pydantic.dev/2.8/v/missing
bureauCode
  Field required [type=missing, input_value={}, input_type=dict]
    For further information visit https://errors.pydantic.dev/2.8/v/missing
issued
  Field required [type=missing, input_value={}, input_type=dict]
    For further information visit https://errors.pydantic.dev/2.8/v/missing
@type
  Field required [type=missing, input_value={}, input_type=dict]
    For further information visit https://errors.pydantic.dev/2.8/v/missing
modified
  Field required [type=missing, input_value={}, input_type=dict]
    For further information visit https://errors.pydantic.dev/2.8/v/missing
released
  Field required [type=missing, input_value={}, input_type=dict]
    For further information visit https://errors.pydantic.dev/2.8/v/missing
keyword
  Field required [type=missing, input_value={}, input_type=dict]
    For further information visit https://errors.pydantic.dev/2.8/v/missing
contactPoint
  Field required [type=missing, input_value={}, input_type=dict]
    For further information visit https://errors.pydantic.dev/2.8/v/missing
publisher
  Field required [type=missing, input_value={}, input_type=dict]
    For further information visit https://errors.pydantic.dev/2.8/v/missing
identifier
  Field required [type=missing, input_value={}, input_type=dict]
    For further information visit https://errors.pydantic.dev/2.8/v/missing
description
  Field required [type=missing, input_value={}, input_type=dict]
    For further information visit https://errors.pydantic.dev/2.8/v/missing
title
  Field required [type=missing, input_value={}, input_type=dict]
    For further information visit https://errors.pydantic.dev/2.8/v/missing
programCode
  Field required [type=missing, input_value={}, input_type=dict]
    For further information visit https://errors.pydantic.dev/2.8/v/missing
distribution
  Field required [type=missing, input_value={}, input_type=dict]
    For further information visit https://errors.pydantic.dev/2.8/v/missing
theme
  Field required [type=missing, input_value={}, input_type=dict]
    For further information visit https://errors.pydantic.dev/2.8/v/missing
2024-08-23 12:40:38 - ERROR - Validation error for dataset: Unknown title
Traceback (most recent call last):
  File "C:\Users\edmun\Projects\Repositories\healthpartners-interview\src\healthpartners_interview\download.py", line 31, in fetch_datasets
    dataset = Dataset(**current_item)
              ^^^^^^^^^^^^^^^^^^^^^^^
  File "C:\Users\edmun\Projects\Repositories\healthpartners-interview\.venv\Lib\site-packages\pydantic\main.py", line 193, in __init__
    self.__pydantic_validator__.validate_python(data, self_instance=self)
pydantic_core._pydantic_core.ValidationError: 16 validation errors for Dataset
accessLevel
  Field required [type=missing, input_value={}, input_type=dict]
    For further information visit https://errors.pydantic.dev/2.8/v/missing
landingPage
  Field required [type=missing, input_value={}, input_type=dict]
    For further information visit https://errors.pydantic.dev/2.8/v/missing
bureauCode
  Field required [type=missing, input_value={}, input_type=dict]
    For further information visit https://errors.pydantic.dev/2.8/v/missing
issued
  Field required [type=missing, input_value={}, input_type=dict]
    For further information visit https://errors.pydantic.dev/2.8/v/missing
@type
  Field required [type=missing, input_value={}, input_type=dict]
    For further information visit https://errors.pydantic.dev/2.8/v/missing
modified
  Field required [type=missing, input_value={}, input_type=dict]
    For further information visit https://errors.pydantic.dev/2.8/v/missing
released
  Field required [type=missing, input_value={}, input_type=dict]
    For further information visit https://errors.pydantic.dev/2.8/v/missing
keyword
  Field required [type=missing, input_value={}, input_type=dict]
    For further information visit https://errors.pydantic.dev/2.8/v/missing
contactPoint
  Field required [type=missing, input_value={}, input_type=dict]
    For further information visit https://errors.pydantic.dev/2.8/v/missing
publisher
  Field required [type=missing, input_value={}, input_type=dict]
    For further information visit https://errors.pydantic.dev/2.8/v/missing
identifier
  Field required [type=missing, input_value={}, input_type=dict]
    For further information visit https://errors.pydantic.dev/2.8/v/missing
description
  Field required [type=missing, input_value={}, input_type=dict]
    For further information visit https://errors.pydantic.dev/2.8/v/missing
title
  Field required [type=missing, input_value={}, input_type=dict]
    For further information visit https://errors.pydantic.dev/2.8/v/missing
programCode
  Field required [type=missing, input_value={}, input_type=dict]
    For further information visit https://errors.pydantic.dev/2.8/v/missing
distribution
  Field required [type=missing, input_value={}, input_type=dict]
    For further information visit https://errors.pydantic.dev/2.8/v/missing
theme
  Field required [type=missing, input_value={}, input_type=dict]
    For further information visit https://errors.pydantic.dev/2.8/v/missing
2024-08-23 12:40:38 - ERROR - Validation error for dataset: Unknown title
Traceback (most recent call last):
  File "C:\Users\edmun\Projects\Repositories\healthpartners-interview\src\healthpartners_interview\download.py", line 31, in fetch_datasets
    dataset = Dataset(**current_item)
              ^^^^^^^^^^^^^^^^^^^^^^^
  File "C:\Users\edmun\Projects\Repositories\healthpartners-interview\.venv\Lib\site-packages\pydantic\main.py", line 193, in __init__
    self.__pydantic_validator__.validate_python(data, self_instance=self)
pydantic_core._pydantic_core.ValidationError: 16 validation errors for Dataset
accessLevel
  Field required [type=missing, input_value={}, input_type=dict]
    For further information visit https://errors.pydantic.dev/2.8/v/missing
landingPage
  Field required [type=missing, input_value={}, input_type=dict]
    For further information visit https://errors.pydantic.dev/2.8/v/missing
bureauCode
  Field required [type=missing, input_value={}, input_type=dict]
    For further information visit https://errors.pydantic.dev/2.8/v/missing
issued
  Field required [type=missing, input_value={}, input_type=dict]
    For further information visit https://errors.pydantic.dev/2.8/v/missing
@type
  Field required [type=missing, input_value={}, input_type=dict]
    For further information visit https://errors.pydantic.dev/2.8/v/missing
modified
  Field required [type=missing, input_value={}, input_type=dict]
    For further information visit https://errors.pydantic.dev/2.8/v/missing
released
  Field required [type=missing, input_value={}, input_type=dict]
    For further information visit https://errors.pydantic.dev/2.8/v/missing
keyword
  Field required [type=missing, input_value={}, input_type=dict]
    For further information visit https://errors.pydantic.dev/2.8/v/missing
contactPoint
  Field required [type=missing, input_value={}, input_type=dict]
    For further information visit https://errors.pydantic.dev/2.8/v/missing
publisher
  Field required [type=missing, input_value={}, input_type=dict]
    For further information visit https://errors.pydantic.dev/2.8/v/missing
identifier
  Field required [type=missing, input_value={}, input_type=dict]
    For further information visit https://errors.pydantic.dev/2.8/v/missing
description
  Field required [type=missing, input_value={}, input_type=dict]
    For further information visit https://errors.pydantic.dev/2.8/v/missing
title
  Field required [type=missing, input_value={}, input_type=dict]
    For further information visit https://errors.pydantic.dev/2.8/v/missing
programCode
  Field required [type=missing, input_value={}, input_type=dict]
    For further information visit https://errors.pydantic.dev/2.8/v/missing
distribution
  Field required [type=missing, input_value={}, input_type=dict]
    For further information visit https://errors.pydantic.dev/2.8/v/missing
theme
  Field required [type=missing, input_value={}, input_type=dict]
    For further information visit https://errors.pydantic.dev/2.8/v/missing
2024-08-23 12:40:38 - ERROR - Validation error for dataset: Unknown title
Traceback (most recent call last):
  File "C:\Users\edmun\Projects\Repositories\healthpartners-interview\src\healthpartners_interview\download.py", line 31, in fetch_datasets
    dataset = Dataset(**current_item)
              ^^^^^^^^^^^^^^^^^^^^^^^
  File "C:\Users\edmun\Projects\Repositories\healthpartners-interview\.venv\Lib\site-packages\pydantic\main.py", line 193, in __init__
    self.__pydantic_validator__.validate_python(data, self_instance=self)
pydantic_core._pydantic_core.ValidationError: 16 validation errors for Dataset
accessLevel
  Field required [type=missing, input_value={'item': 'theme'}, input_type=dict]
    For further information visit https://errors.pydantic.dev/2.8/v/missing
landingPage
  Field required [type=missing, input_value={'item': 'theme'}, input_type=dict]
    For further information visit https://errors.pydantic.dev/2.8/v/missing
bureauCode
  Field required [type=missing, input_value={'item': 'theme'}, input_type=dict]
    For further information visit https://errors.pydantic.dev/2.8/v/missing
issued
  Field required [type=missing, input_value={'item': 'theme'}, input_type=dict]
    For further information visit https://errors.pydantic.dev/2.8/v/missing
@type
  Field required [type=missing, input_value={'item': 'theme'}, input_type=dict]
    For further information visit https://errors.pydantic.dev/2.8/v/missing
modified
  Field required [type=missing, input_value={'item': 'theme'}, input_type=dict]
    For further information visit https://errors.pydantic.dev/2.8/v/missing
released
  Field required [type=missing, input_value={'item': 'theme'}, input_type=dict]
    For further information visit https://errors.pydantic.dev/2.8/v/missing
keyword
  Field required [type=missing, input_value={'item': 'theme'}, input_type=dict]
    For further information visit https://errors.pydantic.dev/2.8/v/missing
contactPoint
  Field required [type=missing, input_value={'item': 'theme'}, input_type=dict]
    For further information visit https://errors.pydantic.dev/2.8/v/missing
publisher
  Field required [type=missing, input_value={'item': 'theme'}, input_type=dict]
    For further information visit https://errors.pydantic.dev/2.8/v/missing
identifier
  Field required [type=missing, input_value={'item': 'theme'}, input_type=dict]
    For further information visit https://errors.pydantic.dev/2.8/v/missing
description
  Field required [type=missing, input_value={'item': 'theme'}, input_type=dict]
    For further information visit https://errors.pydantic.dev/2.8/v/missing
title
  Field required [type=missing, input_value={'item': 'theme'}, input_type=dict]
    For further information visit https://errors.pydantic.dev/2.8/v/missing
programCode
  Field required [type=missing, input_value={'item': 'theme'}, input_type=dict]
    For further information visit https://errors.pydantic.dev/2.8/v/missing
distribution
  Field required [type=missing, input_value={'item': 'theme'}, input_type=dict]
    For further information visit https://errors.pydantic.dev/2.8/v/missing
theme
  Field required [type=missing, input_value={'item': 'theme'}, input_type=dict]
    For further information visit https://errors.pydantic.dev/2.8/v/missing
2024-08-23 12:40:38 - ERROR - Validation error for dataset: Unknown title
Traceback (most recent call last):
  File "C:\Users\edmun\Projects\Repositories\healthpartners-interview\src\healthpartners_interview\download.py", line 31, in fetch_datasets
    dataset = Dataset(**current_item)
              ^^^^^^^^^^^^^^^^^^^^^^^
  File "C:\Users\edmun\Projects\Repositories\healthpartners-interview\.venv\Lib\site-packages\pydantic\main.py", line 193, in __init__
    self.__pydantic_validator__.validate_python(data, self_instance=self)
pydantic_core._pydantic_core.ValidationError: 16 validation errors for Dataset
accessLevel
  Field required [type=missing, input_value={}, input_type=dict]
    For further information visit https://errors.pydantic.dev/2.8/v/missing
landingPage
  Field required [type=missing, input_value={}, input_type=dict]
    For further information visit https://errors.pydantic.dev/2.8/v/missing
bureauCode
  Field required [type=missing, input_value={}, input_type=dict]
    For further information visit https://errors.pydantic.dev/2.8/v/missing
issued
  Field required [type=missing, input_value={}, input_type=dict]
    For further information visit https://errors.pydantic.dev/2.8/v/missing
@type
  Field required [type=missing, input_value={}, input_type=dict]
    For further information visit https://errors.pydantic.dev/2.8/v/missing
modified
  Field required [type=missing, input_value={}, input_type=dict]
    For further information visit https://errors.pydantic.dev/2.8/v/missing
released
  Field required [type=missing, input_value={}, input_type=dict]
    For further information visit https://errors.pydantic.dev/2.8/v/missing
keyword
  Field required [type=missing, input_value={}, input_type=dict]
    For further information visit https://errors.pydantic.dev/2.8/v/missing
contactPoint
  Field required [type=missing, input_value={}, input_type=dict]
    For further information visit https://errors.pydantic.dev/2.8/v/missing
publisher
  Field required [type=missing, input_value={}, input_type=dict]
    For further information visit https://errors.pydantic.dev/2.8/v/missing
identifier
  Field required [type=missing, input_value={}, input_type=dict]
    For further information visit https://errors.pydantic.dev/2.8/v/missing
description
  Field required [type=missing, input_value={}, input_type=dict]
    For further information visit https://errors.pydantic.dev/2.8/v/missing
title
  Field required [type=missing, input_value={}, input_type=dict]
    For further information visit https://errors.pydantic.dev/2.8/v/missing
programCode
  Field required [type=missing, input_value={}, input_type=dict]
    For further information visit https://errors.pydantic.dev/2.8/v/missing
distribution
  Field required [type=missing, input_value={}, input_type=dict]
    For further information visit https://errors.pydantic.dev/2.8/v/missing
theme
  Field required [type=missing, input_value={}, input_type=dict]
    For further information visit https://errors.pydantic.dev/2.8/v/missing
2024-08-23 12:40:38 - ERROR - Validation error for dataset: Unknown title
Traceback (most recent call last):
  File "C:\Users\edmun\Projects\Repositories\healthpartners-interview\src\healthpartners_interview\download.py", line 31, in fetch_datasets
    dataset = Dataset(**current_item)
              ^^^^^^^^^^^^^^^^^^^^^^^
  File "C:\Users\edmun\Projects\Repositories\healthpartners-interview\.venv\Lib\site-packages\pydantic\main.py", line 193, in __init__
    self.__pydantic_validator__.validate_python(data, self_instance=self)
pydantic_core._pydantic_core.ValidationError: 16 validation errors for Dataset
accessLevel
  Field required [type=missing, input_value={}, input_type=dict]
    For further information visit https://errors.pydantic.dev/2.8/v/missing
landingPage
  Field required [type=missing, input_value={}, input_type=dict]
    For further information visit https://errors.pydantic.dev/2.8/v/missing
bureauCode
  Field required [type=missing, input_value={}, input_type=dict]
    For further information visit https://errors.pydantic.dev/2.8/v/missing
issued
  Field required [type=missing, input_value={}, input_type=dict]
    For further information visit https://errors.pydantic.dev/2.8/v/missing
@type
  Field required [type=missing, input_value={}, input_type=dict]
    For further information visit https://errors.pydantic.dev/2.8/v/missing
modified
  Field required [type=missing, input_value={}, input_type=dict]
    For further information visit https://errors.pydantic.dev/2.8/v/missing
released
  Field required [type=missing, input_value={}, input_type=dict]
    For further information visit https://errors.pydantic.dev/2.8/v/missing
keyword
  Field required [type=missing, input_value={}, input_type=dict]
    For further information visit https://errors.pydantic.dev/2.8/v/missing
contactPoint
  Field required [type=missing, input_value={}, input_type=dict]
    For further information visit https://errors.pydantic.dev/2.8/v/missing
publisher
  Field required [type=missing, input_value={}, input_type=dict]
    For further information visit https://errors.pydantic.dev/2.8/v/missing
identifier
  Field required [type=missing, input_value={}, input_type=dict]
    For further information visit https://errors.pydantic.dev/2.8/v/missing
description
  Field required [type=missing, input_value={}, input_type=dict]
    For further information visit https://errors.pydantic.dev/2.8/v/missing
title
  Field required [type=missing, input_value={}, input_type=dict]
    For further information visit https://errors.pydantic.dev/2.8/v/missing
programCode
  Field required [type=missing, input_value={}, input_type=dict]
    For further information visit https://errors.pydantic.dev/2.8/v/missing
distribution
  Field required [type=missing, input_value={}, input_type=dict]
    For further information visit https://errors.pydantic.dev/2.8/v/missing
theme
  Field required [type=missing, input_value={}, input_type=dict]
    For further information visit https://errors.pydantic.dev/2.8/v/missing
2024-08-23 12:40:38 - ERROR - Validation error for dataset: Unknown title
Traceback (most recent call last):
  File "C:\Users\edmun\Projects\Repositories\healthpartners-interview\src\healthpartners_interview\download.py", line 31, in fetch_datasets
    dataset = Dataset(**current_item)
              ^^^^^^^^^^^^^^^^^^^^^^^
  File "C:\Users\edmun\Projects\Repositories\healthpartners-interview\.venv\Lib\site-packages\pydantic\main.py", line 193, in __init__
    self.__pydantic_validator__.validate_python(data, self_instance=self)
pydantic_core._pydantic_core.ValidationError: 16 validation errors for Dataset
accessLevel
  Field required [type=missing, input_value={}, input_type=dict]
    For further information visit https://errors.pydantic.dev/2.8/v/missing
landingPage
  Field required [type=missing, input_value={}, input_type=dict]
    For further information visit https://errors.pydantic.dev/2.8/v/missing
bureauCode
  Field required [type=missing, input_value={}, input_type=dict]
    For further information visit https://errors.pydantic.dev/2.8/v/missing
issued
  Field required [type=missing, input_value={}, input_type=dict]
    For further information visit https://errors.pydantic.dev/2.8/v/missing
@type
  Field required [type=missing, input_value={}, input_type=dict]
    For further information visit https://errors.pydantic.dev/2.8/v/missing
modified
  Field required [type=missing, input_value={}, input_type=dict]
    For further information visit https://errors.pydantic.dev/2.8/v/missing
released
  Field required [type=missing, input_value={}, input_type=dict]
    For further information visit https://errors.pydantic.dev/2.8/v/missing
keyword
  Field required [type=missing, input_value={}, input_type=dict]
    For further information visit https://errors.pydantic.dev/2.8/v/missing
contactPoint
  Field required [type=missing, input_value={}, input_type=dict]
    For further information visit https://errors.pydantic.dev/2.8/v/missing
publisher
  Field required [type=missing, input_value={}, input_type=dict]
    For further information visit https://errors.pydantic.dev/2.8/v/missing
identifier
  Field required [type=missing, input_value={}, input_type=dict]
    For further information visit https://errors.pydantic.dev/2.8/v/missing
description
  Field required [type=missing, input_value={}, input_type=dict]
    For further information visit https://errors.pydantic.dev/2.8/v/missing
title
  Field required [type=missing, input_value={}, input_type=dict]
    For further information visit https://errors.pydantic.dev/2.8/v/missing
programCode
  Field required [type=missing, input_value={}, input_type=dict]
    For further information visit https://errors.pydantic.dev/2.8/v/missing
distribution
  Field required [type=missing, input_value={}, input_type=dict]
    For further information visit https://errors.pydantic.dev/2.8/v/missing
theme
  Field required [type=missing, input_value={}, input_type=dict]
    For further information visit https://errors.pydantic.dev/2.8/v/missing
2024-08-23 12:40:38 - ERROR - Validation error for dataset: Unknown title
Traceback (most recent call last):
  File "C:\Users\edmun\Projects\Repositories\healthpartners-interview\src\healthpartners_interview\download.py", line 31, in fetch_datasets
    dataset = Dataset(**current_item)
              ^^^^^^^^^^^^^^^^^^^^^^^
  File "C:\Users\edmun\Projects\Repositories\healthpartners-interview\.venv\Lib\site-packages\pydantic\main.py", line 193, in __init__
    self.__pydantic_validator__.validate_python(data, self_instance=self)
pydantic_core._pydantic_core.ValidationError: 16 validation errors for Dataset
accessLevel
  Field required [type=missing, input_value={'item': 'theme'}, input_type=dict]
    For further information visit https://errors.pydantic.dev/2.8/v/missing
landingPage
  Field required [type=missing, input_value={'item': 'theme'}, input_type=dict]
    For further information visit https://errors.pydantic.dev/2.8/v/missing
bureauCode
  Field required [type=missing, input_value={'item': 'theme'}, input_type=dict]
    For further information visit https://errors.pydantic.dev/2.8/v/missing
issued
  Field required [type=missing, input_value={'item': 'theme'}, input_type=dict]
    For further information visit https://errors.pydantic.dev/2.8/v/missing
@type
  Field required [type=missing, input_value={'item': 'theme'}, input_type=dict]
    For further information visit https://errors.pydantic.dev/2.8/v/missing
modified
  Field required [type=missing, input_value={'item': 'theme'}, input_type=dict]
    For further information visit https://errors.pydantic.dev/2.8/v/missing
released
  Field required [type=missing, input_value={'item': 'theme'}, input_type=dict]
    For further information visit https://errors.pydantic.dev/2.8/v/missing
keyword
  Field required [type=missing, input_value={'item': 'theme'}, input_type=dict]
    For further information visit https://errors.pydantic.dev/2.8/v/missing
contactPoint
  Field required [type=missing, input_value={'item': 'theme'}, input_type=dict]
    For further information visit https://errors.pydantic.dev/2.8/v/missing
publisher
  Field required [type=missing, input_value={'item': 'theme'}, input_type=dict]
    For further information visit https://errors.pydantic.dev/2.8/v/missing
identifier
  Field required [type=missing, input_value={'item': 'theme'}, input_type=dict]
    For further information visit https://errors.pydantic.dev/2.8/v/missing
description
  Field required [type=missing, input_value={'item': 'theme'}, input_type=dict]
    For further information visit https://errors.pydantic.dev/2.8/v/missing
title
  Field required [type=missing, input_value={'item': 'theme'}, input_type=dict]
    For further information visit https://errors.pydantic.dev/2.8/v/missing
programCode
  Field required [type=missing, input_value={'item': 'theme'}, input_type=dict]
    For further information visit https://errors.pydantic.dev/2.8/v/missing
distribution
  Field required [type=missing, input_value={'item': 'theme'}, input_type=dict]
    For further information visit https://errors.pydantic.dev/2.8/v/missing
theme
  Field required [type=missing, input_value={'item': 'theme'}, input_type=dict]
    For further information visit https://errors.pydantic.dev/2.8/v/missing
2024-08-23 12:40:38 - ERROR - Validation error for dataset: Unknown title
Traceback (most recent call last):
  File "C:\Users\edmun\Projects\Repositories\healthpartners-interview\src\healthpartners_interview\download.py", line 31, in fetch_datasets
    dataset = Dataset(**current_item)
              ^^^^^^^^^^^^^^^^^^^^^^^
  File "C:\Users\edmun\Projects\Repositories\healthpartners-interview\.venv\Lib\site-packages\pydantic\main.py", line 193, in __init__
    self.__pydantic_validator__.validate_python(data, self_instance=self)
pydantic_core._pydantic_core.ValidationError: 16 validation errors for Dataset
accessLevel
  Field required [type=missing, input_value={}, input_type=dict]
    For further information visit https://errors.pydantic.dev/2.8/v/missing
landingPage
  Field required [type=missing, input_value={}, input_type=dict]
    For further information visit https://errors.pydantic.dev/2.8/v/missing
bureauCode
  Field required [type=missing, input_value={}, input_type=dict]
    For further information visit https://errors.pydantic.dev/2.8/v/missing
issued
  Field required [type=missing, input_value={}, input_type=dict]
    For further information visit https://errors.pydantic.dev/2.8/v/missing
@type
  Field required [type=missing, input_value={}, input_type=dict]
    For further information visit https://errors.pydantic.dev/2.8/v/missing
modified
  Field required [type=missing, input_value={}, input_type=dict]
    For further information visit https://errors.pydantic.dev/2.8/v/missing
released
  Field required [type=missing, input_value={}, input_type=dict]
    For further information visit https://errors.pydantic.dev/2.8/v/missing
keyword
  Field required [type=missing, input_value={}, input_type=dict]
    For further information visit https://errors.pydantic.dev/2.8/v/missing
contactPoint
  Field required [type=missing, input_value={}, input_type=dict]
    For further information visit https://errors.pydantic.dev/2.8/v/missing
publisher
  Field required [type=missing, input_value={}, input_type=dict]
    For further information visit https://errors.pydantic.dev/2.8/v/missing
identifier
  Field required [type=missing, input_value={}, input_type=dict]
    For further information visit https://errors.pydantic.dev/2.8/v/missing
description
  Field required [type=missing, input_value={}, input_type=dict]
    For further information visit https://errors.pydantic.dev/2.8/v/missing
title
  Field required [type=missing, input_value={}, input_type=dict]
    For further information visit https://errors.pydantic.dev/2.8/v/missing
programCode
  Field required [type=missing, input_value={}, input_type=dict]
    For further information visit https://errors.pydantic.dev/2.8/v/missing
distribution
  Field required [type=missing, input_value={}, input_type=dict]
    For further information visit https://errors.pydantic.dev/2.8/v/missing
theme
  Field required [type=missing, input_value={}, input_type=dict]
    For further information visit https://errors.pydantic.dev/2.8/v/missing
2024-08-23 12:40:38 - ERROR - Validation error for dataset: Unknown title
Traceback (most recent call last):
  File "C:\Users\edmun\Projects\Repositories\healthpartners-interview\src\healthpartners_interview\download.py", line 31, in fetch_datasets
    dataset = Dataset(**current_item)
              ^^^^^^^^^^^^^^^^^^^^^^^
  File "C:\Users\edmun\Projects\Repositories\healthpartners-interview\.venv\Lib\site-packages\pydantic\main.py", line 193, in __init__
    self.__pydantic_validator__.validate_python(data, self_instance=self)
pydantic_core._pydantic_core.ValidationError: 16 validation errors for Dataset
accessLevel
  Field required [type=missing, input_value={}, input_type=dict]
    For further information visit https://errors.pydantic.dev/2.8/v/missing
landingPage
  Field required [type=missing, input_value={}, input_type=dict]
    For further information visit https://errors.pydantic.dev/2.8/v/missing
bureauCode
  Field required [type=missing, input_value={}, input_type=dict]
    For further information visit https://errors.pydantic.dev/2.8/v/missing
issued
  Field required [type=missing, input_value={}, input_type=dict]
    For further information visit https://errors.pydantic.dev/2.8/v/missing
@type
  Field required [type=missing, input_value={}, input_type=dict]
    For further information visit https://errors.pydantic.dev/2.8/v/missing
modified
  Field required [type=missing, input_value={}, input_type=dict]
    For further information visit https://errors.pydantic.dev/2.8/v/missing
released
  Field required [type=missing, input_value={}, input_type=dict]
    For further information visit https://errors.pydantic.dev/2.8/v/missing
keyword
  Field required [type=missing, input_value={}, input_type=dict]
    For further information visit https://errors.pydantic.dev/2.8/v/missing
contactPoint
  Field required [type=missing, input_value={}, input_type=dict]
    For further information visit https://errors.pydantic.dev/2.8/v/missing
publisher
  Field required [type=missing, input_value={}, input_type=dict]
    For further information visit https://errors.pydantic.dev/2.8/v/missing
identifier
  Field required [type=missing, input_value={}, input_type=dict]
    For further information visit https://errors.pydantic.dev/2.8/v/missing
description
  Field required [type=missing, input_value={}, input_type=dict]
    For further information visit https://errors.pydantic.dev/2.8/v/missing
title
  Field required [type=missing, input_value={}, input_type=dict]
    For further information visit https://errors.pydantic.dev/2.8/v/missing
programCode
  Field required [type=missing, input_value={}, input_type=dict]
    For further information visit https://errors.pydantic.dev/2.8/v/missing
distribution
  Field required [type=missing, input_value={}, input_type=dict]
    For further information visit https://errors.pydantic.dev/2.8/v/missing
theme
  Field required [type=missing, input_value={}, input_type=dict]
    For further information visit https://errors.pydantic.dev/2.8/v/missing
2024-08-23 12:40:38 - ERROR - Validation error for dataset: Unknown title
Traceback (most recent call last):
  File "C:\Users\edmun\Projects\Repositories\healthpartners-interview\src\healthpartners_interview\download.py", line 31, in fetch_datasets
    dataset = Dataset(**current_item)
              ^^^^^^^^^^^^^^^^^^^^^^^
  File "C:\Users\edmun\Projects\Repositories\healthpartners-interview\.venv\Lib\site-packages\pydantic\main.py", line 193, in __init__
    self.__pydantic_validator__.validate_python(data, self_instance=self)
pydantic_core._pydantic_core.ValidationError: 16 validation errors for Dataset
accessLevel
  Field required [type=missing, input_value={}, input_type=dict]
    For further information visit https://errors.pydantic.dev/2.8/v/missing
landingPage
  Field required [type=missing, input_value={}, input_type=dict]
    For further information visit https://errors.pydantic.dev/2.8/v/missing
bureauCode
  Field required [type=missing, input_value={}, input_type=dict]
    For further information visit https://errors.pydantic.dev/2.8/v/missing
issued
  Field required [type=missing, input_value={}, input_type=dict]
    For further information visit https://errors.pydantic.dev/2.8/v/missing
@type
  Field required [type=missing, input_value={}, input_type=dict]
    For further information visit https://errors.pydantic.dev/2.8/v/missing
modified
  Field required [type=missing, input_value={}, input_type=dict]
    For further information visit https://errors.pydantic.dev/2.8/v/missing
released
  Field required [type=missing, input_value={}, input_type=dict]
    For further information visit https://errors.pydantic.dev/2.8/v/missing
keyword
  Field required [type=missing, input_value={}, input_type=dict]
    For further information visit https://errors.pydantic.dev/2.8/v/missing
contactPoint
  Field required [type=missing, input_value={}, input_type=dict]
    For further information visit https://errors.pydantic.dev/2.8/v/missing
publisher
  Field required [type=missing, input_value={}, input_type=dict]
    For further information visit https://errors.pydantic.dev/2.8/v/missing
identifier
  Field required [type=missing, input_value={}, input_type=dict]
    For further information visit https://errors.pydantic.dev/2.8/v/missing
description
  Field required [type=missing, input_value={}, input_type=dict]
    For further information visit https://errors.pydantic.dev/2.8/v/missing
title
  Field required [type=missing, input_value={}, input_type=dict]
    For further information visit https://errors.pydantic.dev/2.8/v/missing
programCode
  Field required [type=missing, input_value={}, input_type=dict]
    For further information visit https://errors.pydantic.dev/2.8/v/missing
distribution
  Field required [type=missing, input_value={}, input_type=dict]
    For further information visit https://errors.pydantic.dev/2.8/v/missing
theme
  Field required [type=missing, input_value={}, input_type=dict]
    For further information visit https://errors.pydantic.dev/2.8/v/missing
2024-08-23 12:40:38 - ERROR - Validation error for dataset: Unknown title
Traceback (most recent call last):
  File "C:\Users\edmun\Projects\Repositories\healthpartners-interview\src\healthpartners_interview\download.py", line 31, in fetch_datasets
    dataset = Dataset(**current_item)
              ^^^^^^^^^^^^^^^^^^^^^^^
  File "C:\Users\edmun\Projects\Repositories\healthpartners-interview\.venv\Lib\site-packages\pydantic\main.py", line 193, in __init__
    self.__pydantic_validator__.validate_python(data, self_instance=self)
pydantic_core._pydantic_core.ValidationError: 16 validation errors for Dataset
accessLevel
  Field required [type=missing, input_value={'item': 'theme'}, input_type=dict]
    For further information visit https://errors.pydantic.dev/2.8/v/missing
landingPage
  Field required [type=missing, input_value={'item': 'theme'}, input_type=dict]
    For further information visit https://errors.pydantic.dev/2.8/v/missing
bureauCode
  Field required [type=missing, input_value={'item': 'theme'}, input_type=dict]
    For further information visit https://errors.pydantic.dev/2.8/v/missing
issued
  Field required [type=missing, input_value={'item': 'theme'}, input_type=dict]
    For further information visit https://errors.pydantic.dev/2.8/v/missing
@type
  Field required [type=missing, input_value={'item': 'theme'}, input_type=dict]
    For further information visit https://errors.pydantic.dev/2.8/v/missing
modified
  Field required [type=missing, input_value={'item': 'theme'}, input_type=dict]
    For further information visit https://errors.pydantic.dev/2.8/v/missing
released
  Field required [type=missing, input_value={'item': 'theme'}, input_type=dict]
    For further information visit https://errors.pydantic.dev/2.8/v/missing
keyword
  Field required [type=missing, input_value={'item': 'theme'}, input_type=dict]
    For further information visit https://errors.pydantic.dev/2.8/v/missing
contactPoint
  Field required [type=missing, input_value={'item': 'theme'}, input_type=dict]
    For further information visit https://errors.pydantic.dev/2.8/v/missing
publisher
  Field required [type=missing, input_value={'item': 'theme'}, input_type=dict]
    For further information visit https://errors.pydantic.dev/2.8/v/missing
identifier
  Field required [type=missing, input_value={'item': 'theme'}, input_type=dict]
    For further information visit https://errors.pydantic.dev/2.8/v/missing
description
  Field required [type=missing, input_value={'item': 'theme'}, input_type=dict]
    For further information visit https://errors.pydantic.dev/2.8/v/missing
title
  Field required [type=missing, input_value={'item': 'theme'}, input_type=dict]
    For further information visit https://errors.pydantic.dev/2.8/v/missing
programCode
  Field required [type=missing, input_value={'item': 'theme'}, input_type=dict]
    For further information visit https://errors.pydantic.dev/2.8/v/missing
distribution
  Field required [type=missing, input_value={'item': 'theme'}, input_type=dict]
    For further information visit https://errors.pydantic.dev/2.8/v/missing
theme
  Field required [type=missing, input_value={'item': 'theme'}, input_type=dict]
    For further information visit https://errors.pydantic.dev/2.8/v/missing
2024-08-23 12:40:38 - ERROR - Validation error for dataset: Unknown title
Traceback (most recent call last):
  File "C:\Users\edmun\Projects\Repositories\healthpartners-interview\src\healthpartners_interview\download.py", line 31, in fetch_datasets
    dataset = Dataset(**current_item)
              ^^^^^^^^^^^^^^^^^^^^^^^
  File "C:\Users\edmun\Projects\Repositories\healthpartners-interview\.venv\Lib\site-packages\pydantic\main.py", line 193, in __init__
    self.__pydantic_validator__.validate_python(data, self_instance=self)
pydantic_core._pydantic_core.ValidationError: 16 validation errors for Dataset
accessLevel
  Field required [type=missing, input_value={}, input_type=dict]
    For further information visit https://errors.pydantic.dev/2.8/v/missing
landingPage
  Field required [type=missing, input_value={}, input_type=dict]
    For further information visit https://errors.pydantic.dev/2.8/v/missing
bureauCode
  Field required [type=missing, input_value={}, input_type=dict]
    For further information visit https://errors.pydantic.dev/2.8/v/missing
issued
  Field required [type=missing, input_value={}, input_type=dict]
    For further information visit https://errors.pydantic.dev/2.8/v/missing
@type
  Field required [type=missing, input_value={}, input_type=dict]
    For further information visit https://errors.pydantic.dev/2.8/v/missing
modified
  Field required [type=missing, input_value={}, input_type=dict]
    For further information visit https://errors.pydantic.dev/2.8/v/missing
released
  Field required [type=missing, input_value={}, input_type=dict]
    For further information visit https://errors.pydantic.dev/2.8/v/missing
keyword
  Field required [type=missing, input_value={}, input_type=dict]
    For further information visit https://errors.pydantic.dev/2.8/v/missing
contactPoint
  Field required [type=missing, input_value={}, input_type=dict]
    For further information visit https://errors.pydantic.dev/2.8/v/missing
publisher
  Field required [type=missing, input_value={}, input_type=dict]
    For further information visit https://errors.pydantic.dev/2.8/v/missing
identifier
  Field required [type=missing, input_value={}, input_type=dict]
    For further information visit https://errors.pydantic.dev/2.8/v/missing
description
  Field required [type=missing, input_value={}, input_type=dict]
    For further information visit https://errors.pydantic.dev/2.8/v/missing
title
  Field required [type=missing, input_value={}, input_type=dict]
    For further information visit https://errors.pydantic.dev/2.8/v/missing
programCode
  Field required [type=missing, input_value={}, input_type=dict]
    For further information visit https://errors.pydantic.dev/2.8/v/missing
distribution
  Field required [type=missing, input_value={}, input_type=dict]
    For further information visit https://errors.pydantic.dev/2.8/v/missing
theme
  Field required [type=missing, input_value={}, input_type=dict]
    For further information visit https://errors.pydantic.dev/2.8/v/missing
2024-08-23 12:40:38 - ERROR - Validation error for dataset: Unknown title
Traceback (most recent call last):
  File "C:\Users\edmun\Projects\Repositories\healthpartners-interview\src\healthpartners_interview\download.py", line 31, in fetch_datasets
    dataset = Dataset(**current_item)
              ^^^^^^^^^^^^^^^^^^^^^^^
  File "C:\Users\edmun\Projects\Repositories\healthpartners-interview\.venv\Lib\site-packages\pydantic\main.py", line 193, in __init__
    self.__pydantic_validator__.validate_python(data, self_instance=self)
pydantic_core._pydantic_core.ValidationError: 16 validation errors for Dataset
accessLevel
  Field required [type=missing, input_value={}, input_type=dict]
    For further information visit https://errors.pydantic.dev/2.8/v/missing
landingPage
  Field required [type=missing, input_value={}, input_type=dict]
    For further information visit https://errors.pydantic.dev/2.8/v/missing
bureauCode
  Field required [type=missing, input_value={}, input_type=dict]
    For further information visit https://errors.pydantic.dev/2.8/v/missing
issued
  Field required [type=missing, input_value={}, input_type=dict]
    For further information visit https://errors.pydantic.dev/2.8/v/missing
@type
  Field required [type=missing, input_value={}, input_type=dict]
    For further information visit https://errors.pydantic.dev/2.8/v/missing
modified
  Field required [type=missing, input_value={}, input_type=dict]
    For further information visit https://errors.pydantic.dev/2.8/v/missing
released
  Field required [type=missing, input_value={}, input_type=dict]
    For further information visit https://errors.pydantic.dev/2.8/v/missing
keyword
  Field required [type=missing, input_value={}, input_type=dict]
    For further information visit https://errors.pydantic.dev/2.8/v/missing
contactPoint
  Field required [type=missing, input_value={}, input_type=dict]
    For further information visit https://errors.pydantic.dev/2.8/v/missing
publisher
  Field required [type=missing, input_value={}, input_type=dict]
    For further information visit https://errors.pydantic.dev/2.8/v/missing
identifier
  Field required [type=missing, input_value={}, input_type=dict]
    For further information visit https://errors.pydantic.dev/2.8/v/missing
description
  Field required [type=missing, input_value={}, input_type=dict]
    For further information visit https://errors.pydantic.dev/2.8/v/missing
title
  Field required [type=missing, input_value={}, input_type=dict]
    For further information visit https://errors.pydantic.dev/2.8/v/missing
programCode
  Field required [type=missing, input_value={}, input_type=dict]
    For further information visit https://errors.pydantic.dev/2.8/v/missing
distribution
  Field required [type=missing, input_value={}, input_type=dict]
    For further information visit https://errors.pydantic.dev/2.8/v/missing
theme
  Field required [type=missing, input_value={}, input_type=dict]
    For further information visit https://errors.pydantic.dev/2.8/v/missing
2024-08-23 12:40:38 - ERROR - Validation error for dataset: Unknown title
Traceback (most recent call last):
  File "C:\Users\edmun\Projects\Repositories\healthpartners-interview\src\healthpartners_interview\download.py", line 31, in fetch_datasets
    dataset = Dataset(**current_item)
              ^^^^^^^^^^^^^^^^^^^^^^^
  File "C:\Users\edmun\Projects\Repositories\healthpartners-interview\.venv\Lib\site-packages\pydantic\main.py", line 193, in __init__
    self.__pydantic_validator__.validate_python(data, self_instance=self)
pydantic_core._pydantic_core.ValidationError: 16 validation errors for Dataset
accessLevel
  Field required [type=missing, input_value={}, input_type=dict]
    For further information visit https://errors.pydantic.dev/2.8/v/missing
landingPage
  Field required [type=missing, input_value={}, input_type=dict]
    For further information visit https://errors.pydantic.dev/2.8/v/missing
bureauCode
  Field required [type=missing, input_value={}, input_type=dict]
    For further information visit https://errors.pydantic.dev/2.8/v/missing
issued
  Field required [type=missing, input_value={}, input_type=dict]
    For further information visit https://errors.pydantic.dev/2.8/v/missing
@type
  Field required [type=missing, input_value={}, input_type=dict]
    For further information visit https://errors.pydantic.dev/2.8/v/missing
modified
  Field required [type=missing, input_value={}, input_type=dict]
    For further information visit https://errors.pydantic.dev/2.8/v/missing
released
  Field required [type=missing, input_value={}, input_type=dict]
    For further information visit https://errors.pydantic.dev/2.8/v/missing
keyword
  Field required [type=missing, input_value={}, input_type=dict]
    For further information visit https://errors.pydantic.dev/2.8/v/missing
contactPoint
  Field required [type=missing, input_value={}, input_type=dict]
    For further information visit https://errors.pydantic.dev/2.8/v/missing
publisher
  Field required [type=missing, input_value={}, input_type=dict]
    For further information visit https://errors.pydantic.dev/2.8/v/missing
identifier
  Field required [type=missing, input_value={}, input_type=dict]
    For further information visit https://errors.pydantic.dev/2.8/v/missing
description
  Field required [type=missing, input_value={}, input_type=dict]
    For further information visit https://errors.pydantic.dev/2.8/v/missing
title
  Field required [type=missing, input_value={}, input_type=dict]
    For further information visit https://errors.pydantic.dev/2.8/v/missing
programCode
  Field required [type=missing, input_value={}, input_type=dict]
    For further information visit https://errors.pydantic.dev/2.8/v/missing
distribution
  Field required [type=missing, input_value={}, input_type=dict]
    For further information visit https://errors.pydantic.dev/2.8/v/missing
theme
  Field required [type=missing, input_value={}, input_type=dict]
    For further information visit https://errors.pydantic.dev/2.8/v/missing
2024-08-23 12:40:38 - ERROR - Validation error for dataset: Unknown title
Traceback (most recent call last):
  File "C:\Users\edmun\Projects\Repositories\healthpartners-interview\src\healthpartners_interview\download.py", line 31, in fetch_datasets
    dataset = Dataset(**current_item)
              ^^^^^^^^^^^^^^^^^^^^^^^
  File "C:\Users\edmun\Projects\Repositories\healthpartners-interview\.venv\Lib\site-packages\pydantic\main.py", line 193, in __init__
    self.__pydantic_validator__.validate_python(data, self_instance=self)
pydantic_core._pydantic_core.ValidationError: 16 validation errors for Dataset
accessLevel
  Field required [type=missing, input_value={'item': 'theme'}, input_type=dict]
    For further information visit https://errors.pydantic.dev/2.8/v/missing
landingPage
  Field required [type=missing, input_value={'item': 'theme'}, input_type=dict]
    For further information visit https://errors.pydantic.dev/2.8/v/missing
bureauCode
  Field required [type=missing, input_value={'item': 'theme'}, input_type=dict]
    For further information visit https://errors.pydantic.dev/2.8/v/missing
issued
  Field required [type=missing, input_value={'item': 'theme'}, input_type=dict]
    For further information visit https://errors.pydantic.dev/2.8/v/missing
@type
  Field required [type=missing, input_value={'item': 'theme'}, input_type=dict]
    For further information visit https://errors.pydantic.dev/2.8/v/missing
modified
  Field required [type=missing, input_value={'item': 'theme'}, input_type=dict]
    For further information visit https://errors.pydantic.dev/2.8/v/missing
released
  Field required [type=missing, input_value={'item': 'theme'}, input_type=dict]
    For further information visit https://errors.pydantic.dev/2.8/v/missing
keyword
  Field required [type=missing, input_value={'item': 'theme'}, input_type=dict]
    For further information visit https://errors.pydantic.dev/2.8/v/missing
contactPoint
  Field required [type=missing, input_value={'item': 'theme'}, input_type=dict]
    For further information visit https://errors.pydantic.dev/2.8/v/missing
publisher
  Field required [type=missing, input_value={'item': 'theme'}, input_type=dict]
    For further information visit https://errors.pydantic.dev/2.8/v/missing
identifier
  Field required [type=missing, input_value={'item': 'theme'}, input_type=dict]
    For further information visit https://errors.pydantic.dev/2.8/v/missing
description
  Field required [type=missing, input_value={'item': 'theme'}, input_type=dict]
    For further information visit https://errors.pydantic.dev/2.8/v/missing
title
  Field required [type=missing, input_value={'item': 'theme'}, input_type=dict]
    For further information visit https://errors.pydantic.dev/2.8/v/missing
programCode
  Field required [type=missing, input_value={'item': 'theme'}, input_type=dict]
    For further information visit https://errors.pydantic.dev/2.8/v/missing
distribution
  Field required [type=missing, input_value={'item': 'theme'}, input_type=dict]
    For further information visit https://errors.pydantic.dev/2.8/v/missing
theme
  Field required [type=missing, input_value={'item': 'theme'}, input_type=dict]
    For further information visit https://errors.pydantic.dev/2.8/v/missing
2024-08-23 12:40:38 - ERROR - Validation error for dataset: Unknown title
Traceback (most recent call last):
  File "C:\Users\edmun\Projects\Repositories\healthpartners-interview\src\healthpartners_interview\download.py", line 31, in fetch_datasets
    dataset = Dataset(**current_item)
              ^^^^^^^^^^^^^^^^^^^^^^^
  File "C:\Users\edmun\Projects\Repositories\healthpartners-interview\.venv\Lib\site-packages\pydantic\main.py", line 193, in __init__
    self.__pydantic_validator__.validate_python(data, self_instance=self)
pydantic_core._pydantic_core.ValidationError: 16 validation errors for Dataset
accessLevel
  Field required [type=missing, input_value={}, input_type=dict]
    For further information visit https://errors.pydantic.dev/2.8/v/missing
landingPage
  Field required [type=missing, input_value={}, input_type=dict]
    For further information visit https://errors.pydantic.dev/2.8/v/missing
bureauCode
  Field required [type=missing, input_value={}, input_type=dict]
    For further information visit https://errors.pydantic.dev/2.8/v/missing
issued
  Field required [type=missing, input_value={}, input_type=dict]
    For further information visit https://errors.pydantic.dev/2.8/v/missing
@type
  Field required [type=missing, input_value={}, input_type=dict]
    For further information visit https://errors.pydantic.dev/2.8/v/missing
modified
  Field required [type=missing, input_value={}, input_type=dict]
    For further information visit https://errors.pydantic.dev/2.8/v/missing
released
  Field required [type=missing, input_value={}, input_type=dict]
    For further information visit https://errors.pydantic.dev/2.8/v/missing
keyword
  Field required [type=missing, input_value={}, input_type=dict]
    For further information visit https://errors.pydantic.dev/2.8/v/missing
contactPoint
  Field required [type=missing, input_value={}, input_type=dict]
    For further information visit https://errors.pydantic.dev/2.8/v/missing
publisher
  Field required [type=missing, input_value={}, input_type=dict]
    For further information visit https://errors.pydantic.dev/2.8/v/missing
identifier
  Field required [type=missing, input_value={}, input_type=dict]
    For further information visit https://errors.pydantic.dev/2.8/v/missing
description
  Field required [type=missing, input_value={}, input_type=dict]
    For further information visit https://errors.pydantic.dev/2.8/v/missing
title
  Field required [type=missing, input_value={}, input_type=dict]
    For further information visit https://errors.pydantic.dev/2.8/v/missing
programCode
  Field required [type=missing, input_value={}, input_type=dict]
    For further information visit https://errors.pydantic.dev/2.8/v/missing
distribution
  Field required [type=missing, input_value={}, input_type=dict]
    For further information visit https://errors.pydantic.dev/2.8/v/missing
theme
  Field required [type=missing, input_value={}, input_type=dict]
    For further information visit https://errors.pydantic.dev/2.8/v/missing
2024-08-23 12:40:38 - ERROR - Validation error for dataset: Unknown title
Traceback (most recent call last):
  File "C:\Users\edmun\Projects\Repositories\healthpartners-interview\src\healthpartners_interview\download.py", line 31, in fetch_datasets
    dataset = Dataset(**current_item)
              ^^^^^^^^^^^^^^^^^^^^^^^
  File "C:\Users\edmun\Projects\Repositories\healthpartners-interview\.venv\Lib\site-packages\pydantic\main.py", line 193, in __init__
    self.__pydantic_validator__.validate_python(data, self_instance=self)
pydantic_core._pydantic_core.ValidationError: 16 validation errors for Dataset
accessLevel
  Field required [type=missing, input_value={}, input_type=dict]
    For further information visit https://errors.pydantic.dev/2.8/v/missing
landingPage
  Field required [type=missing, input_value={}, input_type=dict]
    For further information visit https://errors.pydantic.dev/2.8/v/missing
bureauCode
  Field required [type=missing, input_value={}, input_type=dict]
    For further information visit https://errors.pydantic.dev/2.8/v/missing
issued
  Field required [type=missing, input_value={}, input_type=dict]
    For further information visit https://errors.pydantic.dev/2.8/v/missing
@type
  Field required [type=missing, input_value={}, input_type=dict]
    For further information visit https://errors.pydantic.dev/2.8/v/missing
modified
  Field required [type=missing, input_value={}, input_type=dict]
    For further information visit https://errors.pydantic.dev/2.8/v/missing
released
  Field required [type=missing, input_value={}, input_type=dict]
    For further information visit https://errors.pydantic.dev/2.8/v/missing
keyword
  Field required [type=missing, input_value={}, input_type=dict]
    For further information visit https://errors.pydantic.dev/2.8/v/missing
contactPoint
  Field required [type=missing, input_value={}, input_type=dict]
    For further information visit https://errors.pydantic.dev/2.8/v/missing
publisher
  Field required [type=missing, input_value={}, input_type=dict]
    For further information visit https://errors.pydantic.dev/2.8/v/missing
identifier
  Field required [type=missing, input_value={}, input_type=dict]
    For further information visit https://errors.pydantic.dev/2.8/v/missing
description
  Field required [type=missing, input_value={}, input_type=dict]
    For further information visit https://errors.pydantic.dev/2.8/v/missing
title
  Field required [type=missing, input_value={}, input_type=dict]
    For further information visit https://errors.pydantic.dev/2.8/v/missing
programCode
  Field required [type=missing, input_value={}, input_type=dict]
    For further information visit https://errors.pydantic.dev/2.8/v/missing
distribution
  Field required [type=missing, input_value={}, input_type=dict]
    For further information visit https://errors.pydantic.dev/2.8/v/missing
theme
  Field required [type=missing, input_value={}, input_type=dict]
    For further information visit https://errors.pydantic.dev/2.8/v/missing
2024-08-23 12:40:38 - ERROR - Validation error for dataset: Unknown title
Traceback (most recent call last):
  File "C:\Users\edmun\Projects\Repositories\healthpartners-interview\src\healthpartners_interview\download.py", line 31, in fetch_datasets
    dataset = Dataset(**current_item)
              ^^^^^^^^^^^^^^^^^^^^^^^
  File "C:\Users\edmun\Projects\Repositories\healthpartners-interview\.venv\Lib\site-packages\pydantic\main.py", line 193, in __init__
    self.__pydantic_validator__.validate_python(data, self_instance=self)
pydantic_core._pydantic_core.ValidationError: 16 validation errors for Dataset
accessLevel
  Field required [type=missing, input_value={}, input_type=dict]
    For further information visit https://errors.pydantic.dev/2.8/v/missing
landingPage
  Field required [type=missing, input_value={}, input_type=dict]
    For further information visit https://errors.pydantic.dev/2.8/v/missing
bureauCode
  Field required [type=missing, input_value={}, input_type=dict]
    For further information visit https://errors.pydantic.dev/2.8/v/missing
issued
  Field required [type=missing, input_value={}, input_type=dict]
    For further information visit https://errors.pydantic.dev/2.8/v/missing
@type
  Field required [type=missing, input_value={}, input_type=dict]
    For further information visit https://errors.pydantic.dev/2.8/v/missing
modified
  Field required [type=missing, input_value={}, input_type=dict]
    For further information visit https://errors.pydantic.dev/2.8/v/missing
released
  Field required [type=missing, input_value={}, input_type=dict]
    For further information visit https://errors.pydantic.dev/2.8/v/missing
keyword
  Field required [type=missing, input_value={}, input_type=dict]
    For further information visit https://errors.pydantic.dev/2.8/v/missing
contactPoint
  Field required [type=missing, input_value={}, input_type=dict]
    For further information visit https://errors.pydantic.dev/2.8/v/missing
publisher
  Field required [type=missing, input_value={}, input_type=dict]
    For further information visit https://errors.pydantic.dev/2.8/v/missing
identifier
  Field required [type=missing, input_value={}, input_type=dict]
    For further information visit https://errors.pydantic.dev/2.8/v/missing
description
  Field required [type=missing, input_value={}, input_type=dict]
    For further information visit https://errors.pydantic.dev/2.8/v/missing
title
  Field required [type=missing, input_value={}, input_type=dict]
    For further information visit https://errors.pydantic.dev/2.8/v/missing
programCode
  Field required [type=missing, input_value={}, input_type=dict]
    For further information visit https://errors.pydantic.dev/2.8/v/missing
distribution
  Field required [type=missing, input_value={}, input_type=dict]
    For further information visit https://errors.pydantic.dev/2.8/v/missing
theme
  Field required [type=missing, input_value={}, input_type=dict]
    For further information visit https://errors.pydantic.dev/2.8/v/missing
2024-08-23 12:40:38 - ERROR - Validation error for dataset: Unknown title
Traceback (most recent call last):
  File "C:\Users\edmun\Projects\Repositories\healthpartners-interview\src\healthpartners_interview\download.py", line 31, in fetch_datasets
    dataset = Dataset(**current_item)
              ^^^^^^^^^^^^^^^^^^^^^^^
  File "C:\Users\edmun\Projects\Repositories\healthpartners-interview\.venv\Lib\site-packages\pydantic\main.py", line 193, in __init__
    self.__pydantic_validator__.validate_python(data, self_instance=self)
pydantic_core._pydantic_core.ValidationError: 16 validation errors for Dataset
accessLevel
  Field required [type=missing, input_value={'item': 'theme'}, input_type=dict]
    For further information visit https://errors.pydantic.dev/2.8/v/missing
landingPage
  Field required [type=missing, input_value={'item': 'theme'}, input_type=dict]
    For further information visit https://errors.pydantic.dev/2.8/v/missing
bureauCode
  Field required [type=missing, input_value={'item': 'theme'}, input_type=dict]
    For further information visit https://errors.pydantic.dev/2.8/v/missing
issued
  Field required [type=missing, input_value={'item': 'theme'}, input_type=dict]
    For further information visit https://errors.pydantic.dev/2.8/v/missing
@type
  Field required [type=missing, input_value={'item': 'theme'}, input_type=dict]
    For further information visit https://errors.pydantic.dev/2.8/v/missing
modified
  Field required [type=missing, input_value={'item': 'theme'}, input_type=dict]
    For further information visit https://errors.pydantic.dev/2.8/v/missing
released
  Field required [type=missing, input_value={'item': 'theme'}, input_type=dict]
    For further information visit https://errors.pydantic.dev/2.8/v/missing
keyword
  Field required [type=missing, input_value={'item': 'theme'}, input_type=dict]
    For further information visit https://errors.pydantic.dev/2.8/v/missing
contactPoint
  Field required [type=missing, input_value={'item': 'theme'}, input_type=dict]
    For further information visit https://errors.pydantic.dev/2.8/v/missing
publisher
  Field required [type=missing, input_value={'item': 'theme'}, input_type=dict]
    For further information visit https://errors.pydantic.dev/2.8/v/missing
identifier
  Field required [type=missing, input_value={'item': 'theme'}, input_type=dict]
    For further information visit https://errors.pydantic.dev/2.8/v/missing
description
  Field required [type=missing, input_value={'item': 'theme'}, input_type=dict]
    For further information visit https://errors.pydantic.dev/2.8/v/missing
title
  Field required [type=missing, input_value={'item': 'theme'}, input_type=dict]
    For further information visit https://errors.pydantic.dev/2.8/v/missing
programCode
  Field required [type=missing, input_value={'item': 'theme'}, input_type=dict]
    For further information visit https://errors.pydantic.dev/2.8/v/missing
distribution
  Field required [type=missing, input_value={'item': 'theme'}, input_type=dict]
    For further information visit https://errors.pydantic.dev/2.8/v/missing
theme
  Field required [type=missing, input_value={'item': 'theme'}, input_type=dict]
    For further information visit https://errors.pydantic.dev/2.8/v/missing
2024-08-23 12:40:38 - ERROR - Validation error for dataset: Unknown title
Traceback (most recent call last):
  File "C:\Users\edmun\Projects\Repositories\healthpartners-interview\src\healthpartners_interview\download.py", line 31, in fetch_datasets
    dataset = Dataset(**current_item)
              ^^^^^^^^^^^^^^^^^^^^^^^
  File "C:\Users\edmun\Projects\Repositories\healthpartners-interview\.venv\Lib\site-packages\pydantic\main.py", line 193, in __init__
    self.__pydantic_validator__.validate_python(data, self_instance=self)
pydantic_core._pydantic_core.ValidationError: 16 validation errors for Dataset
accessLevel
  Field required [type=missing, input_value={}, input_type=dict]
    For further information visit https://errors.pydantic.dev/2.8/v/missing
landingPage
  Field required [type=missing, input_value={}, input_type=dict]
    For further information visit https://errors.pydantic.dev/2.8/v/missing
bureauCode
  Field required [type=missing, input_value={}, input_type=dict]
    For further information visit https://errors.pydantic.dev/2.8/v/missing
issued
  Field required [type=missing, input_value={}, input_type=dict]
    For further information visit https://errors.pydantic.dev/2.8/v/missing
@type
  Field required [type=missing, input_value={}, input_type=dict]
    For further information visit https://errors.pydantic.dev/2.8/v/missing
modified
  Field required [type=missing, input_value={}, input_type=dict]
    For further information visit https://errors.pydantic.dev/2.8/v/missing
released
  Field required [type=missing, input_value={}, input_type=dict]
    For further information visit https://errors.pydantic.dev/2.8/v/missing
keyword
  Field required [type=missing, input_value={}, input_type=dict]
    For further information visit https://errors.pydantic.dev/2.8/v/missing
contactPoint
  Field required [type=missing, input_value={}, input_type=dict]
    For further information visit https://errors.pydantic.dev/2.8/v/missing
publisher
  Field required [type=missing, input_value={}, input_type=dict]
    For further information visit https://errors.pydantic.dev/2.8/v/missing
identifier
  Field required [type=missing, input_value={}, input_type=dict]
    For further information visit https://errors.pydantic.dev/2.8/v/missing
description
  Field required [type=missing, input_value={}, input_type=dict]
    For further information visit https://errors.pydantic.dev/2.8/v/missing
title
  Field required [type=missing, input_value={}, input_type=dict]
    For further information visit https://errors.pydantic.dev/2.8/v/missing
programCode
  Field required [type=missing, input_value={}, input_type=dict]
    For further information visit https://errors.pydantic.dev/2.8/v/missing
distribution
  Field required [type=missing, input_value={}, input_type=dict]
    For further information visit https://errors.pydantic.dev/2.8/v/missing
theme
  Field required [type=missing, input_value={}, input_type=dict]
    For further information visit https://errors.pydantic.dev/2.8/v/missing
2024-08-23 12:40:38 - ERROR - Validation error for dataset: Unknown title
Traceback (most recent call last):
  File "C:\Users\edmun\Projects\Repositories\healthpartners-interview\src\healthpartners_interview\download.py", line 31, in fetch_datasets
    dataset = Dataset(**current_item)
              ^^^^^^^^^^^^^^^^^^^^^^^
  File "C:\Users\edmun\Projects\Repositories\healthpartners-interview\.venv\Lib\site-packages\pydantic\main.py", line 193, in __init__
    self.__pydantic_validator__.validate_python(data, self_instance=self)
pydantic_core._pydantic_core.ValidationError: 16 validation errors for Dataset
accessLevel
  Field required [type=missing, input_value={}, input_type=dict]
    For further information visit https://errors.pydantic.dev/2.8/v/missing
landingPage
  Field required [type=missing, input_value={}, input_type=dict]
    For further information visit https://errors.pydantic.dev/2.8/v/missing
bureauCode
  Field required [type=missing, input_value={}, input_type=dict]
    For further information visit https://errors.pydantic.dev/2.8/v/missing
issued
  Field required [type=missing, input_value={}, input_type=dict]
    For further information visit https://errors.pydantic.dev/2.8/v/missing
@type
  Field required [type=missing, input_value={}, input_type=dict]
    For further information visit https://errors.pydantic.dev/2.8/v/missing
modified
  Field required [type=missing, input_value={}, input_type=dict]
    For further information visit https://errors.pydantic.dev/2.8/v/missing
released
  Field required [type=missing, input_value={}, input_type=dict]
    For further information visit https://errors.pydantic.dev/2.8/v/missing
keyword
  Field required [type=missing, input_value={}, input_type=dict]
    For further information visit https://errors.pydantic.dev/2.8/v/missing
contactPoint
  Field required [type=missing, input_value={}, input_type=dict]
    For further information visit https://errors.pydantic.dev/2.8/v/missing
publisher
  Field required [type=missing, input_value={}, input_type=dict]
    For further information visit https://errors.pydantic.dev/2.8/v/missing
identifier
  Field required [type=missing, input_value={}, input_type=dict]
    For further information visit https://errors.pydantic.dev/2.8/v/missing
description
  Field required [type=missing, input_value={}, input_type=dict]
    For further information visit https://errors.pydantic.dev/2.8/v/missing
title
  Field required [type=missing, input_value={}, input_type=dict]
    For further information visit https://errors.pydantic.dev/2.8/v/missing
programCode
  Field required [type=missing, input_value={}, input_type=dict]
    For further information visit https://errors.pydantic.dev/2.8/v/missing
distribution
  Field required [type=missing, input_value={}, input_type=dict]
    For further information visit https://errors.pydantic.dev/2.8/v/missing
theme
  Field required [type=missing, input_value={}, input_type=dict]
    For further information visit https://errors.pydantic.dev/2.8/v/missing
2024-08-23 12:40:38 - ERROR - Validation error for dataset: Unknown title
Traceback (most recent call last):
  File "C:\Users\edmun\Projects\Repositories\healthpartners-interview\src\healthpartners_interview\download.py", line 31, in fetch_datasets
    dataset = Dataset(**current_item)
              ^^^^^^^^^^^^^^^^^^^^^^^
  File "C:\Users\edmun\Projects\Repositories\healthpartners-interview\.venv\Lib\site-packages\pydantic\main.py", line 193, in __init__
    self.__pydantic_validator__.validate_python(data, self_instance=self)
pydantic_core._pydantic_core.ValidationError: 16 validation errors for Dataset
accessLevel
  Field required [type=missing, input_value={}, input_type=dict]
    For further information visit https://errors.pydantic.dev/2.8/v/missing
landingPage
  Field required [type=missing, input_value={}, input_type=dict]
    For further information visit https://errors.pydantic.dev/2.8/v/missing
bureauCode
  Field required [type=missing, input_value={}, input_type=dict]
    For further information visit https://errors.pydantic.dev/2.8/v/missing
issued
  Field required [type=missing, input_value={}, input_type=dict]
    For further information visit https://errors.pydantic.dev/2.8/v/missing
@type
  Field required [type=missing, input_value={}, input_type=dict]
    For further information visit https://errors.pydantic.dev/2.8/v/missing
modified
  Field required [type=missing, input_value={}, input_type=dict]
    For further information visit https://errors.pydantic.dev/2.8/v/missing
released
  Field required [type=missing, input_value={}, input_type=dict]
    For further information visit https://errors.pydantic.dev/2.8/v/missing
keyword
  Field required [type=missing, input_value={}, input_type=dict]
    For further information visit https://errors.pydantic.dev/2.8/v/missing
contactPoint
  Field required [type=missing, input_value={}, input_type=dict]
    For further information visit https://errors.pydantic.dev/2.8/v/missing
publisher
  Field required [type=missing, input_value={}, input_type=dict]
    For further information visit https://errors.pydantic.dev/2.8/v/missing
identifier
  Field required [type=missing, input_value={}, input_type=dict]
    For further information visit https://errors.pydantic.dev/2.8/v/missing
description
  Field required [type=missing, input_value={}, input_type=dict]
    For further information visit https://errors.pydantic.dev/2.8/v/missing
title
  Field required [type=missing, input_value={}, input_type=dict]
    For further information visit https://errors.pydantic.dev/2.8/v/missing
programCode
  Field required [type=missing, input_value={}, input_type=dict]
    For further information visit https://errors.pydantic.dev/2.8/v/missing
distribution
  Field required [type=missing, input_value={}, input_type=dict]
    For further information visit https://errors.pydantic.dev/2.8/v/missing
theme
  Field required [type=missing, input_value={}, input_type=dict]
    For further information visit https://errors.pydantic.dev/2.8/v/missing
2024-08-23 12:40:38 - ERROR - Validation error for dataset: Unknown title
Traceback (most recent call last):
  File "C:\Users\edmun\Projects\Repositories\healthpartners-interview\src\healthpartners_interview\download.py", line 31, in fetch_datasets
    dataset = Dataset(**current_item)
              ^^^^^^^^^^^^^^^^^^^^^^^
  File "C:\Users\edmun\Projects\Repositories\healthpartners-interview\.venv\Lib\site-packages\pydantic\main.py", line 193, in __init__
    self.__pydantic_validator__.validate_python(data, self_instance=self)
pydantic_core._pydantic_core.ValidationError: 16 validation errors for Dataset
accessLevel
  Field required [type=missing, input_value={'item': 'theme'}, input_type=dict]
    For further information visit https://errors.pydantic.dev/2.8/v/missing
landingPage
  Field required [type=missing, input_value={'item': 'theme'}, input_type=dict]
    For further information visit https://errors.pydantic.dev/2.8/v/missing
bureauCode
  Field required [type=missing, input_value={'item': 'theme'}, input_type=dict]
    For further information visit https://errors.pydantic.dev/2.8/v/missing
issued
  Field required [type=missing, input_value={'item': 'theme'}, input_type=dict]
    For further information visit https://errors.pydantic.dev/2.8/v/missing
@type
  Field required [type=missing, input_value={'item': 'theme'}, input_type=dict]
    For further information visit https://errors.pydantic.dev/2.8/v/missing
modified
  Field required [type=missing, input_value={'item': 'theme'}, input_type=dict]
    For further information visit https://errors.pydantic.dev/2.8/v/missing
released
  Field required [type=missing, input_value={'item': 'theme'}, input_type=dict]
    For further information visit https://errors.pydantic.dev/2.8/v/missing
keyword
  Field required [type=missing, input_value={'item': 'theme'}, input_type=dict]
    For further information visit https://errors.pydantic.dev/2.8/v/missing
contactPoint
  Field required [type=missing, input_value={'item': 'theme'}, input_type=dict]
    For further information visit https://errors.pydantic.dev/2.8/v/missing
publisher
  Field required [type=missing, input_value={'item': 'theme'}, input_type=dict]
    For further information visit https://errors.pydantic.dev/2.8/v/missing
identifier
  Field required [type=missing, input_value={'item': 'theme'}, input_type=dict]
    For further information visit https://errors.pydantic.dev/2.8/v/missing
description
  Field required [type=missing, input_value={'item': 'theme'}, input_type=dict]
    For further information visit https://errors.pydantic.dev/2.8/v/missing
title
  Field required [type=missing, input_value={'item': 'theme'}, input_type=dict]
    For further information visit https://errors.pydantic.dev/2.8/v/missing
programCode
  Field required [type=missing, input_value={'item': 'theme'}, input_type=dict]
    For further information visit https://errors.pydantic.dev/2.8/v/missing
distribution
  Field required [type=missing, input_value={'item': 'theme'}, input_type=dict]
    For further information visit https://errors.pydantic.dev/2.8/v/missing
theme
  Field required [type=missing, input_value={'item': 'theme'}, input_type=dict]
    For further information visit https://errors.pydantic.dev/2.8/v/missing
2024-08-23 12:40:38 - ERROR - Validation error for dataset: Unknown title
Traceback (most recent call last):
  File "C:\Users\edmun\Projects\Repositories\healthpartners-interview\src\healthpartners_interview\download.py", line 31, in fetch_datasets
    dataset = Dataset(**current_item)
              ^^^^^^^^^^^^^^^^^^^^^^^
  File "C:\Users\edmun\Projects\Repositories\healthpartners-interview\.venv\Lib\site-packages\pydantic\main.py", line 193, in __init__
    self.__pydantic_validator__.validate_python(data, self_instance=self)
pydantic_core._pydantic_core.ValidationError: 16 validation errors for Dataset
accessLevel
  Field required [type=missing, input_value={}, input_type=dict]
    For further information visit https://errors.pydantic.dev/2.8/v/missing
landingPage
  Field required [type=missing, input_value={}, input_type=dict]
    For further information visit https://errors.pydantic.dev/2.8/v/missing
bureauCode
  Field required [type=missing, input_value={}, input_type=dict]
    For further information visit https://errors.pydantic.dev/2.8/v/missing
issued
  Field required [type=missing, input_value={}, input_type=dict]
    For further information visit https://errors.pydantic.dev/2.8/v/missing
@type
  Field required [type=missing, input_value={}, input_type=dict]
    For further information visit https://errors.pydantic.dev/2.8/v/missing
modified
  Field required [type=missing, input_value={}, input_type=dict]
    For further information visit https://errors.pydantic.dev/2.8/v/missing
released
  Field required [type=missing, input_value={}, input_type=dict]
    For further information visit https://errors.pydantic.dev/2.8/v/missing
keyword
  Field required [type=missing, input_value={}, input_type=dict]
    For further information visit https://errors.pydantic.dev/2.8/v/missing
contactPoint
  Field required [type=missing, input_value={}, input_type=dict]
    For further information visit https://errors.pydantic.dev/2.8/v/missing
publisher
  Field required [type=missing, input_value={}, input_type=dict]
    For further information visit https://errors.pydantic.dev/2.8/v/missing
identifier
  Field required [type=missing, input_value={}, input_type=dict]
    For further information visit https://errors.pydantic.dev/2.8/v/missing
description
  Field required [type=missing, input_value={}, input_type=dict]
    For further information visit https://errors.pydantic.dev/2.8/v/missing
title
  Field required [type=missing, input_value={}, input_type=dict]
    For further information visit https://errors.pydantic.dev/2.8/v/missing
programCode
  Field required [type=missing, input_value={}, input_type=dict]
    For further information visit https://errors.pydantic.dev/2.8/v/missing
distribution
  Field required [type=missing, input_value={}, input_type=dict]
    For further information visit https://errors.pydantic.dev/2.8/v/missing
theme
  Field required [type=missing, input_value={}, input_type=dict]
    For further information visit https://errors.pydantic.dev/2.8/v/missing
2024-08-23 12:40:38 - ERROR - Validation error for dataset: Unknown title
Traceback (most recent call last):
  File "C:\Users\edmun\Projects\Repositories\healthpartners-interview\src\healthpartners_interview\download.py", line 31, in fetch_datasets
    dataset = Dataset(**current_item)
              ^^^^^^^^^^^^^^^^^^^^^^^
  File "C:\Users\edmun\Projects\Repositories\healthpartners-interview\.venv\Lib\site-packages\pydantic\main.py", line 193, in __init__
    self.__pydantic_validator__.validate_python(data, self_instance=self)
pydantic_core._pydantic_core.ValidationError: 16 validation errors for Dataset
accessLevel
  Field required [type=missing, input_value={}, input_type=dict]
    For further information visit https://errors.pydantic.dev/2.8/v/missing
landingPage
  Field required [type=missing, input_value={}, input_type=dict]
    For further information visit https://errors.pydantic.dev/2.8/v/missing
bureauCode
  Field required [type=missing, input_value={}, input_type=dict]
    For further information visit https://errors.pydantic.dev/2.8/v/missing
issued
  Field required [type=missing, input_value={}, input_type=dict]
    For further information visit https://errors.pydantic.dev/2.8/v/missing
@type
  Field required [type=missing, input_value={}, input_type=dict]
    For further information visit https://errors.pydantic.dev/2.8/v/missing
modified
  Field required [type=missing, input_value={}, input_type=dict]
    For further information visit https://errors.pydantic.dev/2.8/v/missing
released
  Field required [type=missing, input_value={}, input_type=dict]
    For further information visit https://errors.pydantic.dev/2.8/v/missing
keyword
  Field required [type=missing, input_value={}, input_type=dict]
    For further information visit https://errors.pydantic.dev/2.8/v/missing
contactPoint
  Field required [type=missing, input_value={}, input_type=dict]
    For further information visit https://errors.pydantic.dev/2.8/v/missing
publisher
  Field required [type=missing, input_value={}, input_type=dict]
    For further information visit https://errors.pydantic.dev/2.8/v/missing
identifier
  Field required [type=missing, input_value={}, input_type=dict]
    For further information visit https://errors.pydantic.dev/2.8/v/missing
description
  Field required [type=missing, input_value={}, input_type=dict]
    For further information visit https://errors.pydantic.dev/2.8/v/missing
title
  Field required [type=missing, input_value={}, input_type=dict]
    For further information visit https://errors.pydantic.dev/2.8/v/missing
programCode
  Field required [type=missing, input_value={}, input_type=dict]
    For further information visit https://errors.pydantic.dev/2.8/v/missing
distribution
  Field required [type=missing, input_value={}, input_type=dict]
    For further information visit https://errors.pydantic.dev/2.8/v/missing
theme
  Field required [type=missing, input_value={}, input_type=dict]
    For further information visit https://errors.pydantic.dev/2.8/v/missing
2024-08-23 12:40:38 - ERROR - Validation error for dataset: Unknown title
Traceback (most recent call last):
  File "C:\Users\edmun\Projects\Repositories\healthpartners-interview\src\healthpartners_interview\download.py", line 31, in fetch_datasets
    dataset = Dataset(**current_item)
              ^^^^^^^^^^^^^^^^^^^^^^^
  File "C:\Users\edmun\Projects\Repositories\healthpartners-interview\.venv\Lib\site-packages\pydantic\main.py", line 193, in __init__
    self.__pydantic_validator__.validate_python(data, self_instance=self)
pydantic_core._pydantic_core.ValidationError: 16 validation errors for Dataset
accessLevel
  Field required [type=missing, input_value={}, input_type=dict]
    For further information visit https://errors.pydantic.dev/2.8/v/missing
landingPage
  Field required [type=missing, input_value={}, input_type=dict]
    For further information visit https://errors.pydantic.dev/2.8/v/missing
bureauCode
  Field required [type=missing, input_value={}, input_type=dict]
    For further information visit https://errors.pydantic.dev/2.8/v/missing
issued
  Field required [type=missing, input_value={}, input_type=dict]
    For further information visit https://errors.pydantic.dev/2.8/v/missing
@type
  Field required [type=missing, input_value={}, input_type=dict]
    For further information visit https://errors.pydantic.dev/2.8/v/missing
modified
  Field required [type=missing, input_value={}, input_type=dict]
    For further information visit https://errors.pydantic.dev/2.8/v/missing
released
  Field required [type=missing, input_value={}, input_type=dict]
    For further information visit https://errors.pydantic.dev/2.8/v/missing
keyword
  Field required [type=missing, input_value={}, input_type=dict]
    For further information visit https://errors.pydantic.dev/2.8/v/missing
contactPoint
  Field required [type=missing, input_value={}, input_type=dict]
    For further information visit https://errors.pydantic.dev/2.8/v/missing
publisher
  Field required [type=missing, input_value={}, input_type=dict]
    For further information visit https://errors.pydantic.dev/2.8/v/missing
identifier
  Field required [type=missing, input_value={}, input_type=dict]
    For further information visit https://errors.pydantic.dev/2.8/v/missing
description
  Field required [type=missing, input_value={}, input_type=dict]
    For further information visit https://errors.pydantic.dev/2.8/v/missing
title
  Field required [type=missing, input_value={}, input_type=dict]
    For further information visit https://errors.pydantic.dev/2.8/v/missing
programCode
  Field required [type=missing, input_value={}, input_type=dict]
    For further information visit https://errors.pydantic.dev/2.8/v/missing
distribution
  Field required [type=missing, input_value={}, input_type=dict]
    For further information visit https://errors.pydantic.dev/2.8/v/missing
theme
  Field required [type=missing, input_value={}, input_type=dict]
    For further information visit https://errors.pydantic.dev/2.8/v/missing
2024-08-23 12:40:38 - ERROR - Validation error for dataset: Unknown title
Traceback (most recent call last):
  File "C:\Users\edmun\Projects\Repositories\healthpartners-interview\src\healthpartners_interview\download.py", line 31, in fetch_datasets
    dataset = Dataset(**current_item)
              ^^^^^^^^^^^^^^^^^^^^^^^
  File "C:\Users\edmun\Projects\Repositories\healthpartners-interview\.venv\Lib\site-packages\pydantic\main.py", line 193, in __init__
    self.__pydantic_validator__.validate_python(data, self_instance=self)
pydantic_core._pydantic_core.ValidationError: 16 validation errors for Dataset
accessLevel
  Field required [type=missing, input_value={'item': 'theme'}, input_type=dict]
    For further information visit https://errors.pydantic.dev/2.8/v/missing
landingPage
  Field required [type=missing, input_value={'item': 'theme'}, input_type=dict]
    For further information visit https://errors.pydantic.dev/2.8/v/missing
bureauCode
  Field required [type=missing, input_value={'item': 'theme'}, input_type=dict]
    For further information visit https://errors.pydantic.dev/2.8/v/missing
issued
  Field required [type=missing, input_value={'item': 'theme'}, input_type=dict]
    For further information visit https://errors.pydantic.dev/2.8/v/missing
@type
  Field required [type=missing, input_value={'item': 'theme'}, input_type=dict]
    For further information visit https://errors.pydantic.dev/2.8/v/missing
modified
  Field required [type=missing, input_value={'item': 'theme'}, input_type=dict]
    For further information visit https://errors.pydantic.dev/2.8/v/missing
released
  Field required [type=missing, input_value={'item': 'theme'}, input_type=dict]
    For further information visit https://errors.pydantic.dev/2.8/v/missing
keyword
  Field required [type=missing, input_value={'item': 'theme'}, input_type=dict]
    For further information visit https://errors.pydantic.dev/2.8/v/missing
contactPoint
  Field required [type=missing, input_value={'item': 'theme'}, input_type=dict]
    For further information visit https://errors.pydantic.dev/2.8/v/missing
publisher
  Field required [type=missing, input_value={'item': 'theme'}, input_type=dict]
    For further information visit https://errors.pydantic.dev/2.8/v/missing
identifier
  Field required [type=missing, input_value={'item': 'theme'}, input_type=dict]
    For further information visit https://errors.pydantic.dev/2.8/v/missing
description
  Field required [type=missing, input_value={'item': 'theme'}, input_type=dict]
    For further information visit https://errors.pydantic.dev/2.8/v/missing
title
  Field required [type=missing, input_value={'item': 'theme'}, input_type=dict]
    For further information visit https://errors.pydantic.dev/2.8/v/missing
programCode
  Field required [type=missing, input_value={'item': 'theme'}, input_type=dict]
    For further information visit https://errors.pydantic.dev/2.8/v/missing
distribution
  Field required [type=missing, input_value={'item': 'theme'}, input_type=dict]
    For further information visit https://errors.pydantic.dev/2.8/v/missing
theme
  Field required [type=missing, input_value={'item': 'theme'}, input_type=dict]
    For further information visit https://errors.pydantic.dev/2.8/v/missing
2024-08-23 12:40:38 - ERROR - Validation error for dataset: Unknown title
Traceback (most recent call last):
  File "C:\Users\edmun\Projects\Repositories\healthpartners-interview\src\healthpartners_interview\download.py", line 31, in fetch_datasets
    dataset = Dataset(**current_item)
              ^^^^^^^^^^^^^^^^^^^^^^^
  File "C:\Users\edmun\Projects\Repositories\healthpartners-interview\.venv\Lib\site-packages\pydantic\main.py", line 193, in __init__
    self.__pydantic_validator__.validate_python(data, self_instance=self)
pydantic_core._pydantic_core.ValidationError: 16 validation errors for Dataset
accessLevel
  Field required [type=missing, input_value={}, input_type=dict]
    For further information visit https://errors.pydantic.dev/2.8/v/missing
landingPage
  Field required [type=missing, input_value={}, input_type=dict]
    For further information visit https://errors.pydantic.dev/2.8/v/missing
bureauCode
  Field required [type=missing, input_value={}, input_type=dict]
    For further information visit https://errors.pydantic.dev/2.8/v/missing
issued
  Field required [type=missing, input_value={}, input_type=dict]
    For further information visit https://errors.pydantic.dev/2.8/v/missing
@type
  Field required [type=missing, input_value={}, input_type=dict]
    For further information visit https://errors.pydantic.dev/2.8/v/missing
modified
  Field required [type=missing, input_value={}, input_type=dict]
    For further information visit https://errors.pydantic.dev/2.8/v/missing
released
  Field required [type=missing, input_value={}, input_type=dict]
    For further information visit https://errors.pydantic.dev/2.8/v/missing
keyword
  Field required [type=missing, input_value={}, input_type=dict]
    For further information visit https://errors.pydantic.dev/2.8/v/missing
contactPoint
  Field required [type=missing, input_value={}, input_type=dict]
    For further information visit https://errors.pydantic.dev/2.8/v/missing
publisher
  Field required [type=missing, input_value={}, input_type=dict]
    For further information visit https://errors.pydantic.dev/2.8/v/missing
identifier
  Field required [type=missing, input_value={}, input_type=dict]
    For further information visit https://errors.pydantic.dev/2.8/v/missing
description
  Field required [type=missing, input_value={}, input_type=dict]
    For further information visit https://errors.pydantic.dev/2.8/v/missing
title
  Field required [type=missing, input_value={}, input_type=dict]
    For further information visit https://errors.pydantic.dev/2.8/v/missing
programCode
  Field required [type=missing, input_value={}, input_type=dict]
    For further information visit https://errors.pydantic.dev/2.8/v/missing
distribution
  Field required [type=missing, input_value={}, input_type=dict]
    For further information visit https://errors.pydantic.dev/2.8/v/missing
theme
  Field required [type=missing, input_value={}, input_type=dict]
    For further information visit https://errors.pydantic.dev/2.8/v/missing
2024-08-23 12:40:38 - ERROR - Validation error for dataset: Unknown title
Traceback (most recent call last):
  File "C:\Users\edmun\Projects\Repositories\healthpartners-interview\src\healthpartners_interview\download.py", line 31, in fetch_datasets
    dataset = Dataset(**current_item)
              ^^^^^^^^^^^^^^^^^^^^^^^
  File "C:\Users\edmun\Projects\Repositories\healthpartners-interview\.venv\Lib\site-packages\pydantic\main.py", line 193, in __init__
    self.__pydantic_validator__.validate_python(data, self_instance=self)
pydantic_core._pydantic_core.ValidationError: 16 validation errors for Dataset
accessLevel
  Field required [type=missing, input_value={}, input_type=dict]
    For further information visit https://errors.pydantic.dev/2.8/v/missing
landingPage
  Field required [type=missing, input_value={}, input_type=dict]
    For further information visit https://errors.pydantic.dev/2.8/v/missing
bureauCode
  Field required [type=missing, input_value={}, input_type=dict]
    For further information visit https://errors.pydantic.dev/2.8/v/missing
issued
  Field required [type=missing, input_value={}, input_type=dict]
    For further information visit https://errors.pydantic.dev/2.8/v/missing
@type
  Field required [type=missing, input_value={}, input_type=dict]
    For further information visit https://errors.pydantic.dev/2.8/v/missing
modified
  Field required [type=missing, input_value={}, input_type=dict]
    For further information visit https://errors.pydantic.dev/2.8/v/missing
released
  Field required [type=missing, input_value={}, input_type=dict]
    For further information visit https://errors.pydantic.dev/2.8/v/missing
keyword
  Field required [type=missing, input_value={}, input_type=dict]
    For further information visit https://errors.pydantic.dev/2.8/v/missing
contactPoint
  Field required [type=missing, input_value={}, input_type=dict]
    For further information visit https://errors.pydantic.dev/2.8/v/missing
publisher
  Field required [type=missing, input_value={}, input_type=dict]
    For further information visit https://errors.pydantic.dev/2.8/v/missing
identifier
  Field required [type=missing, input_value={}, input_type=dict]
    For further information visit https://errors.pydantic.dev/2.8/v/missing
description
  Field required [type=missing, input_value={}, input_type=dict]
    For further information visit https://errors.pydantic.dev/2.8/v/missing
title
  Field required [type=missing, input_value={}, input_type=dict]
    For further information visit https://errors.pydantic.dev/2.8/v/missing
programCode
  Field required [type=missing, input_value={}, input_type=dict]
    For further information visit https://errors.pydantic.dev/2.8/v/missing
distribution
  Field required [type=missing, input_value={}, input_type=dict]
    For further information visit https://errors.pydantic.dev/2.8/v/missing
theme
  Field required [type=missing, input_value={}, input_type=dict]
    For further information visit https://errors.pydantic.dev/2.8/v/missing
2024-08-23 12:40:38 - ERROR - Validation error for dataset: Unknown title
Traceback (most recent call last):
  File "C:\Users\edmun\Projects\Repositories\healthpartners-interview\src\healthpartners_interview\download.py", line 31, in fetch_datasets
    dataset = Dataset(**current_item)
              ^^^^^^^^^^^^^^^^^^^^^^^
  File "C:\Users\edmun\Projects\Repositories\healthpartners-interview\.venv\Lib\site-packages\pydantic\main.py", line 193, in __init__
    self.__pydantic_validator__.validate_python(data, self_instance=self)
pydantic_core._pydantic_core.ValidationError: 16 validation errors for Dataset
accessLevel
  Field required [type=missing, input_value={}, input_type=dict]
    For further information visit https://errors.pydantic.dev/2.8/v/missing
landingPage
  Field required [type=missing, input_value={}, input_type=dict]
    For further information visit https://errors.pydantic.dev/2.8/v/missing
bureauCode
  Field required [type=missing, input_value={}, input_type=dict]
    For further information visit https://errors.pydantic.dev/2.8/v/missing
issued
  Field required [type=missing, input_value={}, input_type=dict]
    For further information visit https://errors.pydantic.dev/2.8/v/missing
@type
  Field required [type=missing, input_value={}, input_type=dict]
    For further information visit https://errors.pydantic.dev/2.8/v/missing
modified
  Field required [type=missing, input_value={}, input_type=dict]
    For further information visit https://errors.pydantic.dev/2.8/v/missing
released
  Field required [type=missing, input_value={}, input_type=dict]
    For further information visit https://errors.pydantic.dev/2.8/v/missing
keyword
  Field required [type=missing, input_value={}, input_type=dict]
    For further information visit https://errors.pydantic.dev/2.8/v/missing
contactPoint
  Field required [type=missing, input_value={}, input_type=dict]
    For further information visit https://errors.pydantic.dev/2.8/v/missing
publisher
  Field required [type=missing, input_value={}, input_type=dict]
    For further information visit https://errors.pydantic.dev/2.8/v/missing
identifier
  Field required [type=missing, input_value={}, input_type=dict]
    For further information visit https://errors.pydantic.dev/2.8/v/missing
description
  Field required [type=missing, input_value={}, input_type=dict]
    For further information visit https://errors.pydantic.dev/2.8/v/missing
title
  Field required [type=missing, input_value={}, input_type=dict]
    For further information visit https://errors.pydantic.dev/2.8/v/missing
programCode
  Field required [type=missing, input_value={}, input_type=dict]
    For further information visit https://errors.pydantic.dev/2.8/v/missing
distribution
  Field required [type=missing, input_value={}, input_type=dict]
    For further information visit https://errors.pydantic.dev/2.8/v/missing
theme
  Field required [type=missing, input_value={}, input_type=dict]
    For further information visit https://errors.pydantic.dev/2.8/v/missing
2024-08-23 12:40:38 - ERROR - Validation error for dataset: Unknown title
Traceback (most recent call last):
  File "C:\Users\edmun\Projects\Repositories\healthpartners-interview\src\healthpartners_interview\download.py", line 31, in fetch_datasets
    dataset = Dataset(**current_item)
              ^^^^^^^^^^^^^^^^^^^^^^^
  File "C:\Users\edmun\Projects\Repositories\healthpartners-interview\.venv\Lib\site-packages\pydantic\main.py", line 193, in __init__
    self.__pydantic_validator__.validate_python(data, self_instance=self)
pydantic_core._pydantic_core.ValidationError: 16 validation errors for Dataset
accessLevel
  Field required [type=missing, input_value={'item': 'theme'}, input_type=dict]
    For further information visit https://errors.pydantic.dev/2.8/v/missing
landingPage
  Field required [type=missing, input_value={'item': 'theme'}, input_type=dict]
    For further information visit https://errors.pydantic.dev/2.8/v/missing
bureauCode
  Field required [type=missing, input_value={'item': 'theme'}, input_type=dict]
    For further information visit https://errors.pydantic.dev/2.8/v/missing
issued
  Field required [type=missing, input_value={'item': 'theme'}, input_type=dict]
    For further information visit https://errors.pydantic.dev/2.8/v/missing
@type
  Field required [type=missing, input_value={'item': 'theme'}, input_type=dict]
    For further information visit https://errors.pydantic.dev/2.8/v/missing
modified
  Field required [type=missing, input_value={'item': 'theme'}, input_type=dict]
    For further information visit https://errors.pydantic.dev/2.8/v/missing
released
  Field required [type=missing, input_value={'item': 'theme'}, input_type=dict]
    For further information visit https://errors.pydantic.dev/2.8/v/missing
keyword
  Field required [type=missing, input_value={'item': 'theme'}, input_type=dict]
    For further information visit https://errors.pydantic.dev/2.8/v/missing
contactPoint
  Field required [type=missing, input_value={'item': 'theme'}, input_type=dict]
    For further information visit https://errors.pydantic.dev/2.8/v/missing
publisher
  Field required [type=missing, input_value={'item': 'theme'}, input_type=dict]
    For further information visit https://errors.pydantic.dev/2.8/v/missing
identifier
  Field required [type=missing, input_value={'item': 'theme'}, input_type=dict]
    For further information visit https://errors.pydantic.dev/2.8/v/missing
description
  Field required [type=missing, input_value={'item': 'theme'}, input_type=dict]
    For further information visit https://errors.pydantic.dev/2.8/v/missing
title
  Field required [type=missing, input_value={'item': 'theme'}, input_type=dict]
    For further information visit https://errors.pydantic.dev/2.8/v/missing
programCode
  Field required [type=missing, input_value={'item': 'theme'}, input_type=dict]
    For further information visit https://errors.pydantic.dev/2.8/v/missing
distribution
  Field required [type=missing, input_value={'item': 'theme'}, input_type=dict]
    For further information visit https://errors.pydantic.dev/2.8/v/missing
theme
  Field required [type=missing, input_value={'item': 'theme'}, input_type=dict]
    For further information visit https://errors.pydantic.dev/2.8/v/missing
2024-08-23 12:40:38 - ERROR - Validation error for dataset: Unknown title
Traceback (most recent call last):
  File "C:\Users\edmun\Projects\Repositories\healthpartners-interview\src\healthpartners_interview\download.py", line 31, in fetch_datasets
    dataset = Dataset(**current_item)
              ^^^^^^^^^^^^^^^^^^^^^^^
  File "C:\Users\edmun\Projects\Repositories\healthpartners-interview\.venv\Lib\site-packages\pydantic\main.py", line 193, in __init__
    self.__pydantic_validator__.validate_python(data, self_instance=self)
pydantic_core._pydantic_core.ValidationError: 16 validation errors for Dataset
accessLevel
  Field required [type=missing, input_value={}, input_type=dict]
    For further information visit https://errors.pydantic.dev/2.8/v/missing
landingPage
  Field required [type=missing, input_value={}, input_type=dict]
    For further information visit https://errors.pydantic.dev/2.8/v/missing
bureauCode
  Field required [type=missing, input_value={}, input_type=dict]
    For further information visit https://errors.pydantic.dev/2.8/v/missing
issued
  Field required [type=missing, input_value={}, input_type=dict]
    For further information visit https://errors.pydantic.dev/2.8/v/missing
@type
  Field required [type=missing, input_value={}, input_type=dict]
    For further information visit https://errors.pydantic.dev/2.8/v/missing
modified
  Field required [type=missing, input_value={}, input_type=dict]
    For further information visit https://errors.pydantic.dev/2.8/v/missing
released
  Field required [type=missing, input_value={}, input_type=dict]
    For further information visit https://errors.pydantic.dev/2.8/v/missing
keyword
  Field required [type=missing, input_value={}, input_type=dict]
    For further information visit https://errors.pydantic.dev/2.8/v/missing
contactPoint
  Field required [type=missing, input_value={}, input_type=dict]
    For further information visit https://errors.pydantic.dev/2.8/v/missing
publisher
  Field required [type=missing, input_value={}, input_type=dict]
    For further information visit https://errors.pydantic.dev/2.8/v/missing
identifier
  Field required [type=missing, input_value={}, input_type=dict]
    For further information visit https://errors.pydantic.dev/2.8/v/missing
description
  Field required [type=missing, input_value={}, input_type=dict]
    For further information visit https://errors.pydantic.dev/2.8/v/missing
title
  Field required [type=missing, input_value={}, input_type=dict]
    For further information visit https://errors.pydantic.dev/2.8/v/missing
programCode
  Field required [type=missing, input_value={}, input_type=dict]
    For further information visit https://errors.pydantic.dev/2.8/v/missing
distribution
  Field required [type=missing, input_value={}, input_type=dict]
    For further information visit https://errors.pydantic.dev/2.8/v/missing
theme
  Field required [type=missing, input_value={}, input_type=dict]
    For further information visit https://errors.pydantic.dev/2.8/v/missing
2024-08-23 12:40:38 - ERROR - Validation error for dataset: Unknown title
Traceback (most recent call last):
  File "C:\Users\edmun\Projects\Repositories\healthpartners-interview\src\healthpartners_interview\download.py", line 31, in fetch_datasets
    dataset = Dataset(**current_item)
              ^^^^^^^^^^^^^^^^^^^^^^^
  File "C:\Users\edmun\Projects\Repositories\healthpartners-interview\.venv\Lib\site-packages\pydantic\main.py", line 193, in __init__
    self.__pydantic_validator__.validate_python(data, self_instance=self)
pydantic_core._pydantic_core.ValidationError: 16 validation errors for Dataset
accessLevel
  Field required [type=missing, input_value={}, input_type=dict]
    For further information visit https://errors.pydantic.dev/2.8/v/missing
landingPage
  Field required [type=missing, input_value={}, input_type=dict]
    For further information visit https://errors.pydantic.dev/2.8/v/missing
bureauCode
  Field required [type=missing, input_value={}, input_type=dict]
    For further information visit https://errors.pydantic.dev/2.8/v/missing
issued
  Field required [type=missing, input_value={}, input_type=dict]
    For further information visit https://errors.pydantic.dev/2.8/v/missing
@type
  Field required [type=missing, input_value={}, input_type=dict]
    For further information visit https://errors.pydantic.dev/2.8/v/missing
modified
  Field required [type=missing, input_value={}, input_type=dict]
    For further information visit https://errors.pydantic.dev/2.8/v/missing
released
  Field required [type=missing, input_value={}, input_type=dict]
    For further information visit https://errors.pydantic.dev/2.8/v/missing
keyword
  Field required [type=missing, input_value={}, input_type=dict]
    For further information visit https://errors.pydantic.dev/2.8/v/missing
contactPoint
  Field required [type=missing, input_value={}, input_type=dict]
    For further information visit https://errors.pydantic.dev/2.8/v/missing
publisher
  Field required [type=missing, input_value={}, input_type=dict]
    For further information visit https://errors.pydantic.dev/2.8/v/missing
identifier
  Field required [type=missing, input_value={}, input_type=dict]
    For further information visit https://errors.pydantic.dev/2.8/v/missing
description
  Field required [type=missing, input_value={}, input_type=dict]
    For further information visit https://errors.pydantic.dev/2.8/v/missing
title
  Field required [type=missing, input_value={}, input_type=dict]
    For further information visit https://errors.pydantic.dev/2.8/v/missing
programCode
  Field required [type=missing, input_value={}, input_type=dict]
    For further information visit https://errors.pydantic.dev/2.8/v/missing
distribution
  Field required [type=missing, input_value={}, input_type=dict]
    For further information visit https://errors.pydantic.dev/2.8/v/missing
theme
  Field required [type=missing, input_value={}, input_type=dict]
    For further information visit https://errors.pydantic.dev/2.8/v/missing
2024-08-23 12:40:38 - ERROR - Validation error for dataset: Unknown title
Traceback (most recent call last):
  File "C:\Users\edmun\Projects\Repositories\healthpartners-interview\src\healthpartners_interview\download.py", line 31, in fetch_datasets
    dataset = Dataset(**current_item)
              ^^^^^^^^^^^^^^^^^^^^^^^
  File "C:\Users\edmun\Projects\Repositories\healthpartners-interview\.venv\Lib\site-packages\pydantic\main.py", line 193, in __init__
    self.__pydantic_validator__.validate_python(data, self_instance=self)
pydantic_core._pydantic_core.ValidationError: 16 validation errors for Dataset
accessLevel
  Field required [type=missing, input_value={}, input_type=dict]
    For further information visit https://errors.pydantic.dev/2.8/v/missing
landingPage
  Field required [type=missing, input_value={}, input_type=dict]
    For further information visit https://errors.pydantic.dev/2.8/v/missing
bureauCode
  Field required [type=missing, input_value={}, input_type=dict]
    For further information visit https://errors.pydantic.dev/2.8/v/missing
issued
  Field required [type=missing, input_value={}, input_type=dict]
    For further information visit https://errors.pydantic.dev/2.8/v/missing
@type
  Field required [type=missing, input_value={}, input_type=dict]
    For further information visit https://errors.pydantic.dev/2.8/v/missing
modified
  Field required [type=missing, input_value={}, input_type=dict]
    For further information visit https://errors.pydantic.dev/2.8/v/missing
released
  Field required [type=missing, input_value={}, input_type=dict]
    For further information visit https://errors.pydantic.dev/2.8/v/missing
keyword
  Field required [type=missing, input_value={}, input_type=dict]
    For further information visit https://errors.pydantic.dev/2.8/v/missing
contactPoint
  Field required [type=missing, input_value={}, input_type=dict]
    For further information visit https://errors.pydantic.dev/2.8/v/missing
publisher
  Field required [type=missing, input_value={}, input_type=dict]
    For further information visit https://errors.pydantic.dev/2.8/v/missing
identifier
  Field required [type=missing, input_value={}, input_type=dict]
    For further information visit https://errors.pydantic.dev/2.8/v/missing
description
  Field required [type=missing, input_value={}, input_type=dict]
    For further information visit https://errors.pydantic.dev/2.8/v/missing
title
  Field required [type=missing, input_value={}, input_type=dict]
    For further information visit https://errors.pydantic.dev/2.8/v/missing
programCode
  Field required [type=missing, input_value={}, input_type=dict]
    For further information visit https://errors.pydantic.dev/2.8/v/missing
distribution
  Field required [type=missing, input_value={}, input_type=dict]
    For further information visit https://errors.pydantic.dev/2.8/v/missing
theme
  Field required [type=missing, input_value={}, input_type=dict]
    For further information visit https://errors.pydantic.dev/2.8/v/missing
2024-08-23 12:40:38 - ERROR - Validation error for dataset: Unknown title
Traceback (most recent call last):
  File "C:\Users\edmun\Projects\Repositories\healthpartners-interview\src\healthpartners_interview\download.py", line 31, in fetch_datasets
    dataset = Dataset(**current_item)
              ^^^^^^^^^^^^^^^^^^^^^^^
  File "C:\Users\edmun\Projects\Repositories\healthpartners-interview\.venv\Lib\site-packages\pydantic\main.py", line 193, in __init__
    self.__pydantic_validator__.validate_python(data, self_instance=self)
pydantic_core._pydantic_core.ValidationError: 16 validation errors for Dataset
accessLevel
  Field required [type=missing, input_value={'item': 'theme'}, input_type=dict]
    For further information visit https://errors.pydantic.dev/2.8/v/missing
landingPage
  Field required [type=missing, input_value={'item': 'theme'}, input_type=dict]
    For further information visit https://errors.pydantic.dev/2.8/v/missing
bureauCode
  Field required [type=missing, input_value={'item': 'theme'}, input_type=dict]
    For further information visit https://errors.pydantic.dev/2.8/v/missing
issued
  Field required [type=missing, input_value={'item': 'theme'}, input_type=dict]
    For further information visit https://errors.pydantic.dev/2.8/v/missing
@type
  Field required [type=missing, input_value={'item': 'theme'}, input_type=dict]
    For further information visit https://errors.pydantic.dev/2.8/v/missing
modified
  Field required [type=missing, input_value={'item': 'theme'}, input_type=dict]
    For further information visit https://errors.pydantic.dev/2.8/v/missing
released
  Field required [type=missing, input_value={'item': 'theme'}, input_type=dict]
    For further information visit https://errors.pydantic.dev/2.8/v/missing
keyword
  Field required [type=missing, input_value={'item': 'theme'}, input_type=dict]
    For further information visit https://errors.pydantic.dev/2.8/v/missing
contactPoint
  Field required [type=missing, input_value={'item': 'theme'}, input_type=dict]
    For further information visit https://errors.pydantic.dev/2.8/v/missing
publisher
  Field required [type=missing, input_value={'item': 'theme'}, input_type=dict]
    For further information visit https://errors.pydantic.dev/2.8/v/missing
identifier
  Field required [type=missing, input_value={'item': 'theme'}, input_type=dict]
    For further information visit https://errors.pydantic.dev/2.8/v/missing
description
  Field required [type=missing, input_value={'item': 'theme'}, input_type=dict]
    For further information visit https://errors.pydantic.dev/2.8/v/missing
title
  Field required [type=missing, input_value={'item': 'theme'}, input_type=dict]
    For further information visit https://errors.pydantic.dev/2.8/v/missing
programCode
  Field required [type=missing, input_value={'item': 'theme'}, input_type=dict]
    For further information visit https://errors.pydantic.dev/2.8/v/missing
distribution
  Field required [type=missing, input_value={'item': 'theme'}, input_type=dict]
    For further information visit https://errors.pydantic.dev/2.8/v/missing
theme
  Field required [type=missing, input_value={'item': 'theme'}, input_type=dict]
    For further information visit https://errors.pydantic.dev/2.8/v/missing
2024-08-23 12:40:38 - ERROR - Validation error for dataset: Unknown title
Traceback (most recent call last):
  File "C:\Users\edmun\Projects\Repositories\healthpartners-interview\src\healthpartners_interview\download.py", line 31, in fetch_datasets
    dataset = Dataset(**current_item)
              ^^^^^^^^^^^^^^^^^^^^^^^
  File "C:\Users\edmun\Projects\Repositories\healthpartners-interview\.venv\Lib\site-packages\pydantic\main.py", line 193, in __init__
    self.__pydantic_validator__.validate_python(data, self_instance=self)
pydantic_core._pydantic_core.ValidationError: 16 validation errors for Dataset
accessLevel
  Field required [type=missing, input_value={}, input_type=dict]
    For further information visit https://errors.pydantic.dev/2.8/v/missing
landingPage
  Field required [type=missing, input_value={}, input_type=dict]
    For further information visit https://errors.pydantic.dev/2.8/v/missing
bureauCode
  Field required [type=missing, input_value={}, input_type=dict]
    For further information visit https://errors.pydantic.dev/2.8/v/missing
issued
  Field required [type=missing, input_value={}, input_type=dict]
    For further information visit https://errors.pydantic.dev/2.8/v/missing
@type
  Field required [type=missing, input_value={}, input_type=dict]
    For further information visit https://errors.pydantic.dev/2.8/v/missing
modified
  Field required [type=missing, input_value={}, input_type=dict]
    For further information visit https://errors.pydantic.dev/2.8/v/missing
released
  Field required [type=missing, input_value={}, input_type=dict]
    For further information visit https://errors.pydantic.dev/2.8/v/missing
keyword
  Field required [type=missing, input_value={}, input_type=dict]
    For further information visit https://errors.pydantic.dev/2.8/v/missing
contactPoint
  Field required [type=missing, input_value={}, input_type=dict]
    For further information visit https://errors.pydantic.dev/2.8/v/missing
publisher
  Field required [type=missing, input_value={}, input_type=dict]
    For further information visit https://errors.pydantic.dev/2.8/v/missing
identifier
  Field required [type=missing, input_value={}, input_type=dict]
    For further information visit https://errors.pydantic.dev/2.8/v/missing
description
  Field required [type=missing, input_value={}, input_type=dict]
    For further information visit https://errors.pydantic.dev/2.8/v/missing
title
  Field required [type=missing, input_value={}, input_type=dict]
    For further information visit https://errors.pydantic.dev/2.8/v/missing
programCode
  Field required [type=missing, input_value={}, input_type=dict]
    For further information visit https://errors.pydantic.dev/2.8/v/missing
distribution
  Field required [type=missing, input_value={}, input_type=dict]
    For further information visit https://errors.pydantic.dev/2.8/v/missing
theme
  Field required [type=missing, input_value={}, input_type=dict]
    For further information visit https://errors.pydantic.dev/2.8/v/missing
2024-08-23 12:40:38 - ERROR - Validation error for dataset: Unknown title
Traceback (most recent call last):
  File "C:\Users\edmun\Projects\Repositories\healthpartners-interview\src\healthpartners_interview\download.py", line 31, in fetch_datasets
    dataset = Dataset(**current_item)
              ^^^^^^^^^^^^^^^^^^^^^^^
  File "C:\Users\edmun\Projects\Repositories\healthpartners-interview\.venv\Lib\site-packages\pydantic\main.py", line 193, in __init__
    self.__pydantic_validator__.validate_python(data, self_instance=self)
pydantic_core._pydantic_core.ValidationError: 16 validation errors for Dataset
accessLevel
  Field required [type=missing, input_value={}, input_type=dict]
    For further information visit https://errors.pydantic.dev/2.8/v/missing
landingPage
  Field required [type=missing, input_value={}, input_type=dict]
    For further information visit https://errors.pydantic.dev/2.8/v/missing
bureauCode
  Field required [type=missing, input_value={}, input_type=dict]
    For further information visit https://errors.pydantic.dev/2.8/v/missing
issued
  Field required [type=missing, input_value={}, input_type=dict]
    For further information visit https://errors.pydantic.dev/2.8/v/missing
@type
  Field required [type=missing, input_value={}, input_type=dict]
    For further information visit https://errors.pydantic.dev/2.8/v/missing
modified
  Field required [type=missing, input_value={}, input_type=dict]
    For further information visit https://errors.pydantic.dev/2.8/v/missing
released
  Field required [type=missing, input_value={}, input_type=dict]
    For further information visit https://errors.pydantic.dev/2.8/v/missing
keyword
  Field required [type=missing, input_value={}, input_type=dict]
    For further information visit https://errors.pydantic.dev/2.8/v/missing
contactPoint
  Field required [type=missing, input_value={}, input_type=dict]
    For further information visit https://errors.pydantic.dev/2.8/v/missing
publisher
  Field required [type=missing, input_value={}, input_type=dict]
    For further information visit https://errors.pydantic.dev/2.8/v/missing
identifier
  Field required [type=missing, input_value={}, input_type=dict]
    For further information visit https://errors.pydantic.dev/2.8/v/missing
description
  Field required [type=missing, input_value={}, input_type=dict]
    For further information visit https://errors.pydantic.dev/2.8/v/missing
title
  Field required [type=missing, input_value={}, input_type=dict]
    For further information visit https://errors.pydantic.dev/2.8/v/missing
programCode
  Field required [type=missing, input_value={}, input_type=dict]
    For further information visit https://errors.pydantic.dev/2.8/v/missing
distribution
  Field required [type=missing, input_value={}, input_type=dict]
    For further information visit https://errors.pydantic.dev/2.8/v/missing
theme
  Field required [type=missing, input_value={}, input_type=dict]
    For further information visit https://errors.pydantic.dev/2.8/v/missing
2024-08-23 12:40:38 - ERROR - Validation error for dataset: Unknown title
Traceback (most recent call last):
  File "C:\Users\edmun\Projects\Repositories\healthpartners-interview\src\healthpartners_interview\download.py", line 31, in fetch_datasets
    dataset = Dataset(**current_item)
              ^^^^^^^^^^^^^^^^^^^^^^^
  File "C:\Users\edmun\Projects\Repositories\healthpartners-interview\.venv\Lib\site-packages\pydantic\main.py", line 193, in __init__
    self.__pydantic_validator__.validate_python(data, self_instance=self)
pydantic_core._pydantic_core.ValidationError: 16 validation errors for Dataset
accessLevel
  Field required [type=missing, input_value={}, input_type=dict]
    For further information visit https://errors.pydantic.dev/2.8/v/missing
landingPage
  Field required [type=missing, input_value={}, input_type=dict]
    For further information visit https://errors.pydantic.dev/2.8/v/missing
bureauCode
  Field required [type=missing, input_value={}, input_type=dict]
    For further information visit https://errors.pydantic.dev/2.8/v/missing
issued
  Field required [type=missing, input_value={}, input_type=dict]
    For further information visit https://errors.pydantic.dev/2.8/v/missing
@type
  Field required [type=missing, input_value={}, input_type=dict]
    For further information visit https://errors.pydantic.dev/2.8/v/missing
modified
  Field required [type=missing, input_value={}, input_type=dict]
    For further information visit https://errors.pydantic.dev/2.8/v/missing
released
  Field required [type=missing, input_value={}, input_type=dict]
    For further information visit https://errors.pydantic.dev/2.8/v/missing
keyword
  Field required [type=missing, input_value={}, input_type=dict]
    For further information visit https://errors.pydantic.dev/2.8/v/missing
contactPoint
  Field required [type=missing, input_value={}, input_type=dict]
    For further information visit https://errors.pydantic.dev/2.8/v/missing
publisher
  Field required [type=missing, input_value={}, input_type=dict]
    For further information visit https://errors.pydantic.dev/2.8/v/missing
identifier
  Field required [type=missing, input_value={}, input_type=dict]
    For further information visit https://errors.pydantic.dev/2.8/v/missing
description
  Field required [type=missing, input_value={}, input_type=dict]
    For further information visit https://errors.pydantic.dev/2.8/v/missing
title
  Field required [type=missing, input_value={}, input_type=dict]
    For further information visit https://errors.pydantic.dev/2.8/v/missing
programCode
  Field required [type=missing, input_value={}, input_type=dict]
    For further information visit https://errors.pydantic.dev/2.8/v/missing
distribution
  Field required [type=missing, input_value={}, input_type=dict]
    For further information visit https://errors.pydantic.dev/2.8/v/missing
theme
  Field required [type=missing, input_value={}, input_type=dict]
    For further information visit https://errors.pydantic.dev/2.8/v/missing
2024-08-23 12:40:38 - ERROR - Validation error for dataset: Unknown title
Traceback (most recent call last):
  File "C:\Users\edmun\Projects\Repositories\healthpartners-interview\src\healthpartners_interview\download.py", line 31, in fetch_datasets
    dataset = Dataset(**current_item)
              ^^^^^^^^^^^^^^^^^^^^^^^
  File "C:\Users\edmun\Projects\Repositories\healthpartners-interview\.venv\Lib\site-packages\pydantic\main.py", line 193, in __init__
    self.__pydantic_validator__.validate_python(data, self_instance=self)
pydantic_core._pydantic_core.ValidationError: 16 validation errors for Dataset
accessLevel
  Field required [type=missing, input_value={'item': 'theme'}, input_type=dict]
    For further information visit https://errors.pydantic.dev/2.8/v/missing
landingPage
  Field required [type=missing, input_value={'item': 'theme'}, input_type=dict]
    For further information visit https://errors.pydantic.dev/2.8/v/missing
bureauCode
  Field required [type=missing, input_value={'item': 'theme'}, input_type=dict]
    For further information visit https://errors.pydantic.dev/2.8/v/missing
issued
  Field required [type=missing, input_value={'item': 'theme'}, input_type=dict]
    For further information visit https://errors.pydantic.dev/2.8/v/missing
@type
  Field required [type=missing, input_value={'item': 'theme'}, input_type=dict]
    For further information visit https://errors.pydantic.dev/2.8/v/missing
modified
  Field required [type=missing, input_value={'item': 'theme'}, input_type=dict]
    For further information visit https://errors.pydantic.dev/2.8/v/missing
released
  Field required [type=missing, input_value={'item': 'theme'}, input_type=dict]
    For further information visit https://errors.pydantic.dev/2.8/v/missing
keyword
  Field required [type=missing, input_value={'item': 'theme'}, input_type=dict]
    For further information visit https://errors.pydantic.dev/2.8/v/missing
contactPoint
  Field required [type=missing, input_value={'item': 'theme'}, input_type=dict]
    For further information visit https://errors.pydantic.dev/2.8/v/missing
publisher
  Field required [type=missing, input_value={'item': 'theme'}, input_type=dict]
    For further information visit https://errors.pydantic.dev/2.8/v/missing
identifier
  Field required [type=missing, input_value={'item': 'theme'}, input_type=dict]
    For further information visit https://errors.pydantic.dev/2.8/v/missing
description
  Field required [type=missing, input_value={'item': 'theme'}, input_type=dict]
    For further information visit https://errors.pydantic.dev/2.8/v/missing
title
  Field required [type=missing, input_value={'item': 'theme'}, input_type=dict]
    For further information visit https://errors.pydantic.dev/2.8/v/missing
programCode
  Field required [type=missing, input_value={'item': 'theme'}, input_type=dict]
    For further information visit https://errors.pydantic.dev/2.8/v/missing
distribution
  Field required [type=missing, input_value={'item': 'theme'}, input_type=dict]
    For further information visit https://errors.pydantic.dev/2.8/v/missing
theme
  Field required [type=missing, input_value={'item': 'theme'}, input_type=dict]
    For further information visit https://errors.pydantic.dev/2.8/v/missing
2024-08-23 12:40:38 - ERROR - Validation error for dataset: Unknown title
Traceback (most recent call last):
  File "C:\Users\edmun\Projects\Repositories\healthpartners-interview\src\healthpartners_interview\download.py", line 31, in fetch_datasets
    dataset = Dataset(**current_item)
              ^^^^^^^^^^^^^^^^^^^^^^^
  File "C:\Users\edmun\Projects\Repositories\healthpartners-interview\.venv\Lib\site-packages\pydantic\main.py", line 193, in __init__
    self.__pydantic_validator__.validate_python(data, self_instance=self)
pydantic_core._pydantic_core.ValidationError: 16 validation errors for Dataset
accessLevel
  Field required [type=missing, input_value={}, input_type=dict]
    For further information visit https://errors.pydantic.dev/2.8/v/missing
landingPage
  Field required [type=missing, input_value={}, input_type=dict]
    For further information visit https://errors.pydantic.dev/2.8/v/missing
bureauCode
  Field required [type=missing, input_value={}, input_type=dict]
    For further information visit https://errors.pydantic.dev/2.8/v/missing
issued
  Field required [type=missing, input_value={}, input_type=dict]
    For further information visit https://errors.pydantic.dev/2.8/v/missing
@type
  Field required [type=missing, input_value={}, input_type=dict]
    For further information visit https://errors.pydantic.dev/2.8/v/missing
modified
  Field required [type=missing, input_value={}, input_type=dict]
    For further information visit https://errors.pydantic.dev/2.8/v/missing
released
  Field required [type=missing, input_value={}, input_type=dict]
    For further information visit https://errors.pydantic.dev/2.8/v/missing
keyword
  Field required [type=missing, input_value={}, input_type=dict]
    For further information visit https://errors.pydantic.dev/2.8/v/missing
contactPoint
  Field required [type=missing, input_value={}, input_type=dict]
    For further information visit https://errors.pydantic.dev/2.8/v/missing
publisher
  Field required [type=missing, input_value={}, input_type=dict]
    For further information visit https://errors.pydantic.dev/2.8/v/missing
identifier
  Field required [type=missing, input_value={}, input_type=dict]
    For further information visit https://errors.pydantic.dev/2.8/v/missing
description
  Field required [type=missing, input_value={}, input_type=dict]
    For further information visit https://errors.pydantic.dev/2.8/v/missing
title
  Field required [type=missing, input_value={}, input_type=dict]
    For further information visit https://errors.pydantic.dev/2.8/v/missing
programCode
  Field required [type=missing, input_value={}, input_type=dict]
    For further information visit https://errors.pydantic.dev/2.8/v/missing
distribution
  Field required [type=missing, input_value={}, input_type=dict]
    For further information visit https://errors.pydantic.dev/2.8/v/missing
theme
  Field required [type=missing, input_value={}, input_type=dict]
    For further information visit https://errors.pydantic.dev/2.8/v/missing
2024-08-23 12:40:38 - ERROR - Validation error for dataset: Unknown title
Traceback (most recent call last):
  File "C:\Users\edmun\Projects\Repositories\healthpartners-interview\src\healthpartners_interview\download.py", line 31, in fetch_datasets
    dataset = Dataset(**current_item)
              ^^^^^^^^^^^^^^^^^^^^^^^
  File "C:\Users\edmun\Projects\Repositories\healthpartners-interview\.venv\Lib\site-packages\pydantic\main.py", line 193, in __init__
    self.__pydantic_validator__.validate_python(data, self_instance=self)
pydantic_core._pydantic_core.ValidationError: 16 validation errors for Dataset
accessLevel
  Field required [type=missing, input_value={}, input_type=dict]
    For further information visit https://errors.pydantic.dev/2.8/v/missing
landingPage
  Field required [type=missing, input_value={}, input_type=dict]
    For further information visit https://errors.pydantic.dev/2.8/v/missing
bureauCode
  Field required [type=missing, input_value={}, input_type=dict]
    For further information visit https://errors.pydantic.dev/2.8/v/missing
issued
  Field required [type=missing, input_value={}, input_type=dict]
    For further information visit https://errors.pydantic.dev/2.8/v/missing
@type
  Field required [type=missing, input_value={}, input_type=dict]
    For further information visit https://errors.pydantic.dev/2.8/v/missing
modified
  Field required [type=missing, input_value={}, input_type=dict]
    For further information visit https://errors.pydantic.dev/2.8/v/missing
released
  Field required [type=missing, input_value={}, input_type=dict]
    For further information visit https://errors.pydantic.dev/2.8/v/missing
keyword
  Field required [type=missing, input_value={}, input_type=dict]
    For further information visit https://errors.pydantic.dev/2.8/v/missing
contactPoint
  Field required [type=missing, input_value={}, input_type=dict]
    For further information visit https://errors.pydantic.dev/2.8/v/missing
publisher
  Field required [type=missing, input_value={}, input_type=dict]
    For further information visit https://errors.pydantic.dev/2.8/v/missing
identifier
  Field required [type=missing, input_value={}, input_type=dict]
    For further information visit https://errors.pydantic.dev/2.8/v/missing
description
  Field required [type=missing, input_value={}, input_type=dict]
    For further information visit https://errors.pydantic.dev/2.8/v/missing
title
  Field required [type=missing, input_value={}, input_type=dict]
    For further information visit https://errors.pydantic.dev/2.8/v/missing
programCode
  Field required [type=missing, input_value={}, input_type=dict]
    For further information visit https://errors.pydantic.dev/2.8/v/missing
distribution
  Field required [type=missing, input_value={}, input_type=dict]
    For further information visit https://errors.pydantic.dev/2.8/v/missing
theme
  Field required [type=missing, input_value={}, input_type=dict]
    For further information visit https://errors.pydantic.dev/2.8/v/missing
2024-08-23 12:40:38 - ERROR - Validation error for dataset: Unknown title
Traceback (most recent call last):
  File "C:\Users\edmun\Projects\Repositories\healthpartners-interview\src\healthpartners_interview\download.py", line 31, in fetch_datasets
    dataset = Dataset(**current_item)
              ^^^^^^^^^^^^^^^^^^^^^^^
  File "C:\Users\edmun\Projects\Repositories\healthpartners-interview\.venv\Lib\site-packages\pydantic\main.py", line 193, in __init__
    self.__pydantic_validator__.validate_python(data, self_instance=self)
pydantic_core._pydantic_core.ValidationError: 16 validation errors for Dataset
accessLevel
  Field required [type=missing, input_value={}, input_type=dict]
    For further information visit https://errors.pydantic.dev/2.8/v/missing
landingPage
  Field required [type=missing, input_value={}, input_type=dict]
    For further information visit https://errors.pydantic.dev/2.8/v/missing
bureauCode
  Field required [type=missing, input_value={}, input_type=dict]
    For further information visit https://errors.pydantic.dev/2.8/v/missing
issued
  Field required [type=missing, input_value={}, input_type=dict]
    For further information visit https://errors.pydantic.dev/2.8/v/missing
@type
  Field required [type=missing, input_value={}, input_type=dict]
    For further information visit https://errors.pydantic.dev/2.8/v/missing
modified
  Field required [type=missing, input_value={}, input_type=dict]
    For further information visit https://errors.pydantic.dev/2.8/v/missing
released
  Field required [type=missing, input_value={}, input_type=dict]
    For further information visit https://errors.pydantic.dev/2.8/v/missing
keyword
  Field required [type=missing, input_value={}, input_type=dict]
    For further information visit https://errors.pydantic.dev/2.8/v/missing
contactPoint
  Field required [type=missing, input_value={}, input_type=dict]
    For further information visit https://errors.pydantic.dev/2.8/v/missing
publisher
  Field required [type=missing, input_value={}, input_type=dict]
    For further information visit https://errors.pydantic.dev/2.8/v/missing
identifier
  Field required [type=missing, input_value={}, input_type=dict]
    For further information visit https://errors.pydantic.dev/2.8/v/missing
description
  Field required [type=missing, input_value={}, input_type=dict]
    For further information visit https://errors.pydantic.dev/2.8/v/missing
title
  Field required [type=missing, input_value={}, input_type=dict]
    For further information visit https://errors.pydantic.dev/2.8/v/missing
programCode
  Field required [type=missing, input_value={}, input_type=dict]
    For further information visit https://errors.pydantic.dev/2.8/v/missing
distribution
  Field required [type=missing, input_value={}, input_type=dict]
    For further information visit https://errors.pydantic.dev/2.8/v/missing
theme
  Field required [type=missing, input_value={}, input_type=dict]
    For further information visit https://errors.pydantic.dev/2.8/v/missing
2024-08-23 12:40:38 - ERROR - Validation error for dataset: Unknown title
Traceback (most recent call last):
  File "C:\Users\edmun\Projects\Repositories\healthpartners-interview\src\healthpartners_interview\download.py", line 31, in fetch_datasets
    dataset = Dataset(**current_item)
              ^^^^^^^^^^^^^^^^^^^^^^^
  File "C:\Users\edmun\Projects\Repositories\healthpartners-interview\.venv\Lib\site-packages\pydantic\main.py", line 193, in __init__
    self.__pydantic_validator__.validate_python(data, self_instance=self)
pydantic_core._pydantic_core.ValidationError: 16 validation errors for Dataset
accessLevel
  Field required [type=missing, input_value={'item': 'archiveExclude'}, input_type=dict]
    For further information visit https://errors.pydantic.dev/2.8/v/missing
landingPage
  Field required [type=missing, input_value={'item': 'archiveExclude'}, input_type=dict]
    For further information visit https://errors.pydantic.dev/2.8/v/missing
bureauCode
  Field required [type=missing, input_value={'item': 'archiveExclude'}, input_type=dict]
    For further information visit https://errors.pydantic.dev/2.8/v/missing
issued
  Field required [type=missing, input_value={'item': 'archiveExclude'}, input_type=dict]
    For further information visit https://errors.pydantic.dev/2.8/v/missing
@type
  Field required [type=missing, input_value={'item': 'archiveExclude'}, input_type=dict]
    For further information visit https://errors.pydantic.dev/2.8/v/missing
modified
  Field required [type=missing, input_value={'item': 'archiveExclude'}, input_type=dict]
    For further information visit https://errors.pydantic.dev/2.8/v/missing
released
  Field required [type=missing, input_value={'item': 'archiveExclude'}, input_type=dict]
    For further information visit https://errors.pydantic.dev/2.8/v/missing
keyword
  Field required [type=missing, input_value={'item': 'archiveExclude'}, input_type=dict]
    For further information visit https://errors.pydantic.dev/2.8/v/missing
contactPoint
  Field required [type=missing, input_value={'item': 'archiveExclude'}, input_type=dict]
    For further information visit https://errors.pydantic.dev/2.8/v/missing
publisher
  Field required [type=missing, input_value={'item': 'archiveExclude'}, input_type=dict]
    For further information visit https://errors.pydantic.dev/2.8/v/missing
identifier
  Field required [type=missing, input_value={'item': 'archiveExclude'}, input_type=dict]
    For further information visit https://errors.pydantic.dev/2.8/v/missing
description
  Field required [type=missing, input_value={'item': 'archiveExclude'}, input_type=dict]
    For further information visit https://errors.pydantic.dev/2.8/v/missing
title
  Field required [type=missing, input_value={'item': 'archiveExclude'}, input_type=dict]
    For further information visit https://errors.pydantic.dev/2.8/v/missing
programCode
  Field required [type=missing, input_value={'item': 'archiveExclude'}, input_type=dict]
    For further information visit https://errors.pydantic.dev/2.8/v/missing
distribution
  Field required [type=missing, input_value={'item': 'archiveExclude'}, input_type=dict]
    For further information visit https://errors.pydantic.dev/2.8/v/missing
theme
  Field required [type=missing, input_value={'item': 'archiveExclude'}, input_type=dict]
    For further information visit https://errors.pydantic.dev/2.8/v/missing
2024-08-23 12:40:38 - ERROR - Validation error for dataset: Unknown title
Traceback (most recent call last):
  File "C:\Users\edmun\Projects\Repositories\healthpartners-interview\src\healthpartners_interview\download.py", line 31, in fetch_datasets
    dataset = Dataset(**current_item)
              ^^^^^^^^^^^^^^^^^^^^^^^
  File "C:\Users\edmun\Projects\Repositories\healthpartners-interview\.venv\Lib\site-packages\pydantic\main.py", line 193, in __init__
    self.__pydantic_validator__.validate_python(data, self_instance=self)
pydantic_core._pydantic_core.ValidationError: 16 validation errors for Dataset
accessLevel
  Field required [type=missing, input_value={}, input_type=dict]
    For further information visit https://errors.pydantic.dev/2.8/v/missing
landingPage
  Field required [type=missing, input_value={}, input_type=dict]
    For further information visit https://errors.pydantic.dev/2.8/v/missing
bureauCode
  Field required [type=missing, input_value={}, input_type=dict]
    For further information visit https://errors.pydantic.dev/2.8/v/missing
issued
  Field required [type=missing, input_value={}, input_type=dict]
    For further information visit https://errors.pydantic.dev/2.8/v/missing
@type
  Field required [type=missing, input_value={}, input_type=dict]
    For further information visit https://errors.pydantic.dev/2.8/v/missing
modified
  Field required [type=missing, input_value={}, input_type=dict]
    For further information visit https://errors.pydantic.dev/2.8/v/missing
released
  Field required [type=missing, input_value={}, input_type=dict]
    For further information visit https://errors.pydantic.dev/2.8/v/missing
keyword
  Field required [type=missing, input_value={}, input_type=dict]
    For further information visit https://errors.pydantic.dev/2.8/v/missing
contactPoint
  Field required [type=missing, input_value={}, input_type=dict]
    For further information visit https://errors.pydantic.dev/2.8/v/missing
publisher
  Field required [type=missing, input_value={}, input_type=dict]
    For further information visit https://errors.pydantic.dev/2.8/v/missing
identifier
  Field required [type=missing, input_value={}, input_type=dict]
    For further information visit https://errors.pydantic.dev/2.8/v/missing
description
  Field required [type=missing, input_value={}, input_type=dict]
    For further information visit https://errors.pydantic.dev/2.8/v/missing
title
  Field required [type=missing, input_value={}, input_type=dict]
    For further information visit https://errors.pydantic.dev/2.8/v/missing
programCode
  Field required [type=missing, input_value={}, input_type=dict]
    For further information visit https://errors.pydantic.dev/2.8/v/missing
distribution
  Field required [type=missing, input_value={}, input_type=dict]
    For further information visit https://errors.pydantic.dev/2.8/v/missing
theme
  Field required [type=missing, input_value={}, input_type=dict]
    For further information visit https://errors.pydantic.dev/2.8/v/missing
2024-08-23 12:40:38 - ERROR - Validation error for dataset: Unknown title
Traceback (most recent call last):
  File "C:\Users\edmun\Projects\Repositories\healthpartners-interview\src\healthpartners_interview\download.py", line 31, in fetch_datasets
    dataset = Dataset(**current_item)
              ^^^^^^^^^^^^^^^^^^^^^^^
  File "C:\Users\edmun\Projects\Repositories\healthpartners-interview\.venv\Lib\site-packages\pydantic\main.py", line 193, in __init__
    self.__pydantic_validator__.validate_python(data, self_instance=self)
pydantic_core._pydantic_core.ValidationError: 16 validation errors for Dataset
accessLevel
  Field required [type=missing, input_value={}, input_type=dict]
    For further information visit https://errors.pydantic.dev/2.8/v/missing
landingPage
  Field required [type=missing, input_value={}, input_type=dict]
    For further information visit https://errors.pydantic.dev/2.8/v/missing
bureauCode
  Field required [type=missing, input_value={}, input_type=dict]
    For further information visit https://errors.pydantic.dev/2.8/v/missing
issued
  Field required [type=missing, input_value={}, input_type=dict]
    For further information visit https://errors.pydantic.dev/2.8/v/missing
@type
  Field required [type=missing, input_value={}, input_type=dict]
    For further information visit https://errors.pydantic.dev/2.8/v/missing
modified
  Field required [type=missing, input_value={}, input_type=dict]
    For further information visit https://errors.pydantic.dev/2.8/v/missing
released
  Field required [type=missing, input_value={}, input_type=dict]
    For further information visit https://errors.pydantic.dev/2.8/v/missing
keyword
  Field required [type=missing, input_value={}, input_type=dict]
    For further information visit https://errors.pydantic.dev/2.8/v/missing
contactPoint
  Field required [type=missing, input_value={}, input_type=dict]
    For further information visit https://errors.pydantic.dev/2.8/v/missing
publisher
  Field required [type=missing, input_value={}, input_type=dict]
    For further information visit https://errors.pydantic.dev/2.8/v/missing
identifier
  Field required [type=missing, input_value={}, input_type=dict]
    For further information visit https://errors.pydantic.dev/2.8/v/missing
description
  Field required [type=missing, input_value={}, input_type=dict]
    For further information visit https://errors.pydantic.dev/2.8/v/missing
title
  Field required [type=missing, input_value={}, input_type=dict]
    For further information visit https://errors.pydantic.dev/2.8/v/missing
programCode
  Field required [type=missing, input_value={}, input_type=dict]
    For further information visit https://errors.pydantic.dev/2.8/v/missing
distribution
  Field required [type=missing, input_value={}, input_type=dict]
    For further information visit https://errors.pydantic.dev/2.8/v/missing
theme
  Field required [type=missing, input_value={}, input_type=dict]
    For further information visit https://errors.pydantic.dev/2.8/v/missing
2024-08-23 12:40:38 - ERROR - Validation error for dataset: Unknown title
Traceback (most recent call last):
  File "C:\Users\edmun\Projects\Repositories\healthpartners-interview\src\healthpartners_interview\download.py", line 31, in fetch_datasets
    dataset = Dataset(**current_item)
              ^^^^^^^^^^^^^^^^^^^^^^^
  File "C:\Users\edmun\Projects\Repositories\healthpartners-interview\.venv\Lib\site-packages\pydantic\main.py", line 193, in __init__
    self.__pydantic_validator__.validate_python(data, self_instance=self)
pydantic_core._pydantic_core.ValidationError: 16 validation errors for Dataset
accessLevel
  Field required [type=missing, input_value={}, input_type=dict]
    For further information visit https://errors.pydantic.dev/2.8/v/missing
landingPage
  Field required [type=missing, input_value={}, input_type=dict]
    For further information visit https://errors.pydantic.dev/2.8/v/missing
bureauCode
  Field required [type=missing, input_value={}, input_type=dict]
    For further information visit https://errors.pydantic.dev/2.8/v/missing
issued
  Field required [type=missing, input_value={}, input_type=dict]
    For further information visit https://errors.pydantic.dev/2.8/v/missing
@type
  Field required [type=missing, input_value={}, input_type=dict]
    For further information visit https://errors.pydantic.dev/2.8/v/missing
modified
  Field required [type=missing, input_value={}, input_type=dict]
    For further information visit https://errors.pydantic.dev/2.8/v/missing
released
  Field required [type=missing, input_value={}, input_type=dict]
    For further information visit https://errors.pydantic.dev/2.8/v/missing
keyword
  Field required [type=missing, input_value={}, input_type=dict]
    For further information visit https://errors.pydantic.dev/2.8/v/missing
contactPoint
  Field required [type=missing, input_value={}, input_type=dict]
    For further information visit https://errors.pydantic.dev/2.8/v/missing
publisher
  Field required [type=missing, input_value={}, input_type=dict]
    For further information visit https://errors.pydantic.dev/2.8/v/missing
identifier
  Field required [type=missing, input_value={}, input_type=dict]
    For further information visit https://errors.pydantic.dev/2.8/v/missing
description
  Field required [type=missing, input_value={}, input_type=dict]
    For further information visit https://errors.pydantic.dev/2.8/v/missing
title
  Field required [type=missing, input_value={}, input_type=dict]
    For further information visit https://errors.pydantic.dev/2.8/v/missing
programCode
  Field required [type=missing, input_value={}, input_type=dict]
    For further information visit https://errors.pydantic.dev/2.8/v/missing
distribution
  Field required [type=missing, input_value={}, input_type=dict]
    For further information visit https://errors.pydantic.dev/2.8/v/missing
theme
  Field required [type=missing, input_value={}, input_type=dict]
    For further information visit https://errors.pydantic.dev/2.8/v/missing
2024-08-23 12:40:38 - ERROR - Validation error for dataset: Unknown title
Traceback (most recent call last):
  File "C:\Users\edmun\Projects\Repositories\healthpartners-interview\src\healthpartners_interview\download.py", line 31, in fetch_datasets
    dataset = Dataset(**current_item)
              ^^^^^^^^^^^^^^^^^^^^^^^
  File "C:\Users\edmun\Projects\Repositories\healthpartners-interview\.venv\Lib\site-packages\pydantic\main.py", line 193, in __init__
    self.__pydantic_validator__.validate_python(data, self_instance=self)
pydantic_core._pydantic_core.ValidationError: 16 validation errors for Dataset
accessLevel
  Field required [type=missing, input_value={'item': 'archiveExclude'}, input_type=dict]
    For further information visit https://errors.pydantic.dev/2.8/v/missing
landingPage
  Field required [type=missing, input_value={'item': 'archiveExclude'}, input_type=dict]
    For further information visit https://errors.pydantic.dev/2.8/v/missing
bureauCode
  Field required [type=missing, input_value={'item': 'archiveExclude'}, input_type=dict]
    For further information visit https://errors.pydantic.dev/2.8/v/missing
issued
  Field required [type=missing, input_value={'item': 'archiveExclude'}, input_type=dict]
    For further information visit https://errors.pydantic.dev/2.8/v/missing
@type
  Field required [type=missing, input_value={'item': 'archiveExclude'}, input_type=dict]
    For further information visit https://errors.pydantic.dev/2.8/v/missing
modified
  Field required [type=missing, input_value={'item': 'archiveExclude'}, input_type=dict]
    For further information visit https://errors.pydantic.dev/2.8/v/missing
released
  Field required [type=missing, input_value={'item': 'archiveExclude'}, input_type=dict]
    For further information visit https://errors.pydantic.dev/2.8/v/missing
keyword
  Field required [type=missing, input_value={'item': 'archiveExclude'}, input_type=dict]
    For further information visit https://errors.pydantic.dev/2.8/v/missing
contactPoint
  Field required [type=missing, input_value={'item': 'archiveExclude'}, input_type=dict]
    For further information visit https://errors.pydantic.dev/2.8/v/missing
publisher
  Field required [type=missing, input_value={'item': 'archiveExclude'}, input_type=dict]
    For further information visit https://errors.pydantic.dev/2.8/v/missing
identifier
  Field required [type=missing, input_value={'item': 'archiveExclude'}, input_type=dict]
    For further information visit https://errors.pydantic.dev/2.8/v/missing
description
  Field required [type=missing, input_value={'item': 'archiveExclude'}, input_type=dict]
    For further information visit https://errors.pydantic.dev/2.8/v/missing
title
  Field required [type=missing, input_value={'item': 'archiveExclude'}, input_type=dict]
    For further information visit https://errors.pydantic.dev/2.8/v/missing
programCode
  Field required [type=missing, input_value={'item': 'archiveExclude'}, input_type=dict]
    For further information visit https://errors.pydantic.dev/2.8/v/missing
distribution
  Field required [type=missing, input_value={'item': 'archiveExclude'}, input_type=dict]
    For further information visit https://errors.pydantic.dev/2.8/v/missing
theme
  Field required [type=missing, input_value={'item': 'archiveExclude'}, input_type=dict]
    For further information visit https://errors.pydantic.dev/2.8/v/missing
2024-08-23 12:40:38 - ERROR - Validation error for dataset: Unknown title
Traceback (most recent call last):
  File "C:\Users\edmun\Projects\Repositories\healthpartners-interview\src\healthpartners_interview\download.py", line 31, in fetch_datasets
    dataset = Dataset(**current_item)
              ^^^^^^^^^^^^^^^^^^^^^^^
  File "C:\Users\edmun\Projects\Repositories\healthpartners-interview\.venv\Lib\site-packages\pydantic\main.py", line 193, in __init__
    self.__pydantic_validator__.validate_python(data, self_instance=self)
pydantic_core._pydantic_core.ValidationError: 16 validation errors for Dataset
accessLevel
  Field required [type=missing, input_value={}, input_type=dict]
    For further information visit https://errors.pydantic.dev/2.8/v/missing
landingPage
  Field required [type=missing, input_value={}, input_type=dict]
    For further information visit https://errors.pydantic.dev/2.8/v/missing
bureauCode
  Field required [type=missing, input_value={}, input_type=dict]
    For further information visit https://errors.pydantic.dev/2.8/v/missing
issued
  Field required [type=missing, input_value={}, input_type=dict]
    For further information visit https://errors.pydantic.dev/2.8/v/missing
@type
  Field required [type=missing, input_value={}, input_type=dict]
    For further information visit https://errors.pydantic.dev/2.8/v/missing
modified
  Field required [type=missing, input_value={}, input_type=dict]
    For further information visit https://errors.pydantic.dev/2.8/v/missing
released
  Field required [type=missing, input_value={}, input_type=dict]
    For further information visit https://errors.pydantic.dev/2.8/v/missing
keyword
  Field required [type=missing, input_value={}, input_type=dict]
    For further information visit https://errors.pydantic.dev/2.8/v/missing
contactPoint
  Field required [type=missing, input_value={}, input_type=dict]
    For further information visit https://errors.pydantic.dev/2.8/v/missing
publisher
  Field required [type=missing, input_value={}, input_type=dict]
    For further information visit https://errors.pydantic.dev/2.8/v/missing
identifier
  Field required [type=missing, input_value={}, input_type=dict]
    For further information visit https://errors.pydantic.dev/2.8/v/missing
description
  Field required [type=missing, input_value={}, input_type=dict]
    For further information visit https://errors.pydantic.dev/2.8/v/missing
title
  Field required [type=missing, input_value={}, input_type=dict]
    For further information visit https://errors.pydantic.dev/2.8/v/missing
programCode
  Field required [type=missing, input_value={}, input_type=dict]
    For further information visit https://errors.pydantic.dev/2.8/v/missing
distribution
  Field required [type=missing, input_value={}, input_type=dict]
    For further information visit https://errors.pydantic.dev/2.8/v/missing
theme
  Field required [type=missing, input_value={}, input_type=dict]
    For further information visit https://errors.pydantic.dev/2.8/v/missing
2024-08-23 12:40:38 - ERROR - Validation error for dataset: Unknown title
Traceback (most recent call last):
  File "C:\Users\edmun\Projects\Repositories\healthpartners-interview\src\healthpartners_interview\download.py", line 31, in fetch_datasets
    dataset = Dataset(**current_item)
              ^^^^^^^^^^^^^^^^^^^^^^^
  File "C:\Users\edmun\Projects\Repositories\healthpartners-interview\.venv\Lib\site-packages\pydantic\main.py", line 193, in __init__
    self.__pydantic_validator__.validate_python(data, self_instance=self)
pydantic_core._pydantic_core.ValidationError: 16 validation errors for Dataset
accessLevel
  Field required [type=missing, input_value={}, input_type=dict]
    For further information visit https://errors.pydantic.dev/2.8/v/missing
landingPage
  Field required [type=missing, input_value={}, input_type=dict]
    For further information visit https://errors.pydantic.dev/2.8/v/missing
bureauCode
  Field required [type=missing, input_value={}, input_type=dict]
    For further information visit https://errors.pydantic.dev/2.8/v/missing
issued
  Field required [type=missing, input_value={}, input_type=dict]
    For further information visit https://errors.pydantic.dev/2.8/v/missing
@type
  Field required [type=missing, input_value={}, input_type=dict]
    For further information visit https://errors.pydantic.dev/2.8/v/missing
modified
  Field required [type=missing, input_value={}, input_type=dict]
    For further information visit https://errors.pydantic.dev/2.8/v/missing
released
  Field required [type=missing, input_value={}, input_type=dict]
    For further information visit https://errors.pydantic.dev/2.8/v/missing
keyword
  Field required [type=missing, input_value={}, input_type=dict]
    For further information visit https://errors.pydantic.dev/2.8/v/missing
contactPoint
  Field required [type=missing, input_value={}, input_type=dict]
    For further information visit https://errors.pydantic.dev/2.8/v/missing
publisher
  Field required [type=missing, input_value={}, input_type=dict]
    For further information visit https://errors.pydantic.dev/2.8/v/missing
identifier
  Field required [type=missing, input_value={}, input_type=dict]
    For further information visit https://errors.pydantic.dev/2.8/v/missing
description
  Field required [type=missing, input_value={}, input_type=dict]
    For further information visit https://errors.pydantic.dev/2.8/v/missing
title
  Field required [type=missing, input_value={}, input_type=dict]
    For further information visit https://errors.pydantic.dev/2.8/v/missing
programCode
  Field required [type=missing, input_value={}, input_type=dict]
    For further information visit https://errors.pydantic.dev/2.8/v/missing
distribution
  Field required [type=missing, input_value={}, input_type=dict]
    For further information visit https://errors.pydantic.dev/2.8/v/missing
theme
  Field required [type=missing, input_value={}, input_type=dict]
    For further information visit https://errors.pydantic.dev/2.8/v/missing
2024-08-23 12:40:38 - ERROR - Validation error for dataset: Unknown title
Traceback (most recent call last):
  File "C:\Users\edmun\Projects\Repositories\healthpartners-interview\src\healthpartners_interview\download.py", line 31, in fetch_datasets
    dataset = Dataset(**current_item)
              ^^^^^^^^^^^^^^^^^^^^^^^
  File "C:\Users\edmun\Projects\Repositories\healthpartners-interview\.venv\Lib\site-packages\pydantic\main.py", line 193, in __init__
    self.__pydantic_validator__.validate_python(data, self_instance=self)
pydantic_core._pydantic_core.ValidationError: 16 validation errors for Dataset
accessLevel
  Field required [type=missing, input_value={}, input_type=dict]
    For further information visit https://errors.pydantic.dev/2.8/v/missing
landingPage
  Field required [type=missing, input_value={}, input_type=dict]
    For further information visit https://errors.pydantic.dev/2.8/v/missing
bureauCode
  Field required [type=missing, input_value={}, input_type=dict]
    For further information visit https://errors.pydantic.dev/2.8/v/missing
issued
  Field required [type=missing, input_value={}, input_type=dict]
    For further information visit https://errors.pydantic.dev/2.8/v/missing
@type
  Field required [type=missing, input_value={}, input_type=dict]
    For further information visit https://errors.pydantic.dev/2.8/v/missing
modified
  Field required [type=missing, input_value={}, input_type=dict]
    For further information visit https://errors.pydantic.dev/2.8/v/missing
released
  Field required [type=missing, input_value={}, input_type=dict]
    For further information visit https://errors.pydantic.dev/2.8/v/missing
keyword
  Field required [type=missing, input_value={}, input_type=dict]
    For further information visit https://errors.pydantic.dev/2.8/v/missing
contactPoint
  Field required [type=missing, input_value={}, input_type=dict]
    For further information visit https://errors.pydantic.dev/2.8/v/missing
publisher
  Field required [type=missing, input_value={}, input_type=dict]
    For further information visit https://errors.pydantic.dev/2.8/v/missing
identifier
  Field required [type=missing, input_value={}, input_type=dict]
    For further information visit https://errors.pydantic.dev/2.8/v/missing
description
  Field required [type=missing, input_value={}, input_type=dict]
    For further information visit https://errors.pydantic.dev/2.8/v/missing
title
  Field required [type=missing, input_value={}, input_type=dict]
    For further information visit https://errors.pydantic.dev/2.8/v/missing
programCode
  Field required [type=missing, input_value={}, input_type=dict]
    For further information visit https://errors.pydantic.dev/2.8/v/missing
distribution
  Field required [type=missing, input_value={}, input_type=dict]
    For further information visit https://errors.pydantic.dev/2.8/v/missing
theme
  Field required [type=missing, input_value={}, input_type=dict]
    For further information visit https://errors.pydantic.dev/2.8/v/missing
2024-08-23 12:40:38 - ERROR - Validation error for dataset: Unknown title
Traceback (most recent call last):
  File "C:\Users\edmun\Projects\Repositories\healthpartners-interview\src\healthpartners_interview\download.py", line 31, in fetch_datasets
    dataset = Dataset(**current_item)
              ^^^^^^^^^^^^^^^^^^^^^^^
  File "C:\Users\edmun\Projects\Repositories\healthpartners-interview\.venv\Lib\site-packages\pydantic\main.py", line 193, in __init__
    self.__pydantic_validator__.validate_python(data, self_instance=self)
pydantic_core._pydantic_core.ValidationError: 16 validation errors for Dataset
accessLevel
  Field required [type=missing, input_value={'item': 'archiveExclude'}, input_type=dict]
    For further information visit https://errors.pydantic.dev/2.8/v/missing
landingPage
  Field required [type=missing, input_value={'item': 'archiveExclude'}, input_type=dict]
    For further information visit https://errors.pydantic.dev/2.8/v/missing
bureauCode
  Field required [type=missing, input_value={'item': 'archiveExclude'}, input_type=dict]
    For further information visit https://errors.pydantic.dev/2.8/v/missing
issued
  Field required [type=missing, input_value={'item': 'archiveExclude'}, input_type=dict]
    For further information visit https://errors.pydantic.dev/2.8/v/missing
@type
  Field required [type=missing, input_value={'item': 'archiveExclude'}, input_type=dict]
    For further information visit https://errors.pydantic.dev/2.8/v/missing
modified
  Field required [type=missing, input_value={'item': 'archiveExclude'}, input_type=dict]
    For further information visit https://errors.pydantic.dev/2.8/v/missing
released
  Field required [type=missing, input_value={'item': 'archiveExclude'}, input_type=dict]
    For further information visit https://errors.pydantic.dev/2.8/v/missing
keyword
  Field required [type=missing, input_value={'item': 'archiveExclude'}, input_type=dict]
    For further information visit https://errors.pydantic.dev/2.8/v/missing
contactPoint
  Field required [type=missing, input_value={'item': 'archiveExclude'}, input_type=dict]
    For further information visit https://errors.pydantic.dev/2.8/v/missing
publisher
  Field required [type=missing, input_value={'item': 'archiveExclude'}, input_type=dict]
    For further information visit https://errors.pydantic.dev/2.8/v/missing
identifier
  Field required [type=missing, input_value={'item': 'archiveExclude'}, input_type=dict]
    For further information visit https://errors.pydantic.dev/2.8/v/missing
description
  Field required [type=missing, input_value={'item': 'archiveExclude'}, input_type=dict]
    For further information visit https://errors.pydantic.dev/2.8/v/missing
title
  Field required [type=missing, input_value={'item': 'archiveExclude'}, input_type=dict]
    For further information visit https://errors.pydantic.dev/2.8/v/missing
programCode
  Field required [type=missing, input_value={'item': 'archiveExclude'}, input_type=dict]
    For further information visit https://errors.pydantic.dev/2.8/v/missing
distribution
  Field required [type=missing, input_value={'item': 'archiveExclude'}, input_type=dict]
    For further information visit https://errors.pydantic.dev/2.8/v/missing
theme
  Field required [type=missing, input_value={'item': 'archiveExclude'}, input_type=dict]
    For further information visit https://errors.pydantic.dev/2.8/v/missing
2024-08-23 12:40:38 - ERROR - Validation error for dataset: Unknown title
Traceback (most recent call last):
  File "C:\Users\edmun\Projects\Repositories\healthpartners-interview\src\healthpartners_interview\download.py", line 31, in fetch_datasets
    dataset = Dataset(**current_item)
              ^^^^^^^^^^^^^^^^^^^^^^^
  File "C:\Users\edmun\Projects\Repositories\healthpartners-interview\.venv\Lib\site-packages\pydantic\main.py", line 193, in __init__
    self.__pydantic_validator__.validate_python(data, self_instance=self)
pydantic_core._pydantic_core.ValidationError: 16 validation errors for Dataset
accessLevel
  Field required [type=missing, input_value={}, input_type=dict]
    For further information visit https://errors.pydantic.dev/2.8/v/missing
landingPage
  Field required [type=missing, input_value={}, input_type=dict]
    For further information visit https://errors.pydantic.dev/2.8/v/missing
bureauCode
  Field required [type=missing, input_value={}, input_type=dict]
    For further information visit https://errors.pydantic.dev/2.8/v/missing
issued
  Field required [type=missing, input_value={}, input_type=dict]
    For further information visit https://errors.pydantic.dev/2.8/v/missing
@type
  Field required [type=missing, input_value={}, input_type=dict]
    For further information visit https://errors.pydantic.dev/2.8/v/missing
modified
  Field required [type=missing, input_value={}, input_type=dict]
    For further information visit https://errors.pydantic.dev/2.8/v/missing
released
  Field required [type=missing, input_value={}, input_type=dict]
    For further information visit https://errors.pydantic.dev/2.8/v/missing
keyword
  Field required [type=missing, input_value={}, input_type=dict]
    For further information visit https://errors.pydantic.dev/2.8/v/missing
contactPoint
  Field required [type=missing, input_value={}, input_type=dict]
    For further information visit https://errors.pydantic.dev/2.8/v/missing
publisher
  Field required [type=missing, input_value={}, input_type=dict]
    For further information visit https://errors.pydantic.dev/2.8/v/missing
identifier
  Field required [type=missing, input_value={}, input_type=dict]
    For further information visit https://errors.pydantic.dev/2.8/v/missing
description
  Field required [type=missing, input_value={}, input_type=dict]
    For further information visit https://errors.pydantic.dev/2.8/v/missing
title
  Field required [type=missing, input_value={}, input_type=dict]
    For further information visit https://errors.pydantic.dev/2.8/v/missing
programCode
  Field required [type=missing, input_value={}, input_type=dict]
    For further information visit https://errors.pydantic.dev/2.8/v/missing
distribution
  Field required [type=missing, input_value={}, input_type=dict]
    For further information visit https://errors.pydantic.dev/2.8/v/missing
theme
  Field required [type=missing, input_value={}, input_type=dict]
    For further information visit https://errors.pydantic.dev/2.8/v/missing
2024-08-23 12:40:38 - ERROR - Validation error for dataset: Unknown title
Traceback (most recent call last):
  File "C:\Users\edmun\Projects\Repositories\healthpartners-interview\src\healthpartners_interview\download.py", line 31, in fetch_datasets
    dataset = Dataset(**current_item)
              ^^^^^^^^^^^^^^^^^^^^^^^
  File "C:\Users\edmun\Projects\Repositories\healthpartners-interview\.venv\Lib\site-packages\pydantic\main.py", line 193, in __init__
    self.__pydantic_validator__.validate_python(data, self_instance=self)
pydantic_core._pydantic_core.ValidationError: 16 validation errors for Dataset
accessLevel
  Field required [type=missing, input_value={}, input_type=dict]
    For further information visit https://errors.pydantic.dev/2.8/v/missing
landingPage
  Field required [type=missing, input_value={}, input_type=dict]
    For further information visit https://errors.pydantic.dev/2.8/v/missing
bureauCode
  Field required [type=missing, input_value={}, input_type=dict]
    For further information visit https://errors.pydantic.dev/2.8/v/missing
issued
  Field required [type=missing, input_value={}, input_type=dict]
    For further information visit https://errors.pydantic.dev/2.8/v/missing
@type
  Field required [type=missing, input_value={}, input_type=dict]
    For further information visit https://errors.pydantic.dev/2.8/v/missing
modified
  Field required [type=missing, input_value={}, input_type=dict]
    For further information visit https://errors.pydantic.dev/2.8/v/missing
released
  Field required [type=missing, input_value={}, input_type=dict]
    For further information visit https://errors.pydantic.dev/2.8/v/missing
keyword
  Field required [type=missing, input_value={}, input_type=dict]
    For further information visit https://errors.pydantic.dev/2.8/v/missing
contactPoint
  Field required [type=missing, input_value={}, input_type=dict]
    For further information visit https://errors.pydantic.dev/2.8/v/missing
publisher
  Field required [type=missing, input_value={}, input_type=dict]
    For further information visit https://errors.pydantic.dev/2.8/v/missing
identifier
  Field required [type=missing, input_value={}, input_type=dict]
    For further information visit https://errors.pydantic.dev/2.8/v/missing
description
  Field required [type=missing, input_value={}, input_type=dict]
    For further information visit https://errors.pydantic.dev/2.8/v/missing
title
  Field required [type=missing, input_value={}, input_type=dict]
    For further information visit https://errors.pydantic.dev/2.8/v/missing
programCode
  Field required [type=missing, input_value={}, input_type=dict]
    For further information visit https://errors.pydantic.dev/2.8/v/missing
distribution
  Field required [type=missing, input_value={}, input_type=dict]
    For further information visit https://errors.pydantic.dev/2.8/v/missing
theme
  Field required [type=missing, input_value={}, input_type=dict]
    For further information visit https://errors.pydantic.dev/2.8/v/missing
2024-08-23 12:40:38 - ERROR - Validation error for dataset: Unknown title
Traceback (most recent call last):
  File "C:\Users\edmun\Projects\Repositories\healthpartners-interview\src\healthpartners_interview\download.py", line 31, in fetch_datasets
    dataset = Dataset(**current_item)
              ^^^^^^^^^^^^^^^^^^^^^^^
  File "C:\Users\edmun\Projects\Repositories\healthpartners-interview\.venv\Lib\site-packages\pydantic\main.py", line 193, in __init__
    self.__pydantic_validator__.validate_python(data, self_instance=self)
pydantic_core._pydantic_core.ValidationError: 16 validation errors for Dataset
accessLevel
  Field required [type=missing, input_value={}, input_type=dict]
    For further information visit https://errors.pydantic.dev/2.8/v/missing
landingPage
  Field required [type=missing, input_value={}, input_type=dict]
    For further information visit https://errors.pydantic.dev/2.8/v/missing
bureauCode
  Field required [type=missing, input_value={}, input_type=dict]
    For further information visit https://errors.pydantic.dev/2.8/v/missing
issued
  Field required [type=missing, input_value={}, input_type=dict]
    For further information visit https://errors.pydantic.dev/2.8/v/missing
@type
  Field required [type=missing, input_value={}, input_type=dict]
    For further information visit https://errors.pydantic.dev/2.8/v/missing
modified
  Field required [type=missing, input_value={}, input_type=dict]
    For further information visit https://errors.pydantic.dev/2.8/v/missing
released
  Field required [type=missing, input_value={}, input_type=dict]
    For further information visit https://errors.pydantic.dev/2.8/v/missing
keyword
  Field required [type=missing, input_value={}, input_type=dict]
    For further information visit https://errors.pydantic.dev/2.8/v/missing
contactPoint
  Field required [type=missing, input_value={}, input_type=dict]
    For further information visit https://errors.pydantic.dev/2.8/v/missing
publisher
  Field required [type=missing, input_value={}, input_type=dict]
    For further information visit https://errors.pydantic.dev/2.8/v/missing
identifier
  Field required [type=missing, input_value={}, input_type=dict]
    For further information visit https://errors.pydantic.dev/2.8/v/missing
description
  Field required [type=missing, input_value={}, input_type=dict]
    For further information visit https://errors.pydantic.dev/2.8/v/missing
title
  Field required [type=missing, input_value={}, input_type=dict]
    For further information visit https://errors.pydantic.dev/2.8/v/missing
programCode
  Field required [type=missing, input_value={}, input_type=dict]
    For further information visit https://errors.pydantic.dev/2.8/v/missing
distribution
  Field required [type=missing, input_value={}, input_type=dict]
    For further information visit https://errors.pydantic.dev/2.8/v/missing
theme
  Field required [type=missing, input_value={}, input_type=dict]
    For further information visit https://errors.pydantic.dev/2.8/v/missing
2024-08-23 12:40:38 - ERROR - Validation error for dataset: Unknown title
Traceback (most recent call last):
  File "C:\Users\edmun\Projects\Repositories\healthpartners-interview\src\healthpartners_interview\download.py", line 31, in fetch_datasets
    dataset = Dataset(**current_item)
              ^^^^^^^^^^^^^^^^^^^^^^^
  File "C:\Users\edmun\Projects\Repositories\healthpartners-interview\.venv\Lib\site-packages\pydantic\main.py", line 193, in __init__
    self.__pydantic_validator__.validate_python(data, self_instance=self)
pydantic_core._pydantic_core.ValidationError: 16 validation errors for Dataset
accessLevel
  Field required [type=missing, input_value={'item': 'archiveExclude'}, input_type=dict]
    For further information visit https://errors.pydantic.dev/2.8/v/missing
landingPage
  Field required [type=missing, input_value={'item': 'archiveExclude'}, input_type=dict]
    For further information visit https://errors.pydantic.dev/2.8/v/missing
bureauCode
  Field required [type=missing, input_value={'item': 'archiveExclude'}, input_type=dict]
    For further information visit https://errors.pydantic.dev/2.8/v/missing
issued
  Field required [type=missing, input_value={'item': 'archiveExclude'}, input_type=dict]
    For further information visit https://errors.pydantic.dev/2.8/v/missing
@type
  Field required [type=missing, input_value={'item': 'archiveExclude'}, input_type=dict]
    For further information visit https://errors.pydantic.dev/2.8/v/missing
modified
  Field required [type=missing, input_value={'item': 'archiveExclude'}, input_type=dict]
    For further information visit https://errors.pydantic.dev/2.8/v/missing
released
  Field required [type=missing, input_value={'item': 'archiveExclude'}, input_type=dict]
    For further information visit https://errors.pydantic.dev/2.8/v/missing
keyword
  Field required [type=missing, input_value={'item': 'archiveExclude'}, input_type=dict]
    For further information visit https://errors.pydantic.dev/2.8/v/missing
contactPoint
  Field required [type=missing, input_value={'item': 'archiveExclude'}, input_type=dict]
    For further information visit https://errors.pydantic.dev/2.8/v/missing
publisher
  Field required [type=missing, input_value={'item': 'archiveExclude'}, input_type=dict]
    For further information visit https://errors.pydantic.dev/2.8/v/missing
identifier
  Field required [type=missing, input_value={'item': 'archiveExclude'}, input_type=dict]
    For further information visit https://errors.pydantic.dev/2.8/v/missing
description
  Field required [type=missing, input_value={'item': 'archiveExclude'}, input_type=dict]
    For further information visit https://errors.pydantic.dev/2.8/v/missing
title
  Field required [type=missing, input_value={'item': 'archiveExclude'}, input_type=dict]
    For further information visit https://errors.pydantic.dev/2.8/v/missing
programCode
  Field required [type=missing, input_value={'item': 'archiveExclude'}, input_type=dict]
    For further information visit https://errors.pydantic.dev/2.8/v/missing
distribution
  Field required [type=missing, input_value={'item': 'archiveExclude'}, input_type=dict]
    For further information visit https://errors.pydantic.dev/2.8/v/missing
theme
  Field required [type=missing, input_value={'item': 'archiveExclude'}, input_type=dict]
    For further information visit https://errors.pydantic.dev/2.8/v/missing
2024-08-23 12:40:38 - ERROR - Validation error for dataset: Unknown title
Traceback (most recent call last):
  File "C:\Users\edmun\Projects\Repositories\healthpartners-interview\src\healthpartners_interview\download.py", line 31, in fetch_datasets
    dataset = Dataset(**current_item)
              ^^^^^^^^^^^^^^^^^^^^^^^
  File "C:\Users\edmun\Projects\Repositories\healthpartners-interview\.venv\Lib\site-packages\pydantic\main.py", line 193, in __init__
    self.__pydantic_validator__.validate_python(data, self_instance=self)
pydantic_core._pydantic_core.ValidationError: 16 validation errors for Dataset
accessLevel
  Field required [type=missing, input_value={}, input_type=dict]
    For further information visit https://errors.pydantic.dev/2.8/v/missing
landingPage
  Field required [type=missing, input_value={}, input_type=dict]
    For further information visit https://errors.pydantic.dev/2.8/v/missing
bureauCode
  Field required [type=missing, input_value={}, input_type=dict]
    For further information visit https://errors.pydantic.dev/2.8/v/missing
issued
  Field required [type=missing, input_value={}, input_type=dict]
    For further information visit https://errors.pydantic.dev/2.8/v/missing
@type
  Field required [type=missing, input_value={}, input_type=dict]
    For further information visit https://errors.pydantic.dev/2.8/v/missing
modified
  Field required [type=missing, input_value={}, input_type=dict]
    For further information visit https://errors.pydantic.dev/2.8/v/missing
released
  Field required [type=missing, input_value={}, input_type=dict]
    For further information visit https://errors.pydantic.dev/2.8/v/missing
keyword
  Field required [type=missing, input_value={}, input_type=dict]
    For further information visit https://errors.pydantic.dev/2.8/v/missing
contactPoint
  Field required [type=missing, input_value={}, input_type=dict]
    For further information visit https://errors.pydantic.dev/2.8/v/missing
publisher
  Field required [type=missing, input_value={}, input_type=dict]
    For further information visit https://errors.pydantic.dev/2.8/v/missing
identifier
  Field required [type=missing, input_value={}, input_type=dict]
    For further information visit https://errors.pydantic.dev/2.8/v/missing
description
  Field required [type=missing, input_value={}, input_type=dict]
    For further information visit https://errors.pydantic.dev/2.8/v/missing
title
  Field required [type=missing, input_value={}, input_type=dict]
    For further information visit https://errors.pydantic.dev/2.8/v/missing
programCode
  Field required [type=missing, input_value={}, input_type=dict]
    For further information visit https://errors.pydantic.dev/2.8/v/missing
distribution
  Field required [type=missing, input_value={}, input_type=dict]
    For further information visit https://errors.pydantic.dev/2.8/v/missing
theme
  Field required [type=missing, input_value={}, input_type=dict]
    For further information visit https://errors.pydantic.dev/2.8/v/missing
2024-08-23 12:40:38 - ERROR - Validation error for dataset: Unknown title
Traceback (most recent call last):
  File "C:\Users\edmun\Projects\Repositories\healthpartners-interview\src\healthpartners_interview\download.py", line 31, in fetch_datasets
    dataset = Dataset(**current_item)
              ^^^^^^^^^^^^^^^^^^^^^^^
  File "C:\Users\edmun\Projects\Repositories\healthpartners-interview\.venv\Lib\site-packages\pydantic\main.py", line 193, in __init__
    self.__pydantic_validator__.validate_python(data, self_instance=self)
pydantic_core._pydantic_core.ValidationError: 16 validation errors for Dataset
accessLevel
  Field required [type=missing, input_value={}, input_type=dict]
    For further information visit https://errors.pydantic.dev/2.8/v/missing
landingPage
  Field required [type=missing, input_value={}, input_type=dict]
    For further information visit https://errors.pydantic.dev/2.8/v/missing
bureauCode
  Field required [type=missing, input_value={}, input_type=dict]
    For further information visit https://errors.pydantic.dev/2.8/v/missing
issued
  Field required [type=missing, input_value={}, input_type=dict]
    For further information visit https://errors.pydantic.dev/2.8/v/missing
@type
  Field required [type=missing, input_value={}, input_type=dict]
    For further information visit https://errors.pydantic.dev/2.8/v/missing
modified
  Field required [type=missing, input_value={}, input_type=dict]
    For further information visit https://errors.pydantic.dev/2.8/v/missing
released
  Field required [type=missing, input_value={}, input_type=dict]
    For further information visit https://errors.pydantic.dev/2.8/v/missing
keyword
  Field required [type=missing, input_value={}, input_type=dict]
    For further information visit https://errors.pydantic.dev/2.8/v/missing
contactPoint
  Field required [type=missing, input_value={}, input_type=dict]
    For further information visit https://errors.pydantic.dev/2.8/v/missing
publisher
  Field required [type=missing, input_value={}, input_type=dict]
    For further information visit https://errors.pydantic.dev/2.8/v/missing
identifier
  Field required [type=missing, input_value={}, input_type=dict]
    For further information visit https://errors.pydantic.dev/2.8/v/missing
description
  Field required [type=missing, input_value={}, input_type=dict]
    For further information visit https://errors.pydantic.dev/2.8/v/missing
title
  Field required [type=missing, input_value={}, input_type=dict]
    For further information visit https://errors.pydantic.dev/2.8/v/missing
programCode
  Field required [type=missing, input_value={}, input_type=dict]
    For further information visit https://errors.pydantic.dev/2.8/v/missing
distribution
  Field required [type=missing, input_value={}, input_type=dict]
    For further information visit https://errors.pydantic.dev/2.8/v/missing
theme
  Field required [type=missing, input_value={}, input_type=dict]
    For further information visit https://errors.pydantic.dev/2.8/v/missing
2024-08-23 12:40:38 - ERROR - Validation error for dataset: Unknown title
Traceback (most recent call last):
  File "C:\Users\edmun\Projects\Repositories\healthpartners-interview\src\healthpartners_interview\download.py", line 31, in fetch_datasets
    dataset = Dataset(**current_item)
              ^^^^^^^^^^^^^^^^^^^^^^^
  File "C:\Users\edmun\Projects\Repositories\healthpartners-interview\.venv\Lib\site-packages\pydantic\main.py", line 193, in __init__
    self.__pydantic_validator__.validate_python(data, self_instance=self)
pydantic_core._pydantic_core.ValidationError: 16 validation errors for Dataset
accessLevel
  Field required [type=missing, input_value={}, input_type=dict]
    For further information visit https://errors.pydantic.dev/2.8/v/missing
landingPage
  Field required [type=missing, input_value={}, input_type=dict]
    For further information visit https://errors.pydantic.dev/2.8/v/missing
bureauCode
  Field required [type=missing, input_value={}, input_type=dict]
    For further information visit https://errors.pydantic.dev/2.8/v/missing
issued
  Field required [type=missing, input_value={}, input_type=dict]
    For further information visit https://errors.pydantic.dev/2.8/v/missing
@type
  Field required [type=missing, input_value={}, input_type=dict]
    For further information visit https://errors.pydantic.dev/2.8/v/missing
modified
  Field required [type=missing, input_value={}, input_type=dict]
    For further information visit https://errors.pydantic.dev/2.8/v/missing
released
  Field required [type=missing, input_value={}, input_type=dict]
    For further information visit https://errors.pydantic.dev/2.8/v/missing
keyword
  Field required [type=missing, input_value={}, input_type=dict]
    For further information visit https://errors.pydantic.dev/2.8/v/missing
contactPoint
  Field required [type=missing, input_value={}, input_type=dict]
    For further information visit https://errors.pydantic.dev/2.8/v/missing
publisher
  Field required [type=missing, input_value={}, input_type=dict]
    For further information visit https://errors.pydantic.dev/2.8/v/missing
identifier
  Field required [type=missing, input_value={}, input_type=dict]
    For further information visit https://errors.pydantic.dev/2.8/v/missing
description
  Field required [type=missing, input_value={}, input_type=dict]
    For further information visit https://errors.pydantic.dev/2.8/v/missing
title
  Field required [type=missing, input_value={}, input_type=dict]
    For further information visit https://errors.pydantic.dev/2.8/v/missing
programCode
  Field required [type=missing, input_value={}, input_type=dict]
    For further information visit https://errors.pydantic.dev/2.8/v/missing
distribution
  Field required [type=missing, input_value={}, input_type=dict]
    For further information visit https://errors.pydantic.dev/2.8/v/missing
theme
  Field required [type=missing, input_value={}, input_type=dict]
    For further information visit https://errors.pydantic.dev/2.8/v/missing
2024-08-23 12:40:38 - ERROR - Validation error for dataset: Unknown title
Traceback (most recent call last):
  File "C:\Users\edmun\Projects\Repositories\healthpartners-interview\src\healthpartners_interview\download.py", line 31, in fetch_datasets
    dataset = Dataset(**current_item)
              ^^^^^^^^^^^^^^^^^^^^^^^
  File "C:\Users\edmun\Projects\Repositories\healthpartners-interview\.venv\Lib\site-packages\pydantic\main.py", line 193, in __init__
    self.__pydantic_validator__.validate_python(data, self_instance=self)
pydantic_core._pydantic_core.ValidationError: 16 validation errors for Dataset
accessLevel
  Field required [type=missing, input_value={'item': 'archiveExclude'}, input_type=dict]
    For further information visit https://errors.pydantic.dev/2.8/v/missing
landingPage
  Field required [type=missing, input_value={'item': 'archiveExclude'}, input_type=dict]
    For further information visit https://errors.pydantic.dev/2.8/v/missing
bureauCode
  Field required [type=missing, input_value={'item': 'archiveExclude'}, input_type=dict]
    For further information visit https://errors.pydantic.dev/2.8/v/missing
issued
  Field required [type=missing, input_value={'item': 'archiveExclude'}, input_type=dict]
    For further information visit https://errors.pydantic.dev/2.8/v/missing
@type
  Field required [type=missing, input_value={'item': 'archiveExclude'}, input_type=dict]
    For further information visit https://errors.pydantic.dev/2.8/v/missing
modified
  Field required [type=missing, input_value={'item': 'archiveExclude'}, input_type=dict]
    For further information visit https://errors.pydantic.dev/2.8/v/missing
released
  Field required [type=missing, input_value={'item': 'archiveExclude'}, input_type=dict]
    For further information visit https://errors.pydantic.dev/2.8/v/missing
keyword
  Field required [type=missing, input_value={'item': 'archiveExclude'}, input_type=dict]
    For further information visit https://errors.pydantic.dev/2.8/v/missing
contactPoint
  Field required [type=missing, input_value={'item': 'archiveExclude'}, input_type=dict]
    For further information visit https://errors.pydantic.dev/2.8/v/missing
publisher
  Field required [type=missing, input_value={'item': 'archiveExclude'}, input_type=dict]
    For further information visit https://errors.pydantic.dev/2.8/v/missing
identifier
  Field required [type=missing, input_value={'item': 'archiveExclude'}, input_type=dict]
    For further information visit https://errors.pydantic.dev/2.8/v/missing
description
  Field required [type=missing, input_value={'item': 'archiveExclude'}, input_type=dict]
    For further information visit https://errors.pydantic.dev/2.8/v/missing
title
  Field required [type=missing, input_value={'item': 'archiveExclude'}, input_type=dict]
    For further information visit https://errors.pydantic.dev/2.8/v/missing
programCode
  Field required [type=missing, input_value={'item': 'archiveExclude'}, input_type=dict]
    For further information visit https://errors.pydantic.dev/2.8/v/missing
distribution
  Field required [type=missing, input_value={'item': 'archiveExclude'}, input_type=dict]
    For further information visit https://errors.pydantic.dev/2.8/v/missing
theme
  Field required [type=missing, input_value={'item': 'archiveExclude'}, input_type=dict]
    For further information visit https://errors.pydantic.dev/2.8/v/missing
2024-08-23 12:40:38 - ERROR - Validation error for dataset: Unknown title
Traceback (most recent call last):
  File "C:\Users\edmun\Projects\Repositories\healthpartners-interview\src\healthpartners_interview\download.py", line 31, in fetch_datasets
    dataset = Dataset(**current_item)
              ^^^^^^^^^^^^^^^^^^^^^^^
  File "C:\Users\edmun\Projects\Repositories\healthpartners-interview\.venv\Lib\site-packages\pydantic\main.py", line 193, in __init__
    self.__pydantic_validator__.validate_python(data, self_instance=self)
pydantic_core._pydantic_core.ValidationError: 16 validation errors for Dataset
accessLevel
  Field required [type=missing, input_value={}, input_type=dict]
    For further information visit https://errors.pydantic.dev/2.8/v/missing
landingPage
  Field required [type=missing, input_value={}, input_type=dict]
    For further information visit https://errors.pydantic.dev/2.8/v/missing
bureauCode
  Field required [type=missing, input_value={}, input_type=dict]
    For further information visit https://errors.pydantic.dev/2.8/v/missing
issued
  Field required [type=missing, input_value={}, input_type=dict]
    For further information visit https://errors.pydantic.dev/2.8/v/missing
@type
  Field required [type=missing, input_value={}, input_type=dict]
    For further information visit https://errors.pydantic.dev/2.8/v/missing
modified
  Field required [type=missing, input_value={}, input_type=dict]
    For further information visit https://errors.pydantic.dev/2.8/v/missing
released
  Field required [type=missing, input_value={}, input_type=dict]
    For further information visit https://errors.pydantic.dev/2.8/v/missing
keyword
  Field required [type=missing, input_value={}, input_type=dict]
    For further information visit https://errors.pydantic.dev/2.8/v/missing
contactPoint
  Field required [type=missing, input_value={}, input_type=dict]
    For further information visit https://errors.pydantic.dev/2.8/v/missing
publisher
  Field required [type=missing, input_value={}, input_type=dict]
    For further information visit https://errors.pydantic.dev/2.8/v/missing
identifier
  Field required [type=missing, input_value={}, input_type=dict]
    For further information visit https://errors.pydantic.dev/2.8/v/missing
description
  Field required [type=missing, input_value={}, input_type=dict]
    For further information visit https://errors.pydantic.dev/2.8/v/missing
title
  Field required [type=missing, input_value={}, input_type=dict]
    For further information visit https://errors.pydantic.dev/2.8/v/missing
programCode
  Field required [type=missing, input_value={}, input_type=dict]
    For further information visit https://errors.pydantic.dev/2.8/v/missing
distribution
  Field required [type=missing, input_value={}, input_type=dict]
    For further information visit https://errors.pydantic.dev/2.8/v/missing
theme
  Field required [type=missing, input_value={}, input_type=dict]
    For further information visit https://errors.pydantic.dev/2.8/v/missing
2024-08-23 12:40:38 - ERROR - Validation error for dataset: Unknown title
Traceback (most recent call last):
  File "C:\Users\edmun\Projects\Repositories\healthpartners-interview\src\healthpartners_interview\download.py", line 31, in fetch_datasets
    dataset = Dataset(**current_item)
              ^^^^^^^^^^^^^^^^^^^^^^^
  File "C:\Users\edmun\Projects\Repositories\healthpartners-interview\.venv\Lib\site-packages\pydantic\main.py", line 193, in __init__
    self.__pydantic_validator__.validate_python(data, self_instance=self)
pydantic_core._pydantic_core.ValidationError: 16 validation errors for Dataset
accessLevel
  Field required [type=missing, input_value={}, input_type=dict]
    For further information visit https://errors.pydantic.dev/2.8/v/missing
landingPage
  Field required [type=missing, input_value={}, input_type=dict]
    For further information visit https://errors.pydantic.dev/2.8/v/missing
bureauCode
  Field required [type=missing, input_value={}, input_type=dict]
    For further information visit https://errors.pydantic.dev/2.8/v/missing
issued
  Field required [type=missing, input_value={}, input_type=dict]
    For further information visit https://errors.pydantic.dev/2.8/v/missing
@type
  Field required [type=missing, input_value={}, input_type=dict]
    For further information visit https://errors.pydantic.dev/2.8/v/missing
modified
  Field required [type=missing, input_value={}, input_type=dict]
    For further information visit https://errors.pydantic.dev/2.8/v/missing
released
  Field required [type=missing, input_value={}, input_type=dict]
    For further information visit https://errors.pydantic.dev/2.8/v/missing
keyword
  Field required [type=missing, input_value={}, input_type=dict]
    For further information visit https://errors.pydantic.dev/2.8/v/missing
contactPoint
  Field required [type=missing, input_value={}, input_type=dict]
    For further information visit https://errors.pydantic.dev/2.8/v/missing
publisher
  Field required [type=missing, input_value={}, input_type=dict]
    For further information visit https://errors.pydantic.dev/2.8/v/missing
identifier
  Field required [type=missing, input_value={}, input_type=dict]
    For further information visit https://errors.pydantic.dev/2.8/v/missing
description
  Field required [type=missing, input_value={}, input_type=dict]
    For further information visit https://errors.pydantic.dev/2.8/v/missing
title
  Field required [type=missing, input_value={}, input_type=dict]
    For further information visit https://errors.pydantic.dev/2.8/v/missing
programCode
  Field required [type=missing, input_value={}, input_type=dict]
    For further information visit https://errors.pydantic.dev/2.8/v/missing
distribution
  Field required [type=missing, input_value={}, input_type=dict]
    For further information visit https://errors.pydantic.dev/2.8/v/missing
theme
  Field required [type=missing, input_value={}, input_type=dict]
    For further information visit https://errors.pydantic.dev/2.8/v/missing
2024-08-23 12:40:38 - ERROR - Validation error for dataset: Unknown title
Traceback (most recent call last):
  File "C:\Users\edmun\Projects\Repositories\healthpartners-interview\src\healthpartners_interview\download.py", line 31, in fetch_datasets
    dataset = Dataset(**current_item)
              ^^^^^^^^^^^^^^^^^^^^^^^
  File "C:\Users\edmun\Projects\Repositories\healthpartners-interview\.venv\Lib\site-packages\pydantic\main.py", line 193, in __init__
    self.__pydantic_validator__.validate_python(data, self_instance=self)
pydantic_core._pydantic_core.ValidationError: 16 validation errors for Dataset
accessLevel
  Field required [type=missing, input_value={}, input_type=dict]
    For further information visit https://errors.pydantic.dev/2.8/v/missing
landingPage
  Field required [type=missing, input_value={}, input_type=dict]
    For further information visit https://errors.pydantic.dev/2.8/v/missing
bureauCode
  Field required [type=missing, input_value={}, input_type=dict]
    For further information visit https://errors.pydantic.dev/2.8/v/missing
issued
  Field required [type=missing, input_value={}, input_type=dict]
    For further information visit https://errors.pydantic.dev/2.8/v/missing
@type
  Field required [type=missing, input_value={}, input_type=dict]
    For further information visit https://errors.pydantic.dev/2.8/v/missing
modified
  Field required [type=missing, input_value={}, input_type=dict]
    For further information visit https://errors.pydantic.dev/2.8/v/missing
released
  Field required [type=missing, input_value={}, input_type=dict]
    For further information visit https://errors.pydantic.dev/2.8/v/missing
keyword
  Field required [type=missing, input_value={}, input_type=dict]
    For further information visit https://errors.pydantic.dev/2.8/v/missing
contactPoint
  Field required [type=missing, input_value={}, input_type=dict]
    For further information visit https://errors.pydantic.dev/2.8/v/missing
publisher
  Field required [type=missing, input_value={}, input_type=dict]
    For further information visit https://errors.pydantic.dev/2.8/v/missing
identifier
  Field required [type=missing, input_value={}, input_type=dict]
    For further information visit https://errors.pydantic.dev/2.8/v/missing
description
  Field required [type=missing, input_value={}, input_type=dict]
    For further information visit https://errors.pydantic.dev/2.8/v/missing
title
  Field required [type=missing, input_value={}, input_type=dict]
    For further information visit https://errors.pydantic.dev/2.8/v/missing
programCode
  Field required [type=missing, input_value={}, input_type=dict]
    For further information visit https://errors.pydantic.dev/2.8/v/missing
distribution
  Field required [type=missing, input_value={}, input_type=dict]
    For further information visit https://errors.pydantic.dev/2.8/v/missing
theme
  Field required [type=missing, input_value={}, input_type=dict]
    For further information visit https://errors.pydantic.dev/2.8/v/missing
2024-08-23 12:40:38 - ERROR - Validation error for dataset: Unknown title
Traceback (most recent call last):
  File "C:\Users\edmun\Projects\Repositories\healthpartners-interview\src\healthpartners_interview\download.py", line 31, in fetch_datasets
    dataset = Dataset(**current_item)
              ^^^^^^^^^^^^^^^^^^^^^^^
  File "C:\Users\edmun\Projects\Repositories\healthpartners-interview\.venv\Lib\site-packages\pydantic\main.py", line 193, in __init__
    self.__pydantic_validator__.validate_python(data, self_instance=self)
pydantic_core._pydantic_core.ValidationError: 16 validation errors for Dataset
accessLevel
  Field required [type=missing, input_value={'item': 'theme'}, input_type=dict]
    For further information visit https://errors.pydantic.dev/2.8/v/missing
landingPage
  Field required [type=missing, input_value={'item': 'theme'}, input_type=dict]
    For further information visit https://errors.pydantic.dev/2.8/v/missing
bureauCode
  Field required [type=missing, input_value={'item': 'theme'}, input_type=dict]
    For further information visit https://errors.pydantic.dev/2.8/v/missing
issued
  Field required [type=missing, input_value={'item': 'theme'}, input_type=dict]
    For further information visit https://errors.pydantic.dev/2.8/v/missing
@type
  Field required [type=missing, input_value={'item': 'theme'}, input_type=dict]
    For further information visit https://errors.pydantic.dev/2.8/v/missing
modified
  Field required [type=missing, input_value={'item': 'theme'}, input_type=dict]
    For further information visit https://errors.pydantic.dev/2.8/v/missing
released
  Field required [type=missing, input_value={'item': 'theme'}, input_type=dict]
    For further information visit https://errors.pydantic.dev/2.8/v/missing
keyword
  Field required [type=missing, input_value={'item': 'theme'}, input_type=dict]
    For further information visit https://errors.pydantic.dev/2.8/v/missing
contactPoint
  Field required [type=missing, input_value={'item': 'theme'}, input_type=dict]
    For further information visit https://errors.pydantic.dev/2.8/v/missing
publisher
  Field required [type=missing, input_value={'item': 'theme'}, input_type=dict]
    For further information visit https://errors.pydantic.dev/2.8/v/missing
identifier
  Field required [type=missing, input_value={'item': 'theme'}, input_type=dict]
    For further information visit https://errors.pydantic.dev/2.8/v/missing
description
  Field required [type=missing, input_value={'item': 'theme'}, input_type=dict]
    For further information visit https://errors.pydantic.dev/2.8/v/missing
title
  Field required [type=missing, input_value={'item': 'theme'}, input_type=dict]
    For further information visit https://errors.pydantic.dev/2.8/v/missing
programCode
  Field required [type=missing, input_value={'item': 'theme'}, input_type=dict]
    For further information visit https://errors.pydantic.dev/2.8/v/missing
distribution
  Field required [type=missing, input_value={'item': 'theme'}, input_type=dict]
    For further information visit https://errors.pydantic.dev/2.8/v/missing
theme
  Field required [type=missing, input_value={'item': 'theme'}, input_type=dict]
    For further information visit https://errors.pydantic.dev/2.8/v/missing
2024-08-23 12:40:38 - ERROR - Validation error for dataset: Unknown title
Traceback (most recent call last):
  File "C:\Users\edmun\Projects\Repositories\healthpartners-interview\src\healthpartners_interview\download.py", line 31, in fetch_datasets
    dataset = Dataset(**current_item)
              ^^^^^^^^^^^^^^^^^^^^^^^
  File "C:\Users\edmun\Projects\Repositories\healthpartners-interview\.venv\Lib\site-packages\pydantic\main.py", line 193, in __init__
    self.__pydantic_validator__.validate_python(data, self_instance=self)
pydantic_core._pydantic_core.ValidationError: 16 validation errors for Dataset
accessLevel
  Field required [type=missing, input_value={}, input_type=dict]
    For further information visit https://errors.pydantic.dev/2.8/v/missing
landingPage
  Field required [type=missing, input_value={}, input_type=dict]
    For further information visit https://errors.pydantic.dev/2.8/v/missing
bureauCode
  Field required [type=missing, input_value={}, input_type=dict]
    For further information visit https://errors.pydantic.dev/2.8/v/missing
issued
  Field required [type=missing, input_value={}, input_type=dict]
    For further information visit https://errors.pydantic.dev/2.8/v/missing
@type
  Field required [type=missing, input_value={}, input_type=dict]
    For further information visit https://errors.pydantic.dev/2.8/v/missing
modified
  Field required [type=missing, input_value={}, input_type=dict]
    For further information visit https://errors.pydantic.dev/2.8/v/missing
released
  Field required [type=missing, input_value={}, input_type=dict]
    For further information visit https://errors.pydantic.dev/2.8/v/missing
keyword
  Field required [type=missing, input_value={}, input_type=dict]
    For further information visit https://errors.pydantic.dev/2.8/v/missing
contactPoint
  Field required [type=missing, input_value={}, input_type=dict]
    For further information visit https://errors.pydantic.dev/2.8/v/missing
publisher
  Field required [type=missing, input_value={}, input_type=dict]
    For further information visit https://errors.pydantic.dev/2.8/v/missing
identifier
  Field required [type=missing, input_value={}, input_type=dict]
    For further information visit https://errors.pydantic.dev/2.8/v/missing
description
  Field required [type=missing, input_value={}, input_type=dict]
    For further information visit https://errors.pydantic.dev/2.8/v/missing
title
  Field required [type=missing, input_value={}, input_type=dict]
    For further information visit https://errors.pydantic.dev/2.8/v/missing
programCode
  Field required [type=missing, input_value={}, input_type=dict]
    For further information visit https://errors.pydantic.dev/2.8/v/missing
distribution
  Field required [type=missing, input_value={}, input_type=dict]
    For further information visit https://errors.pydantic.dev/2.8/v/missing
theme
  Field required [type=missing, input_value={}, input_type=dict]
    For further information visit https://errors.pydantic.dev/2.8/v/missing
2024-08-23 12:40:38 - ERROR - Validation error for dataset: Unknown title
Traceback (most recent call last):
  File "C:\Users\edmun\Projects\Repositories\healthpartners-interview\src\healthpartners_interview\download.py", line 31, in fetch_datasets
    dataset = Dataset(**current_item)
              ^^^^^^^^^^^^^^^^^^^^^^^
  File "C:\Users\edmun\Projects\Repositories\healthpartners-interview\.venv\Lib\site-packages\pydantic\main.py", line 193, in __init__
    self.__pydantic_validator__.validate_python(data, self_instance=self)
pydantic_core._pydantic_core.ValidationError: 16 validation errors for Dataset
accessLevel
  Field required [type=missing, input_value={}, input_type=dict]
    For further information visit https://errors.pydantic.dev/2.8/v/missing
landingPage
  Field required [type=missing, input_value={}, input_type=dict]
    For further information visit https://errors.pydantic.dev/2.8/v/missing
bureauCode
  Field required [type=missing, input_value={}, input_type=dict]
    For further information visit https://errors.pydantic.dev/2.8/v/missing
issued
  Field required [type=missing, input_value={}, input_type=dict]
    For further information visit https://errors.pydantic.dev/2.8/v/missing
@type
  Field required [type=missing, input_value={}, input_type=dict]
    For further information visit https://errors.pydantic.dev/2.8/v/missing
modified
  Field required [type=missing, input_value={}, input_type=dict]
    For further information visit https://errors.pydantic.dev/2.8/v/missing
released
  Field required [type=missing, input_value={}, input_type=dict]
    For further information visit https://errors.pydantic.dev/2.8/v/missing
keyword
  Field required [type=missing, input_value={}, input_type=dict]
    For further information visit https://errors.pydantic.dev/2.8/v/missing
contactPoint
  Field required [type=missing, input_value={}, input_type=dict]
    For further information visit https://errors.pydantic.dev/2.8/v/missing
publisher
  Field required [type=missing, input_value={}, input_type=dict]
    For further information visit https://errors.pydantic.dev/2.8/v/missing
identifier
  Field required [type=missing, input_value={}, input_type=dict]
    For further information visit https://errors.pydantic.dev/2.8/v/missing
description
  Field required [type=missing, input_value={}, input_type=dict]
    For further information visit https://errors.pydantic.dev/2.8/v/missing
title
  Field required [type=missing, input_value={}, input_type=dict]
    For further information visit https://errors.pydantic.dev/2.8/v/missing
programCode
  Field required [type=missing, input_value={}, input_type=dict]
    For further information visit https://errors.pydantic.dev/2.8/v/missing
distribution
  Field required [type=missing, input_value={}, input_type=dict]
    For further information visit https://errors.pydantic.dev/2.8/v/missing
theme
  Field required [type=missing, input_value={}, input_type=dict]
    For further information visit https://errors.pydantic.dev/2.8/v/missing
2024-08-23 12:40:38 - ERROR - Validation error for dataset: Unknown title
Traceback (most recent call last):
  File "C:\Users\edmun\Projects\Repositories\healthpartners-interview\src\healthpartners_interview\download.py", line 31, in fetch_datasets
    dataset = Dataset(**current_item)
              ^^^^^^^^^^^^^^^^^^^^^^^
  File "C:\Users\edmun\Projects\Repositories\healthpartners-interview\.venv\Lib\site-packages\pydantic\main.py", line 193, in __init__
    self.__pydantic_validator__.validate_python(data, self_instance=self)
pydantic_core._pydantic_core.ValidationError: 16 validation errors for Dataset
accessLevel
  Field required [type=missing, input_value={}, input_type=dict]
    For further information visit https://errors.pydantic.dev/2.8/v/missing
landingPage
  Field required [type=missing, input_value={}, input_type=dict]
    For further information visit https://errors.pydantic.dev/2.8/v/missing
bureauCode
  Field required [type=missing, input_value={}, input_type=dict]
    For further information visit https://errors.pydantic.dev/2.8/v/missing
issued
  Field required [type=missing, input_value={}, input_type=dict]
    For further information visit https://errors.pydantic.dev/2.8/v/missing
@type
  Field required [type=missing, input_value={}, input_type=dict]
    For further information visit https://errors.pydantic.dev/2.8/v/missing
modified
  Field required [type=missing, input_value={}, input_type=dict]
    For further information visit https://errors.pydantic.dev/2.8/v/missing
released
  Field required [type=missing, input_value={}, input_type=dict]
    For further information visit https://errors.pydantic.dev/2.8/v/missing
keyword
  Field required [type=missing, input_value={}, input_type=dict]
    For further information visit https://errors.pydantic.dev/2.8/v/missing
contactPoint
  Field required [type=missing, input_value={}, input_type=dict]
    For further information visit https://errors.pydantic.dev/2.8/v/missing
publisher
  Field required [type=missing, input_value={}, input_type=dict]
    For further information visit https://errors.pydantic.dev/2.8/v/missing
identifier
  Field required [type=missing, input_value={}, input_type=dict]
    For further information visit https://errors.pydantic.dev/2.8/v/missing
description
  Field required [type=missing, input_value={}, input_type=dict]
    For further information visit https://errors.pydantic.dev/2.8/v/missing
title
  Field required [type=missing, input_value={}, input_type=dict]
    For further information visit https://errors.pydantic.dev/2.8/v/missing
programCode
  Field required [type=missing, input_value={}, input_type=dict]
    For further information visit https://errors.pydantic.dev/2.8/v/missing
distribution
  Field required [type=missing, input_value={}, input_type=dict]
    For further information visit https://errors.pydantic.dev/2.8/v/missing
theme
  Field required [type=missing, input_value={}, input_type=dict]
    For further information visit https://errors.pydantic.dev/2.8/v/missing
2024-08-23 12:40:38 - ERROR - Validation error for dataset: Unknown title
Traceback (most recent call last):
  File "C:\Users\edmun\Projects\Repositories\healthpartners-interview\src\healthpartners_interview\download.py", line 31, in fetch_datasets
    dataset = Dataset(**current_item)
              ^^^^^^^^^^^^^^^^^^^^^^^
  File "C:\Users\edmun\Projects\Repositories\healthpartners-interview\.venv\Lib\site-packages\pydantic\main.py", line 193, in __init__
    self.__pydantic_validator__.validate_python(data, self_instance=self)
pydantic_core._pydantic_core.ValidationError: 16 validation errors for Dataset
accessLevel
  Field required [type=missing, input_value={'item': 'theme'}, input_type=dict]
    For further information visit https://errors.pydantic.dev/2.8/v/missing
landingPage
  Field required [type=missing, input_value={'item': 'theme'}, input_type=dict]
    For further information visit https://errors.pydantic.dev/2.8/v/missing
bureauCode
  Field required [type=missing, input_value={'item': 'theme'}, input_type=dict]
    For further information visit https://errors.pydantic.dev/2.8/v/missing
issued
  Field required [type=missing, input_value={'item': 'theme'}, input_type=dict]
    For further information visit https://errors.pydantic.dev/2.8/v/missing
@type
  Field required [type=missing, input_value={'item': 'theme'}, input_type=dict]
    For further information visit https://errors.pydantic.dev/2.8/v/missing
modified
  Field required [type=missing, input_value={'item': 'theme'}, input_type=dict]
    For further information visit https://errors.pydantic.dev/2.8/v/missing
released
  Field required [type=missing, input_value={'item': 'theme'}, input_type=dict]
    For further information visit https://errors.pydantic.dev/2.8/v/missing
keyword
  Field required [type=missing, input_value={'item': 'theme'}, input_type=dict]
    For further information visit https://errors.pydantic.dev/2.8/v/missing
contactPoint
  Field required [type=missing, input_value={'item': 'theme'}, input_type=dict]
    For further information visit https://errors.pydantic.dev/2.8/v/missing
publisher
  Field required [type=missing, input_value={'item': 'theme'}, input_type=dict]
    For further information visit https://errors.pydantic.dev/2.8/v/missing
identifier
  Field required [type=missing, input_value={'item': 'theme'}, input_type=dict]
    For further information visit https://errors.pydantic.dev/2.8/v/missing
description
  Field required [type=missing, input_value={'item': 'theme'}, input_type=dict]
    For further information visit https://errors.pydantic.dev/2.8/v/missing
title
  Field required [type=missing, input_value={'item': 'theme'}, input_type=dict]
    For further information visit https://errors.pydantic.dev/2.8/v/missing
programCode
  Field required [type=missing, input_value={'item': 'theme'}, input_type=dict]
    For further information visit https://errors.pydantic.dev/2.8/v/missing
distribution
  Field required [type=missing, input_value={'item': 'theme'}, input_type=dict]
    For further information visit https://errors.pydantic.dev/2.8/v/missing
theme
  Field required [type=missing, input_value={'item': 'theme'}, input_type=dict]
    For further information visit https://errors.pydantic.dev/2.8/v/missing
2024-08-23 12:40:38 - ERROR - Validation error for dataset: Unknown title
Traceback (most recent call last):
  File "C:\Users\edmun\Projects\Repositories\healthpartners-interview\src\healthpartners_interview\download.py", line 31, in fetch_datasets
    dataset = Dataset(**current_item)
              ^^^^^^^^^^^^^^^^^^^^^^^
  File "C:\Users\edmun\Projects\Repositories\healthpartners-interview\.venv\Lib\site-packages\pydantic\main.py", line 193, in __init__
    self.__pydantic_validator__.validate_python(data, self_instance=self)
pydantic_core._pydantic_core.ValidationError: 16 validation errors for Dataset
accessLevel
  Field required [type=missing, input_value={}, input_type=dict]
    For further information visit https://errors.pydantic.dev/2.8/v/missing
landingPage
  Field required [type=missing, input_value={}, input_type=dict]
    For further information visit https://errors.pydantic.dev/2.8/v/missing
bureauCode
  Field required [type=missing, input_value={}, input_type=dict]
    For further information visit https://errors.pydantic.dev/2.8/v/missing
issued
  Field required [type=missing, input_value={}, input_type=dict]
    For further information visit https://errors.pydantic.dev/2.8/v/missing
@type
  Field required [type=missing, input_value={}, input_type=dict]
    For further information visit https://errors.pydantic.dev/2.8/v/missing
modified
  Field required [type=missing, input_value={}, input_type=dict]
    For further information visit https://errors.pydantic.dev/2.8/v/missing
released
  Field required [type=missing, input_value={}, input_type=dict]
    For further information visit https://errors.pydantic.dev/2.8/v/missing
keyword
  Field required [type=missing, input_value={}, input_type=dict]
    For further information visit https://errors.pydantic.dev/2.8/v/missing
contactPoint
  Field required [type=missing, input_value={}, input_type=dict]
    For further information visit https://errors.pydantic.dev/2.8/v/missing
publisher
  Field required [type=missing, input_value={}, input_type=dict]
    For further information visit https://errors.pydantic.dev/2.8/v/missing
identifier
  Field required [type=missing, input_value={}, input_type=dict]
    For further information visit https://errors.pydantic.dev/2.8/v/missing
description
  Field required [type=missing, input_value={}, input_type=dict]
    For further information visit https://errors.pydantic.dev/2.8/v/missing
title
  Field required [type=missing, input_value={}, input_type=dict]
    For further information visit https://errors.pydantic.dev/2.8/v/missing
programCode
  Field required [type=missing, input_value={}, input_type=dict]
    For further information visit https://errors.pydantic.dev/2.8/v/missing
distribution
  Field required [type=missing, input_value={}, input_type=dict]
    For further information visit https://errors.pydantic.dev/2.8/v/missing
theme
  Field required [type=missing, input_value={}, input_type=dict]
    For further information visit https://errors.pydantic.dev/2.8/v/missing
2024-08-23 12:40:38 - ERROR - Validation error for dataset: Unknown title
Traceback (most recent call last):
  File "C:\Users\edmun\Projects\Repositories\healthpartners-interview\src\healthpartners_interview\download.py", line 31, in fetch_datasets
    dataset = Dataset(**current_item)
              ^^^^^^^^^^^^^^^^^^^^^^^
  File "C:\Users\edmun\Projects\Repositories\healthpartners-interview\.venv\Lib\site-packages\pydantic\main.py", line 193, in __init__
    self.__pydantic_validator__.validate_python(data, self_instance=self)
pydantic_core._pydantic_core.ValidationError: 16 validation errors for Dataset
accessLevel
  Field required [type=missing, input_value={}, input_type=dict]
    For further information visit https://errors.pydantic.dev/2.8/v/missing
landingPage
  Field required [type=missing, input_value={}, input_type=dict]
    For further information visit https://errors.pydantic.dev/2.8/v/missing
bureauCode
  Field required [type=missing, input_value={}, input_type=dict]
    For further information visit https://errors.pydantic.dev/2.8/v/missing
issued
  Field required [type=missing, input_value={}, input_type=dict]
    For further information visit https://errors.pydantic.dev/2.8/v/missing
@type
  Field required [type=missing, input_value={}, input_type=dict]
    For further information visit https://errors.pydantic.dev/2.8/v/missing
modified
  Field required [type=missing, input_value={}, input_type=dict]
    For further information visit https://errors.pydantic.dev/2.8/v/missing
released
  Field required [type=missing, input_value={}, input_type=dict]
    For further information visit https://errors.pydantic.dev/2.8/v/missing
keyword
  Field required [type=missing, input_value={}, input_type=dict]
    For further information visit https://errors.pydantic.dev/2.8/v/missing
contactPoint
  Field required [type=missing, input_value={}, input_type=dict]
    For further information visit https://errors.pydantic.dev/2.8/v/missing
publisher
  Field required [type=missing, input_value={}, input_type=dict]
    For further information visit https://errors.pydantic.dev/2.8/v/missing
identifier
  Field required [type=missing, input_value={}, input_type=dict]
    For further information visit https://errors.pydantic.dev/2.8/v/missing
description
  Field required [type=missing, input_value={}, input_type=dict]
    For further information visit https://errors.pydantic.dev/2.8/v/missing
title
  Field required [type=missing, input_value={}, input_type=dict]
    For further information visit https://errors.pydantic.dev/2.8/v/missing
programCode
  Field required [type=missing, input_value={}, input_type=dict]
    For further information visit https://errors.pydantic.dev/2.8/v/missing
distribution
  Field required [type=missing, input_value={}, input_type=dict]
    For further information visit https://errors.pydantic.dev/2.8/v/missing
theme
  Field required [type=missing, input_value={}, input_type=dict]
    For further information visit https://errors.pydantic.dev/2.8/v/missing
2024-08-23 12:40:38 - ERROR - Validation error for dataset: Unknown title
Traceback (most recent call last):
  File "C:\Users\edmun\Projects\Repositories\healthpartners-interview\src\healthpartners_interview\download.py", line 31, in fetch_datasets
    dataset = Dataset(**current_item)
              ^^^^^^^^^^^^^^^^^^^^^^^
  File "C:\Users\edmun\Projects\Repositories\healthpartners-interview\.venv\Lib\site-packages\pydantic\main.py", line 193, in __init__
    self.__pydantic_validator__.validate_python(data, self_instance=self)
pydantic_core._pydantic_core.ValidationError: 16 validation errors for Dataset
accessLevel
  Field required [type=missing, input_value={}, input_type=dict]
    For further information visit https://errors.pydantic.dev/2.8/v/missing
landingPage
  Field required [type=missing, input_value={}, input_type=dict]
    For further information visit https://errors.pydantic.dev/2.8/v/missing
bureauCode
  Field required [type=missing, input_value={}, input_type=dict]
    For further information visit https://errors.pydantic.dev/2.8/v/missing
issued
  Field required [type=missing, input_value={}, input_type=dict]
    For further information visit https://errors.pydantic.dev/2.8/v/missing
@type
  Field required [type=missing, input_value={}, input_type=dict]
    For further information visit https://errors.pydantic.dev/2.8/v/missing
modified
  Field required [type=missing, input_value={}, input_type=dict]
    For further information visit https://errors.pydantic.dev/2.8/v/missing
released
  Field required [type=missing, input_value={}, input_type=dict]
    For further information visit https://errors.pydantic.dev/2.8/v/missing
keyword
  Field required [type=missing, input_value={}, input_type=dict]
    For further information visit https://errors.pydantic.dev/2.8/v/missing
contactPoint
  Field required [type=missing, input_value={}, input_type=dict]
    For further information visit https://errors.pydantic.dev/2.8/v/missing
publisher
  Field required [type=missing, input_value={}, input_type=dict]
    For further information visit https://errors.pydantic.dev/2.8/v/missing
identifier
  Field required [type=missing, input_value={}, input_type=dict]
    For further information visit https://errors.pydantic.dev/2.8/v/missing
description
  Field required [type=missing, input_value={}, input_type=dict]
    For further information visit https://errors.pydantic.dev/2.8/v/missing
title
  Field required [type=missing, input_value={}, input_type=dict]
    For further information visit https://errors.pydantic.dev/2.8/v/missing
programCode
  Field required [type=missing, input_value={}, input_type=dict]
    For further information visit https://errors.pydantic.dev/2.8/v/missing
distribution
  Field required [type=missing, input_value={}, input_type=dict]
    For further information visit https://errors.pydantic.dev/2.8/v/missing
theme
  Field required [type=missing, input_value={}, input_type=dict]
    For further information visit https://errors.pydantic.dev/2.8/v/missing
2024-08-23 12:40:38 - ERROR - Validation error for dataset: Unknown title
Traceback (most recent call last):
  File "C:\Users\edmun\Projects\Repositories\healthpartners-interview\src\healthpartners_interview\download.py", line 31, in fetch_datasets
    dataset = Dataset(**current_item)
              ^^^^^^^^^^^^^^^^^^^^^^^
  File "C:\Users\edmun\Projects\Repositories\healthpartners-interview\.venv\Lib\site-packages\pydantic\main.py", line 193, in __init__
    self.__pydantic_validator__.validate_python(data, self_instance=self)
pydantic_core._pydantic_core.ValidationError: 16 validation errors for Dataset
accessLevel
  Field required [type=missing, input_value={'item': 'title'}, input_type=dict]
    For further information visit https://errors.pydantic.dev/2.8/v/missing
landingPage
  Field required [type=missing, input_value={'item': 'title'}, input_type=dict]
    For further information visit https://errors.pydantic.dev/2.8/v/missing
bureauCode
  Field required [type=missing, input_value={'item': 'title'}, input_type=dict]
    For further information visit https://errors.pydantic.dev/2.8/v/missing
issued
  Field required [type=missing, input_value={'item': 'title'}, input_type=dict]
    For further information visit https://errors.pydantic.dev/2.8/v/missing
@type
  Field required [type=missing, input_value={'item': 'title'}, input_type=dict]
    For further information visit https://errors.pydantic.dev/2.8/v/missing
modified
  Field required [type=missing, input_value={'item': 'title'}, input_type=dict]
    For further information visit https://errors.pydantic.dev/2.8/v/missing
released
  Field required [type=missing, input_value={'item': 'title'}, input_type=dict]
    For further information visit https://errors.pydantic.dev/2.8/v/missing
keyword
  Field required [type=missing, input_value={'item': 'title'}, input_type=dict]
    For further information visit https://errors.pydantic.dev/2.8/v/missing
contactPoint
  Field required [type=missing, input_value={'item': 'title'}, input_type=dict]
    For further information visit https://errors.pydantic.dev/2.8/v/missing
publisher
  Field required [type=missing, input_value={'item': 'title'}, input_type=dict]
    For further information visit https://errors.pydantic.dev/2.8/v/missing
identifier
  Field required [type=missing, input_value={'item': 'title'}, input_type=dict]
    For further information visit https://errors.pydantic.dev/2.8/v/missing
description
  Field required [type=missing, input_value={'item': 'title'}, input_type=dict]
    For further information visit https://errors.pydantic.dev/2.8/v/missing
title
  Field required [type=missing, input_value={'item': 'title'}, input_type=dict]
    For further information visit https://errors.pydantic.dev/2.8/v/missing
programCode
  Field required [type=missing, input_value={'item': 'title'}, input_type=dict]
    For further information visit https://errors.pydantic.dev/2.8/v/missing
distribution
  Field required [type=missing, input_value={'item': 'title'}, input_type=dict]
    For further information visit https://errors.pydantic.dev/2.8/v/missing
theme
  Field required [type=missing, input_value={'item': 'title'}, input_type=dict]
    For further information visit https://errors.pydantic.dev/2.8/v/missing
2024-08-23 12:40:38 - ERROR - Validation error for dataset: Unknown title
Traceback (most recent call last):
  File "C:\Users\edmun\Projects\Repositories\healthpartners-interview\src\healthpartners_interview\download.py", line 31, in fetch_datasets
    dataset = Dataset(**current_item)
              ^^^^^^^^^^^^^^^^^^^^^^^
  File "C:\Users\edmun\Projects\Repositories\healthpartners-interview\.venv\Lib\site-packages\pydantic\main.py", line 193, in __init__
    self.__pydantic_validator__.validate_python(data, self_instance=self)
pydantic_core._pydantic_core.ValidationError: 16 validation errors for Dataset
accessLevel
  Field required [type=missing, input_value={}, input_type=dict]
    For further information visit https://errors.pydantic.dev/2.8/v/missing
landingPage
  Field required [type=missing, input_value={}, input_type=dict]
    For further information visit https://errors.pydantic.dev/2.8/v/missing
bureauCode
  Field required [type=missing, input_value={}, input_type=dict]
    For further information visit https://errors.pydantic.dev/2.8/v/missing
issued
  Field required [type=missing, input_value={}, input_type=dict]
    For further information visit https://errors.pydantic.dev/2.8/v/missing
@type
  Field required [type=missing, input_value={}, input_type=dict]
    For further information visit https://errors.pydantic.dev/2.8/v/missing
modified
  Field required [type=missing, input_value={}, input_type=dict]
    For further information visit https://errors.pydantic.dev/2.8/v/missing
released
  Field required [type=missing, input_value={}, input_type=dict]
    For further information visit https://errors.pydantic.dev/2.8/v/missing
keyword
  Field required [type=missing, input_value={}, input_type=dict]
    For further information visit https://errors.pydantic.dev/2.8/v/missing
contactPoint
  Field required [type=missing, input_value={}, input_type=dict]
    For further information visit https://errors.pydantic.dev/2.8/v/missing
publisher
  Field required [type=missing, input_value={}, input_type=dict]
    For further information visit https://errors.pydantic.dev/2.8/v/missing
identifier
  Field required [type=missing, input_value={}, input_type=dict]
    For further information visit https://errors.pydantic.dev/2.8/v/missing
description
  Field required [type=missing, input_value={}, input_type=dict]
    For further information visit https://errors.pydantic.dev/2.8/v/missing
title
  Field required [type=missing, input_value={}, input_type=dict]
    For further information visit https://errors.pydantic.dev/2.8/v/missing
programCode
  Field required [type=missing, input_value={}, input_type=dict]
    For further information visit https://errors.pydantic.dev/2.8/v/missing
distribution
  Field required [type=missing, input_value={}, input_type=dict]
    For further information visit https://errors.pydantic.dev/2.8/v/missing
theme
  Field required [type=missing, input_value={}, input_type=dict]
    For further information visit https://errors.pydantic.dev/2.8/v/missing
2024-08-23 12:40:38 - ERROR - Validation error for dataset: Unknown title
Traceback (most recent call last):
  File "C:\Users\edmun\Projects\Repositories\healthpartners-interview\src\healthpartners_interview\download.py", line 31, in fetch_datasets
    dataset = Dataset(**current_item)
              ^^^^^^^^^^^^^^^^^^^^^^^
  File "C:\Users\edmun\Projects\Repositories\healthpartners-interview\.venv\Lib\site-packages\pydantic\main.py", line 193, in __init__
    self.__pydantic_validator__.validate_python(data, self_instance=self)
pydantic_core._pydantic_core.ValidationError: 16 validation errors for Dataset
accessLevel
  Field required [type=missing, input_value={}, input_type=dict]
    For further information visit https://errors.pydantic.dev/2.8/v/missing
landingPage
  Field required [type=missing, input_value={}, input_type=dict]
    For further information visit https://errors.pydantic.dev/2.8/v/missing
bureauCode
  Field required [type=missing, input_value={}, input_type=dict]
    For further information visit https://errors.pydantic.dev/2.8/v/missing
issued
  Field required [type=missing, input_value={}, input_type=dict]
    For further information visit https://errors.pydantic.dev/2.8/v/missing
@type
  Field required [type=missing, input_value={}, input_type=dict]
    For further information visit https://errors.pydantic.dev/2.8/v/missing
modified
  Field required [type=missing, input_value={}, input_type=dict]
    For further information visit https://errors.pydantic.dev/2.8/v/missing
released
  Field required [type=missing, input_value={}, input_type=dict]
    For further information visit https://errors.pydantic.dev/2.8/v/missing
keyword
  Field required [type=missing, input_value={}, input_type=dict]
    For further information visit https://errors.pydantic.dev/2.8/v/missing
contactPoint
  Field required [type=missing, input_value={}, input_type=dict]
    For further information visit https://errors.pydantic.dev/2.8/v/missing
publisher
  Field required [type=missing, input_value={}, input_type=dict]
    For further information visit https://errors.pydantic.dev/2.8/v/missing
identifier
  Field required [type=missing, input_value={}, input_type=dict]
    For further information visit https://errors.pydantic.dev/2.8/v/missing
description
  Field required [type=missing, input_value={}, input_type=dict]
    For further information visit https://errors.pydantic.dev/2.8/v/missing
title
  Field required [type=missing, input_value={}, input_type=dict]
    For further information visit https://errors.pydantic.dev/2.8/v/missing
programCode
  Field required [type=missing, input_value={}, input_type=dict]
    For further information visit https://errors.pydantic.dev/2.8/v/missing
distribution
  Field required [type=missing, input_value={}, input_type=dict]
    For further information visit https://errors.pydantic.dev/2.8/v/missing
theme
  Field required [type=missing, input_value={}, input_type=dict]
    For further information visit https://errors.pydantic.dev/2.8/v/missing
2024-08-23 12:40:38 - ERROR - Validation error for dataset: Unknown title
Traceback (most recent call last):
  File "C:\Users\edmun\Projects\Repositories\healthpartners-interview\src\healthpartners_interview\download.py", line 31, in fetch_datasets
    dataset = Dataset(**current_item)
              ^^^^^^^^^^^^^^^^^^^^^^^
  File "C:\Users\edmun\Projects\Repositories\healthpartners-interview\.venv\Lib\site-packages\pydantic\main.py", line 193, in __init__
    self.__pydantic_validator__.validate_python(data, self_instance=self)
pydantic_core._pydantic_core.ValidationError: 16 validation errors for Dataset
accessLevel
  Field required [type=missing, input_value={}, input_type=dict]
    For further information visit https://errors.pydantic.dev/2.8/v/missing
landingPage
  Field required [type=missing, input_value={}, input_type=dict]
    For further information visit https://errors.pydantic.dev/2.8/v/missing
bureauCode
  Field required [type=missing, input_value={}, input_type=dict]
    For further information visit https://errors.pydantic.dev/2.8/v/missing
issued
  Field required [type=missing, input_value={}, input_type=dict]
    For further information visit https://errors.pydantic.dev/2.8/v/missing
@type
  Field required [type=missing, input_value={}, input_type=dict]
    For further information visit https://errors.pydantic.dev/2.8/v/missing
modified
  Field required [type=missing, input_value={}, input_type=dict]
    For further information visit https://errors.pydantic.dev/2.8/v/missing
released
  Field required [type=missing, input_value={}, input_type=dict]
    For further information visit https://errors.pydantic.dev/2.8/v/missing
keyword
  Field required [type=missing, input_value={}, input_type=dict]
    For further information visit https://errors.pydantic.dev/2.8/v/missing
contactPoint
  Field required [type=missing, input_value={}, input_type=dict]
    For further information visit https://errors.pydantic.dev/2.8/v/missing
publisher
  Field required [type=missing, input_value={}, input_type=dict]
    For further information visit https://errors.pydantic.dev/2.8/v/missing
identifier
  Field required [type=missing, input_value={}, input_type=dict]
    For further information visit https://errors.pydantic.dev/2.8/v/missing
description
  Field required [type=missing, input_value={}, input_type=dict]
    For further information visit https://errors.pydantic.dev/2.8/v/missing
title
  Field required [type=missing, input_value={}, input_type=dict]
    For further information visit https://errors.pydantic.dev/2.8/v/missing
programCode
  Field required [type=missing, input_value={}, input_type=dict]
    For further information visit https://errors.pydantic.dev/2.8/v/missing
distribution
  Field required [type=missing, input_value={}, input_type=dict]
    For further information visit https://errors.pydantic.dev/2.8/v/missing
theme
  Field required [type=missing, input_value={}, input_type=dict]
    For further information visit https://errors.pydantic.dev/2.8/v/missing
2024-08-23 12:40:38 - ERROR - Validation error for dataset: Unknown title
Traceback (most recent call last):
  File "C:\Users\edmun\Projects\Repositories\healthpartners-interview\src\healthpartners_interview\download.py", line 31, in fetch_datasets
    dataset = Dataset(**current_item)
              ^^^^^^^^^^^^^^^^^^^^^^^
  File "C:\Users\edmun\Projects\Repositories\healthpartners-interview\.venv\Lib\site-packages\pydantic\main.py", line 193, in __init__
    self.__pydantic_validator__.validate_python(data, self_instance=self)
pydantic_core._pydantic_core.ValidationError: 16 validation errors for Dataset
accessLevel
  Field required [type=missing, input_value={'item': 'title'}, input_type=dict]
    For further information visit https://errors.pydantic.dev/2.8/v/missing
landingPage
  Field required [type=missing, input_value={'item': 'title'}, input_type=dict]
    For further information visit https://errors.pydantic.dev/2.8/v/missing
bureauCode
  Field required [type=missing, input_value={'item': 'title'}, input_type=dict]
    For further information visit https://errors.pydantic.dev/2.8/v/missing
issued
  Field required [type=missing, input_value={'item': 'title'}, input_type=dict]
    For further information visit https://errors.pydantic.dev/2.8/v/missing
@type
  Field required [type=missing, input_value={'item': 'title'}, input_type=dict]
    For further information visit https://errors.pydantic.dev/2.8/v/missing
modified
  Field required [type=missing, input_value={'item': 'title'}, input_type=dict]
    For further information visit https://errors.pydantic.dev/2.8/v/missing
released
  Field required [type=missing, input_value={'item': 'title'}, input_type=dict]
    For further information visit https://errors.pydantic.dev/2.8/v/missing
keyword
  Field required [type=missing, input_value={'item': 'title'}, input_type=dict]
    For further information visit https://errors.pydantic.dev/2.8/v/missing
contactPoint
  Field required [type=missing, input_value={'item': 'title'}, input_type=dict]
    For further information visit https://errors.pydantic.dev/2.8/v/missing
publisher
  Field required [type=missing, input_value={'item': 'title'}, input_type=dict]
    For further information visit https://errors.pydantic.dev/2.8/v/missing
identifier
  Field required [type=missing, input_value={'item': 'title'}, input_type=dict]
    For further information visit https://errors.pydantic.dev/2.8/v/missing
description
  Field required [type=missing, input_value={'item': 'title'}, input_type=dict]
    For further information visit https://errors.pydantic.dev/2.8/v/missing
title
  Field required [type=missing, input_value={'item': 'title'}, input_type=dict]
    For further information visit https://errors.pydantic.dev/2.8/v/missing
programCode
  Field required [type=missing, input_value={'item': 'title'}, input_type=dict]
    For further information visit https://errors.pydantic.dev/2.8/v/missing
distribution
  Field required [type=missing, input_value={'item': 'title'}, input_type=dict]
    For further information visit https://errors.pydantic.dev/2.8/v/missing
theme
  Field required [type=missing, input_value={'item': 'title'}, input_type=dict]
    For further information visit https://errors.pydantic.dev/2.8/v/missing
2024-08-23 12:40:38 - ERROR - Validation error for dataset: Unknown title
Traceback (most recent call last):
  File "C:\Users\edmun\Projects\Repositories\healthpartners-interview\src\healthpartners_interview\download.py", line 31, in fetch_datasets
    dataset = Dataset(**current_item)
              ^^^^^^^^^^^^^^^^^^^^^^^
  File "C:\Users\edmun\Projects\Repositories\healthpartners-interview\.venv\Lib\site-packages\pydantic\main.py", line 193, in __init__
    self.__pydantic_validator__.validate_python(data, self_instance=self)
pydantic_core._pydantic_core.ValidationError: 16 validation errors for Dataset
accessLevel
  Field required [type=missing, input_value={}, input_type=dict]
    For further information visit https://errors.pydantic.dev/2.8/v/missing
landingPage
  Field required [type=missing, input_value={}, input_type=dict]
    For further information visit https://errors.pydantic.dev/2.8/v/missing
bureauCode
  Field required [type=missing, input_value={}, input_type=dict]
    For further information visit https://errors.pydantic.dev/2.8/v/missing
issued
  Field required [type=missing, input_value={}, input_type=dict]
    For further information visit https://errors.pydantic.dev/2.8/v/missing
@type
  Field required [type=missing, input_value={}, input_type=dict]
    For further information visit https://errors.pydantic.dev/2.8/v/missing
modified
  Field required [type=missing, input_value={}, input_type=dict]
    For further information visit https://errors.pydantic.dev/2.8/v/missing
released
  Field required [type=missing, input_value={}, input_type=dict]
    For further information visit https://errors.pydantic.dev/2.8/v/missing
keyword
  Field required [type=missing, input_value={}, input_type=dict]
    For further information visit https://errors.pydantic.dev/2.8/v/missing
contactPoint
  Field required [type=missing, input_value={}, input_type=dict]
    For further information visit https://errors.pydantic.dev/2.8/v/missing
publisher
  Field required [type=missing, input_value={}, input_type=dict]
    For further information visit https://errors.pydantic.dev/2.8/v/missing
identifier
  Field required [type=missing, input_value={}, input_type=dict]
    For further information visit https://errors.pydantic.dev/2.8/v/missing
description
  Field required [type=missing, input_value={}, input_type=dict]
    For further information visit https://errors.pydantic.dev/2.8/v/missing
title
  Field required [type=missing, input_value={}, input_type=dict]
    For further information visit https://errors.pydantic.dev/2.8/v/missing
programCode
  Field required [type=missing, input_value={}, input_type=dict]
    For further information visit https://errors.pydantic.dev/2.8/v/missing
distribution
  Field required [type=missing, input_value={}, input_type=dict]
    For further information visit https://errors.pydantic.dev/2.8/v/missing
theme
  Field required [type=missing, input_value={}, input_type=dict]
    For further information visit https://errors.pydantic.dev/2.8/v/missing
2024-08-23 12:40:38 - ERROR - Validation error for dataset: Unknown title
Traceback (most recent call last):
  File "C:\Users\edmun\Projects\Repositories\healthpartners-interview\src\healthpartners_interview\download.py", line 31, in fetch_datasets
    dataset = Dataset(**current_item)
              ^^^^^^^^^^^^^^^^^^^^^^^
  File "C:\Users\edmun\Projects\Repositories\healthpartners-interview\.venv\Lib\site-packages\pydantic\main.py", line 193, in __init__
    self.__pydantic_validator__.validate_python(data, self_instance=self)
pydantic_core._pydantic_core.ValidationError: 16 validation errors for Dataset
accessLevel
  Field required [type=missing, input_value={}, input_type=dict]
    For further information visit https://errors.pydantic.dev/2.8/v/missing
landingPage
  Field required [type=missing, input_value={}, input_type=dict]
    For further information visit https://errors.pydantic.dev/2.8/v/missing
bureauCode
  Field required [type=missing, input_value={}, input_type=dict]
    For further information visit https://errors.pydantic.dev/2.8/v/missing
issued
  Field required [type=missing, input_value={}, input_type=dict]
    For further information visit https://errors.pydantic.dev/2.8/v/missing
@type
  Field required [type=missing, input_value={}, input_type=dict]
    For further information visit https://errors.pydantic.dev/2.8/v/missing
modified
  Field required [type=missing, input_value={}, input_type=dict]
    For further information visit https://errors.pydantic.dev/2.8/v/missing
released
  Field required [type=missing, input_value={}, input_type=dict]
    For further information visit https://errors.pydantic.dev/2.8/v/missing
keyword
  Field required [type=missing, input_value={}, input_type=dict]
    For further information visit https://errors.pydantic.dev/2.8/v/missing
contactPoint
  Field required [type=missing, input_value={}, input_type=dict]
    For further information visit https://errors.pydantic.dev/2.8/v/missing
publisher
  Field required [type=missing, input_value={}, input_type=dict]
    For further information visit https://errors.pydantic.dev/2.8/v/missing
identifier
  Field required [type=missing, input_value={}, input_type=dict]
    For further information visit https://errors.pydantic.dev/2.8/v/missing
description
  Field required [type=missing, input_value={}, input_type=dict]
    For further information visit https://errors.pydantic.dev/2.8/v/missing
title
  Field required [type=missing, input_value={}, input_type=dict]
    For further information visit https://errors.pydantic.dev/2.8/v/missing
programCode
  Field required [type=missing, input_value={}, input_type=dict]
    For further information visit https://errors.pydantic.dev/2.8/v/missing
distribution
  Field required [type=missing, input_value={}, input_type=dict]
    For further information visit https://errors.pydantic.dev/2.8/v/missing
theme
  Field required [type=missing, input_value={}, input_type=dict]
    For further information visit https://errors.pydantic.dev/2.8/v/missing
2024-08-23 12:40:38 - ERROR - Validation error for dataset: Unknown title
Traceback (most recent call last):
  File "C:\Users\edmun\Projects\Repositories\healthpartners-interview\src\healthpartners_interview\download.py", line 31, in fetch_datasets
    dataset = Dataset(**current_item)
              ^^^^^^^^^^^^^^^^^^^^^^^
  File "C:\Users\edmun\Projects\Repositories\healthpartners-interview\.venv\Lib\site-packages\pydantic\main.py", line 193, in __init__
    self.__pydantic_validator__.validate_python(data, self_instance=self)
pydantic_core._pydantic_core.ValidationError: 16 validation errors for Dataset
accessLevel
  Field required [type=missing, input_value={}, input_type=dict]
    For further information visit https://errors.pydantic.dev/2.8/v/missing
landingPage
  Field required [type=missing, input_value={}, input_type=dict]
    For further information visit https://errors.pydantic.dev/2.8/v/missing
bureauCode
  Field required [type=missing, input_value={}, input_type=dict]
    For further information visit https://errors.pydantic.dev/2.8/v/missing
issued
  Field required [type=missing, input_value={}, input_type=dict]
    For further information visit https://errors.pydantic.dev/2.8/v/missing
@type
  Field required [type=missing, input_value={}, input_type=dict]
    For further information visit https://errors.pydantic.dev/2.8/v/missing
modified
  Field required [type=missing, input_value={}, input_type=dict]
    For further information visit https://errors.pydantic.dev/2.8/v/missing
released
  Field required [type=missing, input_value={}, input_type=dict]
    For further information visit https://errors.pydantic.dev/2.8/v/missing
keyword
  Field required [type=missing, input_value={}, input_type=dict]
    For further information visit https://errors.pydantic.dev/2.8/v/missing
contactPoint
  Field required [type=missing, input_value={}, input_type=dict]
    For further information visit https://errors.pydantic.dev/2.8/v/missing
publisher
  Field required [type=missing, input_value={}, input_type=dict]
    For further information visit https://errors.pydantic.dev/2.8/v/missing
identifier
  Field required [type=missing, input_value={}, input_type=dict]
    For further information visit https://errors.pydantic.dev/2.8/v/missing
description
  Field required [type=missing, input_value={}, input_type=dict]
    For further information visit https://errors.pydantic.dev/2.8/v/missing
title
  Field required [type=missing, input_value={}, input_type=dict]
    For further information visit https://errors.pydantic.dev/2.8/v/missing
programCode
  Field required [type=missing, input_value={}, input_type=dict]
    For further information visit https://errors.pydantic.dev/2.8/v/missing
distribution
  Field required [type=missing, input_value={}, input_type=dict]
    For further information visit https://errors.pydantic.dev/2.8/v/missing
theme
  Field required [type=missing, input_value={}, input_type=dict]
    For further information visit https://errors.pydantic.dev/2.8/v/missing
2024-08-23 12:40:38 - ERROR - Validation error for dataset: Unknown title
Traceback (most recent call last):
  File "C:\Users\edmun\Projects\Repositories\healthpartners-interview\src\healthpartners_interview\download.py", line 31, in fetch_datasets
    dataset = Dataset(**current_item)
              ^^^^^^^^^^^^^^^^^^^^^^^
  File "C:\Users\edmun\Projects\Repositories\healthpartners-interview\.venv\Lib\site-packages\pydantic\main.py", line 193, in __init__
    self.__pydantic_validator__.validate_python(data, self_instance=self)
pydantic_core._pydantic_core.ValidationError: 16 validation errors for Dataset
accessLevel
  Field required [type=missing, input_value={'item': 'title'}, input_type=dict]
    For further information visit https://errors.pydantic.dev/2.8/v/missing
landingPage
  Field required [type=missing, input_value={'item': 'title'}, input_type=dict]
    For further information visit https://errors.pydantic.dev/2.8/v/missing
bureauCode
  Field required [type=missing, input_value={'item': 'title'}, input_type=dict]
    For further information visit https://errors.pydantic.dev/2.8/v/missing
issued
  Field required [type=missing, input_value={'item': 'title'}, input_type=dict]
    For further information visit https://errors.pydantic.dev/2.8/v/missing
@type
  Field required [type=missing, input_value={'item': 'title'}, input_type=dict]
    For further information visit https://errors.pydantic.dev/2.8/v/missing
modified
  Field required [type=missing, input_value={'item': 'title'}, input_type=dict]
    For further information visit https://errors.pydantic.dev/2.8/v/missing
released
  Field required [type=missing, input_value={'item': 'title'}, input_type=dict]
    For further information visit https://errors.pydantic.dev/2.8/v/missing
keyword
  Field required [type=missing, input_value={'item': 'title'}, input_type=dict]
    For further information visit https://errors.pydantic.dev/2.8/v/missing
contactPoint
  Field required [type=missing, input_value={'item': 'title'}, input_type=dict]
    For further information visit https://errors.pydantic.dev/2.8/v/missing
publisher
  Field required [type=missing, input_value={'item': 'title'}, input_type=dict]
    For further information visit https://errors.pydantic.dev/2.8/v/missing
identifier
  Field required [type=missing, input_value={'item': 'title'}, input_type=dict]
    For further information visit https://errors.pydantic.dev/2.8/v/missing
description
  Field required [type=missing, input_value={'item': 'title'}, input_type=dict]
    For further information visit https://errors.pydantic.dev/2.8/v/missing
title
  Field required [type=missing, input_value={'item': 'title'}, input_type=dict]
    For further information visit https://errors.pydantic.dev/2.8/v/missing
programCode
  Field required [type=missing, input_value={'item': 'title'}, input_type=dict]
    For further information visit https://errors.pydantic.dev/2.8/v/missing
distribution
  Field required [type=missing, input_value={'item': 'title'}, input_type=dict]
    For further information visit https://errors.pydantic.dev/2.8/v/missing
theme
  Field required [type=missing, input_value={'item': 'title'}, input_type=dict]
    For further information visit https://errors.pydantic.dev/2.8/v/missing
2024-08-23 12:40:38 - ERROR - Validation error for dataset: Unknown title
Traceback (most recent call last):
  File "C:\Users\edmun\Projects\Repositories\healthpartners-interview\src\healthpartners_interview\download.py", line 31, in fetch_datasets
    dataset = Dataset(**current_item)
              ^^^^^^^^^^^^^^^^^^^^^^^
  File "C:\Users\edmun\Projects\Repositories\healthpartners-interview\.venv\Lib\site-packages\pydantic\main.py", line 193, in __init__
    self.__pydantic_validator__.validate_python(data, self_instance=self)
pydantic_core._pydantic_core.ValidationError: 16 validation errors for Dataset
accessLevel
  Field required [type=missing, input_value={}, input_type=dict]
    For further information visit https://errors.pydantic.dev/2.8/v/missing
landingPage
  Field required [type=missing, input_value={}, input_type=dict]
    For further information visit https://errors.pydantic.dev/2.8/v/missing
bureauCode
  Field required [type=missing, input_value={}, input_type=dict]
    For further information visit https://errors.pydantic.dev/2.8/v/missing
issued
  Field required [type=missing, input_value={}, input_type=dict]
    For further information visit https://errors.pydantic.dev/2.8/v/missing
@type
  Field required [type=missing, input_value={}, input_type=dict]
    For further information visit https://errors.pydantic.dev/2.8/v/missing
modified
  Field required [type=missing, input_value={}, input_type=dict]
    For further information visit https://errors.pydantic.dev/2.8/v/missing
released
  Field required [type=missing, input_value={}, input_type=dict]
    For further information visit https://errors.pydantic.dev/2.8/v/missing
keyword
  Field required [type=missing, input_value={}, input_type=dict]
    For further information visit https://errors.pydantic.dev/2.8/v/missing
contactPoint
  Field required [type=missing, input_value={}, input_type=dict]
    For further information visit https://errors.pydantic.dev/2.8/v/missing
publisher
  Field required [type=missing, input_value={}, input_type=dict]
    For further information visit https://errors.pydantic.dev/2.8/v/missing
identifier
  Field required [type=missing, input_value={}, input_type=dict]
    For further information visit https://errors.pydantic.dev/2.8/v/missing
description
  Field required [type=missing, input_value={}, input_type=dict]
    For further information visit https://errors.pydantic.dev/2.8/v/missing
title
  Field required [type=missing, input_value={}, input_type=dict]
    For further information visit https://errors.pydantic.dev/2.8/v/missing
programCode
  Field required [type=missing, input_value={}, input_type=dict]
    For further information visit https://errors.pydantic.dev/2.8/v/missing
distribution
  Field required [type=missing, input_value={}, input_type=dict]
    For further information visit https://errors.pydantic.dev/2.8/v/missing
theme
  Field required [type=missing, input_value={}, input_type=dict]
    For further information visit https://errors.pydantic.dev/2.8/v/missing
2024-08-23 12:40:38 - ERROR - Validation error for dataset: Unknown title
Traceback (most recent call last):
  File "C:\Users\edmun\Projects\Repositories\healthpartners-interview\src\healthpartners_interview\download.py", line 31, in fetch_datasets
    dataset = Dataset(**current_item)
              ^^^^^^^^^^^^^^^^^^^^^^^
  File "C:\Users\edmun\Projects\Repositories\healthpartners-interview\.venv\Lib\site-packages\pydantic\main.py", line 193, in __init__
    self.__pydantic_validator__.validate_python(data, self_instance=self)
pydantic_core._pydantic_core.ValidationError: 16 validation errors for Dataset
accessLevel
  Field required [type=missing, input_value={}, input_type=dict]
    For further information visit https://errors.pydantic.dev/2.8/v/missing
landingPage
  Field required [type=missing, input_value={}, input_type=dict]
    For further information visit https://errors.pydantic.dev/2.8/v/missing
bureauCode
  Field required [type=missing, input_value={}, input_type=dict]
    For further information visit https://errors.pydantic.dev/2.8/v/missing
issued
  Field required [type=missing, input_value={}, input_type=dict]
    For further information visit https://errors.pydantic.dev/2.8/v/missing
@type
  Field required [type=missing, input_value={}, input_type=dict]
    For further information visit https://errors.pydantic.dev/2.8/v/missing
modified
  Field required [type=missing, input_value={}, input_type=dict]
    For further information visit https://errors.pydantic.dev/2.8/v/missing
released
  Field required [type=missing, input_value={}, input_type=dict]
    For further information visit https://errors.pydantic.dev/2.8/v/missing
keyword
  Field required [type=missing, input_value={}, input_type=dict]
    For further information visit https://errors.pydantic.dev/2.8/v/missing
contactPoint
  Field required [type=missing, input_value={}, input_type=dict]
    For further information visit https://errors.pydantic.dev/2.8/v/missing
publisher
  Field required [type=missing, input_value={}, input_type=dict]
    For further information visit https://errors.pydantic.dev/2.8/v/missing
identifier
  Field required [type=missing, input_value={}, input_type=dict]
    For further information visit https://errors.pydantic.dev/2.8/v/missing
description
  Field required [type=missing, input_value={}, input_type=dict]
    For further information visit https://errors.pydantic.dev/2.8/v/missing
title
  Field required [type=missing, input_value={}, input_type=dict]
    For further information visit https://errors.pydantic.dev/2.8/v/missing
programCode
  Field required [type=missing, input_value={}, input_type=dict]
    For further information visit https://errors.pydantic.dev/2.8/v/missing
distribution
  Field required [type=missing, input_value={}, input_type=dict]
    For further information visit https://errors.pydantic.dev/2.8/v/missing
theme
  Field required [type=missing, input_value={}, input_type=dict]
    For further information visit https://errors.pydantic.dev/2.8/v/missing
2024-08-23 12:40:38 - ERROR - Validation error for dataset: Unknown title
Traceback (most recent call last):
  File "C:\Users\edmun\Projects\Repositories\healthpartners-interview\src\healthpartners_interview\download.py", line 31, in fetch_datasets
    dataset = Dataset(**current_item)
              ^^^^^^^^^^^^^^^^^^^^^^^
  File "C:\Users\edmun\Projects\Repositories\healthpartners-interview\.venv\Lib\site-packages\pydantic\main.py", line 193, in __init__
    self.__pydantic_validator__.validate_python(data, self_instance=self)
pydantic_core._pydantic_core.ValidationError: 16 validation errors for Dataset
accessLevel
  Field required [type=missing, input_value={}, input_type=dict]
    For further information visit https://errors.pydantic.dev/2.8/v/missing
landingPage
  Field required [type=missing, input_value={}, input_type=dict]
    For further information visit https://errors.pydantic.dev/2.8/v/missing
bureauCode
  Field required [type=missing, input_value={}, input_type=dict]
    For further information visit https://errors.pydantic.dev/2.8/v/missing
issued
  Field required [type=missing, input_value={}, input_type=dict]
    For further information visit https://errors.pydantic.dev/2.8/v/missing
@type
  Field required [type=missing, input_value={}, input_type=dict]
    For further information visit https://errors.pydantic.dev/2.8/v/missing
modified
  Field required [type=missing, input_value={}, input_type=dict]
    For further information visit https://errors.pydantic.dev/2.8/v/missing
released
  Field required [type=missing, input_value={}, input_type=dict]
    For further information visit https://errors.pydantic.dev/2.8/v/missing
keyword
  Field required [type=missing, input_value={}, input_type=dict]
    For further information visit https://errors.pydantic.dev/2.8/v/missing
contactPoint
  Field required [type=missing, input_value={}, input_type=dict]
    For further information visit https://errors.pydantic.dev/2.8/v/missing
publisher
  Field required [type=missing, input_value={}, input_type=dict]
    For further information visit https://errors.pydantic.dev/2.8/v/missing
identifier
  Field required [type=missing, input_value={}, input_type=dict]
    For further information visit https://errors.pydantic.dev/2.8/v/missing
description
  Field required [type=missing, input_value={}, input_type=dict]
    For further information visit https://errors.pydantic.dev/2.8/v/missing
title
  Field required [type=missing, input_value={}, input_type=dict]
    For further information visit https://errors.pydantic.dev/2.8/v/missing
programCode
  Field required [type=missing, input_value={}, input_type=dict]
    For further information visit https://errors.pydantic.dev/2.8/v/missing
distribution
  Field required [type=missing, input_value={}, input_type=dict]
    For further information visit https://errors.pydantic.dev/2.8/v/missing
theme
  Field required [type=missing, input_value={}, input_type=dict]
    For further information visit https://errors.pydantic.dev/2.8/v/missing
2024-08-23 12:40:38 - ERROR - Validation error for dataset: Unknown title
Traceback (most recent call last):
  File "C:\Users\edmun\Projects\Repositories\healthpartners-interview\src\healthpartners_interview\download.py", line 31, in fetch_datasets
    dataset = Dataset(**current_item)
              ^^^^^^^^^^^^^^^^^^^^^^^
  File "C:\Users\edmun\Projects\Repositories\healthpartners-interview\.venv\Lib\site-packages\pydantic\main.py", line 193, in __init__
    self.__pydantic_validator__.validate_python(data, self_instance=self)
pydantic_core._pydantic_core.ValidationError: 16 validation errors for Dataset
accessLevel
  Field required [type=missing, input_value={'item': 'title'}, input_type=dict]
    For further information visit https://errors.pydantic.dev/2.8/v/missing
landingPage
  Field required [type=missing, input_value={'item': 'title'}, input_type=dict]
    For further information visit https://errors.pydantic.dev/2.8/v/missing
bureauCode
  Field required [type=missing, input_value={'item': 'title'}, input_type=dict]
    For further information visit https://errors.pydantic.dev/2.8/v/missing
issued
  Field required [type=missing, input_value={'item': 'title'}, input_type=dict]
    For further information visit https://errors.pydantic.dev/2.8/v/missing
@type
  Field required [type=missing, input_value={'item': 'title'}, input_type=dict]
    For further information visit https://errors.pydantic.dev/2.8/v/missing
modified
  Field required [type=missing, input_value={'item': 'title'}, input_type=dict]
    For further information visit https://errors.pydantic.dev/2.8/v/missing
released
  Field required [type=missing, input_value={'item': 'title'}, input_type=dict]
    For further information visit https://errors.pydantic.dev/2.8/v/missing
keyword
  Field required [type=missing, input_value={'item': 'title'}, input_type=dict]
    For further information visit https://errors.pydantic.dev/2.8/v/missing
contactPoint
  Field required [type=missing, input_value={'item': 'title'}, input_type=dict]
    For further information visit https://errors.pydantic.dev/2.8/v/missing
publisher
  Field required [type=missing, input_value={'item': 'title'}, input_type=dict]
    For further information visit https://errors.pydantic.dev/2.8/v/missing
identifier
  Field required [type=missing, input_value={'item': 'title'}, input_type=dict]
    For further information visit https://errors.pydantic.dev/2.8/v/missing
description
  Field required [type=missing, input_value={'item': 'title'}, input_type=dict]
    For further information visit https://errors.pydantic.dev/2.8/v/missing
title
  Field required [type=missing, input_value={'item': 'title'}, input_type=dict]
    For further information visit https://errors.pydantic.dev/2.8/v/missing
programCode
  Field required [type=missing, input_value={'item': 'title'}, input_type=dict]
    For further information visit https://errors.pydantic.dev/2.8/v/missing
distribution
  Field required [type=missing, input_value={'item': 'title'}, input_type=dict]
    For further information visit https://errors.pydantic.dev/2.8/v/missing
theme
  Field required [type=missing, input_value={'item': 'title'}, input_type=dict]
    For further information visit https://errors.pydantic.dev/2.8/v/missing
2024-08-23 12:40:38 - ERROR - Validation error for dataset: Unknown title
Traceback (most recent call last):
  File "C:\Users\edmun\Projects\Repositories\healthpartners-interview\src\healthpartners_interview\download.py", line 31, in fetch_datasets
    dataset = Dataset(**current_item)
              ^^^^^^^^^^^^^^^^^^^^^^^
  File "C:\Users\edmun\Projects\Repositories\healthpartners-interview\.venv\Lib\site-packages\pydantic\main.py", line 193, in __init__
    self.__pydantic_validator__.validate_python(data, self_instance=self)
pydantic_core._pydantic_core.ValidationError: 16 validation errors for Dataset
accessLevel
  Field required [type=missing, input_value={}, input_type=dict]
    For further information visit https://errors.pydantic.dev/2.8/v/missing
landingPage
  Field required [type=missing, input_value={}, input_type=dict]
    For further information visit https://errors.pydantic.dev/2.8/v/missing
bureauCode
  Field required [type=missing, input_value={}, input_type=dict]
    For further information visit https://errors.pydantic.dev/2.8/v/missing
issued
  Field required [type=missing, input_value={}, input_type=dict]
    For further information visit https://errors.pydantic.dev/2.8/v/missing
@type
  Field required [type=missing, input_value={}, input_type=dict]
    For further information visit https://errors.pydantic.dev/2.8/v/missing
modified
  Field required [type=missing, input_value={}, input_type=dict]
    For further information visit https://errors.pydantic.dev/2.8/v/missing
released
  Field required [type=missing, input_value={}, input_type=dict]
    For further information visit https://errors.pydantic.dev/2.8/v/missing
keyword
  Field required [type=missing, input_value={}, input_type=dict]
    For further information visit https://errors.pydantic.dev/2.8/v/missing
contactPoint
  Field required [type=missing, input_value={}, input_type=dict]
    For further information visit https://errors.pydantic.dev/2.8/v/missing
publisher
  Field required [type=missing, input_value={}, input_type=dict]
    For further information visit https://errors.pydantic.dev/2.8/v/missing
identifier
  Field required [type=missing, input_value={}, input_type=dict]
    For further information visit https://errors.pydantic.dev/2.8/v/missing
description
  Field required [type=missing, input_value={}, input_type=dict]
    For further information visit https://errors.pydantic.dev/2.8/v/missing
title
  Field required [type=missing, input_value={}, input_type=dict]
    For further information visit https://errors.pydantic.dev/2.8/v/missing
programCode
  Field required [type=missing, input_value={}, input_type=dict]
    For further information visit https://errors.pydantic.dev/2.8/v/missing
distribution
  Field required [type=missing, input_value={}, input_type=dict]
    For further information visit https://errors.pydantic.dev/2.8/v/missing
theme
  Field required [type=missing, input_value={}, input_type=dict]
    For further information visit https://errors.pydantic.dev/2.8/v/missing
2024-08-23 12:40:38 - ERROR - Validation error for dataset: Unknown title
Traceback (most recent call last):
  File "C:\Users\edmun\Projects\Repositories\healthpartners-interview\src\healthpartners_interview\download.py", line 31, in fetch_datasets
    dataset = Dataset(**current_item)
              ^^^^^^^^^^^^^^^^^^^^^^^
  File "C:\Users\edmun\Projects\Repositories\healthpartners-interview\.venv\Lib\site-packages\pydantic\main.py", line 193, in __init__
    self.__pydantic_validator__.validate_python(data, self_instance=self)
pydantic_core._pydantic_core.ValidationError: 16 validation errors for Dataset
accessLevel
  Field required [type=missing, input_value={}, input_type=dict]
    For further information visit https://errors.pydantic.dev/2.8/v/missing
landingPage
  Field required [type=missing, input_value={}, input_type=dict]
    For further information visit https://errors.pydantic.dev/2.8/v/missing
bureauCode
  Field required [type=missing, input_value={}, input_type=dict]
    For further information visit https://errors.pydantic.dev/2.8/v/missing
issued
  Field required [type=missing, input_value={}, input_type=dict]
    For further information visit https://errors.pydantic.dev/2.8/v/missing
@type
  Field required [type=missing, input_value={}, input_type=dict]
    For further information visit https://errors.pydantic.dev/2.8/v/missing
modified
  Field required [type=missing, input_value={}, input_type=dict]
    For further information visit https://errors.pydantic.dev/2.8/v/missing
released
  Field required [type=missing, input_value={}, input_type=dict]
    For further information visit https://errors.pydantic.dev/2.8/v/missing
keyword
  Field required [type=missing, input_value={}, input_type=dict]
    For further information visit https://errors.pydantic.dev/2.8/v/missing
contactPoint
  Field required [type=missing, input_value={}, input_type=dict]
    For further information visit https://errors.pydantic.dev/2.8/v/missing
publisher
  Field required [type=missing, input_value={}, input_type=dict]
    For further information visit https://errors.pydantic.dev/2.8/v/missing
identifier
  Field required [type=missing, input_value={}, input_type=dict]
    For further information visit https://errors.pydantic.dev/2.8/v/missing
description
  Field required [type=missing, input_value={}, input_type=dict]
    For further information visit https://errors.pydantic.dev/2.8/v/missing
title
  Field required [type=missing, input_value={}, input_type=dict]
    For further information visit https://errors.pydantic.dev/2.8/v/missing
programCode
  Field required [type=missing, input_value={}, input_type=dict]
    For further information visit https://errors.pydantic.dev/2.8/v/missing
distribution
  Field required [type=missing, input_value={}, input_type=dict]
    For further information visit https://errors.pydantic.dev/2.8/v/missing
theme
  Field required [type=missing, input_value={}, input_type=dict]
    For further information visit https://errors.pydantic.dev/2.8/v/missing
2024-08-23 12:40:38 - ERROR - Validation error for dataset: Unknown title
Traceback (most recent call last):
  File "C:\Users\edmun\Projects\Repositories\healthpartners-interview\src\healthpartners_interview\download.py", line 31, in fetch_datasets
    dataset = Dataset(**current_item)
              ^^^^^^^^^^^^^^^^^^^^^^^
  File "C:\Users\edmun\Projects\Repositories\healthpartners-interview\.venv\Lib\site-packages\pydantic\main.py", line 193, in __init__
    self.__pydantic_validator__.validate_python(data, self_instance=self)
pydantic_core._pydantic_core.ValidationError: 16 validation errors for Dataset
accessLevel
  Field required [type=missing, input_value={}, input_type=dict]
    For further information visit https://errors.pydantic.dev/2.8/v/missing
landingPage
  Field required [type=missing, input_value={}, input_type=dict]
    For further information visit https://errors.pydantic.dev/2.8/v/missing
bureauCode
  Field required [type=missing, input_value={}, input_type=dict]
    For further information visit https://errors.pydantic.dev/2.8/v/missing
issued
  Field required [type=missing, input_value={}, input_type=dict]
    For further information visit https://errors.pydantic.dev/2.8/v/missing
@type
  Field required [type=missing, input_value={}, input_type=dict]
    For further information visit https://errors.pydantic.dev/2.8/v/missing
modified
  Field required [type=missing, input_value={}, input_type=dict]
    For further information visit https://errors.pydantic.dev/2.8/v/missing
released
  Field required [type=missing, input_value={}, input_type=dict]
    For further information visit https://errors.pydantic.dev/2.8/v/missing
keyword
  Field required [type=missing, input_value={}, input_type=dict]
    For further information visit https://errors.pydantic.dev/2.8/v/missing
contactPoint
  Field required [type=missing, input_value={}, input_type=dict]
    For further information visit https://errors.pydantic.dev/2.8/v/missing
publisher
  Field required [type=missing, input_value={}, input_type=dict]
    For further information visit https://errors.pydantic.dev/2.8/v/missing
identifier
  Field required [type=missing, input_value={}, input_type=dict]
    For further information visit https://errors.pydantic.dev/2.8/v/missing
description
  Field required [type=missing, input_value={}, input_type=dict]
    For further information visit https://errors.pydantic.dev/2.8/v/missing
title
  Field required [type=missing, input_value={}, input_type=dict]
    For further information visit https://errors.pydantic.dev/2.8/v/missing
programCode
  Field required [type=missing, input_value={}, input_type=dict]
    For further information visit https://errors.pydantic.dev/2.8/v/missing
distribution
  Field required [type=missing, input_value={}, input_type=dict]
    For further information visit https://errors.pydantic.dev/2.8/v/missing
theme
  Field required [type=missing, input_value={}, input_type=dict]
    For further information visit https://errors.pydantic.dev/2.8/v/missing
2024-08-23 12:40:38 - ERROR - Validation error for dataset: Unknown title
Traceback (most recent call last):
  File "C:\Users\edmun\Projects\Repositories\healthpartners-interview\src\healthpartners_interview\download.py", line 31, in fetch_datasets
    dataset = Dataset(**current_item)
              ^^^^^^^^^^^^^^^^^^^^^^^
  File "C:\Users\edmun\Projects\Repositories\healthpartners-interview\.venv\Lib\site-packages\pydantic\main.py", line 193, in __init__
    self.__pydantic_validator__.validate_python(data, self_instance=self)
pydantic_core._pydantic_core.ValidationError: 16 validation errors for Dataset
accessLevel
  Field required [type=missing, input_value={'item': 'programCode'}, input_type=dict]
    For further information visit https://errors.pydantic.dev/2.8/v/missing
landingPage
  Field required [type=missing, input_value={'item': 'programCode'}, input_type=dict]
    For further information visit https://errors.pydantic.dev/2.8/v/missing
bureauCode
  Field required [type=missing, input_value={'item': 'programCode'}, input_type=dict]
    For further information visit https://errors.pydantic.dev/2.8/v/missing
issued
  Field required [type=missing, input_value={'item': 'programCode'}, input_type=dict]
    For further information visit https://errors.pydantic.dev/2.8/v/missing
@type
  Field required [type=missing, input_value={'item': 'programCode'}, input_type=dict]
    For further information visit https://errors.pydantic.dev/2.8/v/missing
modified
  Field required [type=missing, input_value={'item': 'programCode'}, input_type=dict]
    For further information visit https://errors.pydantic.dev/2.8/v/missing
released
  Field required [type=missing, input_value={'item': 'programCode'}, input_type=dict]
    For further information visit https://errors.pydantic.dev/2.8/v/missing
keyword
  Field required [type=missing, input_value={'item': 'programCode'}, input_type=dict]
    For further information visit https://errors.pydantic.dev/2.8/v/missing
contactPoint
  Field required [type=missing, input_value={'item': 'programCode'}, input_type=dict]
    For further information visit https://errors.pydantic.dev/2.8/v/missing
publisher
  Field required [type=missing, input_value={'item': 'programCode'}, input_type=dict]
    For further information visit https://errors.pydantic.dev/2.8/v/missing
identifier
  Field required [type=missing, input_value={'item': 'programCode'}, input_type=dict]
    For further information visit https://errors.pydantic.dev/2.8/v/missing
description
  Field required [type=missing, input_value={'item': 'programCode'}, input_type=dict]
    For further information visit https://errors.pydantic.dev/2.8/v/missing
title
  Field required [type=missing, input_value={'item': 'programCode'}, input_type=dict]
    For further information visit https://errors.pydantic.dev/2.8/v/missing
programCode
  Field required [type=missing, input_value={'item': 'programCode'}, input_type=dict]
    For further information visit https://errors.pydantic.dev/2.8/v/missing
distribution
  Field required [type=missing, input_value={'item': 'programCode'}, input_type=dict]
    For further information visit https://errors.pydantic.dev/2.8/v/missing
theme
  Field required [type=missing, input_value={'item': 'programCode'}, input_type=dict]
    For further information visit https://errors.pydantic.dev/2.8/v/missing
2024-08-23 12:40:38 - ERROR - Validation error for dataset: Unknown title
Traceback (most recent call last):
  File "C:\Users\edmun\Projects\Repositories\healthpartners-interview\src\healthpartners_interview\download.py", line 31, in fetch_datasets
    dataset = Dataset(**current_item)
              ^^^^^^^^^^^^^^^^^^^^^^^
  File "C:\Users\edmun\Projects\Repositories\healthpartners-interview\.venv\Lib\site-packages\pydantic\main.py", line 193, in __init__
    self.__pydantic_validator__.validate_python(data, self_instance=self)
pydantic_core._pydantic_core.ValidationError: 16 validation errors for Dataset
accessLevel
  Field required [type=missing, input_value={}, input_type=dict]
    For further information visit https://errors.pydantic.dev/2.8/v/missing
landingPage
  Field required [type=missing, input_value={}, input_type=dict]
    For further information visit https://errors.pydantic.dev/2.8/v/missing
bureauCode
  Field required [type=missing, input_value={}, input_type=dict]
    For further information visit https://errors.pydantic.dev/2.8/v/missing
issued
  Field required [type=missing, input_value={}, input_type=dict]
    For further information visit https://errors.pydantic.dev/2.8/v/missing
@type
  Field required [type=missing, input_value={}, input_type=dict]
    For further information visit https://errors.pydantic.dev/2.8/v/missing
modified
  Field required [type=missing, input_value={}, input_type=dict]
    For further information visit https://errors.pydantic.dev/2.8/v/missing
released
  Field required [type=missing, input_value={}, input_type=dict]
    For further information visit https://errors.pydantic.dev/2.8/v/missing
keyword
  Field required [type=missing, input_value={}, input_type=dict]
    For further information visit https://errors.pydantic.dev/2.8/v/missing
contactPoint
  Field required [type=missing, input_value={}, input_type=dict]
    For further information visit https://errors.pydantic.dev/2.8/v/missing
publisher
  Field required [type=missing, input_value={}, input_type=dict]
    For further information visit https://errors.pydantic.dev/2.8/v/missing
identifier
  Field required [type=missing, input_value={}, input_type=dict]
    For further information visit https://errors.pydantic.dev/2.8/v/missing
description
  Field required [type=missing, input_value={}, input_type=dict]
    For further information visit https://errors.pydantic.dev/2.8/v/missing
title
  Field required [type=missing, input_value={}, input_type=dict]
    For further information visit https://errors.pydantic.dev/2.8/v/missing
programCode
  Field required [type=missing, input_value={}, input_type=dict]
    For further information visit https://errors.pydantic.dev/2.8/v/missing
distribution
  Field required [type=missing, input_value={}, input_type=dict]
    For further information visit https://errors.pydantic.dev/2.8/v/missing
theme
  Field required [type=missing, input_value={}, input_type=dict]
    For further information visit https://errors.pydantic.dev/2.8/v/missing
2024-08-23 12:40:38 - ERROR - Validation error for dataset: Unknown title
Traceback (most recent call last):
  File "C:\Users\edmun\Projects\Repositories\healthpartners-interview\src\healthpartners_interview\download.py", line 31, in fetch_datasets
    dataset = Dataset(**current_item)
              ^^^^^^^^^^^^^^^^^^^^^^^
  File "C:\Users\edmun\Projects\Repositories\healthpartners-interview\.venv\Lib\site-packages\pydantic\main.py", line 193, in __init__
    self.__pydantic_validator__.validate_python(data, self_instance=self)
pydantic_core._pydantic_core.ValidationError: 16 validation errors for Dataset
accessLevel
  Field required [type=missing, input_value={}, input_type=dict]
    For further information visit https://errors.pydantic.dev/2.8/v/missing
landingPage
  Field required [type=missing, input_value={}, input_type=dict]
    For further information visit https://errors.pydantic.dev/2.8/v/missing
bureauCode
  Field required [type=missing, input_value={}, input_type=dict]
    For further information visit https://errors.pydantic.dev/2.8/v/missing
issued
  Field required [type=missing, input_value={}, input_type=dict]
    For further information visit https://errors.pydantic.dev/2.8/v/missing
@type
  Field required [type=missing, input_value={}, input_type=dict]
    For further information visit https://errors.pydantic.dev/2.8/v/missing
modified
  Field required [type=missing, input_value={}, input_type=dict]
    For further information visit https://errors.pydantic.dev/2.8/v/missing
released
  Field required [type=missing, input_value={}, input_type=dict]
    For further information visit https://errors.pydantic.dev/2.8/v/missing
keyword
  Field required [type=missing, input_value={}, input_type=dict]
    For further information visit https://errors.pydantic.dev/2.8/v/missing
contactPoint
  Field required [type=missing, input_value={}, input_type=dict]
    For further information visit https://errors.pydantic.dev/2.8/v/missing
publisher
  Field required [type=missing, input_value={}, input_type=dict]
    For further information visit https://errors.pydantic.dev/2.8/v/missing
identifier
  Field required [type=missing, input_value={}, input_type=dict]
    For further information visit https://errors.pydantic.dev/2.8/v/missing
description
  Field required [type=missing, input_value={}, input_type=dict]
    For further information visit https://errors.pydantic.dev/2.8/v/missing
title
  Field required [type=missing, input_value={}, input_type=dict]
    For further information visit https://errors.pydantic.dev/2.8/v/missing
programCode
  Field required [type=missing, input_value={}, input_type=dict]
    For further information visit https://errors.pydantic.dev/2.8/v/missing
distribution
  Field required [type=missing, input_value={}, input_type=dict]
    For further information visit https://errors.pydantic.dev/2.8/v/missing
theme
  Field required [type=missing, input_value={}, input_type=dict]
    For further information visit https://errors.pydantic.dev/2.8/v/missing
2024-08-23 12:40:38 - ERROR - Validation error for dataset: Unknown title
Traceback (most recent call last):
  File "C:\Users\edmun\Projects\Repositories\healthpartners-interview\src\healthpartners_interview\download.py", line 31, in fetch_datasets
    dataset = Dataset(**current_item)
              ^^^^^^^^^^^^^^^^^^^^^^^
  File "C:\Users\edmun\Projects\Repositories\healthpartners-interview\.venv\Lib\site-packages\pydantic\main.py", line 193, in __init__
    self.__pydantic_validator__.validate_python(data, self_instance=self)
pydantic_core._pydantic_core.ValidationError: 16 validation errors for Dataset
accessLevel
  Field required [type=missing, input_value={}, input_type=dict]
    For further information visit https://errors.pydantic.dev/2.8/v/missing
landingPage
  Field required [type=missing, input_value={}, input_type=dict]
    For further information visit https://errors.pydantic.dev/2.8/v/missing
bureauCode
  Field required [type=missing, input_value={}, input_type=dict]
    For further information visit https://errors.pydantic.dev/2.8/v/missing
issued
  Field required [type=missing, input_value={}, input_type=dict]
    For further information visit https://errors.pydantic.dev/2.8/v/missing
@type
  Field required [type=missing, input_value={}, input_type=dict]
    For further information visit https://errors.pydantic.dev/2.8/v/missing
modified
  Field required [type=missing, input_value={}, input_type=dict]
    For further information visit https://errors.pydantic.dev/2.8/v/missing
released
  Field required [type=missing, input_value={}, input_type=dict]
    For further information visit https://errors.pydantic.dev/2.8/v/missing
keyword
  Field required [type=missing, input_value={}, input_type=dict]
    For further information visit https://errors.pydantic.dev/2.8/v/missing
contactPoint
  Field required [type=missing, input_value={}, input_type=dict]
    For further information visit https://errors.pydantic.dev/2.8/v/missing
publisher
  Field required [type=missing, input_value={}, input_type=dict]
    For further information visit https://errors.pydantic.dev/2.8/v/missing
identifier
  Field required [type=missing, input_value={}, input_type=dict]
    For further information visit https://errors.pydantic.dev/2.8/v/missing
description
  Field required [type=missing, input_value={}, input_type=dict]
    For further information visit https://errors.pydantic.dev/2.8/v/missing
title
  Field required [type=missing, input_value={}, input_type=dict]
    For further information visit https://errors.pydantic.dev/2.8/v/missing
programCode
  Field required [type=missing, input_value={}, input_type=dict]
    For further information visit https://errors.pydantic.dev/2.8/v/missing
distribution
  Field required [type=missing, input_value={}, input_type=dict]
    For further information visit https://errors.pydantic.dev/2.8/v/missing
theme
  Field required [type=missing, input_value={}, input_type=dict]
    For further information visit https://errors.pydantic.dev/2.8/v/missing
2024-08-23 12:40:38 - ERROR - Validation error for dataset: Unknown title
Traceback (most recent call last):
  File "C:\Users\edmun\Projects\Repositories\healthpartners-interview\src\healthpartners_interview\download.py", line 31, in fetch_datasets
    dataset = Dataset(**current_item)
              ^^^^^^^^^^^^^^^^^^^^^^^
  File "C:\Users\edmun\Projects\Repositories\healthpartners-interview\.venv\Lib\site-packages\pydantic\main.py", line 193, in __init__
    self.__pydantic_validator__.validate_python(data, self_instance=self)
pydantic_core._pydantic_core.ValidationError: 16 validation errors for Dataset
accessLevel
  Field required [type=missing, input_value={'item': 'programCode'}, input_type=dict]
    For further information visit https://errors.pydantic.dev/2.8/v/missing
landingPage
  Field required [type=missing, input_value={'item': 'programCode'}, input_type=dict]
    For further information visit https://errors.pydantic.dev/2.8/v/missing
bureauCode
  Field required [type=missing, input_value={'item': 'programCode'}, input_type=dict]
    For further information visit https://errors.pydantic.dev/2.8/v/missing
issued
  Field required [type=missing, input_value={'item': 'programCode'}, input_type=dict]
    For further information visit https://errors.pydantic.dev/2.8/v/missing
@type
  Field required [type=missing, input_value={'item': 'programCode'}, input_type=dict]
    For further information visit https://errors.pydantic.dev/2.8/v/missing
modified
  Field required [type=missing, input_value={'item': 'programCode'}, input_type=dict]
    For further information visit https://errors.pydantic.dev/2.8/v/missing
released
  Field required [type=missing, input_value={'item': 'programCode'}, input_type=dict]
    For further information visit https://errors.pydantic.dev/2.8/v/missing
keyword
  Field required [type=missing, input_value={'item': 'programCode'}, input_type=dict]
    For further information visit https://errors.pydantic.dev/2.8/v/missing
contactPoint
  Field required [type=missing, input_value={'item': 'programCode'}, input_type=dict]
    For further information visit https://errors.pydantic.dev/2.8/v/missing
publisher
  Field required [type=missing, input_value={'item': 'programCode'}, input_type=dict]
    For further information visit https://errors.pydantic.dev/2.8/v/missing
identifier
  Field required [type=missing, input_value={'item': 'programCode'}, input_type=dict]
    For further information visit https://errors.pydantic.dev/2.8/v/missing
description
  Field required [type=missing, input_value={'item': 'programCode'}, input_type=dict]
    For further information visit https://errors.pydantic.dev/2.8/v/missing
title
  Field required [type=missing, input_value={'item': 'programCode'}, input_type=dict]
    For further information visit https://errors.pydantic.dev/2.8/v/missing
programCode
  Field required [type=missing, input_value={'item': 'programCode'}, input_type=dict]
    For further information visit https://errors.pydantic.dev/2.8/v/missing
distribution
  Field required [type=missing, input_value={'item': 'programCode'}, input_type=dict]
    For further information visit https://errors.pydantic.dev/2.8/v/missing
theme
  Field required [type=missing, input_value={'item': 'programCode'}, input_type=dict]
    For further information visit https://errors.pydantic.dev/2.8/v/missing
2024-08-23 12:40:38 - ERROR - Validation error for dataset: Unknown title
Traceback (most recent call last):
  File "C:\Users\edmun\Projects\Repositories\healthpartners-interview\src\healthpartners_interview\download.py", line 31, in fetch_datasets
    dataset = Dataset(**current_item)
              ^^^^^^^^^^^^^^^^^^^^^^^
  File "C:\Users\edmun\Projects\Repositories\healthpartners-interview\.venv\Lib\site-packages\pydantic\main.py", line 193, in __init__
    self.__pydantic_validator__.validate_python(data, self_instance=self)
pydantic_core._pydantic_core.ValidationError: 16 validation errors for Dataset
accessLevel
  Field required [type=missing, input_value={}, input_type=dict]
    For further information visit https://errors.pydantic.dev/2.8/v/missing
landingPage
  Field required [type=missing, input_value={}, input_type=dict]
    For further information visit https://errors.pydantic.dev/2.8/v/missing
bureauCode
  Field required [type=missing, input_value={}, input_type=dict]
    For further information visit https://errors.pydantic.dev/2.8/v/missing
issued
  Field required [type=missing, input_value={}, input_type=dict]
    For further information visit https://errors.pydantic.dev/2.8/v/missing
@type
  Field required [type=missing, input_value={}, input_type=dict]
    For further information visit https://errors.pydantic.dev/2.8/v/missing
modified
  Field required [type=missing, input_value={}, input_type=dict]
    For further information visit https://errors.pydantic.dev/2.8/v/missing
released
  Field required [type=missing, input_value={}, input_type=dict]
    For further information visit https://errors.pydantic.dev/2.8/v/missing
keyword
  Field required [type=missing, input_value={}, input_type=dict]
    For further information visit https://errors.pydantic.dev/2.8/v/missing
contactPoint
  Field required [type=missing, input_value={}, input_type=dict]
    For further information visit https://errors.pydantic.dev/2.8/v/missing
publisher
  Field required [type=missing, input_value={}, input_type=dict]
    For further information visit https://errors.pydantic.dev/2.8/v/missing
identifier
  Field required [type=missing, input_value={}, input_type=dict]
    For further information visit https://errors.pydantic.dev/2.8/v/missing
description
  Field required [type=missing, input_value={}, input_type=dict]
    For further information visit https://errors.pydantic.dev/2.8/v/missing
title
  Field required [type=missing, input_value={}, input_type=dict]
    For further information visit https://errors.pydantic.dev/2.8/v/missing
programCode
  Field required [type=missing, input_value={}, input_type=dict]
    For further information visit https://errors.pydantic.dev/2.8/v/missing
distribution
  Field required [type=missing, input_value={}, input_type=dict]
    For further information visit https://errors.pydantic.dev/2.8/v/missing
theme
  Field required [type=missing, input_value={}, input_type=dict]
    For further information visit https://errors.pydantic.dev/2.8/v/missing
2024-08-23 12:40:38 - ERROR - Validation error for dataset: Unknown title
Traceback (most recent call last):
  File "C:\Users\edmun\Projects\Repositories\healthpartners-interview\src\healthpartners_interview\download.py", line 31, in fetch_datasets
    dataset = Dataset(**current_item)
              ^^^^^^^^^^^^^^^^^^^^^^^
  File "C:\Users\edmun\Projects\Repositories\healthpartners-interview\.venv\Lib\site-packages\pydantic\main.py", line 193, in __init__
    self.__pydantic_validator__.validate_python(data, self_instance=self)
pydantic_core._pydantic_core.ValidationError: 16 validation errors for Dataset
accessLevel
  Field required [type=missing, input_value={}, input_type=dict]
    For further information visit https://errors.pydantic.dev/2.8/v/missing
landingPage
  Field required [type=missing, input_value={}, input_type=dict]
    For further information visit https://errors.pydantic.dev/2.8/v/missing
bureauCode
  Field required [type=missing, input_value={}, input_type=dict]
    For further information visit https://errors.pydantic.dev/2.8/v/missing
issued
  Field required [type=missing, input_value={}, input_type=dict]
    For further information visit https://errors.pydantic.dev/2.8/v/missing
@type
  Field required [type=missing, input_value={}, input_type=dict]
    For further information visit https://errors.pydantic.dev/2.8/v/missing
modified
  Field required [type=missing, input_value={}, input_type=dict]
    For further information visit https://errors.pydantic.dev/2.8/v/missing
released
  Field required [type=missing, input_value={}, input_type=dict]
    For further information visit https://errors.pydantic.dev/2.8/v/missing
keyword
  Field required [type=missing, input_value={}, input_type=dict]
    For further information visit https://errors.pydantic.dev/2.8/v/missing
contactPoint
  Field required [type=missing, input_value={}, input_type=dict]
    For further information visit https://errors.pydantic.dev/2.8/v/missing
publisher
  Field required [type=missing, input_value={}, input_type=dict]
    For further information visit https://errors.pydantic.dev/2.8/v/missing
identifier
  Field required [type=missing, input_value={}, input_type=dict]
    For further information visit https://errors.pydantic.dev/2.8/v/missing
description
  Field required [type=missing, input_value={}, input_type=dict]
    For further information visit https://errors.pydantic.dev/2.8/v/missing
title
  Field required [type=missing, input_value={}, input_type=dict]
    For further information visit https://errors.pydantic.dev/2.8/v/missing
programCode
  Field required [type=missing, input_value={}, input_type=dict]
    For further information visit https://errors.pydantic.dev/2.8/v/missing
distribution
  Field required [type=missing, input_value={}, input_type=dict]
    For further information visit https://errors.pydantic.dev/2.8/v/missing
theme
  Field required [type=missing, input_value={}, input_type=dict]
    For further information visit https://errors.pydantic.dev/2.8/v/missing
2024-08-23 12:40:38 - ERROR - Validation error for dataset: Unknown title
Traceback (most recent call last):
  File "C:\Users\edmun\Projects\Repositories\healthpartners-interview\src\healthpartners_interview\download.py", line 31, in fetch_datasets
    dataset = Dataset(**current_item)
              ^^^^^^^^^^^^^^^^^^^^^^^
  File "C:\Users\edmun\Projects\Repositories\healthpartners-interview\.venv\Lib\site-packages\pydantic\main.py", line 193, in __init__
    self.__pydantic_validator__.validate_python(data, self_instance=self)
pydantic_core._pydantic_core.ValidationError: 16 validation errors for Dataset
accessLevel
  Field required [type=missing, input_value={}, input_type=dict]
    For further information visit https://errors.pydantic.dev/2.8/v/missing
landingPage
  Field required [type=missing, input_value={}, input_type=dict]
    For further information visit https://errors.pydantic.dev/2.8/v/missing
bureauCode
  Field required [type=missing, input_value={}, input_type=dict]
    For further information visit https://errors.pydantic.dev/2.8/v/missing
issued
  Field required [type=missing, input_value={}, input_type=dict]
    For further information visit https://errors.pydantic.dev/2.8/v/missing
@type
  Field required [type=missing, input_value={}, input_type=dict]
    For further information visit https://errors.pydantic.dev/2.8/v/missing
modified
  Field required [type=missing, input_value={}, input_type=dict]
    For further information visit https://errors.pydantic.dev/2.8/v/missing
released
  Field required [type=missing, input_value={}, input_type=dict]
    For further information visit https://errors.pydantic.dev/2.8/v/missing
keyword
  Field required [type=missing, input_value={}, input_type=dict]
    For further information visit https://errors.pydantic.dev/2.8/v/missing
contactPoint
  Field required [type=missing, input_value={}, input_type=dict]
    For further information visit https://errors.pydantic.dev/2.8/v/missing
publisher
  Field required [type=missing, input_value={}, input_type=dict]
    For further information visit https://errors.pydantic.dev/2.8/v/missing
identifier
  Field required [type=missing, input_value={}, input_type=dict]
    For further information visit https://errors.pydantic.dev/2.8/v/missing
description
  Field required [type=missing, input_value={}, input_type=dict]
    For further information visit https://errors.pydantic.dev/2.8/v/missing
title
  Field required [type=missing, input_value={}, input_type=dict]
    For further information visit https://errors.pydantic.dev/2.8/v/missing
programCode
  Field required [type=missing, input_value={}, input_type=dict]
    For further information visit https://errors.pydantic.dev/2.8/v/missing
distribution
  Field required [type=missing, input_value={}, input_type=dict]
    For further information visit https://errors.pydantic.dev/2.8/v/missing
theme
  Field required [type=missing, input_value={}, input_type=dict]
    For further information visit https://errors.pydantic.dev/2.8/v/missing
2024-08-23 12:40:38 - ERROR - Validation error for dataset: Unknown title
Traceback (most recent call last):
  File "C:\Users\edmun\Projects\Repositories\healthpartners-interview\src\healthpartners_interview\download.py", line 31, in fetch_datasets
    dataset = Dataset(**current_item)
              ^^^^^^^^^^^^^^^^^^^^^^^
  File "C:\Users\edmun\Projects\Repositories\healthpartners-interview\.venv\Lib\site-packages\pydantic\main.py", line 193, in __init__
    self.__pydantic_validator__.validate_python(data, self_instance=self)
pydantic_core._pydantic_core.ValidationError: 16 validation errors for Dataset
accessLevel
  Field required [type=missing, input_value={'item': 'programCode'}, input_type=dict]
    For further information visit https://errors.pydantic.dev/2.8/v/missing
landingPage
  Field required [type=missing, input_value={'item': 'programCode'}, input_type=dict]
    For further information visit https://errors.pydantic.dev/2.8/v/missing
bureauCode
  Field required [type=missing, input_value={'item': 'programCode'}, input_type=dict]
    For further information visit https://errors.pydantic.dev/2.8/v/missing
issued
  Field required [type=missing, input_value={'item': 'programCode'}, input_type=dict]
    For further information visit https://errors.pydantic.dev/2.8/v/missing
@type
  Field required [type=missing, input_value={'item': 'programCode'}, input_type=dict]
    For further information visit https://errors.pydantic.dev/2.8/v/missing
modified
  Field required [type=missing, input_value={'item': 'programCode'}, input_type=dict]
    For further information visit https://errors.pydantic.dev/2.8/v/missing
released
  Field required [type=missing, input_value={'item': 'programCode'}, input_type=dict]
    For further information visit https://errors.pydantic.dev/2.8/v/missing
keyword
  Field required [type=missing, input_value={'item': 'programCode'}, input_type=dict]
    For further information visit https://errors.pydantic.dev/2.8/v/missing
contactPoint
  Field required [type=missing, input_value={'item': 'programCode'}, input_type=dict]
    For further information visit https://errors.pydantic.dev/2.8/v/missing
publisher
  Field required [type=missing, input_value={'item': 'programCode'}, input_type=dict]
    For further information visit https://errors.pydantic.dev/2.8/v/missing
identifier
  Field required [type=missing, input_value={'item': 'programCode'}, input_type=dict]
    For further information visit https://errors.pydantic.dev/2.8/v/missing
description
  Field required [type=missing, input_value={'item': 'programCode'}, input_type=dict]
    For further information visit https://errors.pydantic.dev/2.8/v/missing
title
  Field required [type=missing, input_value={'item': 'programCode'}, input_type=dict]
    For further information visit https://errors.pydantic.dev/2.8/v/missing
programCode
  Field required [type=missing, input_value={'item': 'programCode'}, input_type=dict]
    For further information visit https://errors.pydantic.dev/2.8/v/missing
distribution
  Field required [type=missing, input_value={'item': 'programCode'}, input_type=dict]
    For further information visit https://errors.pydantic.dev/2.8/v/missing
theme
  Field required [type=missing, input_value={'item': 'programCode'}, input_type=dict]
    For further information visit https://errors.pydantic.dev/2.8/v/missing
2024-08-23 12:40:38 - ERROR - Validation error for dataset: Unknown title
Traceback (most recent call last):
  File "C:\Users\edmun\Projects\Repositories\healthpartners-interview\src\healthpartners_interview\download.py", line 31, in fetch_datasets
    dataset = Dataset(**current_item)
              ^^^^^^^^^^^^^^^^^^^^^^^
  File "C:\Users\edmun\Projects\Repositories\healthpartners-interview\.venv\Lib\site-packages\pydantic\main.py", line 193, in __init__
    self.__pydantic_validator__.validate_python(data, self_instance=self)
pydantic_core._pydantic_core.ValidationError: 16 validation errors for Dataset
accessLevel
  Field required [type=missing, input_value={}, input_type=dict]
    For further information visit https://errors.pydantic.dev/2.8/v/missing
landingPage
  Field required [type=missing, input_value={}, input_type=dict]
    For further information visit https://errors.pydantic.dev/2.8/v/missing
bureauCode
  Field required [type=missing, input_value={}, input_type=dict]
    For further information visit https://errors.pydantic.dev/2.8/v/missing
issued
  Field required [type=missing, input_value={}, input_type=dict]
    For further information visit https://errors.pydantic.dev/2.8/v/missing
@type
  Field required [type=missing, input_value={}, input_type=dict]
    For further information visit https://errors.pydantic.dev/2.8/v/missing
modified
  Field required [type=missing, input_value={}, input_type=dict]
    For further information visit https://errors.pydantic.dev/2.8/v/missing
released
  Field required [type=missing, input_value={}, input_type=dict]
    For further information visit https://errors.pydantic.dev/2.8/v/missing
keyword
  Field required [type=missing, input_value={}, input_type=dict]
    For further information visit https://errors.pydantic.dev/2.8/v/missing
contactPoint
  Field required [type=missing, input_value={}, input_type=dict]
    For further information visit https://errors.pydantic.dev/2.8/v/missing
publisher
  Field required [type=missing, input_value={}, input_type=dict]
    For further information visit https://errors.pydantic.dev/2.8/v/missing
identifier
  Field required [type=missing, input_value={}, input_type=dict]
    For further information visit https://errors.pydantic.dev/2.8/v/missing
description
  Field required [type=missing, input_value={}, input_type=dict]
    For further information visit https://errors.pydantic.dev/2.8/v/missing
title
  Field required [type=missing, input_value={}, input_type=dict]
    For further information visit https://errors.pydantic.dev/2.8/v/missing
programCode
  Field required [type=missing, input_value={}, input_type=dict]
    For further information visit https://errors.pydantic.dev/2.8/v/missing
distribution
  Field required [type=missing, input_value={}, input_type=dict]
    For further information visit https://errors.pydantic.dev/2.8/v/missing
theme
  Field required [type=missing, input_value={}, input_type=dict]
    For further information visit https://errors.pydantic.dev/2.8/v/missing
2024-08-23 12:40:38 - ERROR - Validation error for dataset: Unknown title
Traceback (most recent call last):
  File "C:\Users\edmun\Projects\Repositories\healthpartners-interview\src\healthpartners_interview\download.py", line 31, in fetch_datasets
    dataset = Dataset(**current_item)
              ^^^^^^^^^^^^^^^^^^^^^^^
  File "C:\Users\edmun\Projects\Repositories\healthpartners-interview\.venv\Lib\site-packages\pydantic\main.py", line 193, in __init__
    self.__pydantic_validator__.validate_python(data, self_instance=self)
pydantic_core._pydantic_core.ValidationError: 16 validation errors for Dataset
accessLevel
  Field required [type=missing, input_value={}, input_type=dict]
    For further information visit https://errors.pydantic.dev/2.8/v/missing
landingPage
  Field required [type=missing, input_value={}, input_type=dict]
    For further information visit https://errors.pydantic.dev/2.8/v/missing
bureauCode
  Field required [type=missing, input_value={}, input_type=dict]
    For further information visit https://errors.pydantic.dev/2.8/v/missing
issued
  Field required [type=missing, input_value={}, input_type=dict]
    For further information visit https://errors.pydantic.dev/2.8/v/missing
@type
  Field required [type=missing, input_value={}, input_type=dict]
    For further information visit https://errors.pydantic.dev/2.8/v/missing
modified
  Field required [type=missing, input_value={}, input_type=dict]
    For further information visit https://errors.pydantic.dev/2.8/v/missing
released
  Field required [type=missing, input_value={}, input_type=dict]
    For further information visit https://errors.pydantic.dev/2.8/v/missing
keyword
  Field required [type=missing, input_value={}, input_type=dict]
    For further information visit https://errors.pydantic.dev/2.8/v/missing
contactPoint
  Field required [type=missing, input_value={}, input_type=dict]
    For further information visit https://errors.pydantic.dev/2.8/v/missing
publisher
  Field required [type=missing, input_value={}, input_type=dict]
    For further information visit https://errors.pydantic.dev/2.8/v/missing
identifier
  Field required [type=missing, input_value={}, input_type=dict]
    For further information visit https://errors.pydantic.dev/2.8/v/missing
description
  Field required [type=missing, input_value={}, input_type=dict]
    For further information visit https://errors.pydantic.dev/2.8/v/missing
title
  Field required [type=missing, input_value={}, input_type=dict]
    For further information visit https://errors.pydantic.dev/2.8/v/missing
programCode
  Field required [type=missing, input_value={}, input_type=dict]
    For further information visit https://errors.pydantic.dev/2.8/v/missing
distribution
  Field required [type=missing, input_value={}, input_type=dict]
    For further information visit https://errors.pydantic.dev/2.8/v/missing
theme
  Field required [type=missing, input_value={}, input_type=dict]
    For further information visit https://errors.pydantic.dev/2.8/v/missing
2024-08-23 12:40:38 - ERROR - Validation error for dataset: Unknown title
Traceback (most recent call last):
  File "C:\Users\edmun\Projects\Repositories\healthpartners-interview\src\healthpartners_interview\download.py", line 31, in fetch_datasets
    dataset = Dataset(**current_item)
              ^^^^^^^^^^^^^^^^^^^^^^^
  File "C:\Users\edmun\Projects\Repositories\healthpartners-interview\.venv\Lib\site-packages\pydantic\main.py", line 193, in __init__
    self.__pydantic_validator__.validate_python(data, self_instance=self)
pydantic_core._pydantic_core.ValidationError: 16 validation errors for Dataset
accessLevel
  Field required [type=missing, input_value={}, input_type=dict]
    For further information visit https://errors.pydantic.dev/2.8/v/missing
landingPage
  Field required [type=missing, input_value={}, input_type=dict]
    For further information visit https://errors.pydantic.dev/2.8/v/missing
bureauCode
  Field required [type=missing, input_value={}, input_type=dict]
    For further information visit https://errors.pydantic.dev/2.8/v/missing
issued
  Field required [type=missing, input_value={}, input_type=dict]
    For further information visit https://errors.pydantic.dev/2.8/v/missing
@type
  Field required [type=missing, input_value={}, input_type=dict]
    For further information visit https://errors.pydantic.dev/2.8/v/missing
modified
  Field required [type=missing, input_value={}, input_type=dict]
    For further information visit https://errors.pydantic.dev/2.8/v/missing
released
  Field required [type=missing, input_value={}, input_type=dict]
    For further information visit https://errors.pydantic.dev/2.8/v/missing
keyword
  Field required [type=missing, input_value={}, input_type=dict]
    For further information visit https://errors.pydantic.dev/2.8/v/missing
contactPoint
  Field required [type=missing, input_value={}, input_type=dict]
    For further information visit https://errors.pydantic.dev/2.8/v/missing
publisher
  Field required [type=missing, input_value={}, input_type=dict]
    For further information visit https://errors.pydantic.dev/2.8/v/missing
identifier
  Field required [type=missing, input_value={}, input_type=dict]
    For further information visit https://errors.pydantic.dev/2.8/v/missing
description
  Field required [type=missing, input_value={}, input_type=dict]
    For further information visit https://errors.pydantic.dev/2.8/v/missing
title
  Field required [type=missing, input_value={}, input_type=dict]
    For further information visit https://errors.pydantic.dev/2.8/v/missing
programCode
  Field required [type=missing, input_value={}, input_type=dict]
    For further information visit https://errors.pydantic.dev/2.8/v/missing
distribution
  Field required [type=missing, input_value={}, input_type=dict]
    For further information visit https://errors.pydantic.dev/2.8/v/missing
theme
  Field required [type=missing, input_value={}, input_type=dict]
    For further information visit https://errors.pydantic.dev/2.8/v/missing
2024-08-23 12:40:38 - ERROR - Validation error for dataset: Unknown title
Traceback (most recent call last):
  File "C:\Users\edmun\Projects\Repositories\healthpartners-interview\src\healthpartners_interview\download.py", line 31, in fetch_datasets
    dataset = Dataset(**current_item)
              ^^^^^^^^^^^^^^^^^^^^^^^
  File "C:\Users\edmun\Projects\Repositories\healthpartners-interview\.venv\Lib\site-packages\pydantic\main.py", line 193, in __init__
    self.__pydantic_validator__.validate_python(data, self_instance=self)
pydantic_core._pydantic_core.ValidationError: 16 validation errors for Dataset
accessLevel
  Field required [type=missing, input_value={'item': 'programCode'}, input_type=dict]
    For further information visit https://errors.pydantic.dev/2.8/v/missing
landingPage
  Field required [type=missing, input_value={'item': 'programCode'}, input_type=dict]
    For further information visit https://errors.pydantic.dev/2.8/v/missing
bureauCode
  Field required [type=missing, input_value={'item': 'programCode'}, input_type=dict]
    For further information visit https://errors.pydantic.dev/2.8/v/missing
issued
  Field required [type=missing, input_value={'item': 'programCode'}, input_type=dict]
    For further information visit https://errors.pydantic.dev/2.8/v/missing
@type
  Field required [type=missing, input_value={'item': 'programCode'}, input_type=dict]
    For further information visit https://errors.pydantic.dev/2.8/v/missing
modified
  Field required [type=missing, input_value={'item': 'programCode'}, input_type=dict]
    For further information visit https://errors.pydantic.dev/2.8/v/missing
released
  Field required [type=missing, input_value={'item': 'programCode'}, input_type=dict]
    For further information visit https://errors.pydantic.dev/2.8/v/missing
keyword
  Field required [type=missing, input_value={'item': 'programCode'}, input_type=dict]
    For further information visit https://errors.pydantic.dev/2.8/v/missing
contactPoint
  Field required [type=missing, input_value={'item': 'programCode'}, input_type=dict]
    For further information visit https://errors.pydantic.dev/2.8/v/missing
publisher
  Field required [type=missing, input_value={'item': 'programCode'}, input_type=dict]
    For further information visit https://errors.pydantic.dev/2.8/v/missing
identifier
  Field required [type=missing, input_value={'item': 'programCode'}, input_type=dict]
    For further information visit https://errors.pydantic.dev/2.8/v/missing
description
  Field required [type=missing, input_value={'item': 'programCode'}, input_type=dict]
    For further information visit https://errors.pydantic.dev/2.8/v/missing
title
  Field required [type=missing, input_value={'item': 'programCode'}, input_type=dict]
    For further information visit https://errors.pydantic.dev/2.8/v/missing
programCode
  Field required [type=missing, input_value={'item': 'programCode'}, input_type=dict]
    For further information visit https://errors.pydantic.dev/2.8/v/missing
distribution
  Field required [type=missing, input_value={'item': 'programCode'}, input_type=dict]
    For further information visit https://errors.pydantic.dev/2.8/v/missing
theme
  Field required [type=missing, input_value={'item': 'programCode'}, input_type=dict]
    For further information visit https://errors.pydantic.dev/2.8/v/missing
2024-08-23 12:40:38 - ERROR - Validation error for dataset: Unknown title
Traceback (most recent call last):
  File "C:\Users\edmun\Projects\Repositories\healthpartners-interview\src\healthpartners_interview\download.py", line 31, in fetch_datasets
    dataset = Dataset(**current_item)
              ^^^^^^^^^^^^^^^^^^^^^^^
  File "C:\Users\edmun\Projects\Repositories\healthpartners-interview\.venv\Lib\site-packages\pydantic\main.py", line 193, in __init__
    self.__pydantic_validator__.validate_python(data, self_instance=self)
pydantic_core._pydantic_core.ValidationError: 16 validation errors for Dataset
accessLevel
  Field required [type=missing, input_value={}, input_type=dict]
    For further information visit https://errors.pydantic.dev/2.8/v/missing
landingPage
  Field required [type=missing, input_value={}, input_type=dict]
    For further information visit https://errors.pydantic.dev/2.8/v/missing
bureauCode
  Field required [type=missing, input_value={}, input_type=dict]
    For further information visit https://errors.pydantic.dev/2.8/v/missing
issued
  Field required [type=missing, input_value={}, input_type=dict]
    For further information visit https://errors.pydantic.dev/2.8/v/missing
@type
  Field required [type=missing, input_value={}, input_type=dict]
    For further information visit https://errors.pydantic.dev/2.8/v/missing
modified
  Field required [type=missing, input_value={}, input_type=dict]
    For further information visit https://errors.pydantic.dev/2.8/v/missing
released
  Field required [type=missing, input_value={}, input_type=dict]
    For further information visit https://errors.pydantic.dev/2.8/v/missing
keyword
  Field required [type=missing, input_value={}, input_type=dict]
    For further information visit https://errors.pydantic.dev/2.8/v/missing
contactPoint
  Field required [type=missing, input_value={}, input_type=dict]
    For further information visit https://errors.pydantic.dev/2.8/v/missing
publisher
  Field required [type=missing, input_value={}, input_type=dict]
    For further information visit https://errors.pydantic.dev/2.8/v/missing
identifier
  Field required [type=missing, input_value={}, input_type=dict]
    For further information visit https://errors.pydantic.dev/2.8/v/missing
description
  Field required [type=missing, input_value={}, input_type=dict]
    For further information visit https://errors.pydantic.dev/2.8/v/missing
title
  Field required [type=missing, input_value={}, input_type=dict]
    For further information visit https://errors.pydantic.dev/2.8/v/missing
programCode
  Field required [type=missing, input_value={}, input_type=dict]
    For further information visit https://errors.pydantic.dev/2.8/v/missing
distribution
  Field required [type=missing, input_value={}, input_type=dict]
    For further information visit https://errors.pydantic.dev/2.8/v/missing
theme
  Field required [type=missing, input_value={}, input_type=dict]
    For further information visit https://errors.pydantic.dev/2.8/v/missing
2024-08-23 12:40:38 - ERROR - Validation error for dataset: Unknown title
Traceback (most recent call last):
  File "C:\Users\edmun\Projects\Repositories\healthpartners-interview\src\healthpartners_interview\download.py", line 31, in fetch_datasets
    dataset = Dataset(**current_item)
              ^^^^^^^^^^^^^^^^^^^^^^^
  File "C:\Users\edmun\Projects\Repositories\healthpartners-interview\.venv\Lib\site-packages\pydantic\main.py", line 193, in __init__
    self.__pydantic_validator__.validate_python(data, self_instance=self)
pydantic_core._pydantic_core.ValidationError: 16 validation errors for Dataset
accessLevel
  Field required [type=missing, input_value={}, input_type=dict]
    For further information visit https://errors.pydantic.dev/2.8/v/missing
landingPage
  Field required [type=missing, input_value={}, input_type=dict]
    For further information visit https://errors.pydantic.dev/2.8/v/missing
bureauCode
  Field required [type=missing, input_value={}, input_type=dict]
    For further information visit https://errors.pydantic.dev/2.8/v/missing
issued
  Field required [type=missing, input_value={}, input_type=dict]
    For further information visit https://errors.pydantic.dev/2.8/v/missing
@type
  Field required [type=missing, input_value={}, input_type=dict]
    For further information visit https://errors.pydantic.dev/2.8/v/missing
modified
  Field required [type=missing, input_value={}, input_type=dict]
    For further information visit https://errors.pydantic.dev/2.8/v/missing
released
  Field required [type=missing, input_value={}, input_type=dict]
    For further information visit https://errors.pydantic.dev/2.8/v/missing
keyword
  Field required [type=missing, input_value={}, input_type=dict]
    For further information visit https://errors.pydantic.dev/2.8/v/missing
contactPoint
  Field required [type=missing, input_value={}, input_type=dict]
    For further information visit https://errors.pydantic.dev/2.8/v/missing
publisher
  Field required [type=missing, input_value={}, input_type=dict]
    For further information visit https://errors.pydantic.dev/2.8/v/missing
identifier
  Field required [type=missing, input_value={}, input_type=dict]
    For further information visit https://errors.pydantic.dev/2.8/v/missing
description
  Field required [type=missing, input_value={}, input_type=dict]
    For further information visit https://errors.pydantic.dev/2.8/v/missing
title
  Field required [type=missing, input_value={}, input_type=dict]
    For further information visit https://errors.pydantic.dev/2.8/v/missing
programCode
  Field required [type=missing, input_value={}, input_type=dict]
    For further information visit https://errors.pydantic.dev/2.8/v/missing
distribution
  Field required [type=missing, input_value={}, input_type=dict]
    For further information visit https://errors.pydantic.dev/2.8/v/missing
theme
  Field required [type=missing, input_value={}, input_type=dict]
    For further information visit https://errors.pydantic.dev/2.8/v/missing
2024-08-23 12:40:38 - ERROR - Validation error for dataset: Unknown title
Traceback (most recent call last):
  File "C:\Users\edmun\Projects\Repositories\healthpartners-interview\src\healthpartners_interview\download.py", line 31, in fetch_datasets
    dataset = Dataset(**current_item)
              ^^^^^^^^^^^^^^^^^^^^^^^
  File "C:\Users\edmun\Projects\Repositories\healthpartners-interview\.venv\Lib\site-packages\pydantic\main.py", line 193, in __init__
    self.__pydantic_validator__.validate_python(data, self_instance=self)
pydantic_core._pydantic_core.ValidationError: 16 validation errors for Dataset
accessLevel
  Field required [type=missing, input_value={}, input_type=dict]
    For further information visit https://errors.pydantic.dev/2.8/v/missing
landingPage
  Field required [type=missing, input_value={}, input_type=dict]
    For further information visit https://errors.pydantic.dev/2.8/v/missing
bureauCode
  Field required [type=missing, input_value={}, input_type=dict]
    For further information visit https://errors.pydantic.dev/2.8/v/missing
issued
  Field required [type=missing, input_value={}, input_type=dict]
    For further information visit https://errors.pydantic.dev/2.8/v/missing
@type
  Field required [type=missing, input_value={}, input_type=dict]
    For further information visit https://errors.pydantic.dev/2.8/v/missing
modified
  Field required [type=missing, input_value={}, input_type=dict]
    For further information visit https://errors.pydantic.dev/2.8/v/missing
released
  Field required [type=missing, input_value={}, input_type=dict]
    For further information visit https://errors.pydantic.dev/2.8/v/missing
keyword
  Field required [type=missing, input_value={}, input_type=dict]
    For further information visit https://errors.pydantic.dev/2.8/v/missing
contactPoint
  Field required [type=missing, input_value={}, input_type=dict]
    For further information visit https://errors.pydantic.dev/2.8/v/missing
publisher
  Field required [type=missing, input_value={}, input_type=dict]
    For further information visit https://errors.pydantic.dev/2.8/v/missing
identifier
  Field required [type=missing, input_value={}, input_type=dict]
    For further information visit https://errors.pydantic.dev/2.8/v/missing
description
  Field required [type=missing, input_value={}, input_type=dict]
    For further information visit https://errors.pydantic.dev/2.8/v/missing
title
  Field required [type=missing, input_value={}, input_type=dict]
    For further information visit https://errors.pydantic.dev/2.8/v/missing
programCode
  Field required [type=missing, input_value={}, input_type=dict]
    For further information visit https://errors.pydantic.dev/2.8/v/missing
distribution
  Field required [type=missing, input_value={}, input_type=dict]
    For further information visit https://errors.pydantic.dev/2.8/v/missing
theme
  Field required [type=missing, input_value={}, input_type=dict]
    For further information visit https://errors.pydantic.dev/2.8/v/missing
2024-08-23 12:40:38 - ERROR - Validation error for dataset: Unknown title
Traceback (most recent call last):
  File "C:\Users\edmun\Projects\Repositories\healthpartners-interview\src\healthpartners_interview\download.py", line 31, in fetch_datasets
    dataset = Dataset(**current_item)
              ^^^^^^^^^^^^^^^^^^^^^^^
  File "C:\Users\edmun\Projects\Repositories\healthpartners-interview\.venv\Lib\site-packages\pydantic\main.py", line 193, in __init__
    self.__pydantic_validator__.validate_python(data, self_instance=self)
pydantic_core._pydantic_core.ValidationError: 16 validation errors for Dataset
accessLevel
  Field required [type=missing, input_value={'item': 'programCode'}, input_type=dict]
    For further information visit https://errors.pydantic.dev/2.8/v/missing
landingPage
  Field required [type=missing, input_value={'item': 'programCode'}, input_type=dict]
    For further information visit https://errors.pydantic.dev/2.8/v/missing
bureauCode
  Field required [type=missing, input_value={'item': 'programCode'}, input_type=dict]
    For further information visit https://errors.pydantic.dev/2.8/v/missing
issued
  Field required [type=missing, input_value={'item': 'programCode'}, input_type=dict]
    For further information visit https://errors.pydantic.dev/2.8/v/missing
@type
  Field required [type=missing, input_value={'item': 'programCode'}, input_type=dict]
    For further information visit https://errors.pydantic.dev/2.8/v/missing
modified
  Field required [type=missing, input_value={'item': 'programCode'}, input_type=dict]
    For further information visit https://errors.pydantic.dev/2.8/v/missing
released
  Field required [type=missing, input_value={'item': 'programCode'}, input_type=dict]
    For further information visit https://errors.pydantic.dev/2.8/v/missing
keyword
  Field required [type=missing, input_value={'item': 'programCode'}, input_type=dict]
    For further information visit https://errors.pydantic.dev/2.8/v/missing
contactPoint
  Field required [type=missing, input_value={'item': 'programCode'}, input_type=dict]
    For further information visit https://errors.pydantic.dev/2.8/v/missing
publisher
  Field required [type=missing, input_value={'item': 'programCode'}, input_type=dict]
    For further information visit https://errors.pydantic.dev/2.8/v/missing
identifier
  Field required [type=missing, input_value={'item': 'programCode'}, input_type=dict]
    For further information visit https://errors.pydantic.dev/2.8/v/missing
description
  Field required [type=missing, input_value={'item': 'programCode'}, input_type=dict]
    For further information visit https://errors.pydantic.dev/2.8/v/missing
title
  Field required [type=missing, input_value={'item': 'programCode'}, input_type=dict]
    For further information visit https://errors.pydantic.dev/2.8/v/missing
programCode
  Field required [type=missing, input_value={'item': 'programCode'}, input_type=dict]
    For further information visit https://errors.pydantic.dev/2.8/v/missing
distribution
  Field required [type=missing, input_value={'item': 'programCode'}, input_type=dict]
    For further information visit https://errors.pydantic.dev/2.8/v/missing
theme
  Field required [type=missing, input_value={'item': 'programCode'}, input_type=dict]
    For further information visit https://errors.pydantic.dev/2.8/v/missing
2024-08-23 12:40:38 - ERROR - Validation error for dataset: Unknown title
Traceback (most recent call last):
  File "C:\Users\edmun\Projects\Repositories\healthpartners-interview\src\healthpartners_interview\download.py", line 31, in fetch_datasets
    dataset = Dataset(**current_item)
              ^^^^^^^^^^^^^^^^^^^^^^^
  File "C:\Users\edmun\Projects\Repositories\healthpartners-interview\.venv\Lib\site-packages\pydantic\main.py", line 193, in __init__
    self.__pydantic_validator__.validate_python(data, self_instance=self)
pydantic_core._pydantic_core.ValidationError: 16 validation errors for Dataset
accessLevel
  Field required [type=missing, input_value={}, input_type=dict]
    For further information visit https://errors.pydantic.dev/2.8/v/missing
landingPage
  Field required [type=missing, input_value={}, input_type=dict]
    For further information visit https://errors.pydantic.dev/2.8/v/missing
bureauCode
  Field required [type=missing, input_value={}, input_type=dict]
    For further information visit https://errors.pydantic.dev/2.8/v/missing
issued
  Field required [type=missing, input_value={}, input_type=dict]
    For further information visit https://errors.pydantic.dev/2.8/v/missing
@type
  Field required [type=missing, input_value={}, input_type=dict]
    For further information visit https://errors.pydantic.dev/2.8/v/missing
modified
  Field required [type=missing, input_value={}, input_type=dict]
    For further information visit https://errors.pydantic.dev/2.8/v/missing
released
  Field required [type=missing, input_value={}, input_type=dict]
    For further information visit https://errors.pydantic.dev/2.8/v/missing
keyword
  Field required [type=missing, input_value={}, input_type=dict]
    For further information visit https://errors.pydantic.dev/2.8/v/missing
contactPoint
  Field required [type=missing, input_value={}, input_type=dict]
    For further information visit https://errors.pydantic.dev/2.8/v/missing
publisher
  Field required [type=missing, input_value={}, input_type=dict]
    For further information visit https://errors.pydantic.dev/2.8/v/missing
identifier
  Field required [type=missing, input_value={}, input_type=dict]
    For further information visit https://errors.pydantic.dev/2.8/v/missing
description
  Field required [type=missing, input_value={}, input_type=dict]
    For further information visit https://errors.pydantic.dev/2.8/v/missing
title
  Field required [type=missing, input_value={}, input_type=dict]
    For further information visit https://errors.pydantic.dev/2.8/v/missing
programCode
  Field required [type=missing, input_value={}, input_type=dict]
    For further information visit https://errors.pydantic.dev/2.8/v/missing
distribution
  Field required [type=missing, input_value={}, input_type=dict]
    For further information visit https://errors.pydantic.dev/2.8/v/missing
theme
  Field required [type=missing, input_value={}, input_type=dict]
    For further information visit https://errors.pydantic.dev/2.8/v/missing
2024-08-23 12:40:38 - ERROR - Validation error for dataset: Unknown title
Traceback (most recent call last):
  File "C:\Users\edmun\Projects\Repositories\healthpartners-interview\src\healthpartners_interview\download.py", line 31, in fetch_datasets
    dataset = Dataset(**current_item)
              ^^^^^^^^^^^^^^^^^^^^^^^
  File "C:\Users\edmun\Projects\Repositories\healthpartners-interview\.venv\Lib\site-packages\pydantic\main.py", line 193, in __init__
    self.__pydantic_validator__.validate_python(data, self_instance=self)
pydantic_core._pydantic_core.ValidationError: 16 validation errors for Dataset
accessLevel
  Field required [type=missing, input_value={}, input_type=dict]
    For further information visit https://errors.pydantic.dev/2.8/v/missing
landingPage
  Field required [type=missing, input_value={}, input_type=dict]
    For further information visit https://errors.pydantic.dev/2.8/v/missing
bureauCode
  Field required [type=missing, input_value={}, input_type=dict]
    For further information visit https://errors.pydantic.dev/2.8/v/missing
issued
  Field required [type=missing, input_value={}, input_type=dict]
    For further information visit https://errors.pydantic.dev/2.8/v/missing
@type
  Field required [type=missing, input_value={}, input_type=dict]
    For further information visit https://errors.pydantic.dev/2.8/v/missing
modified
  Field required [type=missing, input_value={}, input_type=dict]
    For further information visit https://errors.pydantic.dev/2.8/v/missing
released
  Field required [type=missing, input_value={}, input_type=dict]
    For further information visit https://errors.pydantic.dev/2.8/v/missing
keyword
  Field required [type=missing, input_value={}, input_type=dict]
    For further information visit https://errors.pydantic.dev/2.8/v/missing
contactPoint
  Field required [type=missing, input_value={}, input_type=dict]
    For further information visit https://errors.pydantic.dev/2.8/v/missing
publisher
  Field required [type=missing, input_value={}, input_type=dict]
    For further information visit https://errors.pydantic.dev/2.8/v/missing
identifier
  Field required [type=missing, input_value={}, input_type=dict]
    For further information visit https://errors.pydantic.dev/2.8/v/missing
description
  Field required [type=missing, input_value={}, input_type=dict]
    For further information visit https://errors.pydantic.dev/2.8/v/missing
title
  Field required [type=missing, input_value={}, input_type=dict]
    For further information visit https://errors.pydantic.dev/2.8/v/missing
programCode
  Field required [type=missing, input_value={}, input_type=dict]
    For further information visit https://errors.pydantic.dev/2.8/v/missing
distribution
  Field required [type=missing, input_value={}, input_type=dict]
    For further information visit https://errors.pydantic.dev/2.8/v/missing
theme
  Field required [type=missing, input_value={}, input_type=dict]
    For further information visit https://errors.pydantic.dev/2.8/v/missing
2024-08-23 12:40:38 - ERROR - Validation error for dataset: Unknown title
Traceback (most recent call last):
  File "C:\Users\edmun\Projects\Repositories\healthpartners-interview\src\healthpartners_interview\download.py", line 31, in fetch_datasets
    dataset = Dataset(**current_item)
              ^^^^^^^^^^^^^^^^^^^^^^^
  File "C:\Users\edmun\Projects\Repositories\healthpartners-interview\.venv\Lib\site-packages\pydantic\main.py", line 193, in __init__
    self.__pydantic_validator__.validate_python(data, self_instance=self)
pydantic_core._pydantic_core.ValidationError: 16 validation errors for Dataset
accessLevel
  Field required [type=missing, input_value={}, input_type=dict]
    For further information visit https://errors.pydantic.dev/2.8/v/missing
landingPage
  Field required [type=missing, input_value={}, input_type=dict]
    For further information visit https://errors.pydantic.dev/2.8/v/missing
bureauCode
  Field required [type=missing, input_value={}, input_type=dict]
    For further information visit https://errors.pydantic.dev/2.8/v/missing
issued
  Field required [type=missing, input_value={}, input_type=dict]
    For further information visit https://errors.pydantic.dev/2.8/v/missing
@type
  Field required [type=missing, input_value={}, input_type=dict]
    For further information visit https://errors.pydantic.dev/2.8/v/missing
modified
  Field required [type=missing, input_value={}, input_type=dict]
    For further information visit https://errors.pydantic.dev/2.8/v/missing
released
  Field required [type=missing, input_value={}, input_type=dict]
    For further information visit https://errors.pydantic.dev/2.8/v/missing
keyword
  Field required [type=missing, input_value={}, input_type=dict]
    For further information visit https://errors.pydantic.dev/2.8/v/missing
contactPoint
  Field required [type=missing, input_value={}, input_type=dict]
    For further information visit https://errors.pydantic.dev/2.8/v/missing
publisher
  Field required [type=missing, input_value={}, input_type=dict]
    For further information visit https://errors.pydantic.dev/2.8/v/missing
identifier
  Field required [type=missing, input_value={}, input_type=dict]
    For further information visit https://errors.pydantic.dev/2.8/v/missing
description
  Field required [type=missing, input_value={}, input_type=dict]
    For further information visit https://errors.pydantic.dev/2.8/v/missing
title
  Field required [type=missing, input_value={}, input_type=dict]
    For further information visit https://errors.pydantic.dev/2.8/v/missing
programCode
  Field required [type=missing, input_value={}, input_type=dict]
    For further information visit https://errors.pydantic.dev/2.8/v/missing
distribution
  Field required [type=missing, input_value={}, input_type=dict]
    For further information visit https://errors.pydantic.dev/2.8/v/missing
theme
  Field required [type=missing, input_value={}, input_type=dict]
    For further information visit https://errors.pydantic.dev/2.8/v/missing
2024-08-23 12:40:38 - ERROR - Validation error for dataset: Unknown title
Traceback (most recent call last):
  File "C:\Users\edmun\Projects\Repositories\healthpartners-interview\src\healthpartners_interview\download.py", line 31, in fetch_datasets
    dataset = Dataset(**current_item)
              ^^^^^^^^^^^^^^^^^^^^^^^
  File "C:\Users\edmun\Projects\Repositories\healthpartners-interview\.venv\Lib\site-packages\pydantic\main.py", line 193, in __init__
    self.__pydantic_validator__.validate_python(data, self_instance=self)
pydantic_core._pydantic_core.ValidationError: 16 validation errors for Dataset
accessLevel
  Field required [type=missing, input_value={'item': 'programCode'}, input_type=dict]
    For further information visit https://errors.pydantic.dev/2.8/v/missing
landingPage
  Field required [type=missing, input_value={'item': 'programCode'}, input_type=dict]
    For further information visit https://errors.pydantic.dev/2.8/v/missing
bureauCode
  Field required [type=missing, input_value={'item': 'programCode'}, input_type=dict]
    For further information visit https://errors.pydantic.dev/2.8/v/missing
issued
  Field required [type=missing, input_value={'item': 'programCode'}, input_type=dict]
    For further information visit https://errors.pydantic.dev/2.8/v/missing
@type
  Field required [type=missing, input_value={'item': 'programCode'}, input_type=dict]
    For further information visit https://errors.pydantic.dev/2.8/v/missing
modified
  Field required [type=missing, input_value={'item': 'programCode'}, input_type=dict]
    For further information visit https://errors.pydantic.dev/2.8/v/missing
released
  Field required [type=missing, input_value={'item': 'programCode'}, input_type=dict]
    For further information visit https://errors.pydantic.dev/2.8/v/missing
keyword
  Field required [type=missing, input_value={'item': 'programCode'}, input_type=dict]
    For further information visit https://errors.pydantic.dev/2.8/v/missing
contactPoint
  Field required [type=missing, input_value={'item': 'programCode'}, input_type=dict]
    For further information visit https://errors.pydantic.dev/2.8/v/missing
publisher
  Field required [type=missing, input_value={'item': 'programCode'}, input_type=dict]
    For further information visit https://errors.pydantic.dev/2.8/v/missing
identifier
  Field required [type=missing, input_value={'item': 'programCode'}, input_type=dict]
    For further information visit https://errors.pydantic.dev/2.8/v/missing
description
  Field required [type=missing, input_value={'item': 'programCode'}, input_type=dict]
    For further information visit https://errors.pydantic.dev/2.8/v/missing
title
  Field required [type=missing, input_value={'item': 'programCode'}, input_type=dict]
    For further information visit https://errors.pydantic.dev/2.8/v/missing
programCode
  Field required [type=missing, input_value={'item': 'programCode'}, input_type=dict]
    For further information visit https://errors.pydantic.dev/2.8/v/missing
distribution
  Field required [type=missing, input_value={'item': 'programCode'}, input_type=dict]
    For further information visit https://errors.pydantic.dev/2.8/v/missing
theme
  Field required [type=missing, input_value={'item': 'programCode'}, input_type=dict]
    For further information visit https://errors.pydantic.dev/2.8/v/missing
2024-08-23 12:40:38 - ERROR - Validation error for dataset: Unknown title
Traceback (most recent call last):
  File "C:\Users\edmun\Projects\Repositories\healthpartners-interview\src\healthpartners_interview\download.py", line 31, in fetch_datasets
    dataset = Dataset(**current_item)
              ^^^^^^^^^^^^^^^^^^^^^^^
  File "C:\Users\edmun\Projects\Repositories\healthpartners-interview\.venv\Lib\site-packages\pydantic\main.py", line 193, in __init__
    self.__pydantic_validator__.validate_python(data, self_instance=self)
pydantic_core._pydantic_core.ValidationError: 16 validation errors for Dataset
accessLevel
  Field required [type=missing, input_value={}, input_type=dict]
    For further information visit https://errors.pydantic.dev/2.8/v/missing
landingPage
  Field required [type=missing, input_value={}, input_type=dict]
    For further information visit https://errors.pydantic.dev/2.8/v/missing
bureauCode
  Field required [type=missing, input_value={}, input_type=dict]
    For further information visit https://errors.pydantic.dev/2.8/v/missing
issued
  Field required [type=missing, input_value={}, input_type=dict]
    For further information visit https://errors.pydantic.dev/2.8/v/missing
@type
  Field required [type=missing, input_value={}, input_type=dict]
    For further information visit https://errors.pydantic.dev/2.8/v/missing
modified
  Field required [type=missing, input_value={}, input_type=dict]
    For further information visit https://errors.pydantic.dev/2.8/v/missing
released
  Field required [type=missing, input_value={}, input_type=dict]
    For further information visit https://errors.pydantic.dev/2.8/v/missing
keyword
  Field required [type=missing, input_value={}, input_type=dict]
    For further information visit https://errors.pydantic.dev/2.8/v/missing
contactPoint
  Field required [type=missing, input_value={}, input_type=dict]
    For further information visit https://errors.pydantic.dev/2.8/v/missing
publisher
  Field required [type=missing, input_value={}, input_type=dict]
    For further information visit https://errors.pydantic.dev/2.8/v/missing
identifier
  Field required [type=missing, input_value={}, input_type=dict]
    For further information visit https://errors.pydantic.dev/2.8/v/missing
description
  Field required [type=missing, input_value={}, input_type=dict]
    For further information visit https://errors.pydantic.dev/2.8/v/missing
title
  Field required [type=missing, input_value={}, input_type=dict]
    For further information visit https://errors.pydantic.dev/2.8/v/missing
programCode
  Field required [type=missing, input_value={}, input_type=dict]
    For further information visit https://errors.pydantic.dev/2.8/v/missing
distribution
  Field required [type=missing, input_value={}, input_type=dict]
    For further information visit https://errors.pydantic.dev/2.8/v/missing
theme
  Field required [type=missing, input_value={}, input_type=dict]
    For further information visit https://errors.pydantic.dev/2.8/v/missing
2024-08-23 12:40:38 - ERROR - Validation error for dataset: Unknown title
Traceback (most recent call last):
  File "C:\Users\edmun\Projects\Repositories\healthpartners-interview\src\healthpartners_interview\download.py", line 31, in fetch_datasets
    dataset = Dataset(**current_item)
              ^^^^^^^^^^^^^^^^^^^^^^^
  File "C:\Users\edmun\Projects\Repositories\healthpartners-interview\.venv\Lib\site-packages\pydantic\main.py", line 193, in __init__
    self.__pydantic_validator__.validate_python(data, self_instance=self)
pydantic_core._pydantic_core.ValidationError: 16 validation errors for Dataset
accessLevel
  Field required [type=missing, input_value={}, input_type=dict]
    For further information visit https://errors.pydantic.dev/2.8/v/missing
landingPage
  Field required [type=missing, input_value={}, input_type=dict]
    For further information visit https://errors.pydantic.dev/2.8/v/missing
bureauCode
  Field required [type=missing, input_value={}, input_type=dict]
    For further information visit https://errors.pydantic.dev/2.8/v/missing
issued
  Field required [type=missing, input_value={}, input_type=dict]
    For further information visit https://errors.pydantic.dev/2.8/v/missing
@type
  Field required [type=missing, input_value={}, input_type=dict]
    For further information visit https://errors.pydantic.dev/2.8/v/missing
modified
  Field required [type=missing, input_value={}, input_type=dict]
    For further information visit https://errors.pydantic.dev/2.8/v/missing
released
  Field required [type=missing, input_value={}, input_type=dict]
    For further information visit https://errors.pydantic.dev/2.8/v/missing
keyword
  Field required [type=missing, input_value={}, input_type=dict]
    For further information visit https://errors.pydantic.dev/2.8/v/missing
contactPoint
  Field required [type=missing, input_value={}, input_type=dict]
    For further information visit https://errors.pydantic.dev/2.8/v/missing
publisher
  Field required [type=missing, input_value={}, input_type=dict]
    For further information visit https://errors.pydantic.dev/2.8/v/missing
identifier
  Field required [type=missing, input_value={}, input_type=dict]
    For further information visit https://errors.pydantic.dev/2.8/v/missing
description
  Field required [type=missing, input_value={}, input_type=dict]
    For further information visit https://errors.pydantic.dev/2.8/v/missing
title
  Field required [type=missing, input_value={}, input_type=dict]
    For further information visit https://errors.pydantic.dev/2.8/v/missing
programCode
  Field required [type=missing, input_value={}, input_type=dict]
    For further information visit https://errors.pydantic.dev/2.8/v/missing
distribution
  Field required [type=missing, input_value={}, input_type=dict]
    For further information visit https://errors.pydantic.dev/2.8/v/missing
theme
  Field required [type=missing, input_value={}, input_type=dict]
    For further information visit https://errors.pydantic.dev/2.8/v/missing
2024-08-23 12:40:38 - ERROR - Validation error for dataset: Unknown title
Traceback (most recent call last):
  File "C:\Users\edmun\Projects\Repositories\healthpartners-interview\src\healthpartners_interview\download.py", line 31, in fetch_datasets
    dataset = Dataset(**current_item)
              ^^^^^^^^^^^^^^^^^^^^^^^
  File "C:\Users\edmun\Projects\Repositories\healthpartners-interview\.venv\Lib\site-packages\pydantic\main.py", line 193, in __init__
    self.__pydantic_validator__.validate_python(data, self_instance=self)
pydantic_core._pydantic_core.ValidationError: 16 validation errors for Dataset
accessLevel
  Field required [type=missing, input_value={}, input_type=dict]
    For further information visit https://errors.pydantic.dev/2.8/v/missing
landingPage
  Field required [type=missing, input_value={}, input_type=dict]
    For further information visit https://errors.pydantic.dev/2.8/v/missing
bureauCode
  Field required [type=missing, input_value={}, input_type=dict]
    For further information visit https://errors.pydantic.dev/2.8/v/missing
issued
  Field required [type=missing, input_value={}, input_type=dict]
    For further information visit https://errors.pydantic.dev/2.8/v/missing
@type
  Field required [type=missing, input_value={}, input_type=dict]
    For further information visit https://errors.pydantic.dev/2.8/v/missing
modified
  Field required [type=missing, input_value={}, input_type=dict]
    For further information visit https://errors.pydantic.dev/2.8/v/missing
released
  Field required [type=missing, input_value={}, input_type=dict]
    For further information visit https://errors.pydantic.dev/2.8/v/missing
keyword
  Field required [type=missing, input_value={}, input_type=dict]
    For further information visit https://errors.pydantic.dev/2.8/v/missing
contactPoint
  Field required [type=missing, input_value={}, input_type=dict]
    For further information visit https://errors.pydantic.dev/2.8/v/missing
publisher
  Field required [type=missing, input_value={}, input_type=dict]
    For further information visit https://errors.pydantic.dev/2.8/v/missing
identifier
  Field required [type=missing, input_value={}, input_type=dict]
    For further information visit https://errors.pydantic.dev/2.8/v/missing
description
  Field required [type=missing, input_value={}, input_type=dict]
    For further information visit https://errors.pydantic.dev/2.8/v/missing
title
  Field required [type=missing, input_value={}, input_type=dict]
    For further information visit https://errors.pydantic.dev/2.8/v/missing
programCode
  Field required [type=missing, input_value={}, input_type=dict]
    For further information visit https://errors.pydantic.dev/2.8/v/missing
distribution
  Field required [type=missing, input_value={}, input_type=dict]
    For further information visit https://errors.pydantic.dev/2.8/v/missing
theme
  Field required [type=missing, input_value={}, input_type=dict]
    For further information visit https://errors.pydantic.dev/2.8/v/missing
2024-08-23 12:40:38 - ERROR - Validation error for dataset: Unknown title
Traceback (most recent call last):
  File "C:\Users\edmun\Projects\Repositories\healthpartners-interview\src\healthpartners_interview\download.py", line 31, in fetch_datasets
    dataset = Dataset(**current_item)
              ^^^^^^^^^^^^^^^^^^^^^^^
  File "C:\Users\edmun\Projects\Repositories\healthpartners-interview\.venv\Lib\site-packages\pydantic\main.py", line 193, in __init__
    self.__pydantic_validator__.validate_python(data, self_instance=self)
pydantic_core._pydantic_core.ValidationError: 16 validation errors for Dataset
accessLevel
  Field required [type=missing, input_value={'item': 'programCode'}, input_type=dict]
    For further information visit https://errors.pydantic.dev/2.8/v/missing
landingPage
  Field required [type=missing, input_value={'item': 'programCode'}, input_type=dict]
    For further information visit https://errors.pydantic.dev/2.8/v/missing
bureauCode
  Field required [type=missing, input_value={'item': 'programCode'}, input_type=dict]
    For further information visit https://errors.pydantic.dev/2.8/v/missing
issued
  Field required [type=missing, input_value={'item': 'programCode'}, input_type=dict]
    For further information visit https://errors.pydantic.dev/2.8/v/missing
@type
  Field required [type=missing, input_value={'item': 'programCode'}, input_type=dict]
    For further information visit https://errors.pydantic.dev/2.8/v/missing
modified
  Field required [type=missing, input_value={'item': 'programCode'}, input_type=dict]
    For further information visit https://errors.pydantic.dev/2.8/v/missing
released
  Field required [type=missing, input_value={'item': 'programCode'}, input_type=dict]
    For further information visit https://errors.pydantic.dev/2.8/v/missing
keyword
  Field required [type=missing, input_value={'item': 'programCode'}, input_type=dict]
    For further information visit https://errors.pydantic.dev/2.8/v/missing
contactPoint
  Field required [type=missing, input_value={'item': 'programCode'}, input_type=dict]
    For further information visit https://errors.pydantic.dev/2.8/v/missing
publisher
  Field required [type=missing, input_value={'item': 'programCode'}, input_type=dict]
    For further information visit https://errors.pydantic.dev/2.8/v/missing
identifier
  Field required [type=missing, input_value={'item': 'programCode'}, input_type=dict]
    For further information visit https://errors.pydantic.dev/2.8/v/missing
description
  Field required [type=missing, input_value={'item': 'programCode'}, input_type=dict]
    For further information visit https://errors.pydantic.dev/2.8/v/missing
title
  Field required [type=missing, input_value={'item': 'programCode'}, input_type=dict]
    For further information visit https://errors.pydantic.dev/2.8/v/missing
programCode
  Field required [type=missing, input_value={'item': 'programCode'}, input_type=dict]
    For further information visit https://errors.pydantic.dev/2.8/v/missing
distribution
  Field required [type=missing, input_value={'item': 'programCode'}, input_type=dict]
    For further information visit https://errors.pydantic.dev/2.8/v/missing
theme
  Field required [type=missing, input_value={'item': 'programCode'}, input_type=dict]
    For further information visit https://errors.pydantic.dev/2.8/v/missing
2024-08-23 12:40:38 - ERROR - Validation error for dataset: Unknown title
Traceback (most recent call last):
  File "C:\Users\edmun\Projects\Repositories\healthpartners-interview\src\healthpartners_interview\download.py", line 31, in fetch_datasets
    dataset = Dataset(**current_item)
              ^^^^^^^^^^^^^^^^^^^^^^^
  File "C:\Users\edmun\Projects\Repositories\healthpartners-interview\.venv\Lib\site-packages\pydantic\main.py", line 193, in __init__
    self.__pydantic_validator__.validate_python(data, self_instance=self)
pydantic_core._pydantic_core.ValidationError: 16 validation errors for Dataset
accessLevel
  Field required [type=missing, input_value={}, input_type=dict]
    For further information visit https://errors.pydantic.dev/2.8/v/missing
landingPage
  Field required [type=missing, input_value={}, input_type=dict]
    For further information visit https://errors.pydantic.dev/2.8/v/missing
bureauCode
  Field required [type=missing, input_value={}, input_type=dict]
    For further information visit https://errors.pydantic.dev/2.8/v/missing
issued
  Field required [type=missing, input_value={}, input_type=dict]
    For further information visit https://errors.pydantic.dev/2.8/v/missing
@type
  Field required [type=missing, input_value={}, input_type=dict]
    For further information visit https://errors.pydantic.dev/2.8/v/missing
modified
  Field required [type=missing, input_value={}, input_type=dict]
    For further information visit https://errors.pydantic.dev/2.8/v/missing
released
  Field required [type=missing, input_value={}, input_type=dict]
    For further information visit https://errors.pydantic.dev/2.8/v/missing
keyword
  Field required [type=missing, input_value={}, input_type=dict]
    For further information visit https://errors.pydantic.dev/2.8/v/missing
contactPoint
  Field required [type=missing, input_value={}, input_type=dict]
    For further information visit https://errors.pydantic.dev/2.8/v/missing
publisher
  Field required [type=missing, input_value={}, input_type=dict]
    For further information visit https://errors.pydantic.dev/2.8/v/missing
identifier
  Field required [type=missing, input_value={}, input_type=dict]
    For further information visit https://errors.pydantic.dev/2.8/v/missing
description
  Field required [type=missing, input_value={}, input_type=dict]
    For further information visit https://errors.pydantic.dev/2.8/v/missing
title
  Field required [type=missing, input_value={}, input_type=dict]
    For further information visit https://errors.pydantic.dev/2.8/v/missing
programCode
  Field required [type=missing, input_value={}, input_type=dict]
    For further information visit https://errors.pydantic.dev/2.8/v/missing
distribution
  Field required [type=missing, input_value={}, input_type=dict]
    For further information visit https://errors.pydantic.dev/2.8/v/missing
theme
  Field required [type=missing, input_value={}, input_type=dict]
    For further information visit https://errors.pydantic.dev/2.8/v/missing
2024-08-23 12:40:38 - ERROR - Validation error for dataset: Unknown title
Traceback (most recent call last):
  File "C:\Users\edmun\Projects\Repositories\healthpartners-interview\src\healthpartners_interview\download.py", line 31, in fetch_datasets
    dataset = Dataset(**current_item)
              ^^^^^^^^^^^^^^^^^^^^^^^
  File "C:\Users\edmun\Projects\Repositories\healthpartners-interview\.venv\Lib\site-packages\pydantic\main.py", line 193, in __init__
    self.__pydantic_validator__.validate_python(data, self_instance=self)
pydantic_core._pydantic_core.ValidationError: 16 validation errors for Dataset
accessLevel
  Field required [type=missing, input_value={}, input_type=dict]
    For further information visit https://errors.pydantic.dev/2.8/v/missing
landingPage
  Field required [type=missing, input_value={}, input_type=dict]
    For further information visit https://errors.pydantic.dev/2.8/v/missing
bureauCode
  Field required [type=missing, input_value={}, input_type=dict]
    For further information visit https://errors.pydantic.dev/2.8/v/missing
issued
  Field required [type=missing, input_value={}, input_type=dict]
    For further information visit https://errors.pydantic.dev/2.8/v/missing
@type
  Field required [type=missing, input_value={}, input_type=dict]
    For further information visit https://errors.pydantic.dev/2.8/v/missing
modified
  Field required [type=missing, input_value={}, input_type=dict]
    For further information visit https://errors.pydantic.dev/2.8/v/missing
released
  Field required [type=missing, input_value={}, input_type=dict]
    For further information visit https://errors.pydantic.dev/2.8/v/missing
keyword
  Field required [type=missing, input_value={}, input_type=dict]
    For further information visit https://errors.pydantic.dev/2.8/v/missing
contactPoint
  Field required [type=missing, input_value={}, input_type=dict]
    For further information visit https://errors.pydantic.dev/2.8/v/missing
publisher
  Field required [type=missing, input_value={}, input_type=dict]
    For further information visit https://errors.pydantic.dev/2.8/v/missing
identifier
  Field required [type=missing, input_value={}, input_type=dict]
    For further information visit https://errors.pydantic.dev/2.8/v/missing
description
  Field required [type=missing, input_value={}, input_type=dict]
    For further information visit https://errors.pydantic.dev/2.8/v/missing
title
  Field required [type=missing, input_value={}, input_type=dict]
    For further information visit https://errors.pydantic.dev/2.8/v/missing
programCode
  Field required [type=missing, input_value={}, input_type=dict]
    For further information visit https://errors.pydantic.dev/2.8/v/missing
distribution
  Field required [type=missing, input_value={}, input_type=dict]
    For further information visit https://errors.pydantic.dev/2.8/v/missing
theme
  Field required [type=missing, input_value={}, input_type=dict]
    For further information visit https://errors.pydantic.dev/2.8/v/missing
2024-08-23 12:40:38 - ERROR - Validation error for dataset: Unknown title
Traceback (most recent call last):
  File "C:\Users\edmun\Projects\Repositories\healthpartners-interview\src\healthpartners_interview\download.py", line 31, in fetch_datasets
    dataset = Dataset(**current_item)
              ^^^^^^^^^^^^^^^^^^^^^^^
  File "C:\Users\edmun\Projects\Repositories\healthpartners-interview\.venv\Lib\site-packages\pydantic\main.py", line 193, in __init__
    self.__pydantic_validator__.validate_python(data, self_instance=self)
pydantic_core._pydantic_core.ValidationError: 16 validation errors for Dataset
accessLevel
  Field required [type=missing, input_value={}, input_type=dict]
    For further information visit https://errors.pydantic.dev/2.8/v/missing
landingPage
  Field required [type=missing, input_value={}, input_type=dict]
    For further information visit https://errors.pydantic.dev/2.8/v/missing
bureauCode
  Field required [type=missing, input_value={}, input_type=dict]
    For further information visit https://errors.pydantic.dev/2.8/v/missing
issued
  Field required [type=missing, input_value={}, input_type=dict]
    For further information visit https://errors.pydantic.dev/2.8/v/missing
@type
  Field required [type=missing, input_value={}, input_type=dict]
    For further information visit https://errors.pydantic.dev/2.8/v/missing
modified
  Field required [type=missing, input_value={}, input_type=dict]
    For further information visit https://errors.pydantic.dev/2.8/v/missing
released
  Field required [type=missing, input_value={}, input_type=dict]
    For further information visit https://errors.pydantic.dev/2.8/v/missing
keyword
  Field required [type=missing, input_value={}, input_type=dict]
    For further information visit https://errors.pydantic.dev/2.8/v/missing
contactPoint
  Field required [type=missing, input_value={}, input_type=dict]
    For further information visit https://errors.pydantic.dev/2.8/v/missing
publisher
  Field required [type=missing, input_value={}, input_type=dict]
    For further information visit https://errors.pydantic.dev/2.8/v/missing
identifier
  Field required [type=missing, input_value={}, input_type=dict]
    For further information visit https://errors.pydantic.dev/2.8/v/missing
description
  Field required [type=missing, input_value={}, input_type=dict]
    For further information visit https://errors.pydantic.dev/2.8/v/missing
title
  Field required [type=missing, input_value={}, input_type=dict]
    For further information visit https://errors.pydantic.dev/2.8/v/missing
programCode
  Field required [type=missing, input_value={}, input_type=dict]
    For further information visit https://errors.pydantic.dev/2.8/v/missing
distribution
  Field required [type=missing, input_value={}, input_type=dict]
    For further information visit https://errors.pydantic.dev/2.8/v/missing
theme
  Field required [type=missing, input_value={}, input_type=dict]
    For further information visit https://errors.pydantic.dev/2.8/v/missing
2024-08-23 12:40:38 - ERROR - Validation error for dataset: Unknown title
Traceback (most recent call last):
  File "C:\Users\edmun\Projects\Repositories\healthpartners-interview\src\healthpartners_interview\download.py", line 31, in fetch_datasets
    dataset = Dataset(**current_item)
              ^^^^^^^^^^^^^^^^^^^^^^^
  File "C:\Users\edmun\Projects\Repositories\healthpartners-interview\.venv\Lib\site-packages\pydantic\main.py", line 193, in __init__
    self.__pydantic_validator__.validate_python(data, self_instance=self)
pydantic_core._pydantic_core.ValidationError: 16 validation errors for Dataset
accessLevel
  Field required [type=missing, input_value={'item': 'programCode'}, input_type=dict]
    For further information visit https://errors.pydantic.dev/2.8/v/missing
landingPage
  Field required [type=missing, input_value={'item': 'programCode'}, input_type=dict]
    For further information visit https://errors.pydantic.dev/2.8/v/missing
bureauCode
  Field required [type=missing, input_value={'item': 'programCode'}, input_type=dict]
    For further information visit https://errors.pydantic.dev/2.8/v/missing
issued
  Field required [type=missing, input_value={'item': 'programCode'}, input_type=dict]
    For further information visit https://errors.pydantic.dev/2.8/v/missing
@type
  Field required [type=missing, input_value={'item': 'programCode'}, input_type=dict]
    For further information visit https://errors.pydantic.dev/2.8/v/missing
modified
  Field required [type=missing, input_value={'item': 'programCode'}, input_type=dict]
    For further information visit https://errors.pydantic.dev/2.8/v/missing
released
  Field required [type=missing, input_value={'item': 'programCode'}, input_type=dict]
    For further information visit https://errors.pydantic.dev/2.8/v/missing
keyword
  Field required [type=missing, input_value={'item': 'programCode'}, input_type=dict]
    For further information visit https://errors.pydantic.dev/2.8/v/missing
contactPoint
  Field required [type=missing, input_value={'item': 'programCode'}, input_type=dict]
    For further information visit https://errors.pydantic.dev/2.8/v/missing
publisher
  Field required [type=missing, input_value={'item': 'programCode'}, input_type=dict]
    For further information visit https://errors.pydantic.dev/2.8/v/missing
identifier
  Field required [type=missing, input_value={'item': 'programCode'}, input_type=dict]
    For further information visit https://errors.pydantic.dev/2.8/v/missing
description
  Field required [type=missing, input_value={'item': 'programCode'}, input_type=dict]
    For further information visit https://errors.pydantic.dev/2.8/v/missing
title
  Field required [type=missing, input_value={'item': 'programCode'}, input_type=dict]
    For further information visit https://errors.pydantic.dev/2.8/v/missing
programCode
  Field required [type=missing, input_value={'item': 'programCode'}, input_type=dict]
    For further information visit https://errors.pydantic.dev/2.8/v/missing
distribution
  Field required [type=missing, input_value={'item': 'programCode'}, input_type=dict]
    For further information visit https://errors.pydantic.dev/2.8/v/missing
theme
  Field required [type=missing, input_value={'item': 'programCode'}, input_type=dict]
    For further information visit https://errors.pydantic.dev/2.8/v/missing
2024-08-23 12:40:38 - ERROR - Validation error for dataset: Unknown title
Traceback (most recent call last):
  File "C:\Users\edmun\Projects\Repositories\healthpartners-interview\src\healthpartners_interview\download.py", line 31, in fetch_datasets
    dataset = Dataset(**current_item)
              ^^^^^^^^^^^^^^^^^^^^^^^
  File "C:\Users\edmun\Projects\Repositories\healthpartners-interview\.venv\Lib\site-packages\pydantic\main.py", line 193, in __init__
    self.__pydantic_validator__.validate_python(data, self_instance=self)
pydantic_core._pydantic_core.ValidationError: 16 validation errors for Dataset
accessLevel
  Field required [type=missing, input_value={}, input_type=dict]
    For further information visit https://errors.pydantic.dev/2.8/v/missing
landingPage
  Field required [type=missing, input_value={}, input_type=dict]
    For further information visit https://errors.pydantic.dev/2.8/v/missing
bureauCode
  Field required [type=missing, input_value={}, input_type=dict]
    For further information visit https://errors.pydantic.dev/2.8/v/missing
issued
  Field required [type=missing, input_value={}, input_type=dict]
    For further information visit https://errors.pydantic.dev/2.8/v/missing
@type
  Field required [type=missing, input_value={}, input_type=dict]
    For further information visit https://errors.pydantic.dev/2.8/v/missing
modified
  Field required [type=missing, input_value={}, input_type=dict]
    For further information visit https://errors.pydantic.dev/2.8/v/missing
released
  Field required [type=missing, input_value={}, input_type=dict]
    For further information visit https://errors.pydantic.dev/2.8/v/missing
keyword
  Field required [type=missing, input_value={}, input_type=dict]
    For further information visit https://errors.pydantic.dev/2.8/v/missing
contactPoint
  Field required [type=missing, input_value={}, input_type=dict]
    For further information visit https://errors.pydantic.dev/2.8/v/missing
publisher
  Field required [type=missing, input_value={}, input_type=dict]
    For further information visit https://errors.pydantic.dev/2.8/v/missing
identifier
  Field required [type=missing, input_value={}, input_type=dict]
    For further information visit https://errors.pydantic.dev/2.8/v/missing
description
  Field required [type=missing, input_value={}, input_type=dict]
    For further information visit https://errors.pydantic.dev/2.8/v/missing
title
  Field required [type=missing, input_value={}, input_type=dict]
    For further information visit https://errors.pydantic.dev/2.8/v/missing
programCode
  Field required [type=missing, input_value={}, input_type=dict]
    For further information visit https://errors.pydantic.dev/2.8/v/missing
distribution
  Field required [type=missing, input_value={}, input_type=dict]
    For further information visit https://errors.pydantic.dev/2.8/v/missing
theme
  Field required [type=missing, input_value={}, input_type=dict]
    For further information visit https://errors.pydantic.dev/2.8/v/missing
2024-08-23 12:40:38 - ERROR - Validation error for dataset: Unknown title
Traceback (most recent call last):
  File "C:\Users\edmun\Projects\Repositories\healthpartners-interview\src\healthpartners_interview\download.py", line 31, in fetch_datasets
    dataset = Dataset(**current_item)
              ^^^^^^^^^^^^^^^^^^^^^^^
  File "C:\Users\edmun\Projects\Repositories\healthpartners-interview\.venv\Lib\site-packages\pydantic\main.py", line 193, in __init__
    self.__pydantic_validator__.validate_python(data, self_instance=self)
pydantic_core._pydantic_core.ValidationError: 16 validation errors for Dataset
accessLevel
  Field required [type=missing, input_value={}, input_type=dict]
    For further information visit https://errors.pydantic.dev/2.8/v/missing
landingPage
  Field required [type=missing, input_value={}, input_type=dict]
    For further information visit https://errors.pydantic.dev/2.8/v/missing
bureauCode
  Field required [type=missing, input_value={}, input_type=dict]
    For further information visit https://errors.pydantic.dev/2.8/v/missing
issued
  Field required [type=missing, input_value={}, input_type=dict]
    For further information visit https://errors.pydantic.dev/2.8/v/missing
@type
  Field required [type=missing, input_value={}, input_type=dict]
    For further information visit https://errors.pydantic.dev/2.8/v/missing
modified
  Field required [type=missing, input_value={}, input_type=dict]
    For further information visit https://errors.pydantic.dev/2.8/v/missing
released
  Field required [type=missing, input_value={}, input_type=dict]
    For further information visit https://errors.pydantic.dev/2.8/v/missing
keyword
  Field required [type=missing, input_value={}, input_type=dict]
    For further information visit https://errors.pydantic.dev/2.8/v/missing
contactPoint
  Field required [type=missing, input_value={}, input_type=dict]
    For further information visit https://errors.pydantic.dev/2.8/v/missing
publisher
  Field required [type=missing, input_value={}, input_type=dict]
    For further information visit https://errors.pydantic.dev/2.8/v/missing
identifier
  Field required [type=missing, input_value={}, input_type=dict]
    For further information visit https://errors.pydantic.dev/2.8/v/missing
description
  Field required [type=missing, input_value={}, input_type=dict]
    For further information visit https://errors.pydantic.dev/2.8/v/missing
title
  Field required [type=missing, input_value={}, input_type=dict]
    For further information visit https://errors.pydantic.dev/2.8/v/missing
programCode
  Field required [type=missing, input_value={}, input_type=dict]
    For further information visit https://errors.pydantic.dev/2.8/v/missing
distribution
  Field required [type=missing, input_value={}, input_type=dict]
    For further information visit https://errors.pydantic.dev/2.8/v/missing
theme
  Field required [type=missing, input_value={}, input_type=dict]
    For further information visit https://errors.pydantic.dev/2.8/v/missing
2024-08-23 12:40:38 - ERROR - Validation error for dataset: Unknown title
Traceback (most recent call last):
  File "C:\Users\edmun\Projects\Repositories\healthpartners-interview\src\healthpartners_interview\download.py", line 31, in fetch_datasets
    dataset = Dataset(**current_item)
              ^^^^^^^^^^^^^^^^^^^^^^^
  File "C:\Users\edmun\Projects\Repositories\healthpartners-interview\.venv\Lib\site-packages\pydantic\main.py", line 193, in __init__
    self.__pydantic_validator__.validate_python(data, self_instance=self)
pydantic_core._pydantic_core.ValidationError: 16 validation errors for Dataset
accessLevel
  Field required [type=missing, input_value={}, input_type=dict]
    For further information visit https://errors.pydantic.dev/2.8/v/missing
landingPage
  Field required [type=missing, input_value={}, input_type=dict]
    For further information visit https://errors.pydantic.dev/2.8/v/missing
bureauCode
  Field required [type=missing, input_value={}, input_type=dict]
    For further information visit https://errors.pydantic.dev/2.8/v/missing
issued
  Field required [type=missing, input_value={}, input_type=dict]
    For further information visit https://errors.pydantic.dev/2.8/v/missing
@type
  Field required [type=missing, input_value={}, input_type=dict]
    For further information visit https://errors.pydantic.dev/2.8/v/missing
modified
  Field required [type=missing, input_value={}, input_type=dict]
    For further information visit https://errors.pydantic.dev/2.8/v/missing
released
  Field required [type=missing, input_value={}, input_type=dict]
    For further information visit https://errors.pydantic.dev/2.8/v/missing
keyword
  Field required [type=missing, input_value={}, input_type=dict]
    For further information visit https://errors.pydantic.dev/2.8/v/missing
contactPoint
  Field required [type=missing, input_value={}, input_type=dict]
    For further information visit https://errors.pydantic.dev/2.8/v/missing
publisher
  Field required [type=missing, input_value={}, input_type=dict]
    For further information visit https://errors.pydantic.dev/2.8/v/missing
identifier
  Field required [type=missing, input_value={}, input_type=dict]
    For further information visit https://errors.pydantic.dev/2.8/v/missing
description
  Field required [type=missing, input_value={}, input_type=dict]
    For further information visit https://errors.pydantic.dev/2.8/v/missing
title
  Field required [type=missing, input_value={}, input_type=dict]
    For further information visit https://errors.pydantic.dev/2.8/v/missing
programCode
  Field required [type=missing, input_value={}, input_type=dict]
    For further information visit https://errors.pydantic.dev/2.8/v/missing
distribution
  Field required [type=missing, input_value={}, input_type=dict]
    For further information visit https://errors.pydantic.dev/2.8/v/missing
theme
  Field required [type=missing, input_value={}, input_type=dict]
    For further information visit https://errors.pydantic.dev/2.8/v/missing
2024-08-23 12:40:38 - ERROR - Validation error for dataset: Unknown title
Traceback (most recent call last):
  File "C:\Users\edmun\Projects\Repositories\healthpartners-interview\src\healthpartners_interview\download.py", line 31, in fetch_datasets
    dataset = Dataset(**current_item)
              ^^^^^^^^^^^^^^^^^^^^^^^
  File "C:\Users\edmun\Projects\Repositories\healthpartners-interview\.venv\Lib\site-packages\pydantic\main.py", line 193, in __init__
    self.__pydantic_validator__.validate_python(data, self_instance=self)
pydantic_core._pydantic_core.ValidationError: 16 validation errors for Dataset
accessLevel
  Field required [type=missing, input_value={'item': 'programCode'}, input_type=dict]
    For further information visit https://errors.pydantic.dev/2.8/v/missing
landingPage
  Field required [type=missing, input_value={'item': 'programCode'}, input_type=dict]
    For further information visit https://errors.pydantic.dev/2.8/v/missing
bureauCode
  Field required [type=missing, input_value={'item': 'programCode'}, input_type=dict]
    For further information visit https://errors.pydantic.dev/2.8/v/missing
issued
  Field required [type=missing, input_value={'item': 'programCode'}, input_type=dict]
    For further information visit https://errors.pydantic.dev/2.8/v/missing
@type
  Field required [type=missing, input_value={'item': 'programCode'}, input_type=dict]
    For further information visit https://errors.pydantic.dev/2.8/v/missing
modified
  Field required [type=missing, input_value={'item': 'programCode'}, input_type=dict]
    For further information visit https://errors.pydantic.dev/2.8/v/missing
released
  Field required [type=missing, input_value={'item': 'programCode'}, input_type=dict]
    For further information visit https://errors.pydantic.dev/2.8/v/missing
keyword
  Field required [type=missing, input_value={'item': 'programCode'}, input_type=dict]
    For further information visit https://errors.pydantic.dev/2.8/v/missing
contactPoint
  Field required [type=missing, input_value={'item': 'programCode'}, input_type=dict]
    For further information visit https://errors.pydantic.dev/2.8/v/missing
publisher
  Field required [type=missing, input_value={'item': 'programCode'}, input_type=dict]
    For further information visit https://errors.pydantic.dev/2.8/v/missing
identifier
  Field required [type=missing, input_value={'item': 'programCode'}, input_type=dict]
    For further information visit https://errors.pydantic.dev/2.8/v/missing
description
  Field required [type=missing, input_value={'item': 'programCode'}, input_type=dict]
    For further information visit https://errors.pydantic.dev/2.8/v/missing
title
  Field required [type=missing, input_value={'item': 'programCode'}, input_type=dict]
    For further information visit https://errors.pydantic.dev/2.8/v/missing
programCode
  Field required [type=missing, input_value={'item': 'programCode'}, input_type=dict]
    For further information visit https://errors.pydantic.dev/2.8/v/missing
distribution
  Field required [type=missing, input_value={'item': 'programCode'}, input_type=dict]
    For further information visit https://errors.pydantic.dev/2.8/v/missing
theme
  Field required [type=missing, input_value={'item': 'programCode'}, input_type=dict]
    For further information visit https://errors.pydantic.dev/2.8/v/missing
2024-08-23 12:40:38 - ERROR - Validation error for dataset: Unknown title
Traceback (most recent call last):
  File "C:\Users\edmun\Projects\Repositories\healthpartners-interview\src\healthpartners_interview\download.py", line 31, in fetch_datasets
    dataset = Dataset(**current_item)
              ^^^^^^^^^^^^^^^^^^^^^^^
  File "C:\Users\edmun\Projects\Repositories\healthpartners-interview\.venv\Lib\site-packages\pydantic\main.py", line 193, in __init__
    self.__pydantic_validator__.validate_python(data, self_instance=self)
pydantic_core._pydantic_core.ValidationError: 16 validation errors for Dataset
accessLevel
  Field required [type=missing, input_value={}, input_type=dict]
    For further information visit https://errors.pydantic.dev/2.8/v/missing
landingPage
  Field required [type=missing, input_value={}, input_type=dict]
    For further information visit https://errors.pydantic.dev/2.8/v/missing
bureauCode
  Field required [type=missing, input_value={}, input_type=dict]
    For further information visit https://errors.pydantic.dev/2.8/v/missing
issued
  Field required [type=missing, input_value={}, input_type=dict]
    For further information visit https://errors.pydantic.dev/2.8/v/missing
@type
  Field required [type=missing, input_value={}, input_type=dict]
    For further information visit https://errors.pydantic.dev/2.8/v/missing
modified
  Field required [type=missing, input_value={}, input_type=dict]
    For further information visit https://errors.pydantic.dev/2.8/v/missing
released
  Field required [type=missing, input_value={}, input_type=dict]
    For further information visit https://errors.pydantic.dev/2.8/v/missing
keyword
  Field required [type=missing, input_value={}, input_type=dict]
    For further information visit https://errors.pydantic.dev/2.8/v/missing
contactPoint
  Field required [type=missing, input_value={}, input_type=dict]
    For further information visit https://errors.pydantic.dev/2.8/v/missing
publisher
  Field required [type=missing, input_value={}, input_type=dict]
    For further information visit https://errors.pydantic.dev/2.8/v/missing
identifier
  Field required [type=missing, input_value={}, input_type=dict]
    For further information visit https://errors.pydantic.dev/2.8/v/missing
description
  Field required [type=missing, input_value={}, input_type=dict]
    For further information visit https://errors.pydantic.dev/2.8/v/missing
title
  Field required [type=missing, input_value={}, input_type=dict]
    For further information visit https://errors.pydantic.dev/2.8/v/missing
programCode
  Field required [type=missing, input_value={}, input_type=dict]
    For further information visit https://errors.pydantic.dev/2.8/v/missing
distribution
  Field required [type=missing, input_value={}, input_type=dict]
    For further information visit https://errors.pydantic.dev/2.8/v/missing
theme
  Field required [type=missing, input_value={}, input_type=dict]
    For further information visit https://errors.pydantic.dev/2.8/v/missing
2024-08-23 12:40:38 - ERROR - Validation error for dataset: Unknown title
Traceback (most recent call last):
  File "C:\Users\edmun\Projects\Repositories\healthpartners-interview\src\healthpartners_interview\download.py", line 31, in fetch_datasets
    dataset = Dataset(**current_item)
              ^^^^^^^^^^^^^^^^^^^^^^^
  File "C:\Users\edmun\Projects\Repositories\healthpartners-interview\.venv\Lib\site-packages\pydantic\main.py", line 193, in __init__
    self.__pydantic_validator__.validate_python(data, self_instance=self)
pydantic_core._pydantic_core.ValidationError: 16 validation errors for Dataset
accessLevel
  Field required [type=missing, input_value={}, input_type=dict]
    For further information visit https://errors.pydantic.dev/2.8/v/missing
landingPage
  Field required [type=missing, input_value={}, input_type=dict]
    For further information visit https://errors.pydantic.dev/2.8/v/missing
bureauCode
  Field required [type=missing, input_value={}, input_type=dict]
    For further information visit https://errors.pydantic.dev/2.8/v/missing
issued
  Field required [type=missing, input_value={}, input_type=dict]
    For further information visit https://errors.pydantic.dev/2.8/v/missing
@type
  Field required [type=missing, input_value={}, input_type=dict]
    For further information visit https://errors.pydantic.dev/2.8/v/missing
modified
  Field required [type=missing, input_value={}, input_type=dict]
    For further information visit https://errors.pydantic.dev/2.8/v/missing
released
  Field required [type=missing, input_value={}, input_type=dict]
    For further information visit https://errors.pydantic.dev/2.8/v/missing
keyword
  Field required [type=missing, input_value={}, input_type=dict]
    For further information visit https://errors.pydantic.dev/2.8/v/missing
contactPoint
  Field required [type=missing, input_value={}, input_type=dict]
    For further information visit https://errors.pydantic.dev/2.8/v/missing
publisher
  Field required [type=missing, input_value={}, input_type=dict]
    For further information visit https://errors.pydantic.dev/2.8/v/missing
identifier
  Field required [type=missing, input_value={}, input_type=dict]
    For further information visit https://errors.pydantic.dev/2.8/v/missing
description
  Field required [type=missing, input_value={}, input_type=dict]
    For further information visit https://errors.pydantic.dev/2.8/v/missing
title
  Field required [type=missing, input_value={}, input_type=dict]
    For further information visit https://errors.pydantic.dev/2.8/v/missing
programCode
  Field required [type=missing, input_value={}, input_type=dict]
    For further information visit https://errors.pydantic.dev/2.8/v/missing
distribution
  Field required [type=missing, input_value={}, input_type=dict]
    For further information visit https://errors.pydantic.dev/2.8/v/missing
theme
  Field required [type=missing, input_value={}, input_type=dict]
    For further information visit https://errors.pydantic.dev/2.8/v/missing
2024-08-23 12:40:38 - ERROR - Validation error for dataset: Unknown title
Traceback (most recent call last):
  File "C:\Users\edmun\Projects\Repositories\healthpartners-interview\src\healthpartners_interview\download.py", line 31, in fetch_datasets
    dataset = Dataset(**current_item)
              ^^^^^^^^^^^^^^^^^^^^^^^
  File "C:\Users\edmun\Projects\Repositories\healthpartners-interview\.venv\Lib\site-packages\pydantic\main.py", line 193, in __init__
    self.__pydantic_validator__.validate_python(data, self_instance=self)
pydantic_core._pydantic_core.ValidationError: 16 validation errors for Dataset
accessLevel
  Field required [type=missing, input_value={}, input_type=dict]
    For further information visit https://errors.pydantic.dev/2.8/v/missing
landingPage
  Field required [type=missing, input_value={}, input_type=dict]
    For further information visit https://errors.pydantic.dev/2.8/v/missing
bureauCode
  Field required [type=missing, input_value={}, input_type=dict]
    For further information visit https://errors.pydantic.dev/2.8/v/missing
issued
  Field required [type=missing, input_value={}, input_type=dict]
    For further information visit https://errors.pydantic.dev/2.8/v/missing
@type
  Field required [type=missing, input_value={}, input_type=dict]
    For further information visit https://errors.pydantic.dev/2.8/v/missing
modified
  Field required [type=missing, input_value={}, input_type=dict]
    For further information visit https://errors.pydantic.dev/2.8/v/missing
released
  Field required [type=missing, input_value={}, input_type=dict]
    For further information visit https://errors.pydantic.dev/2.8/v/missing
keyword
  Field required [type=missing, input_value={}, input_type=dict]
    For further information visit https://errors.pydantic.dev/2.8/v/missing
contactPoint
  Field required [type=missing, input_value={}, input_type=dict]
    For further information visit https://errors.pydantic.dev/2.8/v/missing
publisher
  Field required [type=missing, input_value={}, input_type=dict]
    For further information visit https://errors.pydantic.dev/2.8/v/missing
identifier
  Field required [type=missing, input_value={}, input_type=dict]
    For further information visit https://errors.pydantic.dev/2.8/v/missing
description
  Field required [type=missing, input_value={}, input_type=dict]
    For further information visit https://errors.pydantic.dev/2.8/v/missing
title
  Field required [type=missing, input_value={}, input_type=dict]
    For further information visit https://errors.pydantic.dev/2.8/v/missing
programCode
  Field required [type=missing, input_value={}, input_type=dict]
    For further information visit https://errors.pydantic.dev/2.8/v/missing
distribution
  Field required [type=missing, input_value={}, input_type=dict]
    For further information visit https://errors.pydantic.dev/2.8/v/missing
theme
  Field required [type=missing, input_value={}, input_type=dict]
    For further information visit https://errors.pydantic.dev/2.8/v/missing
2024-08-23 12:40:38 - ERROR - Validation error for dataset: Unknown title
Traceback (most recent call last):
  File "C:\Users\edmun\Projects\Repositories\healthpartners-interview\src\healthpartners_interview\download.py", line 31, in fetch_datasets
    dataset = Dataset(**current_item)
              ^^^^^^^^^^^^^^^^^^^^^^^
  File "C:\Users\edmun\Projects\Repositories\healthpartners-interview\.venv\Lib\site-packages\pydantic\main.py", line 193, in __init__
    self.__pydantic_validator__.validate_python(data, self_instance=self)
pydantic_core._pydantic_core.ValidationError: 16 validation errors for Dataset
accessLevel
  Field required [type=missing, input_value={'item': 'programCode'}, input_type=dict]
    For further information visit https://errors.pydantic.dev/2.8/v/missing
landingPage
  Field required [type=missing, input_value={'item': 'programCode'}, input_type=dict]
    For further information visit https://errors.pydantic.dev/2.8/v/missing
bureauCode
  Field required [type=missing, input_value={'item': 'programCode'}, input_type=dict]
    For further information visit https://errors.pydantic.dev/2.8/v/missing
issued
  Field required [type=missing, input_value={'item': 'programCode'}, input_type=dict]
    For further information visit https://errors.pydantic.dev/2.8/v/missing
@type
  Field required [type=missing, input_value={'item': 'programCode'}, input_type=dict]
    For further information visit https://errors.pydantic.dev/2.8/v/missing
modified
  Field required [type=missing, input_value={'item': 'programCode'}, input_type=dict]
    For further information visit https://errors.pydantic.dev/2.8/v/missing
released
  Field required [type=missing, input_value={'item': 'programCode'}, input_type=dict]
    For further information visit https://errors.pydantic.dev/2.8/v/missing
keyword
  Field required [type=missing, input_value={'item': 'programCode'}, input_type=dict]
    For further information visit https://errors.pydantic.dev/2.8/v/missing
contactPoint
  Field required [type=missing, input_value={'item': 'programCode'}, input_type=dict]
    For further information visit https://errors.pydantic.dev/2.8/v/missing
publisher
  Field required [type=missing, input_value={'item': 'programCode'}, input_type=dict]
    For further information visit https://errors.pydantic.dev/2.8/v/missing
identifier
  Field required [type=missing, input_value={'item': 'programCode'}, input_type=dict]
    For further information visit https://errors.pydantic.dev/2.8/v/missing
description
  Field required [type=missing, input_value={'item': 'programCode'}, input_type=dict]
    For further information visit https://errors.pydantic.dev/2.8/v/missing
title
  Field required [type=missing, input_value={'item': 'programCode'}, input_type=dict]
    For further information visit https://errors.pydantic.dev/2.8/v/missing
programCode
  Field required [type=missing, input_value={'item': 'programCode'}, input_type=dict]
    For further information visit https://errors.pydantic.dev/2.8/v/missing
distribution
  Field required [type=missing, input_value={'item': 'programCode'}, input_type=dict]
    For further information visit https://errors.pydantic.dev/2.8/v/missing
theme
  Field required [type=missing, input_value={'item': 'programCode'}, input_type=dict]
    For further information visit https://errors.pydantic.dev/2.8/v/missing
2024-08-23 12:40:38 - ERROR - Validation error for dataset: Unknown title
Traceback (most recent call last):
  File "C:\Users\edmun\Projects\Repositories\healthpartners-interview\src\healthpartners_interview\download.py", line 31, in fetch_datasets
    dataset = Dataset(**current_item)
              ^^^^^^^^^^^^^^^^^^^^^^^
  File "C:\Users\edmun\Projects\Repositories\healthpartners-interview\.venv\Lib\site-packages\pydantic\main.py", line 193, in __init__
    self.__pydantic_validator__.validate_python(data, self_instance=self)
pydantic_core._pydantic_core.ValidationError: 16 validation errors for Dataset
accessLevel
  Field required [type=missing, input_value={}, input_type=dict]
    For further information visit https://errors.pydantic.dev/2.8/v/missing
landingPage
  Field required [type=missing, input_value={}, input_type=dict]
    For further information visit https://errors.pydantic.dev/2.8/v/missing
bureauCode
  Field required [type=missing, input_value={}, input_type=dict]
    For further information visit https://errors.pydantic.dev/2.8/v/missing
issued
  Field required [type=missing, input_value={}, input_type=dict]
    For further information visit https://errors.pydantic.dev/2.8/v/missing
@type
  Field required [type=missing, input_value={}, input_type=dict]
    For further information visit https://errors.pydantic.dev/2.8/v/missing
modified
  Field required [type=missing, input_value={}, input_type=dict]
    For further information visit https://errors.pydantic.dev/2.8/v/missing
released
  Field required [type=missing, input_value={}, input_type=dict]
    For further information visit https://errors.pydantic.dev/2.8/v/missing
keyword
  Field required [type=missing, input_value={}, input_type=dict]
    For further information visit https://errors.pydantic.dev/2.8/v/missing
contactPoint
  Field required [type=missing, input_value={}, input_type=dict]
    For further information visit https://errors.pydantic.dev/2.8/v/missing
publisher
  Field required [type=missing, input_value={}, input_type=dict]
    For further information visit https://errors.pydantic.dev/2.8/v/missing
identifier
  Field required [type=missing, input_value={}, input_type=dict]
    For further information visit https://errors.pydantic.dev/2.8/v/missing
description
  Field required [type=missing, input_value={}, input_type=dict]
    For further information visit https://errors.pydantic.dev/2.8/v/missing
title
  Field required [type=missing, input_value={}, input_type=dict]
    For further information visit https://errors.pydantic.dev/2.8/v/missing
programCode
  Field required [type=missing, input_value={}, input_type=dict]
    For further information visit https://errors.pydantic.dev/2.8/v/missing
distribution
  Field required [type=missing, input_value={}, input_type=dict]
    For further information visit https://errors.pydantic.dev/2.8/v/missing
theme
  Field required [type=missing, input_value={}, input_type=dict]
    For further information visit https://errors.pydantic.dev/2.8/v/missing
2024-08-23 12:40:38 - ERROR - Validation error for dataset: Unknown title
Traceback (most recent call last):
  File "C:\Users\edmun\Projects\Repositories\healthpartners-interview\src\healthpartners_interview\download.py", line 31, in fetch_datasets
    dataset = Dataset(**current_item)
              ^^^^^^^^^^^^^^^^^^^^^^^
  File "C:\Users\edmun\Projects\Repositories\healthpartners-interview\.venv\Lib\site-packages\pydantic\main.py", line 193, in __init__
    self.__pydantic_validator__.validate_python(data, self_instance=self)
pydantic_core._pydantic_core.ValidationError: 16 validation errors for Dataset
accessLevel
  Field required [type=missing, input_value={}, input_type=dict]
    For further information visit https://errors.pydantic.dev/2.8/v/missing
landingPage
  Field required [type=missing, input_value={}, input_type=dict]
    For further information visit https://errors.pydantic.dev/2.8/v/missing
bureauCode
  Field required [type=missing, input_value={}, input_type=dict]
    For further information visit https://errors.pydantic.dev/2.8/v/missing
issued
  Field required [type=missing, input_value={}, input_type=dict]
    For further information visit https://errors.pydantic.dev/2.8/v/missing
@type
  Field required [type=missing, input_value={}, input_type=dict]
    For further information visit https://errors.pydantic.dev/2.8/v/missing
modified
  Field required [type=missing, input_value={}, input_type=dict]
    For further information visit https://errors.pydantic.dev/2.8/v/missing
released
  Field required [type=missing, input_value={}, input_type=dict]
    For further information visit https://errors.pydantic.dev/2.8/v/missing
keyword
  Field required [type=missing, input_value={}, input_type=dict]
    For further information visit https://errors.pydantic.dev/2.8/v/missing
contactPoint
  Field required [type=missing, input_value={}, input_type=dict]
    For further information visit https://errors.pydantic.dev/2.8/v/missing
publisher
  Field required [type=missing, input_value={}, input_type=dict]
    For further information visit https://errors.pydantic.dev/2.8/v/missing
identifier
  Field required [type=missing, input_value={}, input_type=dict]
    For further information visit https://errors.pydantic.dev/2.8/v/missing
description
  Field required [type=missing, input_value={}, input_type=dict]
    For further information visit https://errors.pydantic.dev/2.8/v/missing
title
  Field required [type=missing, input_value={}, input_type=dict]
    For further information visit https://errors.pydantic.dev/2.8/v/missing
programCode
  Field required [type=missing, input_value={}, input_type=dict]
    For further information visit https://errors.pydantic.dev/2.8/v/missing
distribution
  Field required [type=missing, input_value={}, input_type=dict]
    For further information visit https://errors.pydantic.dev/2.8/v/missing
theme
  Field required [type=missing, input_value={}, input_type=dict]
    For further information visit https://errors.pydantic.dev/2.8/v/missing
2024-08-23 12:40:38 - ERROR - Validation error for dataset: Unknown title
Traceback (most recent call last):
  File "C:\Users\edmun\Projects\Repositories\healthpartners-interview\src\healthpartners_interview\download.py", line 31, in fetch_datasets
    dataset = Dataset(**current_item)
              ^^^^^^^^^^^^^^^^^^^^^^^
  File "C:\Users\edmun\Projects\Repositories\healthpartners-interview\.venv\Lib\site-packages\pydantic\main.py", line 193, in __init__
    self.__pydantic_validator__.validate_python(data, self_instance=self)
pydantic_core._pydantic_core.ValidationError: 16 validation errors for Dataset
accessLevel
  Field required [type=missing, input_value={}, input_type=dict]
    For further information visit https://errors.pydantic.dev/2.8/v/missing
landingPage
  Field required [type=missing, input_value={}, input_type=dict]
    For further information visit https://errors.pydantic.dev/2.8/v/missing
bureauCode
  Field required [type=missing, input_value={}, input_type=dict]
    For further information visit https://errors.pydantic.dev/2.8/v/missing
issued
  Field required [type=missing, input_value={}, input_type=dict]
    For further information visit https://errors.pydantic.dev/2.8/v/missing
@type
  Field required [type=missing, input_value={}, input_type=dict]
    For further information visit https://errors.pydantic.dev/2.8/v/missing
modified
  Field required [type=missing, input_value={}, input_type=dict]
    For further information visit https://errors.pydantic.dev/2.8/v/missing
released
  Field required [type=missing, input_value={}, input_type=dict]
    For further information visit https://errors.pydantic.dev/2.8/v/missing
keyword
  Field required [type=missing, input_value={}, input_type=dict]
    For further information visit https://errors.pydantic.dev/2.8/v/missing
contactPoint
  Field required [type=missing, input_value={}, input_type=dict]
    For further information visit https://errors.pydantic.dev/2.8/v/missing
publisher
  Field required [type=missing, input_value={}, input_type=dict]
    For further information visit https://errors.pydantic.dev/2.8/v/missing
identifier
  Field required [type=missing, input_value={}, input_type=dict]
    For further information visit https://errors.pydantic.dev/2.8/v/missing
description
  Field required [type=missing, input_value={}, input_type=dict]
    For further information visit https://errors.pydantic.dev/2.8/v/missing
title
  Field required [type=missing, input_value={}, input_type=dict]
    For further information visit https://errors.pydantic.dev/2.8/v/missing
programCode
  Field required [type=missing, input_value={}, input_type=dict]
    For further information visit https://errors.pydantic.dev/2.8/v/missing
distribution
  Field required [type=missing, input_value={}, input_type=dict]
    For further information visit https://errors.pydantic.dev/2.8/v/missing
theme
  Field required [type=missing, input_value={}, input_type=dict]
    For further information visit https://errors.pydantic.dev/2.8/v/missing
2024-08-23 12:40:38 - ERROR - Validation error for dataset: Unknown title
Traceback (most recent call last):
  File "C:\Users\edmun\Projects\Repositories\healthpartners-interview\src\healthpartners_interview\download.py", line 31, in fetch_datasets
    dataset = Dataset(**current_item)
              ^^^^^^^^^^^^^^^^^^^^^^^
  File "C:\Users\edmun\Projects\Repositories\healthpartners-interview\.venv\Lib\site-packages\pydantic\main.py", line 193, in __init__
    self.__pydantic_validator__.validate_python(data, self_instance=self)
pydantic_core._pydantic_core.ValidationError: 16 validation errors for Dataset
accessLevel
  Field required [type=missing, input_value={'item': 'programCode'}, input_type=dict]
    For further information visit https://errors.pydantic.dev/2.8/v/missing
landingPage
  Field required [type=missing, input_value={'item': 'programCode'}, input_type=dict]
    For further information visit https://errors.pydantic.dev/2.8/v/missing
bureauCode
  Field required [type=missing, input_value={'item': 'programCode'}, input_type=dict]
    For further information visit https://errors.pydantic.dev/2.8/v/missing
issued
  Field required [type=missing, input_value={'item': 'programCode'}, input_type=dict]
    For further information visit https://errors.pydantic.dev/2.8/v/missing
@type
  Field required [type=missing, input_value={'item': 'programCode'}, input_type=dict]
    For further information visit https://errors.pydantic.dev/2.8/v/missing
modified
  Field required [type=missing, input_value={'item': 'programCode'}, input_type=dict]
    For further information visit https://errors.pydantic.dev/2.8/v/missing
released
  Field required [type=missing, input_value={'item': 'programCode'}, input_type=dict]
    For further information visit https://errors.pydantic.dev/2.8/v/missing
keyword
  Field required [type=missing, input_value={'item': 'programCode'}, input_type=dict]
    For further information visit https://errors.pydantic.dev/2.8/v/missing
contactPoint
  Field required [type=missing, input_value={'item': 'programCode'}, input_type=dict]
    For further information visit https://errors.pydantic.dev/2.8/v/missing
publisher
  Field required [type=missing, input_value={'item': 'programCode'}, input_type=dict]
    For further information visit https://errors.pydantic.dev/2.8/v/missing
identifier
  Field required [type=missing, input_value={'item': 'programCode'}, input_type=dict]
    For further information visit https://errors.pydantic.dev/2.8/v/missing
description
  Field required [type=missing, input_value={'item': 'programCode'}, input_type=dict]
    For further information visit https://errors.pydantic.dev/2.8/v/missing
title
  Field required [type=missing, input_value={'item': 'programCode'}, input_type=dict]
    For further information visit https://errors.pydantic.dev/2.8/v/missing
programCode
  Field required [type=missing, input_value={'item': 'programCode'}, input_type=dict]
    For further information visit https://errors.pydantic.dev/2.8/v/missing
distribution
  Field required [type=missing, input_value={'item': 'programCode'}, input_type=dict]
    For further information visit https://errors.pydantic.dev/2.8/v/missing
theme
  Field required [type=missing, input_value={'item': 'programCode'}, input_type=dict]
    For further information visit https://errors.pydantic.dev/2.8/v/missing
2024-08-23 12:40:38 - ERROR - Validation error for dataset: Unknown title
Traceback (most recent call last):
  File "C:\Users\edmun\Projects\Repositories\healthpartners-interview\src\healthpartners_interview\download.py", line 31, in fetch_datasets
    dataset = Dataset(**current_item)
              ^^^^^^^^^^^^^^^^^^^^^^^
  File "C:\Users\edmun\Projects\Repositories\healthpartners-interview\.venv\Lib\site-packages\pydantic\main.py", line 193, in __init__
    self.__pydantic_validator__.validate_python(data, self_instance=self)
pydantic_core._pydantic_core.ValidationError: 16 validation errors for Dataset
accessLevel
  Field required [type=missing, input_value={}, input_type=dict]
    For further information visit https://errors.pydantic.dev/2.8/v/missing
landingPage
  Field required [type=missing, input_value={}, input_type=dict]
    For further information visit https://errors.pydantic.dev/2.8/v/missing
bureauCode
  Field required [type=missing, input_value={}, input_type=dict]
    For further information visit https://errors.pydantic.dev/2.8/v/missing
issued
  Field required [type=missing, input_value={}, input_type=dict]
    For further information visit https://errors.pydantic.dev/2.8/v/missing
@type
  Field required [type=missing, input_value={}, input_type=dict]
    For further information visit https://errors.pydantic.dev/2.8/v/missing
modified
  Field required [type=missing, input_value={}, input_type=dict]
    For further information visit https://errors.pydantic.dev/2.8/v/missing
released
  Field required [type=missing, input_value={}, input_type=dict]
    For further information visit https://errors.pydantic.dev/2.8/v/missing
keyword
  Field required [type=missing, input_value={}, input_type=dict]
    For further information visit https://errors.pydantic.dev/2.8/v/missing
contactPoint
  Field required [type=missing, input_value={}, input_type=dict]
    For further information visit https://errors.pydantic.dev/2.8/v/missing
publisher
  Field required [type=missing, input_value={}, input_type=dict]
    For further information visit https://errors.pydantic.dev/2.8/v/missing
identifier
  Field required [type=missing, input_value={}, input_type=dict]
    For further information visit https://errors.pydantic.dev/2.8/v/missing
description
  Field required [type=missing, input_value={}, input_type=dict]
    For further information visit https://errors.pydantic.dev/2.8/v/missing
title
  Field required [type=missing, input_value={}, input_type=dict]
    For further information visit https://errors.pydantic.dev/2.8/v/missing
programCode
  Field required [type=missing, input_value={}, input_type=dict]
    For further information visit https://errors.pydantic.dev/2.8/v/missing
distribution
  Field required [type=missing, input_value={}, input_type=dict]
    For further information visit https://errors.pydantic.dev/2.8/v/missing
theme
  Field required [type=missing, input_value={}, input_type=dict]
    For further information visit https://errors.pydantic.dev/2.8/v/missing
2024-08-23 12:40:38 - ERROR - Validation error for dataset: Unknown title
Traceback (most recent call last):
  File "C:\Users\edmun\Projects\Repositories\healthpartners-interview\src\healthpartners_interview\download.py", line 31, in fetch_datasets
    dataset = Dataset(**current_item)
              ^^^^^^^^^^^^^^^^^^^^^^^
  File "C:\Users\edmun\Projects\Repositories\healthpartners-interview\.venv\Lib\site-packages\pydantic\main.py", line 193, in __init__
    self.__pydantic_validator__.validate_python(data, self_instance=self)
pydantic_core._pydantic_core.ValidationError: 16 validation errors for Dataset
accessLevel
  Field required [type=missing, input_value={}, input_type=dict]
    For further information visit https://errors.pydantic.dev/2.8/v/missing
landingPage
  Field required [type=missing, input_value={}, input_type=dict]
    For further information visit https://errors.pydantic.dev/2.8/v/missing
bureauCode
  Field required [type=missing, input_value={}, input_type=dict]
    For further information visit https://errors.pydantic.dev/2.8/v/missing
issued
  Field required [type=missing, input_value={}, input_type=dict]
    For further information visit https://errors.pydantic.dev/2.8/v/missing
@type
  Field required [type=missing, input_value={}, input_type=dict]
    For further information visit https://errors.pydantic.dev/2.8/v/missing
modified
  Field required [type=missing, input_value={}, input_type=dict]
    For further information visit https://errors.pydantic.dev/2.8/v/missing
released
  Field required [type=missing, input_value={}, input_type=dict]
    For further information visit https://errors.pydantic.dev/2.8/v/missing
keyword
  Field required [type=missing, input_value={}, input_type=dict]
    For further information visit https://errors.pydantic.dev/2.8/v/missing
contactPoint
  Field required [type=missing, input_value={}, input_type=dict]
    For further information visit https://errors.pydantic.dev/2.8/v/missing
publisher
  Field required [type=missing, input_value={}, input_type=dict]
    For further information visit https://errors.pydantic.dev/2.8/v/missing
identifier
  Field required [type=missing, input_value={}, input_type=dict]
    For further information visit https://errors.pydantic.dev/2.8/v/missing
description
  Field required [type=missing, input_value={}, input_type=dict]
    For further information visit https://errors.pydantic.dev/2.8/v/missing
title
  Field required [type=missing, input_value={}, input_type=dict]
    For further information visit https://errors.pydantic.dev/2.8/v/missing
programCode
  Field required [type=missing, input_value={}, input_type=dict]
    For further information visit https://errors.pydantic.dev/2.8/v/missing
distribution
  Field required [type=missing, input_value={}, input_type=dict]
    For further information visit https://errors.pydantic.dev/2.8/v/missing
theme
  Field required [type=missing, input_value={}, input_type=dict]
    For further information visit https://errors.pydantic.dev/2.8/v/missing
2024-08-23 12:40:38 - ERROR - Validation error for dataset: Unknown title
Traceback (most recent call last):
  File "C:\Users\edmun\Projects\Repositories\healthpartners-interview\src\healthpartners_interview\download.py", line 31, in fetch_datasets
    dataset = Dataset(**current_item)
              ^^^^^^^^^^^^^^^^^^^^^^^
  File "C:\Users\edmun\Projects\Repositories\healthpartners-interview\.venv\Lib\site-packages\pydantic\main.py", line 193, in __init__
    self.__pydantic_validator__.validate_python(data, self_instance=self)
pydantic_core._pydantic_core.ValidationError: 16 validation errors for Dataset
accessLevel
  Field required [type=missing, input_value={}, input_type=dict]
    For further information visit https://errors.pydantic.dev/2.8/v/missing
landingPage
  Field required [type=missing, input_value={}, input_type=dict]
    For further information visit https://errors.pydantic.dev/2.8/v/missing
bureauCode
  Field required [type=missing, input_value={}, input_type=dict]
    For further information visit https://errors.pydantic.dev/2.8/v/missing
issued
  Field required [type=missing, input_value={}, input_type=dict]
    For further information visit https://errors.pydantic.dev/2.8/v/missing
@type
  Field required [type=missing, input_value={}, input_type=dict]
    For further information visit https://errors.pydantic.dev/2.8/v/missing
modified
  Field required [type=missing, input_value={}, input_type=dict]
    For further information visit https://errors.pydantic.dev/2.8/v/missing
released
  Field required [type=missing, input_value={}, input_type=dict]
    For further information visit https://errors.pydantic.dev/2.8/v/missing
keyword
  Field required [type=missing, input_value={}, input_type=dict]
    For further information visit https://errors.pydantic.dev/2.8/v/missing
contactPoint
  Field required [type=missing, input_value={}, input_type=dict]
    For further information visit https://errors.pydantic.dev/2.8/v/missing
publisher
  Field required [type=missing, input_value={}, input_type=dict]
    For further information visit https://errors.pydantic.dev/2.8/v/missing
identifier
  Field required [type=missing, input_value={}, input_type=dict]
    For further information visit https://errors.pydantic.dev/2.8/v/missing
description
  Field required [type=missing, input_value={}, input_type=dict]
    For further information visit https://errors.pydantic.dev/2.8/v/missing
title
  Field required [type=missing, input_value={}, input_type=dict]
    For further information visit https://errors.pydantic.dev/2.8/v/missing
programCode
  Field required [type=missing, input_value={}, input_type=dict]
    For further information visit https://errors.pydantic.dev/2.8/v/missing
distribution
  Field required [type=missing, input_value={}, input_type=dict]
    For further information visit https://errors.pydantic.dev/2.8/v/missing
theme
  Field required [type=missing, input_value={}, input_type=dict]
    For further information visit https://errors.pydantic.dev/2.8/v/missing
2024-08-23 12:40:38 - ERROR - Validation error for dataset: Unknown title
Traceback (most recent call last):
  File "C:\Users\edmun\Projects\Repositories\healthpartners-interview\src\healthpartners_interview\download.py", line 31, in fetch_datasets
    dataset = Dataset(**current_item)
              ^^^^^^^^^^^^^^^^^^^^^^^
  File "C:\Users\edmun\Projects\Repositories\healthpartners-interview\.venv\Lib\site-packages\pydantic\main.py", line 193, in __init__
    self.__pydantic_validator__.validate_python(data, self_instance=self)
pydantic_core._pydantic_core.ValidationError: 16 validation errors for Dataset
accessLevel
  Field required [type=missing, input_value={'item': 'programCode'}, input_type=dict]
    For further information visit https://errors.pydantic.dev/2.8/v/missing
landingPage
  Field required [type=missing, input_value={'item': 'programCode'}, input_type=dict]
    For further information visit https://errors.pydantic.dev/2.8/v/missing
bureauCode
  Field required [type=missing, input_value={'item': 'programCode'}, input_type=dict]
    For further information visit https://errors.pydantic.dev/2.8/v/missing
issued
  Field required [type=missing, input_value={'item': 'programCode'}, input_type=dict]
    For further information visit https://errors.pydantic.dev/2.8/v/missing
@type
  Field required [type=missing, input_value={'item': 'programCode'}, input_type=dict]
    For further information visit https://errors.pydantic.dev/2.8/v/missing
modified
  Field required [type=missing, input_value={'item': 'programCode'}, input_type=dict]
    For further information visit https://errors.pydantic.dev/2.8/v/missing
released
  Field required [type=missing, input_value={'item': 'programCode'}, input_type=dict]
    For further information visit https://errors.pydantic.dev/2.8/v/missing
keyword
  Field required [type=missing, input_value={'item': 'programCode'}, input_type=dict]
    For further information visit https://errors.pydantic.dev/2.8/v/missing
contactPoint
  Field required [type=missing, input_value={'item': 'programCode'}, input_type=dict]
    For further information visit https://errors.pydantic.dev/2.8/v/missing
publisher
  Field required [type=missing, input_value={'item': 'programCode'}, input_type=dict]
    For further information visit https://errors.pydantic.dev/2.8/v/missing
identifier
  Field required [type=missing, input_value={'item': 'programCode'}, input_type=dict]
    For further information visit https://errors.pydantic.dev/2.8/v/missing
description
  Field required [type=missing, input_value={'item': 'programCode'}, input_type=dict]
    For further information visit https://errors.pydantic.dev/2.8/v/missing
title
  Field required [type=missing, input_value={'item': 'programCode'}, input_type=dict]
    For further information visit https://errors.pydantic.dev/2.8/v/missing
programCode
  Field required [type=missing, input_value={'item': 'programCode'}, input_type=dict]
    For further information visit https://errors.pydantic.dev/2.8/v/missing
distribution
  Field required [type=missing, input_value={'item': 'programCode'}, input_type=dict]
    For further information visit https://errors.pydantic.dev/2.8/v/missing
theme
  Field required [type=missing, input_value={'item': 'programCode'}, input_type=dict]
    For further information visit https://errors.pydantic.dev/2.8/v/missing
2024-08-23 12:40:38 - ERROR - Validation error for dataset: Unknown title
Traceback (most recent call last):
  File "C:\Users\edmun\Projects\Repositories\healthpartners-interview\src\healthpartners_interview\download.py", line 31, in fetch_datasets
    dataset = Dataset(**current_item)
              ^^^^^^^^^^^^^^^^^^^^^^^
  File "C:\Users\edmun\Projects\Repositories\healthpartners-interview\.venv\Lib\site-packages\pydantic\main.py", line 193, in __init__
    self.__pydantic_validator__.validate_python(data, self_instance=self)
pydantic_core._pydantic_core.ValidationError: 16 validation errors for Dataset
accessLevel
  Field required [type=missing, input_value={}, input_type=dict]
    For further information visit https://errors.pydantic.dev/2.8/v/missing
landingPage
  Field required [type=missing, input_value={}, input_type=dict]
    For further information visit https://errors.pydantic.dev/2.8/v/missing
bureauCode
  Field required [type=missing, input_value={}, input_type=dict]
    For further information visit https://errors.pydantic.dev/2.8/v/missing
issued
  Field required [type=missing, input_value={}, input_type=dict]
    For further information visit https://errors.pydantic.dev/2.8/v/missing
@type
  Field required [type=missing, input_value={}, input_type=dict]
    For further information visit https://errors.pydantic.dev/2.8/v/missing
modified
  Field required [type=missing, input_value={}, input_type=dict]
    For further information visit https://errors.pydantic.dev/2.8/v/missing
released
  Field required [type=missing, input_value={}, input_type=dict]
    For further information visit https://errors.pydantic.dev/2.8/v/missing
keyword
  Field required [type=missing, input_value={}, input_type=dict]
    For further information visit https://errors.pydantic.dev/2.8/v/missing
contactPoint
  Field required [type=missing, input_value={}, input_type=dict]
    For further information visit https://errors.pydantic.dev/2.8/v/missing
publisher
  Field required [type=missing, input_value={}, input_type=dict]
    For further information visit https://errors.pydantic.dev/2.8/v/missing
identifier
  Field required [type=missing, input_value={}, input_type=dict]
    For further information visit https://errors.pydantic.dev/2.8/v/missing
description
  Field required [type=missing, input_value={}, input_type=dict]
    For further information visit https://errors.pydantic.dev/2.8/v/missing
title
  Field required [type=missing, input_value={}, input_type=dict]
    For further information visit https://errors.pydantic.dev/2.8/v/missing
programCode
  Field required [type=missing, input_value={}, input_type=dict]
    For further information visit https://errors.pydantic.dev/2.8/v/missing
distribution
  Field required [type=missing, input_value={}, input_type=dict]
    For further information visit https://errors.pydantic.dev/2.8/v/missing
theme
  Field required [type=missing, input_value={}, input_type=dict]
    For further information visit https://errors.pydantic.dev/2.8/v/missing
2024-08-23 12:40:38 - ERROR - Validation error for dataset: Unknown title
Traceback (most recent call last):
  File "C:\Users\edmun\Projects\Repositories\healthpartners-interview\src\healthpartners_interview\download.py", line 31, in fetch_datasets
    dataset = Dataset(**current_item)
              ^^^^^^^^^^^^^^^^^^^^^^^
  File "C:\Users\edmun\Projects\Repositories\healthpartners-interview\.venv\Lib\site-packages\pydantic\main.py", line 193, in __init__
    self.__pydantic_validator__.validate_python(data, self_instance=self)
pydantic_core._pydantic_core.ValidationError: 16 validation errors for Dataset
accessLevel
  Field required [type=missing, input_value={}, input_type=dict]
    For further information visit https://errors.pydantic.dev/2.8/v/missing
landingPage
  Field required [type=missing, input_value={}, input_type=dict]
    For further information visit https://errors.pydantic.dev/2.8/v/missing
bureauCode
  Field required [type=missing, input_value={}, input_type=dict]
    For further information visit https://errors.pydantic.dev/2.8/v/missing
issued
  Field required [type=missing, input_value={}, input_type=dict]
    For further information visit https://errors.pydantic.dev/2.8/v/missing
@type
  Field required [type=missing, input_value={}, input_type=dict]
    For further information visit https://errors.pydantic.dev/2.8/v/missing
modified
  Field required [type=missing, input_value={}, input_type=dict]
    For further information visit https://errors.pydantic.dev/2.8/v/missing
released
  Field required [type=missing, input_value={}, input_type=dict]
    For further information visit https://errors.pydantic.dev/2.8/v/missing
keyword
  Field required [type=missing, input_value={}, input_type=dict]
    For further information visit https://errors.pydantic.dev/2.8/v/missing
contactPoint
  Field required [type=missing, input_value={}, input_type=dict]
    For further information visit https://errors.pydantic.dev/2.8/v/missing
publisher
  Field required [type=missing, input_value={}, input_type=dict]
    For further information visit https://errors.pydantic.dev/2.8/v/missing
identifier
  Field required [type=missing, input_value={}, input_type=dict]
    For further information visit https://errors.pydantic.dev/2.8/v/missing
description
  Field required [type=missing, input_value={}, input_type=dict]
    For further information visit https://errors.pydantic.dev/2.8/v/missing
title
  Field required [type=missing, input_value={}, input_type=dict]
    For further information visit https://errors.pydantic.dev/2.8/v/missing
programCode
  Field required [type=missing, input_value={}, input_type=dict]
    For further information visit https://errors.pydantic.dev/2.8/v/missing
distribution
  Field required [type=missing, input_value={}, input_type=dict]
    For further information visit https://errors.pydantic.dev/2.8/v/missing
theme
  Field required [type=missing, input_value={}, input_type=dict]
    For further information visit https://errors.pydantic.dev/2.8/v/missing
2024-08-23 12:40:38 - ERROR - Validation error for dataset: Unknown title
Traceback (most recent call last):
  File "C:\Users\edmun\Projects\Repositories\healthpartners-interview\src\healthpartners_interview\download.py", line 31, in fetch_datasets
    dataset = Dataset(**current_item)
              ^^^^^^^^^^^^^^^^^^^^^^^
  File "C:\Users\edmun\Projects\Repositories\healthpartners-interview\.venv\Lib\site-packages\pydantic\main.py", line 193, in __init__
    self.__pydantic_validator__.validate_python(data, self_instance=self)
pydantic_core._pydantic_core.ValidationError: 16 validation errors for Dataset
accessLevel
  Field required [type=missing, input_value={}, input_type=dict]
    For further information visit https://errors.pydantic.dev/2.8/v/missing
landingPage
  Field required [type=missing, input_value={}, input_type=dict]
    For further information visit https://errors.pydantic.dev/2.8/v/missing
bureauCode
  Field required [type=missing, input_value={}, input_type=dict]
    For further information visit https://errors.pydantic.dev/2.8/v/missing
issued
  Field required [type=missing, input_value={}, input_type=dict]
    For further information visit https://errors.pydantic.dev/2.8/v/missing
@type
  Field required [type=missing, input_value={}, input_type=dict]
    For further information visit https://errors.pydantic.dev/2.8/v/missing
modified
  Field required [type=missing, input_value={}, input_type=dict]
    For further information visit https://errors.pydantic.dev/2.8/v/missing
released
  Field required [type=missing, input_value={}, input_type=dict]
    For further information visit https://errors.pydantic.dev/2.8/v/missing
keyword
  Field required [type=missing, input_value={}, input_type=dict]
    For further information visit https://errors.pydantic.dev/2.8/v/missing
contactPoint
  Field required [type=missing, input_value={}, input_type=dict]
    For further information visit https://errors.pydantic.dev/2.8/v/missing
publisher
  Field required [type=missing, input_value={}, input_type=dict]
    For further information visit https://errors.pydantic.dev/2.8/v/missing
identifier
  Field required [type=missing, input_value={}, input_type=dict]
    For further information visit https://errors.pydantic.dev/2.8/v/missing
description
  Field required [type=missing, input_value={}, input_type=dict]
    For further information visit https://errors.pydantic.dev/2.8/v/missing
title
  Field required [type=missing, input_value={}, input_type=dict]
    For further information visit https://errors.pydantic.dev/2.8/v/missing
programCode
  Field required [type=missing, input_value={}, input_type=dict]
    For further information visit https://errors.pydantic.dev/2.8/v/missing
distribution
  Field required [type=missing, input_value={}, input_type=dict]
    For further information visit https://errors.pydantic.dev/2.8/v/missing
theme
  Field required [type=missing, input_value={}, input_type=dict]
    For further information visit https://errors.pydantic.dev/2.8/v/missing
2024-08-23 12:40:38 - ERROR - Validation error for dataset: Unknown title
Traceback (most recent call last):
  File "C:\Users\edmun\Projects\Repositories\healthpartners-interview\src\healthpartners_interview\download.py", line 31, in fetch_datasets
    dataset = Dataset(**current_item)
              ^^^^^^^^^^^^^^^^^^^^^^^
  File "C:\Users\edmun\Projects\Repositories\healthpartners-interview\.venv\Lib\site-packages\pydantic\main.py", line 193, in __init__
    self.__pydantic_validator__.validate_python(data, self_instance=self)
pydantic_core._pydantic_core.ValidationError: 16 validation errors for Dataset
accessLevel
  Field required [type=missing, input_value={'item': 'programCode'}, input_type=dict]
    For further information visit https://errors.pydantic.dev/2.8/v/missing
landingPage
  Field required [type=missing, input_value={'item': 'programCode'}, input_type=dict]
    For further information visit https://errors.pydantic.dev/2.8/v/missing
bureauCode
  Field required [type=missing, input_value={'item': 'programCode'}, input_type=dict]
    For further information visit https://errors.pydantic.dev/2.8/v/missing
issued
  Field required [type=missing, input_value={'item': 'programCode'}, input_type=dict]
    For further information visit https://errors.pydantic.dev/2.8/v/missing
@type
  Field required [type=missing, input_value={'item': 'programCode'}, input_type=dict]
    For further information visit https://errors.pydantic.dev/2.8/v/missing
modified
  Field required [type=missing, input_value={'item': 'programCode'}, input_type=dict]
    For further information visit https://errors.pydantic.dev/2.8/v/missing
released
  Field required [type=missing, input_value={'item': 'programCode'}, input_type=dict]
    For further information visit https://errors.pydantic.dev/2.8/v/missing
keyword
  Field required [type=missing, input_value={'item': 'programCode'}, input_type=dict]
    For further information visit https://errors.pydantic.dev/2.8/v/missing
contactPoint
  Field required [type=missing, input_value={'item': 'programCode'}, input_type=dict]
    For further information visit https://errors.pydantic.dev/2.8/v/missing
publisher
  Field required [type=missing, input_value={'item': 'programCode'}, input_type=dict]
    For further information visit https://errors.pydantic.dev/2.8/v/missing
identifier
  Field required [type=missing, input_value={'item': 'programCode'}, input_type=dict]
    For further information visit https://errors.pydantic.dev/2.8/v/missing
description
  Field required [type=missing, input_value={'item': 'programCode'}, input_type=dict]
    For further information visit https://errors.pydantic.dev/2.8/v/missing
title
  Field required [type=missing, input_value={'item': 'programCode'}, input_type=dict]
    For further information visit https://errors.pydantic.dev/2.8/v/missing
programCode
  Field required [type=missing, input_value={'item': 'programCode'}, input_type=dict]
    For further information visit https://errors.pydantic.dev/2.8/v/missing
distribution
  Field required [type=missing, input_value={'item': 'programCode'}, input_type=dict]
    For further information visit https://errors.pydantic.dev/2.8/v/missing
theme
  Field required [type=missing, input_value={'item': 'programCode'}, input_type=dict]
    For further information visit https://errors.pydantic.dev/2.8/v/missing
2024-08-23 12:40:38 - ERROR - Validation error for dataset: Unknown title
Traceback (most recent call last):
  File "C:\Users\edmun\Projects\Repositories\healthpartners-interview\src\healthpartners_interview\download.py", line 31, in fetch_datasets
    dataset = Dataset(**current_item)
              ^^^^^^^^^^^^^^^^^^^^^^^
  File "C:\Users\edmun\Projects\Repositories\healthpartners-interview\.venv\Lib\site-packages\pydantic\main.py", line 193, in __init__
    self.__pydantic_validator__.validate_python(data, self_instance=self)
pydantic_core._pydantic_core.ValidationError: 16 validation errors for Dataset
accessLevel
  Field required [type=missing, input_value={}, input_type=dict]
    For further information visit https://errors.pydantic.dev/2.8/v/missing
landingPage
  Field required [type=missing, input_value={}, input_type=dict]
    For further information visit https://errors.pydantic.dev/2.8/v/missing
bureauCode
  Field required [type=missing, input_value={}, input_type=dict]
    For further information visit https://errors.pydantic.dev/2.8/v/missing
issued
  Field required [type=missing, input_value={}, input_type=dict]
    For further information visit https://errors.pydantic.dev/2.8/v/missing
@type
  Field required [type=missing, input_value={}, input_type=dict]
    For further information visit https://errors.pydantic.dev/2.8/v/missing
modified
  Field required [type=missing, input_value={}, input_type=dict]
    For further information visit https://errors.pydantic.dev/2.8/v/missing
released
  Field required [type=missing, input_value={}, input_type=dict]
    For further information visit https://errors.pydantic.dev/2.8/v/missing
keyword
  Field required [type=missing, input_value={}, input_type=dict]
    For further information visit https://errors.pydantic.dev/2.8/v/missing
contactPoint
  Field required [type=missing, input_value={}, input_type=dict]
    For further information visit https://errors.pydantic.dev/2.8/v/missing
publisher
  Field required [type=missing, input_value={}, input_type=dict]
    For further information visit https://errors.pydantic.dev/2.8/v/missing
identifier
  Field required [type=missing, input_value={}, input_type=dict]
    For further information visit https://errors.pydantic.dev/2.8/v/missing
description
  Field required [type=missing, input_value={}, input_type=dict]
    For further information visit https://errors.pydantic.dev/2.8/v/missing
title
  Field required [type=missing, input_value={}, input_type=dict]
    For further information visit https://errors.pydantic.dev/2.8/v/missing
programCode
  Field required [type=missing, input_value={}, input_type=dict]
    For further information visit https://errors.pydantic.dev/2.8/v/missing
distribution
  Field required [type=missing, input_value={}, input_type=dict]
    For further information visit https://errors.pydantic.dev/2.8/v/missing
theme
  Field required [type=missing, input_value={}, input_type=dict]
    For further information visit https://errors.pydantic.dev/2.8/v/missing
2024-08-23 12:40:38 - ERROR - Validation error for dataset: Unknown title
Traceback (most recent call last):
  File "C:\Users\edmun\Projects\Repositories\healthpartners-interview\src\healthpartners_interview\download.py", line 31, in fetch_datasets
    dataset = Dataset(**current_item)
              ^^^^^^^^^^^^^^^^^^^^^^^
  File "C:\Users\edmun\Projects\Repositories\healthpartners-interview\.venv\Lib\site-packages\pydantic\main.py", line 193, in __init__
    self.__pydantic_validator__.validate_python(data, self_instance=self)
pydantic_core._pydantic_core.ValidationError: 16 validation errors for Dataset
accessLevel
  Field required [type=missing, input_value={}, input_type=dict]
    For further information visit https://errors.pydantic.dev/2.8/v/missing
landingPage
  Field required [type=missing, input_value={}, input_type=dict]
    For further information visit https://errors.pydantic.dev/2.8/v/missing
bureauCode
  Field required [type=missing, input_value={}, input_type=dict]
    For further information visit https://errors.pydantic.dev/2.8/v/missing
issued
  Field required [type=missing, input_value={}, input_type=dict]
    For further information visit https://errors.pydantic.dev/2.8/v/missing
@type
  Field required [type=missing, input_value={}, input_type=dict]
    For further information visit https://errors.pydantic.dev/2.8/v/missing
modified
  Field required [type=missing, input_value={}, input_type=dict]
    For further information visit https://errors.pydantic.dev/2.8/v/missing
released
  Field required [type=missing, input_value={}, input_type=dict]
    For further information visit https://errors.pydantic.dev/2.8/v/missing
keyword
  Field required [type=missing, input_value={}, input_type=dict]
    For further information visit https://errors.pydantic.dev/2.8/v/missing
contactPoint
  Field required [type=missing, input_value={}, input_type=dict]
    For further information visit https://errors.pydantic.dev/2.8/v/missing
publisher
  Field required [type=missing, input_value={}, input_type=dict]
    For further information visit https://errors.pydantic.dev/2.8/v/missing
identifier
  Field required [type=missing, input_value={}, input_type=dict]
    For further information visit https://errors.pydantic.dev/2.8/v/missing
description
  Field required [type=missing, input_value={}, input_type=dict]
    For further information visit https://errors.pydantic.dev/2.8/v/missing
title
  Field required [type=missing, input_value={}, input_type=dict]
    For further information visit https://errors.pydantic.dev/2.8/v/missing
programCode
  Field required [type=missing, input_value={}, input_type=dict]
    For further information visit https://errors.pydantic.dev/2.8/v/missing
distribution
  Field required [type=missing, input_value={}, input_type=dict]
    For further information visit https://errors.pydantic.dev/2.8/v/missing
theme
  Field required [type=missing, input_value={}, input_type=dict]
    For further information visit https://errors.pydantic.dev/2.8/v/missing
2024-08-23 12:40:38 - ERROR - Validation error for dataset: Unknown title
Traceback (most recent call last):
  File "C:\Users\edmun\Projects\Repositories\healthpartners-interview\src\healthpartners_interview\download.py", line 31, in fetch_datasets
    dataset = Dataset(**current_item)
              ^^^^^^^^^^^^^^^^^^^^^^^
  File "C:\Users\edmun\Projects\Repositories\healthpartners-interview\.venv\Lib\site-packages\pydantic\main.py", line 193, in __init__
    self.__pydantic_validator__.validate_python(data, self_instance=self)
pydantic_core._pydantic_core.ValidationError: 16 validation errors for Dataset
accessLevel
  Field required [type=missing, input_value={}, input_type=dict]
    For further information visit https://errors.pydantic.dev/2.8/v/missing
landingPage
  Field required [type=missing, input_value={}, input_type=dict]
    For further information visit https://errors.pydantic.dev/2.8/v/missing
bureauCode
  Field required [type=missing, input_value={}, input_type=dict]
    For further information visit https://errors.pydantic.dev/2.8/v/missing
issued
  Field required [type=missing, input_value={}, input_type=dict]
    For further information visit https://errors.pydantic.dev/2.8/v/missing
@type
  Field required [type=missing, input_value={}, input_type=dict]
    For further information visit https://errors.pydantic.dev/2.8/v/missing
modified
  Field required [type=missing, input_value={}, input_type=dict]
    For further information visit https://errors.pydantic.dev/2.8/v/missing
released
  Field required [type=missing, input_value={}, input_type=dict]
    For further information visit https://errors.pydantic.dev/2.8/v/missing
keyword
  Field required [type=missing, input_value={}, input_type=dict]
    For further information visit https://errors.pydantic.dev/2.8/v/missing
contactPoint
  Field required [type=missing, input_value={}, input_type=dict]
    For further information visit https://errors.pydantic.dev/2.8/v/missing
publisher
  Field required [type=missing, input_value={}, input_type=dict]
    For further information visit https://errors.pydantic.dev/2.8/v/missing
identifier
  Field required [type=missing, input_value={}, input_type=dict]
    For further information visit https://errors.pydantic.dev/2.8/v/missing
description
  Field required [type=missing, input_value={}, input_type=dict]
    For further information visit https://errors.pydantic.dev/2.8/v/missing
title
  Field required [type=missing, input_value={}, input_type=dict]
    For further information visit https://errors.pydantic.dev/2.8/v/missing
programCode
  Field required [type=missing, input_value={}, input_type=dict]
    For further information visit https://errors.pydantic.dev/2.8/v/missing
distribution
  Field required [type=missing, input_value={}, input_type=dict]
    For further information visit https://errors.pydantic.dev/2.8/v/missing
theme
  Field required [type=missing, input_value={}, input_type=dict]
    For further information visit https://errors.pydantic.dev/2.8/v/missing
2024-08-23 12:40:38 - ERROR - Validation error for dataset: Unknown title
Traceback (most recent call last):
  File "C:\Users\edmun\Projects\Repositories\healthpartners-interview\src\healthpartners_interview\download.py", line 31, in fetch_datasets
    dataset = Dataset(**current_item)
              ^^^^^^^^^^^^^^^^^^^^^^^
  File "C:\Users\edmun\Projects\Repositories\healthpartners-interview\.venv\Lib\site-packages\pydantic\main.py", line 193, in __init__
    self.__pydantic_validator__.validate_python(data, self_instance=self)
pydantic_core._pydantic_core.ValidationError: 16 validation errors for Dataset
accessLevel
  Field required [type=missing, input_value={'item': 'programCode'}, input_type=dict]
    For further information visit https://errors.pydantic.dev/2.8/v/missing
landingPage
  Field required [type=missing, input_value={'item': 'programCode'}, input_type=dict]
    For further information visit https://errors.pydantic.dev/2.8/v/missing
bureauCode
  Field required [type=missing, input_value={'item': 'programCode'}, input_type=dict]
    For further information visit https://errors.pydantic.dev/2.8/v/missing
issued
  Field required [type=missing, input_value={'item': 'programCode'}, input_type=dict]
    For further information visit https://errors.pydantic.dev/2.8/v/missing
@type
  Field required [type=missing, input_value={'item': 'programCode'}, input_type=dict]
    For further information visit https://errors.pydantic.dev/2.8/v/missing
modified
  Field required [type=missing, input_value={'item': 'programCode'}, input_type=dict]
    For further information visit https://errors.pydantic.dev/2.8/v/missing
released
  Field required [type=missing, input_value={'item': 'programCode'}, input_type=dict]
    For further information visit https://errors.pydantic.dev/2.8/v/missing
keyword
  Field required [type=missing, input_value={'item': 'programCode'}, input_type=dict]
    For further information visit https://errors.pydantic.dev/2.8/v/missing
contactPoint
  Field required [type=missing, input_value={'item': 'programCode'}, input_type=dict]
    For further information visit https://errors.pydantic.dev/2.8/v/missing
publisher
  Field required [type=missing, input_value={'item': 'programCode'}, input_type=dict]
    For further information visit https://errors.pydantic.dev/2.8/v/missing
identifier
  Field required [type=missing, input_value={'item': 'programCode'}, input_type=dict]
    For further information visit https://errors.pydantic.dev/2.8/v/missing
description
  Field required [type=missing, input_value={'item': 'programCode'}, input_type=dict]
    For further information visit https://errors.pydantic.dev/2.8/v/missing
title
  Field required [type=missing, input_value={'item': 'programCode'}, input_type=dict]
    For further information visit https://errors.pydantic.dev/2.8/v/missing
programCode
  Field required [type=missing, input_value={'item': 'programCode'}, input_type=dict]
    For further information visit https://errors.pydantic.dev/2.8/v/missing
distribution
  Field required [type=missing, input_value={'item': 'programCode'}, input_type=dict]
    For further information visit https://errors.pydantic.dev/2.8/v/missing
theme
  Field required [type=missing, input_value={'item': 'programCode'}, input_type=dict]
    For further information visit https://errors.pydantic.dev/2.8/v/missing
2024-08-23 12:40:38 - ERROR - Validation error for dataset: Unknown title
Traceback (most recent call last):
  File "C:\Users\edmun\Projects\Repositories\healthpartners-interview\src\healthpartners_interview\download.py", line 31, in fetch_datasets
    dataset = Dataset(**current_item)
              ^^^^^^^^^^^^^^^^^^^^^^^
  File "C:\Users\edmun\Projects\Repositories\healthpartners-interview\.venv\Lib\site-packages\pydantic\main.py", line 193, in __init__
    self.__pydantic_validator__.validate_python(data, self_instance=self)
pydantic_core._pydantic_core.ValidationError: 16 validation errors for Dataset
accessLevel
  Field required [type=missing, input_value={}, input_type=dict]
    For further information visit https://errors.pydantic.dev/2.8/v/missing
landingPage
  Field required [type=missing, input_value={}, input_type=dict]
    For further information visit https://errors.pydantic.dev/2.8/v/missing
bureauCode
  Field required [type=missing, input_value={}, input_type=dict]
    For further information visit https://errors.pydantic.dev/2.8/v/missing
issued
  Field required [type=missing, input_value={}, input_type=dict]
    For further information visit https://errors.pydantic.dev/2.8/v/missing
@type
  Field required [type=missing, input_value={}, input_type=dict]
    For further information visit https://errors.pydantic.dev/2.8/v/missing
modified
  Field required [type=missing, input_value={}, input_type=dict]
    For further information visit https://errors.pydantic.dev/2.8/v/missing
released
  Field required [type=missing, input_value={}, input_type=dict]
    For further information visit https://errors.pydantic.dev/2.8/v/missing
keyword
  Field required [type=missing, input_value={}, input_type=dict]
    For further information visit https://errors.pydantic.dev/2.8/v/missing
contactPoint
  Field required [type=missing, input_value={}, input_type=dict]
    For further information visit https://errors.pydantic.dev/2.8/v/missing
publisher
  Field required [type=missing, input_value={}, input_type=dict]
    For further information visit https://errors.pydantic.dev/2.8/v/missing
identifier
  Field required [type=missing, input_value={}, input_type=dict]
    For further information visit https://errors.pydantic.dev/2.8/v/missing
description
  Field required [type=missing, input_value={}, input_type=dict]
    For further information visit https://errors.pydantic.dev/2.8/v/missing
title
  Field required [type=missing, input_value={}, input_type=dict]
    For further information visit https://errors.pydantic.dev/2.8/v/missing
programCode
  Field required [type=missing, input_value={}, input_type=dict]
    For further information visit https://errors.pydantic.dev/2.8/v/missing
distribution
  Field required [type=missing, input_value={}, input_type=dict]
    For further information visit https://errors.pydantic.dev/2.8/v/missing
theme
  Field required [type=missing, input_value={}, input_type=dict]
    For further information visit https://errors.pydantic.dev/2.8/v/missing
2024-08-23 12:40:38 - ERROR - Validation error for dataset: Unknown title
Traceback (most recent call last):
  File "C:\Users\edmun\Projects\Repositories\healthpartners-interview\src\healthpartners_interview\download.py", line 31, in fetch_datasets
    dataset = Dataset(**current_item)
              ^^^^^^^^^^^^^^^^^^^^^^^
  File "C:\Users\edmun\Projects\Repositories\healthpartners-interview\.venv\Lib\site-packages\pydantic\main.py", line 193, in __init__
    self.__pydantic_validator__.validate_python(data, self_instance=self)
pydantic_core._pydantic_core.ValidationError: 16 validation errors for Dataset
accessLevel
  Field required [type=missing, input_value={}, input_type=dict]
    For further information visit https://errors.pydantic.dev/2.8/v/missing
landingPage
  Field required [type=missing, input_value={}, input_type=dict]
    For further information visit https://errors.pydantic.dev/2.8/v/missing
bureauCode
  Field required [type=missing, input_value={}, input_type=dict]
    For further information visit https://errors.pydantic.dev/2.8/v/missing
issued
  Field required [type=missing, input_value={}, input_type=dict]
    For further information visit https://errors.pydantic.dev/2.8/v/missing
@type
  Field required [type=missing, input_value={}, input_type=dict]
    For further information visit https://errors.pydantic.dev/2.8/v/missing
modified
  Field required [type=missing, input_value={}, input_type=dict]
    For further information visit https://errors.pydantic.dev/2.8/v/missing
released
  Field required [type=missing, input_value={}, input_type=dict]
    For further information visit https://errors.pydantic.dev/2.8/v/missing
keyword
  Field required [type=missing, input_value={}, input_type=dict]
    For further information visit https://errors.pydantic.dev/2.8/v/missing
contactPoint
  Field required [type=missing, input_value={}, input_type=dict]
    For further information visit https://errors.pydantic.dev/2.8/v/missing
publisher
  Field required [type=missing, input_value={}, input_type=dict]
    For further information visit https://errors.pydantic.dev/2.8/v/missing
identifier
  Field required [type=missing, input_value={}, input_type=dict]
    For further information visit https://errors.pydantic.dev/2.8/v/missing
description
  Field required [type=missing, input_value={}, input_type=dict]
    For further information visit https://errors.pydantic.dev/2.8/v/missing
title
  Field required [type=missing, input_value={}, input_type=dict]
    For further information visit https://errors.pydantic.dev/2.8/v/missing
programCode
  Field required [type=missing, input_value={}, input_type=dict]
    For further information visit https://errors.pydantic.dev/2.8/v/missing
distribution
  Field required [type=missing, input_value={}, input_type=dict]
    For further information visit https://errors.pydantic.dev/2.8/v/missing
theme
  Field required [type=missing, input_value={}, input_type=dict]
    For further information visit https://errors.pydantic.dev/2.8/v/missing
2024-08-23 12:40:38 - ERROR - Validation error for dataset: Unknown title
Traceback (most recent call last):
  File "C:\Users\edmun\Projects\Repositories\healthpartners-interview\src\healthpartners_interview\download.py", line 31, in fetch_datasets
    dataset = Dataset(**current_item)
              ^^^^^^^^^^^^^^^^^^^^^^^
  File "C:\Users\edmun\Projects\Repositories\healthpartners-interview\.venv\Lib\site-packages\pydantic\main.py", line 193, in __init__
    self.__pydantic_validator__.validate_python(data, self_instance=self)
pydantic_core._pydantic_core.ValidationError: 16 validation errors for Dataset
accessLevel
  Field required [type=missing, input_value={}, input_type=dict]
    For further information visit https://errors.pydantic.dev/2.8/v/missing
landingPage
  Field required [type=missing, input_value={}, input_type=dict]
    For further information visit https://errors.pydantic.dev/2.8/v/missing
bureauCode
  Field required [type=missing, input_value={}, input_type=dict]
    For further information visit https://errors.pydantic.dev/2.8/v/missing
issued
  Field required [type=missing, input_value={}, input_type=dict]
    For further information visit https://errors.pydantic.dev/2.8/v/missing
@type
  Field required [type=missing, input_value={}, input_type=dict]
    For further information visit https://errors.pydantic.dev/2.8/v/missing
modified
  Field required [type=missing, input_value={}, input_type=dict]
    For further information visit https://errors.pydantic.dev/2.8/v/missing
released
  Field required [type=missing, input_value={}, input_type=dict]
    For further information visit https://errors.pydantic.dev/2.8/v/missing
keyword
  Field required [type=missing, input_value={}, input_type=dict]
    For further information visit https://errors.pydantic.dev/2.8/v/missing
contactPoint
  Field required [type=missing, input_value={}, input_type=dict]
    For further information visit https://errors.pydantic.dev/2.8/v/missing
publisher
  Field required [type=missing, input_value={}, input_type=dict]
    For further information visit https://errors.pydantic.dev/2.8/v/missing
identifier
  Field required [type=missing, input_value={}, input_type=dict]
    For further information visit https://errors.pydantic.dev/2.8/v/missing
description
  Field required [type=missing, input_value={}, input_type=dict]
    For further information visit https://errors.pydantic.dev/2.8/v/missing
title
  Field required [type=missing, input_value={}, input_type=dict]
    For further information visit https://errors.pydantic.dev/2.8/v/missing
programCode
  Field required [type=missing, input_value={}, input_type=dict]
    For further information visit https://errors.pydantic.dev/2.8/v/missing
distribution
  Field required [type=missing, input_value={}, input_type=dict]
    For further information visit https://errors.pydantic.dev/2.8/v/missing
theme
  Field required [type=missing, input_value={}, input_type=dict]
    For further information visit https://errors.pydantic.dev/2.8/v/missing
2024-08-23 12:40:38 - ERROR - Validation error for dataset: Unknown title
Traceback (most recent call last):
  File "C:\Users\edmun\Projects\Repositories\healthpartners-interview\src\healthpartners_interview\download.py", line 31, in fetch_datasets
    dataset = Dataset(**current_item)
              ^^^^^^^^^^^^^^^^^^^^^^^
  File "C:\Users\edmun\Projects\Repositories\healthpartners-interview\.venv\Lib\site-packages\pydantic\main.py", line 193, in __init__
    self.__pydantic_validator__.validate_python(data, self_instance=self)
pydantic_core._pydantic_core.ValidationError: 16 validation errors for Dataset
accessLevel
  Field required [type=missing, input_value={'item': 'programCode'}, input_type=dict]
    For further information visit https://errors.pydantic.dev/2.8/v/missing
landingPage
  Field required [type=missing, input_value={'item': 'programCode'}, input_type=dict]
    For further information visit https://errors.pydantic.dev/2.8/v/missing
bureauCode
  Field required [type=missing, input_value={'item': 'programCode'}, input_type=dict]
    For further information visit https://errors.pydantic.dev/2.8/v/missing
issued
  Field required [type=missing, input_value={'item': 'programCode'}, input_type=dict]
    For further information visit https://errors.pydantic.dev/2.8/v/missing
@type
  Field required [type=missing, input_value={'item': 'programCode'}, input_type=dict]
    For further information visit https://errors.pydantic.dev/2.8/v/missing
modified
  Field required [type=missing, input_value={'item': 'programCode'}, input_type=dict]
    For further information visit https://errors.pydantic.dev/2.8/v/missing
released
  Field required [type=missing, input_value={'item': 'programCode'}, input_type=dict]
    For further information visit https://errors.pydantic.dev/2.8/v/missing
keyword
  Field required [type=missing, input_value={'item': 'programCode'}, input_type=dict]
    For further information visit https://errors.pydantic.dev/2.8/v/missing
contactPoint
  Field required [type=missing, input_value={'item': 'programCode'}, input_type=dict]
    For further information visit https://errors.pydantic.dev/2.8/v/missing
publisher
  Field required [type=missing, input_value={'item': 'programCode'}, input_type=dict]
    For further information visit https://errors.pydantic.dev/2.8/v/missing
identifier
  Field required [type=missing, input_value={'item': 'programCode'}, input_type=dict]
    For further information visit https://errors.pydantic.dev/2.8/v/missing
description
  Field required [type=missing, input_value={'item': 'programCode'}, input_type=dict]
    For further information visit https://errors.pydantic.dev/2.8/v/missing
title
  Field required [type=missing, input_value={'item': 'programCode'}, input_type=dict]
    For further information visit https://errors.pydantic.dev/2.8/v/missing
programCode
  Field required [type=missing, input_value={'item': 'programCode'}, input_type=dict]
    For further information visit https://errors.pydantic.dev/2.8/v/missing
distribution
  Field required [type=missing, input_value={'item': 'programCode'}, input_type=dict]
    For further information visit https://errors.pydantic.dev/2.8/v/missing
theme
  Field required [type=missing, input_value={'item': 'programCode'}, input_type=dict]
    For further information visit https://errors.pydantic.dev/2.8/v/missing
2024-08-23 12:40:38 - ERROR - Validation error for dataset: Unknown title
Traceback (most recent call last):
  File "C:\Users\edmun\Projects\Repositories\healthpartners-interview\src\healthpartners_interview\download.py", line 31, in fetch_datasets
    dataset = Dataset(**current_item)
              ^^^^^^^^^^^^^^^^^^^^^^^
  File "C:\Users\edmun\Projects\Repositories\healthpartners-interview\.venv\Lib\site-packages\pydantic\main.py", line 193, in __init__
    self.__pydantic_validator__.validate_python(data, self_instance=self)
pydantic_core._pydantic_core.ValidationError: 16 validation errors for Dataset
accessLevel
  Field required [type=missing, input_value={}, input_type=dict]
    For further information visit https://errors.pydantic.dev/2.8/v/missing
landingPage
  Field required [type=missing, input_value={}, input_type=dict]
    For further information visit https://errors.pydantic.dev/2.8/v/missing
bureauCode
  Field required [type=missing, input_value={}, input_type=dict]
    For further information visit https://errors.pydantic.dev/2.8/v/missing
issued
  Field required [type=missing, input_value={}, input_type=dict]
    For further information visit https://errors.pydantic.dev/2.8/v/missing
@type
  Field required [type=missing, input_value={}, input_type=dict]
    For further information visit https://errors.pydantic.dev/2.8/v/missing
modified
  Field required [type=missing, input_value={}, input_type=dict]
    For further information visit https://errors.pydantic.dev/2.8/v/missing
released
  Field required [type=missing, input_value={}, input_type=dict]
    For further information visit https://errors.pydantic.dev/2.8/v/missing
keyword
  Field required [type=missing, input_value={}, input_type=dict]
    For further information visit https://errors.pydantic.dev/2.8/v/missing
contactPoint
  Field required [type=missing, input_value={}, input_type=dict]
    For further information visit https://errors.pydantic.dev/2.8/v/missing
publisher
  Field required [type=missing, input_value={}, input_type=dict]
    For further information visit https://errors.pydantic.dev/2.8/v/missing
identifier
  Field required [type=missing, input_value={}, input_type=dict]
    For further information visit https://errors.pydantic.dev/2.8/v/missing
description
  Field required [type=missing, input_value={}, input_type=dict]
    For further information visit https://errors.pydantic.dev/2.8/v/missing
title
  Field required [type=missing, input_value={}, input_type=dict]
    For further information visit https://errors.pydantic.dev/2.8/v/missing
programCode
  Field required [type=missing, input_value={}, input_type=dict]
    For further information visit https://errors.pydantic.dev/2.8/v/missing
distribution
  Field required [type=missing, input_value={}, input_type=dict]
    For further information visit https://errors.pydantic.dev/2.8/v/missing
theme
  Field required [type=missing, input_value={}, input_type=dict]
    For further information visit https://errors.pydantic.dev/2.8/v/missing
2024-08-23 12:40:38 - ERROR - Validation error for dataset: Unknown title
Traceback (most recent call last):
  File "C:\Users\edmun\Projects\Repositories\healthpartners-interview\src\healthpartners_interview\download.py", line 31, in fetch_datasets
    dataset = Dataset(**current_item)
              ^^^^^^^^^^^^^^^^^^^^^^^
  File "C:\Users\edmun\Projects\Repositories\healthpartners-interview\.venv\Lib\site-packages\pydantic\main.py", line 193, in __init__
    self.__pydantic_validator__.validate_python(data, self_instance=self)
pydantic_core._pydantic_core.ValidationError: 16 validation errors for Dataset
accessLevel
  Field required [type=missing, input_value={}, input_type=dict]
    For further information visit https://errors.pydantic.dev/2.8/v/missing
landingPage
  Field required [type=missing, input_value={}, input_type=dict]
    For further information visit https://errors.pydantic.dev/2.8/v/missing
bureauCode
  Field required [type=missing, input_value={}, input_type=dict]
    For further information visit https://errors.pydantic.dev/2.8/v/missing
issued
  Field required [type=missing, input_value={}, input_type=dict]
    For further information visit https://errors.pydantic.dev/2.8/v/missing
@type
  Field required [type=missing, input_value={}, input_type=dict]
    For further information visit https://errors.pydantic.dev/2.8/v/missing
modified
  Field required [type=missing, input_value={}, input_type=dict]
    For further information visit https://errors.pydantic.dev/2.8/v/missing
released
  Field required [type=missing, input_value={}, input_type=dict]
    For further information visit https://errors.pydantic.dev/2.8/v/missing
keyword
  Field required [type=missing, input_value={}, input_type=dict]
    For further information visit https://errors.pydantic.dev/2.8/v/missing
contactPoint
  Field required [type=missing, input_value={}, input_type=dict]
    For further information visit https://errors.pydantic.dev/2.8/v/missing
publisher
  Field required [type=missing, input_value={}, input_type=dict]
    For further information visit https://errors.pydantic.dev/2.8/v/missing
identifier
  Field required [type=missing, input_value={}, input_type=dict]
    For further information visit https://errors.pydantic.dev/2.8/v/missing
description
  Field required [type=missing, input_value={}, input_type=dict]
    For further information visit https://errors.pydantic.dev/2.8/v/missing
title
  Field required [type=missing, input_value={}, input_type=dict]
    For further information visit https://errors.pydantic.dev/2.8/v/missing
programCode
  Field required [type=missing, input_value={}, input_type=dict]
    For further information visit https://errors.pydantic.dev/2.8/v/missing
distribution
  Field required [type=missing, input_value={}, input_type=dict]
    For further information visit https://errors.pydantic.dev/2.8/v/missing
theme
  Field required [type=missing, input_value={}, input_type=dict]
    For further information visit https://errors.pydantic.dev/2.8/v/missing
2024-08-23 12:40:38 - ERROR - Validation error for dataset: Unknown title
Traceback (most recent call last):
  File "C:\Users\edmun\Projects\Repositories\healthpartners-interview\src\healthpartners_interview\download.py", line 31, in fetch_datasets
    dataset = Dataset(**current_item)
              ^^^^^^^^^^^^^^^^^^^^^^^
  File "C:\Users\edmun\Projects\Repositories\healthpartners-interview\.venv\Lib\site-packages\pydantic\main.py", line 193, in __init__
    self.__pydantic_validator__.validate_python(data, self_instance=self)
pydantic_core._pydantic_core.ValidationError: 16 validation errors for Dataset
accessLevel
  Field required [type=missing, input_value={}, input_type=dict]
    For further information visit https://errors.pydantic.dev/2.8/v/missing
landingPage
  Field required [type=missing, input_value={}, input_type=dict]
    For further information visit https://errors.pydantic.dev/2.8/v/missing
bureauCode
  Field required [type=missing, input_value={}, input_type=dict]
    For further information visit https://errors.pydantic.dev/2.8/v/missing
issued
  Field required [type=missing, input_value={}, input_type=dict]
    For further information visit https://errors.pydantic.dev/2.8/v/missing
@type
  Field required [type=missing, input_value={}, input_type=dict]
    For further information visit https://errors.pydantic.dev/2.8/v/missing
modified
  Field required [type=missing, input_value={}, input_type=dict]
    For further information visit https://errors.pydantic.dev/2.8/v/missing
released
  Field required [type=missing, input_value={}, input_type=dict]
    For further information visit https://errors.pydantic.dev/2.8/v/missing
keyword
  Field required [type=missing, input_value={}, input_type=dict]
    For further information visit https://errors.pydantic.dev/2.8/v/missing
contactPoint
  Field required [type=missing, input_value={}, input_type=dict]
    For further information visit https://errors.pydantic.dev/2.8/v/missing
publisher
  Field required [type=missing, input_value={}, input_type=dict]
    For further information visit https://errors.pydantic.dev/2.8/v/missing
identifier
  Field required [type=missing, input_value={}, input_type=dict]
    For further information visit https://errors.pydantic.dev/2.8/v/missing
description
  Field required [type=missing, input_value={}, input_type=dict]
    For further information visit https://errors.pydantic.dev/2.8/v/missing
title
  Field required [type=missing, input_value={}, input_type=dict]
    For further information visit https://errors.pydantic.dev/2.8/v/missing
programCode
  Field required [type=missing, input_value={}, input_type=dict]
    For further information visit https://errors.pydantic.dev/2.8/v/missing
distribution
  Field required [type=missing, input_value={}, input_type=dict]
    For further information visit https://errors.pydantic.dev/2.8/v/missing
theme
  Field required [type=missing, input_value={}, input_type=dict]
    For further information visit https://errors.pydantic.dev/2.8/v/missing
2024-08-23 12:40:38 - ERROR - Validation error for dataset: Unknown title
Traceback (most recent call last):
  File "C:\Users\edmun\Projects\Repositories\healthpartners-interview\src\healthpartners_interview\download.py", line 31, in fetch_datasets
    dataset = Dataset(**current_item)
              ^^^^^^^^^^^^^^^^^^^^^^^
  File "C:\Users\edmun\Projects\Repositories\healthpartners-interview\.venv\Lib\site-packages\pydantic\main.py", line 193, in __init__
    self.__pydantic_validator__.validate_python(data, self_instance=self)
pydantic_core._pydantic_core.ValidationError: 16 validation errors for Dataset
accessLevel
  Field required [type=missing, input_value={'item': 'programCode'}, input_type=dict]
    For further information visit https://errors.pydantic.dev/2.8/v/missing
landingPage
  Field required [type=missing, input_value={'item': 'programCode'}, input_type=dict]
    For further information visit https://errors.pydantic.dev/2.8/v/missing
bureauCode
  Field required [type=missing, input_value={'item': 'programCode'}, input_type=dict]
    For further information visit https://errors.pydantic.dev/2.8/v/missing
issued
  Field required [type=missing, input_value={'item': 'programCode'}, input_type=dict]
    For further information visit https://errors.pydantic.dev/2.8/v/missing
@type
  Field required [type=missing, input_value={'item': 'programCode'}, input_type=dict]
    For further information visit https://errors.pydantic.dev/2.8/v/missing
modified
  Field required [type=missing, input_value={'item': 'programCode'}, input_type=dict]
    For further information visit https://errors.pydantic.dev/2.8/v/missing
released
  Field required [type=missing, input_value={'item': 'programCode'}, input_type=dict]
    For further information visit https://errors.pydantic.dev/2.8/v/missing
keyword
  Field required [type=missing, input_value={'item': 'programCode'}, input_type=dict]
    For further information visit https://errors.pydantic.dev/2.8/v/missing
contactPoint
  Field required [type=missing, input_value={'item': 'programCode'}, input_type=dict]
    For further information visit https://errors.pydantic.dev/2.8/v/missing
publisher
  Field required [type=missing, input_value={'item': 'programCode'}, input_type=dict]
    For further information visit https://errors.pydantic.dev/2.8/v/missing
identifier
  Field required [type=missing, input_value={'item': 'programCode'}, input_type=dict]
    For further information visit https://errors.pydantic.dev/2.8/v/missing
description
  Field required [type=missing, input_value={'item': 'programCode'}, input_type=dict]
    For further information visit https://errors.pydantic.dev/2.8/v/missing
title
  Field required [type=missing, input_value={'item': 'programCode'}, input_type=dict]
    For further information visit https://errors.pydantic.dev/2.8/v/missing
programCode
  Field required [type=missing, input_value={'item': 'programCode'}, input_type=dict]
    For further information visit https://errors.pydantic.dev/2.8/v/missing
distribution
  Field required [type=missing, input_value={'item': 'programCode'}, input_type=dict]
    For further information visit https://errors.pydantic.dev/2.8/v/missing
theme
  Field required [type=missing, input_value={'item': 'programCode'}, input_type=dict]
    For further information visit https://errors.pydantic.dev/2.8/v/missing
2024-08-23 12:40:38 - ERROR - Validation error for dataset: Unknown title
Traceback (most recent call last):
  File "C:\Users\edmun\Projects\Repositories\healthpartners-interview\src\healthpartners_interview\download.py", line 31, in fetch_datasets
    dataset = Dataset(**current_item)
              ^^^^^^^^^^^^^^^^^^^^^^^
  File "C:\Users\edmun\Projects\Repositories\healthpartners-interview\.venv\Lib\site-packages\pydantic\main.py", line 193, in __init__
    self.__pydantic_validator__.validate_python(data, self_instance=self)
pydantic_core._pydantic_core.ValidationError: 16 validation errors for Dataset
accessLevel
  Field required [type=missing, input_value={}, input_type=dict]
    For further information visit https://errors.pydantic.dev/2.8/v/missing
landingPage
  Field required [type=missing, input_value={}, input_type=dict]
    For further information visit https://errors.pydantic.dev/2.8/v/missing
bureauCode
  Field required [type=missing, input_value={}, input_type=dict]
    For further information visit https://errors.pydantic.dev/2.8/v/missing
issued
  Field required [type=missing, input_value={}, input_type=dict]
    For further information visit https://errors.pydantic.dev/2.8/v/missing
@type
  Field required [type=missing, input_value={}, input_type=dict]
    For further information visit https://errors.pydantic.dev/2.8/v/missing
modified
  Field required [type=missing, input_value={}, input_type=dict]
    For further information visit https://errors.pydantic.dev/2.8/v/missing
released
  Field required [type=missing, input_value={}, input_type=dict]
    For further information visit https://errors.pydantic.dev/2.8/v/missing
keyword
  Field required [type=missing, input_value={}, input_type=dict]
    For further information visit https://errors.pydantic.dev/2.8/v/missing
contactPoint
  Field required [type=missing, input_value={}, input_type=dict]
    For further information visit https://errors.pydantic.dev/2.8/v/missing
publisher
  Field required [type=missing, input_value={}, input_type=dict]
    For further information visit https://errors.pydantic.dev/2.8/v/missing
identifier
  Field required [type=missing, input_value={}, input_type=dict]
    For further information visit https://errors.pydantic.dev/2.8/v/missing
description
  Field required [type=missing, input_value={}, input_type=dict]
    For further information visit https://errors.pydantic.dev/2.8/v/missing
title
  Field required [type=missing, input_value={}, input_type=dict]
    For further information visit https://errors.pydantic.dev/2.8/v/missing
programCode
  Field required [type=missing, input_value={}, input_type=dict]
    For further information visit https://errors.pydantic.dev/2.8/v/missing
distribution
  Field required [type=missing, input_value={}, input_type=dict]
    For further information visit https://errors.pydantic.dev/2.8/v/missing
theme
  Field required [type=missing, input_value={}, input_type=dict]
    For further information visit https://errors.pydantic.dev/2.8/v/missing
2024-08-23 12:40:38 - ERROR - Validation error for dataset: Unknown title
Traceback (most recent call last):
  File "C:\Users\edmun\Projects\Repositories\healthpartners-interview\src\healthpartners_interview\download.py", line 31, in fetch_datasets
    dataset = Dataset(**current_item)
              ^^^^^^^^^^^^^^^^^^^^^^^
  File "C:\Users\edmun\Projects\Repositories\healthpartners-interview\.venv\Lib\site-packages\pydantic\main.py", line 193, in __init__
    self.__pydantic_validator__.validate_python(data, self_instance=self)
pydantic_core._pydantic_core.ValidationError: 16 validation errors for Dataset
accessLevel
  Field required [type=missing, input_value={}, input_type=dict]
    For further information visit https://errors.pydantic.dev/2.8/v/missing
landingPage
  Field required [type=missing, input_value={}, input_type=dict]
    For further information visit https://errors.pydantic.dev/2.8/v/missing
bureauCode
  Field required [type=missing, input_value={}, input_type=dict]
    For further information visit https://errors.pydantic.dev/2.8/v/missing
issued
  Field required [type=missing, input_value={}, input_type=dict]
    For further information visit https://errors.pydantic.dev/2.8/v/missing
@type
  Field required [type=missing, input_value={}, input_type=dict]
    For further information visit https://errors.pydantic.dev/2.8/v/missing
modified
  Field required [type=missing, input_value={}, input_type=dict]
    For further information visit https://errors.pydantic.dev/2.8/v/missing
released
  Field required [type=missing, input_value={}, input_type=dict]
    For further information visit https://errors.pydantic.dev/2.8/v/missing
keyword
  Field required [type=missing, input_value={}, input_type=dict]
    For further information visit https://errors.pydantic.dev/2.8/v/missing
contactPoint
  Field required [type=missing, input_value={}, input_type=dict]
    For further information visit https://errors.pydantic.dev/2.8/v/missing
publisher
  Field required [type=missing, input_value={}, input_type=dict]
    For further information visit https://errors.pydantic.dev/2.8/v/missing
identifier
  Field required [type=missing, input_value={}, input_type=dict]
    For further information visit https://errors.pydantic.dev/2.8/v/missing
description
  Field required [type=missing, input_value={}, input_type=dict]
    For further information visit https://errors.pydantic.dev/2.8/v/missing
title
  Field required [type=missing, input_value={}, input_type=dict]
    For further information visit https://errors.pydantic.dev/2.8/v/missing
programCode
  Field required [type=missing, input_value={}, input_type=dict]
    For further information visit https://errors.pydantic.dev/2.8/v/missing
distribution
  Field required [type=missing, input_value={}, input_type=dict]
    For further information visit https://errors.pydantic.dev/2.8/v/missing
theme
  Field required [type=missing, input_value={}, input_type=dict]
    For further information visit https://errors.pydantic.dev/2.8/v/missing
2024-08-23 12:40:38 - ERROR - Validation error for dataset: Unknown title
Traceback (most recent call last):
  File "C:\Users\edmun\Projects\Repositories\healthpartners-interview\src\healthpartners_interview\download.py", line 31, in fetch_datasets
    dataset = Dataset(**current_item)
              ^^^^^^^^^^^^^^^^^^^^^^^
  File "C:\Users\edmun\Projects\Repositories\healthpartners-interview\.venv\Lib\site-packages\pydantic\main.py", line 193, in __init__
    self.__pydantic_validator__.validate_python(data, self_instance=self)
pydantic_core._pydantic_core.ValidationError: 16 validation errors for Dataset
accessLevel
  Field required [type=missing, input_value={}, input_type=dict]
    For further information visit https://errors.pydantic.dev/2.8/v/missing
landingPage
  Field required [type=missing, input_value={}, input_type=dict]
    For further information visit https://errors.pydantic.dev/2.8/v/missing
bureauCode
  Field required [type=missing, input_value={}, input_type=dict]
    For further information visit https://errors.pydantic.dev/2.8/v/missing
issued
  Field required [type=missing, input_value={}, input_type=dict]
    For further information visit https://errors.pydantic.dev/2.8/v/missing
@type
  Field required [type=missing, input_value={}, input_type=dict]
    For further information visit https://errors.pydantic.dev/2.8/v/missing
modified
  Field required [type=missing, input_value={}, input_type=dict]
    For further information visit https://errors.pydantic.dev/2.8/v/missing
released
  Field required [type=missing, input_value={}, input_type=dict]
    For further information visit https://errors.pydantic.dev/2.8/v/missing
keyword
  Field required [type=missing, input_value={}, input_type=dict]
    For further information visit https://errors.pydantic.dev/2.8/v/missing
contactPoint
  Field required [type=missing, input_value={}, input_type=dict]
    For further information visit https://errors.pydantic.dev/2.8/v/missing
publisher
  Field required [type=missing, input_value={}, input_type=dict]
    For further information visit https://errors.pydantic.dev/2.8/v/missing
identifier
  Field required [type=missing, input_value={}, input_type=dict]
    For further information visit https://errors.pydantic.dev/2.8/v/missing
description
  Field required [type=missing, input_value={}, input_type=dict]
    For further information visit https://errors.pydantic.dev/2.8/v/missing
title
  Field required [type=missing, input_value={}, input_type=dict]
    For further information visit https://errors.pydantic.dev/2.8/v/missing
programCode
  Field required [type=missing, input_value={}, input_type=dict]
    For further information visit https://errors.pydantic.dev/2.8/v/missing
distribution
  Field required [type=missing, input_value={}, input_type=dict]
    For further information visit https://errors.pydantic.dev/2.8/v/missing
theme
  Field required [type=missing, input_value={}, input_type=dict]
    For further information visit https://errors.pydantic.dev/2.8/v/missing
2024-08-23 12:40:38 - ERROR - Validation error for dataset: Unknown title
Traceback (most recent call last):
  File "C:\Users\edmun\Projects\Repositories\healthpartners-interview\src\healthpartners_interview\download.py", line 31, in fetch_datasets
    dataset = Dataset(**current_item)
              ^^^^^^^^^^^^^^^^^^^^^^^
  File "C:\Users\edmun\Projects\Repositories\healthpartners-interview\.venv\Lib\site-packages\pydantic\main.py", line 193, in __init__
    self.__pydantic_validator__.validate_python(data, self_instance=self)
pydantic_core._pydantic_core.ValidationError: 16 validation errors for Dataset
accessLevel
  Field required [type=missing, input_value={'item': 'programCode'}, input_type=dict]
    For further information visit https://errors.pydantic.dev/2.8/v/missing
landingPage
  Field required [type=missing, input_value={'item': 'programCode'}, input_type=dict]
    For further information visit https://errors.pydantic.dev/2.8/v/missing
bureauCode
  Field required [type=missing, input_value={'item': 'programCode'}, input_type=dict]
    For further information visit https://errors.pydantic.dev/2.8/v/missing
issued
  Field required [type=missing, input_value={'item': 'programCode'}, input_type=dict]
    For further information visit https://errors.pydantic.dev/2.8/v/missing
@type
  Field required [type=missing, input_value={'item': 'programCode'}, input_type=dict]
    For further information visit https://errors.pydantic.dev/2.8/v/missing
modified
  Field required [type=missing, input_value={'item': 'programCode'}, input_type=dict]
    For further information visit https://errors.pydantic.dev/2.8/v/missing
released
  Field required [type=missing, input_value={'item': 'programCode'}, input_type=dict]
    For further information visit https://errors.pydantic.dev/2.8/v/missing
keyword
  Field required [type=missing, input_value={'item': 'programCode'}, input_type=dict]
    For further information visit https://errors.pydantic.dev/2.8/v/missing
contactPoint
  Field required [type=missing, input_value={'item': 'programCode'}, input_type=dict]
    For further information visit https://errors.pydantic.dev/2.8/v/missing
publisher
  Field required [type=missing, input_value={'item': 'programCode'}, input_type=dict]
    For further information visit https://errors.pydantic.dev/2.8/v/missing
identifier
  Field required [type=missing, input_value={'item': 'programCode'}, input_type=dict]
    For further information visit https://errors.pydantic.dev/2.8/v/missing
description
  Field required [type=missing, input_value={'item': 'programCode'}, input_type=dict]
    For further information visit https://errors.pydantic.dev/2.8/v/missing
title
  Field required [type=missing, input_value={'item': 'programCode'}, input_type=dict]
    For further information visit https://errors.pydantic.dev/2.8/v/missing
programCode
  Field required [type=missing, input_value={'item': 'programCode'}, input_type=dict]
    For further information visit https://errors.pydantic.dev/2.8/v/missing
distribution
  Field required [type=missing, input_value={'item': 'programCode'}, input_type=dict]
    For further information visit https://errors.pydantic.dev/2.8/v/missing
theme
  Field required [type=missing, input_value={'item': 'programCode'}, input_type=dict]
    For further information visit https://errors.pydantic.dev/2.8/v/missing
2024-08-23 12:40:38 - ERROR - Validation error for dataset: Unknown title
Traceback (most recent call last):
  File "C:\Users\edmun\Projects\Repositories\healthpartners-interview\src\healthpartners_interview\download.py", line 31, in fetch_datasets
    dataset = Dataset(**current_item)
              ^^^^^^^^^^^^^^^^^^^^^^^
  File "C:\Users\edmun\Projects\Repositories\healthpartners-interview\.venv\Lib\site-packages\pydantic\main.py", line 193, in __init__
    self.__pydantic_validator__.validate_python(data, self_instance=self)
pydantic_core._pydantic_core.ValidationError: 16 validation errors for Dataset
accessLevel
  Field required [type=missing, input_value={}, input_type=dict]
    For further information visit https://errors.pydantic.dev/2.8/v/missing
landingPage
  Field required [type=missing, input_value={}, input_type=dict]
    For further information visit https://errors.pydantic.dev/2.8/v/missing
bureauCode
  Field required [type=missing, input_value={}, input_type=dict]
    For further information visit https://errors.pydantic.dev/2.8/v/missing
issued
  Field required [type=missing, input_value={}, input_type=dict]
    For further information visit https://errors.pydantic.dev/2.8/v/missing
@type
  Field required [type=missing, input_value={}, input_type=dict]
    For further information visit https://errors.pydantic.dev/2.8/v/missing
modified
  Field required [type=missing, input_value={}, input_type=dict]
    For further information visit https://errors.pydantic.dev/2.8/v/missing
released
  Field required [type=missing, input_value={}, input_type=dict]
    For further information visit https://errors.pydantic.dev/2.8/v/missing
keyword
  Field required [type=missing, input_value={}, input_type=dict]
    For further information visit https://errors.pydantic.dev/2.8/v/missing
contactPoint
  Field required [type=missing, input_value={}, input_type=dict]
    For further information visit https://errors.pydantic.dev/2.8/v/missing
publisher
  Field required [type=missing, input_value={}, input_type=dict]
    For further information visit https://errors.pydantic.dev/2.8/v/missing
identifier
  Field required [type=missing, input_value={}, input_type=dict]
    For further information visit https://errors.pydantic.dev/2.8/v/missing
description
  Field required [type=missing, input_value={}, input_type=dict]
    For further information visit https://errors.pydantic.dev/2.8/v/missing
title
  Field required [type=missing, input_value={}, input_type=dict]
    For further information visit https://errors.pydantic.dev/2.8/v/missing
programCode
  Field required [type=missing, input_value={}, input_type=dict]
    For further information visit https://errors.pydantic.dev/2.8/v/missing
distribution
  Field required [type=missing, input_value={}, input_type=dict]
    For further information visit https://errors.pydantic.dev/2.8/v/missing
theme
  Field required [type=missing, input_value={}, input_type=dict]
    For further information visit https://errors.pydantic.dev/2.8/v/missing
2024-08-23 12:40:38 - ERROR - Validation error for dataset: Unknown title
Traceback (most recent call last):
  File "C:\Users\edmun\Projects\Repositories\healthpartners-interview\src\healthpartners_interview\download.py", line 31, in fetch_datasets
    dataset = Dataset(**current_item)
              ^^^^^^^^^^^^^^^^^^^^^^^
  File "C:\Users\edmun\Projects\Repositories\healthpartners-interview\.venv\Lib\site-packages\pydantic\main.py", line 193, in __init__
    self.__pydantic_validator__.validate_python(data, self_instance=self)
pydantic_core._pydantic_core.ValidationError: 16 validation errors for Dataset
accessLevel
  Field required [type=missing, input_value={}, input_type=dict]
    For further information visit https://errors.pydantic.dev/2.8/v/missing
landingPage
  Field required [type=missing, input_value={}, input_type=dict]
    For further information visit https://errors.pydantic.dev/2.8/v/missing
bureauCode
  Field required [type=missing, input_value={}, input_type=dict]
    For further information visit https://errors.pydantic.dev/2.8/v/missing
issued
  Field required [type=missing, input_value={}, input_type=dict]
    For further information visit https://errors.pydantic.dev/2.8/v/missing
@type
  Field required [type=missing, input_value={}, input_type=dict]
    For further information visit https://errors.pydantic.dev/2.8/v/missing
modified
  Field required [type=missing, input_value={}, input_type=dict]
    For further information visit https://errors.pydantic.dev/2.8/v/missing
released
  Field required [type=missing, input_value={}, input_type=dict]
    For further information visit https://errors.pydantic.dev/2.8/v/missing
keyword
  Field required [type=missing, input_value={}, input_type=dict]
    For further information visit https://errors.pydantic.dev/2.8/v/missing
contactPoint
  Field required [type=missing, input_value={}, input_type=dict]
    For further information visit https://errors.pydantic.dev/2.8/v/missing
publisher
  Field required [type=missing, input_value={}, input_type=dict]
    For further information visit https://errors.pydantic.dev/2.8/v/missing
identifier
  Field required [type=missing, input_value={}, input_type=dict]
    For further information visit https://errors.pydantic.dev/2.8/v/missing
description
  Field required [type=missing, input_value={}, input_type=dict]
    For further information visit https://errors.pydantic.dev/2.8/v/missing
title
  Field required [type=missing, input_value={}, input_type=dict]
    For further information visit https://errors.pydantic.dev/2.8/v/missing
programCode
  Field required [type=missing, input_value={}, input_type=dict]
    For further information visit https://errors.pydantic.dev/2.8/v/missing
distribution
  Field required [type=missing, input_value={}, input_type=dict]
    For further information visit https://errors.pydantic.dev/2.8/v/missing
theme
  Field required [type=missing, input_value={}, input_type=dict]
    For further information visit https://errors.pydantic.dev/2.8/v/missing
2024-08-23 12:40:38 - ERROR - Validation error for dataset: Unknown title
Traceback (most recent call last):
  File "C:\Users\edmun\Projects\Repositories\healthpartners-interview\src\healthpartners_interview\download.py", line 31, in fetch_datasets
    dataset = Dataset(**current_item)
              ^^^^^^^^^^^^^^^^^^^^^^^
  File "C:\Users\edmun\Projects\Repositories\healthpartners-interview\.venv\Lib\site-packages\pydantic\main.py", line 193, in __init__
    self.__pydantic_validator__.validate_python(data, self_instance=self)
pydantic_core._pydantic_core.ValidationError: 16 validation errors for Dataset
accessLevel
  Field required [type=missing, input_value={}, input_type=dict]
    For further information visit https://errors.pydantic.dev/2.8/v/missing
landingPage
  Field required [type=missing, input_value={}, input_type=dict]
    For further information visit https://errors.pydantic.dev/2.8/v/missing
bureauCode
  Field required [type=missing, input_value={}, input_type=dict]
    For further information visit https://errors.pydantic.dev/2.8/v/missing
issued
  Field required [type=missing, input_value={}, input_type=dict]
    For further information visit https://errors.pydantic.dev/2.8/v/missing
@type
  Field required [type=missing, input_value={}, input_type=dict]
    For further information visit https://errors.pydantic.dev/2.8/v/missing
modified
  Field required [type=missing, input_value={}, input_type=dict]
    For further information visit https://errors.pydantic.dev/2.8/v/missing
released
  Field required [type=missing, input_value={}, input_type=dict]
    For further information visit https://errors.pydantic.dev/2.8/v/missing
keyword
  Field required [type=missing, input_value={}, input_type=dict]
    For further information visit https://errors.pydantic.dev/2.8/v/missing
contactPoint
  Field required [type=missing, input_value={}, input_type=dict]
    For further information visit https://errors.pydantic.dev/2.8/v/missing
publisher
  Field required [type=missing, input_value={}, input_type=dict]
    For further information visit https://errors.pydantic.dev/2.8/v/missing
identifier
  Field required [type=missing, input_value={}, input_type=dict]
    For further information visit https://errors.pydantic.dev/2.8/v/missing
description
  Field required [type=missing, input_value={}, input_type=dict]
    For further information visit https://errors.pydantic.dev/2.8/v/missing
title
  Field required [type=missing, input_value={}, input_type=dict]
    For further information visit https://errors.pydantic.dev/2.8/v/missing
programCode
  Field required [type=missing, input_value={}, input_type=dict]
    For further information visit https://errors.pydantic.dev/2.8/v/missing
distribution
  Field required [type=missing, input_value={}, input_type=dict]
    For further information visit https://errors.pydantic.dev/2.8/v/missing
theme
  Field required [type=missing, input_value={}, input_type=dict]
    For further information visit https://errors.pydantic.dev/2.8/v/missing
2024-08-23 12:40:38 - ERROR - Validation error for dataset: Unknown title
Traceback (most recent call last):
  File "C:\Users\edmun\Projects\Repositories\healthpartners-interview\src\healthpartners_interview\download.py", line 31, in fetch_datasets
    dataset = Dataset(**current_item)
              ^^^^^^^^^^^^^^^^^^^^^^^
  File "C:\Users\edmun\Projects\Repositories\healthpartners-interview\.venv\Lib\site-packages\pydantic\main.py", line 193, in __init__
    self.__pydantic_validator__.validate_python(data, self_instance=self)
pydantic_core._pydantic_core.ValidationError: 16 validation errors for Dataset
accessLevel
  Field required [type=missing, input_value={'item': 'programCode'}, input_type=dict]
    For further information visit https://errors.pydantic.dev/2.8/v/missing
landingPage
  Field required [type=missing, input_value={'item': 'programCode'}, input_type=dict]
    For further information visit https://errors.pydantic.dev/2.8/v/missing
bureauCode
  Field required [type=missing, input_value={'item': 'programCode'}, input_type=dict]
    For further information visit https://errors.pydantic.dev/2.8/v/missing
issued
  Field required [type=missing, input_value={'item': 'programCode'}, input_type=dict]
    For further information visit https://errors.pydantic.dev/2.8/v/missing
@type
  Field required [type=missing, input_value={'item': 'programCode'}, input_type=dict]
    For further information visit https://errors.pydantic.dev/2.8/v/missing
modified
  Field required [type=missing, input_value={'item': 'programCode'}, input_type=dict]
    For further information visit https://errors.pydantic.dev/2.8/v/missing
released
  Field required [type=missing, input_value={'item': 'programCode'}, input_type=dict]
    For further information visit https://errors.pydantic.dev/2.8/v/missing
keyword
  Field required [type=missing, input_value={'item': 'programCode'}, input_type=dict]
    For further information visit https://errors.pydantic.dev/2.8/v/missing
contactPoint
  Field required [type=missing, input_value={'item': 'programCode'}, input_type=dict]
    For further information visit https://errors.pydantic.dev/2.8/v/missing
publisher
  Field required [type=missing, input_value={'item': 'programCode'}, input_type=dict]
    For further information visit https://errors.pydantic.dev/2.8/v/missing
identifier
  Field required [type=missing, input_value={'item': 'programCode'}, input_type=dict]
    For further information visit https://errors.pydantic.dev/2.8/v/missing
description
  Field required [type=missing, input_value={'item': 'programCode'}, input_type=dict]
    For further information visit https://errors.pydantic.dev/2.8/v/missing
title
  Field required [type=missing, input_value={'item': 'programCode'}, input_type=dict]
    For further information visit https://errors.pydantic.dev/2.8/v/missing
programCode
  Field required [type=missing, input_value={'item': 'programCode'}, input_type=dict]
    For further information visit https://errors.pydantic.dev/2.8/v/missing
distribution
  Field required [type=missing, input_value={'item': 'programCode'}, input_type=dict]
    For further information visit https://errors.pydantic.dev/2.8/v/missing
theme
  Field required [type=missing, input_value={'item': 'programCode'}, input_type=dict]
    For further information visit https://errors.pydantic.dev/2.8/v/missing
2024-08-23 12:40:38 - ERROR - Validation error for dataset: Unknown title
Traceback (most recent call last):
  File "C:\Users\edmun\Projects\Repositories\healthpartners-interview\src\healthpartners_interview\download.py", line 31, in fetch_datasets
    dataset = Dataset(**current_item)
              ^^^^^^^^^^^^^^^^^^^^^^^
  File "C:\Users\edmun\Projects\Repositories\healthpartners-interview\.venv\Lib\site-packages\pydantic\main.py", line 193, in __init__
    self.__pydantic_validator__.validate_python(data, self_instance=self)
pydantic_core._pydantic_core.ValidationError: 16 validation errors for Dataset
accessLevel
  Field required [type=missing, input_value={}, input_type=dict]
    For further information visit https://errors.pydantic.dev/2.8/v/missing
landingPage
  Field required [type=missing, input_value={}, input_type=dict]
    For further information visit https://errors.pydantic.dev/2.8/v/missing
bureauCode
  Field required [type=missing, input_value={}, input_type=dict]
    For further information visit https://errors.pydantic.dev/2.8/v/missing
issued
  Field required [type=missing, input_value={}, input_type=dict]
    For further information visit https://errors.pydantic.dev/2.8/v/missing
@type
  Field required [type=missing, input_value={}, input_type=dict]
    For further information visit https://errors.pydantic.dev/2.8/v/missing
modified
  Field required [type=missing, input_value={}, input_type=dict]
    For further information visit https://errors.pydantic.dev/2.8/v/missing
released
  Field required [type=missing, input_value={}, input_type=dict]
    For further information visit https://errors.pydantic.dev/2.8/v/missing
keyword
  Field required [type=missing, input_value={}, input_type=dict]
    For further information visit https://errors.pydantic.dev/2.8/v/missing
contactPoint
  Field required [type=missing, input_value={}, input_type=dict]
    For further information visit https://errors.pydantic.dev/2.8/v/missing
publisher
  Field required [type=missing, input_value={}, input_type=dict]
    For further information visit https://errors.pydantic.dev/2.8/v/missing
identifier
  Field required [type=missing, input_value={}, input_type=dict]
    For further information visit https://errors.pydantic.dev/2.8/v/missing
description
  Field required [type=missing, input_value={}, input_type=dict]
    For further information visit https://errors.pydantic.dev/2.8/v/missing
title
  Field required [type=missing, input_value={}, input_type=dict]
    For further information visit https://errors.pydantic.dev/2.8/v/missing
programCode
  Field required [type=missing, input_value={}, input_type=dict]
    For further information visit https://errors.pydantic.dev/2.8/v/missing
distribution
  Field required [type=missing, input_value={}, input_type=dict]
    For further information visit https://errors.pydantic.dev/2.8/v/missing
theme
  Field required [type=missing, input_value={}, input_type=dict]
    For further information visit https://errors.pydantic.dev/2.8/v/missing
2024-08-23 12:40:38 - ERROR - Validation error for dataset: Unknown title
Traceback (most recent call last):
  File "C:\Users\edmun\Projects\Repositories\healthpartners-interview\src\healthpartners_interview\download.py", line 31, in fetch_datasets
    dataset = Dataset(**current_item)
              ^^^^^^^^^^^^^^^^^^^^^^^
  File "C:\Users\edmun\Projects\Repositories\healthpartners-interview\.venv\Lib\site-packages\pydantic\main.py", line 193, in __init__
    self.__pydantic_validator__.validate_python(data, self_instance=self)
pydantic_core._pydantic_core.ValidationError: 16 validation errors for Dataset
accessLevel
  Field required [type=missing, input_value={}, input_type=dict]
    For further information visit https://errors.pydantic.dev/2.8/v/missing
landingPage
  Field required [type=missing, input_value={}, input_type=dict]
    For further information visit https://errors.pydantic.dev/2.8/v/missing
bureauCode
  Field required [type=missing, input_value={}, input_type=dict]
    For further information visit https://errors.pydantic.dev/2.8/v/missing
issued
  Field required [type=missing, input_value={}, input_type=dict]
    For further information visit https://errors.pydantic.dev/2.8/v/missing
@type
  Field required [type=missing, input_value={}, input_type=dict]
    For further information visit https://errors.pydantic.dev/2.8/v/missing
modified
  Field required [type=missing, input_value={}, input_type=dict]
    For further information visit https://errors.pydantic.dev/2.8/v/missing
released
  Field required [type=missing, input_value={}, input_type=dict]
    For further information visit https://errors.pydantic.dev/2.8/v/missing
keyword
  Field required [type=missing, input_value={}, input_type=dict]
    For further information visit https://errors.pydantic.dev/2.8/v/missing
contactPoint
  Field required [type=missing, input_value={}, input_type=dict]
    For further information visit https://errors.pydantic.dev/2.8/v/missing
publisher
  Field required [type=missing, input_value={}, input_type=dict]
    For further information visit https://errors.pydantic.dev/2.8/v/missing
identifier
  Field required [type=missing, input_value={}, input_type=dict]
    For further information visit https://errors.pydantic.dev/2.8/v/missing
description
  Field required [type=missing, input_value={}, input_type=dict]
    For further information visit https://errors.pydantic.dev/2.8/v/missing
title
  Field required [type=missing, input_value={}, input_type=dict]
    For further information visit https://errors.pydantic.dev/2.8/v/missing
programCode
  Field required [type=missing, input_value={}, input_type=dict]
    For further information visit https://errors.pydantic.dev/2.8/v/missing
distribution
  Field required [type=missing, input_value={}, input_type=dict]
    For further information visit https://errors.pydantic.dev/2.8/v/missing
theme
  Field required [type=missing, input_value={}, input_type=dict]
    For further information visit https://errors.pydantic.dev/2.8/v/missing
2024-08-23 12:40:38 - ERROR - Validation error for dataset: Unknown title
Traceback (most recent call last):
  File "C:\Users\edmun\Projects\Repositories\healthpartners-interview\src\healthpartners_interview\download.py", line 31, in fetch_datasets
    dataset = Dataset(**current_item)
              ^^^^^^^^^^^^^^^^^^^^^^^
  File "C:\Users\edmun\Projects\Repositories\healthpartners-interview\.venv\Lib\site-packages\pydantic\main.py", line 193, in __init__
    self.__pydantic_validator__.validate_python(data, self_instance=self)
pydantic_core._pydantic_core.ValidationError: 16 validation errors for Dataset
accessLevel
  Field required [type=missing, input_value={}, input_type=dict]
    For further information visit https://errors.pydantic.dev/2.8/v/missing
landingPage
  Field required [type=missing, input_value={}, input_type=dict]
    For further information visit https://errors.pydantic.dev/2.8/v/missing
bureauCode
  Field required [type=missing, input_value={}, input_type=dict]
    For further information visit https://errors.pydantic.dev/2.8/v/missing
issued
  Field required [type=missing, input_value={}, input_type=dict]
    For further information visit https://errors.pydantic.dev/2.8/v/missing
@type
  Field required [type=missing, input_value={}, input_type=dict]
    For further information visit https://errors.pydantic.dev/2.8/v/missing
modified
  Field required [type=missing, input_value={}, input_type=dict]
    For further information visit https://errors.pydantic.dev/2.8/v/missing
released
  Field required [type=missing, input_value={}, input_type=dict]
    For further information visit https://errors.pydantic.dev/2.8/v/missing
keyword
  Field required [type=missing, input_value={}, input_type=dict]
    For further information visit https://errors.pydantic.dev/2.8/v/missing
contactPoint
  Field required [type=missing, input_value={}, input_type=dict]
    For further information visit https://errors.pydantic.dev/2.8/v/missing
publisher
  Field required [type=missing, input_value={}, input_type=dict]
    For further information visit https://errors.pydantic.dev/2.8/v/missing
identifier
  Field required [type=missing, input_value={}, input_type=dict]
    For further information visit https://errors.pydantic.dev/2.8/v/missing
description
  Field required [type=missing, input_value={}, input_type=dict]
    For further information visit https://errors.pydantic.dev/2.8/v/missing
title
  Field required [type=missing, input_value={}, input_type=dict]
    For further information visit https://errors.pydantic.dev/2.8/v/missing
programCode
  Field required [type=missing, input_value={}, input_type=dict]
    For further information visit https://errors.pydantic.dev/2.8/v/missing
distribution
  Field required [type=missing, input_value={}, input_type=dict]
    For further information visit https://errors.pydantic.dev/2.8/v/missing
theme
  Field required [type=missing, input_value={}, input_type=dict]
    For further information visit https://errors.pydantic.dev/2.8/v/missing
2024-08-23 12:40:38 - ERROR - Validation error for dataset: Unknown title
Traceback (most recent call last):
  File "C:\Users\edmun\Projects\Repositories\healthpartners-interview\src\healthpartners_interview\download.py", line 31, in fetch_datasets
    dataset = Dataset(**current_item)
              ^^^^^^^^^^^^^^^^^^^^^^^
  File "C:\Users\edmun\Projects\Repositories\healthpartners-interview\.venv\Lib\site-packages\pydantic\main.py", line 193, in __init__
    self.__pydantic_validator__.validate_python(data, self_instance=self)
pydantic_core._pydantic_core.ValidationError: 16 validation errors for Dataset
accessLevel
  Field required [type=missing, input_value={'item': 'programCode'}, input_type=dict]
    For further information visit https://errors.pydantic.dev/2.8/v/missing
landingPage
  Field required [type=missing, input_value={'item': 'programCode'}, input_type=dict]
    For further information visit https://errors.pydantic.dev/2.8/v/missing
bureauCode
  Field required [type=missing, input_value={'item': 'programCode'}, input_type=dict]
    For further information visit https://errors.pydantic.dev/2.8/v/missing
issued
  Field required [type=missing, input_value={'item': 'programCode'}, input_type=dict]
    For further information visit https://errors.pydantic.dev/2.8/v/missing
@type
  Field required [type=missing, input_value={'item': 'programCode'}, input_type=dict]
    For further information visit https://errors.pydantic.dev/2.8/v/missing
modified
  Field required [type=missing, input_value={'item': 'programCode'}, input_type=dict]
    For further information visit https://errors.pydantic.dev/2.8/v/missing
released
  Field required [type=missing, input_value={'item': 'programCode'}, input_type=dict]
    For further information visit https://errors.pydantic.dev/2.8/v/missing
keyword
  Field required [type=missing, input_value={'item': 'programCode'}, input_type=dict]
    For further information visit https://errors.pydantic.dev/2.8/v/missing
contactPoint
  Field required [type=missing, input_value={'item': 'programCode'}, input_type=dict]
    For further information visit https://errors.pydantic.dev/2.8/v/missing
publisher
  Field required [type=missing, input_value={'item': 'programCode'}, input_type=dict]
    For further information visit https://errors.pydantic.dev/2.8/v/missing
identifier
  Field required [type=missing, input_value={'item': 'programCode'}, input_type=dict]
    For further information visit https://errors.pydantic.dev/2.8/v/missing
description
  Field required [type=missing, input_value={'item': 'programCode'}, input_type=dict]
    For further information visit https://errors.pydantic.dev/2.8/v/missing
title
  Field required [type=missing, input_value={'item': 'programCode'}, input_type=dict]
    For further information visit https://errors.pydantic.dev/2.8/v/missing
programCode
  Field required [type=missing, input_value={'item': 'programCode'}, input_type=dict]
    For further information visit https://errors.pydantic.dev/2.8/v/missing
distribution
  Field required [type=missing, input_value={'item': 'programCode'}, input_type=dict]
    For further information visit https://errors.pydantic.dev/2.8/v/missing
theme
  Field required [type=missing, input_value={'item': 'programCode'}, input_type=dict]
    For further information visit https://errors.pydantic.dev/2.8/v/missing
2024-08-23 12:40:38 - ERROR - Validation error for dataset: Unknown title
Traceback (most recent call last):
  File "C:\Users\edmun\Projects\Repositories\healthpartners-interview\src\healthpartners_interview\download.py", line 31, in fetch_datasets
    dataset = Dataset(**current_item)
              ^^^^^^^^^^^^^^^^^^^^^^^
  File "C:\Users\edmun\Projects\Repositories\healthpartners-interview\.venv\Lib\site-packages\pydantic\main.py", line 193, in __init__
    self.__pydantic_validator__.validate_python(data, self_instance=self)
pydantic_core._pydantic_core.ValidationError: 16 validation errors for Dataset
accessLevel
  Field required [type=missing, input_value={}, input_type=dict]
    For further information visit https://errors.pydantic.dev/2.8/v/missing
landingPage
  Field required [type=missing, input_value={}, input_type=dict]
    For further information visit https://errors.pydantic.dev/2.8/v/missing
bureauCode
  Field required [type=missing, input_value={}, input_type=dict]
    For further information visit https://errors.pydantic.dev/2.8/v/missing
issued
  Field required [type=missing, input_value={}, input_type=dict]
    For further information visit https://errors.pydantic.dev/2.8/v/missing
@type
  Field required [type=missing, input_value={}, input_type=dict]
    For further information visit https://errors.pydantic.dev/2.8/v/missing
modified
  Field required [type=missing, input_value={}, input_type=dict]
    For further information visit https://errors.pydantic.dev/2.8/v/missing
released
  Field required [type=missing, input_value={}, input_type=dict]
    For further information visit https://errors.pydantic.dev/2.8/v/missing
keyword
  Field required [type=missing, input_value={}, input_type=dict]
    For further information visit https://errors.pydantic.dev/2.8/v/missing
contactPoint
  Field required [type=missing, input_value={}, input_type=dict]
    For further information visit https://errors.pydantic.dev/2.8/v/missing
publisher
  Field required [type=missing, input_value={}, input_type=dict]
    For further information visit https://errors.pydantic.dev/2.8/v/missing
identifier
  Field required [type=missing, input_value={}, input_type=dict]
    For further information visit https://errors.pydantic.dev/2.8/v/missing
description
  Field required [type=missing, input_value={}, input_type=dict]
    For further information visit https://errors.pydantic.dev/2.8/v/missing
title
  Field required [type=missing, input_value={}, input_type=dict]
    For further information visit https://errors.pydantic.dev/2.8/v/missing
programCode
  Field required [type=missing, input_value={}, input_type=dict]
    For further information visit https://errors.pydantic.dev/2.8/v/missing
distribution
  Field required [type=missing, input_value={}, input_type=dict]
    For further information visit https://errors.pydantic.dev/2.8/v/missing
theme
  Field required [type=missing, input_value={}, input_type=dict]
    For further information visit https://errors.pydantic.dev/2.8/v/missing
2024-08-23 12:40:38 - ERROR - Validation error for dataset: Unknown title
Traceback (most recent call last):
  File "C:\Users\edmun\Projects\Repositories\healthpartners-interview\src\healthpartners_interview\download.py", line 31, in fetch_datasets
    dataset = Dataset(**current_item)
              ^^^^^^^^^^^^^^^^^^^^^^^
  File "C:\Users\edmun\Projects\Repositories\healthpartners-interview\.venv\Lib\site-packages\pydantic\main.py", line 193, in __init__
    self.__pydantic_validator__.validate_python(data, self_instance=self)
pydantic_core._pydantic_core.ValidationError: 16 validation errors for Dataset
accessLevel
  Field required [type=missing, input_value={}, input_type=dict]
    For further information visit https://errors.pydantic.dev/2.8/v/missing
landingPage
  Field required [type=missing, input_value={}, input_type=dict]
    For further information visit https://errors.pydantic.dev/2.8/v/missing
bureauCode
  Field required [type=missing, input_value={}, input_type=dict]
    For further information visit https://errors.pydantic.dev/2.8/v/missing
issued
  Field required [type=missing, input_value={}, input_type=dict]
    For further information visit https://errors.pydantic.dev/2.8/v/missing
@type
  Field required [type=missing, input_value={}, input_type=dict]
    For further information visit https://errors.pydantic.dev/2.8/v/missing
modified
  Field required [type=missing, input_value={}, input_type=dict]
    For further information visit https://errors.pydantic.dev/2.8/v/missing
released
  Field required [type=missing, input_value={}, input_type=dict]
    For further information visit https://errors.pydantic.dev/2.8/v/missing
keyword
  Field required [type=missing, input_value={}, input_type=dict]
    For further information visit https://errors.pydantic.dev/2.8/v/missing
contactPoint
  Field required [type=missing, input_value={}, input_type=dict]
    For further information visit https://errors.pydantic.dev/2.8/v/missing
publisher
  Field required [type=missing, input_value={}, input_type=dict]
    For further information visit https://errors.pydantic.dev/2.8/v/missing
identifier
  Field required [type=missing, input_value={}, input_type=dict]
    For further information visit https://errors.pydantic.dev/2.8/v/missing
description
  Field required [type=missing, input_value={}, input_type=dict]
    For further information visit https://errors.pydantic.dev/2.8/v/missing
title
  Field required [type=missing, input_value={}, input_type=dict]
    For further information visit https://errors.pydantic.dev/2.8/v/missing
programCode
  Field required [type=missing, input_value={}, input_type=dict]
    For further information visit https://errors.pydantic.dev/2.8/v/missing
distribution
  Field required [type=missing, input_value={}, input_type=dict]
    For further information visit https://errors.pydantic.dev/2.8/v/missing
theme
  Field required [type=missing, input_value={}, input_type=dict]
    For further information visit https://errors.pydantic.dev/2.8/v/missing
2024-08-23 12:40:38 - ERROR - Validation error for dataset: Unknown title
Traceback (most recent call last):
  File "C:\Users\edmun\Projects\Repositories\healthpartners-interview\src\healthpartners_interview\download.py", line 31, in fetch_datasets
    dataset = Dataset(**current_item)
              ^^^^^^^^^^^^^^^^^^^^^^^
  File "C:\Users\edmun\Projects\Repositories\healthpartners-interview\.venv\Lib\site-packages\pydantic\main.py", line 193, in __init__
    self.__pydantic_validator__.validate_python(data, self_instance=self)
pydantic_core._pydantic_core.ValidationError: 16 validation errors for Dataset
accessLevel
  Field required [type=missing, input_value={}, input_type=dict]
    For further information visit https://errors.pydantic.dev/2.8/v/missing
landingPage
  Field required [type=missing, input_value={}, input_type=dict]
    For further information visit https://errors.pydantic.dev/2.8/v/missing
bureauCode
  Field required [type=missing, input_value={}, input_type=dict]
    For further information visit https://errors.pydantic.dev/2.8/v/missing
issued
  Field required [type=missing, input_value={}, input_type=dict]
    For further information visit https://errors.pydantic.dev/2.8/v/missing
@type
  Field required [type=missing, input_value={}, input_type=dict]
    For further information visit https://errors.pydantic.dev/2.8/v/missing
modified
  Field required [type=missing, input_value={}, input_type=dict]
    For further information visit https://errors.pydantic.dev/2.8/v/missing
released
  Field required [type=missing, input_value={}, input_type=dict]
    For further information visit https://errors.pydantic.dev/2.8/v/missing
keyword
  Field required [type=missing, input_value={}, input_type=dict]
    For further information visit https://errors.pydantic.dev/2.8/v/missing
contactPoint
  Field required [type=missing, input_value={}, input_type=dict]
    For further information visit https://errors.pydantic.dev/2.8/v/missing
publisher
  Field required [type=missing, input_value={}, input_type=dict]
    For further information visit https://errors.pydantic.dev/2.8/v/missing
identifier
  Field required [type=missing, input_value={}, input_type=dict]
    For further information visit https://errors.pydantic.dev/2.8/v/missing
description
  Field required [type=missing, input_value={}, input_type=dict]
    For further information visit https://errors.pydantic.dev/2.8/v/missing
title
  Field required [type=missing, input_value={}, input_type=dict]
    For further information visit https://errors.pydantic.dev/2.8/v/missing
programCode
  Field required [type=missing, input_value={}, input_type=dict]
    For further information visit https://errors.pydantic.dev/2.8/v/missing
distribution
  Field required [type=missing, input_value={}, input_type=dict]
    For further information visit https://errors.pydantic.dev/2.8/v/missing
theme
  Field required [type=missing, input_value={}, input_type=dict]
    For further information visit https://errors.pydantic.dev/2.8/v/missing
2024-08-23 12:40:38 - ERROR - Validation error for dataset: Unknown title
Traceback (most recent call last):
  File "C:\Users\edmun\Projects\Repositories\healthpartners-interview\src\healthpartners_interview\download.py", line 31, in fetch_datasets
    dataset = Dataset(**current_item)
              ^^^^^^^^^^^^^^^^^^^^^^^
  File "C:\Users\edmun\Projects\Repositories\healthpartners-interview\.venv\Lib\site-packages\pydantic\main.py", line 193, in __init__
    self.__pydantic_validator__.validate_python(data, self_instance=self)
pydantic_core._pydantic_core.ValidationError: 16 validation errors for Dataset
accessLevel
  Field required [type=missing, input_value={'item': 'programCode'}, input_type=dict]
    For further information visit https://errors.pydantic.dev/2.8/v/missing
landingPage
  Field required [type=missing, input_value={'item': 'programCode'}, input_type=dict]
    For further information visit https://errors.pydantic.dev/2.8/v/missing
bureauCode
  Field required [type=missing, input_value={'item': 'programCode'}, input_type=dict]
    For further information visit https://errors.pydantic.dev/2.8/v/missing
issued
  Field required [type=missing, input_value={'item': 'programCode'}, input_type=dict]
    For further information visit https://errors.pydantic.dev/2.8/v/missing
@type
  Field required [type=missing, input_value={'item': 'programCode'}, input_type=dict]
    For further information visit https://errors.pydantic.dev/2.8/v/missing
modified
  Field required [type=missing, input_value={'item': 'programCode'}, input_type=dict]
    For further information visit https://errors.pydantic.dev/2.8/v/missing
released
  Field required [type=missing, input_value={'item': 'programCode'}, input_type=dict]
    For further information visit https://errors.pydantic.dev/2.8/v/missing
keyword
  Field required [type=missing, input_value={'item': 'programCode'}, input_type=dict]
    For further information visit https://errors.pydantic.dev/2.8/v/missing
contactPoint
  Field required [type=missing, input_value={'item': 'programCode'}, input_type=dict]
    For further information visit https://errors.pydantic.dev/2.8/v/missing
publisher
  Field required [type=missing, input_value={'item': 'programCode'}, input_type=dict]
    For further information visit https://errors.pydantic.dev/2.8/v/missing
identifier
  Field required [type=missing, input_value={'item': 'programCode'}, input_type=dict]
    For further information visit https://errors.pydantic.dev/2.8/v/missing
description
  Field required [type=missing, input_value={'item': 'programCode'}, input_type=dict]
    For further information visit https://errors.pydantic.dev/2.8/v/missing
title
  Field required [type=missing, input_value={'item': 'programCode'}, input_type=dict]
    For further information visit https://errors.pydantic.dev/2.8/v/missing
programCode
  Field required [type=missing, input_value={'item': 'programCode'}, input_type=dict]
    For further information visit https://errors.pydantic.dev/2.8/v/missing
distribution
  Field required [type=missing, input_value={'item': 'programCode'}, input_type=dict]
    For further information visit https://errors.pydantic.dev/2.8/v/missing
theme
  Field required [type=missing, input_value={'item': 'programCode'}, input_type=dict]
    For further information visit https://errors.pydantic.dev/2.8/v/missing
2024-08-23 12:40:38 - ERROR - Validation error for dataset: Unknown title
Traceback (most recent call last):
  File "C:\Users\edmun\Projects\Repositories\healthpartners-interview\src\healthpartners_interview\download.py", line 31, in fetch_datasets
    dataset = Dataset(**current_item)
              ^^^^^^^^^^^^^^^^^^^^^^^
  File "C:\Users\edmun\Projects\Repositories\healthpartners-interview\.venv\Lib\site-packages\pydantic\main.py", line 193, in __init__
    self.__pydantic_validator__.validate_python(data, self_instance=self)
pydantic_core._pydantic_core.ValidationError: 16 validation errors for Dataset
accessLevel
  Field required [type=missing, input_value={}, input_type=dict]
    For further information visit https://errors.pydantic.dev/2.8/v/missing
landingPage
  Field required [type=missing, input_value={}, input_type=dict]
    For further information visit https://errors.pydantic.dev/2.8/v/missing
bureauCode
  Field required [type=missing, input_value={}, input_type=dict]
    For further information visit https://errors.pydantic.dev/2.8/v/missing
issued
  Field required [type=missing, input_value={}, input_type=dict]
    For further information visit https://errors.pydantic.dev/2.8/v/missing
@type
  Field required [type=missing, input_value={}, input_type=dict]
    For further information visit https://errors.pydantic.dev/2.8/v/missing
modified
  Field required [type=missing, input_value={}, input_type=dict]
    For further information visit https://errors.pydantic.dev/2.8/v/missing
released
  Field required [type=missing, input_value={}, input_type=dict]
    For further information visit https://errors.pydantic.dev/2.8/v/missing
keyword
  Field required [type=missing, input_value={}, input_type=dict]
    For further information visit https://errors.pydantic.dev/2.8/v/missing
contactPoint
  Field required [type=missing, input_value={}, input_type=dict]
    For further information visit https://errors.pydantic.dev/2.8/v/missing
publisher
  Field required [type=missing, input_value={}, input_type=dict]
    For further information visit https://errors.pydantic.dev/2.8/v/missing
identifier
  Field required [type=missing, input_value={}, input_type=dict]
    For further information visit https://errors.pydantic.dev/2.8/v/missing
description
  Field required [type=missing, input_value={}, input_type=dict]
    For further information visit https://errors.pydantic.dev/2.8/v/missing
title
  Field required [type=missing, input_value={}, input_type=dict]
    For further information visit https://errors.pydantic.dev/2.8/v/missing
programCode
  Field required [type=missing, input_value={}, input_type=dict]
    For further information visit https://errors.pydantic.dev/2.8/v/missing
distribution
  Field required [type=missing, input_value={}, input_type=dict]
    For further information visit https://errors.pydantic.dev/2.8/v/missing
theme
  Field required [type=missing, input_value={}, input_type=dict]
    For further information visit https://errors.pydantic.dev/2.8/v/missing
2024-08-23 12:40:38 - ERROR - Validation error for dataset: Unknown title
Traceback (most recent call last):
  File "C:\Users\edmun\Projects\Repositories\healthpartners-interview\src\healthpartners_interview\download.py", line 31, in fetch_datasets
    dataset = Dataset(**current_item)
              ^^^^^^^^^^^^^^^^^^^^^^^
  File "C:\Users\edmun\Projects\Repositories\healthpartners-interview\.venv\Lib\site-packages\pydantic\main.py", line 193, in __init__
    self.__pydantic_validator__.validate_python(data, self_instance=self)
pydantic_core._pydantic_core.ValidationError: 16 validation errors for Dataset
accessLevel
  Field required [type=missing, input_value={}, input_type=dict]
    For further information visit https://errors.pydantic.dev/2.8/v/missing
landingPage
  Field required [type=missing, input_value={}, input_type=dict]
    For further information visit https://errors.pydantic.dev/2.8/v/missing
bureauCode
  Field required [type=missing, input_value={}, input_type=dict]
    For further information visit https://errors.pydantic.dev/2.8/v/missing
issued
  Field required [type=missing, input_value={}, input_type=dict]
    For further information visit https://errors.pydantic.dev/2.8/v/missing
@type
  Field required [type=missing, input_value={}, input_type=dict]
    For further information visit https://errors.pydantic.dev/2.8/v/missing
modified
  Field required [type=missing, input_value={}, input_type=dict]
    For further information visit https://errors.pydantic.dev/2.8/v/missing
released
  Field required [type=missing, input_value={}, input_type=dict]
    For further information visit https://errors.pydantic.dev/2.8/v/missing
keyword
  Field required [type=missing, input_value={}, input_type=dict]
    For further information visit https://errors.pydantic.dev/2.8/v/missing
contactPoint
  Field required [type=missing, input_value={}, input_type=dict]
    For further information visit https://errors.pydantic.dev/2.8/v/missing
publisher
  Field required [type=missing, input_value={}, input_type=dict]
    For further information visit https://errors.pydantic.dev/2.8/v/missing
identifier
  Field required [type=missing, input_value={}, input_type=dict]
    For further information visit https://errors.pydantic.dev/2.8/v/missing
description
  Field required [type=missing, input_value={}, input_type=dict]
    For further information visit https://errors.pydantic.dev/2.8/v/missing
title
  Field required [type=missing, input_value={}, input_type=dict]
    For further information visit https://errors.pydantic.dev/2.8/v/missing
programCode
  Field required [type=missing, input_value={}, input_type=dict]
    For further information visit https://errors.pydantic.dev/2.8/v/missing
distribution
  Field required [type=missing, input_value={}, input_type=dict]
    For further information visit https://errors.pydantic.dev/2.8/v/missing
theme
  Field required [type=missing, input_value={}, input_type=dict]
    For further information visit https://errors.pydantic.dev/2.8/v/missing
2024-08-23 12:40:38 - ERROR - Validation error for dataset: Unknown title
Traceback (most recent call last):
  File "C:\Users\edmun\Projects\Repositories\healthpartners-interview\src\healthpartners_interview\download.py", line 31, in fetch_datasets
    dataset = Dataset(**current_item)
              ^^^^^^^^^^^^^^^^^^^^^^^
  File "C:\Users\edmun\Projects\Repositories\healthpartners-interview\.venv\Lib\site-packages\pydantic\main.py", line 193, in __init__
    self.__pydantic_validator__.validate_python(data, self_instance=self)
pydantic_core._pydantic_core.ValidationError: 16 validation errors for Dataset
accessLevel
  Field required [type=missing, input_value={}, input_type=dict]
    For further information visit https://errors.pydantic.dev/2.8/v/missing
landingPage
  Field required [type=missing, input_value={}, input_type=dict]
    For further information visit https://errors.pydantic.dev/2.8/v/missing
bureauCode
  Field required [type=missing, input_value={}, input_type=dict]
    For further information visit https://errors.pydantic.dev/2.8/v/missing
issued
  Field required [type=missing, input_value={}, input_type=dict]
    For further information visit https://errors.pydantic.dev/2.8/v/missing
@type
  Field required [type=missing, input_value={}, input_type=dict]
    For further information visit https://errors.pydantic.dev/2.8/v/missing
modified
  Field required [type=missing, input_value={}, input_type=dict]
    For further information visit https://errors.pydantic.dev/2.8/v/missing
released
  Field required [type=missing, input_value={}, input_type=dict]
    For further information visit https://errors.pydantic.dev/2.8/v/missing
keyword
  Field required [type=missing, input_value={}, input_type=dict]
    For further information visit https://errors.pydantic.dev/2.8/v/missing
contactPoint
  Field required [type=missing, input_value={}, input_type=dict]
    For further information visit https://errors.pydantic.dev/2.8/v/missing
publisher
  Field required [type=missing, input_value={}, input_type=dict]
    For further information visit https://errors.pydantic.dev/2.8/v/missing
identifier
  Field required [type=missing, input_value={}, input_type=dict]
    For further information visit https://errors.pydantic.dev/2.8/v/missing
description
  Field required [type=missing, input_value={}, input_type=dict]
    For further information visit https://errors.pydantic.dev/2.8/v/missing
title
  Field required [type=missing, input_value={}, input_type=dict]
    For further information visit https://errors.pydantic.dev/2.8/v/missing
programCode
  Field required [type=missing, input_value={}, input_type=dict]
    For further information visit https://errors.pydantic.dev/2.8/v/missing
distribution
  Field required [type=missing, input_value={}, input_type=dict]
    For further information visit https://errors.pydantic.dev/2.8/v/missing
theme
  Field required [type=missing, input_value={}, input_type=dict]
    For further information visit https://errors.pydantic.dev/2.8/v/missing
2024-08-23 12:40:38 - ERROR - Validation error for dataset: Unknown title
Traceback (most recent call last):
  File "C:\Users\edmun\Projects\Repositories\healthpartners-interview\src\healthpartners_interview\download.py", line 31, in fetch_datasets
    dataset = Dataset(**current_item)
              ^^^^^^^^^^^^^^^^^^^^^^^
  File "C:\Users\edmun\Projects\Repositories\healthpartners-interview\.venv\Lib\site-packages\pydantic\main.py", line 193, in __init__
    self.__pydantic_validator__.validate_python(data, self_instance=self)
pydantic_core._pydantic_core.ValidationError: 16 validation errors for Dataset
accessLevel
  Field required [type=missing, input_value={'item': 'programCode'}, input_type=dict]
    For further information visit https://errors.pydantic.dev/2.8/v/missing
landingPage
  Field required [type=missing, input_value={'item': 'programCode'}, input_type=dict]
    For further information visit https://errors.pydantic.dev/2.8/v/missing
bureauCode
  Field required [type=missing, input_value={'item': 'programCode'}, input_type=dict]
    For further information visit https://errors.pydantic.dev/2.8/v/missing
issued
  Field required [type=missing, input_value={'item': 'programCode'}, input_type=dict]
    For further information visit https://errors.pydantic.dev/2.8/v/missing
@type
  Field required [type=missing, input_value={'item': 'programCode'}, input_type=dict]
    For further information visit https://errors.pydantic.dev/2.8/v/missing
modified
  Field required [type=missing, input_value={'item': 'programCode'}, input_type=dict]
    For further information visit https://errors.pydantic.dev/2.8/v/missing
released
  Field required [type=missing, input_value={'item': 'programCode'}, input_type=dict]
    For further information visit https://errors.pydantic.dev/2.8/v/missing
keyword
  Field required [type=missing, input_value={'item': 'programCode'}, input_type=dict]
    For further information visit https://errors.pydantic.dev/2.8/v/missing
contactPoint
  Field required [type=missing, input_value={'item': 'programCode'}, input_type=dict]
    For further information visit https://errors.pydantic.dev/2.8/v/missing
publisher
  Field required [type=missing, input_value={'item': 'programCode'}, input_type=dict]
    For further information visit https://errors.pydantic.dev/2.8/v/missing
identifier
  Field required [type=missing, input_value={'item': 'programCode'}, input_type=dict]
    For further information visit https://errors.pydantic.dev/2.8/v/missing
description
  Field required [type=missing, input_value={'item': 'programCode'}, input_type=dict]
    For further information visit https://errors.pydantic.dev/2.8/v/missing
title
  Field required [type=missing, input_value={'item': 'programCode'}, input_type=dict]
    For further information visit https://errors.pydantic.dev/2.8/v/missing
programCode
  Field required [type=missing, input_value={'item': 'programCode'}, input_type=dict]
    For further information visit https://errors.pydantic.dev/2.8/v/missing
distribution
  Field required [type=missing, input_value={'item': 'programCode'}, input_type=dict]
    For further information visit https://errors.pydantic.dev/2.8/v/missing
theme
  Field required [type=missing, input_value={'item': 'programCode'}, input_type=dict]
    For further information visit https://errors.pydantic.dev/2.8/v/missing
2024-08-23 12:40:38 - ERROR - Validation error for dataset: Unknown title
Traceback (most recent call last):
  File "C:\Users\edmun\Projects\Repositories\healthpartners-interview\src\healthpartners_interview\download.py", line 31, in fetch_datasets
    dataset = Dataset(**current_item)
              ^^^^^^^^^^^^^^^^^^^^^^^
  File "C:\Users\edmun\Projects\Repositories\healthpartners-interview\.venv\Lib\site-packages\pydantic\main.py", line 193, in __init__
    self.__pydantic_validator__.validate_python(data, self_instance=self)
pydantic_core._pydantic_core.ValidationError: 16 validation errors for Dataset
accessLevel
  Field required [type=missing, input_value={}, input_type=dict]
    For further information visit https://errors.pydantic.dev/2.8/v/missing
landingPage
  Field required [type=missing, input_value={}, input_type=dict]
    For further information visit https://errors.pydantic.dev/2.8/v/missing
bureauCode
  Field required [type=missing, input_value={}, input_type=dict]
    For further information visit https://errors.pydantic.dev/2.8/v/missing
issued
  Field required [type=missing, input_value={}, input_type=dict]
    For further information visit https://errors.pydantic.dev/2.8/v/missing
@type
  Field required [type=missing, input_value={}, input_type=dict]
    For further information visit https://errors.pydantic.dev/2.8/v/missing
modified
  Field required [type=missing, input_value={}, input_type=dict]
    For further information visit https://errors.pydantic.dev/2.8/v/missing
released
  Field required [type=missing, input_value={}, input_type=dict]
    For further information visit https://errors.pydantic.dev/2.8/v/missing
keyword
  Field required [type=missing, input_value={}, input_type=dict]
    For further information visit https://errors.pydantic.dev/2.8/v/missing
contactPoint
  Field required [type=missing, input_value={}, input_type=dict]
    For further information visit https://errors.pydantic.dev/2.8/v/missing
publisher
  Field required [type=missing, input_value={}, input_type=dict]
    For further information visit https://errors.pydantic.dev/2.8/v/missing
identifier
  Field required [type=missing, input_value={}, input_type=dict]
    For further information visit https://errors.pydantic.dev/2.8/v/missing
description
  Field required [type=missing, input_value={}, input_type=dict]
    For further information visit https://errors.pydantic.dev/2.8/v/missing
title
  Field required [type=missing, input_value={}, input_type=dict]
    For further information visit https://errors.pydantic.dev/2.8/v/missing
programCode
  Field required [type=missing, input_value={}, input_type=dict]
    For further information visit https://errors.pydantic.dev/2.8/v/missing
distribution
  Field required [type=missing, input_value={}, input_type=dict]
    For further information visit https://errors.pydantic.dev/2.8/v/missing
theme
  Field required [type=missing, input_value={}, input_type=dict]
    For further information visit https://errors.pydantic.dev/2.8/v/missing
2024-08-23 12:40:38 - ERROR - Validation error for dataset: Unknown title
Traceback (most recent call last):
  File "C:\Users\edmun\Projects\Repositories\healthpartners-interview\src\healthpartners_interview\download.py", line 31, in fetch_datasets
    dataset = Dataset(**current_item)
              ^^^^^^^^^^^^^^^^^^^^^^^
  File "C:\Users\edmun\Projects\Repositories\healthpartners-interview\.venv\Lib\site-packages\pydantic\main.py", line 193, in __init__
    self.__pydantic_validator__.validate_python(data, self_instance=self)
pydantic_core._pydantic_core.ValidationError: 16 validation errors for Dataset
accessLevel
  Field required [type=missing, input_value={}, input_type=dict]
    For further information visit https://errors.pydantic.dev/2.8/v/missing
landingPage
  Field required [type=missing, input_value={}, input_type=dict]
    For further information visit https://errors.pydantic.dev/2.8/v/missing
bureauCode
  Field required [type=missing, input_value={}, input_type=dict]
    For further information visit https://errors.pydantic.dev/2.8/v/missing
issued
  Field required [type=missing, input_value={}, input_type=dict]
    For further information visit https://errors.pydantic.dev/2.8/v/missing
@type
  Field required [type=missing, input_value={}, input_type=dict]
    For further information visit https://errors.pydantic.dev/2.8/v/missing
modified
  Field required [type=missing, input_value={}, input_type=dict]
    For further information visit https://errors.pydantic.dev/2.8/v/missing
released
  Field required [type=missing, input_value={}, input_type=dict]
    For further information visit https://errors.pydantic.dev/2.8/v/missing
keyword
  Field required [type=missing, input_value={}, input_type=dict]
    For further information visit https://errors.pydantic.dev/2.8/v/missing
contactPoint
  Field required [type=missing, input_value={}, input_type=dict]
    For further information visit https://errors.pydantic.dev/2.8/v/missing
publisher
  Field required [type=missing, input_value={}, input_type=dict]
    For further information visit https://errors.pydantic.dev/2.8/v/missing
identifier
  Field required [type=missing, input_value={}, input_type=dict]
    For further information visit https://errors.pydantic.dev/2.8/v/missing
description
  Field required [type=missing, input_value={}, input_type=dict]
    For further information visit https://errors.pydantic.dev/2.8/v/missing
title
  Field required [type=missing, input_value={}, input_type=dict]
    For further information visit https://errors.pydantic.dev/2.8/v/missing
programCode
  Field required [type=missing, input_value={}, input_type=dict]
    For further information visit https://errors.pydantic.dev/2.8/v/missing
distribution
  Field required [type=missing, input_value={}, input_type=dict]
    For further information visit https://errors.pydantic.dev/2.8/v/missing
theme
  Field required [type=missing, input_value={}, input_type=dict]
    For further information visit https://errors.pydantic.dev/2.8/v/missing
2024-08-23 12:40:38 - ERROR - Validation error for dataset: Unknown title
Traceback (most recent call last):
  File "C:\Users\edmun\Projects\Repositories\healthpartners-interview\src\healthpartners_interview\download.py", line 31, in fetch_datasets
    dataset = Dataset(**current_item)
              ^^^^^^^^^^^^^^^^^^^^^^^
  File "C:\Users\edmun\Projects\Repositories\healthpartners-interview\.venv\Lib\site-packages\pydantic\main.py", line 193, in __init__
    self.__pydantic_validator__.validate_python(data, self_instance=self)
pydantic_core._pydantic_core.ValidationError: 16 validation errors for Dataset
accessLevel
  Field required [type=missing, input_value={}, input_type=dict]
    For further information visit https://errors.pydantic.dev/2.8/v/missing
landingPage
  Field required [type=missing, input_value={}, input_type=dict]
    For further information visit https://errors.pydantic.dev/2.8/v/missing
bureauCode
  Field required [type=missing, input_value={}, input_type=dict]
    For further information visit https://errors.pydantic.dev/2.8/v/missing
issued
  Field required [type=missing, input_value={}, input_type=dict]
    For further information visit https://errors.pydantic.dev/2.8/v/missing
@type
  Field required [type=missing, input_value={}, input_type=dict]
    For further information visit https://errors.pydantic.dev/2.8/v/missing
modified
  Field required [type=missing, input_value={}, input_type=dict]
    For further information visit https://errors.pydantic.dev/2.8/v/missing
released
  Field required [type=missing, input_value={}, input_type=dict]
    For further information visit https://errors.pydantic.dev/2.8/v/missing
keyword
  Field required [type=missing, input_value={}, input_type=dict]
    For further information visit https://errors.pydantic.dev/2.8/v/missing
contactPoint
  Field required [type=missing, input_value={}, input_type=dict]
    For further information visit https://errors.pydantic.dev/2.8/v/missing
publisher
  Field required [type=missing, input_value={}, input_type=dict]
    For further information visit https://errors.pydantic.dev/2.8/v/missing
identifier
  Field required [type=missing, input_value={}, input_type=dict]
    For further information visit https://errors.pydantic.dev/2.8/v/missing
description
  Field required [type=missing, input_value={}, input_type=dict]
    For further information visit https://errors.pydantic.dev/2.8/v/missing
title
  Field required [type=missing, input_value={}, input_type=dict]
    For further information visit https://errors.pydantic.dev/2.8/v/missing
programCode
  Field required [type=missing, input_value={}, input_type=dict]
    For further information visit https://errors.pydantic.dev/2.8/v/missing
distribution
  Field required [type=missing, input_value={}, input_type=dict]
    For further information visit https://errors.pydantic.dev/2.8/v/missing
theme
  Field required [type=missing, input_value={}, input_type=dict]
    For further information visit https://errors.pydantic.dev/2.8/v/missing
2024-08-23 12:40:38 - ERROR - Validation error for dataset: Unknown title
Traceback (most recent call last):
  File "C:\Users\edmun\Projects\Repositories\healthpartners-interview\src\healthpartners_interview\download.py", line 31, in fetch_datasets
    dataset = Dataset(**current_item)
              ^^^^^^^^^^^^^^^^^^^^^^^
  File "C:\Users\edmun\Projects\Repositories\healthpartners-interview\.venv\Lib\site-packages\pydantic\main.py", line 193, in __init__
    self.__pydantic_validator__.validate_python(data, self_instance=self)
pydantic_core._pydantic_core.ValidationError: 16 validation errors for Dataset
accessLevel
  Field required [type=missing, input_value={'item': 'programCode'}, input_type=dict]
    For further information visit https://errors.pydantic.dev/2.8/v/missing
landingPage
  Field required [type=missing, input_value={'item': 'programCode'}, input_type=dict]
    For further information visit https://errors.pydantic.dev/2.8/v/missing
bureauCode
  Field required [type=missing, input_value={'item': 'programCode'}, input_type=dict]
    For further information visit https://errors.pydantic.dev/2.8/v/missing
issued
  Field required [type=missing, input_value={'item': 'programCode'}, input_type=dict]
    For further information visit https://errors.pydantic.dev/2.8/v/missing
@type
  Field required [type=missing, input_value={'item': 'programCode'}, input_type=dict]
    For further information visit https://errors.pydantic.dev/2.8/v/missing
modified
  Field required [type=missing, input_value={'item': 'programCode'}, input_type=dict]
    For further information visit https://errors.pydantic.dev/2.8/v/missing
released
  Field required [type=missing, input_value={'item': 'programCode'}, input_type=dict]
    For further information visit https://errors.pydantic.dev/2.8/v/missing
keyword
  Field required [type=missing, input_value={'item': 'programCode'}, input_type=dict]
    For further information visit https://errors.pydantic.dev/2.8/v/missing
contactPoint
  Field required [type=missing, input_value={'item': 'programCode'}, input_type=dict]
    For further information visit https://errors.pydantic.dev/2.8/v/missing
publisher
  Field required [type=missing, input_value={'item': 'programCode'}, input_type=dict]
    For further information visit https://errors.pydantic.dev/2.8/v/missing
identifier
  Field required [type=missing, input_value={'item': 'programCode'}, input_type=dict]
    For further information visit https://errors.pydantic.dev/2.8/v/missing
description
  Field required [type=missing, input_value={'item': 'programCode'}, input_type=dict]
    For further information visit https://errors.pydantic.dev/2.8/v/missing
title
  Field required [type=missing, input_value={'item': 'programCode'}, input_type=dict]
    For further information visit https://errors.pydantic.dev/2.8/v/missing
programCode
  Field required [type=missing, input_value={'item': 'programCode'}, input_type=dict]
    For further information visit https://errors.pydantic.dev/2.8/v/missing
distribution
  Field required [type=missing, input_value={'item': 'programCode'}, input_type=dict]
    For further information visit https://errors.pydantic.dev/2.8/v/missing
theme
  Field required [type=missing, input_value={'item': 'programCode'}, input_type=dict]
    For further information visit https://errors.pydantic.dev/2.8/v/missing
2024-08-23 12:40:38 - ERROR - Validation error for dataset: Unknown title
Traceback (most recent call last):
  File "C:\Users\edmun\Projects\Repositories\healthpartners-interview\src\healthpartners_interview\download.py", line 31, in fetch_datasets
    dataset = Dataset(**current_item)
              ^^^^^^^^^^^^^^^^^^^^^^^
  File "C:\Users\edmun\Projects\Repositories\healthpartners-interview\.venv\Lib\site-packages\pydantic\main.py", line 193, in __init__
    self.__pydantic_validator__.validate_python(data, self_instance=self)
pydantic_core._pydantic_core.ValidationError: 16 validation errors for Dataset
accessLevel
  Field required [type=missing, input_value={}, input_type=dict]
    For further information visit https://errors.pydantic.dev/2.8/v/missing
landingPage
  Field required [type=missing, input_value={}, input_type=dict]
    For further information visit https://errors.pydantic.dev/2.8/v/missing
bureauCode
  Field required [type=missing, input_value={}, input_type=dict]
    For further information visit https://errors.pydantic.dev/2.8/v/missing
issued
  Field required [type=missing, input_value={}, input_type=dict]
    For further information visit https://errors.pydantic.dev/2.8/v/missing
@type
  Field required [type=missing, input_value={}, input_type=dict]
    For further information visit https://errors.pydantic.dev/2.8/v/missing
modified
  Field required [type=missing, input_value={}, input_type=dict]
    For further information visit https://errors.pydantic.dev/2.8/v/missing
released
  Field required [type=missing, input_value={}, input_type=dict]
    For further information visit https://errors.pydantic.dev/2.8/v/missing
keyword
  Field required [type=missing, input_value={}, input_type=dict]
    For further information visit https://errors.pydantic.dev/2.8/v/missing
contactPoint
  Field required [type=missing, input_value={}, input_type=dict]
    For further information visit https://errors.pydantic.dev/2.8/v/missing
publisher
  Field required [type=missing, input_value={}, input_type=dict]
    For further information visit https://errors.pydantic.dev/2.8/v/missing
identifier
  Field required [type=missing, input_value={}, input_type=dict]
    For further information visit https://errors.pydantic.dev/2.8/v/missing
description
  Field required [type=missing, input_value={}, input_type=dict]
    For further information visit https://errors.pydantic.dev/2.8/v/missing
title
  Field required [type=missing, input_value={}, input_type=dict]
    For further information visit https://errors.pydantic.dev/2.8/v/missing
programCode
  Field required [type=missing, input_value={}, input_type=dict]
    For further information visit https://errors.pydantic.dev/2.8/v/missing
distribution
  Field required [type=missing, input_value={}, input_type=dict]
    For further information visit https://errors.pydantic.dev/2.8/v/missing
theme
  Field required [type=missing, input_value={}, input_type=dict]
    For further information visit https://errors.pydantic.dev/2.8/v/missing
2024-08-23 12:40:38 - ERROR - Validation error for dataset: Unknown title
Traceback (most recent call last):
  File "C:\Users\edmun\Projects\Repositories\healthpartners-interview\src\healthpartners_interview\download.py", line 31, in fetch_datasets
    dataset = Dataset(**current_item)
              ^^^^^^^^^^^^^^^^^^^^^^^
  File "C:\Users\edmun\Projects\Repositories\healthpartners-interview\.venv\Lib\site-packages\pydantic\main.py", line 193, in __init__
    self.__pydantic_validator__.validate_python(data, self_instance=self)
pydantic_core._pydantic_core.ValidationError: 16 validation errors for Dataset
accessLevel
  Field required [type=missing, input_value={}, input_type=dict]
    For further information visit https://errors.pydantic.dev/2.8/v/missing
landingPage
  Field required [type=missing, input_value={}, input_type=dict]
    For further information visit https://errors.pydantic.dev/2.8/v/missing
bureauCode
  Field required [type=missing, input_value={}, input_type=dict]
    For further information visit https://errors.pydantic.dev/2.8/v/missing
issued
  Field required [type=missing, input_value={}, input_type=dict]
    For further information visit https://errors.pydantic.dev/2.8/v/missing
@type
  Field required [type=missing, input_value={}, input_type=dict]
    For further information visit https://errors.pydantic.dev/2.8/v/missing
modified
  Field required [type=missing, input_value={}, input_type=dict]
    For further information visit https://errors.pydantic.dev/2.8/v/missing
released
  Field required [type=missing, input_value={}, input_type=dict]
    For further information visit https://errors.pydantic.dev/2.8/v/missing
keyword
  Field required [type=missing, input_value={}, input_type=dict]
    For further information visit https://errors.pydantic.dev/2.8/v/missing
contactPoint
  Field required [type=missing, input_value={}, input_type=dict]
    For further information visit https://errors.pydantic.dev/2.8/v/missing
publisher
  Field required [type=missing, input_value={}, input_type=dict]
    For further information visit https://errors.pydantic.dev/2.8/v/missing
identifier
  Field required [type=missing, input_value={}, input_type=dict]
    For further information visit https://errors.pydantic.dev/2.8/v/missing
description
  Field required [type=missing, input_value={}, input_type=dict]
    For further information visit https://errors.pydantic.dev/2.8/v/missing
title
  Field required [type=missing, input_value={}, input_type=dict]
    For further information visit https://errors.pydantic.dev/2.8/v/missing
programCode
  Field required [type=missing, input_value={}, input_type=dict]
    For further information visit https://errors.pydantic.dev/2.8/v/missing
distribution
  Field required [type=missing, input_value={}, input_type=dict]
    For further information visit https://errors.pydantic.dev/2.8/v/missing
theme
  Field required [type=missing, input_value={}, input_type=dict]
    For further information visit https://errors.pydantic.dev/2.8/v/missing
2024-08-23 12:40:38 - ERROR - Validation error for dataset: Unknown title
Traceback (most recent call last):
  File "C:\Users\edmun\Projects\Repositories\healthpartners-interview\src\healthpartners_interview\download.py", line 31, in fetch_datasets
    dataset = Dataset(**current_item)
              ^^^^^^^^^^^^^^^^^^^^^^^
  File "C:\Users\edmun\Projects\Repositories\healthpartners-interview\.venv\Lib\site-packages\pydantic\main.py", line 193, in __init__
    self.__pydantic_validator__.validate_python(data, self_instance=self)
pydantic_core._pydantic_core.ValidationError: 16 validation errors for Dataset
accessLevel
  Field required [type=missing, input_value={}, input_type=dict]
    For further information visit https://errors.pydantic.dev/2.8/v/missing
landingPage
  Field required [type=missing, input_value={}, input_type=dict]
    For further information visit https://errors.pydantic.dev/2.8/v/missing
bureauCode
  Field required [type=missing, input_value={}, input_type=dict]
    For further information visit https://errors.pydantic.dev/2.8/v/missing
issued
  Field required [type=missing, input_value={}, input_type=dict]
    For further information visit https://errors.pydantic.dev/2.8/v/missing
@type
  Field required [type=missing, input_value={}, input_type=dict]
    For further information visit https://errors.pydantic.dev/2.8/v/missing
modified
  Field required [type=missing, input_value={}, input_type=dict]
    For further information visit https://errors.pydantic.dev/2.8/v/missing
released
  Field required [type=missing, input_value={}, input_type=dict]
    For further information visit https://errors.pydantic.dev/2.8/v/missing
keyword
  Field required [type=missing, input_value={}, input_type=dict]
    For further information visit https://errors.pydantic.dev/2.8/v/missing
contactPoint
  Field required [type=missing, input_value={}, input_type=dict]
    For further information visit https://errors.pydantic.dev/2.8/v/missing
publisher
  Field required [type=missing, input_value={}, input_type=dict]
    For further information visit https://errors.pydantic.dev/2.8/v/missing
identifier
  Field required [type=missing, input_value={}, input_type=dict]
    For further information visit https://errors.pydantic.dev/2.8/v/missing
description
  Field required [type=missing, input_value={}, input_type=dict]
    For further information visit https://errors.pydantic.dev/2.8/v/missing
title
  Field required [type=missing, input_value={}, input_type=dict]
    For further information visit https://errors.pydantic.dev/2.8/v/missing
programCode
  Field required [type=missing, input_value={}, input_type=dict]
    For further information visit https://errors.pydantic.dev/2.8/v/missing
distribution
  Field required [type=missing, input_value={}, input_type=dict]
    For further information visit https://errors.pydantic.dev/2.8/v/missing
theme
  Field required [type=missing, input_value={}, input_type=dict]
    For further information visit https://errors.pydantic.dev/2.8/v/missing
2024-08-23 12:40:38 - ERROR - Validation error for dataset: Unknown title
Traceback (most recent call last):
  File "C:\Users\edmun\Projects\Repositories\healthpartners-interview\src\healthpartners_interview\download.py", line 31, in fetch_datasets
    dataset = Dataset(**current_item)
              ^^^^^^^^^^^^^^^^^^^^^^^
  File "C:\Users\edmun\Projects\Repositories\healthpartners-interview\.venv\Lib\site-packages\pydantic\main.py", line 193, in __init__
    self.__pydantic_validator__.validate_python(data, self_instance=self)
pydantic_core._pydantic_core.ValidationError: 16 validation errors for Dataset
accessLevel
  Field required [type=missing, input_value={'item': 'programCode'}, input_type=dict]
    For further information visit https://errors.pydantic.dev/2.8/v/missing
landingPage
  Field required [type=missing, input_value={'item': 'programCode'}, input_type=dict]
    For further information visit https://errors.pydantic.dev/2.8/v/missing
bureauCode
  Field required [type=missing, input_value={'item': 'programCode'}, input_type=dict]
    For further information visit https://errors.pydantic.dev/2.8/v/missing
issued
  Field required [type=missing, input_value={'item': 'programCode'}, input_type=dict]
    For further information visit https://errors.pydantic.dev/2.8/v/missing
@type
  Field required [type=missing, input_value={'item': 'programCode'}, input_type=dict]
    For further information visit https://errors.pydantic.dev/2.8/v/missing
modified
  Field required [type=missing, input_value={'item': 'programCode'}, input_type=dict]
    For further information visit https://errors.pydantic.dev/2.8/v/missing
released
  Field required [type=missing, input_value={'item': 'programCode'}, input_type=dict]
    For further information visit https://errors.pydantic.dev/2.8/v/missing
keyword
  Field required [type=missing, input_value={'item': 'programCode'}, input_type=dict]
    For further information visit https://errors.pydantic.dev/2.8/v/missing
contactPoint
  Field required [type=missing, input_value={'item': 'programCode'}, input_type=dict]
    For further information visit https://errors.pydantic.dev/2.8/v/missing
publisher
  Field required [type=missing, input_value={'item': 'programCode'}, input_type=dict]
    For further information visit https://errors.pydantic.dev/2.8/v/missing
identifier
  Field required [type=missing, input_value={'item': 'programCode'}, input_type=dict]
    For further information visit https://errors.pydantic.dev/2.8/v/missing
description
  Field required [type=missing, input_value={'item': 'programCode'}, input_type=dict]
    For further information visit https://errors.pydantic.dev/2.8/v/missing
title
  Field required [type=missing, input_value={'item': 'programCode'}, input_type=dict]
    For further information visit https://errors.pydantic.dev/2.8/v/missing
programCode
  Field required [type=missing, input_value={'item': 'programCode'}, input_type=dict]
    For further information visit https://errors.pydantic.dev/2.8/v/missing
distribution
  Field required [type=missing, input_value={'item': 'programCode'}, input_type=dict]
    For further information visit https://errors.pydantic.dev/2.8/v/missing
theme
  Field required [type=missing, input_value={'item': 'programCode'}, input_type=dict]
    For further information visit https://errors.pydantic.dev/2.8/v/missing
2024-08-23 12:40:38 - ERROR - Validation error for dataset: Unknown title
Traceback (most recent call last):
  File "C:\Users\edmun\Projects\Repositories\healthpartners-interview\src\healthpartners_interview\download.py", line 31, in fetch_datasets
    dataset = Dataset(**current_item)
              ^^^^^^^^^^^^^^^^^^^^^^^
  File "C:\Users\edmun\Projects\Repositories\healthpartners-interview\.venv\Lib\site-packages\pydantic\main.py", line 193, in __init__
    self.__pydantic_validator__.validate_python(data, self_instance=self)
pydantic_core._pydantic_core.ValidationError: 16 validation errors for Dataset
accessLevel
  Field required [type=missing, input_value={}, input_type=dict]
    For further information visit https://errors.pydantic.dev/2.8/v/missing
landingPage
  Field required [type=missing, input_value={}, input_type=dict]
    For further information visit https://errors.pydantic.dev/2.8/v/missing
bureauCode
  Field required [type=missing, input_value={}, input_type=dict]
    For further information visit https://errors.pydantic.dev/2.8/v/missing
issued
  Field required [type=missing, input_value={}, input_type=dict]
    For further information visit https://errors.pydantic.dev/2.8/v/missing
@type
  Field required [type=missing, input_value={}, input_type=dict]
    For further information visit https://errors.pydantic.dev/2.8/v/missing
modified
  Field required [type=missing, input_value={}, input_type=dict]
    For further information visit https://errors.pydantic.dev/2.8/v/missing
released
  Field required [type=missing, input_value={}, input_type=dict]
    For further information visit https://errors.pydantic.dev/2.8/v/missing
keyword
  Field required [type=missing, input_value={}, input_type=dict]
    For further information visit https://errors.pydantic.dev/2.8/v/missing
contactPoint
  Field required [type=missing, input_value={}, input_type=dict]
    For further information visit https://errors.pydantic.dev/2.8/v/missing
publisher
  Field required [type=missing, input_value={}, input_type=dict]
    For further information visit https://errors.pydantic.dev/2.8/v/missing
identifier
  Field required [type=missing, input_value={}, input_type=dict]
    For further information visit https://errors.pydantic.dev/2.8/v/missing
description
  Field required [type=missing, input_value={}, input_type=dict]
    For further information visit https://errors.pydantic.dev/2.8/v/missing
title
  Field required [type=missing, input_value={}, input_type=dict]
    For further information visit https://errors.pydantic.dev/2.8/v/missing
programCode
  Field required [type=missing, input_value={}, input_type=dict]
    For further information visit https://errors.pydantic.dev/2.8/v/missing
distribution
  Field required [type=missing, input_value={}, input_type=dict]
    For further information visit https://errors.pydantic.dev/2.8/v/missing
theme
  Field required [type=missing, input_value={}, input_type=dict]
    For further information visit https://errors.pydantic.dev/2.8/v/missing
2024-08-23 12:40:38 - ERROR - Validation error for dataset: Unknown title
Traceback (most recent call last):
  File "C:\Users\edmun\Projects\Repositories\healthpartners-interview\src\healthpartners_interview\download.py", line 31, in fetch_datasets
    dataset = Dataset(**current_item)
              ^^^^^^^^^^^^^^^^^^^^^^^
  File "C:\Users\edmun\Projects\Repositories\healthpartners-interview\.venv\Lib\site-packages\pydantic\main.py", line 193, in __init__
    self.__pydantic_validator__.validate_python(data, self_instance=self)
pydantic_core._pydantic_core.ValidationError: 16 validation errors for Dataset
accessLevel
  Field required [type=missing, input_value={}, input_type=dict]
    For further information visit https://errors.pydantic.dev/2.8/v/missing
landingPage
  Field required [type=missing, input_value={}, input_type=dict]
    For further information visit https://errors.pydantic.dev/2.8/v/missing
bureauCode
  Field required [type=missing, input_value={}, input_type=dict]
    For further information visit https://errors.pydantic.dev/2.8/v/missing
issued
  Field required [type=missing, input_value={}, input_type=dict]
    For further information visit https://errors.pydantic.dev/2.8/v/missing
@type
  Field required [type=missing, input_value={}, input_type=dict]
    For further information visit https://errors.pydantic.dev/2.8/v/missing
modified
  Field required [type=missing, input_value={}, input_type=dict]
    For further information visit https://errors.pydantic.dev/2.8/v/missing
released
  Field required [type=missing, input_value={}, input_type=dict]
    For further information visit https://errors.pydantic.dev/2.8/v/missing
keyword
  Field required [type=missing, input_value={}, input_type=dict]
    For further information visit https://errors.pydantic.dev/2.8/v/missing
contactPoint
  Field required [type=missing, input_value={}, input_type=dict]
    For further information visit https://errors.pydantic.dev/2.8/v/missing
publisher
  Field required [type=missing, input_value={}, input_type=dict]
    For further information visit https://errors.pydantic.dev/2.8/v/missing
identifier
  Field required [type=missing, input_value={}, input_type=dict]
    For further information visit https://errors.pydantic.dev/2.8/v/missing
description
  Field required [type=missing, input_value={}, input_type=dict]
    For further information visit https://errors.pydantic.dev/2.8/v/missing
title
  Field required [type=missing, input_value={}, input_type=dict]
    For further information visit https://errors.pydantic.dev/2.8/v/missing
programCode
  Field required [type=missing, input_value={}, input_type=dict]
    For further information visit https://errors.pydantic.dev/2.8/v/missing
distribution
  Field required [type=missing, input_value={}, input_type=dict]
    For further information visit https://errors.pydantic.dev/2.8/v/missing
theme
  Field required [type=missing, input_value={}, input_type=dict]
    For further information visit https://errors.pydantic.dev/2.8/v/missing
2024-08-23 12:40:38 - ERROR - Validation error for dataset: Unknown title
Traceback (most recent call last):
  File "C:\Users\edmun\Projects\Repositories\healthpartners-interview\src\healthpartners_interview\download.py", line 31, in fetch_datasets
    dataset = Dataset(**current_item)
              ^^^^^^^^^^^^^^^^^^^^^^^
  File "C:\Users\edmun\Projects\Repositories\healthpartners-interview\.venv\Lib\site-packages\pydantic\main.py", line 193, in __init__
    self.__pydantic_validator__.validate_python(data, self_instance=self)
pydantic_core._pydantic_core.ValidationError: 16 validation errors for Dataset
accessLevel
  Field required [type=missing, input_value={}, input_type=dict]
    For further information visit https://errors.pydantic.dev/2.8/v/missing
landingPage
  Field required [type=missing, input_value={}, input_type=dict]
    For further information visit https://errors.pydantic.dev/2.8/v/missing
bureauCode
  Field required [type=missing, input_value={}, input_type=dict]
    For further information visit https://errors.pydantic.dev/2.8/v/missing
issued
  Field required [type=missing, input_value={}, input_type=dict]
    For further information visit https://errors.pydantic.dev/2.8/v/missing
@type
  Field required [type=missing, input_value={}, input_type=dict]
    For further information visit https://errors.pydantic.dev/2.8/v/missing
modified
  Field required [type=missing, input_value={}, input_type=dict]
    For further information visit https://errors.pydantic.dev/2.8/v/missing
released
  Field required [type=missing, input_value={}, input_type=dict]
    For further information visit https://errors.pydantic.dev/2.8/v/missing
keyword
  Field required [type=missing, input_value={}, input_type=dict]
    For further information visit https://errors.pydantic.dev/2.8/v/missing
contactPoint
  Field required [type=missing, input_value={}, input_type=dict]
    For further information visit https://errors.pydantic.dev/2.8/v/missing
publisher
  Field required [type=missing, input_value={}, input_type=dict]
    For further information visit https://errors.pydantic.dev/2.8/v/missing
identifier
  Field required [type=missing, input_value={}, input_type=dict]
    For further information visit https://errors.pydantic.dev/2.8/v/missing
description
  Field required [type=missing, input_value={}, input_type=dict]
    For further information visit https://errors.pydantic.dev/2.8/v/missing
title
  Field required [type=missing, input_value={}, input_type=dict]
    For further information visit https://errors.pydantic.dev/2.8/v/missing
programCode
  Field required [type=missing, input_value={}, input_type=dict]
    For further information visit https://errors.pydantic.dev/2.8/v/missing
distribution
  Field required [type=missing, input_value={}, input_type=dict]
    For further information visit https://errors.pydantic.dev/2.8/v/missing
theme
  Field required [type=missing, input_value={}, input_type=dict]
    For further information visit https://errors.pydantic.dev/2.8/v/missing
2024-08-23 12:40:38 - ERROR - Validation error for dataset: Unknown title
Traceback (most recent call last):
  File "C:\Users\edmun\Projects\Repositories\healthpartners-interview\src\healthpartners_interview\download.py", line 31, in fetch_datasets
    dataset = Dataset(**current_item)
              ^^^^^^^^^^^^^^^^^^^^^^^
  File "C:\Users\edmun\Projects\Repositories\healthpartners-interview\.venv\Lib\site-packages\pydantic\main.py", line 193, in __init__
    self.__pydantic_validator__.validate_python(data, self_instance=self)
pydantic_core._pydantic_core.ValidationError: 16 validation errors for Dataset
accessLevel
  Field required [type=missing, input_value={'item': 'programCode'}, input_type=dict]
    For further information visit https://errors.pydantic.dev/2.8/v/missing
landingPage
  Field required [type=missing, input_value={'item': 'programCode'}, input_type=dict]
    For further information visit https://errors.pydantic.dev/2.8/v/missing
bureauCode
  Field required [type=missing, input_value={'item': 'programCode'}, input_type=dict]
    For further information visit https://errors.pydantic.dev/2.8/v/missing
issued
  Field required [type=missing, input_value={'item': 'programCode'}, input_type=dict]
    For further information visit https://errors.pydantic.dev/2.8/v/missing
@type
  Field required [type=missing, input_value={'item': 'programCode'}, input_type=dict]
    For further information visit https://errors.pydantic.dev/2.8/v/missing
modified
  Field required [type=missing, input_value={'item': 'programCode'}, input_type=dict]
    For further information visit https://errors.pydantic.dev/2.8/v/missing
released
  Field required [type=missing, input_value={'item': 'programCode'}, input_type=dict]
    For further information visit https://errors.pydantic.dev/2.8/v/missing
keyword
  Field required [type=missing, input_value={'item': 'programCode'}, input_type=dict]
    For further information visit https://errors.pydantic.dev/2.8/v/missing
contactPoint
  Field required [type=missing, input_value={'item': 'programCode'}, input_type=dict]
    For further information visit https://errors.pydantic.dev/2.8/v/missing
publisher
  Field required [type=missing, input_value={'item': 'programCode'}, input_type=dict]
    For further information visit https://errors.pydantic.dev/2.8/v/missing
identifier
  Field required [type=missing, input_value={'item': 'programCode'}, input_type=dict]
    For further information visit https://errors.pydantic.dev/2.8/v/missing
description
  Field required [type=missing, input_value={'item': 'programCode'}, input_type=dict]
    For further information visit https://errors.pydantic.dev/2.8/v/missing
title
  Field required [type=missing, input_value={'item': 'programCode'}, input_type=dict]
    For further information visit https://errors.pydantic.dev/2.8/v/missing
programCode
  Field required [type=missing, input_value={'item': 'programCode'}, input_type=dict]
    For further information visit https://errors.pydantic.dev/2.8/v/missing
distribution
  Field required [type=missing, input_value={'item': 'programCode'}, input_type=dict]
    For further information visit https://errors.pydantic.dev/2.8/v/missing
theme
  Field required [type=missing, input_value={'item': 'programCode'}, input_type=dict]
    For further information visit https://errors.pydantic.dev/2.8/v/missing
2024-08-23 12:40:38 - ERROR - Validation error for dataset: Unknown title
Traceback (most recent call last):
  File "C:\Users\edmun\Projects\Repositories\healthpartners-interview\src\healthpartners_interview\download.py", line 31, in fetch_datasets
    dataset = Dataset(**current_item)
              ^^^^^^^^^^^^^^^^^^^^^^^
  File "C:\Users\edmun\Projects\Repositories\healthpartners-interview\.venv\Lib\site-packages\pydantic\main.py", line 193, in __init__
    self.__pydantic_validator__.validate_python(data, self_instance=self)
pydantic_core._pydantic_core.ValidationError: 16 validation errors for Dataset
accessLevel
  Field required [type=missing, input_value={}, input_type=dict]
    For further information visit https://errors.pydantic.dev/2.8/v/missing
landingPage
  Field required [type=missing, input_value={}, input_type=dict]
    For further information visit https://errors.pydantic.dev/2.8/v/missing
bureauCode
  Field required [type=missing, input_value={}, input_type=dict]
    For further information visit https://errors.pydantic.dev/2.8/v/missing
issued
  Field required [type=missing, input_value={}, input_type=dict]
    For further information visit https://errors.pydantic.dev/2.8/v/missing
@type
  Field required [type=missing, input_value={}, input_type=dict]
    For further information visit https://errors.pydantic.dev/2.8/v/missing
modified
  Field required [type=missing, input_value={}, input_type=dict]
    For further information visit https://errors.pydantic.dev/2.8/v/missing
released
  Field required [type=missing, input_value={}, input_type=dict]
    For further information visit https://errors.pydantic.dev/2.8/v/missing
keyword
  Field required [type=missing, input_value={}, input_type=dict]
    For further information visit https://errors.pydantic.dev/2.8/v/missing
contactPoint
  Field required [type=missing, input_value={}, input_type=dict]
    For further information visit https://errors.pydantic.dev/2.8/v/missing
publisher
  Field required [type=missing, input_value={}, input_type=dict]
    For further information visit https://errors.pydantic.dev/2.8/v/missing
identifier
  Field required [type=missing, input_value={}, input_type=dict]
    For further information visit https://errors.pydantic.dev/2.8/v/missing
description
  Field required [type=missing, input_value={}, input_type=dict]
    For further information visit https://errors.pydantic.dev/2.8/v/missing
title
  Field required [type=missing, input_value={}, input_type=dict]
    For further information visit https://errors.pydantic.dev/2.8/v/missing
programCode
  Field required [type=missing, input_value={}, input_type=dict]
    For further information visit https://errors.pydantic.dev/2.8/v/missing
distribution
  Field required [type=missing, input_value={}, input_type=dict]
    For further information visit https://errors.pydantic.dev/2.8/v/missing
theme
  Field required [type=missing, input_value={}, input_type=dict]
    For further information visit https://errors.pydantic.dev/2.8/v/missing
2024-08-23 12:40:38 - ERROR - Validation error for dataset: Unknown title
Traceback (most recent call last):
  File "C:\Users\edmun\Projects\Repositories\healthpartners-interview\src\healthpartners_interview\download.py", line 31, in fetch_datasets
    dataset = Dataset(**current_item)
              ^^^^^^^^^^^^^^^^^^^^^^^
  File "C:\Users\edmun\Projects\Repositories\healthpartners-interview\.venv\Lib\site-packages\pydantic\main.py", line 193, in __init__
    self.__pydantic_validator__.validate_python(data, self_instance=self)
pydantic_core._pydantic_core.ValidationError: 16 validation errors for Dataset
accessLevel
  Field required [type=missing, input_value={}, input_type=dict]
    For further information visit https://errors.pydantic.dev/2.8/v/missing
landingPage
  Field required [type=missing, input_value={}, input_type=dict]
    For further information visit https://errors.pydantic.dev/2.8/v/missing
bureauCode
  Field required [type=missing, input_value={}, input_type=dict]
    For further information visit https://errors.pydantic.dev/2.8/v/missing
issued
  Field required [type=missing, input_value={}, input_type=dict]
    For further information visit https://errors.pydantic.dev/2.8/v/missing
@type
  Field required [type=missing, input_value={}, input_type=dict]
    For further information visit https://errors.pydantic.dev/2.8/v/missing
modified
  Field required [type=missing, input_value={}, input_type=dict]
    For further information visit https://errors.pydantic.dev/2.8/v/missing
released
  Field required [type=missing, input_value={}, input_type=dict]
    For further information visit https://errors.pydantic.dev/2.8/v/missing
keyword
  Field required [type=missing, input_value={}, input_type=dict]
    For further information visit https://errors.pydantic.dev/2.8/v/missing
contactPoint
  Field required [type=missing, input_value={}, input_type=dict]
    For further information visit https://errors.pydantic.dev/2.8/v/missing
publisher
  Field required [type=missing, input_value={}, input_type=dict]
    For further information visit https://errors.pydantic.dev/2.8/v/missing
identifier
  Field required [type=missing, input_value={}, input_type=dict]
    For further information visit https://errors.pydantic.dev/2.8/v/missing
description
  Field required [type=missing, input_value={}, input_type=dict]
    For further information visit https://errors.pydantic.dev/2.8/v/missing
title
  Field required [type=missing, input_value={}, input_type=dict]
    For further information visit https://errors.pydantic.dev/2.8/v/missing
programCode
  Field required [type=missing, input_value={}, input_type=dict]
    For further information visit https://errors.pydantic.dev/2.8/v/missing
distribution
  Field required [type=missing, input_value={}, input_type=dict]
    For further information visit https://errors.pydantic.dev/2.8/v/missing
theme
  Field required [type=missing, input_value={}, input_type=dict]
    For further information visit https://errors.pydantic.dev/2.8/v/missing
2024-08-23 12:40:38 - ERROR - Validation error for dataset: Unknown title
Traceback (most recent call last):
  File "C:\Users\edmun\Projects\Repositories\healthpartners-interview\src\healthpartners_interview\download.py", line 31, in fetch_datasets
    dataset = Dataset(**current_item)
              ^^^^^^^^^^^^^^^^^^^^^^^
  File "C:\Users\edmun\Projects\Repositories\healthpartners-interview\.venv\Lib\site-packages\pydantic\main.py", line 193, in __init__
    self.__pydantic_validator__.validate_python(data, self_instance=self)
pydantic_core._pydantic_core.ValidationError: 16 validation errors for Dataset
accessLevel
  Field required [type=missing, input_value={}, input_type=dict]
    For further information visit https://errors.pydantic.dev/2.8/v/missing
landingPage
  Field required [type=missing, input_value={}, input_type=dict]
    For further information visit https://errors.pydantic.dev/2.8/v/missing
bureauCode
  Field required [type=missing, input_value={}, input_type=dict]
    For further information visit https://errors.pydantic.dev/2.8/v/missing
issued
  Field required [type=missing, input_value={}, input_type=dict]
    For further information visit https://errors.pydantic.dev/2.8/v/missing
@type
  Field required [type=missing, input_value={}, input_type=dict]
    For further information visit https://errors.pydantic.dev/2.8/v/missing
modified
  Field required [type=missing, input_value={}, input_type=dict]
    For further information visit https://errors.pydantic.dev/2.8/v/missing
released
  Field required [type=missing, input_value={}, input_type=dict]
    For further information visit https://errors.pydantic.dev/2.8/v/missing
keyword
  Field required [type=missing, input_value={}, input_type=dict]
    For further information visit https://errors.pydantic.dev/2.8/v/missing
contactPoint
  Field required [type=missing, input_value={}, input_type=dict]
    For further information visit https://errors.pydantic.dev/2.8/v/missing
publisher
  Field required [type=missing, input_value={}, input_type=dict]
    For further information visit https://errors.pydantic.dev/2.8/v/missing
identifier
  Field required [type=missing, input_value={}, input_type=dict]
    For further information visit https://errors.pydantic.dev/2.8/v/missing
description
  Field required [type=missing, input_value={}, input_type=dict]
    For further information visit https://errors.pydantic.dev/2.8/v/missing
title
  Field required [type=missing, input_value={}, input_type=dict]
    For further information visit https://errors.pydantic.dev/2.8/v/missing
programCode
  Field required [type=missing, input_value={}, input_type=dict]
    For further information visit https://errors.pydantic.dev/2.8/v/missing
distribution
  Field required [type=missing, input_value={}, input_type=dict]
    For further information visit https://errors.pydantic.dev/2.8/v/missing
theme
  Field required [type=missing, input_value={}, input_type=dict]
    For further information visit https://errors.pydantic.dev/2.8/v/missing
2024-08-23 12:40:38 - ERROR - Validation error for dataset: Unknown title
Traceback (most recent call last):
  File "C:\Users\edmun\Projects\Repositories\healthpartners-interview\src\healthpartners_interview\download.py", line 31, in fetch_datasets
    dataset = Dataset(**current_item)
              ^^^^^^^^^^^^^^^^^^^^^^^
  File "C:\Users\edmun\Projects\Repositories\healthpartners-interview\.venv\Lib\site-packages\pydantic\main.py", line 193, in __init__
    self.__pydantic_validator__.validate_python(data, self_instance=self)
pydantic_core._pydantic_core.ValidationError: 16 validation errors for Dataset
accessLevel
  Field required [type=missing, input_value={'item': 'programCode'}, input_type=dict]
    For further information visit https://errors.pydantic.dev/2.8/v/missing
landingPage
  Field required [type=missing, input_value={'item': 'programCode'}, input_type=dict]
    For further information visit https://errors.pydantic.dev/2.8/v/missing
bureauCode
  Field required [type=missing, input_value={'item': 'programCode'}, input_type=dict]
    For further information visit https://errors.pydantic.dev/2.8/v/missing
issued
  Field required [type=missing, input_value={'item': 'programCode'}, input_type=dict]
    For further information visit https://errors.pydantic.dev/2.8/v/missing
@type
  Field required [type=missing, input_value={'item': 'programCode'}, input_type=dict]
    For further information visit https://errors.pydantic.dev/2.8/v/missing
modified
  Field required [type=missing, input_value={'item': 'programCode'}, input_type=dict]
    For further information visit https://errors.pydantic.dev/2.8/v/missing
released
  Field required [type=missing, input_value={'item': 'programCode'}, input_type=dict]
    For further information visit https://errors.pydantic.dev/2.8/v/missing
keyword
  Field required [type=missing, input_value={'item': 'programCode'}, input_type=dict]
    For further information visit https://errors.pydantic.dev/2.8/v/missing
contactPoint
  Field required [type=missing, input_value={'item': 'programCode'}, input_type=dict]
    For further information visit https://errors.pydantic.dev/2.8/v/missing
publisher
  Field required [type=missing, input_value={'item': 'programCode'}, input_type=dict]
    For further information visit https://errors.pydantic.dev/2.8/v/missing
identifier
  Field required [type=missing, input_value={'item': 'programCode'}, input_type=dict]
    For further information visit https://errors.pydantic.dev/2.8/v/missing
description
  Field required [type=missing, input_value={'item': 'programCode'}, input_type=dict]
    For further information visit https://errors.pydantic.dev/2.8/v/missing
title
  Field required [type=missing, input_value={'item': 'programCode'}, input_type=dict]
    For further information visit https://errors.pydantic.dev/2.8/v/missing
programCode
  Field required [type=missing, input_value={'item': 'programCode'}, input_type=dict]
    For further information visit https://errors.pydantic.dev/2.8/v/missing
distribution
  Field required [type=missing, input_value={'item': 'programCode'}, input_type=dict]
    For further information visit https://errors.pydantic.dev/2.8/v/missing
theme
  Field required [type=missing, input_value={'item': 'programCode'}, input_type=dict]
    For further information visit https://errors.pydantic.dev/2.8/v/missing
2024-08-23 12:40:38 - ERROR - Validation error for dataset: Unknown title
Traceback (most recent call last):
  File "C:\Users\edmun\Projects\Repositories\healthpartners-interview\src\healthpartners_interview\download.py", line 31, in fetch_datasets
    dataset = Dataset(**current_item)
              ^^^^^^^^^^^^^^^^^^^^^^^
  File "C:\Users\edmun\Projects\Repositories\healthpartners-interview\.venv\Lib\site-packages\pydantic\main.py", line 193, in __init__
    self.__pydantic_validator__.validate_python(data, self_instance=self)
pydantic_core._pydantic_core.ValidationError: 16 validation errors for Dataset
accessLevel
  Field required [type=missing, input_value={}, input_type=dict]
    For further information visit https://errors.pydantic.dev/2.8/v/missing
landingPage
  Field required [type=missing, input_value={}, input_type=dict]
    For further information visit https://errors.pydantic.dev/2.8/v/missing
bureauCode
  Field required [type=missing, input_value={}, input_type=dict]
    For further information visit https://errors.pydantic.dev/2.8/v/missing
issued
  Field required [type=missing, input_value={}, input_type=dict]
    For further information visit https://errors.pydantic.dev/2.8/v/missing
@type
  Field required [type=missing, input_value={}, input_type=dict]
    For further information visit https://errors.pydantic.dev/2.8/v/missing
modified
  Field required [type=missing, input_value={}, input_type=dict]
    For further information visit https://errors.pydantic.dev/2.8/v/missing
released
  Field required [type=missing, input_value={}, input_type=dict]
    For further information visit https://errors.pydantic.dev/2.8/v/missing
keyword
  Field required [type=missing, input_value={}, input_type=dict]
    For further information visit https://errors.pydantic.dev/2.8/v/missing
contactPoint
  Field required [type=missing, input_value={}, input_type=dict]
    For further information visit https://errors.pydantic.dev/2.8/v/missing
publisher
  Field required [type=missing, input_value={}, input_type=dict]
    For further information visit https://errors.pydantic.dev/2.8/v/missing
identifier
  Field required [type=missing, input_value={}, input_type=dict]
    For further information visit https://errors.pydantic.dev/2.8/v/missing
description
  Field required [type=missing, input_value={}, input_type=dict]
    For further information visit https://errors.pydantic.dev/2.8/v/missing
title
  Field required [type=missing, input_value={}, input_type=dict]
    For further information visit https://errors.pydantic.dev/2.8/v/missing
programCode
  Field required [type=missing, input_value={}, input_type=dict]
    For further information visit https://errors.pydantic.dev/2.8/v/missing
distribution
  Field required [type=missing, input_value={}, input_type=dict]
    For further information visit https://errors.pydantic.dev/2.8/v/missing
theme
  Field required [type=missing, input_value={}, input_type=dict]
    For further information visit https://errors.pydantic.dev/2.8/v/missing
2024-08-23 12:40:38 - ERROR - Validation error for dataset: Unknown title
Traceback (most recent call last):
  File "C:\Users\edmun\Projects\Repositories\healthpartners-interview\src\healthpartners_interview\download.py", line 31, in fetch_datasets
    dataset = Dataset(**current_item)
              ^^^^^^^^^^^^^^^^^^^^^^^
  File "C:\Users\edmun\Projects\Repositories\healthpartners-interview\.venv\Lib\site-packages\pydantic\main.py", line 193, in __init__
    self.__pydantic_validator__.validate_python(data, self_instance=self)
pydantic_core._pydantic_core.ValidationError: 16 validation errors for Dataset
accessLevel
  Field required [type=missing, input_value={}, input_type=dict]
    For further information visit https://errors.pydantic.dev/2.8/v/missing
landingPage
  Field required [type=missing, input_value={}, input_type=dict]
    For further information visit https://errors.pydantic.dev/2.8/v/missing
bureauCode
  Field required [type=missing, input_value={}, input_type=dict]
    For further information visit https://errors.pydantic.dev/2.8/v/missing
issued
  Field required [type=missing, input_value={}, input_type=dict]
    For further information visit https://errors.pydantic.dev/2.8/v/missing
@type
  Field required [type=missing, input_value={}, input_type=dict]
    For further information visit https://errors.pydantic.dev/2.8/v/missing
modified
  Field required [type=missing, input_value={}, input_type=dict]
    For further information visit https://errors.pydantic.dev/2.8/v/missing
released
  Field required [type=missing, input_value={}, input_type=dict]
    For further information visit https://errors.pydantic.dev/2.8/v/missing
keyword
  Field required [type=missing, input_value={}, input_type=dict]
    For further information visit https://errors.pydantic.dev/2.8/v/missing
contactPoint
  Field required [type=missing, input_value={}, input_type=dict]
    For further information visit https://errors.pydantic.dev/2.8/v/missing
publisher
  Field required [type=missing, input_value={}, input_type=dict]
    For further information visit https://errors.pydantic.dev/2.8/v/missing
identifier
  Field required [type=missing, input_value={}, input_type=dict]
    For further information visit https://errors.pydantic.dev/2.8/v/missing
description
  Field required [type=missing, input_value={}, input_type=dict]
    For further information visit https://errors.pydantic.dev/2.8/v/missing
title
  Field required [type=missing, input_value={}, input_type=dict]
    For further information visit https://errors.pydantic.dev/2.8/v/missing
programCode
  Field required [type=missing, input_value={}, input_type=dict]
    For further information visit https://errors.pydantic.dev/2.8/v/missing
distribution
  Field required [type=missing, input_value={}, input_type=dict]
    For further information visit https://errors.pydantic.dev/2.8/v/missing
theme
  Field required [type=missing, input_value={}, input_type=dict]
    For further information visit https://errors.pydantic.dev/2.8/v/missing
2024-08-23 12:40:38 - ERROR - Validation error for dataset: Unknown title
Traceback (most recent call last):
  File "C:\Users\edmun\Projects\Repositories\healthpartners-interview\src\healthpartners_interview\download.py", line 31, in fetch_datasets
    dataset = Dataset(**current_item)
              ^^^^^^^^^^^^^^^^^^^^^^^
  File "C:\Users\edmun\Projects\Repositories\healthpartners-interview\.venv\Lib\site-packages\pydantic\main.py", line 193, in __init__
    self.__pydantic_validator__.validate_python(data, self_instance=self)
pydantic_core._pydantic_core.ValidationError: 16 validation errors for Dataset
accessLevel
  Field required [type=missing, input_value={}, input_type=dict]
    For further information visit https://errors.pydantic.dev/2.8/v/missing
landingPage
  Field required [type=missing, input_value={}, input_type=dict]
    For further information visit https://errors.pydantic.dev/2.8/v/missing
bureauCode
  Field required [type=missing, input_value={}, input_type=dict]
    For further information visit https://errors.pydantic.dev/2.8/v/missing
issued
  Field required [type=missing, input_value={}, input_type=dict]
    For further information visit https://errors.pydantic.dev/2.8/v/missing
@type
  Field required [type=missing, input_value={}, input_type=dict]
    For further information visit https://errors.pydantic.dev/2.8/v/missing
modified
  Field required [type=missing, input_value={}, input_type=dict]
    For further information visit https://errors.pydantic.dev/2.8/v/missing
released
  Field required [type=missing, input_value={}, input_type=dict]
    For further information visit https://errors.pydantic.dev/2.8/v/missing
keyword
  Field required [type=missing, input_value={}, input_type=dict]
    For further information visit https://errors.pydantic.dev/2.8/v/missing
contactPoint
  Field required [type=missing, input_value={}, input_type=dict]
    For further information visit https://errors.pydantic.dev/2.8/v/missing
publisher
  Field required [type=missing, input_value={}, input_type=dict]
    For further information visit https://errors.pydantic.dev/2.8/v/missing
identifier
  Field required [type=missing, input_value={}, input_type=dict]
    For further information visit https://errors.pydantic.dev/2.8/v/missing
description
  Field required [type=missing, input_value={}, input_type=dict]
    For further information visit https://errors.pydantic.dev/2.8/v/missing
title
  Field required [type=missing, input_value={}, input_type=dict]
    For further information visit https://errors.pydantic.dev/2.8/v/missing
programCode
  Field required [type=missing, input_value={}, input_type=dict]
    For further information visit https://errors.pydantic.dev/2.8/v/missing
distribution
  Field required [type=missing, input_value={}, input_type=dict]
    For further information visit https://errors.pydantic.dev/2.8/v/missing
theme
  Field required [type=missing, input_value={}, input_type=dict]
    For further information visit https://errors.pydantic.dev/2.8/v/missing
2024-08-23 12:40:38 - ERROR - Validation error for dataset: Unknown title
Traceback (most recent call last):
  File "C:\Users\edmun\Projects\Repositories\healthpartners-interview\src\healthpartners_interview\download.py", line 31, in fetch_datasets
    dataset = Dataset(**current_item)
              ^^^^^^^^^^^^^^^^^^^^^^^
  File "C:\Users\edmun\Projects\Repositories\healthpartners-interview\.venv\Lib\site-packages\pydantic\main.py", line 193, in __init__
    self.__pydantic_validator__.validate_python(data, self_instance=self)
pydantic_core._pydantic_core.ValidationError: 16 validation errors for Dataset
accessLevel
  Field required [type=missing, input_value={'item': 'programCode'}, input_type=dict]
    For further information visit https://errors.pydantic.dev/2.8/v/missing
landingPage
  Field required [type=missing, input_value={'item': 'programCode'}, input_type=dict]
    For further information visit https://errors.pydantic.dev/2.8/v/missing
bureauCode
  Field required [type=missing, input_value={'item': 'programCode'}, input_type=dict]
    For further information visit https://errors.pydantic.dev/2.8/v/missing
issued
  Field required [type=missing, input_value={'item': 'programCode'}, input_type=dict]
    For further information visit https://errors.pydantic.dev/2.8/v/missing
@type
  Field required [type=missing, input_value={'item': 'programCode'}, input_type=dict]
    For further information visit https://errors.pydantic.dev/2.8/v/missing
modified
  Field required [type=missing, input_value={'item': 'programCode'}, input_type=dict]
    For further information visit https://errors.pydantic.dev/2.8/v/missing
released
  Field required [type=missing, input_value={'item': 'programCode'}, input_type=dict]
    For further information visit https://errors.pydantic.dev/2.8/v/missing
keyword
  Field required [type=missing, input_value={'item': 'programCode'}, input_type=dict]
    For further information visit https://errors.pydantic.dev/2.8/v/missing
contactPoint
  Field required [type=missing, input_value={'item': 'programCode'}, input_type=dict]
    For further information visit https://errors.pydantic.dev/2.8/v/missing
publisher
  Field required [type=missing, input_value={'item': 'programCode'}, input_type=dict]
    For further information visit https://errors.pydantic.dev/2.8/v/missing
identifier
  Field required [type=missing, input_value={'item': 'programCode'}, input_type=dict]
    For further information visit https://errors.pydantic.dev/2.8/v/missing
description
  Field required [type=missing, input_value={'item': 'programCode'}, input_type=dict]
    For further information visit https://errors.pydantic.dev/2.8/v/missing
title
  Field required [type=missing, input_value={'item': 'programCode'}, input_type=dict]
    For further information visit https://errors.pydantic.dev/2.8/v/missing
programCode
  Field required [type=missing, input_value={'item': 'programCode'}, input_type=dict]
    For further information visit https://errors.pydantic.dev/2.8/v/missing
distribution
  Field required [type=missing, input_value={'item': 'programCode'}, input_type=dict]
    For further information visit https://errors.pydantic.dev/2.8/v/missing
theme
  Field required [type=missing, input_value={'item': 'programCode'}, input_type=dict]
    For further information visit https://errors.pydantic.dev/2.8/v/missing
2024-08-23 12:40:38 - ERROR - Validation error for dataset: Unknown title
Traceback (most recent call last):
  File "C:\Users\edmun\Projects\Repositories\healthpartners-interview\src\healthpartners_interview\download.py", line 31, in fetch_datasets
    dataset = Dataset(**current_item)
              ^^^^^^^^^^^^^^^^^^^^^^^
  File "C:\Users\edmun\Projects\Repositories\healthpartners-interview\.venv\Lib\site-packages\pydantic\main.py", line 193, in __init__
    self.__pydantic_validator__.validate_python(data, self_instance=self)
pydantic_core._pydantic_core.ValidationError: 16 validation errors for Dataset
accessLevel
  Field required [type=missing, input_value={}, input_type=dict]
    For further information visit https://errors.pydantic.dev/2.8/v/missing
landingPage
  Field required [type=missing, input_value={}, input_type=dict]
    For further information visit https://errors.pydantic.dev/2.8/v/missing
bureauCode
  Field required [type=missing, input_value={}, input_type=dict]
    For further information visit https://errors.pydantic.dev/2.8/v/missing
issued
  Field required [type=missing, input_value={}, input_type=dict]
    For further information visit https://errors.pydantic.dev/2.8/v/missing
@type
  Field required [type=missing, input_value={}, input_type=dict]
    For further information visit https://errors.pydantic.dev/2.8/v/missing
modified
  Field required [type=missing, input_value={}, input_type=dict]
    For further information visit https://errors.pydantic.dev/2.8/v/missing
released
  Field required [type=missing, input_value={}, input_type=dict]
    For further information visit https://errors.pydantic.dev/2.8/v/missing
keyword
  Field required [type=missing, input_value={}, input_type=dict]
    For further information visit https://errors.pydantic.dev/2.8/v/missing
contactPoint
  Field required [type=missing, input_value={}, input_type=dict]
    For further information visit https://errors.pydantic.dev/2.8/v/missing
publisher
  Field required [type=missing, input_value={}, input_type=dict]
    For further information visit https://errors.pydantic.dev/2.8/v/missing
identifier
  Field required [type=missing, input_value={}, input_type=dict]
    For further information visit https://errors.pydantic.dev/2.8/v/missing
description
  Field required [type=missing, input_value={}, input_type=dict]
    For further information visit https://errors.pydantic.dev/2.8/v/missing
title
  Field required [type=missing, input_value={}, input_type=dict]
    For further information visit https://errors.pydantic.dev/2.8/v/missing
programCode
  Field required [type=missing, input_value={}, input_type=dict]
    For further information visit https://errors.pydantic.dev/2.8/v/missing
distribution
  Field required [type=missing, input_value={}, input_type=dict]
    For further information visit https://errors.pydantic.dev/2.8/v/missing
theme
  Field required [type=missing, input_value={}, input_type=dict]
    For further information visit https://errors.pydantic.dev/2.8/v/missing
2024-08-23 12:40:38 - ERROR - Validation error for dataset: Unknown title
Traceback (most recent call last):
  File "C:\Users\edmun\Projects\Repositories\healthpartners-interview\src\healthpartners_interview\download.py", line 31, in fetch_datasets
    dataset = Dataset(**current_item)
              ^^^^^^^^^^^^^^^^^^^^^^^
  File "C:\Users\edmun\Projects\Repositories\healthpartners-interview\.venv\Lib\site-packages\pydantic\main.py", line 193, in __init__
    self.__pydantic_validator__.validate_python(data, self_instance=self)
pydantic_core._pydantic_core.ValidationError: 16 validation errors for Dataset
accessLevel
  Field required [type=missing, input_value={}, input_type=dict]
    For further information visit https://errors.pydantic.dev/2.8/v/missing
landingPage
  Field required [type=missing, input_value={}, input_type=dict]
    For further information visit https://errors.pydantic.dev/2.8/v/missing
bureauCode
  Field required [type=missing, input_value={}, input_type=dict]
    For further information visit https://errors.pydantic.dev/2.8/v/missing
issued
  Field required [type=missing, input_value={}, input_type=dict]
    For further information visit https://errors.pydantic.dev/2.8/v/missing
@type
  Field required [type=missing, input_value={}, input_type=dict]
    For further information visit https://errors.pydantic.dev/2.8/v/missing
modified
  Field required [type=missing, input_value={}, input_type=dict]
    For further information visit https://errors.pydantic.dev/2.8/v/missing
released
  Field required [type=missing, input_value={}, input_type=dict]
    For further information visit https://errors.pydantic.dev/2.8/v/missing
keyword
  Field required [type=missing, input_value={}, input_type=dict]
    For further information visit https://errors.pydantic.dev/2.8/v/missing
contactPoint
  Field required [type=missing, input_value={}, input_type=dict]
    For further information visit https://errors.pydantic.dev/2.8/v/missing
publisher
  Field required [type=missing, input_value={}, input_type=dict]
    For further information visit https://errors.pydantic.dev/2.8/v/missing
identifier
  Field required [type=missing, input_value={}, input_type=dict]
    For further information visit https://errors.pydantic.dev/2.8/v/missing
description
  Field required [type=missing, input_value={}, input_type=dict]
    For further information visit https://errors.pydantic.dev/2.8/v/missing
title
  Field required [type=missing, input_value={}, input_type=dict]
    For further information visit https://errors.pydantic.dev/2.8/v/missing
programCode
  Field required [type=missing, input_value={}, input_type=dict]
    For further information visit https://errors.pydantic.dev/2.8/v/missing
distribution
  Field required [type=missing, input_value={}, input_type=dict]
    For further information visit https://errors.pydantic.dev/2.8/v/missing
theme
  Field required [type=missing, input_value={}, input_type=dict]
    For further information visit https://errors.pydantic.dev/2.8/v/missing
2024-08-23 12:40:38 - ERROR - Validation error for dataset: Unknown title
Traceback (most recent call last):
  File "C:\Users\edmun\Projects\Repositories\healthpartners-interview\src\healthpartners_interview\download.py", line 31, in fetch_datasets
    dataset = Dataset(**current_item)
              ^^^^^^^^^^^^^^^^^^^^^^^
  File "C:\Users\edmun\Projects\Repositories\healthpartners-interview\.venv\Lib\site-packages\pydantic\main.py", line 193, in __init__
    self.__pydantic_validator__.validate_python(data, self_instance=self)
pydantic_core._pydantic_core.ValidationError: 16 validation errors for Dataset
accessLevel
  Field required [type=missing, input_value={}, input_type=dict]
    For further information visit https://errors.pydantic.dev/2.8/v/missing
landingPage
  Field required [type=missing, input_value={}, input_type=dict]
    For further information visit https://errors.pydantic.dev/2.8/v/missing
bureauCode
  Field required [type=missing, input_value={}, input_type=dict]
    For further information visit https://errors.pydantic.dev/2.8/v/missing
issued
  Field required [type=missing, input_value={}, input_type=dict]
    For further information visit https://errors.pydantic.dev/2.8/v/missing
@type
  Field required [type=missing, input_value={}, input_type=dict]
    For further information visit https://errors.pydantic.dev/2.8/v/missing
modified
  Field required [type=missing, input_value={}, input_type=dict]
    For further information visit https://errors.pydantic.dev/2.8/v/missing
released
  Field required [type=missing, input_value={}, input_type=dict]
    For further information visit https://errors.pydantic.dev/2.8/v/missing
keyword
  Field required [type=missing, input_value={}, input_type=dict]
    For further information visit https://errors.pydantic.dev/2.8/v/missing
contactPoint
  Field required [type=missing, input_value={}, input_type=dict]
    For further information visit https://errors.pydantic.dev/2.8/v/missing
publisher
  Field required [type=missing, input_value={}, input_type=dict]
    For further information visit https://errors.pydantic.dev/2.8/v/missing
identifier
  Field required [type=missing, input_value={}, input_type=dict]
    For further information visit https://errors.pydantic.dev/2.8/v/missing
description
  Field required [type=missing, input_value={}, input_type=dict]
    For further information visit https://errors.pydantic.dev/2.8/v/missing
title
  Field required [type=missing, input_value={}, input_type=dict]
    For further information visit https://errors.pydantic.dev/2.8/v/missing
programCode
  Field required [type=missing, input_value={}, input_type=dict]
    For further information visit https://errors.pydantic.dev/2.8/v/missing
distribution
  Field required [type=missing, input_value={}, input_type=dict]
    For further information visit https://errors.pydantic.dev/2.8/v/missing
theme
  Field required [type=missing, input_value={}, input_type=dict]
    For further information visit https://errors.pydantic.dev/2.8/v/missing
2024-08-23 12:40:38 - ERROR - Validation error for dataset: Unknown title
Traceback (most recent call last):
  File "C:\Users\edmun\Projects\Repositories\healthpartners-interview\src\healthpartners_interview\download.py", line 31, in fetch_datasets
    dataset = Dataset(**current_item)
              ^^^^^^^^^^^^^^^^^^^^^^^
  File "C:\Users\edmun\Projects\Repositories\healthpartners-interview\.venv\Lib\site-packages\pydantic\main.py", line 193, in __init__
    self.__pydantic_validator__.validate_python(data, self_instance=self)
pydantic_core._pydantic_core.ValidationError: 16 validation errors for Dataset
accessLevel
  Field required [type=missing, input_value={'item': 'programCode'}, input_type=dict]
    For further information visit https://errors.pydantic.dev/2.8/v/missing
landingPage
  Field required [type=missing, input_value={'item': 'programCode'}, input_type=dict]
    For further information visit https://errors.pydantic.dev/2.8/v/missing
bureauCode
  Field required [type=missing, input_value={'item': 'programCode'}, input_type=dict]
    For further information visit https://errors.pydantic.dev/2.8/v/missing
issued
  Field required [type=missing, input_value={'item': 'programCode'}, input_type=dict]
    For further information visit https://errors.pydantic.dev/2.8/v/missing
@type
  Field required [type=missing, input_value={'item': 'programCode'}, input_type=dict]
    For further information visit https://errors.pydantic.dev/2.8/v/missing
modified
  Field required [type=missing, input_value={'item': 'programCode'}, input_type=dict]
    For further information visit https://errors.pydantic.dev/2.8/v/missing
released
  Field required [type=missing, input_value={'item': 'programCode'}, input_type=dict]
    For further information visit https://errors.pydantic.dev/2.8/v/missing
keyword
  Field required [type=missing, input_value={'item': 'programCode'}, input_type=dict]
    For further information visit https://errors.pydantic.dev/2.8/v/missing
contactPoint
  Field required [type=missing, input_value={'item': 'programCode'}, input_type=dict]
    For further information visit https://errors.pydantic.dev/2.8/v/missing
publisher
  Field required [type=missing, input_value={'item': 'programCode'}, input_type=dict]
    For further information visit https://errors.pydantic.dev/2.8/v/missing
identifier
  Field required [type=missing, input_value={'item': 'programCode'}, input_type=dict]
    For further information visit https://errors.pydantic.dev/2.8/v/missing
description
  Field required [type=missing, input_value={'item': 'programCode'}, input_type=dict]
    For further information visit https://errors.pydantic.dev/2.8/v/missing
title
  Field required [type=missing, input_value={'item': 'programCode'}, input_type=dict]
    For further information visit https://errors.pydantic.dev/2.8/v/missing
programCode
  Field required [type=missing, input_value={'item': 'programCode'}, input_type=dict]
    For further information visit https://errors.pydantic.dev/2.8/v/missing
distribution
  Field required [type=missing, input_value={'item': 'programCode'}, input_type=dict]
    For further information visit https://errors.pydantic.dev/2.8/v/missing
theme
  Field required [type=missing, input_value={'item': 'programCode'}, input_type=dict]
    For further information visit https://errors.pydantic.dev/2.8/v/missing
2024-08-23 12:40:38 - ERROR - Validation error for dataset: Unknown title
Traceback (most recent call last):
  File "C:\Users\edmun\Projects\Repositories\healthpartners-interview\src\healthpartners_interview\download.py", line 31, in fetch_datasets
    dataset = Dataset(**current_item)
              ^^^^^^^^^^^^^^^^^^^^^^^
  File "C:\Users\edmun\Projects\Repositories\healthpartners-interview\.venv\Lib\site-packages\pydantic\main.py", line 193, in __init__
    self.__pydantic_validator__.validate_python(data, self_instance=self)
pydantic_core._pydantic_core.ValidationError: 16 validation errors for Dataset
accessLevel
  Field required [type=missing, input_value={}, input_type=dict]
    For further information visit https://errors.pydantic.dev/2.8/v/missing
landingPage
  Field required [type=missing, input_value={}, input_type=dict]
    For further information visit https://errors.pydantic.dev/2.8/v/missing
bureauCode
  Field required [type=missing, input_value={}, input_type=dict]
    For further information visit https://errors.pydantic.dev/2.8/v/missing
issued
  Field required [type=missing, input_value={}, input_type=dict]
    For further information visit https://errors.pydantic.dev/2.8/v/missing
@type
  Field required [type=missing, input_value={}, input_type=dict]
    For further information visit https://errors.pydantic.dev/2.8/v/missing
modified
  Field required [type=missing, input_value={}, input_type=dict]
    For further information visit https://errors.pydantic.dev/2.8/v/missing
released
  Field required [type=missing, input_value={}, input_type=dict]
    For further information visit https://errors.pydantic.dev/2.8/v/missing
keyword
  Field required [type=missing, input_value={}, input_type=dict]
    For further information visit https://errors.pydantic.dev/2.8/v/missing
contactPoint
  Field required [type=missing, input_value={}, input_type=dict]
    For further information visit https://errors.pydantic.dev/2.8/v/missing
publisher
  Field required [type=missing, input_value={}, input_type=dict]
    For further information visit https://errors.pydantic.dev/2.8/v/missing
identifier
  Field required [type=missing, input_value={}, input_type=dict]
    For further information visit https://errors.pydantic.dev/2.8/v/missing
description
  Field required [type=missing, input_value={}, input_type=dict]
    For further information visit https://errors.pydantic.dev/2.8/v/missing
title
  Field required [type=missing, input_value={}, input_type=dict]
    For further information visit https://errors.pydantic.dev/2.8/v/missing
programCode
  Field required [type=missing, input_value={}, input_type=dict]
    For further information visit https://errors.pydantic.dev/2.8/v/missing
distribution
  Field required [type=missing, input_value={}, input_type=dict]
    For further information visit https://errors.pydantic.dev/2.8/v/missing
theme
  Field required [type=missing, input_value={}, input_type=dict]
    For further information visit https://errors.pydantic.dev/2.8/v/missing
2024-08-23 12:40:38 - ERROR - Validation error for dataset: Unknown title
Traceback (most recent call last):
  File "C:\Users\edmun\Projects\Repositories\healthpartners-interview\src\healthpartners_interview\download.py", line 31, in fetch_datasets
    dataset = Dataset(**current_item)
              ^^^^^^^^^^^^^^^^^^^^^^^
  File "C:\Users\edmun\Projects\Repositories\healthpartners-interview\.venv\Lib\site-packages\pydantic\main.py", line 193, in __init__
    self.__pydantic_validator__.validate_python(data, self_instance=self)
pydantic_core._pydantic_core.ValidationError: 16 validation errors for Dataset
accessLevel
  Field required [type=missing, input_value={}, input_type=dict]
    For further information visit https://errors.pydantic.dev/2.8/v/missing
landingPage
  Field required [type=missing, input_value={}, input_type=dict]
    For further information visit https://errors.pydantic.dev/2.8/v/missing
bureauCode
  Field required [type=missing, input_value={}, input_type=dict]
    For further information visit https://errors.pydantic.dev/2.8/v/missing
issued
  Field required [type=missing, input_value={}, input_type=dict]
    For further information visit https://errors.pydantic.dev/2.8/v/missing
@type
  Field required [type=missing, input_value={}, input_type=dict]
    For further information visit https://errors.pydantic.dev/2.8/v/missing
modified
  Field required [type=missing, input_value={}, input_type=dict]
    For further information visit https://errors.pydantic.dev/2.8/v/missing
released
  Field required [type=missing, input_value={}, input_type=dict]
    For further information visit https://errors.pydantic.dev/2.8/v/missing
keyword
  Field required [type=missing, input_value={}, input_type=dict]
    For further information visit https://errors.pydantic.dev/2.8/v/missing
contactPoint
  Field required [type=missing, input_value={}, input_type=dict]
    For further information visit https://errors.pydantic.dev/2.8/v/missing
publisher
  Field required [type=missing, input_value={}, input_type=dict]
    For further information visit https://errors.pydantic.dev/2.8/v/missing
identifier
  Field required [type=missing, input_value={}, input_type=dict]
    For further information visit https://errors.pydantic.dev/2.8/v/missing
description
  Field required [type=missing, input_value={}, input_type=dict]
    For further information visit https://errors.pydantic.dev/2.8/v/missing
title
  Field required [type=missing, input_value={}, input_type=dict]
    For further information visit https://errors.pydantic.dev/2.8/v/missing
programCode
  Field required [type=missing, input_value={}, input_type=dict]
    For further information visit https://errors.pydantic.dev/2.8/v/missing
distribution
  Field required [type=missing, input_value={}, input_type=dict]
    For further information visit https://errors.pydantic.dev/2.8/v/missing
theme
  Field required [type=missing, input_value={}, input_type=dict]
    For further information visit https://errors.pydantic.dev/2.8/v/missing
2024-08-23 12:40:38 - ERROR - Validation error for dataset: Unknown title
Traceback (most recent call last):
  File "C:\Users\edmun\Projects\Repositories\healthpartners-interview\src\healthpartners_interview\download.py", line 31, in fetch_datasets
    dataset = Dataset(**current_item)
              ^^^^^^^^^^^^^^^^^^^^^^^
  File "C:\Users\edmun\Projects\Repositories\healthpartners-interview\.venv\Lib\site-packages\pydantic\main.py", line 193, in __init__
    self.__pydantic_validator__.validate_python(data, self_instance=self)
pydantic_core._pydantic_core.ValidationError: 16 validation errors for Dataset
accessLevel
  Field required [type=missing, input_value={}, input_type=dict]
    For further information visit https://errors.pydantic.dev/2.8/v/missing
landingPage
  Field required [type=missing, input_value={}, input_type=dict]
    For further information visit https://errors.pydantic.dev/2.8/v/missing
bureauCode
  Field required [type=missing, input_value={}, input_type=dict]
    For further information visit https://errors.pydantic.dev/2.8/v/missing
issued
  Field required [type=missing, input_value={}, input_type=dict]
    For further information visit https://errors.pydantic.dev/2.8/v/missing
@type
  Field required [type=missing, input_value={}, input_type=dict]
    For further information visit https://errors.pydantic.dev/2.8/v/missing
modified
  Field required [type=missing, input_value={}, input_type=dict]
    For further information visit https://errors.pydantic.dev/2.8/v/missing
released
  Field required [type=missing, input_value={}, input_type=dict]
    For further information visit https://errors.pydantic.dev/2.8/v/missing
keyword
  Field required [type=missing, input_value={}, input_type=dict]
    For further information visit https://errors.pydantic.dev/2.8/v/missing
contactPoint
  Field required [type=missing, input_value={}, input_type=dict]
    For further information visit https://errors.pydantic.dev/2.8/v/missing
publisher
  Field required [type=missing, input_value={}, input_type=dict]
    For further information visit https://errors.pydantic.dev/2.8/v/missing
identifier
  Field required [type=missing, input_value={}, input_type=dict]
    For further information visit https://errors.pydantic.dev/2.8/v/missing
description
  Field required [type=missing, input_value={}, input_type=dict]
    For further information visit https://errors.pydantic.dev/2.8/v/missing
title
  Field required [type=missing, input_value={}, input_type=dict]
    For further information visit https://errors.pydantic.dev/2.8/v/missing
programCode
  Field required [type=missing, input_value={}, input_type=dict]
    For further information visit https://errors.pydantic.dev/2.8/v/missing
distribution
  Field required [type=missing, input_value={}, input_type=dict]
    For further information visit https://errors.pydantic.dev/2.8/v/missing
theme
  Field required [type=missing, input_value={}, input_type=dict]
    For further information visit https://errors.pydantic.dev/2.8/v/missing
2024-08-23 12:40:38 - ERROR - Validation error for dataset: Unknown title
Traceback (most recent call last):
  File "C:\Users\edmun\Projects\Repositories\healthpartners-interview\src\healthpartners_interview\download.py", line 31, in fetch_datasets
    dataset = Dataset(**current_item)
              ^^^^^^^^^^^^^^^^^^^^^^^
  File "C:\Users\edmun\Projects\Repositories\healthpartners-interview\.venv\Lib\site-packages\pydantic\main.py", line 193, in __init__
    self.__pydantic_validator__.validate_python(data, self_instance=self)
pydantic_core._pydantic_core.ValidationError: 16 validation errors for Dataset
accessLevel
  Field required [type=missing, input_value={'item': 'programCode'}, input_type=dict]
    For further information visit https://errors.pydantic.dev/2.8/v/missing
landingPage
  Field required [type=missing, input_value={'item': 'programCode'}, input_type=dict]
    For further information visit https://errors.pydantic.dev/2.8/v/missing
bureauCode
  Field required [type=missing, input_value={'item': 'programCode'}, input_type=dict]
    For further information visit https://errors.pydantic.dev/2.8/v/missing
issued
  Field required [type=missing, input_value={'item': 'programCode'}, input_type=dict]
    For further information visit https://errors.pydantic.dev/2.8/v/missing
@type
  Field required [type=missing, input_value={'item': 'programCode'}, input_type=dict]
    For further information visit https://errors.pydantic.dev/2.8/v/missing
modified
  Field required [type=missing, input_value={'item': 'programCode'}, input_type=dict]
    For further information visit https://errors.pydantic.dev/2.8/v/missing
released
  Field required [type=missing, input_value={'item': 'programCode'}, input_type=dict]
    For further information visit https://errors.pydantic.dev/2.8/v/missing
keyword
  Field required [type=missing, input_value={'item': 'programCode'}, input_type=dict]
    For further information visit https://errors.pydantic.dev/2.8/v/missing
contactPoint
  Field required [type=missing, input_value={'item': 'programCode'}, input_type=dict]
    For further information visit https://errors.pydantic.dev/2.8/v/missing
publisher
  Field required [type=missing, input_value={'item': 'programCode'}, input_type=dict]
    For further information visit https://errors.pydantic.dev/2.8/v/missing
identifier
  Field required [type=missing, input_value={'item': 'programCode'}, input_type=dict]
    For further information visit https://errors.pydantic.dev/2.8/v/missing
description
  Field required [type=missing, input_value={'item': 'programCode'}, input_type=dict]
    For further information visit https://errors.pydantic.dev/2.8/v/missing
title
  Field required [type=missing, input_value={'item': 'programCode'}, input_type=dict]
    For further information visit https://errors.pydantic.dev/2.8/v/missing
programCode
  Field required [type=missing, input_value={'item': 'programCode'}, input_type=dict]
    For further information visit https://errors.pydantic.dev/2.8/v/missing
distribution
  Field required [type=missing, input_value={'item': 'programCode'}, input_type=dict]
    For further information visit https://errors.pydantic.dev/2.8/v/missing
theme
  Field required [type=missing, input_value={'item': 'programCode'}, input_type=dict]
    For further information visit https://errors.pydantic.dev/2.8/v/missing
2024-08-23 12:40:38 - ERROR - Validation error for dataset: Unknown title
Traceback (most recent call last):
  File "C:\Users\edmun\Projects\Repositories\healthpartners-interview\src\healthpartners_interview\download.py", line 31, in fetch_datasets
    dataset = Dataset(**current_item)
              ^^^^^^^^^^^^^^^^^^^^^^^
  File "C:\Users\edmun\Projects\Repositories\healthpartners-interview\.venv\Lib\site-packages\pydantic\main.py", line 193, in __init__
    self.__pydantic_validator__.validate_python(data, self_instance=self)
pydantic_core._pydantic_core.ValidationError: 16 validation errors for Dataset
accessLevel
  Field required [type=missing, input_value={}, input_type=dict]
    For further information visit https://errors.pydantic.dev/2.8/v/missing
landingPage
  Field required [type=missing, input_value={}, input_type=dict]
    For further information visit https://errors.pydantic.dev/2.8/v/missing
bureauCode
  Field required [type=missing, input_value={}, input_type=dict]
    For further information visit https://errors.pydantic.dev/2.8/v/missing
issued
  Field required [type=missing, input_value={}, input_type=dict]
    For further information visit https://errors.pydantic.dev/2.8/v/missing
@type
  Field required [type=missing, input_value={}, input_type=dict]
    For further information visit https://errors.pydantic.dev/2.8/v/missing
modified
  Field required [type=missing, input_value={}, input_type=dict]
    For further information visit https://errors.pydantic.dev/2.8/v/missing
released
  Field required [type=missing, input_value={}, input_type=dict]
    For further information visit https://errors.pydantic.dev/2.8/v/missing
keyword
  Field required [type=missing, input_value={}, input_type=dict]
    For further information visit https://errors.pydantic.dev/2.8/v/missing
contactPoint
  Field required [type=missing, input_value={}, input_type=dict]
    For further information visit https://errors.pydantic.dev/2.8/v/missing
publisher
  Field required [type=missing, input_value={}, input_type=dict]
    For further information visit https://errors.pydantic.dev/2.8/v/missing
identifier
  Field required [type=missing, input_value={}, input_type=dict]
    For further information visit https://errors.pydantic.dev/2.8/v/missing
description
  Field required [type=missing, input_value={}, input_type=dict]
    For further information visit https://errors.pydantic.dev/2.8/v/missing
title
  Field required [type=missing, input_value={}, input_type=dict]
    For further information visit https://errors.pydantic.dev/2.8/v/missing
programCode
  Field required [type=missing, input_value={}, input_type=dict]
    For further information visit https://errors.pydantic.dev/2.8/v/missing
distribution
  Field required [type=missing, input_value={}, input_type=dict]
    For further information visit https://errors.pydantic.dev/2.8/v/missing
theme
  Field required [type=missing, input_value={}, input_type=dict]
    For further information visit https://errors.pydantic.dev/2.8/v/missing
2024-08-23 12:40:38 - ERROR - Validation error for dataset: Unknown title
Traceback (most recent call last):
  File "C:\Users\edmun\Projects\Repositories\healthpartners-interview\src\healthpartners_interview\download.py", line 31, in fetch_datasets
    dataset = Dataset(**current_item)
              ^^^^^^^^^^^^^^^^^^^^^^^
  File "C:\Users\edmun\Projects\Repositories\healthpartners-interview\.venv\Lib\site-packages\pydantic\main.py", line 193, in __init__
    self.__pydantic_validator__.validate_python(data, self_instance=self)
pydantic_core._pydantic_core.ValidationError: 16 validation errors for Dataset
accessLevel
  Field required [type=missing, input_value={}, input_type=dict]
    For further information visit https://errors.pydantic.dev/2.8/v/missing
landingPage
  Field required [type=missing, input_value={}, input_type=dict]
    For further information visit https://errors.pydantic.dev/2.8/v/missing
bureauCode
  Field required [type=missing, input_value={}, input_type=dict]
    For further information visit https://errors.pydantic.dev/2.8/v/missing
issued
  Field required [type=missing, input_value={}, input_type=dict]
    For further information visit https://errors.pydantic.dev/2.8/v/missing
@type
  Field required [type=missing, input_value={}, input_type=dict]
    For further information visit https://errors.pydantic.dev/2.8/v/missing
modified
  Field required [type=missing, input_value={}, input_type=dict]
    For further information visit https://errors.pydantic.dev/2.8/v/missing
released
  Field required [type=missing, input_value={}, input_type=dict]
    For further information visit https://errors.pydantic.dev/2.8/v/missing
keyword
  Field required [type=missing, input_value={}, input_type=dict]
    For further information visit https://errors.pydantic.dev/2.8/v/missing
contactPoint
  Field required [type=missing, input_value={}, input_type=dict]
    For further information visit https://errors.pydantic.dev/2.8/v/missing
publisher
  Field required [type=missing, input_value={}, input_type=dict]
    For further information visit https://errors.pydantic.dev/2.8/v/missing
identifier
  Field required [type=missing, input_value={}, input_type=dict]
    For further information visit https://errors.pydantic.dev/2.8/v/missing
description
  Field required [type=missing, input_value={}, input_type=dict]
    For further information visit https://errors.pydantic.dev/2.8/v/missing
title
  Field required [type=missing, input_value={}, input_type=dict]
    For further information visit https://errors.pydantic.dev/2.8/v/missing
programCode
  Field required [type=missing, input_value={}, input_type=dict]
    For further information visit https://errors.pydantic.dev/2.8/v/missing
distribution
  Field required [type=missing, input_value={}, input_type=dict]
    For further information visit https://errors.pydantic.dev/2.8/v/missing
theme
  Field required [type=missing, input_value={}, input_type=dict]
    For further information visit https://errors.pydantic.dev/2.8/v/missing
2024-08-23 12:40:38 - ERROR - Validation error for dataset: Unknown title
Traceback (most recent call last):
  File "C:\Users\edmun\Projects\Repositories\healthpartners-interview\src\healthpartners_interview\download.py", line 31, in fetch_datasets
    dataset = Dataset(**current_item)
              ^^^^^^^^^^^^^^^^^^^^^^^
  File "C:\Users\edmun\Projects\Repositories\healthpartners-interview\.venv\Lib\site-packages\pydantic\main.py", line 193, in __init__
    self.__pydantic_validator__.validate_python(data, self_instance=self)
pydantic_core._pydantic_core.ValidationError: 16 validation errors for Dataset
accessLevel
  Field required [type=missing, input_value={}, input_type=dict]
    For further information visit https://errors.pydantic.dev/2.8/v/missing
landingPage
  Field required [type=missing, input_value={}, input_type=dict]
    For further information visit https://errors.pydantic.dev/2.8/v/missing
bureauCode
  Field required [type=missing, input_value={}, input_type=dict]
    For further information visit https://errors.pydantic.dev/2.8/v/missing
issued
  Field required [type=missing, input_value={}, input_type=dict]
    For further information visit https://errors.pydantic.dev/2.8/v/missing
@type
  Field required [type=missing, input_value={}, input_type=dict]
    For further information visit https://errors.pydantic.dev/2.8/v/missing
modified
  Field required [type=missing, input_value={}, input_type=dict]
    For further information visit https://errors.pydantic.dev/2.8/v/missing
released
  Field required [type=missing, input_value={}, input_type=dict]
    For further information visit https://errors.pydantic.dev/2.8/v/missing
keyword
  Field required [type=missing, input_value={}, input_type=dict]
    For further information visit https://errors.pydantic.dev/2.8/v/missing
contactPoint
  Field required [type=missing, input_value={}, input_type=dict]
    For further information visit https://errors.pydantic.dev/2.8/v/missing
publisher
  Field required [type=missing, input_value={}, input_type=dict]
    For further information visit https://errors.pydantic.dev/2.8/v/missing
identifier
  Field required [type=missing, input_value={}, input_type=dict]
    For further information visit https://errors.pydantic.dev/2.8/v/missing
description
  Field required [type=missing, input_value={}, input_type=dict]
    For further information visit https://errors.pydantic.dev/2.8/v/missing
title
  Field required [type=missing, input_value={}, input_type=dict]
    For further information visit https://errors.pydantic.dev/2.8/v/missing
programCode
  Field required [type=missing, input_value={}, input_type=dict]
    For further information visit https://errors.pydantic.dev/2.8/v/missing
distribution
  Field required [type=missing, input_value={}, input_type=dict]
    For further information visit https://errors.pydantic.dev/2.8/v/missing
theme
  Field required [type=missing, input_value={}, input_type=dict]
    For further information visit https://errors.pydantic.dev/2.8/v/missing
2024-08-23 12:40:38 - ERROR - Validation error for dataset: Unknown title
Traceback (most recent call last):
  File "C:\Users\edmun\Projects\Repositories\healthpartners-interview\src\healthpartners_interview\download.py", line 31, in fetch_datasets
    dataset = Dataset(**current_item)
              ^^^^^^^^^^^^^^^^^^^^^^^
  File "C:\Users\edmun\Projects\Repositories\healthpartners-interview\.venv\Lib\site-packages\pydantic\main.py", line 193, in __init__
    self.__pydantic_validator__.validate_python(data, self_instance=self)
pydantic_core._pydantic_core.ValidationError: 16 validation errors for Dataset
accessLevel
  Field required [type=missing, input_value={'item': 'programCode'}, input_type=dict]
    For further information visit https://errors.pydantic.dev/2.8/v/missing
landingPage
  Field required [type=missing, input_value={'item': 'programCode'}, input_type=dict]
    For further information visit https://errors.pydantic.dev/2.8/v/missing
bureauCode
  Field required [type=missing, input_value={'item': 'programCode'}, input_type=dict]
    For further information visit https://errors.pydantic.dev/2.8/v/missing
issued
  Field required [type=missing, input_value={'item': 'programCode'}, input_type=dict]
    For further information visit https://errors.pydantic.dev/2.8/v/missing
@type
  Field required [type=missing, input_value={'item': 'programCode'}, input_type=dict]
    For further information visit https://errors.pydantic.dev/2.8/v/missing
modified
  Field required [type=missing, input_value={'item': 'programCode'}, input_type=dict]
    For further information visit https://errors.pydantic.dev/2.8/v/missing
released
  Field required [type=missing, input_value={'item': 'programCode'}, input_type=dict]
    For further information visit https://errors.pydantic.dev/2.8/v/missing
keyword
  Field required [type=missing, input_value={'item': 'programCode'}, input_type=dict]
    For further information visit https://errors.pydantic.dev/2.8/v/missing
contactPoint
  Field required [type=missing, input_value={'item': 'programCode'}, input_type=dict]
    For further information visit https://errors.pydantic.dev/2.8/v/missing
publisher
  Field required [type=missing, input_value={'item': 'programCode'}, input_type=dict]
    For further information visit https://errors.pydantic.dev/2.8/v/missing
identifier
  Field required [type=missing, input_value={'item': 'programCode'}, input_type=dict]
    For further information visit https://errors.pydantic.dev/2.8/v/missing
description
  Field required [type=missing, input_value={'item': 'programCode'}, input_type=dict]
    For further information visit https://errors.pydantic.dev/2.8/v/missing
title
  Field required [type=missing, input_value={'item': 'programCode'}, input_type=dict]
    For further information visit https://errors.pydantic.dev/2.8/v/missing
programCode
  Field required [type=missing, input_value={'item': 'programCode'}, input_type=dict]
    For further information visit https://errors.pydantic.dev/2.8/v/missing
distribution
  Field required [type=missing, input_value={'item': 'programCode'}, input_type=dict]
    For further information visit https://errors.pydantic.dev/2.8/v/missing
theme
  Field required [type=missing, input_value={'item': 'programCode'}, input_type=dict]
    For further information visit https://errors.pydantic.dev/2.8/v/missing
2024-08-23 12:40:38 - ERROR - Validation error for dataset: Unknown title
Traceback (most recent call last):
  File "C:\Users\edmun\Projects\Repositories\healthpartners-interview\src\healthpartners_interview\download.py", line 31, in fetch_datasets
    dataset = Dataset(**current_item)
              ^^^^^^^^^^^^^^^^^^^^^^^
  File "C:\Users\edmun\Projects\Repositories\healthpartners-interview\.venv\Lib\site-packages\pydantic\main.py", line 193, in __init__
    self.__pydantic_validator__.validate_python(data, self_instance=self)
pydantic_core._pydantic_core.ValidationError: 16 validation errors for Dataset
accessLevel
  Field required [type=missing, input_value={}, input_type=dict]
    For further information visit https://errors.pydantic.dev/2.8/v/missing
landingPage
  Field required [type=missing, input_value={}, input_type=dict]
    For further information visit https://errors.pydantic.dev/2.8/v/missing
bureauCode
  Field required [type=missing, input_value={}, input_type=dict]
    For further information visit https://errors.pydantic.dev/2.8/v/missing
issued
  Field required [type=missing, input_value={}, input_type=dict]
    For further information visit https://errors.pydantic.dev/2.8/v/missing
@type
  Field required [type=missing, input_value={}, input_type=dict]
    For further information visit https://errors.pydantic.dev/2.8/v/missing
modified
  Field required [type=missing, input_value={}, input_type=dict]
    For further information visit https://errors.pydantic.dev/2.8/v/missing
released
  Field required [type=missing, input_value={}, input_type=dict]
    For further information visit https://errors.pydantic.dev/2.8/v/missing
keyword
  Field required [type=missing, input_value={}, input_type=dict]
    For further information visit https://errors.pydantic.dev/2.8/v/missing
contactPoint
  Field required [type=missing, input_value={}, input_type=dict]
    For further information visit https://errors.pydantic.dev/2.8/v/missing
publisher
  Field required [type=missing, input_value={}, input_type=dict]
    For further information visit https://errors.pydantic.dev/2.8/v/missing
identifier
  Field required [type=missing, input_value={}, input_type=dict]
    For further information visit https://errors.pydantic.dev/2.8/v/missing
description
  Field required [type=missing, input_value={}, input_type=dict]
    For further information visit https://errors.pydantic.dev/2.8/v/missing
title
  Field required [type=missing, input_value={}, input_type=dict]
    For further information visit https://errors.pydantic.dev/2.8/v/missing
programCode
  Field required [type=missing, input_value={}, input_type=dict]
    For further information visit https://errors.pydantic.dev/2.8/v/missing
distribution
  Field required [type=missing, input_value={}, input_type=dict]
    For further information visit https://errors.pydantic.dev/2.8/v/missing
theme
  Field required [type=missing, input_value={}, input_type=dict]
    For further information visit https://errors.pydantic.dev/2.8/v/missing
2024-08-23 12:40:38 - ERROR - Validation error for dataset: Unknown title
Traceback (most recent call last):
  File "C:\Users\edmun\Projects\Repositories\healthpartners-interview\src\healthpartners_interview\download.py", line 31, in fetch_datasets
    dataset = Dataset(**current_item)
              ^^^^^^^^^^^^^^^^^^^^^^^
  File "C:\Users\edmun\Projects\Repositories\healthpartners-interview\.venv\Lib\site-packages\pydantic\main.py", line 193, in __init__
    self.__pydantic_validator__.validate_python(data, self_instance=self)
pydantic_core._pydantic_core.ValidationError: 16 validation errors for Dataset
accessLevel
  Field required [type=missing, input_value={}, input_type=dict]
    For further information visit https://errors.pydantic.dev/2.8/v/missing
landingPage
  Field required [type=missing, input_value={}, input_type=dict]
    For further information visit https://errors.pydantic.dev/2.8/v/missing
bureauCode
  Field required [type=missing, input_value={}, input_type=dict]
    For further information visit https://errors.pydantic.dev/2.8/v/missing
issued
  Field required [type=missing, input_value={}, input_type=dict]
    For further information visit https://errors.pydantic.dev/2.8/v/missing
@type
  Field required [type=missing, input_value={}, input_type=dict]
    For further information visit https://errors.pydantic.dev/2.8/v/missing
modified
  Field required [type=missing, input_value={}, input_type=dict]
    For further information visit https://errors.pydantic.dev/2.8/v/missing
released
  Field required [type=missing, input_value={}, input_type=dict]
    For further information visit https://errors.pydantic.dev/2.8/v/missing
keyword
  Field required [type=missing, input_value={}, input_type=dict]
    For further information visit https://errors.pydantic.dev/2.8/v/missing
contactPoint
  Field required [type=missing, input_value={}, input_type=dict]
    For further information visit https://errors.pydantic.dev/2.8/v/missing
publisher
  Field required [type=missing, input_value={}, input_type=dict]
    For further information visit https://errors.pydantic.dev/2.8/v/missing
identifier
  Field required [type=missing, input_value={}, input_type=dict]
    For further information visit https://errors.pydantic.dev/2.8/v/missing
description
  Field required [type=missing, input_value={}, input_type=dict]
    For further information visit https://errors.pydantic.dev/2.8/v/missing
title
  Field required [type=missing, input_value={}, input_type=dict]
    For further information visit https://errors.pydantic.dev/2.8/v/missing
programCode
  Field required [type=missing, input_value={}, input_type=dict]
    For further information visit https://errors.pydantic.dev/2.8/v/missing
distribution
  Field required [type=missing, input_value={}, input_type=dict]
    For further information visit https://errors.pydantic.dev/2.8/v/missing
theme
  Field required [type=missing, input_value={}, input_type=dict]
    For further information visit https://errors.pydantic.dev/2.8/v/missing
2024-08-23 12:40:38 - ERROR - Validation error for dataset: Unknown title
Traceback (most recent call last):
  File "C:\Users\edmun\Projects\Repositories\healthpartners-interview\src\healthpartners_interview\download.py", line 31, in fetch_datasets
    dataset = Dataset(**current_item)
              ^^^^^^^^^^^^^^^^^^^^^^^
  File "C:\Users\edmun\Projects\Repositories\healthpartners-interview\.venv\Lib\site-packages\pydantic\main.py", line 193, in __init__
    self.__pydantic_validator__.validate_python(data, self_instance=self)
pydantic_core._pydantic_core.ValidationError: 16 validation errors for Dataset
accessLevel
  Field required [type=missing, input_value={}, input_type=dict]
    For further information visit https://errors.pydantic.dev/2.8/v/missing
landingPage
  Field required [type=missing, input_value={}, input_type=dict]
    For further information visit https://errors.pydantic.dev/2.8/v/missing
bureauCode
  Field required [type=missing, input_value={}, input_type=dict]
    For further information visit https://errors.pydantic.dev/2.8/v/missing
issued
  Field required [type=missing, input_value={}, input_type=dict]
    For further information visit https://errors.pydantic.dev/2.8/v/missing
@type
  Field required [type=missing, input_value={}, input_type=dict]
    For further information visit https://errors.pydantic.dev/2.8/v/missing
modified
  Field required [type=missing, input_value={}, input_type=dict]
    For further information visit https://errors.pydantic.dev/2.8/v/missing
released
  Field required [type=missing, input_value={}, input_type=dict]
    For further information visit https://errors.pydantic.dev/2.8/v/missing
keyword
  Field required [type=missing, input_value={}, input_type=dict]
    For further information visit https://errors.pydantic.dev/2.8/v/missing
contactPoint
  Field required [type=missing, input_value={}, input_type=dict]
    For further information visit https://errors.pydantic.dev/2.8/v/missing
publisher
  Field required [type=missing, input_value={}, input_type=dict]
    For further information visit https://errors.pydantic.dev/2.8/v/missing
identifier
  Field required [type=missing, input_value={}, input_type=dict]
    For further information visit https://errors.pydantic.dev/2.8/v/missing
description
  Field required [type=missing, input_value={}, input_type=dict]
    For further information visit https://errors.pydantic.dev/2.8/v/missing
title
  Field required [type=missing, input_value={}, input_type=dict]
    For further information visit https://errors.pydantic.dev/2.8/v/missing
programCode
  Field required [type=missing, input_value={}, input_type=dict]
    For further information visit https://errors.pydantic.dev/2.8/v/missing
distribution
  Field required [type=missing, input_value={}, input_type=dict]
    For further information visit https://errors.pydantic.dev/2.8/v/missing
theme
  Field required [type=missing, input_value={}, input_type=dict]
    For further information visit https://errors.pydantic.dev/2.8/v/missing
2024-08-23 12:40:38 - ERROR - Validation error for dataset: Unknown title
Traceback (most recent call last):
  File "C:\Users\edmun\Projects\Repositories\healthpartners-interview\src\healthpartners_interview\download.py", line 31, in fetch_datasets
    dataset = Dataset(**current_item)
              ^^^^^^^^^^^^^^^^^^^^^^^
  File "C:\Users\edmun\Projects\Repositories\healthpartners-interview\.venv\Lib\site-packages\pydantic\main.py", line 193, in __init__
    self.__pydantic_validator__.validate_python(data, self_instance=self)
pydantic_core._pydantic_core.ValidationError: 16 validation errors for Dataset
accessLevel
  Field required [type=missing, input_value={'item': 'programCode'}, input_type=dict]
    For further information visit https://errors.pydantic.dev/2.8/v/missing
landingPage
  Field required [type=missing, input_value={'item': 'programCode'}, input_type=dict]
    For further information visit https://errors.pydantic.dev/2.8/v/missing
bureauCode
  Field required [type=missing, input_value={'item': 'programCode'}, input_type=dict]
    For further information visit https://errors.pydantic.dev/2.8/v/missing
issued
  Field required [type=missing, input_value={'item': 'programCode'}, input_type=dict]
    For further information visit https://errors.pydantic.dev/2.8/v/missing
@type
  Field required [type=missing, input_value={'item': 'programCode'}, input_type=dict]
    For further information visit https://errors.pydantic.dev/2.8/v/missing
modified
  Field required [type=missing, input_value={'item': 'programCode'}, input_type=dict]
    For further information visit https://errors.pydantic.dev/2.8/v/missing
released
  Field required [type=missing, input_value={'item': 'programCode'}, input_type=dict]
    For further information visit https://errors.pydantic.dev/2.8/v/missing
keyword
  Field required [type=missing, input_value={'item': 'programCode'}, input_type=dict]
    For further information visit https://errors.pydantic.dev/2.8/v/missing
contactPoint
  Field required [type=missing, input_value={'item': 'programCode'}, input_type=dict]
    For further information visit https://errors.pydantic.dev/2.8/v/missing
publisher
  Field required [type=missing, input_value={'item': 'programCode'}, input_type=dict]
    For further information visit https://errors.pydantic.dev/2.8/v/missing
identifier
  Field required [type=missing, input_value={'item': 'programCode'}, input_type=dict]
    For further information visit https://errors.pydantic.dev/2.8/v/missing
description
  Field required [type=missing, input_value={'item': 'programCode'}, input_type=dict]
    For further information visit https://errors.pydantic.dev/2.8/v/missing
title
  Field required [type=missing, input_value={'item': 'programCode'}, input_type=dict]
    For further information visit https://errors.pydantic.dev/2.8/v/missing
programCode
  Field required [type=missing, input_value={'item': 'programCode'}, input_type=dict]
    For further information visit https://errors.pydantic.dev/2.8/v/missing
distribution
  Field required [type=missing, input_value={'item': 'programCode'}, input_type=dict]
    For further information visit https://errors.pydantic.dev/2.8/v/missing
theme
  Field required [type=missing, input_value={'item': 'programCode'}, input_type=dict]
    For further information visit https://errors.pydantic.dev/2.8/v/missing
2024-08-23 12:40:38 - ERROR - Validation error for dataset: Unknown title
Traceback (most recent call last):
  File "C:\Users\edmun\Projects\Repositories\healthpartners-interview\src\healthpartners_interview\download.py", line 31, in fetch_datasets
    dataset = Dataset(**current_item)
              ^^^^^^^^^^^^^^^^^^^^^^^
  File "C:\Users\edmun\Projects\Repositories\healthpartners-interview\.venv\Lib\site-packages\pydantic\main.py", line 193, in __init__
    self.__pydantic_validator__.validate_python(data, self_instance=self)
pydantic_core._pydantic_core.ValidationError: 16 validation errors for Dataset
accessLevel
  Field required [type=missing, input_value={}, input_type=dict]
    For further information visit https://errors.pydantic.dev/2.8/v/missing
landingPage
  Field required [type=missing, input_value={}, input_type=dict]
    For further information visit https://errors.pydantic.dev/2.8/v/missing
bureauCode
  Field required [type=missing, input_value={}, input_type=dict]
    For further information visit https://errors.pydantic.dev/2.8/v/missing
issued
  Field required [type=missing, input_value={}, input_type=dict]
    For further information visit https://errors.pydantic.dev/2.8/v/missing
@type
  Field required [type=missing, input_value={}, input_type=dict]
    For further information visit https://errors.pydantic.dev/2.8/v/missing
modified
  Field required [type=missing, input_value={}, input_type=dict]
    For further information visit https://errors.pydantic.dev/2.8/v/missing
released
  Field required [type=missing, input_value={}, input_type=dict]
    For further information visit https://errors.pydantic.dev/2.8/v/missing
keyword
  Field required [type=missing, input_value={}, input_type=dict]
    For further information visit https://errors.pydantic.dev/2.8/v/missing
contactPoint
  Field required [type=missing, input_value={}, input_type=dict]
    For further information visit https://errors.pydantic.dev/2.8/v/missing
publisher
  Field required [type=missing, input_value={}, input_type=dict]
    For further information visit https://errors.pydantic.dev/2.8/v/missing
identifier
  Field required [type=missing, input_value={}, input_type=dict]
    For further information visit https://errors.pydantic.dev/2.8/v/missing
description
  Field required [type=missing, input_value={}, input_type=dict]
    For further information visit https://errors.pydantic.dev/2.8/v/missing
title
  Field required [type=missing, input_value={}, input_type=dict]
    For further information visit https://errors.pydantic.dev/2.8/v/missing
programCode
  Field required [type=missing, input_value={}, input_type=dict]
    For further information visit https://errors.pydantic.dev/2.8/v/missing
distribution
  Field required [type=missing, input_value={}, input_type=dict]
    For further information visit https://errors.pydantic.dev/2.8/v/missing
theme
  Field required [type=missing, input_value={}, input_type=dict]
    For further information visit https://errors.pydantic.dev/2.8/v/missing
2024-08-23 12:40:38 - ERROR - Validation error for dataset: Unknown title
Traceback (most recent call last):
  File "C:\Users\edmun\Projects\Repositories\healthpartners-interview\src\healthpartners_interview\download.py", line 31, in fetch_datasets
    dataset = Dataset(**current_item)
              ^^^^^^^^^^^^^^^^^^^^^^^
  File "C:\Users\edmun\Projects\Repositories\healthpartners-interview\.venv\Lib\site-packages\pydantic\main.py", line 193, in __init__
    self.__pydantic_validator__.validate_python(data, self_instance=self)
pydantic_core._pydantic_core.ValidationError: 16 validation errors for Dataset
accessLevel
  Field required [type=missing, input_value={}, input_type=dict]
    For further information visit https://errors.pydantic.dev/2.8/v/missing
landingPage
  Field required [type=missing, input_value={}, input_type=dict]
    For further information visit https://errors.pydantic.dev/2.8/v/missing
bureauCode
  Field required [type=missing, input_value={}, input_type=dict]
    For further information visit https://errors.pydantic.dev/2.8/v/missing
issued
  Field required [type=missing, input_value={}, input_type=dict]
    For further information visit https://errors.pydantic.dev/2.8/v/missing
@type
  Field required [type=missing, input_value={}, input_type=dict]
    For further information visit https://errors.pydantic.dev/2.8/v/missing
modified
  Field required [type=missing, input_value={}, input_type=dict]
    For further information visit https://errors.pydantic.dev/2.8/v/missing
released
  Field required [type=missing, input_value={}, input_type=dict]
    For further information visit https://errors.pydantic.dev/2.8/v/missing
keyword
  Field required [type=missing, input_value={}, input_type=dict]
    For further information visit https://errors.pydantic.dev/2.8/v/missing
contactPoint
  Field required [type=missing, input_value={}, input_type=dict]
    For further information visit https://errors.pydantic.dev/2.8/v/missing
publisher
  Field required [type=missing, input_value={}, input_type=dict]
    For further information visit https://errors.pydantic.dev/2.8/v/missing
identifier
  Field required [type=missing, input_value={}, input_type=dict]
    For further information visit https://errors.pydantic.dev/2.8/v/missing
description
  Field required [type=missing, input_value={}, input_type=dict]
    For further information visit https://errors.pydantic.dev/2.8/v/missing
title
  Field required [type=missing, input_value={}, input_type=dict]
    For further information visit https://errors.pydantic.dev/2.8/v/missing
programCode
  Field required [type=missing, input_value={}, input_type=dict]
    For further information visit https://errors.pydantic.dev/2.8/v/missing
distribution
  Field required [type=missing, input_value={}, input_type=dict]
    For further information visit https://errors.pydantic.dev/2.8/v/missing
theme
  Field required [type=missing, input_value={}, input_type=dict]
    For further information visit https://errors.pydantic.dev/2.8/v/missing
2024-08-23 12:40:38 - ERROR - Validation error for dataset: Unknown title
Traceback (most recent call last):
  File "C:\Users\edmun\Projects\Repositories\healthpartners-interview\src\healthpartners_interview\download.py", line 31, in fetch_datasets
    dataset = Dataset(**current_item)
              ^^^^^^^^^^^^^^^^^^^^^^^
  File "C:\Users\edmun\Projects\Repositories\healthpartners-interview\.venv\Lib\site-packages\pydantic\main.py", line 193, in __init__
    self.__pydantic_validator__.validate_python(data, self_instance=self)
pydantic_core._pydantic_core.ValidationError: 16 validation errors for Dataset
accessLevel
  Field required [type=missing, input_value={}, input_type=dict]
    For further information visit https://errors.pydantic.dev/2.8/v/missing
landingPage
  Field required [type=missing, input_value={}, input_type=dict]
    For further information visit https://errors.pydantic.dev/2.8/v/missing
bureauCode
  Field required [type=missing, input_value={}, input_type=dict]
    For further information visit https://errors.pydantic.dev/2.8/v/missing
issued
  Field required [type=missing, input_value={}, input_type=dict]
    For further information visit https://errors.pydantic.dev/2.8/v/missing
@type
  Field required [type=missing, input_value={}, input_type=dict]
    For further information visit https://errors.pydantic.dev/2.8/v/missing
modified
  Field required [type=missing, input_value={}, input_type=dict]
    For further information visit https://errors.pydantic.dev/2.8/v/missing
released
  Field required [type=missing, input_value={}, input_type=dict]
    For further information visit https://errors.pydantic.dev/2.8/v/missing
keyword
  Field required [type=missing, input_value={}, input_type=dict]
    For further information visit https://errors.pydantic.dev/2.8/v/missing
contactPoint
  Field required [type=missing, input_value={}, input_type=dict]
    For further information visit https://errors.pydantic.dev/2.8/v/missing
publisher
  Field required [type=missing, input_value={}, input_type=dict]
    For further information visit https://errors.pydantic.dev/2.8/v/missing
identifier
  Field required [type=missing, input_value={}, input_type=dict]
    For further information visit https://errors.pydantic.dev/2.8/v/missing
description
  Field required [type=missing, input_value={}, input_type=dict]
    For further information visit https://errors.pydantic.dev/2.8/v/missing
title
  Field required [type=missing, input_value={}, input_type=dict]
    For further information visit https://errors.pydantic.dev/2.8/v/missing
programCode
  Field required [type=missing, input_value={}, input_type=dict]
    For further information visit https://errors.pydantic.dev/2.8/v/missing
distribution
  Field required [type=missing, input_value={}, input_type=dict]
    For further information visit https://errors.pydantic.dev/2.8/v/missing
theme
  Field required [type=missing, input_value={}, input_type=dict]
    For further information visit https://errors.pydantic.dev/2.8/v/missing
2024-08-23 12:40:38 - ERROR - Validation error for dataset: Unknown title
Traceback (most recent call last):
  File "C:\Users\edmun\Projects\Repositories\healthpartners-interview\src\healthpartners_interview\download.py", line 31, in fetch_datasets
    dataset = Dataset(**current_item)
              ^^^^^^^^^^^^^^^^^^^^^^^
  File "C:\Users\edmun\Projects\Repositories\healthpartners-interview\.venv\Lib\site-packages\pydantic\main.py", line 193, in __init__
    self.__pydantic_validator__.validate_python(data, self_instance=self)
pydantic_core._pydantic_core.ValidationError: 16 validation errors for Dataset
accessLevel
  Field required [type=missing, input_value={'item': 'programCode'}, input_type=dict]
    For further information visit https://errors.pydantic.dev/2.8/v/missing
landingPage
  Field required [type=missing, input_value={'item': 'programCode'}, input_type=dict]
    For further information visit https://errors.pydantic.dev/2.8/v/missing
bureauCode
  Field required [type=missing, input_value={'item': 'programCode'}, input_type=dict]
    For further information visit https://errors.pydantic.dev/2.8/v/missing
issued
  Field required [type=missing, input_value={'item': 'programCode'}, input_type=dict]
    For further information visit https://errors.pydantic.dev/2.8/v/missing
@type
  Field required [type=missing, input_value={'item': 'programCode'}, input_type=dict]
    For further information visit https://errors.pydantic.dev/2.8/v/missing
modified
  Field required [type=missing, input_value={'item': 'programCode'}, input_type=dict]
    For further information visit https://errors.pydantic.dev/2.8/v/missing
released
  Field required [type=missing, input_value={'item': 'programCode'}, input_type=dict]
    For further information visit https://errors.pydantic.dev/2.8/v/missing
keyword
  Field required [type=missing, input_value={'item': 'programCode'}, input_type=dict]
    For further information visit https://errors.pydantic.dev/2.8/v/missing
contactPoint
  Field required [type=missing, input_value={'item': 'programCode'}, input_type=dict]
    For further information visit https://errors.pydantic.dev/2.8/v/missing
publisher
  Field required [type=missing, input_value={'item': 'programCode'}, input_type=dict]
    For further information visit https://errors.pydantic.dev/2.8/v/missing
identifier
  Field required [type=missing, input_value={'item': 'programCode'}, input_type=dict]
    For further information visit https://errors.pydantic.dev/2.8/v/missing
description
  Field required [type=missing, input_value={'item': 'programCode'}, input_type=dict]
    For further information visit https://errors.pydantic.dev/2.8/v/missing
title
  Field required [type=missing, input_value={'item': 'programCode'}, input_type=dict]
    For further information visit https://errors.pydantic.dev/2.8/v/missing
programCode
  Field required [type=missing, input_value={'item': 'programCode'}, input_type=dict]
    For further information visit https://errors.pydantic.dev/2.8/v/missing
distribution
  Field required [type=missing, input_value={'item': 'programCode'}, input_type=dict]
    For further information visit https://errors.pydantic.dev/2.8/v/missing
theme
  Field required [type=missing, input_value={'item': 'programCode'}, input_type=dict]
    For further information visit https://errors.pydantic.dev/2.8/v/missing
2024-08-23 12:40:38 - ERROR - Validation error for dataset: Unknown title
Traceback (most recent call last):
  File "C:\Users\edmun\Projects\Repositories\healthpartners-interview\src\healthpartners_interview\download.py", line 31, in fetch_datasets
    dataset = Dataset(**current_item)
              ^^^^^^^^^^^^^^^^^^^^^^^
  File "C:\Users\edmun\Projects\Repositories\healthpartners-interview\.venv\Lib\site-packages\pydantic\main.py", line 193, in __init__
    self.__pydantic_validator__.validate_python(data, self_instance=self)
pydantic_core._pydantic_core.ValidationError: 16 validation errors for Dataset
accessLevel
  Field required [type=missing, input_value={}, input_type=dict]
    For further information visit https://errors.pydantic.dev/2.8/v/missing
landingPage
  Field required [type=missing, input_value={}, input_type=dict]
    For further information visit https://errors.pydantic.dev/2.8/v/missing
bureauCode
  Field required [type=missing, input_value={}, input_type=dict]
    For further information visit https://errors.pydantic.dev/2.8/v/missing
issued
  Field required [type=missing, input_value={}, input_type=dict]
    For further information visit https://errors.pydantic.dev/2.8/v/missing
@type
  Field required [type=missing, input_value={}, input_type=dict]
    For further information visit https://errors.pydantic.dev/2.8/v/missing
modified
  Field required [type=missing, input_value={}, input_type=dict]
    For further information visit https://errors.pydantic.dev/2.8/v/missing
released
  Field required [type=missing, input_value={}, input_type=dict]
    For further information visit https://errors.pydantic.dev/2.8/v/missing
keyword
  Field required [type=missing, input_value={}, input_type=dict]
    For further information visit https://errors.pydantic.dev/2.8/v/missing
contactPoint
  Field required [type=missing, input_value={}, input_type=dict]
    For further information visit https://errors.pydantic.dev/2.8/v/missing
publisher
  Field required [type=missing, input_value={}, input_type=dict]
    For further information visit https://errors.pydantic.dev/2.8/v/missing
identifier
  Field required [type=missing, input_value={}, input_type=dict]
    For further information visit https://errors.pydantic.dev/2.8/v/missing
description
  Field required [type=missing, input_value={}, input_type=dict]
    For further information visit https://errors.pydantic.dev/2.8/v/missing
title
  Field required [type=missing, input_value={}, input_type=dict]
    For further information visit https://errors.pydantic.dev/2.8/v/missing
programCode
  Field required [type=missing, input_value={}, input_type=dict]
    For further information visit https://errors.pydantic.dev/2.8/v/missing
distribution
  Field required [type=missing, input_value={}, input_type=dict]
    For further information visit https://errors.pydantic.dev/2.8/v/missing
theme
  Field required [type=missing, input_value={}, input_type=dict]
    For further information visit https://errors.pydantic.dev/2.8/v/missing
2024-08-23 12:40:38 - ERROR - Validation error for dataset: Unknown title
Traceback (most recent call last):
  File "C:\Users\edmun\Projects\Repositories\healthpartners-interview\src\healthpartners_interview\download.py", line 31, in fetch_datasets
    dataset = Dataset(**current_item)
              ^^^^^^^^^^^^^^^^^^^^^^^
  File "C:\Users\edmun\Projects\Repositories\healthpartners-interview\.venv\Lib\site-packages\pydantic\main.py", line 193, in __init__
    self.__pydantic_validator__.validate_python(data, self_instance=self)
pydantic_core._pydantic_core.ValidationError: 16 validation errors for Dataset
accessLevel
  Field required [type=missing, input_value={}, input_type=dict]
    For further information visit https://errors.pydantic.dev/2.8/v/missing
landingPage
  Field required [type=missing, input_value={}, input_type=dict]
    For further information visit https://errors.pydantic.dev/2.8/v/missing
bureauCode
  Field required [type=missing, input_value={}, input_type=dict]
    For further information visit https://errors.pydantic.dev/2.8/v/missing
issued
  Field required [type=missing, input_value={}, input_type=dict]
    For further information visit https://errors.pydantic.dev/2.8/v/missing
@type
  Field required [type=missing, input_value={}, input_type=dict]
    For further information visit https://errors.pydantic.dev/2.8/v/missing
modified
  Field required [type=missing, input_value={}, input_type=dict]
    For further information visit https://errors.pydantic.dev/2.8/v/missing
released
  Field required [type=missing, input_value={}, input_type=dict]
    For further information visit https://errors.pydantic.dev/2.8/v/missing
keyword
  Field required [type=missing, input_value={}, input_type=dict]
    For further information visit https://errors.pydantic.dev/2.8/v/missing
contactPoint
  Field required [type=missing, input_value={}, input_type=dict]
    For further information visit https://errors.pydantic.dev/2.8/v/missing
publisher
  Field required [type=missing, input_value={}, input_type=dict]
    For further information visit https://errors.pydantic.dev/2.8/v/missing
identifier
  Field required [type=missing, input_value={}, input_type=dict]
    For further information visit https://errors.pydantic.dev/2.8/v/missing
description
  Field required [type=missing, input_value={}, input_type=dict]
    For further information visit https://errors.pydantic.dev/2.8/v/missing
title
  Field required [type=missing, input_value={}, input_type=dict]
    For further information visit https://errors.pydantic.dev/2.8/v/missing
programCode
  Field required [type=missing, input_value={}, input_type=dict]
    For further information visit https://errors.pydantic.dev/2.8/v/missing
distribution
  Field required [type=missing, input_value={}, input_type=dict]
    For further information visit https://errors.pydantic.dev/2.8/v/missing
theme
  Field required [type=missing, input_value={}, input_type=dict]
    For further information visit https://errors.pydantic.dev/2.8/v/missing
2024-08-23 12:40:38 - ERROR - Validation error for dataset: Unknown title
Traceback (most recent call last):
  File "C:\Users\edmun\Projects\Repositories\healthpartners-interview\src\healthpartners_interview\download.py", line 31, in fetch_datasets
    dataset = Dataset(**current_item)
              ^^^^^^^^^^^^^^^^^^^^^^^
  File "C:\Users\edmun\Projects\Repositories\healthpartners-interview\.venv\Lib\site-packages\pydantic\main.py", line 193, in __init__
    self.__pydantic_validator__.validate_python(data, self_instance=self)
pydantic_core._pydantic_core.ValidationError: 16 validation errors for Dataset
accessLevel
  Field required [type=missing, input_value={}, input_type=dict]
    For further information visit https://errors.pydantic.dev/2.8/v/missing
landingPage
  Field required [type=missing, input_value={}, input_type=dict]
    For further information visit https://errors.pydantic.dev/2.8/v/missing
bureauCode
  Field required [type=missing, input_value={}, input_type=dict]
    For further information visit https://errors.pydantic.dev/2.8/v/missing
issued
  Field required [type=missing, input_value={}, input_type=dict]
    For further information visit https://errors.pydantic.dev/2.8/v/missing
@type
  Field required [type=missing, input_value={}, input_type=dict]
    For further information visit https://errors.pydantic.dev/2.8/v/missing
modified
  Field required [type=missing, input_value={}, input_type=dict]
    For further information visit https://errors.pydantic.dev/2.8/v/missing
released
  Field required [type=missing, input_value={}, input_type=dict]
    For further information visit https://errors.pydantic.dev/2.8/v/missing
keyword
  Field required [type=missing, input_value={}, input_type=dict]
    For further information visit https://errors.pydantic.dev/2.8/v/missing
contactPoint
  Field required [type=missing, input_value={}, input_type=dict]
    For further information visit https://errors.pydantic.dev/2.8/v/missing
publisher
  Field required [type=missing, input_value={}, input_type=dict]
    For further information visit https://errors.pydantic.dev/2.8/v/missing
identifier
  Field required [type=missing, input_value={}, input_type=dict]
    For further information visit https://errors.pydantic.dev/2.8/v/missing
description
  Field required [type=missing, input_value={}, input_type=dict]
    For further information visit https://errors.pydantic.dev/2.8/v/missing
title
  Field required [type=missing, input_value={}, input_type=dict]
    For further information visit https://errors.pydantic.dev/2.8/v/missing
programCode
  Field required [type=missing, input_value={}, input_type=dict]
    For further information visit https://errors.pydantic.dev/2.8/v/missing
distribution
  Field required [type=missing, input_value={}, input_type=dict]
    For further information visit https://errors.pydantic.dev/2.8/v/missing
theme
  Field required [type=missing, input_value={}, input_type=dict]
    For further information visit https://errors.pydantic.dev/2.8/v/missing
2024-08-23 12:40:38 - ERROR - Validation error for dataset: Unknown title
Traceback (most recent call last):
  File "C:\Users\edmun\Projects\Repositories\healthpartners-interview\src\healthpartners_interview\download.py", line 31, in fetch_datasets
    dataset = Dataset(**current_item)
              ^^^^^^^^^^^^^^^^^^^^^^^
  File "C:\Users\edmun\Projects\Repositories\healthpartners-interview\.venv\Lib\site-packages\pydantic\main.py", line 193, in __init__
    self.__pydantic_validator__.validate_python(data, self_instance=self)
pydantic_core._pydantic_core.ValidationError: 16 validation errors for Dataset
accessLevel
  Field required [type=missing, input_value={'item': 'programCode'}, input_type=dict]
    For further information visit https://errors.pydantic.dev/2.8/v/missing
landingPage
  Field required [type=missing, input_value={'item': 'programCode'}, input_type=dict]
    For further information visit https://errors.pydantic.dev/2.8/v/missing
bureauCode
  Field required [type=missing, input_value={'item': 'programCode'}, input_type=dict]
    For further information visit https://errors.pydantic.dev/2.8/v/missing
issued
  Field required [type=missing, input_value={'item': 'programCode'}, input_type=dict]
    For further information visit https://errors.pydantic.dev/2.8/v/missing
@type
  Field required [type=missing, input_value={'item': 'programCode'}, input_type=dict]
    For further information visit https://errors.pydantic.dev/2.8/v/missing
modified
  Field required [type=missing, input_value={'item': 'programCode'}, input_type=dict]
    For further information visit https://errors.pydantic.dev/2.8/v/missing
released
  Field required [type=missing, input_value={'item': 'programCode'}, input_type=dict]
    For further information visit https://errors.pydantic.dev/2.8/v/missing
keyword
  Field required [type=missing, input_value={'item': 'programCode'}, input_type=dict]
    For further information visit https://errors.pydantic.dev/2.8/v/missing
contactPoint
  Field required [type=missing, input_value={'item': 'programCode'}, input_type=dict]
    For further information visit https://errors.pydantic.dev/2.8/v/missing
publisher
  Field required [type=missing, input_value={'item': 'programCode'}, input_type=dict]
    For further information visit https://errors.pydantic.dev/2.8/v/missing
identifier
  Field required [type=missing, input_value={'item': 'programCode'}, input_type=dict]
    For further information visit https://errors.pydantic.dev/2.8/v/missing
description
  Field required [type=missing, input_value={'item': 'programCode'}, input_type=dict]
    For further information visit https://errors.pydantic.dev/2.8/v/missing
title
  Field required [type=missing, input_value={'item': 'programCode'}, input_type=dict]
    For further information visit https://errors.pydantic.dev/2.8/v/missing
programCode
  Field required [type=missing, input_value={'item': 'programCode'}, input_type=dict]
    For further information visit https://errors.pydantic.dev/2.8/v/missing
distribution
  Field required [type=missing, input_value={'item': 'programCode'}, input_type=dict]
    For further information visit https://errors.pydantic.dev/2.8/v/missing
theme
  Field required [type=missing, input_value={'item': 'programCode'}, input_type=dict]
    For further information visit https://errors.pydantic.dev/2.8/v/missing
2024-08-23 12:40:38 - ERROR - Validation error for dataset: Unknown title
Traceback (most recent call last):
  File "C:\Users\edmun\Projects\Repositories\healthpartners-interview\src\healthpartners_interview\download.py", line 31, in fetch_datasets
    dataset = Dataset(**current_item)
              ^^^^^^^^^^^^^^^^^^^^^^^
  File "C:\Users\edmun\Projects\Repositories\healthpartners-interview\.venv\Lib\site-packages\pydantic\main.py", line 193, in __init__
    self.__pydantic_validator__.validate_python(data, self_instance=self)
pydantic_core._pydantic_core.ValidationError: 16 validation errors for Dataset
accessLevel
  Field required [type=missing, input_value={}, input_type=dict]
    For further information visit https://errors.pydantic.dev/2.8/v/missing
landingPage
  Field required [type=missing, input_value={}, input_type=dict]
    For further information visit https://errors.pydantic.dev/2.8/v/missing
bureauCode
  Field required [type=missing, input_value={}, input_type=dict]
    For further information visit https://errors.pydantic.dev/2.8/v/missing
issued
  Field required [type=missing, input_value={}, input_type=dict]
    For further information visit https://errors.pydantic.dev/2.8/v/missing
@type
  Field required [type=missing, input_value={}, input_type=dict]
    For further information visit https://errors.pydantic.dev/2.8/v/missing
modified
  Field required [type=missing, input_value={}, input_type=dict]
    For further information visit https://errors.pydantic.dev/2.8/v/missing
released
  Field required [type=missing, input_value={}, input_type=dict]
    For further information visit https://errors.pydantic.dev/2.8/v/missing
keyword
  Field required [type=missing, input_value={}, input_type=dict]
    For further information visit https://errors.pydantic.dev/2.8/v/missing
contactPoint
  Field required [type=missing, input_value={}, input_type=dict]
    For further information visit https://errors.pydantic.dev/2.8/v/missing
publisher
  Field required [type=missing, input_value={}, input_type=dict]
    For further information visit https://errors.pydantic.dev/2.8/v/missing
identifier
  Field required [type=missing, input_value={}, input_type=dict]
    For further information visit https://errors.pydantic.dev/2.8/v/missing
description
  Field required [type=missing, input_value={}, input_type=dict]
    For further information visit https://errors.pydantic.dev/2.8/v/missing
title
  Field required [type=missing, input_value={}, input_type=dict]
    For further information visit https://errors.pydantic.dev/2.8/v/missing
programCode
  Field required [type=missing, input_value={}, input_type=dict]
    For further information visit https://errors.pydantic.dev/2.8/v/missing
distribution
  Field required [type=missing, input_value={}, input_type=dict]
    For further information visit https://errors.pydantic.dev/2.8/v/missing
theme
  Field required [type=missing, input_value={}, input_type=dict]
    For further information visit https://errors.pydantic.dev/2.8/v/missing
2024-08-23 12:40:38 - ERROR - Validation error for dataset: Unknown title
Traceback (most recent call last):
  File "C:\Users\edmun\Projects\Repositories\healthpartners-interview\src\healthpartners_interview\download.py", line 31, in fetch_datasets
    dataset = Dataset(**current_item)
              ^^^^^^^^^^^^^^^^^^^^^^^
  File "C:\Users\edmun\Projects\Repositories\healthpartners-interview\.venv\Lib\site-packages\pydantic\main.py", line 193, in __init__
    self.__pydantic_validator__.validate_python(data, self_instance=self)
pydantic_core._pydantic_core.ValidationError: 16 validation errors for Dataset
accessLevel
  Field required [type=missing, input_value={}, input_type=dict]
    For further information visit https://errors.pydantic.dev/2.8/v/missing
landingPage
  Field required [type=missing, input_value={}, input_type=dict]
    For further information visit https://errors.pydantic.dev/2.8/v/missing
bureauCode
  Field required [type=missing, input_value={}, input_type=dict]
    For further information visit https://errors.pydantic.dev/2.8/v/missing
issued
  Field required [type=missing, input_value={}, input_type=dict]
    For further information visit https://errors.pydantic.dev/2.8/v/missing
@type
  Field required [type=missing, input_value={}, input_type=dict]
    For further information visit https://errors.pydantic.dev/2.8/v/missing
modified
  Field required [type=missing, input_value={}, input_type=dict]
    For further information visit https://errors.pydantic.dev/2.8/v/missing
released
  Field required [type=missing, input_value={}, input_type=dict]
    For further information visit https://errors.pydantic.dev/2.8/v/missing
keyword
  Field required [type=missing, input_value={}, input_type=dict]
    For further information visit https://errors.pydantic.dev/2.8/v/missing
contactPoint
  Field required [type=missing, input_value={}, input_type=dict]
    For further information visit https://errors.pydantic.dev/2.8/v/missing
publisher
  Field required [type=missing, input_value={}, input_type=dict]
    For further information visit https://errors.pydantic.dev/2.8/v/missing
identifier
  Field required [type=missing, input_value={}, input_type=dict]
    For further information visit https://errors.pydantic.dev/2.8/v/missing
description
  Field required [type=missing, input_value={}, input_type=dict]
    For further information visit https://errors.pydantic.dev/2.8/v/missing
title
  Field required [type=missing, input_value={}, input_type=dict]
    For further information visit https://errors.pydantic.dev/2.8/v/missing
programCode
  Field required [type=missing, input_value={}, input_type=dict]
    For further information visit https://errors.pydantic.dev/2.8/v/missing
distribution
  Field required [type=missing, input_value={}, input_type=dict]
    For further information visit https://errors.pydantic.dev/2.8/v/missing
theme
  Field required [type=missing, input_value={}, input_type=dict]
    For further information visit https://errors.pydantic.dev/2.8/v/missing
2024-08-23 12:40:38 - ERROR - Validation error for dataset: Unknown title
Traceback (most recent call last):
  File "C:\Users\edmun\Projects\Repositories\healthpartners-interview\src\healthpartners_interview\download.py", line 31, in fetch_datasets
    dataset = Dataset(**current_item)
              ^^^^^^^^^^^^^^^^^^^^^^^
  File "C:\Users\edmun\Projects\Repositories\healthpartners-interview\.venv\Lib\site-packages\pydantic\main.py", line 193, in __init__
    self.__pydantic_validator__.validate_python(data, self_instance=self)
pydantic_core._pydantic_core.ValidationError: 16 validation errors for Dataset
accessLevel
  Field required [type=missing, input_value={}, input_type=dict]
    For further information visit https://errors.pydantic.dev/2.8/v/missing
landingPage
  Field required [type=missing, input_value={}, input_type=dict]
    For further information visit https://errors.pydantic.dev/2.8/v/missing
bureauCode
  Field required [type=missing, input_value={}, input_type=dict]
    For further information visit https://errors.pydantic.dev/2.8/v/missing
issued
  Field required [type=missing, input_value={}, input_type=dict]
    For further information visit https://errors.pydantic.dev/2.8/v/missing
@type
  Field required [type=missing, input_value={}, input_type=dict]
    For further information visit https://errors.pydantic.dev/2.8/v/missing
modified
  Field required [type=missing, input_value={}, input_type=dict]
    For further information visit https://errors.pydantic.dev/2.8/v/missing
released
  Field required [type=missing, input_value={}, input_type=dict]
    For further information visit https://errors.pydantic.dev/2.8/v/missing
keyword
  Field required [type=missing, input_value={}, input_type=dict]
    For further information visit https://errors.pydantic.dev/2.8/v/missing
contactPoint
  Field required [type=missing, input_value={}, input_type=dict]
    For further information visit https://errors.pydantic.dev/2.8/v/missing
publisher
  Field required [type=missing, input_value={}, input_type=dict]
    For further information visit https://errors.pydantic.dev/2.8/v/missing
identifier
  Field required [type=missing, input_value={}, input_type=dict]
    For further information visit https://errors.pydantic.dev/2.8/v/missing
description
  Field required [type=missing, input_value={}, input_type=dict]
    For further information visit https://errors.pydantic.dev/2.8/v/missing
title
  Field required [type=missing, input_value={}, input_type=dict]
    For further information visit https://errors.pydantic.dev/2.8/v/missing
programCode
  Field required [type=missing, input_value={}, input_type=dict]
    For further information visit https://errors.pydantic.dev/2.8/v/missing
distribution
  Field required [type=missing, input_value={}, input_type=dict]
    For further information visit https://errors.pydantic.dev/2.8/v/missing
theme
  Field required [type=missing, input_value={}, input_type=dict]
    For further information visit https://errors.pydantic.dev/2.8/v/missing
2024-08-23 12:40:38 - ERROR - Validation error for dataset: Unknown title
Traceback (most recent call last):
  File "C:\Users\edmun\Projects\Repositories\healthpartners-interview\src\healthpartners_interview\download.py", line 31, in fetch_datasets
    dataset = Dataset(**current_item)
              ^^^^^^^^^^^^^^^^^^^^^^^
  File "C:\Users\edmun\Projects\Repositories\healthpartners-interview\.venv\Lib\site-packages\pydantic\main.py", line 193, in __init__
    self.__pydantic_validator__.validate_python(data, self_instance=self)
pydantic_core._pydantic_core.ValidationError: 16 validation errors for Dataset
accessLevel
  Field required [type=missing, input_value={'item': 'programCode'}, input_type=dict]
    For further information visit https://errors.pydantic.dev/2.8/v/missing
landingPage
  Field required [type=missing, input_value={'item': 'programCode'}, input_type=dict]
    For further information visit https://errors.pydantic.dev/2.8/v/missing
bureauCode
  Field required [type=missing, input_value={'item': 'programCode'}, input_type=dict]
    For further information visit https://errors.pydantic.dev/2.8/v/missing
issued
  Field required [type=missing, input_value={'item': 'programCode'}, input_type=dict]
    For further information visit https://errors.pydantic.dev/2.8/v/missing
@type
  Field required [type=missing, input_value={'item': 'programCode'}, input_type=dict]
    For further information visit https://errors.pydantic.dev/2.8/v/missing
modified
  Field required [type=missing, input_value={'item': 'programCode'}, input_type=dict]
    For further information visit https://errors.pydantic.dev/2.8/v/missing
released
  Field required [type=missing, input_value={'item': 'programCode'}, input_type=dict]
    For further information visit https://errors.pydantic.dev/2.8/v/missing
keyword
  Field required [type=missing, input_value={'item': 'programCode'}, input_type=dict]
    For further information visit https://errors.pydantic.dev/2.8/v/missing
contactPoint
  Field required [type=missing, input_value={'item': 'programCode'}, input_type=dict]
    For further information visit https://errors.pydantic.dev/2.8/v/missing
publisher
  Field required [type=missing, input_value={'item': 'programCode'}, input_type=dict]
    For further information visit https://errors.pydantic.dev/2.8/v/missing
identifier
  Field required [type=missing, input_value={'item': 'programCode'}, input_type=dict]
    For further information visit https://errors.pydantic.dev/2.8/v/missing
description
  Field required [type=missing, input_value={'item': 'programCode'}, input_type=dict]
    For further information visit https://errors.pydantic.dev/2.8/v/missing
title
  Field required [type=missing, input_value={'item': 'programCode'}, input_type=dict]
    For further information visit https://errors.pydantic.dev/2.8/v/missing
programCode
  Field required [type=missing, input_value={'item': 'programCode'}, input_type=dict]
    For further information visit https://errors.pydantic.dev/2.8/v/missing
distribution
  Field required [type=missing, input_value={'item': 'programCode'}, input_type=dict]
    For further information visit https://errors.pydantic.dev/2.8/v/missing
theme
  Field required [type=missing, input_value={'item': 'programCode'}, input_type=dict]
    For further information visit https://errors.pydantic.dev/2.8/v/missing
2024-08-23 12:40:38 - ERROR - Validation error for dataset: Unknown title
Traceback (most recent call last):
  File "C:\Users\edmun\Projects\Repositories\healthpartners-interview\src\healthpartners_interview\download.py", line 31, in fetch_datasets
    dataset = Dataset(**current_item)
              ^^^^^^^^^^^^^^^^^^^^^^^
  File "C:\Users\edmun\Projects\Repositories\healthpartners-interview\.venv\Lib\site-packages\pydantic\main.py", line 193, in __init__
    self.__pydantic_validator__.validate_python(data, self_instance=self)
pydantic_core._pydantic_core.ValidationError: 16 validation errors for Dataset
accessLevel
  Field required [type=missing, input_value={}, input_type=dict]
    For further information visit https://errors.pydantic.dev/2.8/v/missing
landingPage
  Field required [type=missing, input_value={}, input_type=dict]
    For further information visit https://errors.pydantic.dev/2.8/v/missing
bureauCode
  Field required [type=missing, input_value={}, input_type=dict]
    For further information visit https://errors.pydantic.dev/2.8/v/missing
issued
  Field required [type=missing, input_value={}, input_type=dict]
    For further information visit https://errors.pydantic.dev/2.8/v/missing
@type
  Field required [type=missing, input_value={}, input_type=dict]
    For further information visit https://errors.pydantic.dev/2.8/v/missing
modified
  Field required [type=missing, input_value={}, input_type=dict]
    For further information visit https://errors.pydantic.dev/2.8/v/missing
released
  Field required [type=missing, input_value={}, input_type=dict]
    For further information visit https://errors.pydantic.dev/2.8/v/missing
keyword
  Field required [type=missing, input_value={}, input_type=dict]
    For further information visit https://errors.pydantic.dev/2.8/v/missing
contactPoint
  Field required [type=missing, input_value={}, input_type=dict]
    For further information visit https://errors.pydantic.dev/2.8/v/missing
publisher
  Field required [type=missing, input_value={}, input_type=dict]
    For further information visit https://errors.pydantic.dev/2.8/v/missing
identifier
  Field required [type=missing, input_value={}, input_type=dict]
    For further information visit https://errors.pydantic.dev/2.8/v/missing
description
  Field required [type=missing, input_value={}, input_type=dict]
    For further information visit https://errors.pydantic.dev/2.8/v/missing
title
  Field required [type=missing, input_value={}, input_type=dict]
    For further information visit https://errors.pydantic.dev/2.8/v/missing
programCode
  Field required [type=missing, input_value={}, input_type=dict]
    For further information visit https://errors.pydantic.dev/2.8/v/missing
distribution
  Field required [type=missing, input_value={}, input_type=dict]
    For further information visit https://errors.pydantic.dev/2.8/v/missing
theme
  Field required [type=missing, input_value={}, input_type=dict]
    For further information visit https://errors.pydantic.dev/2.8/v/missing
2024-08-23 12:40:38 - ERROR - Validation error for dataset: Unknown title
Traceback (most recent call last):
  File "C:\Users\edmun\Projects\Repositories\healthpartners-interview\src\healthpartners_interview\download.py", line 31, in fetch_datasets
    dataset = Dataset(**current_item)
              ^^^^^^^^^^^^^^^^^^^^^^^
  File "C:\Users\edmun\Projects\Repositories\healthpartners-interview\.venv\Lib\site-packages\pydantic\main.py", line 193, in __init__
    self.__pydantic_validator__.validate_python(data, self_instance=self)
pydantic_core._pydantic_core.ValidationError: 16 validation errors for Dataset
accessLevel
  Field required [type=missing, input_value={}, input_type=dict]
    For further information visit https://errors.pydantic.dev/2.8/v/missing
landingPage
  Field required [type=missing, input_value={}, input_type=dict]
    For further information visit https://errors.pydantic.dev/2.8/v/missing
bureauCode
  Field required [type=missing, input_value={}, input_type=dict]
    For further information visit https://errors.pydantic.dev/2.8/v/missing
issued
  Field required [type=missing, input_value={}, input_type=dict]
    For further information visit https://errors.pydantic.dev/2.8/v/missing
@type
  Field required [type=missing, input_value={}, input_type=dict]
    For further information visit https://errors.pydantic.dev/2.8/v/missing
modified
  Field required [type=missing, input_value={}, input_type=dict]
    For further information visit https://errors.pydantic.dev/2.8/v/missing
released
  Field required [type=missing, input_value={}, input_type=dict]
    For further information visit https://errors.pydantic.dev/2.8/v/missing
keyword
  Field required [type=missing, input_value={}, input_type=dict]
    For further information visit https://errors.pydantic.dev/2.8/v/missing
contactPoint
  Field required [type=missing, input_value={}, input_type=dict]
    For further information visit https://errors.pydantic.dev/2.8/v/missing
publisher
  Field required [type=missing, input_value={}, input_type=dict]
    For further information visit https://errors.pydantic.dev/2.8/v/missing
identifier
  Field required [type=missing, input_value={}, input_type=dict]
    For further information visit https://errors.pydantic.dev/2.8/v/missing
description
  Field required [type=missing, input_value={}, input_type=dict]
    For further information visit https://errors.pydantic.dev/2.8/v/missing
title
  Field required [type=missing, input_value={}, input_type=dict]
    For further information visit https://errors.pydantic.dev/2.8/v/missing
programCode
  Field required [type=missing, input_value={}, input_type=dict]
    For further information visit https://errors.pydantic.dev/2.8/v/missing
distribution
  Field required [type=missing, input_value={}, input_type=dict]
    For further information visit https://errors.pydantic.dev/2.8/v/missing
theme
  Field required [type=missing, input_value={}, input_type=dict]
    For further information visit https://errors.pydantic.dev/2.8/v/missing
2024-08-23 12:40:38 - ERROR - Validation error for dataset: Unknown title
Traceback (most recent call last):
  File "C:\Users\edmun\Projects\Repositories\healthpartners-interview\src\healthpartners_interview\download.py", line 31, in fetch_datasets
    dataset = Dataset(**current_item)
              ^^^^^^^^^^^^^^^^^^^^^^^
  File "C:\Users\edmun\Projects\Repositories\healthpartners-interview\.venv\Lib\site-packages\pydantic\main.py", line 193, in __init__
    self.__pydantic_validator__.validate_python(data, self_instance=self)
pydantic_core._pydantic_core.ValidationError: 16 validation errors for Dataset
accessLevel
  Field required [type=missing, input_value={}, input_type=dict]
    For further information visit https://errors.pydantic.dev/2.8/v/missing
landingPage
  Field required [type=missing, input_value={}, input_type=dict]
    For further information visit https://errors.pydantic.dev/2.8/v/missing
bureauCode
  Field required [type=missing, input_value={}, input_type=dict]
    For further information visit https://errors.pydantic.dev/2.8/v/missing
issued
  Field required [type=missing, input_value={}, input_type=dict]
    For further information visit https://errors.pydantic.dev/2.8/v/missing
@type
  Field required [type=missing, input_value={}, input_type=dict]
    For further information visit https://errors.pydantic.dev/2.8/v/missing
modified
  Field required [type=missing, input_value={}, input_type=dict]
    For further information visit https://errors.pydantic.dev/2.8/v/missing
released
  Field required [type=missing, input_value={}, input_type=dict]
    For further information visit https://errors.pydantic.dev/2.8/v/missing
keyword
  Field required [type=missing, input_value={}, input_type=dict]
    For further information visit https://errors.pydantic.dev/2.8/v/missing
contactPoint
  Field required [type=missing, input_value={}, input_type=dict]
    For further information visit https://errors.pydantic.dev/2.8/v/missing
publisher
  Field required [type=missing, input_value={}, input_type=dict]
    For further information visit https://errors.pydantic.dev/2.8/v/missing
identifier
  Field required [type=missing, input_value={}, input_type=dict]
    For further information visit https://errors.pydantic.dev/2.8/v/missing
description
  Field required [type=missing, input_value={}, input_type=dict]
    For further information visit https://errors.pydantic.dev/2.8/v/missing
title
  Field required [type=missing, input_value={}, input_type=dict]
    For further information visit https://errors.pydantic.dev/2.8/v/missing
programCode
  Field required [type=missing, input_value={}, input_type=dict]
    For further information visit https://errors.pydantic.dev/2.8/v/missing
distribution
  Field required [type=missing, input_value={}, input_type=dict]
    For further information visit https://errors.pydantic.dev/2.8/v/missing
theme
  Field required [type=missing, input_value={}, input_type=dict]
    For further information visit https://errors.pydantic.dev/2.8/v/missing
2024-08-23 12:40:38 - ERROR - Validation error for dataset: Unknown title
Traceback (most recent call last):
  File "C:\Users\edmun\Projects\Repositories\healthpartners-interview\src\healthpartners_interview\download.py", line 31, in fetch_datasets
    dataset = Dataset(**current_item)
              ^^^^^^^^^^^^^^^^^^^^^^^
  File "C:\Users\edmun\Projects\Repositories\healthpartners-interview\.venv\Lib\site-packages\pydantic\main.py", line 193, in __init__
    self.__pydantic_validator__.validate_python(data, self_instance=self)
pydantic_core._pydantic_core.ValidationError: 16 validation errors for Dataset
accessLevel
  Field required [type=missing, input_value={'item': 'programCode'}, input_type=dict]
    For further information visit https://errors.pydantic.dev/2.8/v/missing
landingPage
  Field required [type=missing, input_value={'item': 'programCode'}, input_type=dict]
    For further information visit https://errors.pydantic.dev/2.8/v/missing
bureauCode
  Field required [type=missing, input_value={'item': 'programCode'}, input_type=dict]
    For further information visit https://errors.pydantic.dev/2.8/v/missing
issued
  Field required [type=missing, input_value={'item': 'programCode'}, input_type=dict]
    For further information visit https://errors.pydantic.dev/2.8/v/missing
@type
  Field required [type=missing, input_value={'item': 'programCode'}, input_type=dict]
    For further information visit https://errors.pydantic.dev/2.8/v/missing
modified
  Field required [type=missing, input_value={'item': 'programCode'}, input_type=dict]
    For further information visit https://errors.pydantic.dev/2.8/v/missing
released
  Field required [type=missing, input_value={'item': 'programCode'}, input_type=dict]
    For further information visit https://errors.pydantic.dev/2.8/v/missing
keyword
  Field required [type=missing, input_value={'item': 'programCode'}, input_type=dict]
    For further information visit https://errors.pydantic.dev/2.8/v/missing
contactPoint
  Field required [type=missing, input_value={'item': 'programCode'}, input_type=dict]
    For further information visit https://errors.pydantic.dev/2.8/v/missing
publisher
  Field required [type=missing, input_value={'item': 'programCode'}, input_type=dict]
    For further information visit https://errors.pydantic.dev/2.8/v/missing
identifier
  Field required [type=missing, input_value={'item': 'programCode'}, input_type=dict]
    For further information visit https://errors.pydantic.dev/2.8/v/missing
description
  Field required [type=missing, input_value={'item': 'programCode'}, input_type=dict]
    For further information visit https://errors.pydantic.dev/2.8/v/missing
title
  Field required [type=missing, input_value={'item': 'programCode'}, input_type=dict]
    For further information visit https://errors.pydantic.dev/2.8/v/missing
programCode
  Field required [type=missing, input_value={'item': 'programCode'}, input_type=dict]
    For further information visit https://errors.pydantic.dev/2.8/v/missing
distribution
  Field required [type=missing, input_value={'item': 'programCode'}, input_type=dict]
    For further information visit https://errors.pydantic.dev/2.8/v/missing
theme
  Field required [type=missing, input_value={'item': 'programCode'}, input_type=dict]
    For further information visit https://errors.pydantic.dev/2.8/v/missing
2024-08-23 12:40:38 - ERROR - Validation error for dataset: Unknown title
Traceback (most recent call last):
  File "C:\Users\edmun\Projects\Repositories\healthpartners-interview\src\healthpartners_interview\download.py", line 31, in fetch_datasets
    dataset = Dataset(**current_item)
              ^^^^^^^^^^^^^^^^^^^^^^^
  File "C:\Users\edmun\Projects\Repositories\healthpartners-interview\.venv\Lib\site-packages\pydantic\main.py", line 193, in __init__
    self.__pydantic_validator__.validate_python(data, self_instance=self)
pydantic_core._pydantic_core.ValidationError: 16 validation errors for Dataset
accessLevel
  Field required [type=missing, input_value={}, input_type=dict]
    For further information visit https://errors.pydantic.dev/2.8/v/missing
landingPage
  Field required [type=missing, input_value={}, input_type=dict]
    For further information visit https://errors.pydantic.dev/2.8/v/missing
bureauCode
  Field required [type=missing, input_value={}, input_type=dict]
    For further information visit https://errors.pydantic.dev/2.8/v/missing
issued
  Field required [type=missing, input_value={}, input_type=dict]
    For further information visit https://errors.pydantic.dev/2.8/v/missing
@type
  Field required [type=missing, input_value={}, input_type=dict]
    For further information visit https://errors.pydantic.dev/2.8/v/missing
modified
  Field required [type=missing, input_value={}, input_type=dict]
    For further information visit https://errors.pydantic.dev/2.8/v/missing
released
  Field required [type=missing, input_value={}, input_type=dict]
    For further information visit https://errors.pydantic.dev/2.8/v/missing
keyword
  Field required [type=missing, input_value={}, input_type=dict]
    For further information visit https://errors.pydantic.dev/2.8/v/missing
contactPoint
  Field required [type=missing, input_value={}, input_type=dict]
    For further information visit https://errors.pydantic.dev/2.8/v/missing
publisher
  Field required [type=missing, input_value={}, input_type=dict]
    For further information visit https://errors.pydantic.dev/2.8/v/missing
identifier
  Field required [type=missing, input_value={}, input_type=dict]
    For further information visit https://errors.pydantic.dev/2.8/v/missing
description
  Field required [type=missing, input_value={}, input_type=dict]
    For further information visit https://errors.pydantic.dev/2.8/v/missing
title
  Field required [type=missing, input_value={}, input_type=dict]
    For further information visit https://errors.pydantic.dev/2.8/v/missing
programCode
  Field required [type=missing, input_value={}, input_type=dict]
    For further information visit https://errors.pydantic.dev/2.8/v/missing
distribution
  Field required [type=missing, input_value={}, input_type=dict]
    For further information visit https://errors.pydantic.dev/2.8/v/missing
theme
  Field required [type=missing, input_value={}, input_type=dict]
    For further information visit https://errors.pydantic.dev/2.8/v/missing
2024-08-23 12:40:38 - ERROR - Validation error for dataset: Unknown title
Traceback (most recent call last):
  File "C:\Users\edmun\Projects\Repositories\healthpartners-interview\src\healthpartners_interview\download.py", line 31, in fetch_datasets
    dataset = Dataset(**current_item)
              ^^^^^^^^^^^^^^^^^^^^^^^
  File "C:\Users\edmun\Projects\Repositories\healthpartners-interview\.venv\Lib\site-packages\pydantic\main.py", line 193, in __init__
    self.__pydantic_validator__.validate_python(data, self_instance=self)
pydantic_core._pydantic_core.ValidationError: 16 validation errors for Dataset
accessLevel
  Field required [type=missing, input_value={}, input_type=dict]
    For further information visit https://errors.pydantic.dev/2.8/v/missing
landingPage
  Field required [type=missing, input_value={}, input_type=dict]
    For further information visit https://errors.pydantic.dev/2.8/v/missing
bureauCode
  Field required [type=missing, input_value={}, input_type=dict]
    For further information visit https://errors.pydantic.dev/2.8/v/missing
issued
  Field required [type=missing, input_value={}, input_type=dict]
    For further information visit https://errors.pydantic.dev/2.8/v/missing
@type
  Field required [type=missing, input_value={}, input_type=dict]
    For further information visit https://errors.pydantic.dev/2.8/v/missing
modified
  Field required [type=missing, input_value={}, input_type=dict]
    For further information visit https://errors.pydantic.dev/2.8/v/missing
released
  Field required [type=missing, input_value={}, input_type=dict]
    For further information visit https://errors.pydantic.dev/2.8/v/missing
keyword
  Field required [type=missing, input_value={}, input_type=dict]
    For further information visit https://errors.pydantic.dev/2.8/v/missing
contactPoint
  Field required [type=missing, input_value={}, input_type=dict]
    For further information visit https://errors.pydantic.dev/2.8/v/missing
publisher
  Field required [type=missing, input_value={}, input_type=dict]
    For further information visit https://errors.pydantic.dev/2.8/v/missing
identifier
  Field required [type=missing, input_value={}, input_type=dict]
    For further information visit https://errors.pydantic.dev/2.8/v/missing
description
  Field required [type=missing, input_value={}, input_type=dict]
    For further information visit https://errors.pydantic.dev/2.8/v/missing
title
  Field required [type=missing, input_value={}, input_type=dict]
    For further information visit https://errors.pydantic.dev/2.8/v/missing
programCode
  Field required [type=missing, input_value={}, input_type=dict]
    For further information visit https://errors.pydantic.dev/2.8/v/missing
distribution
  Field required [type=missing, input_value={}, input_type=dict]
    For further information visit https://errors.pydantic.dev/2.8/v/missing
theme
  Field required [type=missing, input_value={}, input_type=dict]
    For further information visit https://errors.pydantic.dev/2.8/v/missing
2024-08-23 12:40:38 - ERROR - Validation error for dataset: Unknown title
Traceback (most recent call last):
  File "C:\Users\edmun\Projects\Repositories\healthpartners-interview\src\healthpartners_interview\download.py", line 31, in fetch_datasets
    dataset = Dataset(**current_item)
              ^^^^^^^^^^^^^^^^^^^^^^^
  File "C:\Users\edmun\Projects\Repositories\healthpartners-interview\.venv\Lib\site-packages\pydantic\main.py", line 193, in __init__
    self.__pydantic_validator__.validate_python(data, self_instance=self)
pydantic_core._pydantic_core.ValidationError: 16 validation errors for Dataset
accessLevel
  Field required [type=missing, input_value={}, input_type=dict]
    For further information visit https://errors.pydantic.dev/2.8/v/missing
landingPage
  Field required [type=missing, input_value={}, input_type=dict]
    For further information visit https://errors.pydantic.dev/2.8/v/missing
bureauCode
  Field required [type=missing, input_value={}, input_type=dict]
    For further information visit https://errors.pydantic.dev/2.8/v/missing
issued
  Field required [type=missing, input_value={}, input_type=dict]
    For further information visit https://errors.pydantic.dev/2.8/v/missing
@type
  Field required [type=missing, input_value={}, input_type=dict]
    For further information visit https://errors.pydantic.dev/2.8/v/missing
modified
  Field required [type=missing, input_value={}, input_type=dict]
    For further information visit https://errors.pydantic.dev/2.8/v/missing
released
  Field required [type=missing, input_value={}, input_type=dict]
    For further information visit https://errors.pydantic.dev/2.8/v/missing
keyword
  Field required [type=missing, input_value={}, input_type=dict]
    For further information visit https://errors.pydantic.dev/2.8/v/missing
contactPoint
  Field required [type=missing, input_value={}, input_type=dict]
    For further information visit https://errors.pydantic.dev/2.8/v/missing
publisher
  Field required [type=missing, input_value={}, input_type=dict]
    For further information visit https://errors.pydantic.dev/2.8/v/missing
identifier
  Field required [type=missing, input_value={}, input_type=dict]
    For further information visit https://errors.pydantic.dev/2.8/v/missing
description
  Field required [type=missing, input_value={}, input_type=dict]
    For further information visit https://errors.pydantic.dev/2.8/v/missing
title
  Field required [type=missing, input_value={}, input_type=dict]
    For further information visit https://errors.pydantic.dev/2.8/v/missing
programCode
  Field required [type=missing, input_value={}, input_type=dict]
    For further information visit https://errors.pydantic.dev/2.8/v/missing
distribution
  Field required [type=missing, input_value={}, input_type=dict]
    For further information visit https://errors.pydantic.dev/2.8/v/missing
theme
  Field required [type=missing, input_value={}, input_type=dict]
    For further information visit https://errors.pydantic.dev/2.8/v/missing
2024-08-23 12:40:38 - ERROR - Validation error for dataset: Unknown title
Traceback (most recent call last):
  File "C:\Users\edmun\Projects\Repositories\healthpartners-interview\src\healthpartners_interview\download.py", line 31, in fetch_datasets
    dataset = Dataset(**current_item)
              ^^^^^^^^^^^^^^^^^^^^^^^
  File "C:\Users\edmun\Projects\Repositories\healthpartners-interview\.venv\Lib\site-packages\pydantic\main.py", line 193, in __init__
    self.__pydantic_validator__.validate_python(data, self_instance=self)
pydantic_core._pydantic_core.ValidationError: 16 validation errors for Dataset
accessLevel
  Field required [type=missing, input_value={'item': 'programCode'}, input_type=dict]
    For further information visit https://errors.pydantic.dev/2.8/v/missing
landingPage
  Field required [type=missing, input_value={'item': 'programCode'}, input_type=dict]
    For further information visit https://errors.pydantic.dev/2.8/v/missing
bureauCode
  Field required [type=missing, input_value={'item': 'programCode'}, input_type=dict]
    For further information visit https://errors.pydantic.dev/2.8/v/missing
issued
  Field required [type=missing, input_value={'item': 'programCode'}, input_type=dict]
    For further information visit https://errors.pydantic.dev/2.8/v/missing
@type
  Field required [type=missing, input_value={'item': 'programCode'}, input_type=dict]
    For further information visit https://errors.pydantic.dev/2.8/v/missing
modified
  Field required [type=missing, input_value={'item': 'programCode'}, input_type=dict]
    For further information visit https://errors.pydantic.dev/2.8/v/missing
released
  Field required [type=missing, input_value={'item': 'programCode'}, input_type=dict]
    For further information visit https://errors.pydantic.dev/2.8/v/missing
keyword
  Field required [type=missing, input_value={'item': 'programCode'}, input_type=dict]
    For further information visit https://errors.pydantic.dev/2.8/v/missing
contactPoint
  Field required [type=missing, input_value={'item': 'programCode'}, input_type=dict]
    For further information visit https://errors.pydantic.dev/2.8/v/missing
publisher
  Field required [type=missing, input_value={'item': 'programCode'}, input_type=dict]
    For further information visit https://errors.pydantic.dev/2.8/v/missing
identifier
  Field required [type=missing, input_value={'item': 'programCode'}, input_type=dict]
    For further information visit https://errors.pydantic.dev/2.8/v/missing
description
  Field required [type=missing, input_value={'item': 'programCode'}, input_type=dict]
    For further information visit https://errors.pydantic.dev/2.8/v/missing
title
  Field required [type=missing, input_value={'item': 'programCode'}, input_type=dict]
    For further information visit https://errors.pydantic.dev/2.8/v/missing
programCode
  Field required [type=missing, input_value={'item': 'programCode'}, input_type=dict]
    For further information visit https://errors.pydantic.dev/2.8/v/missing
distribution
  Field required [type=missing, input_value={'item': 'programCode'}, input_type=dict]
    For further information visit https://errors.pydantic.dev/2.8/v/missing
theme
  Field required [type=missing, input_value={'item': 'programCode'}, input_type=dict]
    For further information visit https://errors.pydantic.dev/2.8/v/missing
2024-08-23 12:40:38 - ERROR - Validation error for dataset: Unknown title
Traceback (most recent call last):
  File "C:\Users\edmun\Projects\Repositories\healthpartners-interview\src\healthpartners_interview\download.py", line 31, in fetch_datasets
    dataset = Dataset(**current_item)
              ^^^^^^^^^^^^^^^^^^^^^^^
  File "C:\Users\edmun\Projects\Repositories\healthpartners-interview\.venv\Lib\site-packages\pydantic\main.py", line 193, in __init__
    self.__pydantic_validator__.validate_python(data, self_instance=self)
pydantic_core._pydantic_core.ValidationError: 16 validation errors for Dataset
accessLevel
  Field required [type=missing, input_value={}, input_type=dict]
    For further information visit https://errors.pydantic.dev/2.8/v/missing
landingPage
  Field required [type=missing, input_value={}, input_type=dict]
    For further information visit https://errors.pydantic.dev/2.8/v/missing
bureauCode
  Field required [type=missing, input_value={}, input_type=dict]
    For further information visit https://errors.pydantic.dev/2.8/v/missing
issued
  Field required [type=missing, input_value={}, input_type=dict]
    For further information visit https://errors.pydantic.dev/2.8/v/missing
@type
  Field required [type=missing, input_value={}, input_type=dict]
    For further information visit https://errors.pydantic.dev/2.8/v/missing
modified
  Field required [type=missing, input_value={}, input_type=dict]
    For further information visit https://errors.pydantic.dev/2.8/v/missing
released
  Field required [type=missing, input_value={}, input_type=dict]
    For further information visit https://errors.pydantic.dev/2.8/v/missing
keyword
  Field required [type=missing, input_value={}, input_type=dict]
    For further information visit https://errors.pydantic.dev/2.8/v/missing
contactPoint
  Field required [type=missing, input_value={}, input_type=dict]
    For further information visit https://errors.pydantic.dev/2.8/v/missing
publisher
  Field required [type=missing, input_value={}, input_type=dict]
    For further information visit https://errors.pydantic.dev/2.8/v/missing
identifier
  Field required [type=missing, input_value={}, input_type=dict]
    For further information visit https://errors.pydantic.dev/2.8/v/missing
description
  Field required [type=missing, input_value={}, input_type=dict]
    For further information visit https://errors.pydantic.dev/2.8/v/missing
title
  Field required [type=missing, input_value={}, input_type=dict]
    For further information visit https://errors.pydantic.dev/2.8/v/missing
programCode
  Field required [type=missing, input_value={}, input_type=dict]
    For further information visit https://errors.pydantic.dev/2.8/v/missing
distribution
  Field required [type=missing, input_value={}, input_type=dict]
    For further information visit https://errors.pydantic.dev/2.8/v/missing
theme
  Field required [type=missing, input_value={}, input_type=dict]
    For further information visit https://errors.pydantic.dev/2.8/v/missing
2024-08-23 12:40:38 - ERROR - Validation error for dataset: Unknown title
Traceback (most recent call last):
  File "C:\Users\edmun\Projects\Repositories\healthpartners-interview\src\healthpartners_interview\download.py", line 31, in fetch_datasets
    dataset = Dataset(**current_item)
              ^^^^^^^^^^^^^^^^^^^^^^^
  File "C:\Users\edmun\Projects\Repositories\healthpartners-interview\.venv\Lib\site-packages\pydantic\main.py", line 193, in __init__
    self.__pydantic_validator__.validate_python(data, self_instance=self)
pydantic_core._pydantic_core.ValidationError: 16 validation errors for Dataset
accessLevel
  Field required [type=missing, input_value={}, input_type=dict]
    For further information visit https://errors.pydantic.dev/2.8/v/missing
landingPage
  Field required [type=missing, input_value={}, input_type=dict]
    For further information visit https://errors.pydantic.dev/2.8/v/missing
bureauCode
  Field required [type=missing, input_value={}, input_type=dict]
    For further information visit https://errors.pydantic.dev/2.8/v/missing
issued
  Field required [type=missing, input_value={}, input_type=dict]
    For further information visit https://errors.pydantic.dev/2.8/v/missing
@type
  Field required [type=missing, input_value={}, input_type=dict]
    For further information visit https://errors.pydantic.dev/2.8/v/missing
modified
  Field required [type=missing, input_value={}, input_type=dict]
    For further information visit https://errors.pydantic.dev/2.8/v/missing
released
  Field required [type=missing, input_value={}, input_type=dict]
    For further information visit https://errors.pydantic.dev/2.8/v/missing
keyword
  Field required [type=missing, input_value={}, input_type=dict]
    For further information visit https://errors.pydantic.dev/2.8/v/missing
contactPoint
  Field required [type=missing, input_value={}, input_type=dict]
    For further information visit https://errors.pydantic.dev/2.8/v/missing
publisher
  Field required [type=missing, input_value={}, input_type=dict]
    For further information visit https://errors.pydantic.dev/2.8/v/missing
identifier
  Field required [type=missing, input_value={}, input_type=dict]
    For further information visit https://errors.pydantic.dev/2.8/v/missing
description
  Field required [type=missing, input_value={}, input_type=dict]
    For further information visit https://errors.pydantic.dev/2.8/v/missing
title
  Field required [type=missing, input_value={}, input_type=dict]
    For further information visit https://errors.pydantic.dev/2.8/v/missing
programCode
  Field required [type=missing, input_value={}, input_type=dict]
    For further information visit https://errors.pydantic.dev/2.8/v/missing
distribution
  Field required [type=missing, input_value={}, input_type=dict]
    For further information visit https://errors.pydantic.dev/2.8/v/missing
theme
  Field required [type=missing, input_value={}, input_type=dict]
    For further information visit https://errors.pydantic.dev/2.8/v/missing
2024-08-23 12:40:38 - ERROR - Validation error for dataset: Unknown title
Traceback (most recent call last):
  File "C:\Users\edmun\Projects\Repositories\healthpartners-interview\src\healthpartners_interview\download.py", line 31, in fetch_datasets
    dataset = Dataset(**current_item)
              ^^^^^^^^^^^^^^^^^^^^^^^
  File "C:\Users\edmun\Projects\Repositories\healthpartners-interview\.venv\Lib\site-packages\pydantic\main.py", line 193, in __init__
    self.__pydantic_validator__.validate_python(data, self_instance=self)
pydantic_core._pydantic_core.ValidationError: 16 validation errors for Dataset
accessLevel
  Field required [type=missing, input_value={}, input_type=dict]
    For further information visit https://errors.pydantic.dev/2.8/v/missing
landingPage
  Field required [type=missing, input_value={}, input_type=dict]
    For further information visit https://errors.pydantic.dev/2.8/v/missing
bureauCode
  Field required [type=missing, input_value={}, input_type=dict]
    For further information visit https://errors.pydantic.dev/2.8/v/missing
issued
  Field required [type=missing, input_value={}, input_type=dict]
    For further information visit https://errors.pydantic.dev/2.8/v/missing
@type
  Field required [type=missing, input_value={}, input_type=dict]
    For further information visit https://errors.pydantic.dev/2.8/v/missing
modified
  Field required [type=missing, input_value={}, input_type=dict]
    For further information visit https://errors.pydantic.dev/2.8/v/missing
released
  Field required [type=missing, input_value={}, input_type=dict]
    For further information visit https://errors.pydantic.dev/2.8/v/missing
keyword
  Field required [type=missing, input_value={}, input_type=dict]
    For further information visit https://errors.pydantic.dev/2.8/v/missing
contactPoint
  Field required [type=missing, input_value={}, input_type=dict]
    For further information visit https://errors.pydantic.dev/2.8/v/missing
publisher
  Field required [type=missing, input_value={}, input_type=dict]
    For further information visit https://errors.pydantic.dev/2.8/v/missing
identifier
  Field required [type=missing, input_value={}, input_type=dict]
    For further information visit https://errors.pydantic.dev/2.8/v/missing
description
  Field required [type=missing, input_value={}, input_type=dict]
    For further information visit https://errors.pydantic.dev/2.8/v/missing
title
  Field required [type=missing, input_value={}, input_type=dict]
    For further information visit https://errors.pydantic.dev/2.8/v/missing
programCode
  Field required [type=missing, input_value={}, input_type=dict]
    For further information visit https://errors.pydantic.dev/2.8/v/missing
distribution
  Field required [type=missing, input_value={}, input_type=dict]
    For further information visit https://errors.pydantic.dev/2.8/v/missing
theme
  Field required [type=missing, input_value={}, input_type=dict]
    For further information visit https://errors.pydantic.dev/2.8/v/missing
2024-08-23 12:40:38 - ERROR - Validation error for dataset: Unknown title
Traceback (most recent call last):
  File "C:\Users\edmun\Projects\Repositories\healthpartners-interview\src\healthpartners_interview\download.py", line 31, in fetch_datasets
    dataset = Dataset(**current_item)
              ^^^^^^^^^^^^^^^^^^^^^^^
  File "C:\Users\edmun\Projects\Repositories\healthpartners-interview\.venv\Lib\site-packages\pydantic\main.py", line 193, in __init__
    self.__pydantic_validator__.validate_python(data, self_instance=self)
pydantic_core._pydantic_core.ValidationError: 16 validation errors for Dataset
accessLevel
  Field required [type=missing, input_value={'item': 'programCode'}, input_type=dict]
    For further information visit https://errors.pydantic.dev/2.8/v/missing
landingPage
  Field required [type=missing, input_value={'item': 'programCode'}, input_type=dict]
    For further information visit https://errors.pydantic.dev/2.8/v/missing
bureauCode
  Field required [type=missing, input_value={'item': 'programCode'}, input_type=dict]
    For further information visit https://errors.pydantic.dev/2.8/v/missing
issued
  Field required [type=missing, input_value={'item': 'programCode'}, input_type=dict]
    For further information visit https://errors.pydantic.dev/2.8/v/missing
@type
  Field required [type=missing, input_value={'item': 'programCode'}, input_type=dict]
    For further information visit https://errors.pydantic.dev/2.8/v/missing
modified
  Field required [type=missing, input_value={'item': 'programCode'}, input_type=dict]
    For further information visit https://errors.pydantic.dev/2.8/v/missing
released
  Field required [type=missing, input_value={'item': 'programCode'}, input_type=dict]
    For further information visit https://errors.pydantic.dev/2.8/v/missing
keyword
  Field required [type=missing, input_value={'item': 'programCode'}, input_type=dict]
    For further information visit https://errors.pydantic.dev/2.8/v/missing
contactPoint
  Field required [type=missing, input_value={'item': 'programCode'}, input_type=dict]
    For further information visit https://errors.pydantic.dev/2.8/v/missing
publisher
  Field required [type=missing, input_value={'item': 'programCode'}, input_type=dict]
    For further information visit https://errors.pydantic.dev/2.8/v/missing
identifier
  Field required [type=missing, input_value={'item': 'programCode'}, input_type=dict]
    For further information visit https://errors.pydantic.dev/2.8/v/missing
description
  Field required [type=missing, input_value={'item': 'programCode'}, input_type=dict]
    For further information visit https://errors.pydantic.dev/2.8/v/missing
title
  Field required [type=missing, input_value={'item': 'programCode'}, input_type=dict]
    For further information visit https://errors.pydantic.dev/2.8/v/missing
programCode
  Field required [type=missing, input_value={'item': 'programCode'}, input_type=dict]
    For further information visit https://errors.pydantic.dev/2.8/v/missing
distribution
  Field required [type=missing, input_value={'item': 'programCode'}, input_type=dict]
    For further information visit https://errors.pydantic.dev/2.8/v/missing
theme
  Field required [type=missing, input_value={'item': 'programCode'}, input_type=dict]
    For further information visit https://errors.pydantic.dev/2.8/v/missing
2024-08-23 12:40:38 - ERROR - Validation error for dataset: Unknown title
Traceback (most recent call last):
  File "C:\Users\edmun\Projects\Repositories\healthpartners-interview\src\healthpartners_interview\download.py", line 31, in fetch_datasets
    dataset = Dataset(**current_item)
              ^^^^^^^^^^^^^^^^^^^^^^^
  File "C:\Users\edmun\Projects\Repositories\healthpartners-interview\.venv\Lib\site-packages\pydantic\main.py", line 193, in __init__
    self.__pydantic_validator__.validate_python(data, self_instance=self)
pydantic_core._pydantic_core.ValidationError: 16 validation errors for Dataset
accessLevel
  Field required [type=missing, input_value={}, input_type=dict]
    For further information visit https://errors.pydantic.dev/2.8/v/missing
landingPage
  Field required [type=missing, input_value={}, input_type=dict]
    For further information visit https://errors.pydantic.dev/2.8/v/missing
bureauCode
  Field required [type=missing, input_value={}, input_type=dict]
    For further information visit https://errors.pydantic.dev/2.8/v/missing
issued
  Field required [type=missing, input_value={}, input_type=dict]
    For further information visit https://errors.pydantic.dev/2.8/v/missing
@type
  Field required [type=missing, input_value={}, input_type=dict]
    For further information visit https://errors.pydantic.dev/2.8/v/missing
modified
  Field required [type=missing, input_value={}, input_type=dict]
    For further information visit https://errors.pydantic.dev/2.8/v/missing
released
  Field required [type=missing, input_value={}, input_type=dict]
    For further information visit https://errors.pydantic.dev/2.8/v/missing
keyword
  Field required [type=missing, input_value={}, input_type=dict]
    For further information visit https://errors.pydantic.dev/2.8/v/missing
contactPoint
  Field required [type=missing, input_value={}, input_type=dict]
    For further information visit https://errors.pydantic.dev/2.8/v/missing
publisher
  Field required [type=missing, input_value={}, input_type=dict]
    For further information visit https://errors.pydantic.dev/2.8/v/missing
identifier
  Field required [type=missing, input_value={}, input_type=dict]
    For further information visit https://errors.pydantic.dev/2.8/v/missing
description
  Field required [type=missing, input_value={}, input_type=dict]
    For further information visit https://errors.pydantic.dev/2.8/v/missing
title
  Field required [type=missing, input_value={}, input_type=dict]
    For further information visit https://errors.pydantic.dev/2.8/v/missing
programCode
  Field required [type=missing, input_value={}, input_type=dict]
    For further information visit https://errors.pydantic.dev/2.8/v/missing
distribution
  Field required [type=missing, input_value={}, input_type=dict]
    For further information visit https://errors.pydantic.dev/2.8/v/missing
theme
  Field required [type=missing, input_value={}, input_type=dict]
    For further information visit https://errors.pydantic.dev/2.8/v/missing
2024-08-23 12:40:38 - ERROR - Validation error for dataset: Unknown title
Traceback (most recent call last):
  File "C:\Users\edmun\Projects\Repositories\healthpartners-interview\src\healthpartners_interview\download.py", line 31, in fetch_datasets
    dataset = Dataset(**current_item)
              ^^^^^^^^^^^^^^^^^^^^^^^
  File "C:\Users\edmun\Projects\Repositories\healthpartners-interview\.venv\Lib\site-packages\pydantic\main.py", line 193, in __init__
    self.__pydantic_validator__.validate_python(data, self_instance=self)
pydantic_core._pydantic_core.ValidationError: 16 validation errors for Dataset
accessLevel
  Field required [type=missing, input_value={}, input_type=dict]
    For further information visit https://errors.pydantic.dev/2.8/v/missing
landingPage
  Field required [type=missing, input_value={}, input_type=dict]
    For further information visit https://errors.pydantic.dev/2.8/v/missing
bureauCode
  Field required [type=missing, input_value={}, input_type=dict]
    For further information visit https://errors.pydantic.dev/2.8/v/missing
issued
  Field required [type=missing, input_value={}, input_type=dict]
    For further information visit https://errors.pydantic.dev/2.8/v/missing
@type
  Field required [type=missing, input_value={}, input_type=dict]
    For further information visit https://errors.pydantic.dev/2.8/v/missing
modified
  Field required [type=missing, input_value={}, input_type=dict]
    For further information visit https://errors.pydantic.dev/2.8/v/missing
released
  Field required [type=missing, input_value={}, input_type=dict]
    For further information visit https://errors.pydantic.dev/2.8/v/missing
keyword
  Field required [type=missing, input_value={}, input_type=dict]
    For further information visit https://errors.pydantic.dev/2.8/v/missing
contactPoint
  Field required [type=missing, input_value={}, input_type=dict]
    For further information visit https://errors.pydantic.dev/2.8/v/missing
publisher
  Field required [type=missing, input_value={}, input_type=dict]
    For further information visit https://errors.pydantic.dev/2.8/v/missing
identifier
  Field required [type=missing, input_value={}, input_type=dict]
    For further information visit https://errors.pydantic.dev/2.8/v/missing
description
  Field required [type=missing, input_value={}, input_type=dict]
    For further information visit https://errors.pydantic.dev/2.8/v/missing
title
  Field required [type=missing, input_value={}, input_type=dict]
    For further information visit https://errors.pydantic.dev/2.8/v/missing
programCode
  Field required [type=missing, input_value={}, input_type=dict]
    For further information visit https://errors.pydantic.dev/2.8/v/missing
distribution
  Field required [type=missing, input_value={}, input_type=dict]
    For further information visit https://errors.pydantic.dev/2.8/v/missing
theme
  Field required [type=missing, input_value={}, input_type=dict]
    For further information visit https://errors.pydantic.dev/2.8/v/missing
2024-08-23 12:40:38 - ERROR - Validation error for dataset: Unknown title
Traceback (most recent call last):
  File "C:\Users\edmun\Projects\Repositories\healthpartners-interview\src\healthpartners_interview\download.py", line 31, in fetch_datasets
    dataset = Dataset(**current_item)
              ^^^^^^^^^^^^^^^^^^^^^^^
  File "C:\Users\edmun\Projects\Repositories\healthpartners-interview\.venv\Lib\site-packages\pydantic\main.py", line 193, in __init__
    self.__pydantic_validator__.validate_python(data, self_instance=self)
pydantic_core._pydantic_core.ValidationError: 16 validation errors for Dataset
accessLevel
  Field required [type=missing, input_value={}, input_type=dict]
    For further information visit https://errors.pydantic.dev/2.8/v/missing
landingPage
  Field required [type=missing, input_value={}, input_type=dict]
    For further information visit https://errors.pydantic.dev/2.8/v/missing
bureauCode
  Field required [type=missing, input_value={}, input_type=dict]
    For further information visit https://errors.pydantic.dev/2.8/v/missing
issued
  Field required [type=missing, input_value={}, input_type=dict]
    For further information visit https://errors.pydantic.dev/2.8/v/missing
@type
  Field required [type=missing, input_value={}, input_type=dict]
    For further information visit https://errors.pydantic.dev/2.8/v/missing
modified
  Field required [type=missing, input_value={}, input_type=dict]
    For further information visit https://errors.pydantic.dev/2.8/v/missing
released
  Field required [type=missing, input_value={}, input_type=dict]
    For further information visit https://errors.pydantic.dev/2.8/v/missing
keyword
  Field required [type=missing, input_value={}, input_type=dict]
    For further information visit https://errors.pydantic.dev/2.8/v/missing
contactPoint
  Field required [type=missing, input_value={}, input_type=dict]
    For further information visit https://errors.pydantic.dev/2.8/v/missing
publisher
  Field required [type=missing, input_value={}, input_type=dict]
    For further information visit https://errors.pydantic.dev/2.8/v/missing
identifier
  Field required [type=missing, input_value={}, input_type=dict]
    For further information visit https://errors.pydantic.dev/2.8/v/missing
description
  Field required [type=missing, input_value={}, input_type=dict]
    For further information visit https://errors.pydantic.dev/2.8/v/missing
title
  Field required [type=missing, input_value={}, input_type=dict]
    For further information visit https://errors.pydantic.dev/2.8/v/missing
programCode
  Field required [type=missing, input_value={}, input_type=dict]
    For further information visit https://errors.pydantic.dev/2.8/v/missing
distribution
  Field required [type=missing, input_value={}, input_type=dict]
    For further information visit https://errors.pydantic.dev/2.8/v/missing
theme
  Field required [type=missing, input_value={}, input_type=dict]
    For further information visit https://errors.pydantic.dev/2.8/v/missing
2024-08-23 12:40:38 - ERROR - Validation error for dataset: Unknown title
Traceback (most recent call last):
  File "C:\Users\edmun\Projects\Repositories\healthpartners-interview\src\healthpartners_interview\download.py", line 31, in fetch_datasets
    dataset = Dataset(**current_item)
              ^^^^^^^^^^^^^^^^^^^^^^^
  File "C:\Users\edmun\Projects\Repositories\healthpartners-interview\.venv\Lib\site-packages\pydantic\main.py", line 193, in __init__
    self.__pydantic_validator__.validate_python(data, self_instance=self)
pydantic_core._pydantic_core.ValidationError: 16 validation errors for Dataset
accessLevel
  Field required [type=missing, input_value={'item': 'programCode'}, input_type=dict]
    For further information visit https://errors.pydantic.dev/2.8/v/missing
landingPage
  Field required [type=missing, input_value={'item': 'programCode'}, input_type=dict]
    For further information visit https://errors.pydantic.dev/2.8/v/missing
bureauCode
  Field required [type=missing, input_value={'item': 'programCode'}, input_type=dict]
    For further information visit https://errors.pydantic.dev/2.8/v/missing
issued
  Field required [type=missing, input_value={'item': 'programCode'}, input_type=dict]
    For further information visit https://errors.pydantic.dev/2.8/v/missing
@type
  Field required [type=missing, input_value={'item': 'programCode'}, input_type=dict]
    For further information visit https://errors.pydantic.dev/2.8/v/missing
modified
  Field required [type=missing, input_value={'item': 'programCode'}, input_type=dict]
    For further information visit https://errors.pydantic.dev/2.8/v/missing
released
  Field required [type=missing, input_value={'item': 'programCode'}, input_type=dict]
    For further information visit https://errors.pydantic.dev/2.8/v/missing
keyword
  Field required [type=missing, input_value={'item': 'programCode'}, input_type=dict]
    For further information visit https://errors.pydantic.dev/2.8/v/missing
contactPoint
  Field required [type=missing, input_value={'item': 'programCode'}, input_type=dict]
    For further information visit https://errors.pydantic.dev/2.8/v/missing
publisher
  Field required [type=missing, input_value={'item': 'programCode'}, input_type=dict]
    For further information visit https://errors.pydantic.dev/2.8/v/missing
identifier
  Field required [type=missing, input_value={'item': 'programCode'}, input_type=dict]
    For further information visit https://errors.pydantic.dev/2.8/v/missing
description
  Field required [type=missing, input_value={'item': 'programCode'}, input_type=dict]
    For further information visit https://errors.pydantic.dev/2.8/v/missing
title
  Field required [type=missing, input_value={'item': 'programCode'}, input_type=dict]
    For further information visit https://errors.pydantic.dev/2.8/v/missing
programCode
  Field required [type=missing, input_value={'item': 'programCode'}, input_type=dict]
    For further information visit https://errors.pydantic.dev/2.8/v/missing
distribution
  Field required [type=missing, input_value={'item': 'programCode'}, input_type=dict]
    For further information visit https://errors.pydantic.dev/2.8/v/missing
theme
  Field required [type=missing, input_value={'item': 'programCode'}, input_type=dict]
    For further information visit https://errors.pydantic.dev/2.8/v/missing
2024-08-23 12:40:38 - ERROR - Validation error for dataset: Unknown title
Traceback (most recent call last):
  File "C:\Users\edmun\Projects\Repositories\healthpartners-interview\src\healthpartners_interview\download.py", line 31, in fetch_datasets
    dataset = Dataset(**current_item)
              ^^^^^^^^^^^^^^^^^^^^^^^
  File "C:\Users\edmun\Projects\Repositories\healthpartners-interview\.venv\Lib\site-packages\pydantic\main.py", line 193, in __init__
    self.__pydantic_validator__.validate_python(data, self_instance=self)
pydantic_core._pydantic_core.ValidationError: 16 validation errors for Dataset
accessLevel
  Field required [type=missing, input_value={}, input_type=dict]
    For further information visit https://errors.pydantic.dev/2.8/v/missing
landingPage
  Field required [type=missing, input_value={}, input_type=dict]
    For further information visit https://errors.pydantic.dev/2.8/v/missing
bureauCode
  Field required [type=missing, input_value={}, input_type=dict]
    For further information visit https://errors.pydantic.dev/2.8/v/missing
issued
  Field required [type=missing, input_value={}, input_type=dict]
    For further information visit https://errors.pydantic.dev/2.8/v/missing
@type
  Field required [type=missing, input_value={}, input_type=dict]
    For further information visit https://errors.pydantic.dev/2.8/v/missing
modified
  Field required [type=missing, input_value={}, input_type=dict]
    For further information visit https://errors.pydantic.dev/2.8/v/missing
released
  Field required [type=missing, input_value={}, input_type=dict]
    For further information visit https://errors.pydantic.dev/2.8/v/missing
keyword
  Field required [type=missing, input_value={}, input_type=dict]
    For further information visit https://errors.pydantic.dev/2.8/v/missing
contactPoint
  Field required [type=missing, input_value={}, input_type=dict]
    For further information visit https://errors.pydantic.dev/2.8/v/missing
publisher
  Field required [type=missing, input_value={}, input_type=dict]
    For further information visit https://errors.pydantic.dev/2.8/v/missing
identifier
  Field required [type=missing, input_value={}, input_type=dict]
    For further information visit https://errors.pydantic.dev/2.8/v/missing
description
  Field required [type=missing, input_value={}, input_type=dict]
    For further information visit https://errors.pydantic.dev/2.8/v/missing
title
  Field required [type=missing, input_value={}, input_type=dict]
    For further information visit https://errors.pydantic.dev/2.8/v/missing
programCode
  Field required [type=missing, input_value={}, input_type=dict]
    For further information visit https://errors.pydantic.dev/2.8/v/missing
distribution
  Field required [type=missing, input_value={}, input_type=dict]
    For further information visit https://errors.pydantic.dev/2.8/v/missing
theme
  Field required [type=missing, input_value={}, input_type=dict]
    For further information visit https://errors.pydantic.dev/2.8/v/missing
2024-08-23 12:40:38 - ERROR - Validation error for dataset: Unknown title
Traceback (most recent call last):
  File "C:\Users\edmun\Projects\Repositories\healthpartners-interview\src\healthpartners_interview\download.py", line 31, in fetch_datasets
    dataset = Dataset(**current_item)
              ^^^^^^^^^^^^^^^^^^^^^^^
  File "C:\Users\edmun\Projects\Repositories\healthpartners-interview\.venv\Lib\site-packages\pydantic\main.py", line 193, in __init__
    self.__pydantic_validator__.validate_python(data, self_instance=self)
pydantic_core._pydantic_core.ValidationError: 16 validation errors for Dataset
accessLevel
  Field required [type=missing, input_value={}, input_type=dict]
    For further information visit https://errors.pydantic.dev/2.8/v/missing
landingPage
  Field required [type=missing, input_value={}, input_type=dict]
    For further information visit https://errors.pydantic.dev/2.8/v/missing
bureauCode
  Field required [type=missing, input_value={}, input_type=dict]
    For further information visit https://errors.pydantic.dev/2.8/v/missing
issued
  Field required [type=missing, input_value={}, input_type=dict]
    For further information visit https://errors.pydantic.dev/2.8/v/missing
@type
  Field required [type=missing, input_value={}, input_type=dict]
    For further information visit https://errors.pydantic.dev/2.8/v/missing
modified
  Field required [type=missing, input_value={}, input_type=dict]
    For further information visit https://errors.pydantic.dev/2.8/v/missing
released
  Field required [type=missing, input_value={}, input_type=dict]
    For further information visit https://errors.pydantic.dev/2.8/v/missing
keyword
  Field required [type=missing, input_value={}, input_type=dict]
    For further information visit https://errors.pydantic.dev/2.8/v/missing
contactPoint
  Field required [type=missing, input_value={}, input_type=dict]
    For further information visit https://errors.pydantic.dev/2.8/v/missing
publisher
  Field required [type=missing, input_value={}, input_type=dict]
    For further information visit https://errors.pydantic.dev/2.8/v/missing
identifier
  Field required [type=missing, input_value={}, input_type=dict]
    For further information visit https://errors.pydantic.dev/2.8/v/missing
description
  Field required [type=missing, input_value={}, input_type=dict]
    For further information visit https://errors.pydantic.dev/2.8/v/missing
title
  Field required [type=missing, input_value={}, input_type=dict]
    For further information visit https://errors.pydantic.dev/2.8/v/missing
programCode
  Field required [type=missing, input_value={}, input_type=dict]
    For further information visit https://errors.pydantic.dev/2.8/v/missing
distribution
  Field required [type=missing, input_value={}, input_type=dict]
    For further information visit https://errors.pydantic.dev/2.8/v/missing
theme
  Field required [type=missing, input_value={}, input_type=dict]
    For further information visit https://errors.pydantic.dev/2.8/v/missing
2024-08-23 12:40:38 - ERROR - Validation error for dataset: Unknown title
Traceback (most recent call last):
  File "C:\Users\edmun\Projects\Repositories\healthpartners-interview\src\healthpartners_interview\download.py", line 31, in fetch_datasets
    dataset = Dataset(**current_item)
              ^^^^^^^^^^^^^^^^^^^^^^^
  File "C:\Users\edmun\Projects\Repositories\healthpartners-interview\.venv\Lib\site-packages\pydantic\main.py", line 193, in __init__
    self.__pydantic_validator__.validate_python(data, self_instance=self)
pydantic_core._pydantic_core.ValidationError: 16 validation errors for Dataset
accessLevel
  Field required [type=missing, input_value={}, input_type=dict]
    For further information visit https://errors.pydantic.dev/2.8/v/missing
landingPage
  Field required [type=missing, input_value={}, input_type=dict]
    For further information visit https://errors.pydantic.dev/2.8/v/missing
bureauCode
  Field required [type=missing, input_value={}, input_type=dict]
    For further information visit https://errors.pydantic.dev/2.8/v/missing
issued
  Field required [type=missing, input_value={}, input_type=dict]
    For further information visit https://errors.pydantic.dev/2.8/v/missing
@type
  Field required [type=missing, input_value={}, input_type=dict]
    For further information visit https://errors.pydantic.dev/2.8/v/missing
modified
  Field required [type=missing, input_value={}, input_type=dict]
    For further information visit https://errors.pydantic.dev/2.8/v/missing
released
  Field required [type=missing, input_value={}, input_type=dict]
    For further information visit https://errors.pydantic.dev/2.8/v/missing
keyword
  Field required [type=missing, input_value={}, input_type=dict]
    For further information visit https://errors.pydantic.dev/2.8/v/missing
contactPoint
  Field required [type=missing, input_value={}, input_type=dict]
    For further information visit https://errors.pydantic.dev/2.8/v/missing
publisher
  Field required [type=missing, input_value={}, input_type=dict]
    For further information visit https://errors.pydantic.dev/2.8/v/missing
identifier
  Field required [type=missing, input_value={}, input_type=dict]
    For further information visit https://errors.pydantic.dev/2.8/v/missing
description
  Field required [type=missing, input_value={}, input_type=dict]
    For further information visit https://errors.pydantic.dev/2.8/v/missing
title
  Field required [type=missing, input_value={}, input_type=dict]
    For further information visit https://errors.pydantic.dev/2.8/v/missing
programCode
  Field required [type=missing, input_value={}, input_type=dict]
    For further information visit https://errors.pydantic.dev/2.8/v/missing
distribution
  Field required [type=missing, input_value={}, input_type=dict]
    For further information visit https://errors.pydantic.dev/2.8/v/missing
theme
  Field required [type=missing, input_value={}, input_type=dict]
    For further information visit https://errors.pydantic.dev/2.8/v/missing
2024-08-23 12:40:38 - ERROR - Validation error for dataset: Unknown title
Traceback (most recent call last):
  File "C:\Users\edmun\Projects\Repositories\healthpartners-interview\src\healthpartners_interview\download.py", line 31, in fetch_datasets
    dataset = Dataset(**current_item)
              ^^^^^^^^^^^^^^^^^^^^^^^
  File "C:\Users\edmun\Projects\Repositories\healthpartners-interview\.venv\Lib\site-packages\pydantic\main.py", line 193, in __init__
    self.__pydantic_validator__.validate_python(data, self_instance=self)
pydantic_core._pydantic_core.ValidationError: 16 validation errors for Dataset
accessLevel
  Field required [type=missing, input_value={'item': 'programCode'}, input_type=dict]
    For further information visit https://errors.pydantic.dev/2.8/v/missing
landingPage
  Field required [type=missing, input_value={'item': 'programCode'}, input_type=dict]
    For further information visit https://errors.pydantic.dev/2.8/v/missing
bureauCode
  Field required [type=missing, input_value={'item': 'programCode'}, input_type=dict]
    For further information visit https://errors.pydantic.dev/2.8/v/missing
issued
  Field required [type=missing, input_value={'item': 'programCode'}, input_type=dict]
    For further information visit https://errors.pydantic.dev/2.8/v/missing
@type
  Field required [type=missing, input_value={'item': 'programCode'}, input_type=dict]
    For further information visit https://errors.pydantic.dev/2.8/v/missing
modified
  Field required [type=missing, input_value={'item': 'programCode'}, input_type=dict]
    For further information visit https://errors.pydantic.dev/2.8/v/missing
released
  Field required [type=missing, input_value={'item': 'programCode'}, input_type=dict]
    For further information visit https://errors.pydantic.dev/2.8/v/missing
keyword
  Field required [type=missing, input_value={'item': 'programCode'}, input_type=dict]
    For further information visit https://errors.pydantic.dev/2.8/v/missing
contactPoint
  Field required [type=missing, input_value={'item': 'programCode'}, input_type=dict]
    For further information visit https://errors.pydantic.dev/2.8/v/missing
publisher
  Field required [type=missing, input_value={'item': 'programCode'}, input_type=dict]
    For further information visit https://errors.pydantic.dev/2.8/v/missing
identifier
  Field required [type=missing, input_value={'item': 'programCode'}, input_type=dict]
    For further information visit https://errors.pydantic.dev/2.8/v/missing
description
  Field required [type=missing, input_value={'item': 'programCode'}, input_type=dict]
    For further information visit https://errors.pydantic.dev/2.8/v/missing
title
  Field required [type=missing, input_value={'item': 'programCode'}, input_type=dict]
    For further information visit https://errors.pydantic.dev/2.8/v/missing
programCode
  Field required [type=missing, input_value={'item': 'programCode'}, input_type=dict]
    For further information visit https://errors.pydantic.dev/2.8/v/missing
distribution
  Field required [type=missing, input_value={'item': 'programCode'}, input_type=dict]
    For further information visit https://errors.pydantic.dev/2.8/v/missing
theme
  Field required [type=missing, input_value={'item': 'programCode'}, input_type=dict]
    For further information visit https://errors.pydantic.dev/2.8/v/missing
2024-08-23 12:40:38 - ERROR - Validation error for dataset: Unknown title
Traceback (most recent call last):
  File "C:\Users\edmun\Projects\Repositories\healthpartners-interview\src\healthpartners_interview\download.py", line 31, in fetch_datasets
    dataset = Dataset(**current_item)
              ^^^^^^^^^^^^^^^^^^^^^^^
  File "C:\Users\edmun\Projects\Repositories\healthpartners-interview\.venv\Lib\site-packages\pydantic\main.py", line 193, in __init__
    self.__pydantic_validator__.validate_python(data, self_instance=self)
pydantic_core._pydantic_core.ValidationError: 16 validation errors for Dataset
accessLevel
  Field required [type=missing, input_value={}, input_type=dict]
    For further information visit https://errors.pydantic.dev/2.8/v/missing
landingPage
  Field required [type=missing, input_value={}, input_type=dict]
    For further information visit https://errors.pydantic.dev/2.8/v/missing
bureauCode
  Field required [type=missing, input_value={}, input_type=dict]
    For further information visit https://errors.pydantic.dev/2.8/v/missing
issued
  Field required [type=missing, input_value={}, input_type=dict]
    For further information visit https://errors.pydantic.dev/2.8/v/missing
@type
  Field required [type=missing, input_value={}, input_type=dict]
    For further information visit https://errors.pydantic.dev/2.8/v/missing
modified
  Field required [type=missing, input_value={}, input_type=dict]
    For further information visit https://errors.pydantic.dev/2.8/v/missing
released
  Field required [type=missing, input_value={}, input_type=dict]
    For further information visit https://errors.pydantic.dev/2.8/v/missing
keyword
  Field required [type=missing, input_value={}, input_type=dict]
    For further information visit https://errors.pydantic.dev/2.8/v/missing
contactPoint
  Field required [type=missing, input_value={}, input_type=dict]
    For further information visit https://errors.pydantic.dev/2.8/v/missing
publisher
  Field required [type=missing, input_value={}, input_type=dict]
    For further information visit https://errors.pydantic.dev/2.8/v/missing
identifier
  Field required [type=missing, input_value={}, input_type=dict]
    For further information visit https://errors.pydantic.dev/2.8/v/missing
description
  Field required [type=missing, input_value={}, input_type=dict]
    For further information visit https://errors.pydantic.dev/2.8/v/missing
title
  Field required [type=missing, input_value={}, input_type=dict]
    For further information visit https://errors.pydantic.dev/2.8/v/missing
programCode
  Field required [type=missing, input_value={}, input_type=dict]
    For further information visit https://errors.pydantic.dev/2.8/v/missing
distribution
  Field required [type=missing, input_value={}, input_type=dict]
    For further information visit https://errors.pydantic.dev/2.8/v/missing
theme
  Field required [type=missing, input_value={}, input_type=dict]
    For further information visit https://errors.pydantic.dev/2.8/v/missing
2024-08-23 12:40:38 - ERROR - Validation error for dataset: Unknown title
Traceback (most recent call last):
  File "C:\Users\edmun\Projects\Repositories\healthpartners-interview\src\healthpartners_interview\download.py", line 31, in fetch_datasets
    dataset = Dataset(**current_item)
              ^^^^^^^^^^^^^^^^^^^^^^^
  File "C:\Users\edmun\Projects\Repositories\healthpartners-interview\.venv\Lib\site-packages\pydantic\main.py", line 193, in __init__
    self.__pydantic_validator__.validate_python(data, self_instance=self)
pydantic_core._pydantic_core.ValidationError: 16 validation errors for Dataset
accessLevel
  Field required [type=missing, input_value={}, input_type=dict]
    For further information visit https://errors.pydantic.dev/2.8/v/missing
landingPage
  Field required [type=missing, input_value={}, input_type=dict]
    For further information visit https://errors.pydantic.dev/2.8/v/missing
bureauCode
  Field required [type=missing, input_value={}, input_type=dict]
    For further information visit https://errors.pydantic.dev/2.8/v/missing
issued
  Field required [type=missing, input_value={}, input_type=dict]
    For further information visit https://errors.pydantic.dev/2.8/v/missing
@type
  Field required [type=missing, input_value={}, input_type=dict]
    For further information visit https://errors.pydantic.dev/2.8/v/missing
modified
  Field required [type=missing, input_value={}, input_type=dict]
    For further information visit https://errors.pydantic.dev/2.8/v/missing
released
  Field required [type=missing, input_value={}, input_type=dict]
    For further information visit https://errors.pydantic.dev/2.8/v/missing
keyword
  Field required [type=missing, input_value={}, input_type=dict]
    For further information visit https://errors.pydantic.dev/2.8/v/missing
contactPoint
  Field required [type=missing, input_value={}, input_type=dict]
    For further information visit https://errors.pydantic.dev/2.8/v/missing
publisher
  Field required [type=missing, input_value={}, input_type=dict]
    For further information visit https://errors.pydantic.dev/2.8/v/missing
identifier
  Field required [type=missing, input_value={}, input_type=dict]
    For further information visit https://errors.pydantic.dev/2.8/v/missing
description
  Field required [type=missing, input_value={}, input_type=dict]
    For further information visit https://errors.pydantic.dev/2.8/v/missing
title
  Field required [type=missing, input_value={}, input_type=dict]
    For further information visit https://errors.pydantic.dev/2.8/v/missing
programCode
  Field required [type=missing, input_value={}, input_type=dict]
    For further information visit https://errors.pydantic.dev/2.8/v/missing
distribution
  Field required [type=missing, input_value={}, input_type=dict]
    For further information visit https://errors.pydantic.dev/2.8/v/missing
theme
  Field required [type=missing, input_value={}, input_type=dict]
    For further information visit https://errors.pydantic.dev/2.8/v/missing
2024-08-23 12:40:38 - ERROR - Validation error for dataset: Unknown title
Traceback (most recent call last):
  File "C:\Users\edmun\Projects\Repositories\healthpartners-interview\src\healthpartners_interview\download.py", line 31, in fetch_datasets
    dataset = Dataset(**current_item)
              ^^^^^^^^^^^^^^^^^^^^^^^
  File "C:\Users\edmun\Projects\Repositories\healthpartners-interview\.venv\Lib\site-packages\pydantic\main.py", line 193, in __init__
    self.__pydantic_validator__.validate_python(data, self_instance=self)
pydantic_core._pydantic_core.ValidationError: 16 validation errors for Dataset
accessLevel
  Field required [type=missing, input_value={}, input_type=dict]
    For further information visit https://errors.pydantic.dev/2.8/v/missing
landingPage
  Field required [type=missing, input_value={}, input_type=dict]
    For further information visit https://errors.pydantic.dev/2.8/v/missing
bureauCode
  Field required [type=missing, input_value={}, input_type=dict]
    For further information visit https://errors.pydantic.dev/2.8/v/missing
issued
  Field required [type=missing, input_value={}, input_type=dict]
    For further information visit https://errors.pydantic.dev/2.8/v/missing
@type
  Field required [type=missing, input_value={}, input_type=dict]
    For further information visit https://errors.pydantic.dev/2.8/v/missing
modified
  Field required [type=missing, input_value={}, input_type=dict]
    For further information visit https://errors.pydantic.dev/2.8/v/missing
released
  Field required [type=missing, input_value={}, input_type=dict]
    For further information visit https://errors.pydantic.dev/2.8/v/missing
keyword
  Field required [type=missing, input_value={}, input_type=dict]
    For further information visit https://errors.pydantic.dev/2.8/v/missing
contactPoint
  Field required [type=missing, input_value={}, input_type=dict]
    For further information visit https://errors.pydantic.dev/2.8/v/missing
publisher
  Field required [type=missing, input_value={}, input_type=dict]
    For further information visit https://errors.pydantic.dev/2.8/v/missing
identifier
  Field required [type=missing, input_value={}, input_type=dict]
    For further information visit https://errors.pydantic.dev/2.8/v/missing
description
  Field required [type=missing, input_value={}, input_type=dict]
    For further information visit https://errors.pydantic.dev/2.8/v/missing
title
  Field required [type=missing, input_value={}, input_type=dict]
    For further information visit https://errors.pydantic.dev/2.8/v/missing
programCode
  Field required [type=missing, input_value={}, input_type=dict]
    For further information visit https://errors.pydantic.dev/2.8/v/missing
distribution
  Field required [type=missing, input_value={}, input_type=dict]
    For further information visit https://errors.pydantic.dev/2.8/v/missing
theme
  Field required [type=missing, input_value={}, input_type=dict]
    For further information visit https://errors.pydantic.dev/2.8/v/missing
2024-08-23 12:40:38 - ERROR - Validation error for dataset: Unknown title
Traceback (most recent call last):
  File "C:\Users\edmun\Projects\Repositories\healthpartners-interview\src\healthpartners_interview\download.py", line 31, in fetch_datasets
    dataset = Dataset(**current_item)
              ^^^^^^^^^^^^^^^^^^^^^^^
  File "C:\Users\edmun\Projects\Repositories\healthpartners-interview\.venv\Lib\site-packages\pydantic\main.py", line 193, in __init__
    self.__pydantic_validator__.validate_python(data, self_instance=self)
pydantic_core._pydantic_core.ValidationError: 16 validation errors for Dataset
accessLevel
  Field required [type=missing, input_value={'item': 'programCode'}, input_type=dict]
    For further information visit https://errors.pydantic.dev/2.8/v/missing
landingPage
  Field required [type=missing, input_value={'item': 'programCode'}, input_type=dict]
    For further information visit https://errors.pydantic.dev/2.8/v/missing
bureauCode
  Field required [type=missing, input_value={'item': 'programCode'}, input_type=dict]
    For further information visit https://errors.pydantic.dev/2.8/v/missing
issued
  Field required [type=missing, input_value={'item': 'programCode'}, input_type=dict]
    For further information visit https://errors.pydantic.dev/2.8/v/missing
@type
  Field required [type=missing, input_value={'item': 'programCode'}, input_type=dict]
    For further information visit https://errors.pydantic.dev/2.8/v/missing
modified
  Field required [type=missing, input_value={'item': 'programCode'}, input_type=dict]
    For further information visit https://errors.pydantic.dev/2.8/v/missing
released
  Field required [type=missing, input_value={'item': 'programCode'}, input_type=dict]
    For further information visit https://errors.pydantic.dev/2.8/v/missing
keyword
  Field required [type=missing, input_value={'item': 'programCode'}, input_type=dict]
    For further information visit https://errors.pydantic.dev/2.8/v/missing
contactPoint
  Field required [type=missing, input_value={'item': 'programCode'}, input_type=dict]
    For further information visit https://errors.pydantic.dev/2.8/v/missing
publisher
  Field required [type=missing, input_value={'item': 'programCode'}, input_type=dict]
    For further information visit https://errors.pydantic.dev/2.8/v/missing
identifier
  Field required [type=missing, input_value={'item': 'programCode'}, input_type=dict]
    For further information visit https://errors.pydantic.dev/2.8/v/missing
description
  Field required [type=missing, input_value={'item': 'programCode'}, input_type=dict]
    For further information visit https://errors.pydantic.dev/2.8/v/missing
title
  Field required [type=missing, input_value={'item': 'programCode'}, input_type=dict]
    For further information visit https://errors.pydantic.dev/2.8/v/missing
programCode
  Field required [type=missing, input_value={'item': 'programCode'}, input_type=dict]
    For further information visit https://errors.pydantic.dev/2.8/v/missing
distribution
  Field required [type=missing, input_value={'item': 'programCode'}, input_type=dict]
    For further information visit https://errors.pydantic.dev/2.8/v/missing
theme
  Field required [type=missing, input_value={'item': 'programCode'}, input_type=dict]
    For further information visit https://errors.pydantic.dev/2.8/v/missing
2024-08-23 12:40:38 - ERROR - Validation error for dataset: Unknown title
Traceback (most recent call last):
  File "C:\Users\edmun\Projects\Repositories\healthpartners-interview\src\healthpartners_interview\download.py", line 31, in fetch_datasets
    dataset = Dataset(**current_item)
              ^^^^^^^^^^^^^^^^^^^^^^^
  File "C:\Users\edmun\Projects\Repositories\healthpartners-interview\.venv\Lib\site-packages\pydantic\main.py", line 193, in __init__
    self.__pydantic_validator__.validate_python(data, self_instance=self)
pydantic_core._pydantic_core.ValidationError: 16 validation errors for Dataset
accessLevel
  Field required [type=missing, input_value={}, input_type=dict]
    For further information visit https://errors.pydantic.dev/2.8/v/missing
landingPage
  Field required [type=missing, input_value={}, input_type=dict]
    For further information visit https://errors.pydantic.dev/2.8/v/missing
bureauCode
  Field required [type=missing, input_value={}, input_type=dict]
    For further information visit https://errors.pydantic.dev/2.8/v/missing
issued
  Field required [type=missing, input_value={}, input_type=dict]
    For further information visit https://errors.pydantic.dev/2.8/v/missing
@type
  Field required [type=missing, input_value={}, input_type=dict]
    For further information visit https://errors.pydantic.dev/2.8/v/missing
modified
  Field required [type=missing, input_value={}, input_type=dict]
    For further information visit https://errors.pydantic.dev/2.8/v/missing
released
  Field required [type=missing, input_value={}, input_type=dict]
    For further information visit https://errors.pydantic.dev/2.8/v/missing
keyword
  Field required [type=missing, input_value={}, input_type=dict]
    For further information visit https://errors.pydantic.dev/2.8/v/missing
contactPoint
  Field required [type=missing, input_value={}, input_type=dict]
    For further information visit https://errors.pydantic.dev/2.8/v/missing
publisher
  Field required [type=missing, input_value={}, input_type=dict]
    For further information visit https://errors.pydantic.dev/2.8/v/missing
identifier
  Field required [type=missing, input_value={}, input_type=dict]
    For further information visit https://errors.pydantic.dev/2.8/v/missing
description
  Field required [type=missing, input_value={}, input_type=dict]
    For further information visit https://errors.pydantic.dev/2.8/v/missing
title
  Field required [type=missing, input_value={}, input_type=dict]
    For further information visit https://errors.pydantic.dev/2.8/v/missing
programCode
  Field required [type=missing, input_value={}, input_type=dict]
    For further information visit https://errors.pydantic.dev/2.8/v/missing
distribution
  Field required [type=missing, input_value={}, input_type=dict]
    For further information visit https://errors.pydantic.dev/2.8/v/missing
theme
  Field required [type=missing, input_value={}, input_type=dict]
    For further information visit https://errors.pydantic.dev/2.8/v/missing
2024-08-23 12:40:38 - ERROR - Validation error for dataset: Unknown title
Traceback (most recent call last):
  File "C:\Users\edmun\Projects\Repositories\healthpartners-interview\src\healthpartners_interview\download.py", line 31, in fetch_datasets
    dataset = Dataset(**current_item)
              ^^^^^^^^^^^^^^^^^^^^^^^
  File "C:\Users\edmun\Projects\Repositories\healthpartners-interview\.venv\Lib\site-packages\pydantic\main.py", line 193, in __init__
    self.__pydantic_validator__.validate_python(data, self_instance=self)
pydantic_core._pydantic_core.ValidationError: 16 validation errors for Dataset
accessLevel
  Field required [type=missing, input_value={}, input_type=dict]
    For further information visit https://errors.pydantic.dev/2.8/v/missing
landingPage
  Field required [type=missing, input_value={}, input_type=dict]
    For further information visit https://errors.pydantic.dev/2.8/v/missing
bureauCode
  Field required [type=missing, input_value={}, input_type=dict]
    For further information visit https://errors.pydantic.dev/2.8/v/missing
issued
  Field required [type=missing, input_value={}, input_type=dict]
    For further information visit https://errors.pydantic.dev/2.8/v/missing
@type
  Field required [type=missing, input_value={}, input_type=dict]
    For further information visit https://errors.pydantic.dev/2.8/v/missing
modified
  Field required [type=missing, input_value={}, input_type=dict]
    For further information visit https://errors.pydantic.dev/2.8/v/missing
released
  Field required [type=missing, input_value={}, input_type=dict]
    For further information visit https://errors.pydantic.dev/2.8/v/missing
keyword
  Field required [type=missing, input_value={}, input_type=dict]
    For further information visit https://errors.pydantic.dev/2.8/v/missing
contactPoint
  Field required [type=missing, input_value={}, input_type=dict]
    For further information visit https://errors.pydantic.dev/2.8/v/missing
publisher
  Field required [type=missing, input_value={}, input_type=dict]
    For further information visit https://errors.pydantic.dev/2.8/v/missing
identifier
  Field required [type=missing, input_value={}, input_type=dict]
    For further information visit https://errors.pydantic.dev/2.8/v/missing
description
  Field required [type=missing, input_value={}, input_type=dict]
    For further information visit https://errors.pydantic.dev/2.8/v/missing
title
  Field required [type=missing, input_value={}, input_type=dict]
    For further information visit https://errors.pydantic.dev/2.8/v/missing
programCode
  Field required [type=missing, input_value={}, input_type=dict]
    For further information visit https://errors.pydantic.dev/2.8/v/missing
distribution
  Field required [type=missing, input_value={}, input_type=dict]
    For further information visit https://errors.pydantic.dev/2.8/v/missing
theme
  Field required [type=missing, input_value={}, input_type=dict]
    For further information visit https://errors.pydantic.dev/2.8/v/missing
2024-08-23 12:40:38 - ERROR - Validation error for dataset: Unknown title
Traceback (most recent call last):
  File "C:\Users\edmun\Projects\Repositories\healthpartners-interview\src\healthpartners_interview\download.py", line 31, in fetch_datasets
    dataset = Dataset(**current_item)
              ^^^^^^^^^^^^^^^^^^^^^^^
  File "C:\Users\edmun\Projects\Repositories\healthpartners-interview\.venv\Lib\site-packages\pydantic\main.py", line 193, in __init__
    self.__pydantic_validator__.validate_python(data, self_instance=self)
pydantic_core._pydantic_core.ValidationError: 16 validation errors for Dataset
accessLevel
  Field required [type=missing, input_value={}, input_type=dict]
    For further information visit https://errors.pydantic.dev/2.8/v/missing
landingPage
  Field required [type=missing, input_value={}, input_type=dict]
    For further information visit https://errors.pydantic.dev/2.8/v/missing
bureauCode
  Field required [type=missing, input_value={}, input_type=dict]
    For further information visit https://errors.pydantic.dev/2.8/v/missing
issued
  Field required [type=missing, input_value={}, input_type=dict]
    For further information visit https://errors.pydantic.dev/2.8/v/missing
@type
  Field required [type=missing, input_value={}, input_type=dict]
    For further information visit https://errors.pydantic.dev/2.8/v/missing
modified
  Field required [type=missing, input_value={}, input_type=dict]
    For further information visit https://errors.pydantic.dev/2.8/v/missing
released
  Field required [type=missing, input_value={}, input_type=dict]
    For further information visit https://errors.pydantic.dev/2.8/v/missing
keyword
  Field required [type=missing, input_value={}, input_type=dict]
    For further information visit https://errors.pydantic.dev/2.8/v/missing
contactPoint
  Field required [type=missing, input_value={}, input_type=dict]
    For further information visit https://errors.pydantic.dev/2.8/v/missing
publisher
  Field required [type=missing, input_value={}, input_type=dict]
    For further information visit https://errors.pydantic.dev/2.8/v/missing
identifier
  Field required [type=missing, input_value={}, input_type=dict]
    For further information visit https://errors.pydantic.dev/2.8/v/missing
description
  Field required [type=missing, input_value={}, input_type=dict]
    For further information visit https://errors.pydantic.dev/2.8/v/missing
title
  Field required [type=missing, input_value={}, input_type=dict]
    For further information visit https://errors.pydantic.dev/2.8/v/missing
programCode
  Field required [type=missing, input_value={}, input_type=dict]
    For further information visit https://errors.pydantic.dev/2.8/v/missing
distribution
  Field required [type=missing, input_value={}, input_type=dict]
    For further information visit https://errors.pydantic.dev/2.8/v/missing
theme
  Field required [type=missing, input_value={}, input_type=dict]
    For further information visit https://errors.pydantic.dev/2.8/v/missing
2024-08-23 12:40:38 - ERROR - Validation error for dataset: Unknown title
Traceback (most recent call last):
  File "C:\Users\edmun\Projects\Repositories\healthpartners-interview\src\healthpartners_interview\download.py", line 31, in fetch_datasets
    dataset = Dataset(**current_item)
              ^^^^^^^^^^^^^^^^^^^^^^^
  File "C:\Users\edmun\Projects\Repositories\healthpartners-interview\.venv\Lib\site-packages\pydantic\main.py", line 193, in __init__
    self.__pydantic_validator__.validate_python(data, self_instance=self)
pydantic_core._pydantic_core.ValidationError: 16 validation errors for Dataset
accessLevel
  Field required [type=missing, input_value={'item': 'programCode'}, input_type=dict]
    For further information visit https://errors.pydantic.dev/2.8/v/missing
landingPage
  Field required [type=missing, input_value={'item': 'programCode'}, input_type=dict]
    For further information visit https://errors.pydantic.dev/2.8/v/missing
bureauCode
  Field required [type=missing, input_value={'item': 'programCode'}, input_type=dict]
    For further information visit https://errors.pydantic.dev/2.8/v/missing
issued
  Field required [type=missing, input_value={'item': 'programCode'}, input_type=dict]
    For further information visit https://errors.pydantic.dev/2.8/v/missing
@type
  Field required [type=missing, input_value={'item': 'programCode'}, input_type=dict]
    For further information visit https://errors.pydantic.dev/2.8/v/missing
modified
  Field required [type=missing, input_value={'item': 'programCode'}, input_type=dict]
    For further information visit https://errors.pydantic.dev/2.8/v/missing
released
  Field required [type=missing, input_value={'item': 'programCode'}, input_type=dict]
    For further information visit https://errors.pydantic.dev/2.8/v/missing
keyword
  Field required [type=missing, input_value={'item': 'programCode'}, input_type=dict]
    For further information visit https://errors.pydantic.dev/2.8/v/missing
contactPoint
  Field required [type=missing, input_value={'item': 'programCode'}, input_type=dict]
    For further information visit https://errors.pydantic.dev/2.8/v/missing
publisher
  Field required [type=missing, input_value={'item': 'programCode'}, input_type=dict]
    For further information visit https://errors.pydantic.dev/2.8/v/missing
identifier
  Field required [type=missing, input_value={'item': 'programCode'}, input_type=dict]
    For further information visit https://errors.pydantic.dev/2.8/v/missing
description
  Field required [type=missing, input_value={'item': 'programCode'}, input_type=dict]
    For further information visit https://errors.pydantic.dev/2.8/v/missing
title
  Field required [type=missing, input_value={'item': 'programCode'}, input_type=dict]
    For further information visit https://errors.pydantic.dev/2.8/v/missing
programCode
  Field required [type=missing, input_value={'item': 'programCode'}, input_type=dict]
    For further information visit https://errors.pydantic.dev/2.8/v/missing
distribution
  Field required [type=missing, input_value={'item': 'programCode'}, input_type=dict]
    For further information visit https://errors.pydantic.dev/2.8/v/missing
theme
  Field required [type=missing, input_value={'item': 'programCode'}, input_type=dict]
    For further information visit https://errors.pydantic.dev/2.8/v/missing
2024-08-23 12:40:38 - ERROR - Validation error for dataset: Unknown title
Traceback (most recent call last):
  File "C:\Users\edmun\Projects\Repositories\healthpartners-interview\src\healthpartners_interview\download.py", line 31, in fetch_datasets
    dataset = Dataset(**current_item)
              ^^^^^^^^^^^^^^^^^^^^^^^
  File "C:\Users\edmun\Projects\Repositories\healthpartners-interview\.venv\Lib\site-packages\pydantic\main.py", line 193, in __init__
    self.__pydantic_validator__.validate_python(data, self_instance=self)
pydantic_core._pydantic_core.ValidationError: 16 validation errors for Dataset
accessLevel
  Field required [type=missing, input_value={}, input_type=dict]
    For further information visit https://errors.pydantic.dev/2.8/v/missing
landingPage
  Field required [type=missing, input_value={}, input_type=dict]
    For further information visit https://errors.pydantic.dev/2.8/v/missing
bureauCode
  Field required [type=missing, input_value={}, input_type=dict]
    For further information visit https://errors.pydantic.dev/2.8/v/missing
issued
  Field required [type=missing, input_value={}, input_type=dict]
    For further information visit https://errors.pydantic.dev/2.8/v/missing
@type
  Field required [type=missing, input_value={}, input_type=dict]
    For further information visit https://errors.pydantic.dev/2.8/v/missing
modified
  Field required [type=missing, input_value={}, input_type=dict]
    For further information visit https://errors.pydantic.dev/2.8/v/missing
released
  Field required [type=missing, input_value={}, input_type=dict]
    For further information visit https://errors.pydantic.dev/2.8/v/missing
keyword
  Field required [type=missing, input_value={}, input_type=dict]
    For further information visit https://errors.pydantic.dev/2.8/v/missing
contactPoint
  Field required [type=missing, input_value={}, input_type=dict]
    For further information visit https://errors.pydantic.dev/2.8/v/missing
publisher
  Field required [type=missing, input_value={}, input_type=dict]
    For further information visit https://errors.pydantic.dev/2.8/v/missing
identifier
  Field required [type=missing, input_value={}, input_type=dict]
    For further information visit https://errors.pydantic.dev/2.8/v/missing
description
  Field required [type=missing, input_value={}, input_type=dict]
    For further information visit https://errors.pydantic.dev/2.8/v/missing
title
  Field required [type=missing, input_value={}, input_type=dict]
    For further information visit https://errors.pydantic.dev/2.8/v/missing
programCode
  Field required [type=missing, input_value={}, input_type=dict]
    For further information visit https://errors.pydantic.dev/2.8/v/missing
distribution
  Field required [type=missing, input_value={}, input_type=dict]
    For further information visit https://errors.pydantic.dev/2.8/v/missing
theme
  Field required [type=missing, input_value={}, input_type=dict]
    For further information visit https://errors.pydantic.dev/2.8/v/missing
2024-08-23 12:40:38 - ERROR - Validation error for dataset: Unknown title
Traceback (most recent call last):
  File "C:\Users\edmun\Projects\Repositories\healthpartners-interview\src\healthpartners_interview\download.py", line 31, in fetch_datasets
    dataset = Dataset(**current_item)
              ^^^^^^^^^^^^^^^^^^^^^^^
  File "C:\Users\edmun\Projects\Repositories\healthpartners-interview\.venv\Lib\site-packages\pydantic\main.py", line 193, in __init__
    self.__pydantic_validator__.validate_python(data, self_instance=self)
pydantic_core._pydantic_core.ValidationError: 16 validation errors for Dataset
accessLevel
  Field required [type=missing, input_value={}, input_type=dict]
    For further information visit https://errors.pydantic.dev/2.8/v/missing
landingPage
  Field required [type=missing, input_value={}, input_type=dict]
    For further information visit https://errors.pydantic.dev/2.8/v/missing
bureauCode
  Field required [type=missing, input_value={}, input_type=dict]
    For further information visit https://errors.pydantic.dev/2.8/v/missing
issued
  Field required [type=missing, input_value={}, input_type=dict]
    For further information visit https://errors.pydantic.dev/2.8/v/missing
@type
  Field required [type=missing, input_value={}, input_type=dict]
    For further information visit https://errors.pydantic.dev/2.8/v/missing
modified
  Field required [type=missing, input_value={}, input_type=dict]
    For further information visit https://errors.pydantic.dev/2.8/v/missing
released
  Field required [type=missing, input_value={}, input_type=dict]
    For further information visit https://errors.pydantic.dev/2.8/v/missing
keyword
  Field required [type=missing, input_value={}, input_type=dict]
    For further information visit https://errors.pydantic.dev/2.8/v/missing
contactPoint
  Field required [type=missing, input_value={}, input_type=dict]
    For further information visit https://errors.pydantic.dev/2.8/v/missing
publisher
  Field required [type=missing, input_value={}, input_type=dict]
    For further information visit https://errors.pydantic.dev/2.8/v/missing
identifier
  Field required [type=missing, input_value={}, input_type=dict]
    For further information visit https://errors.pydantic.dev/2.8/v/missing
description
  Field required [type=missing, input_value={}, input_type=dict]
    For further information visit https://errors.pydantic.dev/2.8/v/missing
title
  Field required [type=missing, input_value={}, input_type=dict]
    For further information visit https://errors.pydantic.dev/2.8/v/missing
programCode
  Field required [type=missing, input_value={}, input_type=dict]
    For further information visit https://errors.pydantic.dev/2.8/v/missing
distribution
  Field required [type=missing, input_value={}, input_type=dict]
    For further information visit https://errors.pydantic.dev/2.8/v/missing
theme
  Field required [type=missing, input_value={}, input_type=dict]
    For further information visit https://errors.pydantic.dev/2.8/v/missing
2024-08-23 12:40:38 - ERROR - Validation error for dataset: Unknown title
Traceback (most recent call last):
  File "C:\Users\edmun\Projects\Repositories\healthpartners-interview\src\healthpartners_interview\download.py", line 31, in fetch_datasets
    dataset = Dataset(**current_item)
              ^^^^^^^^^^^^^^^^^^^^^^^
  File "C:\Users\edmun\Projects\Repositories\healthpartners-interview\.venv\Lib\site-packages\pydantic\main.py", line 193, in __init__
    self.__pydantic_validator__.validate_python(data, self_instance=self)
pydantic_core._pydantic_core.ValidationError: 16 validation errors for Dataset
accessLevel
  Field required [type=missing, input_value={}, input_type=dict]
    For further information visit https://errors.pydantic.dev/2.8/v/missing
landingPage
  Field required [type=missing, input_value={}, input_type=dict]
    For further information visit https://errors.pydantic.dev/2.8/v/missing
bureauCode
  Field required [type=missing, input_value={}, input_type=dict]
    For further information visit https://errors.pydantic.dev/2.8/v/missing
issued
  Field required [type=missing, input_value={}, input_type=dict]
    For further information visit https://errors.pydantic.dev/2.8/v/missing
@type
  Field required [type=missing, input_value={}, input_type=dict]
    For further information visit https://errors.pydantic.dev/2.8/v/missing
modified
  Field required [type=missing, input_value={}, input_type=dict]
    For further information visit https://errors.pydantic.dev/2.8/v/missing
released
  Field required [type=missing, input_value={}, input_type=dict]
    For further information visit https://errors.pydantic.dev/2.8/v/missing
keyword
  Field required [type=missing, input_value={}, input_type=dict]
    For further information visit https://errors.pydantic.dev/2.8/v/missing
contactPoint
  Field required [type=missing, input_value={}, input_type=dict]
    For further information visit https://errors.pydantic.dev/2.8/v/missing
publisher
  Field required [type=missing, input_value={}, input_type=dict]
    For further information visit https://errors.pydantic.dev/2.8/v/missing
identifier
  Field required [type=missing, input_value={}, input_type=dict]
    For further information visit https://errors.pydantic.dev/2.8/v/missing
description
  Field required [type=missing, input_value={}, input_type=dict]
    For further information visit https://errors.pydantic.dev/2.8/v/missing
title
  Field required [type=missing, input_value={}, input_type=dict]
    For further information visit https://errors.pydantic.dev/2.8/v/missing
programCode
  Field required [type=missing, input_value={}, input_type=dict]
    For further information visit https://errors.pydantic.dev/2.8/v/missing
distribution
  Field required [type=missing, input_value={}, input_type=dict]
    For further information visit https://errors.pydantic.dev/2.8/v/missing
theme
  Field required [type=missing, input_value={}, input_type=dict]
    For further information visit https://errors.pydantic.dev/2.8/v/missing
2024-08-23 12:40:38 - ERROR - Validation error for dataset: Unknown title
Traceback (most recent call last):
  File "C:\Users\edmun\Projects\Repositories\healthpartners-interview\src\healthpartners_interview\download.py", line 31, in fetch_datasets
    dataset = Dataset(**current_item)
              ^^^^^^^^^^^^^^^^^^^^^^^
  File "C:\Users\edmun\Projects\Repositories\healthpartners-interview\.venv\Lib\site-packages\pydantic\main.py", line 193, in __init__
    self.__pydantic_validator__.validate_python(data, self_instance=self)
pydantic_core._pydantic_core.ValidationError: 16 validation errors for Dataset
accessLevel
  Field required [type=missing, input_value={'item': 'programCode'}, input_type=dict]
    For further information visit https://errors.pydantic.dev/2.8/v/missing
landingPage
  Field required [type=missing, input_value={'item': 'programCode'}, input_type=dict]
    For further information visit https://errors.pydantic.dev/2.8/v/missing
bureauCode
  Field required [type=missing, input_value={'item': 'programCode'}, input_type=dict]
    For further information visit https://errors.pydantic.dev/2.8/v/missing
issued
  Field required [type=missing, input_value={'item': 'programCode'}, input_type=dict]
    For further information visit https://errors.pydantic.dev/2.8/v/missing
@type
  Field required [type=missing, input_value={'item': 'programCode'}, input_type=dict]
    For further information visit https://errors.pydantic.dev/2.8/v/missing
modified
  Field required [type=missing, input_value={'item': 'programCode'}, input_type=dict]
    For further information visit https://errors.pydantic.dev/2.8/v/missing
released
  Field required [type=missing, input_value={'item': 'programCode'}, input_type=dict]
    For further information visit https://errors.pydantic.dev/2.8/v/missing
keyword
  Field required [type=missing, input_value={'item': 'programCode'}, input_type=dict]
    For further information visit https://errors.pydantic.dev/2.8/v/missing
contactPoint
  Field required [type=missing, input_value={'item': 'programCode'}, input_type=dict]
    For further information visit https://errors.pydantic.dev/2.8/v/missing
publisher
  Field required [type=missing, input_value={'item': 'programCode'}, input_type=dict]
    For further information visit https://errors.pydantic.dev/2.8/v/missing
identifier
  Field required [type=missing, input_value={'item': 'programCode'}, input_type=dict]
    For further information visit https://errors.pydantic.dev/2.8/v/missing
description
  Field required [type=missing, input_value={'item': 'programCode'}, input_type=dict]
    For further information visit https://errors.pydantic.dev/2.8/v/missing
title
  Field required [type=missing, input_value={'item': 'programCode'}, input_type=dict]
    For further information visit https://errors.pydantic.dev/2.8/v/missing
programCode
  Field required [type=missing, input_value={'item': 'programCode'}, input_type=dict]
    For further information visit https://errors.pydantic.dev/2.8/v/missing
distribution
  Field required [type=missing, input_value={'item': 'programCode'}, input_type=dict]
    For further information visit https://errors.pydantic.dev/2.8/v/missing
theme
  Field required [type=missing, input_value={'item': 'programCode'}, input_type=dict]
    For further information visit https://errors.pydantic.dev/2.8/v/missing
2024-08-23 12:40:38 - ERROR - Validation error for dataset: Unknown title
Traceback (most recent call last):
  File "C:\Users\edmun\Projects\Repositories\healthpartners-interview\src\healthpartners_interview\download.py", line 31, in fetch_datasets
    dataset = Dataset(**current_item)
              ^^^^^^^^^^^^^^^^^^^^^^^
  File "C:\Users\edmun\Projects\Repositories\healthpartners-interview\.venv\Lib\site-packages\pydantic\main.py", line 193, in __init__
    self.__pydantic_validator__.validate_python(data, self_instance=self)
pydantic_core._pydantic_core.ValidationError: 16 validation errors for Dataset
accessLevel
  Field required [type=missing, input_value={}, input_type=dict]
    For further information visit https://errors.pydantic.dev/2.8/v/missing
landingPage
  Field required [type=missing, input_value={}, input_type=dict]
    For further information visit https://errors.pydantic.dev/2.8/v/missing
bureauCode
  Field required [type=missing, input_value={}, input_type=dict]
    For further information visit https://errors.pydantic.dev/2.8/v/missing
issued
  Field required [type=missing, input_value={}, input_type=dict]
    For further information visit https://errors.pydantic.dev/2.8/v/missing
@type
  Field required [type=missing, input_value={}, input_type=dict]
    For further information visit https://errors.pydantic.dev/2.8/v/missing
modified
  Field required [type=missing, input_value={}, input_type=dict]
    For further information visit https://errors.pydantic.dev/2.8/v/missing
released
  Field required [type=missing, input_value={}, input_type=dict]
    For further information visit https://errors.pydantic.dev/2.8/v/missing
keyword
  Field required [type=missing, input_value={}, input_type=dict]
    For further information visit https://errors.pydantic.dev/2.8/v/missing
contactPoint
  Field required [type=missing, input_value={}, input_type=dict]
    For further information visit https://errors.pydantic.dev/2.8/v/missing
publisher
  Field required [type=missing, input_value={}, input_type=dict]
    For further information visit https://errors.pydantic.dev/2.8/v/missing
identifier
  Field required [type=missing, input_value={}, input_type=dict]
    For further information visit https://errors.pydantic.dev/2.8/v/missing
description
  Field required [type=missing, input_value={}, input_type=dict]
    For further information visit https://errors.pydantic.dev/2.8/v/missing
title
  Field required [type=missing, input_value={}, input_type=dict]
    For further information visit https://errors.pydantic.dev/2.8/v/missing
programCode
  Field required [type=missing, input_value={}, input_type=dict]
    For further information visit https://errors.pydantic.dev/2.8/v/missing
distribution
  Field required [type=missing, input_value={}, input_type=dict]
    For further information visit https://errors.pydantic.dev/2.8/v/missing
theme
  Field required [type=missing, input_value={}, input_type=dict]
    For further information visit https://errors.pydantic.dev/2.8/v/missing
2024-08-23 12:40:38 - ERROR - Validation error for dataset: Unknown title
Traceback (most recent call last):
  File "C:\Users\edmun\Projects\Repositories\healthpartners-interview\src\healthpartners_interview\download.py", line 31, in fetch_datasets
    dataset = Dataset(**current_item)
              ^^^^^^^^^^^^^^^^^^^^^^^
  File "C:\Users\edmun\Projects\Repositories\healthpartners-interview\.venv\Lib\site-packages\pydantic\main.py", line 193, in __init__
    self.__pydantic_validator__.validate_python(data, self_instance=self)
pydantic_core._pydantic_core.ValidationError: 16 validation errors for Dataset
accessLevel
  Field required [type=missing, input_value={}, input_type=dict]
    For further information visit https://errors.pydantic.dev/2.8/v/missing
landingPage
  Field required [type=missing, input_value={}, input_type=dict]
    For further information visit https://errors.pydantic.dev/2.8/v/missing
bureauCode
  Field required [type=missing, input_value={}, input_type=dict]
    For further information visit https://errors.pydantic.dev/2.8/v/missing
issued
  Field required [type=missing, input_value={}, input_type=dict]
    For further information visit https://errors.pydantic.dev/2.8/v/missing
@type
  Field required [type=missing, input_value={}, input_type=dict]
    For further information visit https://errors.pydantic.dev/2.8/v/missing
modified
  Field required [type=missing, input_value={}, input_type=dict]
    For further information visit https://errors.pydantic.dev/2.8/v/missing
released
  Field required [type=missing, input_value={}, input_type=dict]
    For further information visit https://errors.pydantic.dev/2.8/v/missing
keyword
  Field required [type=missing, input_value={}, input_type=dict]
    For further information visit https://errors.pydantic.dev/2.8/v/missing
contactPoint
  Field required [type=missing, input_value={}, input_type=dict]
    For further information visit https://errors.pydantic.dev/2.8/v/missing
publisher
  Field required [type=missing, input_value={}, input_type=dict]
    For further information visit https://errors.pydantic.dev/2.8/v/missing
identifier
  Field required [type=missing, input_value={}, input_type=dict]
    For further information visit https://errors.pydantic.dev/2.8/v/missing
description
  Field required [type=missing, input_value={}, input_type=dict]
    For further information visit https://errors.pydantic.dev/2.8/v/missing
title
  Field required [type=missing, input_value={}, input_type=dict]
    For further information visit https://errors.pydantic.dev/2.8/v/missing
programCode
  Field required [type=missing, input_value={}, input_type=dict]
    For further information visit https://errors.pydantic.dev/2.8/v/missing
distribution
  Field required [type=missing, input_value={}, input_type=dict]
    For further information visit https://errors.pydantic.dev/2.8/v/missing
theme
  Field required [type=missing, input_value={}, input_type=dict]
    For further information visit https://errors.pydantic.dev/2.8/v/missing
2024-08-23 12:40:38 - ERROR - Validation error for dataset: Unknown title
Traceback (most recent call last):
  File "C:\Users\edmun\Projects\Repositories\healthpartners-interview\src\healthpartners_interview\download.py", line 31, in fetch_datasets
    dataset = Dataset(**current_item)
              ^^^^^^^^^^^^^^^^^^^^^^^
  File "C:\Users\edmun\Projects\Repositories\healthpartners-interview\.venv\Lib\site-packages\pydantic\main.py", line 193, in __init__
    self.__pydantic_validator__.validate_python(data, self_instance=self)
pydantic_core._pydantic_core.ValidationError: 16 validation errors for Dataset
accessLevel
  Field required [type=missing, input_value={}, input_type=dict]
    For further information visit https://errors.pydantic.dev/2.8/v/missing
landingPage
  Field required [type=missing, input_value={}, input_type=dict]
    For further information visit https://errors.pydantic.dev/2.8/v/missing
bureauCode
  Field required [type=missing, input_value={}, input_type=dict]
    For further information visit https://errors.pydantic.dev/2.8/v/missing
issued
  Field required [type=missing, input_value={}, input_type=dict]
    For further information visit https://errors.pydantic.dev/2.8/v/missing
@type
  Field required [type=missing, input_value={}, input_type=dict]
    For further information visit https://errors.pydantic.dev/2.8/v/missing
modified
  Field required [type=missing, input_value={}, input_type=dict]
    For further information visit https://errors.pydantic.dev/2.8/v/missing
released
  Field required [type=missing, input_value={}, input_type=dict]
    For further information visit https://errors.pydantic.dev/2.8/v/missing
keyword
  Field required [type=missing, input_value={}, input_type=dict]
    For further information visit https://errors.pydantic.dev/2.8/v/missing
contactPoint
  Field required [type=missing, input_value={}, input_type=dict]
    For further information visit https://errors.pydantic.dev/2.8/v/missing
publisher
  Field required [type=missing, input_value={}, input_type=dict]
    For further information visit https://errors.pydantic.dev/2.8/v/missing
identifier
  Field required [type=missing, input_value={}, input_type=dict]
    For further information visit https://errors.pydantic.dev/2.8/v/missing
description
  Field required [type=missing, input_value={}, input_type=dict]
    For further information visit https://errors.pydantic.dev/2.8/v/missing
title
  Field required [type=missing, input_value={}, input_type=dict]
    For further information visit https://errors.pydantic.dev/2.8/v/missing
programCode
  Field required [type=missing, input_value={}, input_type=dict]
    For further information visit https://errors.pydantic.dev/2.8/v/missing
distribution
  Field required [type=missing, input_value={}, input_type=dict]
    For further information visit https://errors.pydantic.dev/2.8/v/missing
theme
  Field required [type=missing, input_value={}, input_type=dict]
    For further information visit https://errors.pydantic.dev/2.8/v/missing
2024-08-23 12:40:38 - ERROR - Validation error for dataset: Unknown title
Traceback (most recent call last):
  File "C:\Users\edmun\Projects\Repositories\healthpartners-interview\src\healthpartners_interview\download.py", line 31, in fetch_datasets
    dataset = Dataset(**current_item)
              ^^^^^^^^^^^^^^^^^^^^^^^
  File "C:\Users\edmun\Projects\Repositories\healthpartners-interview\.venv\Lib\site-packages\pydantic\main.py", line 193, in __init__
    self.__pydantic_validator__.validate_python(data, self_instance=self)
pydantic_core._pydantic_core.ValidationError: 16 validation errors for Dataset
accessLevel
  Field required [type=missing, input_value={'item': 'programCode'}, input_type=dict]
    For further information visit https://errors.pydantic.dev/2.8/v/missing
landingPage
  Field required [type=missing, input_value={'item': 'programCode'}, input_type=dict]
    For further information visit https://errors.pydantic.dev/2.8/v/missing
bureauCode
  Field required [type=missing, input_value={'item': 'programCode'}, input_type=dict]
    For further information visit https://errors.pydantic.dev/2.8/v/missing
issued
  Field required [type=missing, input_value={'item': 'programCode'}, input_type=dict]
    For further information visit https://errors.pydantic.dev/2.8/v/missing
@type
  Field required [type=missing, input_value={'item': 'programCode'}, input_type=dict]
    For further information visit https://errors.pydantic.dev/2.8/v/missing
modified
  Field required [type=missing, input_value={'item': 'programCode'}, input_type=dict]
    For further information visit https://errors.pydantic.dev/2.8/v/missing
released
  Field required [type=missing, input_value={'item': 'programCode'}, input_type=dict]
    For further information visit https://errors.pydantic.dev/2.8/v/missing
keyword
  Field required [type=missing, input_value={'item': 'programCode'}, input_type=dict]
    For further information visit https://errors.pydantic.dev/2.8/v/missing
contactPoint
  Field required [type=missing, input_value={'item': 'programCode'}, input_type=dict]
    For further information visit https://errors.pydantic.dev/2.8/v/missing
publisher
  Field required [type=missing, input_value={'item': 'programCode'}, input_type=dict]
    For further information visit https://errors.pydantic.dev/2.8/v/missing
identifier
  Field required [type=missing, input_value={'item': 'programCode'}, input_type=dict]
    For further information visit https://errors.pydantic.dev/2.8/v/missing
description
  Field required [type=missing, input_value={'item': 'programCode'}, input_type=dict]
    For further information visit https://errors.pydantic.dev/2.8/v/missing
title
  Field required [type=missing, input_value={'item': 'programCode'}, input_type=dict]
    For further information visit https://errors.pydantic.dev/2.8/v/missing
programCode
  Field required [type=missing, input_value={'item': 'programCode'}, input_type=dict]
    For further information visit https://errors.pydantic.dev/2.8/v/missing
distribution
  Field required [type=missing, input_value={'item': 'programCode'}, input_type=dict]
    For further information visit https://errors.pydantic.dev/2.8/v/missing
theme
  Field required [type=missing, input_value={'item': 'programCode'}, input_type=dict]
    For further information visit https://errors.pydantic.dev/2.8/v/missing
2024-08-23 12:40:38 - ERROR - Validation error for dataset: Unknown title
Traceback (most recent call last):
  File "C:\Users\edmun\Projects\Repositories\healthpartners-interview\src\healthpartners_interview\download.py", line 31, in fetch_datasets
    dataset = Dataset(**current_item)
              ^^^^^^^^^^^^^^^^^^^^^^^
  File "C:\Users\edmun\Projects\Repositories\healthpartners-interview\.venv\Lib\site-packages\pydantic\main.py", line 193, in __init__
    self.__pydantic_validator__.validate_python(data, self_instance=self)
pydantic_core._pydantic_core.ValidationError: 16 validation errors for Dataset
accessLevel
  Field required [type=missing, input_value={}, input_type=dict]
    For further information visit https://errors.pydantic.dev/2.8/v/missing
landingPage
  Field required [type=missing, input_value={}, input_type=dict]
    For further information visit https://errors.pydantic.dev/2.8/v/missing
bureauCode
  Field required [type=missing, input_value={}, input_type=dict]
    For further information visit https://errors.pydantic.dev/2.8/v/missing
issued
  Field required [type=missing, input_value={}, input_type=dict]
    For further information visit https://errors.pydantic.dev/2.8/v/missing
@type
  Field required [type=missing, input_value={}, input_type=dict]
    For further information visit https://errors.pydantic.dev/2.8/v/missing
modified
  Field required [type=missing, input_value={}, input_type=dict]
    For further information visit https://errors.pydantic.dev/2.8/v/missing
released
  Field required [type=missing, input_value={}, input_type=dict]
    For further information visit https://errors.pydantic.dev/2.8/v/missing
keyword
  Field required [type=missing, input_value={}, input_type=dict]
    For further information visit https://errors.pydantic.dev/2.8/v/missing
contactPoint
  Field required [type=missing, input_value={}, input_type=dict]
    For further information visit https://errors.pydantic.dev/2.8/v/missing
publisher
  Field required [type=missing, input_value={}, input_type=dict]
    For further information visit https://errors.pydantic.dev/2.8/v/missing
identifier
  Field required [type=missing, input_value={}, input_type=dict]
    For further information visit https://errors.pydantic.dev/2.8/v/missing
description
  Field required [type=missing, input_value={}, input_type=dict]
    For further information visit https://errors.pydantic.dev/2.8/v/missing
title
  Field required [type=missing, input_value={}, input_type=dict]
    For further information visit https://errors.pydantic.dev/2.8/v/missing
programCode
  Field required [type=missing, input_value={}, input_type=dict]
    For further information visit https://errors.pydantic.dev/2.8/v/missing
distribution
  Field required [type=missing, input_value={}, input_type=dict]
    For further information visit https://errors.pydantic.dev/2.8/v/missing
theme
  Field required [type=missing, input_value={}, input_type=dict]
    For further information visit https://errors.pydantic.dev/2.8/v/missing
2024-08-23 12:40:38 - ERROR - Validation error for dataset: Unknown title
Traceback (most recent call last):
  File "C:\Users\edmun\Projects\Repositories\healthpartners-interview\src\healthpartners_interview\download.py", line 31, in fetch_datasets
    dataset = Dataset(**current_item)
              ^^^^^^^^^^^^^^^^^^^^^^^
  File "C:\Users\edmun\Projects\Repositories\healthpartners-interview\.venv\Lib\site-packages\pydantic\main.py", line 193, in __init__
    self.__pydantic_validator__.validate_python(data, self_instance=self)
pydantic_core._pydantic_core.ValidationError: 16 validation errors for Dataset
accessLevel
  Field required [type=missing, input_value={}, input_type=dict]
    For further information visit https://errors.pydantic.dev/2.8/v/missing
landingPage
  Field required [type=missing, input_value={}, input_type=dict]
    For further information visit https://errors.pydantic.dev/2.8/v/missing
bureauCode
  Field required [type=missing, input_value={}, input_type=dict]
    For further information visit https://errors.pydantic.dev/2.8/v/missing
issued
  Field required [type=missing, input_value={}, input_type=dict]
    For further information visit https://errors.pydantic.dev/2.8/v/missing
@type
  Field required [type=missing, input_value={}, input_type=dict]
    For further information visit https://errors.pydantic.dev/2.8/v/missing
modified
  Field required [type=missing, input_value={}, input_type=dict]
    For further information visit https://errors.pydantic.dev/2.8/v/missing
released
  Field required [type=missing, input_value={}, input_type=dict]
    For further information visit https://errors.pydantic.dev/2.8/v/missing
keyword
  Field required [type=missing, input_value={}, input_type=dict]
    For further information visit https://errors.pydantic.dev/2.8/v/missing
contactPoint
  Field required [type=missing, input_value={}, input_type=dict]
    For further information visit https://errors.pydantic.dev/2.8/v/missing
publisher
  Field required [type=missing, input_value={}, input_type=dict]
    For further information visit https://errors.pydantic.dev/2.8/v/missing
identifier
  Field required [type=missing, input_value={}, input_type=dict]
    For further information visit https://errors.pydantic.dev/2.8/v/missing
description
  Field required [type=missing, input_value={}, input_type=dict]
    For further information visit https://errors.pydantic.dev/2.8/v/missing
title
  Field required [type=missing, input_value={}, input_type=dict]
    For further information visit https://errors.pydantic.dev/2.8/v/missing
programCode
  Field required [type=missing, input_value={}, input_type=dict]
    For further information visit https://errors.pydantic.dev/2.8/v/missing
distribution
  Field required [type=missing, input_value={}, input_type=dict]
    For further information visit https://errors.pydantic.dev/2.8/v/missing
theme
  Field required [type=missing, input_value={}, input_type=dict]
    For further information visit https://errors.pydantic.dev/2.8/v/missing
2024-08-23 12:40:38 - ERROR - Validation error for dataset: Unknown title
Traceback (most recent call last):
  File "C:\Users\edmun\Projects\Repositories\healthpartners-interview\src\healthpartners_interview\download.py", line 31, in fetch_datasets
    dataset = Dataset(**current_item)
              ^^^^^^^^^^^^^^^^^^^^^^^
  File "C:\Users\edmun\Projects\Repositories\healthpartners-interview\.venv\Lib\site-packages\pydantic\main.py", line 193, in __init__
    self.__pydantic_validator__.validate_python(data, self_instance=self)
pydantic_core._pydantic_core.ValidationError: 16 validation errors for Dataset
accessLevel
  Field required [type=missing, input_value={}, input_type=dict]
    For further information visit https://errors.pydantic.dev/2.8/v/missing
landingPage
  Field required [type=missing, input_value={}, input_type=dict]
    For further information visit https://errors.pydantic.dev/2.8/v/missing
bureauCode
  Field required [type=missing, input_value={}, input_type=dict]
    For further information visit https://errors.pydantic.dev/2.8/v/missing
issued
  Field required [type=missing, input_value={}, input_type=dict]
    For further information visit https://errors.pydantic.dev/2.8/v/missing
@type
  Field required [type=missing, input_value={}, input_type=dict]
    For further information visit https://errors.pydantic.dev/2.8/v/missing
modified
  Field required [type=missing, input_value={}, input_type=dict]
    For further information visit https://errors.pydantic.dev/2.8/v/missing
released
  Field required [type=missing, input_value={}, input_type=dict]
    For further information visit https://errors.pydantic.dev/2.8/v/missing
keyword
  Field required [type=missing, input_value={}, input_type=dict]
    For further information visit https://errors.pydantic.dev/2.8/v/missing
contactPoint
  Field required [type=missing, input_value={}, input_type=dict]
    For further information visit https://errors.pydantic.dev/2.8/v/missing
publisher
  Field required [type=missing, input_value={}, input_type=dict]
    For further information visit https://errors.pydantic.dev/2.8/v/missing
identifier
  Field required [type=missing, input_value={}, input_type=dict]
    For further information visit https://errors.pydantic.dev/2.8/v/missing
description
  Field required [type=missing, input_value={}, input_type=dict]
    For further information visit https://errors.pydantic.dev/2.8/v/missing
title
  Field required [type=missing, input_value={}, input_type=dict]
    For further information visit https://errors.pydantic.dev/2.8/v/missing
programCode
  Field required [type=missing, input_value={}, input_type=dict]
    For further information visit https://errors.pydantic.dev/2.8/v/missing
distribution
  Field required [type=missing, input_value={}, input_type=dict]
    For further information visit https://errors.pydantic.dev/2.8/v/missing
theme
  Field required [type=missing, input_value={}, input_type=dict]
    For further information visit https://errors.pydantic.dev/2.8/v/missing
2024-08-23 12:40:38 - ERROR - Validation error for dataset: Unknown title
Traceback (most recent call last):
  File "C:\Users\edmun\Projects\Repositories\healthpartners-interview\src\healthpartners_interview\download.py", line 31, in fetch_datasets
    dataset = Dataset(**current_item)
              ^^^^^^^^^^^^^^^^^^^^^^^
  File "C:\Users\edmun\Projects\Repositories\healthpartners-interview\.venv\Lib\site-packages\pydantic\main.py", line 193, in __init__
    self.__pydantic_validator__.validate_python(data, self_instance=self)
pydantic_core._pydantic_core.ValidationError: 16 validation errors for Dataset
accessLevel
  Field required [type=missing, input_value={'item': 'programCode'}, input_type=dict]
    For further information visit https://errors.pydantic.dev/2.8/v/missing
landingPage
  Field required [type=missing, input_value={'item': 'programCode'}, input_type=dict]
    For further information visit https://errors.pydantic.dev/2.8/v/missing
bureauCode
  Field required [type=missing, input_value={'item': 'programCode'}, input_type=dict]
    For further information visit https://errors.pydantic.dev/2.8/v/missing
issued
  Field required [type=missing, input_value={'item': 'programCode'}, input_type=dict]
    For further information visit https://errors.pydantic.dev/2.8/v/missing
@type
  Field required [type=missing, input_value={'item': 'programCode'}, input_type=dict]
    For further information visit https://errors.pydantic.dev/2.8/v/missing
modified
  Field required [type=missing, input_value={'item': 'programCode'}, input_type=dict]
    For further information visit https://errors.pydantic.dev/2.8/v/missing
released
  Field required [type=missing, input_value={'item': 'programCode'}, input_type=dict]
    For further information visit https://errors.pydantic.dev/2.8/v/missing
keyword
  Field required [type=missing, input_value={'item': 'programCode'}, input_type=dict]
    For further information visit https://errors.pydantic.dev/2.8/v/missing
contactPoint
  Field required [type=missing, input_value={'item': 'programCode'}, input_type=dict]
    For further information visit https://errors.pydantic.dev/2.8/v/missing
publisher
  Field required [type=missing, input_value={'item': 'programCode'}, input_type=dict]
    For further information visit https://errors.pydantic.dev/2.8/v/missing
identifier
  Field required [type=missing, input_value={'item': 'programCode'}, input_type=dict]
    For further information visit https://errors.pydantic.dev/2.8/v/missing
description
  Field required [type=missing, input_value={'item': 'programCode'}, input_type=dict]
    For further information visit https://errors.pydantic.dev/2.8/v/missing
title
  Field required [type=missing, input_value={'item': 'programCode'}, input_type=dict]
    For further information visit https://errors.pydantic.dev/2.8/v/missing
programCode
  Field required [type=missing, input_value={'item': 'programCode'}, input_type=dict]
    For further information visit https://errors.pydantic.dev/2.8/v/missing
distribution
  Field required [type=missing, input_value={'item': 'programCode'}, input_type=dict]
    For further information visit https://errors.pydantic.dev/2.8/v/missing
theme
  Field required [type=missing, input_value={'item': 'programCode'}, input_type=dict]
    For further information visit https://errors.pydantic.dev/2.8/v/missing
2024-08-23 12:40:38 - ERROR - Validation error for dataset: Unknown title
Traceback (most recent call last):
  File "C:\Users\edmun\Projects\Repositories\healthpartners-interview\src\healthpartners_interview\download.py", line 31, in fetch_datasets
    dataset = Dataset(**current_item)
              ^^^^^^^^^^^^^^^^^^^^^^^
  File "C:\Users\edmun\Projects\Repositories\healthpartners-interview\.venv\Lib\site-packages\pydantic\main.py", line 193, in __init__
    self.__pydantic_validator__.validate_python(data, self_instance=self)
pydantic_core._pydantic_core.ValidationError: 16 validation errors for Dataset
accessLevel
  Field required [type=missing, input_value={}, input_type=dict]
    For further information visit https://errors.pydantic.dev/2.8/v/missing
landingPage
  Field required [type=missing, input_value={}, input_type=dict]
    For further information visit https://errors.pydantic.dev/2.8/v/missing
bureauCode
  Field required [type=missing, input_value={}, input_type=dict]
    For further information visit https://errors.pydantic.dev/2.8/v/missing
issued
  Field required [type=missing, input_value={}, input_type=dict]
    For further information visit https://errors.pydantic.dev/2.8/v/missing
@type
  Field required [type=missing, input_value={}, input_type=dict]
    For further information visit https://errors.pydantic.dev/2.8/v/missing
modified
  Field required [type=missing, input_value={}, input_type=dict]
    For further information visit https://errors.pydantic.dev/2.8/v/missing
released
  Field required [type=missing, input_value={}, input_type=dict]
    For further information visit https://errors.pydantic.dev/2.8/v/missing
keyword
  Field required [type=missing, input_value={}, input_type=dict]
    For further information visit https://errors.pydantic.dev/2.8/v/missing
contactPoint
  Field required [type=missing, input_value={}, input_type=dict]
    For further information visit https://errors.pydantic.dev/2.8/v/missing
publisher
  Field required [type=missing, input_value={}, input_type=dict]
    For further information visit https://errors.pydantic.dev/2.8/v/missing
identifier
  Field required [type=missing, input_value={}, input_type=dict]
    For further information visit https://errors.pydantic.dev/2.8/v/missing
description
  Field required [type=missing, input_value={}, input_type=dict]
    For further information visit https://errors.pydantic.dev/2.8/v/missing
title
  Field required [type=missing, input_value={}, input_type=dict]
    For further information visit https://errors.pydantic.dev/2.8/v/missing
programCode
  Field required [type=missing, input_value={}, input_type=dict]
    For further information visit https://errors.pydantic.dev/2.8/v/missing
distribution
  Field required [type=missing, input_value={}, input_type=dict]
    For further information visit https://errors.pydantic.dev/2.8/v/missing
theme
  Field required [type=missing, input_value={}, input_type=dict]
    For further information visit https://errors.pydantic.dev/2.8/v/missing
2024-08-23 12:40:38 - ERROR - Validation error for dataset: Unknown title
Traceback (most recent call last):
  File "C:\Users\edmun\Projects\Repositories\healthpartners-interview\src\healthpartners_interview\download.py", line 31, in fetch_datasets
    dataset = Dataset(**current_item)
              ^^^^^^^^^^^^^^^^^^^^^^^
  File "C:\Users\edmun\Projects\Repositories\healthpartners-interview\.venv\Lib\site-packages\pydantic\main.py", line 193, in __init__
    self.__pydantic_validator__.validate_python(data, self_instance=self)
pydantic_core._pydantic_core.ValidationError: 16 validation errors for Dataset
accessLevel
  Field required [type=missing, input_value={}, input_type=dict]
    For further information visit https://errors.pydantic.dev/2.8/v/missing
landingPage
  Field required [type=missing, input_value={}, input_type=dict]
    For further information visit https://errors.pydantic.dev/2.8/v/missing
bureauCode
  Field required [type=missing, input_value={}, input_type=dict]
    For further information visit https://errors.pydantic.dev/2.8/v/missing
issued
  Field required [type=missing, input_value={}, input_type=dict]
    For further information visit https://errors.pydantic.dev/2.8/v/missing
@type
  Field required [type=missing, input_value={}, input_type=dict]
    For further information visit https://errors.pydantic.dev/2.8/v/missing
modified
  Field required [type=missing, input_value={}, input_type=dict]
    For further information visit https://errors.pydantic.dev/2.8/v/missing
released
  Field required [type=missing, input_value={}, input_type=dict]
    For further information visit https://errors.pydantic.dev/2.8/v/missing
keyword
  Field required [type=missing, input_value={}, input_type=dict]
    For further information visit https://errors.pydantic.dev/2.8/v/missing
contactPoint
  Field required [type=missing, input_value={}, input_type=dict]
    For further information visit https://errors.pydantic.dev/2.8/v/missing
publisher
  Field required [type=missing, input_value={}, input_type=dict]
    For further information visit https://errors.pydantic.dev/2.8/v/missing
identifier
  Field required [type=missing, input_value={}, input_type=dict]
    For further information visit https://errors.pydantic.dev/2.8/v/missing
description
  Field required [type=missing, input_value={}, input_type=dict]
    For further information visit https://errors.pydantic.dev/2.8/v/missing
title
  Field required [type=missing, input_value={}, input_type=dict]
    For further information visit https://errors.pydantic.dev/2.8/v/missing
programCode
  Field required [type=missing, input_value={}, input_type=dict]
    For further information visit https://errors.pydantic.dev/2.8/v/missing
distribution
  Field required [type=missing, input_value={}, input_type=dict]
    For further information visit https://errors.pydantic.dev/2.8/v/missing
theme
  Field required [type=missing, input_value={}, input_type=dict]
    For further information visit https://errors.pydantic.dev/2.8/v/missing
2024-08-23 12:40:38 - ERROR - Validation error for dataset: Unknown title
Traceback (most recent call last):
  File "C:\Users\edmun\Projects\Repositories\healthpartners-interview\src\healthpartners_interview\download.py", line 31, in fetch_datasets
    dataset = Dataset(**current_item)
              ^^^^^^^^^^^^^^^^^^^^^^^
  File "C:\Users\edmun\Projects\Repositories\healthpartners-interview\.venv\Lib\site-packages\pydantic\main.py", line 193, in __init__
    self.__pydantic_validator__.validate_python(data, self_instance=self)
pydantic_core._pydantic_core.ValidationError: 16 validation errors for Dataset
accessLevel
  Field required [type=missing, input_value={}, input_type=dict]
    For further information visit https://errors.pydantic.dev/2.8/v/missing
landingPage
  Field required [type=missing, input_value={}, input_type=dict]
    For further information visit https://errors.pydantic.dev/2.8/v/missing
bureauCode
  Field required [type=missing, input_value={}, input_type=dict]
    For further information visit https://errors.pydantic.dev/2.8/v/missing
issued
  Field required [type=missing, input_value={}, input_type=dict]
    For further information visit https://errors.pydantic.dev/2.8/v/missing
@type
  Field required [type=missing, input_value={}, input_type=dict]
    For further information visit https://errors.pydantic.dev/2.8/v/missing
modified
  Field required [type=missing, input_value={}, input_type=dict]
    For further information visit https://errors.pydantic.dev/2.8/v/missing
released
  Field required [type=missing, input_value={}, input_type=dict]
    For further information visit https://errors.pydantic.dev/2.8/v/missing
keyword
  Field required [type=missing, input_value={}, input_type=dict]
    For further information visit https://errors.pydantic.dev/2.8/v/missing
contactPoint
  Field required [type=missing, input_value={}, input_type=dict]
    For further information visit https://errors.pydantic.dev/2.8/v/missing
publisher
  Field required [type=missing, input_value={}, input_type=dict]
    For further information visit https://errors.pydantic.dev/2.8/v/missing
identifier
  Field required [type=missing, input_value={}, input_type=dict]
    For further information visit https://errors.pydantic.dev/2.8/v/missing
description
  Field required [type=missing, input_value={}, input_type=dict]
    For further information visit https://errors.pydantic.dev/2.8/v/missing
title
  Field required [type=missing, input_value={}, input_type=dict]
    For further information visit https://errors.pydantic.dev/2.8/v/missing
programCode
  Field required [type=missing, input_value={}, input_type=dict]
    For further information visit https://errors.pydantic.dev/2.8/v/missing
distribution
  Field required [type=missing, input_value={}, input_type=dict]
    For further information visit https://errors.pydantic.dev/2.8/v/missing
theme
  Field required [type=missing, input_value={}, input_type=dict]
    For further information visit https://errors.pydantic.dev/2.8/v/missing
2024-08-23 12:40:38 - ERROR - Validation error for dataset: Unknown title
Traceback (most recent call last):
  File "C:\Users\edmun\Projects\Repositories\healthpartners-interview\src\healthpartners_interview\download.py", line 31, in fetch_datasets
    dataset = Dataset(**current_item)
              ^^^^^^^^^^^^^^^^^^^^^^^
  File "C:\Users\edmun\Projects\Repositories\healthpartners-interview\.venv\Lib\site-packages\pydantic\main.py", line 193, in __init__
    self.__pydantic_validator__.validate_python(data, self_instance=self)
pydantic_core._pydantic_core.ValidationError: 16 validation errors for Dataset
accessLevel
  Field required [type=missing, input_value={'item': 'programCode'}, input_type=dict]
    For further information visit https://errors.pydantic.dev/2.8/v/missing
landingPage
  Field required [type=missing, input_value={'item': 'programCode'}, input_type=dict]
    For further information visit https://errors.pydantic.dev/2.8/v/missing
bureauCode
  Field required [type=missing, input_value={'item': 'programCode'}, input_type=dict]
    For further information visit https://errors.pydantic.dev/2.8/v/missing
issued
  Field required [type=missing, input_value={'item': 'programCode'}, input_type=dict]
    For further information visit https://errors.pydantic.dev/2.8/v/missing
@type
  Field required [type=missing, input_value={'item': 'programCode'}, input_type=dict]
    For further information visit https://errors.pydantic.dev/2.8/v/missing
modified
  Field required [type=missing, input_value={'item': 'programCode'}, input_type=dict]
    For further information visit https://errors.pydantic.dev/2.8/v/missing
released
  Field required [type=missing, input_value={'item': 'programCode'}, input_type=dict]
    For further information visit https://errors.pydantic.dev/2.8/v/missing
keyword
  Field required [type=missing, input_value={'item': 'programCode'}, input_type=dict]
    For further information visit https://errors.pydantic.dev/2.8/v/missing
contactPoint
  Field required [type=missing, input_value={'item': 'programCode'}, input_type=dict]
    For further information visit https://errors.pydantic.dev/2.8/v/missing
publisher
  Field required [type=missing, input_value={'item': 'programCode'}, input_type=dict]
    For further information visit https://errors.pydantic.dev/2.8/v/missing
identifier
  Field required [type=missing, input_value={'item': 'programCode'}, input_type=dict]
    For further information visit https://errors.pydantic.dev/2.8/v/missing
description
  Field required [type=missing, input_value={'item': 'programCode'}, input_type=dict]
    For further information visit https://errors.pydantic.dev/2.8/v/missing
title
  Field required [type=missing, input_value={'item': 'programCode'}, input_type=dict]
    For further information visit https://errors.pydantic.dev/2.8/v/missing
programCode
  Field required [type=missing, input_value={'item': 'programCode'}, input_type=dict]
    For further information visit https://errors.pydantic.dev/2.8/v/missing
distribution
  Field required [type=missing, input_value={'item': 'programCode'}, input_type=dict]
    For further information visit https://errors.pydantic.dev/2.8/v/missing
theme
  Field required [type=missing, input_value={'item': 'programCode'}, input_type=dict]
    For further information visit https://errors.pydantic.dev/2.8/v/missing
2024-08-23 12:40:38 - ERROR - Validation error for dataset: Unknown title
Traceback (most recent call last):
  File "C:\Users\edmun\Projects\Repositories\healthpartners-interview\src\healthpartners_interview\download.py", line 31, in fetch_datasets
    dataset = Dataset(**current_item)
              ^^^^^^^^^^^^^^^^^^^^^^^
  File "C:\Users\edmun\Projects\Repositories\healthpartners-interview\.venv\Lib\site-packages\pydantic\main.py", line 193, in __init__
    self.__pydantic_validator__.validate_python(data, self_instance=self)
pydantic_core._pydantic_core.ValidationError: 16 validation errors for Dataset
accessLevel
  Field required [type=missing, input_value={}, input_type=dict]
    For further information visit https://errors.pydantic.dev/2.8/v/missing
landingPage
  Field required [type=missing, input_value={}, input_type=dict]
    For further information visit https://errors.pydantic.dev/2.8/v/missing
bureauCode
  Field required [type=missing, input_value={}, input_type=dict]
    For further information visit https://errors.pydantic.dev/2.8/v/missing
issued
  Field required [type=missing, input_value={}, input_type=dict]
    For further information visit https://errors.pydantic.dev/2.8/v/missing
@type
  Field required [type=missing, input_value={}, input_type=dict]
    For further information visit https://errors.pydantic.dev/2.8/v/missing
modified
  Field required [type=missing, input_value={}, input_type=dict]
    For further information visit https://errors.pydantic.dev/2.8/v/missing
released
  Field required [type=missing, input_value={}, input_type=dict]
    For further information visit https://errors.pydantic.dev/2.8/v/missing
keyword
  Field required [type=missing, input_value={}, input_type=dict]
    For further information visit https://errors.pydantic.dev/2.8/v/missing
contactPoint
  Field required [type=missing, input_value={}, input_type=dict]
    For further information visit https://errors.pydantic.dev/2.8/v/missing
publisher
  Field required [type=missing, input_value={}, input_type=dict]
    For further information visit https://errors.pydantic.dev/2.8/v/missing
identifier
  Field required [type=missing, input_value={}, input_type=dict]
    For further information visit https://errors.pydantic.dev/2.8/v/missing
description
  Field required [type=missing, input_value={}, input_type=dict]
    For further information visit https://errors.pydantic.dev/2.8/v/missing
title
  Field required [type=missing, input_value={}, input_type=dict]
    For further information visit https://errors.pydantic.dev/2.8/v/missing
programCode
  Field required [type=missing, input_value={}, input_type=dict]
    For further information visit https://errors.pydantic.dev/2.8/v/missing
distribution
  Field required [type=missing, input_value={}, input_type=dict]
    For further information visit https://errors.pydantic.dev/2.8/v/missing
theme
  Field required [type=missing, input_value={}, input_type=dict]
    For further information visit https://errors.pydantic.dev/2.8/v/missing
2024-08-23 12:40:38 - ERROR - Validation error for dataset: Unknown title
Traceback (most recent call last):
  File "C:\Users\edmun\Projects\Repositories\healthpartners-interview\src\healthpartners_interview\download.py", line 31, in fetch_datasets
    dataset = Dataset(**current_item)
              ^^^^^^^^^^^^^^^^^^^^^^^
  File "C:\Users\edmun\Projects\Repositories\healthpartners-interview\.venv\Lib\site-packages\pydantic\main.py", line 193, in __init__
    self.__pydantic_validator__.validate_python(data, self_instance=self)
pydantic_core._pydantic_core.ValidationError: 16 validation errors for Dataset
accessLevel
  Field required [type=missing, input_value={}, input_type=dict]
    For further information visit https://errors.pydantic.dev/2.8/v/missing
landingPage
  Field required [type=missing, input_value={}, input_type=dict]
    For further information visit https://errors.pydantic.dev/2.8/v/missing
bureauCode
  Field required [type=missing, input_value={}, input_type=dict]
    For further information visit https://errors.pydantic.dev/2.8/v/missing
issued
  Field required [type=missing, input_value={}, input_type=dict]
    For further information visit https://errors.pydantic.dev/2.8/v/missing
@type
  Field required [type=missing, input_value={}, input_type=dict]
    For further information visit https://errors.pydantic.dev/2.8/v/missing
modified
  Field required [type=missing, input_value={}, input_type=dict]
    For further information visit https://errors.pydantic.dev/2.8/v/missing
released
  Field required [type=missing, input_value={}, input_type=dict]
    For further information visit https://errors.pydantic.dev/2.8/v/missing
keyword
  Field required [type=missing, input_value={}, input_type=dict]
    For further information visit https://errors.pydantic.dev/2.8/v/missing
contactPoint
  Field required [type=missing, input_value={}, input_type=dict]
    For further information visit https://errors.pydantic.dev/2.8/v/missing
publisher
  Field required [type=missing, input_value={}, input_type=dict]
    For further information visit https://errors.pydantic.dev/2.8/v/missing
identifier
  Field required [type=missing, input_value={}, input_type=dict]
    For further information visit https://errors.pydantic.dev/2.8/v/missing
description
  Field required [type=missing, input_value={}, input_type=dict]
    For further information visit https://errors.pydantic.dev/2.8/v/missing
title
  Field required [type=missing, input_value={}, input_type=dict]
    For further information visit https://errors.pydantic.dev/2.8/v/missing
programCode
  Field required [type=missing, input_value={}, input_type=dict]
    For further information visit https://errors.pydantic.dev/2.8/v/missing
distribution
  Field required [type=missing, input_value={}, input_type=dict]
    For further information visit https://errors.pydantic.dev/2.8/v/missing
theme
  Field required [type=missing, input_value={}, input_type=dict]
    For further information visit https://errors.pydantic.dev/2.8/v/missing
2024-08-23 12:40:38 - ERROR - Validation error for dataset: Unknown title
Traceback (most recent call last):
  File "C:\Users\edmun\Projects\Repositories\healthpartners-interview\src\healthpartners_interview\download.py", line 31, in fetch_datasets
    dataset = Dataset(**current_item)
              ^^^^^^^^^^^^^^^^^^^^^^^
  File "C:\Users\edmun\Projects\Repositories\healthpartners-interview\.venv\Lib\site-packages\pydantic\main.py", line 193, in __init__
    self.__pydantic_validator__.validate_python(data, self_instance=self)
pydantic_core._pydantic_core.ValidationError: 16 validation errors for Dataset
accessLevel
  Field required [type=missing, input_value={}, input_type=dict]
    For further information visit https://errors.pydantic.dev/2.8/v/missing
landingPage
  Field required [type=missing, input_value={}, input_type=dict]
    For further information visit https://errors.pydantic.dev/2.8/v/missing
bureauCode
  Field required [type=missing, input_value={}, input_type=dict]
    For further information visit https://errors.pydantic.dev/2.8/v/missing
issued
  Field required [type=missing, input_value={}, input_type=dict]
    For further information visit https://errors.pydantic.dev/2.8/v/missing
@type
  Field required [type=missing, input_value={}, input_type=dict]
    For further information visit https://errors.pydantic.dev/2.8/v/missing
modified
  Field required [type=missing, input_value={}, input_type=dict]
    For further information visit https://errors.pydantic.dev/2.8/v/missing
released
  Field required [type=missing, input_value={}, input_type=dict]
    For further information visit https://errors.pydantic.dev/2.8/v/missing
keyword
  Field required [type=missing, input_value={}, input_type=dict]
    For further information visit https://errors.pydantic.dev/2.8/v/missing
contactPoint
  Field required [type=missing, input_value={}, input_type=dict]
    For further information visit https://errors.pydantic.dev/2.8/v/missing
publisher
  Field required [type=missing, input_value={}, input_type=dict]
    For further information visit https://errors.pydantic.dev/2.8/v/missing
identifier
  Field required [type=missing, input_value={}, input_type=dict]
    For further information visit https://errors.pydantic.dev/2.8/v/missing
description
  Field required [type=missing, input_value={}, input_type=dict]
    For further information visit https://errors.pydantic.dev/2.8/v/missing
title
  Field required [type=missing, input_value={}, input_type=dict]
    For further information visit https://errors.pydantic.dev/2.8/v/missing
programCode
  Field required [type=missing, input_value={}, input_type=dict]
    For further information visit https://errors.pydantic.dev/2.8/v/missing
distribution
  Field required [type=missing, input_value={}, input_type=dict]
    For further information visit https://errors.pydantic.dev/2.8/v/missing
theme
  Field required [type=missing, input_value={}, input_type=dict]
    For further information visit https://errors.pydantic.dev/2.8/v/missing
2024-08-23 12:40:38 - ERROR - Validation error for dataset: Unknown title
Traceback (most recent call last):
  File "C:\Users\edmun\Projects\Repositories\healthpartners-interview\src\healthpartners_interview\download.py", line 31, in fetch_datasets
    dataset = Dataset(**current_item)
              ^^^^^^^^^^^^^^^^^^^^^^^
  File "C:\Users\edmun\Projects\Repositories\healthpartners-interview\.venv\Lib\site-packages\pydantic\main.py", line 193, in __init__
    self.__pydantic_validator__.validate_python(data, self_instance=self)
pydantic_core._pydantic_core.ValidationError: 16 validation errors for Dataset
accessLevel
  Field required [type=missing, input_value={'item': 'programCode'}, input_type=dict]
    For further information visit https://errors.pydantic.dev/2.8/v/missing
landingPage
  Field required [type=missing, input_value={'item': 'programCode'}, input_type=dict]
    For further information visit https://errors.pydantic.dev/2.8/v/missing
bureauCode
  Field required [type=missing, input_value={'item': 'programCode'}, input_type=dict]
    For further information visit https://errors.pydantic.dev/2.8/v/missing
issued
  Field required [type=missing, input_value={'item': 'programCode'}, input_type=dict]
    For further information visit https://errors.pydantic.dev/2.8/v/missing
@type
  Field required [type=missing, input_value={'item': 'programCode'}, input_type=dict]
    For further information visit https://errors.pydantic.dev/2.8/v/missing
modified
  Field required [type=missing, input_value={'item': 'programCode'}, input_type=dict]
    For further information visit https://errors.pydantic.dev/2.8/v/missing
released
  Field required [type=missing, input_value={'item': 'programCode'}, input_type=dict]
    For further information visit https://errors.pydantic.dev/2.8/v/missing
keyword
  Field required [type=missing, input_value={'item': 'programCode'}, input_type=dict]
    For further information visit https://errors.pydantic.dev/2.8/v/missing
contactPoint
  Field required [type=missing, input_value={'item': 'programCode'}, input_type=dict]
    For further information visit https://errors.pydantic.dev/2.8/v/missing
publisher
  Field required [type=missing, input_value={'item': 'programCode'}, input_type=dict]
    For further information visit https://errors.pydantic.dev/2.8/v/missing
identifier
  Field required [type=missing, input_value={'item': 'programCode'}, input_type=dict]
    For further information visit https://errors.pydantic.dev/2.8/v/missing
description
  Field required [type=missing, input_value={'item': 'programCode'}, input_type=dict]
    For further information visit https://errors.pydantic.dev/2.8/v/missing
title
  Field required [type=missing, input_value={'item': 'programCode'}, input_type=dict]
    For further information visit https://errors.pydantic.dev/2.8/v/missing
programCode
  Field required [type=missing, input_value={'item': 'programCode'}, input_type=dict]
    For further information visit https://errors.pydantic.dev/2.8/v/missing
distribution
  Field required [type=missing, input_value={'item': 'programCode'}, input_type=dict]
    For further information visit https://errors.pydantic.dev/2.8/v/missing
theme
  Field required [type=missing, input_value={'item': 'programCode'}, input_type=dict]
    For further information visit https://errors.pydantic.dev/2.8/v/missing
2024-08-23 12:40:38 - ERROR - Validation error for dataset: Unknown title
Traceback (most recent call last):
  File "C:\Users\edmun\Projects\Repositories\healthpartners-interview\src\healthpartners_interview\download.py", line 31, in fetch_datasets
    dataset = Dataset(**current_item)
              ^^^^^^^^^^^^^^^^^^^^^^^
  File "C:\Users\edmun\Projects\Repositories\healthpartners-interview\.venv\Lib\site-packages\pydantic\main.py", line 193, in __init__
    self.__pydantic_validator__.validate_python(data, self_instance=self)
pydantic_core._pydantic_core.ValidationError: 16 validation errors for Dataset
accessLevel
  Field required [type=missing, input_value={}, input_type=dict]
    For further information visit https://errors.pydantic.dev/2.8/v/missing
landingPage
  Field required [type=missing, input_value={}, input_type=dict]
    For further information visit https://errors.pydantic.dev/2.8/v/missing
bureauCode
  Field required [type=missing, input_value={}, input_type=dict]
    For further information visit https://errors.pydantic.dev/2.8/v/missing
issued
  Field required [type=missing, input_value={}, input_type=dict]
    For further information visit https://errors.pydantic.dev/2.8/v/missing
@type
  Field required [type=missing, input_value={}, input_type=dict]
    For further information visit https://errors.pydantic.dev/2.8/v/missing
modified
  Field required [type=missing, input_value={}, input_type=dict]
    For further information visit https://errors.pydantic.dev/2.8/v/missing
released
  Field required [type=missing, input_value={}, input_type=dict]
    For further information visit https://errors.pydantic.dev/2.8/v/missing
keyword
  Field required [type=missing, input_value={}, input_type=dict]
    For further information visit https://errors.pydantic.dev/2.8/v/missing
contactPoint
  Field required [type=missing, input_value={}, input_type=dict]
    For further information visit https://errors.pydantic.dev/2.8/v/missing
publisher
  Field required [type=missing, input_value={}, input_type=dict]
    For further information visit https://errors.pydantic.dev/2.8/v/missing
identifier
  Field required [type=missing, input_value={}, input_type=dict]
    For further information visit https://errors.pydantic.dev/2.8/v/missing
description
  Field required [type=missing, input_value={}, input_type=dict]
    For further information visit https://errors.pydantic.dev/2.8/v/missing
title
  Field required [type=missing, input_value={}, input_type=dict]
    For further information visit https://errors.pydantic.dev/2.8/v/missing
programCode
  Field required [type=missing, input_value={}, input_type=dict]
    For further information visit https://errors.pydantic.dev/2.8/v/missing
distribution
  Field required [type=missing, input_value={}, input_type=dict]
    For further information visit https://errors.pydantic.dev/2.8/v/missing
theme
  Field required [type=missing, input_value={}, input_type=dict]
    For further information visit https://errors.pydantic.dev/2.8/v/missing
2024-08-23 12:40:38 - ERROR - Validation error for dataset: Unknown title
Traceback (most recent call last):
  File "C:\Users\edmun\Projects\Repositories\healthpartners-interview\src\healthpartners_interview\download.py", line 31, in fetch_datasets
    dataset = Dataset(**current_item)
              ^^^^^^^^^^^^^^^^^^^^^^^
  File "C:\Users\edmun\Projects\Repositories\healthpartners-interview\.venv\Lib\site-packages\pydantic\main.py", line 193, in __init__
    self.__pydantic_validator__.validate_python(data, self_instance=self)
pydantic_core._pydantic_core.ValidationError: 16 validation errors for Dataset
accessLevel
  Field required [type=missing, input_value={}, input_type=dict]
    For further information visit https://errors.pydantic.dev/2.8/v/missing
landingPage
  Field required [type=missing, input_value={}, input_type=dict]
    For further information visit https://errors.pydantic.dev/2.8/v/missing
bureauCode
  Field required [type=missing, input_value={}, input_type=dict]
    For further information visit https://errors.pydantic.dev/2.8/v/missing
issued
  Field required [type=missing, input_value={}, input_type=dict]
    For further information visit https://errors.pydantic.dev/2.8/v/missing
@type
  Field required [type=missing, input_value={}, input_type=dict]
    For further information visit https://errors.pydantic.dev/2.8/v/missing
modified
  Field required [type=missing, input_value={}, input_type=dict]
    For further information visit https://errors.pydantic.dev/2.8/v/missing
released
  Field required [type=missing, input_value={}, input_type=dict]
    For further information visit https://errors.pydantic.dev/2.8/v/missing
keyword
  Field required [type=missing, input_value={}, input_type=dict]
    For further information visit https://errors.pydantic.dev/2.8/v/missing
contactPoint
  Field required [type=missing, input_value={}, input_type=dict]
    For further information visit https://errors.pydantic.dev/2.8/v/missing
publisher
  Field required [type=missing, input_value={}, input_type=dict]
    For further information visit https://errors.pydantic.dev/2.8/v/missing
identifier
  Field required [type=missing, input_value={}, input_type=dict]
    For further information visit https://errors.pydantic.dev/2.8/v/missing
description
  Field required [type=missing, input_value={}, input_type=dict]
    For further information visit https://errors.pydantic.dev/2.8/v/missing
title
  Field required [type=missing, input_value={}, input_type=dict]
    For further information visit https://errors.pydantic.dev/2.8/v/missing
programCode
  Field required [type=missing, input_value={}, input_type=dict]
    For further information visit https://errors.pydantic.dev/2.8/v/missing
distribution
  Field required [type=missing, input_value={}, input_type=dict]
    For further information visit https://errors.pydantic.dev/2.8/v/missing
theme
  Field required [type=missing, input_value={}, input_type=dict]
    For further information visit https://errors.pydantic.dev/2.8/v/missing
2024-08-23 12:40:38 - ERROR - Validation error for dataset: Unknown title
Traceback (most recent call last):
  File "C:\Users\edmun\Projects\Repositories\healthpartners-interview\src\healthpartners_interview\download.py", line 31, in fetch_datasets
    dataset = Dataset(**current_item)
              ^^^^^^^^^^^^^^^^^^^^^^^
  File "C:\Users\edmun\Projects\Repositories\healthpartners-interview\.venv\Lib\site-packages\pydantic\main.py", line 193, in __init__
    self.__pydantic_validator__.validate_python(data, self_instance=self)
pydantic_core._pydantic_core.ValidationError: 16 validation errors for Dataset
accessLevel
  Field required [type=missing, input_value={}, input_type=dict]
    For further information visit https://errors.pydantic.dev/2.8/v/missing
landingPage
  Field required [type=missing, input_value={}, input_type=dict]
    For further information visit https://errors.pydantic.dev/2.8/v/missing
bureauCode
  Field required [type=missing, input_value={}, input_type=dict]
    For further information visit https://errors.pydantic.dev/2.8/v/missing
issued
  Field required [type=missing, input_value={}, input_type=dict]
    For further information visit https://errors.pydantic.dev/2.8/v/missing
@type
  Field required [type=missing, input_value={}, input_type=dict]
    For further information visit https://errors.pydantic.dev/2.8/v/missing
modified
  Field required [type=missing, input_value={}, input_type=dict]
    For further information visit https://errors.pydantic.dev/2.8/v/missing
released
  Field required [type=missing, input_value={}, input_type=dict]
    For further information visit https://errors.pydantic.dev/2.8/v/missing
keyword
  Field required [type=missing, input_value={}, input_type=dict]
    For further information visit https://errors.pydantic.dev/2.8/v/missing
contactPoint
  Field required [type=missing, input_value={}, input_type=dict]
    For further information visit https://errors.pydantic.dev/2.8/v/missing
publisher
  Field required [type=missing, input_value={}, input_type=dict]
    For further information visit https://errors.pydantic.dev/2.8/v/missing
identifier
  Field required [type=missing, input_value={}, input_type=dict]
    For further information visit https://errors.pydantic.dev/2.8/v/missing
description
  Field required [type=missing, input_value={}, input_type=dict]
    For further information visit https://errors.pydantic.dev/2.8/v/missing
title
  Field required [type=missing, input_value={}, input_type=dict]
    For further information visit https://errors.pydantic.dev/2.8/v/missing
programCode
  Field required [type=missing, input_value={}, input_type=dict]
    For further information visit https://errors.pydantic.dev/2.8/v/missing
distribution
  Field required [type=missing, input_value={}, input_type=dict]
    For further information visit https://errors.pydantic.dev/2.8/v/missing
theme
  Field required [type=missing, input_value={}, input_type=dict]
    For further information visit https://errors.pydantic.dev/2.8/v/missing
2024-08-23 12:40:38 - ERROR - Validation error for dataset: Unknown title
Traceback (most recent call last):
  File "C:\Users\edmun\Projects\Repositories\healthpartners-interview\src\healthpartners_interview\download.py", line 31, in fetch_datasets
    dataset = Dataset(**current_item)
              ^^^^^^^^^^^^^^^^^^^^^^^
  File "C:\Users\edmun\Projects\Repositories\healthpartners-interview\.venv\Lib\site-packages\pydantic\main.py", line 193, in __init__
    self.__pydantic_validator__.validate_python(data, self_instance=self)
pydantic_core._pydantic_core.ValidationError: 16 validation errors for Dataset
accessLevel
  Field required [type=missing, input_value={'item': 'programCode'}, input_type=dict]
    For further information visit https://errors.pydantic.dev/2.8/v/missing
landingPage
  Field required [type=missing, input_value={'item': 'programCode'}, input_type=dict]
    For further information visit https://errors.pydantic.dev/2.8/v/missing
bureauCode
  Field required [type=missing, input_value={'item': 'programCode'}, input_type=dict]
    For further information visit https://errors.pydantic.dev/2.8/v/missing
issued
  Field required [type=missing, input_value={'item': 'programCode'}, input_type=dict]
    For further information visit https://errors.pydantic.dev/2.8/v/missing
@type
  Field required [type=missing, input_value={'item': 'programCode'}, input_type=dict]
    For further information visit https://errors.pydantic.dev/2.8/v/missing
modified
  Field required [type=missing, input_value={'item': 'programCode'}, input_type=dict]
    For further information visit https://errors.pydantic.dev/2.8/v/missing
released
  Field required [type=missing, input_value={'item': 'programCode'}, input_type=dict]
    For further information visit https://errors.pydantic.dev/2.8/v/missing
keyword
  Field required [type=missing, input_value={'item': 'programCode'}, input_type=dict]
    For further information visit https://errors.pydantic.dev/2.8/v/missing
contactPoint
  Field required [type=missing, input_value={'item': 'programCode'}, input_type=dict]
    For further information visit https://errors.pydantic.dev/2.8/v/missing
publisher
  Field required [type=missing, input_value={'item': 'programCode'}, input_type=dict]
    For further information visit https://errors.pydantic.dev/2.8/v/missing
identifier
  Field required [type=missing, input_value={'item': 'programCode'}, input_type=dict]
    For further information visit https://errors.pydantic.dev/2.8/v/missing
description
  Field required [type=missing, input_value={'item': 'programCode'}, input_type=dict]
    For further information visit https://errors.pydantic.dev/2.8/v/missing
title
  Field required [type=missing, input_value={'item': 'programCode'}, input_type=dict]
    For further information visit https://errors.pydantic.dev/2.8/v/missing
programCode
  Field required [type=missing, input_value={'item': 'programCode'}, input_type=dict]
    For further information visit https://errors.pydantic.dev/2.8/v/missing
distribution
  Field required [type=missing, input_value={'item': 'programCode'}, input_type=dict]
    For further information visit https://errors.pydantic.dev/2.8/v/missing
theme
  Field required [type=missing, input_value={'item': 'programCode'}, input_type=dict]
    For further information visit https://errors.pydantic.dev/2.8/v/missing
2024-08-23 12:40:38 - ERROR - Validation error for dataset: Unknown title
Traceback (most recent call last):
  File "C:\Users\edmun\Projects\Repositories\healthpartners-interview\src\healthpartners_interview\download.py", line 31, in fetch_datasets
    dataset = Dataset(**current_item)
              ^^^^^^^^^^^^^^^^^^^^^^^
  File "C:\Users\edmun\Projects\Repositories\healthpartners-interview\.venv\Lib\site-packages\pydantic\main.py", line 193, in __init__
    self.__pydantic_validator__.validate_python(data, self_instance=self)
pydantic_core._pydantic_core.ValidationError: 16 validation errors for Dataset
accessLevel
  Field required [type=missing, input_value={}, input_type=dict]
    For further information visit https://errors.pydantic.dev/2.8/v/missing
landingPage
  Field required [type=missing, input_value={}, input_type=dict]
    For further information visit https://errors.pydantic.dev/2.8/v/missing
bureauCode
  Field required [type=missing, input_value={}, input_type=dict]
    For further information visit https://errors.pydantic.dev/2.8/v/missing
issued
  Field required [type=missing, input_value={}, input_type=dict]
    For further information visit https://errors.pydantic.dev/2.8/v/missing
@type
  Field required [type=missing, input_value={}, input_type=dict]
    For further information visit https://errors.pydantic.dev/2.8/v/missing
modified
  Field required [type=missing, input_value={}, input_type=dict]
    For further information visit https://errors.pydantic.dev/2.8/v/missing
released
  Field required [type=missing, input_value={}, input_type=dict]
    For further information visit https://errors.pydantic.dev/2.8/v/missing
keyword
  Field required [type=missing, input_value={}, input_type=dict]
    For further information visit https://errors.pydantic.dev/2.8/v/missing
contactPoint
  Field required [type=missing, input_value={}, input_type=dict]
    For further information visit https://errors.pydantic.dev/2.8/v/missing
publisher
  Field required [type=missing, input_value={}, input_type=dict]
    For further information visit https://errors.pydantic.dev/2.8/v/missing
identifier
  Field required [type=missing, input_value={}, input_type=dict]
    For further information visit https://errors.pydantic.dev/2.8/v/missing
description
  Field required [type=missing, input_value={}, input_type=dict]
    For further information visit https://errors.pydantic.dev/2.8/v/missing
title
  Field required [type=missing, input_value={}, input_type=dict]
    For further information visit https://errors.pydantic.dev/2.8/v/missing
programCode
  Field required [type=missing, input_value={}, input_type=dict]
    For further information visit https://errors.pydantic.dev/2.8/v/missing
distribution
  Field required [type=missing, input_value={}, input_type=dict]
    For further information visit https://errors.pydantic.dev/2.8/v/missing
theme
  Field required [type=missing, input_value={}, input_type=dict]
    For further information visit https://errors.pydantic.dev/2.8/v/missing
2024-08-23 12:40:38 - ERROR - Validation error for dataset: Unknown title
Traceback (most recent call last):
  File "C:\Users\edmun\Projects\Repositories\healthpartners-interview\src\healthpartners_interview\download.py", line 31, in fetch_datasets
    dataset = Dataset(**current_item)
              ^^^^^^^^^^^^^^^^^^^^^^^
  File "C:\Users\edmun\Projects\Repositories\healthpartners-interview\.venv\Lib\site-packages\pydantic\main.py", line 193, in __init__
    self.__pydantic_validator__.validate_python(data, self_instance=self)
pydantic_core._pydantic_core.ValidationError: 16 validation errors for Dataset
accessLevel
  Field required [type=missing, input_value={}, input_type=dict]
    For further information visit https://errors.pydantic.dev/2.8/v/missing
landingPage
  Field required [type=missing, input_value={}, input_type=dict]
    For further information visit https://errors.pydantic.dev/2.8/v/missing
bureauCode
  Field required [type=missing, input_value={}, input_type=dict]
    For further information visit https://errors.pydantic.dev/2.8/v/missing
issued
  Field required [type=missing, input_value={}, input_type=dict]
    For further information visit https://errors.pydantic.dev/2.8/v/missing
@type
  Field required [type=missing, input_value={}, input_type=dict]
    For further information visit https://errors.pydantic.dev/2.8/v/missing
modified
  Field required [type=missing, input_value={}, input_type=dict]
    For further information visit https://errors.pydantic.dev/2.8/v/missing
released
  Field required [type=missing, input_value={}, input_type=dict]
    For further information visit https://errors.pydantic.dev/2.8/v/missing
keyword
  Field required [type=missing, input_value={}, input_type=dict]
    For further information visit https://errors.pydantic.dev/2.8/v/missing
contactPoint
  Field required [type=missing, input_value={}, input_type=dict]
    For further information visit https://errors.pydantic.dev/2.8/v/missing
publisher
  Field required [type=missing, input_value={}, input_type=dict]
    For further information visit https://errors.pydantic.dev/2.8/v/missing
identifier
  Field required [type=missing, input_value={}, input_type=dict]
    For further information visit https://errors.pydantic.dev/2.8/v/missing
description
  Field required [type=missing, input_value={}, input_type=dict]
    For further information visit https://errors.pydantic.dev/2.8/v/missing
title
  Field required [type=missing, input_value={}, input_type=dict]
    For further information visit https://errors.pydantic.dev/2.8/v/missing
programCode
  Field required [type=missing, input_value={}, input_type=dict]
    For further information visit https://errors.pydantic.dev/2.8/v/missing
distribution
  Field required [type=missing, input_value={}, input_type=dict]
    For further information visit https://errors.pydantic.dev/2.8/v/missing
theme
  Field required [type=missing, input_value={}, input_type=dict]
    For further information visit https://errors.pydantic.dev/2.8/v/missing
2024-08-23 12:40:38 - ERROR - Validation error for dataset: Unknown title
Traceback (most recent call last):
  File "C:\Users\edmun\Projects\Repositories\healthpartners-interview\src\healthpartners_interview\download.py", line 31, in fetch_datasets
    dataset = Dataset(**current_item)
              ^^^^^^^^^^^^^^^^^^^^^^^
  File "C:\Users\edmun\Projects\Repositories\healthpartners-interview\.venv\Lib\site-packages\pydantic\main.py", line 193, in __init__
    self.__pydantic_validator__.validate_python(data, self_instance=self)
pydantic_core._pydantic_core.ValidationError: 16 validation errors for Dataset
accessLevel
  Field required [type=missing, input_value={}, input_type=dict]
    For further information visit https://errors.pydantic.dev/2.8/v/missing
landingPage
  Field required [type=missing, input_value={}, input_type=dict]
    For further information visit https://errors.pydantic.dev/2.8/v/missing
bureauCode
  Field required [type=missing, input_value={}, input_type=dict]
    For further information visit https://errors.pydantic.dev/2.8/v/missing
issued
  Field required [type=missing, input_value={}, input_type=dict]
    For further information visit https://errors.pydantic.dev/2.8/v/missing
@type
  Field required [type=missing, input_value={}, input_type=dict]
    For further information visit https://errors.pydantic.dev/2.8/v/missing
modified
  Field required [type=missing, input_value={}, input_type=dict]
    For further information visit https://errors.pydantic.dev/2.8/v/missing
released
  Field required [type=missing, input_value={}, input_type=dict]
    For further information visit https://errors.pydantic.dev/2.8/v/missing
keyword
  Field required [type=missing, input_value={}, input_type=dict]
    For further information visit https://errors.pydantic.dev/2.8/v/missing
contactPoint
  Field required [type=missing, input_value={}, input_type=dict]
    For further information visit https://errors.pydantic.dev/2.8/v/missing
publisher
  Field required [type=missing, input_value={}, input_type=dict]
    For further information visit https://errors.pydantic.dev/2.8/v/missing
identifier
  Field required [type=missing, input_value={}, input_type=dict]
    For further information visit https://errors.pydantic.dev/2.8/v/missing
description
  Field required [type=missing, input_value={}, input_type=dict]
    For further information visit https://errors.pydantic.dev/2.8/v/missing
title
  Field required [type=missing, input_value={}, input_type=dict]
    For further information visit https://errors.pydantic.dev/2.8/v/missing
programCode
  Field required [type=missing, input_value={}, input_type=dict]
    For further information visit https://errors.pydantic.dev/2.8/v/missing
distribution
  Field required [type=missing, input_value={}, input_type=dict]
    For further information visit https://errors.pydantic.dev/2.8/v/missing
theme
  Field required [type=missing, input_value={}, input_type=dict]
    For further information visit https://errors.pydantic.dev/2.8/v/missing
2024-08-23 12:40:38 - ERROR - Validation error for dataset: Unknown title
Traceback (most recent call last):
  File "C:\Users\edmun\Projects\Repositories\healthpartners-interview\src\healthpartners_interview\download.py", line 31, in fetch_datasets
    dataset = Dataset(**current_item)
              ^^^^^^^^^^^^^^^^^^^^^^^
  File "C:\Users\edmun\Projects\Repositories\healthpartners-interview\.venv\Lib\site-packages\pydantic\main.py", line 193, in __init__
    self.__pydantic_validator__.validate_python(data, self_instance=self)
pydantic_core._pydantic_core.ValidationError: 16 validation errors for Dataset
accessLevel
  Field required [type=missing, input_value={'item': 'programCode'}, input_type=dict]
    For further information visit https://errors.pydantic.dev/2.8/v/missing
landingPage
  Field required [type=missing, input_value={'item': 'programCode'}, input_type=dict]
    For further information visit https://errors.pydantic.dev/2.8/v/missing
bureauCode
  Field required [type=missing, input_value={'item': 'programCode'}, input_type=dict]
    For further information visit https://errors.pydantic.dev/2.8/v/missing
issued
  Field required [type=missing, input_value={'item': 'programCode'}, input_type=dict]
    For further information visit https://errors.pydantic.dev/2.8/v/missing
@type
  Field required [type=missing, input_value={'item': 'programCode'}, input_type=dict]
    For further information visit https://errors.pydantic.dev/2.8/v/missing
modified
  Field required [type=missing, input_value={'item': 'programCode'}, input_type=dict]
    For further information visit https://errors.pydantic.dev/2.8/v/missing
released
  Field required [type=missing, input_value={'item': 'programCode'}, input_type=dict]
    For further information visit https://errors.pydantic.dev/2.8/v/missing
keyword
  Field required [type=missing, input_value={'item': 'programCode'}, input_type=dict]
    For further information visit https://errors.pydantic.dev/2.8/v/missing
contactPoint
  Field required [type=missing, input_value={'item': 'programCode'}, input_type=dict]
    For further information visit https://errors.pydantic.dev/2.8/v/missing
publisher
  Field required [type=missing, input_value={'item': 'programCode'}, input_type=dict]
    For further information visit https://errors.pydantic.dev/2.8/v/missing
identifier
  Field required [type=missing, input_value={'item': 'programCode'}, input_type=dict]
    For further information visit https://errors.pydantic.dev/2.8/v/missing
description
  Field required [type=missing, input_value={'item': 'programCode'}, input_type=dict]
    For further information visit https://errors.pydantic.dev/2.8/v/missing
title
  Field required [type=missing, input_value={'item': 'programCode'}, input_type=dict]
    For further information visit https://errors.pydantic.dev/2.8/v/missing
programCode
  Field required [type=missing, input_value={'item': 'programCode'}, input_type=dict]
    For further information visit https://errors.pydantic.dev/2.8/v/missing
distribution
  Field required [type=missing, input_value={'item': 'programCode'}, input_type=dict]
    For further information visit https://errors.pydantic.dev/2.8/v/missing
theme
  Field required [type=missing, input_value={'item': 'programCode'}, input_type=dict]
    For further information visit https://errors.pydantic.dev/2.8/v/missing
2024-08-23 12:40:38 - ERROR - Validation error for dataset: Unknown title
Traceback (most recent call last):
  File "C:\Users\edmun\Projects\Repositories\healthpartners-interview\src\healthpartners_interview\download.py", line 31, in fetch_datasets
    dataset = Dataset(**current_item)
              ^^^^^^^^^^^^^^^^^^^^^^^
  File "C:\Users\edmun\Projects\Repositories\healthpartners-interview\.venv\Lib\site-packages\pydantic\main.py", line 193, in __init__
    self.__pydantic_validator__.validate_python(data, self_instance=self)
pydantic_core._pydantic_core.ValidationError: 16 validation errors for Dataset
accessLevel
  Field required [type=missing, input_value={}, input_type=dict]
    For further information visit https://errors.pydantic.dev/2.8/v/missing
landingPage
  Field required [type=missing, input_value={}, input_type=dict]
    For further information visit https://errors.pydantic.dev/2.8/v/missing
bureauCode
  Field required [type=missing, input_value={}, input_type=dict]
    For further information visit https://errors.pydantic.dev/2.8/v/missing
issued
  Field required [type=missing, input_value={}, input_type=dict]
    For further information visit https://errors.pydantic.dev/2.8/v/missing
@type
  Field required [type=missing, input_value={}, input_type=dict]
    For further information visit https://errors.pydantic.dev/2.8/v/missing
modified
  Field required [type=missing, input_value={}, input_type=dict]
    For further information visit https://errors.pydantic.dev/2.8/v/missing
released
  Field required [type=missing, input_value={}, input_type=dict]
    For further information visit https://errors.pydantic.dev/2.8/v/missing
keyword
  Field required [type=missing, input_value={}, input_type=dict]
    For further information visit https://errors.pydantic.dev/2.8/v/missing
contactPoint
  Field required [type=missing, input_value={}, input_type=dict]
    For further information visit https://errors.pydantic.dev/2.8/v/missing
publisher
  Field required [type=missing, input_value={}, input_type=dict]
    For further information visit https://errors.pydantic.dev/2.8/v/missing
identifier
  Field required [type=missing, input_value={}, input_type=dict]
    For further information visit https://errors.pydantic.dev/2.8/v/missing
description
  Field required [type=missing, input_value={}, input_type=dict]
    For further information visit https://errors.pydantic.dev/2.8/v/missing
title
  Field required [type=missing, input_value={}, input_type=dict]
    For further information visit https://errors.pydantic.dev/2.8/v/missing
programCode
  Field required [type=missing, input_value={}, input_type=dict]
    For further information visit https://errors.pydantic.dev/2.8/v/missing
distribution
  Field required [type=missing, input_value={}, input_type=dict]
    For further information visit https://errors.pydantic.dev/2.8/v/missing
theme
  Field required [type=missing, input_value={}, input_type=dict]
    For further information visit https://errors.pydantic.dev/2.8/v/missing
2024-08-23 12:40:38 - ERROR - Validation error for dataset: Unknown title
Traceback (most recent call last):
  File "C:\Users\edmun\Projects\Repositories\healthpartners-interview\src\healthpartners_interview\download.py", line 31, in fetch_datasets
    dataset = Dataset(**current_item)
              ^^^^^^^^^^^^^^^^^^^^^^^
  File "C:\Users\edmun\Projects\Repositories\healthpartners-interview\.venv\Lib\site-packages\pydantic\main.py", line 193, in __init__
    self.__pydantic_validator__.validate_python(data, self_instance=self)
pydantic_core._pydantic_core.ValidationError: 16 validation errors for Dataset
accessLevel
  Field required [type=missing, input_value={}, input_type=dict]
    For further information visit https://errors.pydantic.dev/2.8/v/missing
landingPage
  Field required [type=missing, input_value={}, input_type=dict]
    For further information visit https://errors.pydantic.dev/2.8/v/missing
bureauCode
  Field required [type=missing, input_value={}, input_type=dict]
    For further information visit https://errors.pydantic.dev/2.8/v/missing
issued
  Field required [type=missing, input_value={}, input_type=dict]
    For further information visit https://errors.pydantic.dev/2.8/v/missing
@type
  Field required [type=missing, input_value={}, input_type=dict]
    For further information visit https://errors.pydantic.dev/2.8/v/missing
modified
  Field required [type=missing, input_value={}, input_type=dict]
    For further information visit https://errors.pydantic.dev/2.8/v/missing
released
  Field required [type=missing, input_value={}, input_type=dict]
    For further information visit https://errors.pydantic.dev/2.8/v/missing
keyword
  Field required [type=missing, input_value={}, input_type=dict]
    For further information visit https://errors.pydantic.dev/2.8/v/missing
contactPoint
  Field required [type=missing, input_value={}, input_type=dict]
    For further information visit https://errors.pydantic.dev/2.8/v/missing
publisher
  Field required [type=missing, input_value={}, input_type=dict]
    For further information visit https://errors.pydantic.dev/2.8/v/missing
identifier
  Field required [type=missing, input_value={}, input_type=dict]
    For further information visit https://errors.pydantic.dev/2.8/v/missing
description
  Field required [type=missing, input_value={}, input_type=dict]
    For further information visit https://errors.pydantic.dev/2.8/v/missing
title
  Field required [type=missing, input_value={}, input_type=dict]
    For further information visit https://errors.pydantic.dev/2.8/v/missing
programCode
  Field required [type=missing, input_value={}, input_type=dict]
    For further information visit https://errors.pydantic.dev/2.8/v/missing
distribution
  Field required [type=missing, input_value={}, input_type=dict]
    For further information visit https://errors.pydantic.dev/2.8/v/missing
theme
  Field required [type=missing, input_value={}, input_type=dict]
    For further information visit https://errors.pydantic.dev/2.8/v/missing
2024-08-23 12:40:38 - ERROR - Validation error for dataset: Unknown title
Traceback (most recent call last):
  File "C:\Users\edmun\Projects\Repositories\healthpartners-interview\src\healthpartners_interview\download.py", line 31, in fetch_datasets
    dataset = Dataset(**current_item)
              ^^^^^^^^^^^^^^^^^^^^^^^
  File "C:\Users\edmun\Projects\Repositories\healthpartners-interview\.venv\Lib\site-packages\pydantic\main.py", line 193, in __init__
    self.__pydantic_validator__.validate_python(data, self_instance=self)
pydantic_core._pydantic_core.ValidationError: 16 validation errors for Dataset
accessLevel
  Field required [type=missing, input_value={}, input_type=dict]
    For further information visit https://errors.pydantic.dev/2.8/v/missing
landingPage
  Field required [type=missing, input_value={}, input_type=dict]
    For further information visit https://errors.pydantic.dev/2.8/v/missing
bureauCode
  Field required [type=missing, input_value={}, input_type=dict]
    For further information visit https://errors.pydantic.dev/2.8/v/missing
issued
  Field required [type=missing, input_value={}, input_type=dict]
    For further information visit https://errors.pydantic.dev/2.8/v/missing
@type
  Field required [type=missing, input_value={}, input_type=dict]
    For further information visit https://errors.pydantic.dev/2.8/v/missing
modified
  Field required [type=missing, input_value={}, input_type=dict]
    For further information visit https://errors.pydantic.dev/2.8/v/missing
released
  Field required [type=missing, input_value={}, input_type=dict]
    For further information visit https://errors.pydantic.dev/2.8/v/missing
keyword
  Field required [type=missing, input_value={}, input_type=dict]
    For further information visit https://errors.pydantic.dev/2.8/v/missing
contactPoint
  Field required [type=missing, input_value={}, input_type=dict]
    For further information visit https://errors.pydantic.dev/2.8/v/missing
publisher
  Field required [type=missing, input_value={}, input_type=dict]
    For further information visit https://errors.pydantic.dev/2.8/v/missing
identifier
  Field required [type=missing, input_value={}, input_type=dict]
    For further information visit https://errors.pydantic.dev/2.8/v/missing
description
  Field required [type=missing, input_value={}, input_type=dict]
    For further information visit https://errors.pydantic.dev/2.8/v/missing
title
  Field required [type=missing, input_value={}, input_type=dict]
    For further information visit https://errors.pydantic.dev/2.8/v/missing
programCode
  Field required [type=missing, input_value={}, input_type=dict]
    For further information visit https://errors.pydantic.dev/2.8/v/missing
distribution
  Field required [type=missing, input_value={}, input_type=dict]
    For further information visit https://errors.pydantic.dev/2.8/v/missing
theme
  Field required [type=missing, input_value={}, input_type=dict]
    For further information visit https://errors.pydantic.dev/2.8/v/missing
2024-08-23 12:40:38 - ERROR - Validation error for dataset: Unknown title
Traceback (most recent call last):
  File "C:\Users\edmun\Projects\Repositories\healthpartners-interview\src\healthpartners_interview\download.py", line 31, in fetch_datasets
    dataset = Dataset(**current_item)
              ^^^^^^^^^^^^^^^^^^^^^^^
  File "C:\Users\edmun\Projects\Repositories\healthpartners-interview\.venv\Lib\site-packages\pydantic\main.py", line 193, in __init__
    self.__pydantic_validator__.validate_python(data, self_instance=self)
pydantic_core._pydantic_core.ValidationError: 16 validation errors for Dataset
accessLevel
  Field required [type=missing, input_value={'item': 'programCode'}, input_type=dict]
    For further information visit https://errors.pydantic.dev/2.8/v/missing
landingPage
  Field required [type=missing, input_value={'item': 'programCode'}, input_type=dict]
    For further information visit https://errors.pydantic.dev/2.8/v/missing
bureauCode
  Field required [type=missing, input_value={'item': 'programCode'}, input_type=dict]
    For further information visit https://errors.pydantic.dev/2.8/v/missing
issued
  Field required [type=missing, input_value={'item': 'programCode'}, input_type=dict]
    For further information visit https://errors.pydantic.dev/2.8/v/missing
@type
  Field required [type=missing, input_value={'item': 'programCode'}, input_type=dict]
    For further information visit https://errors.pydantic.dev/2.8/v/missing
modified
  Field required [type=missing, input_value={'item': 'programCode'}, input_type=dict]
    For further information visit https://errors.pydantic.dev/2.8/v/missing
released
  Field required [type=missing, input_value={'item': 'programCode'}, input_type=dict]
    For further information visit https://errors.pydantic.dev/2.8/v/missing
keyword
  Field required [type=missing, input_value={'item': 'programCode'}, input_type=dict]
    For further information visit https://errors.pydantic.dev/2.8/v/missing
contactPoint
  Field required [type=missing, input_value={'item': 'programCode'}, input_type=dict]
    For further information visit https://errors.pydantic.dev/2.8/v/missing
publisher
  Field required [type=missing, input_value={'item': 'programCode'}, input_type=dict]
    For further information visit https://errors.pydantic.dev/2.8/v/missing
identifier
  Field required [type=missing, input_value={'item': 'programCode'}, input_type=dict]
    For further information visit https://errors.pydantic.dev/2.8/v/missing
description
  Field required [type=missing, input_value={'item': 'programCode'}, input_type=dict]
    For further information visit https://errors.pydantic.dev/2.8/v/missing
title
  Field required [type=missing, input_value={'item': 'programCode'}, input_type=dict]
    For further information visit https://errors.pydantic.dev/2.8/v/missing
programCode
  Field required [type=missing, input_value={'item': 'programCode'}, input_type=dict]
    For further information visit https://errors.pydantic.dev/2.8/v/missing
distribution
  Field required [type=missing, input_value={'item': 'programCode'}, input_type=dict]
    For further information visit https://errors.pydantic.dev/2.8/v/missing
theme
  Field required [type=missing, input_value={'item': 'programCode'}, input_type=dict]
    For further information visit https://errors.pydantic.dev/2.8/v/missing
2024-08-23 12:40:38 - ERROR - Validation error for dataset: Unknown title
Traceback (most recent call last):
  File "C:\Users\edmun\Projects\Repositories\healthpartners-interview\src\healthpartners_interview\download.py", line 31, in fetch_datasets
    dataset = Dataset(**current_item)
              ^^^^^^^^^^^^^^^^^^^^^^^
  File "C:\Users\edmun\Projects\Repositories\healthpartners-interview\.venv\Lib\site-packages\pydantic\main.py", line 193, in __init__
    self.__pydantic_validator__.validate_python(data, self_instance=self)
pydantic_core._pydantic_core.ValidationError: 16 validation errors for Dataset
accessLevel
  Field required [type=missing, input_value={}, input_type=dict]
    For further information visit https://errors.pydantic.dev/2.8/v/missing
landingPage
  Field required [type=missing, input_value={}, input_type=dict]
    For further information visit https://errors.pydantic.dev/2.8/v/missing
bureauCode
  Field required [type=missing, input_value={}, input_type=dict]
    For further information visit https://errors.pydantic.dev/2.8/v/missing
issued
  Field required [type=missing, input_value={}, input_type=dict]
    For further information visit https://errors.pydantic.dev/2.8/v/missing
@type
  Field required [type=missing, input_value={}, input_type=dict]
    For further information visit https://errors.pydantic.dev/2.8/v/missing
modified
  Field required [type=missing, input_value={}, input_type=dict]
    For further information visit https://errors.pydantic.dev/2.8/v/missing
released
  Field required [type=missing, input_value={}, input_type=dict]
    For further information visit https://errors.pydantic.dev/2.8/v/missing
keyword
  Field required [type=missing, input_value={}, input_type=dict]
    For further information visit https://errors.pydantic.dev/2.8/v/missing
contactPoint
  Field required [type=missing, input_value={}, input_type=dict]
    For further information visit https://errors.pydantic.dev/2.8/v/missing
publisher
  Field required [type=missing, input_value={}, input_type=dict]
    For further information visit https://errors.pydantic.dev/2.8/v/missing
identifier
  Field required [type=missing, input_value={}, input_type=dict]
    For further information visit https://errors.pydantic.dev/2.8/v/missing
description
  Field required [type=missing, input_value={}, input_type=dict]
    For further information visit https://errors.pydantic.dev/2.8/v/missing
title
  Field required [type=missing, input_value={}, input_type=dict]
    For further information visit https://errors.pydantic.dev/2.8/v/missing
programCode
  Field required [type=missing, input_value={}, input_type=dict]
    For further information visit https://errors.pydantic.dev/2.8/v/missing
distribution
  Field required [type=missing, input_value={}, input_type=dict]
    For further information visit https://errors.pydantic.dev/2.8/v/missing
theme
  Field required [type=missing, input_value={}, input_type=dict]
    For further information visit https://errors.pydantic.dev/2.8/v/missing
2024-08-23 12:40:38 - ERROR - Validation error for dataset: Unknown title
Traceback (most recent call last):
  File "C:\Users\edmun\Projects\Repositories\healthpartners-interview\src\healthpartners_interview\download.py", line 31, in fetch_datasets
    dataset = Dataset(**current_item)
              ^^^^^^^^^^^^^^^^^^^^^^^
  File "C:\Users\edmun\Projects\Repositories\healthpartners-interview\.venv\Lib\site-packages\pydantic\main.py", line 193, in __init__
    self.__pydantic_validator__.validate_python(data, self_instance=self)
pydantic_core._pydantic_core.ValidationError: 16 validation errors for Dataset
accessLevel
  Field required [type=missing, input_value={}, input_type=dict]
    For further information visit https://errors.pydantic.dev/2.8/v/missing
landingPage
  Field required [type=missing, input_value={}, input_type=dict]
    For further information visit https://errors.pydantic.dev/2.8/v/missing
bureauCode
  Field required [type=missing, input_value={}, input_type=dict]
    For further information visit https://errors.pydantic.dev/2.8/v/missing
issued
  Field required [type=missing, input_value={}, input_type=dict]
    For further information visit https://errors.pydantic.dev/2.8/v/missing
@type
  Field required [type=missing, input_value={}, input_type=dict]
    For further information visit https://errors.pydantic.dev/2.8/v/missing
modified
  Field required [type=missing, input_value={}, input_type=dict]
    For further information visit https://errors.pydantic.dev/2.8/v/missing
released
  Field required [type=missing, input_value={}, input_type=dict]
    For further information visit https://errors.pydantic.dev/2.8/v/missing
keyword
  Field required [type=missing, input_value={}, input_type=dict]
    For further information visit https://errors.pydantic.dev/2.8/v/missing
contactPoint
  Field required [type=missing, input_value={}, input_type=dict]
    For further information visit https://errors.pydantic.dev/2.8/v/missing
publisher
  Field required [type=missing, input_value={}, input_type=dict]
    For further information visit https://errors.pydantic.dev/2.8/v/missing
identifier
  Field required [type=missing, input_value={}, input_type=dict]
    For further information visit https://errors.pydantic.dev/2.8/v/missing
description
  Field required [type=missing, input_value={}, input_type=dict]
    For further information visit https://errors.pydantic.dev/2.8/v/missing
title
  Field required [type=missing, input_value={}, input_type=dict]
    For further information visit https://errors.pydantic.dev/2.8/v/missing
programCode
  Field required [type=missing, input_value={}, input_type=dict]
    For further information visit https://errors.pydantic.dev/2.8/v/missing
distribution
  Field required [type=missing, input_value={}, input_type=dict]
    For further information visit https://errors.pydantic.dev/2.8/v/missing
theme
  Field required [type=missing, input_value={}, input_type=dict]
    For further information visit https://errors.pydantic.dev/2.8/v/missing
2024-08-23 12:40:38 - ERROR - Validation error for dataset: Unknown title
Traceback (most recent call last):
  File "C:\Users\edmun\Projects\Repositories\healthpartners-interview\src\healthpartners_interview\download.py", line 31, in fetch_datasets
    dataset = Dataset(**current_item)
              ^^^^^^^^^^^^^^^^^^^^^^^
  File "C:\Users\edmun\Projects\Repositories\healthpartners-interview\.venv\Lib\site-packages\pydantic\main.py", line 193, in __init__
    self.__pydantic_validator__.validate_python(data, self_instance=self)
pydantic_core._pydantic_core.ValidationError: 16 validation errors for Dataset
accessLevel
  Field required [type=missing, input_value={}, input_type=dict]
    For further information visit https://errors.pydantic.dev/2.8/v/missing
landingPage
  Field required [type=missing, input_value={}, input_type=dict]
    For further information visit https://errors.pydantic.dev/2.8/v/missing
bureauCode
  Field required [type=missing, input_value={}, input_type=dict]
    For further information visit https://errors.pydantic.dev/2.8/v/missing
issued
  Field required [type=missing, input_value={}, input_type=dict]
    For further information visit https://errors.pydantic.dev/2.8/v/missing
@type
  Field required [type=missing, input_value={}, input_type=dict]
    For further information visit https://errors.pydantic.dev/2.8/v/missing
modified
  Field required [type=missing, input_value={}, input_type=dict]
    For further information visit https://errors.pydantic.dev/2.8/v/missing
released
  Field required [type=missing, input_value={}, input_type=dict]
    For further information visit https://errors.pydantic.dev/2.8/v/missing
keyword
  Field required [type=missing, input_value={}, input_type=dict]
    For further information visit https://errors.pydantic.dev/2.8/v/missing
contactPoint
  Field required [type=missing, input_value={}, input_type=dict]
    For further information visit https://errors.pydantic.dev/2.8/v/missing
publisher
  Field required [type=missing, input_value={}, input_type=dict]
    For further information visit https://errors.pydantic.dev/2.8/v/missing
identifier
  Field required [type=missing, input_value={}, input_type=dict]
    For further information visit https://errors.pydantic.dev/2.8/v/missing
description
  Field required [type=missing, input_value={}, input_type=dict]
    For further information visit https://errors.pydantic.dev/2.8/v/missing
title
  Field required [type=missing, input_value={}, input_type=dict]
    For further information visit https://errors.pydantic.dev/2.8/v/missing
programCode
  Field required [type=missing, input_value={}, input_type=dict]
    For further information visit https://errors.pydantic.dev/2.8/v/missing
distribution
  Field required [type=missing, input_value={}, input_type=dict]
    For further information visit https://errors.pydantic.dev/2.8/v/missing
theme
  Field required [type=missing, input_value={}, input_type=dict]
    For further information visit https://errors.pydantic.dev/2.8/v/missing
2024-08-23 12:40:38 - ERROR - Validation error for dataset: Unknown title
Traceback (most recent call last):
  File "C:\Users\edmun\Projects\Repositories\healthpartners-interview\src\healthpartners_interview\download.py", line 31, in fetch_datasets
    dataset = Dataset(**current_item)
              ^^^^^^^^^^^^^^^^^^^^^^^
  File "C:\Users\edmun\Projects\Repositories\healthpartners-interview\.venv\Lib\site-packages\pydantic\main.py", line 193, in __init__
    self.__pydantic_validator__.validate_python(data, self_instance=self)
pydantic_core._pydantic_core.ValidationError: 16 validation errors for Dataset
accessLevel
  Field required [type=missing, input_value={'item': 'programCode'}, input_type=dict]
    For further information visit https://errors.pydantic.dev/2.8/v/missing
landingPage
  Field required [type=missing, input_value={'item': 'programCode'}, input_type=dict]
    For further information visit https://errors.pydantic.dev/2.8/v/missing
bureauCode
  Field required [type=missing, input_value={'item': 'programCode'}, input_type=dict]
    For further information visit https://errors.pydantic.dev/2.8/v/missing
issued
  Field required [type=missing, input_value={'item': 'programCode'}, input_type=dict]
    For further information visit https://errors.pydantic.dev/2.8/v/missing
@type
  Field required [type=missing, input_value={'item': 'programCode'}, input_type=dict]
    For further information visit https://errors.pydantic.dev/2.8/v/missing
modified
  Field required [type=missing, input_value={'item': 'programCode'}, input_type=dict]
    For further information visit https://errors.pydantic.dev/2.8/v/missing
released
  Field required [type=missing, input_value={'item': 'programCode'}, input_type=dict]
    For further information visit https://errors.pydantic.dev/2.8/v/missing
keyword
  Field required [type=missing, input_value={'item': 'programCode'}, input_type=dict]
    For further information visit https://errors.pydantic.dev/2.8/v/missing
contactPoint
  Field required [type=missing, input_value={'item': 'programCode'}, input_type=dict]
    For further information visit https://errors.pydantic.dev/2.8/v/missing
publisher
  Field required [type=missing, input_value={'item': 'programCode'}, input_type=dict]
    For further information visit https://errors.pydantic.dev/2.8/v/missing
identifier
  Field required [type=missing, input_value={'item': 'programCode'}, input_type=dict]
    For further information visit https://errors.pydantic.dev/2.8/v/missing
description
  Field required [type=missing, input_value={'item': 'programCode'}, input_type=dict]
    For further information visit https://errors.pydantic.dev/2.8/v/missing
title
  Field required [type=missing, input_value={'item': 'programCode'}, input_type=dict]
    For further information visit https://errors.pydantic.dev/2.8/v/missing
programCode
  Field required [type=missing, input_value={'item': 'programCode'}, input_type=dict]
    For further information visit https://errors.pydantic.dev/2.8/v/missing
distribution
  Field required [type=missing, input_value={'item': 'programCode'}, input_type=dict]
    For further information visit https://errors.pydantic.dev/2.8/v/missing
theme
  Field required [type=missing, input_value={'item': 'programCode'}, input_type=dict]
    For further information visit https://errors.pydantic.dev/2.8/v/missing
2024-08-23 12:40:38 - ERROR - Validation error for dataset: Unknown title
Traceback (most recent call last):
  File "C:\Users\edmun\Projects\Repositories\healthpartners-interview\src\healthpartners_interview\download.py", line 31, in fetch_datasets
    dataset = Dataset(**current_item)
              ^^^^^^^^^^^^^^^^^^^^^^^
  File "C:\Users\edmun\Projects\Repositories\healthpartners-interview\.venv\Lib\site-packages\pydantic\main.py", line 193, in __init__
    self.__pydantic_validator__.validate_python(data, self_instance=self)
pydantic_core._pydantic_core.ValidationError: 16 validation errors for Dataset
accessLevel
  Field required [type=missing, input_value={}, input_type=dict]
    For further information visit https://errors.pydantic.dev/2.8/v/missing
landingPage
  Field required [type=missing, input_value={}, input_type=dict]
    For further information visit https://errors.pydantic.dev/2.8/v/missing
bureauCode
  Field required [type=missing, input_value={}, input_type=dict]
    For further information visit https://errors.pydantic.dev/2.8/v/missing
issued
  Field required [type=missing, input_value={}, input_type=dict]
    For further information visit https://errors.pydantic.dev/2.8/v/missing
@type
  Field required [type=missing, input_value={}, input_type=dict]
    For further information visit https://errors.pydantic.dev/2.8/v/missing
modified
  Field required [type=missing, input_value={}, input_type=dict]
    For further information visit https://errors.pydantic.dev/2.8/v/missing
released
  Field required [type=missing, input_value={}, input_type=dict]
    For further information visit https://errors.pydantic.dev/2.8/v/missing
keyword
  Field required [type=missing, input_value={}, input_type=dict]
    For further information visit https://errors.pydantic.dev/2.8/v/missing
contactPoint
  Field required [type=missing, input_value={}, input_type=dict]
    For further information visit https://errors.pydantic.dev/2.8/v/missing
publisher
  Field required [type=missing, input_value={}, input_type=dict]
    For further information visit https://errors.pydantic.dev/2.8/v/missing
identifier
  Field required [type=missing, input_value={}, input_type=dict]
    For further information visit https://errors.pydantic.dev/2.8/v/missing
description
  Field required [type=missing, input_value={}, input_type=dict]
    For further information visit https://errors.pydantic.dev/2.8/v/missing
title
  Field required [type=missing, input_value={}, input_type=dict]
    For further information visit https://errors.pydantic.dev/2.8/v/missing
programCode
  Field required [type=missing, input_value={}, input_type=dict]
    For further information visit https://errors.pydantic.dev/2.8/v/missing
distribution
  Field required [type=missing, input_value={}, input_type=dict]
    For further information visit https://errors.pydantic.dev/2.8/v/missing
theme
  Field required [type=missing, input_value={}, input_type=dict]
    For further information visit https://errors.pydantic.dev/2.8/v/missing
2024-08-23 12:40:38 - ERROR - Validation error for dataset: Unknown title
Traceback (most recent call last):
  File "C:\Users\edmun\Projects\Repositories\healthpartners-interview\src\healthpartners_interview\download.py", line 31, in fetch_datasets
    dataset = Dataset(**current_item)
              ^^^^^^^^^^^^^^^^^^^^^^^
  File "C:\Users\edmun\Projects\Repositories\healthpartners-interview\.venv\Lib\site-packages\pydantic\main.py", line 193, in __init__
    self.__pydantic_validator__.validate_python(data, self_instance=self)
pydantic_core._pydantic_core.ValidationError: 16 validation errors for Dataset
accessLevel
  Field required [type=missing, input_value={}, input_type=dict]
    For further information visit https://errors.pydantic.dev/2.8/v/missing
landingPage
  Field required [type=missing, input_value={}, input_type=dict]
    For further information visit https://errors.pydantic.dev/2.8/v/missing
bureauCode
  Field required [type=missing, input_value={}, input_type=dict]
    For further information visit https://errors.pydantic.dev/2.8/v/missing
issued
  Field required [type=missing, input_value={}, input_type=dict]
    For further information visit https://errors.pydantic.dev/2.8/v/missing
@type
  Field required [type=missing, input_value={}, input_type=dict]
    For further information visit https://errors.pydantic.dev/2.8/v/missing
modified
  Field required [type=missing, input_value={}, input_type=dict]
    For further information visit https://errors.pydantic.dev/2.8/v/missing
released
  Field required [type=missing, input_value={}, input_type=dict]
    For further information visit https://errors.pydantic.dev/2.8/v/missing
keyword
  Field required [type=missing, input_value={}, input_type=dict]
    For further information visit https://errors.pydantic.dev/2.8/v/missing
contactPoint
  Field required [type=missing, input_value={}, input_type=dict]
    For further information visit https://errors.pydantic.dev/2.8/v/missing
publisher
  Field required [type=missing, input_value={}, input_type=dict]
    For further information visit https://errors.pydantic.dev/2.8/v/missing
identifier
  Field required [type=missing, input_value={}, input_type=dict]
    For further information visit https://errors.pydantic.dev/2.8/v/missing
description
  Field required [type=missing, input_value={}, input_type=dict]
    For further information visit https://errors.pydantic.dev/2.8/v/missing
title
  Field required [type=missing, input_value={}, input_type=dict]
    For further information visit https://errors.pydantic.dev/2.8/v/missing
programCode
  Field required [type=missing, input_value={}, input_type=dict]
    For further information visit https://errors.pydantic.dev/2.8/v/missing
distribution
  Field required [type=missing, input_value={}, input_type=dict]
    For further information visit https://errors.pydantic.dev/2.8/v/missing
theme
  Field required [type=missing, input_value={}, input_type=dict]
    For further information visit https://errors.pydantic.dev/2.8/v/missing
2024-08-23 12:40:38 - ERROR - Validation error for dataset: Unknown title
Traceback (most recent call last):
  File "C:\Users\edmun\Projects\Repositories\healthpartners-interview\src\healthpartners_interview\download.py", line 31, in fetch_datasets
    dataset = Dataset(**current_item)
              ^^^^^^^^^^^^^^^^^^^^^^^
  File "C:\Users\edmun\Projects\Repositories\healthpartners-interview\.venv\Lib\site-packages\pydantic\main.py", line 193, in __init__
    self.__pydantic_validator__.validate_python(data, self_instance=self)
pydantic_core._pydantic_core.ValidationError: 16 validation errors for Dataset
accessLevel
  Field required [type=missing, input_value={}, input_type=dict]
    For further information visit https://errors.pydantic.dev/2.8/v/missing
landingPage
  Field required [type=missing, input_value={}, input_type=dict]
    For further information visit https://errors.pydantic.dev/2.8/v/missing
bureauCode
  Field required [type=missing, input_value={}, input_type=dict]
    For further information visit https://errors.pydantic.dev/2.8/v/missing
issued
  Field required [type=missing, input_value={}, input_type=dict]
    For further information visit https://errors.pydantic.dev/2.8/v/missing
@type
  Field required [type=missing, input_value={}, input_type=dict]
    For further information visit https://errors.pydantic.dev/2.8/v/missing
modified
  Field required [type=missing, input_value={}, input_type=dict]
    For further information visit https://errors.pydantic.dev/2.8/v/missing
released
  Field required [type=missing, input_value={}, input_type=dict]
    For further information visit https://errors.pydantic.dev/2.8/v/missing
keyword
  Field required [type=missing, input_value={}, input_type=dict]
    For further information visit https://errors.pydantic.dev/2.8/v/missing
contactPoint
  Field required [type=missing, input_value={}, input_type=dict]
    For further information visit https://errors.pydantic.dev/2.8/v/missing
publisher
  Field required [type=missing, input_value={}, input_type=dict]
    For further information visit https://errors.pydantic.dev/2.8/v/missing
identifier
  Field required [type=missing, input_value={}, input_type=dict]
    For further information visit https://errors.pydantic.dev/2.8/v/missing
description
  Field required [type=missing, input_value={}, input_type=dict]
    For further information visit https://errors.pydantic.dev/2.8/v/missing
title
  Field required [type=missing, input_value={}, input_type=dict]
    For further information visit https://errors.pydantic.dev/2.8/v/missing
programCode
  Field required [type=missing, input_value={}, input_type=dict]
    For further information visit https://errors.pydantic.dev/2.8/v/missing
distribution
  Field required [type=missing, input_value={}, input_type=dict]
    For further information visit https://errors.pydantic.dev/2.8/v/missing
theme
  Field required [type=missing, input_value={}, input_type=dict]
    For further information visit https://errors.pydantic.dev/2.8/v/missing
2024-08-23 12:40:38 - ERROR - Validation error for dataset: Unknown title
Traceback (most recent call last):
  File "C:\Users\edmun\Projects\Repositories\healthpartners-interview\src\healthpartners_interview\download.py", line 31, in fetch_datasets
    dataset = Dataset(**current_item)
              ^^^^^^^^^^^^^^^^^^^^^^^
  File "C:\Users\edmun\Projects\Repositories\healthpartners-interview\.venv\Lib\site-packages\pydantic\main.py", line 193, in __init__
    self.__pydantic_validator__.validate_python(data, self_instance=self)
pydantic_core._pydantic_core.ValidationError: 16 validation errors for Dataset
accessLevel
  Field required [type=missing, input_value={'item': 'programCode'}, input_type=dict]
    For further information visit https://errors.pydantic.dev/2.8/v/missing
landingPage
  Field required [type=missing, input_value={'item': 'programCode'}, input_type=dict]
    For further information visit https://errors.pydantic.dev/2.8/v/missing
bureauCode
  Field required [type=missing, input_value={'item': 'programCode'}, input_type=dict]
    For further information visit https://errors.pydantic.dev/2.8/v/missing
issued
  Field required [type=missing, input_value={'item': 'programCode'}, input_type=dict]
    For further information visit https://errors.pydantic.dev/2.8/v/missing
@type
  Field required [type=missing, input_value={'item': 'programCode'}, input_type=dict]
    For further information visit https://errors.pydantic.dev/2.8/v/missing
modified
  Field required [type=missing, input_value={'item': 'programCode'}, input_type=dict]
    For further information visit https://errors.pydantic.dev/2.8/v/missing
released
  Field required [type=missing, input_value={'item': 'programCode'}, input_type=dict]
    For further information visit https://errors.pydantic.dev/2.8/v/missing
keyword
  Field required [type=missing, input_value={'item': 'programCode'}, input_type=dict]
    For further information visit https://errors.pydantic.dev/2.8/v/missing
contactPoint
  Field required [type=missing, input_value={'item': 'programCode'}, input_type=dict]
    For further information visit https://errors.pydantic.dev/2.8/v/missing
publisher
  Field required [type=missing, input_value={'item': 'programCode'}, input_type=dict]
    For further information visit https://errors.pydantic.dev/2.8/v/missing
identifier
  Field required [type=missing, input_value={'item': 'programCode'}, input_type=dict]
    For further information visit https://errors.pydantic.dev/2.8/v/missing
description
  Field required [type=missing, input_value={'item': 'programCode'}, input_type=dict]
    For further information visit https://errors.pydantic.dev/2.8/v/missing
title
  Field required [type=missing, input_value={'item': 'programCode'}, input_type=dict]
    For further information visit https://errors.pydantic.dev/2.8/v/missing
programCode
  Field required [type=missing, input_value={'item': 'programCode'}, input_type=dict]
    For further information visit https://errors.pydantic.dev/2.8/v/missing
distribution
  Field required [type=missing, input_value={'item': 'programCode'}, input_type=dict]
    For further information visit https://errors.pydantic.dev/2.8/v/missing
theme
  Field required [type=missing, input_value={'item': 'programCode'}, input_type=dict]
    For further information visit https://errors.pydantic.dev/2.8/v/missing
2024-08-23 12:40:38 - ERROR - Validation error for dataset: Unknown title
Traceback (most recent call last):
  File "C:\Users\edmun\Projects\Repositories\healthpartners-interview\src\healthpartners_interview\download.py", line 31, in fetch_datasets
    dataset = Dataset(**current_item)
              ^^^^^^^^^^^^^^^^^^^^^^^
  File "C:\Users\edmun\Projects\Repositories\healthpartners-interview\.venv\Lib\site-packages\pydantic\main.py", line 193, in __init__
    self.__pydantic_validator__.validate_python(data, self_instance=self)
pydantic_core._pydantic_core.ValidationError: 16 validation errors for Dataset
accessLevel
  Field required [type=missing, input_value={}, input_type=dict]
    For further information visit https://errors.pydantic.dev/2.8/v/missing
landingPage
  Field required [type=missing, input_value={}, input_type=dict]
    For further information visit https://errors.pydantic.dev/2.8/v/missing
bureauCode
  Field required [type=missing, input_value={}, input_type=dict]
    For further information visit https://errors.pydantic.dev/2.8/v/missing
issued
  Field required [type=missing, input_value={}, input_type=dict]
    For further information visit https://errors.pydantic.dev/2.8/v/missing
@type
  Field required [type=missing, input_value={}, input_type=dict]
    For further information visit https://errors.pydantic.dev/2.8/v/missing
modified
  Field required [type=missing, input_value={}, input_type=dict]
    For further information visit https://errors.pydantic.dev/2.8/v/missing
released
  Field required [type=missing, input_value={}, input_type=dict]
    For further information visit https://errors.pydantic.dev/2.8/v/missing
keyword
  Field required [type=missing, input_value={}, input_type=dict]
    For further information visit https://errors.pydantic.dev/2.8/v/missing
contactPoint
  Field required [type=missing, input_value={}, input_type=dict]
    For further information visit https://errors.pydantic.dev/2.8/v/missing
publisher
  Field required [type=missing, input_value={}, input_type=dict]
    For further information visit https://errors.pydantic.dev/2.8/v/missing
identifier
  Field required [type=missing, input_value={}, input_type=dict]
    For further information visit https://errors.pydantic.dev/2.8/v/missing
description
  Field required [type=missing, input_value={}, input_type=dict]
    For further information visit https://errors.pydantic.dev/2.8/v/missing
title
  Field required [type=missing, input_value={}, input_type=dict]
    For further information visit https://errors.pydantic.dev/2.8/v/missing
programCode
  Field required [type=missing, input_value={}, input_type=dict]
    For further information visit https://errors.pydantic.dev/2.8/v/missing
distribution
  Field required [type=missing, input_value={}, input_type=dict]
    For further information visit https://errors.pydantic.dev/2.8/v/missing
theme
  Field required [type=missing, input_value={}, input_type=dict]
    For further information visit https://errors.pydantic.dev/2.8/v/missing
2024-08-23 12:40:38 - ERROR - Validation error for dataset: Unknown title
Traceback (most recent call last):
  File "C:\Users\edmun\Projects\Repositories\healthpartners-interview\src\healthpartners_interview\download.py", line 31, in fetch_datasets
    dataset = Dataset(**current_item)
              ^^^^^^^^^^^^^^^^^^^^^^^
  File "C:\Users\edmun\Projects\Repositories\healthpartners-interview\.venv\Lib\site-packages\pydantic\main.py", line 193, in __init__
    self.__pydantic_validator__.validate_python(data, self_instance=self)
pydantic_core._pydantic_core.ValidationError: 16 validation errors for Dataset
accessLevel
  Field required [type=missing, input_value={}, input_type=dict]
    For further information visit https://errors.pydantic.dev/2.8/v/missing
landingPage
  Field required [type=missing, input_value={}, input_type=dict]
    For further information visit https://errors.pydantic.dev/2.8/v/missing
bureauCode
  Field required [type=missing, input_value={}, input_type=dict]
    For further information visit https://errors.pydantic.dev/2.8/v/missing
issued
  Field required [type=missing, input_value={}, input_type=dict]
    For further information visit https://errors.pydantic.dev/2.8/v/missing
@type
  Field required [type=missing, input_value={}, input_type=dict]
    For further information visit https://errors.pydantic.dev/2.8/v/missing
modified
  Field required [type=missing, input_value={}, input_type=dict]
    For further information visit https://errors.pydantic.dev/2.8/v/missing
released
  Field required [type=missing, input_value={}, input_type=dict]
    For further information visit https://errors.pydantic.dev/2.8/v/missing
keyword
  Field required [type=missing, input_value={}, input_type=dict]
    For further information visit https://errors.pydantic.dev/2.8/v/missing
contactPoint
  Field required [type=missing, input_value={}, input_type=dict]
    For further information visit https://errors.pydantic.dev/2.8/v/missing
publisher
  Field required [type=missing, input_value={}, input_type=dict]
    For further information visit https://errors.pydantic.dev/2.8/v/missing
identifier
  Field required [type=missing, input_value={}, input_type=dict]
    For further information visit https://errors.pydantic.dev/2.8/v/missing
description
  Field required [type=missing, input_value={}, input_type=dict]
    For further information visit https://errors.pydantic.dev/2.8/v/missing
title
  Field required [type=missing, input_value={}, input_type=dict]
    For further information visit https://errors.pydantic.dev/2.8/v/missing
programCode
  Field required [type=missing, input_value={}, input_type=dict]
    For further information visit https://errors.pydantic.dev/2.8/v/missing
distribution
  Field required [type=missing, input_value={}, input_type=dict]
    For further information visit https://errors.pydantic.dev/2.8/v/missing
theme
  Field required [type=missing, input_value={}, input_type=dict]
    For further information visit https://errors.pydantic.dev/2.8/v/missing
2024-08-23 12:40:38 - ERROR - Validation error for dataset: Unknown title
Traceback (most recent call last):
  File "C:\Users\edmun\Projects\Repositories\healthpartners-interview\src\healthpartners_interview\download.py", line 31, in fetch_datasets
    dataset = Dataset(**current_item)
              ^^^^^^^^^^^^^^^^^^^^^^^
  File "C:\Users\edmun\Projects\Repositories\healthpartners-interview\.venv\Lib\site-packages\pydantic\main.py", line 193, in __init__
    self.__pydantic_validator__.validate_python(data, self_instance=self)
pydantic_core._pydantic_core.ValidationError: 16 validation errors for Dataset
accessLevel
  Field required [type=missing, input_value={}, input_type=dict]
    For further information visit https://errors.pydantic.dev/2.8/v/missing
landingPage
  Field required [type=missing, input_value={}, input_type=dict]
    For further information visit https://errors.pydantic.dev/2.8/v/missing
bureauCode
  Field required [type=missing, input_value={}, input_type=dict]
    For further information visit https://errors.pydantic.dev/2.8/v/missing
issued
  Field required [type=missing, input_value={}, input_type=dict]
    For further information visit https://errors.pydantic.dev/2.8/v/missing
@type
  Field required [type=missing, input_value={}, input_type=dict]
    For further information visit https://errors.pydantic.dev/2.8/v/missing
modified
  Field required [type=missing, input_value={}, input_type=dict]
    For further information visit https://errors.pydantic.dev/2.8/v/missing
released
  Field required [type=missing, input_value={}, input_type=dict]
    For further information visit https://errors.pydantic.dev/2.8/v/missing
keyword
  Field required [type=missing, input_value={}, input_type=dict]
    For further information visit https://errors.pydantic.dev/2.8/v/missing
contactPoint
  Field required [type=missing, input_value={}, input_type=dict]
    For further information visit https://errors.pydantic.dev/2.8/v/missing
publisher
  Field required [type=missing, input_value={}, input_type=dict]
    For further information visit https://errors.pydantic.dev/2.8/v/missing
identifier
  Field required [type=missing, input_value={}, input_type=dict]
    For further information visit https://errors.pydantic.dev/2.8/v/missing
description
  Field required [type=missing, input_value={}, input_type=dict]
    For further information visit https://errors.pydantic.dev/2.8/v/missing
title
  Field required [type=missing, input_value={}, input_type=dict]
    For further information visit https://errors.pydantic.dev/2.8/v/missing
programCode
  Field required [type=missing, input_value={}, input_type=dict]
    For further information visit https://errors.pydantic.dev/2.8/v/missing
distribution
  Field required [type=missing, input_value={}, input_type=dict]
    For further information visit https://errors.pydantic.dev/2.8/v/missing
theme
  Field required [type=missing, input_value={}, input_type=dict]
    For further information visit https://errors.pydantic.dev/2.8/v/missing
2024-08-23 12:40:38 - ERROR - Validation error for dataset: Unknown title
Traceback (most recent call last):
  File "C:\Users\edmun\Projects\Repositories\healthpartners-interview\src\healthpartners_interview\download.py", line 31, in fetch_datasets
    dataset = Dataset(**current_item)
              ^^^^^^^^^^^^^^^^^^^^^^^
  File "C:\Users\edmun\Projects\Repositories\healthpartners-interview\.venv\Lib\site-packages\pydantic\main.py", line 193, in __init__
    self.__pydantic_validator__.validate_python(data, self_instance=self)
pydantic_core._pydantic_core.ValidationError: 16 validation errors for Dataset
accessLevel
  Field required [type=missing, input_value={'item': 'programCode'}, input_type=dict]
    For further information visit https://errors.pydantic.dev/2.8/v/missing
landingPage
  Field required [type=missing, input_value={'item': 'programCode'}, input_type=dict]
    For further information visit https://errors.pydantic.dev/2.8/v/missing
bureauCode
  Field required [type=missing, input_value={'item': 'programCode'}, input_type=dict]
    For further information visit https://errors.pydantic.dev/2.8/v/missing
issued
  Field required [type=missing, input_value={'item': 'programCode'}, input_type=dict]
    For further information visit https://errors.pydantic.dev/2.8/v/missing
@type
  Field required [type=missing, input_value={'item': 'programCode'}, input_type=dict]
    For further information visit https://errors.pydantic.dev/2.8/v/missing
modified
  Field required [type=missing, input_value={'item': 'programCode'}, input_type=dict]
    For further information visit https://errors.pydantic.dev/2.8/v/missing
released
  Field required [type=missing, input_value={'item': 'programCode'}, input_type=dict]
    For further information visit https://errors.pydantic.dev/2.8/v/missing
keyword
  Field required [type=missing, input_value={'item': 'programCode'}, input_type=dict]
    For further information visit https://errors.pydantic.dev/2.8/v/missing
contactPoint
  Field required [type=missing, input_value={'item': 'programCode'}, input_type=dict]
    For further information visit https://errors.pydantic.dev/2.8/v/missing
publisher
  Field required [type=missing, input_value={'item': 'programCode'}, input_type=dict]
    For further information visit https://errors.pydantic.dev/2.8/v/missing
identifier
  Field required [type=missing, input_value={'item': 'programCode'}, input_type=dict]
    For further information visit https://errors.pydantic.dev/2.8/v/missing
description
  Field required [type=missing, input_value={'item': 'programCode'}, input_type=dict]
    For further information visit https://errors.pydantic.dev/2.8/v/missing
title
  Field required [type=missing, input_value={'item': 'programCode'}, input_type=dict]
    For further information visit https://errors.pydantic.dev/2.8/v/missing
programCode
  Field required [type=missing, input_value={'item': 'programCode'}, input_type=dict]
    For further information visit https://errors.pydantic.dev/2.8/v/missing
distribution
  Field required [type=missing, input_value={'item': 'programCode'}, input_type=dict]
    For further information visit https://errors.pydantic.dev/2.8/v/missing
theme
  Field required [type=missing, input_value={'item': 'programCode'}, input_type=dict]
    For further information visit https://errors.pydantic.dev/2.8/v/missing
2024-08-23 12:40:38 - ERROR - Validation error for dataset: Unknown title
Traceback (most recent call last):
  File "C:\Users\edmun\Projects\Repositories\healthpartners-interview\src\healthpartners_interview\download.py", line 31, in fetch_datasets
    dataset = Dataset(**current_item)
              ^^^^^^^^^^^^^^^^^^^^^^^
  File "C:\Users\edmun\Projects\Repositories\healthpartners-interview\.venv\Lib\site-packages\pydantic\main.py", line 193, in __init__
    self.__pydantic_validator__.validate_python(data, self_instance=self)
pydantic_core._pydantic_core.ValidationError: 16 validation errors for Dataset
accessLevel
  Field required [type=missing, input_value={}, input_type=dict]
    For further information visit https://errors.pydantic.dev/2.8/v/missing
landingPage
  Field required [type=missing, input_value={}, input_type=dict]
    For further information visit https://errors.pydantic.dev/2.8/v/missing
bureauCode
  Field required [type=missing, input_value={}, input_type=dict]
    For further information visit https://errors.pydantic.dev/2.8/v/missing
issued
  Field required [type=missing, input_value={}, input_type=dict]
    For further information visit https://errors.pydantic.dev/2.8/v/missing
@type
  Field required [type=missing, input_value={}, input_type=dict]
    For further information visit https://errors.pydantic.dev/2.8/v/missing
modified
  Field required [type=missing, input_value={}, input_type=dict]
    For further information visit https://errors.pydantic.dev/2.8/v/missing
released
  Field required [type=missing, input_value={}, input_type=dict]
    For further information visit https://errors.pydantic.dev/2.8/v/missing
keyword
  Field required [type=missing, input_value={}, input_type=dict]
    For further information visit https://errors.pydantic.dev/2.8/v/missing
contactPoint
  Field required [type=missing, input_value={}, input_type=dict]
    For further information visit https://errors.pydantic.dev/2.8/v/missing
publisher
  Field required [type=missing, input_value={}, input_type=dict]
    For further information visit https://errors.pydantic.dev/2.8/v/missing
identifier
  Field required [type=missing, input_value={}, input_type=dict]
    For further information visit https://errors.pydantic.dev/2.8/v/missing
description
  Field required [type=missing, input_value={}, input_type=dict]
    For further information visit https://errors.pydantic.dev/2.8/v/missing
title
  Field required [type=missing, input_value={}, input_type=dict]
    For further information visit https://errors.pydantic.dev/2.8/v/missing
programCode
  Field required [type=missing, input_value={}, input_type=dict]
    For further information visit https://errors.pydantic.dev/2.8/v/missing
distribution
  Field required [type=missing, input_value={}, input_type=dict]
    For further information visit https://errors.pydantic.dev/2.8/v/missing
theme
  Field required [type=missing, input_value={}, input_type=dict]
    For further information visit https://errors.pydantic.dev/2.8/v/missing
2024-08-23 12:40:38 - ERROR - Validation error for dataset: Unknown title
Traceback (most recent call last):
  File "C:\Users\edmun\Projects\Repositories\healthpartners-interview\src\healthpartners_interview\download.py", line 31, in fetch_datasets
    dataset = Dataset(**current_item)
              ^^^^^^^^^^^^^^^^^^^^^^^
  File "C:\Users\edmun\Projects\Repositories\healthpartners-interview\.venv\Lib\site-packages\pydantic\main.py", line 193, in __init__
    self.__pydantic_validator__.validate_python(data, self_instance=self)
pydantic_core._pydantic_core.ValidationError: 16 validation errors for Dataset
accessLevel
  Field required [type=missing, input_value={}, input_type=dict]
    For further information visit https://errors.pydantic.dev/2.8/v/missing
landingPage
  Field required [type=missing, input_value={}, input_type=dict]
    For further information visit https://errors.pydantic.dev/2.8/v/missing
bureauCode
  Field required [type=missing, input_value={}, input_type=dict]
    For further information visit https://errors.pydantic.dev/2.8/v/missing
issued
  Field required [type=missing, input_value={}, input_type=dict]
    For further information visit https://errors.pydantic.dev/2.8/v/missing
@type
  Field required [type=missing, input_value={}, input_type=dict]
    For further information visit https://errors.pydantic.dev/2.8/v/missing
modified
  Field required [type=missing, input_value={}, input_type=dict]
    For further information visit https://errors.pydantic.dev/2.8/v/missing
released
  Field required [type=missing, input_value={}, input_type=dict]
    For further information visit https://errors.pydantic.dev/2.8/v/missing
keyword
  Field required [type=missing, input_value={}, input_type=dict]
    For further information visit https://errors.pydantic.dev/2.8/v/missing
contactPoint
  Field required [type=missing, input_value={}, input_type=dict]
    For further information visit https://errors.pydantic.dev/2.8/v/missing
publisher
  Field required [type=missing, input_value={}, input_type=dict]
    For further information visit https://errors.pydantic.dev/2.8/v/missing
identifier
  Field required [type=missing, input_value={}, input_type=dict]
    For further information visit https://errors.pydantic.dev/2.8/v/missing
description
  Field required [type=missing, input_value={}, input_type=dict]
    For further information visit https://errors.pydantic.dev/2.8/v/missing
title
  Field required [type=missing, input_value={}, input_type=dict]
    For further information visit https://errors.pydantic.dev/2.8/v/missing
programCode
  Field required [type=missing, input_value={}, input_type=dict]
    For further information visit https://errors.pydantic.dev/2.8/v/missing
distribution
  Field required [type=missing, input_value={}, input_type=dict]
    For further information visit https://errors.pydantic.dev/2.8/v/missing
theme
  Field required [type=missing, input_value={}, input_type=dict]
    For further information visit https://errors.pydantic.dev/2.8/v/missing
2024-08-23 12:40:38 - ERROR - Validation error for dataset: Unknown title
Traceback (most recent call last):
  File "C:\Users\edmun\Projects\Repositories\healthpartners-interview\src\healthpartners_interview\download.py", line 31, in fetch_datasets
    dataset = Dataset(**current_item)
              ^^^^^^^^^^^^^^^^^^^^^^^
  File "C:\Users\edmun\Projects\Repositories\healthpartners-interview\.venv\Lib\site-packages\pydantic\main.py", line 193, in __init__
    self.__pydantic_validator__.validate_python(data, self_instance=self)
pydantic_core._pydantic_core.ValidationError: 16 validation errors for Dataset
accessLevel
  Field required [type=missing, input_value={}, input_type=dict]
    For further information visit https://errors.pydantic.dev/2.8/v/missing
landingPage
  Field required [type=missing, input_value={}, input_type=dict]
    For further information visit https://errors.pydantic.dev/2.8/v/missing
bureauCode
  Field required [type=missing, input_value={}, input_type=dict]
    For further information visit https://errors.pydantic.dev/2.8/v/missing
issued
  Field required [type=missing, input_value={}, input_type=dict]
    For further information visit https://errors.pydantic.dev/2.8/v/missing
@type
  Field required [type=missing, input_value={}, input_type=dict]
    For further information visit https://errors.pydantic.dev/2.8/v/missing
modified
  Field required [type=missing, input_value={}, input_type=dict]
    For further information visit https://errors.pydantic.dev/2.8/v/missing
released
  Field required [type=missing, input_value={}, input_type=dict]
    For further information visit https://errors.pydantic.dev/2.8/v/missing
keyword
  Field required [type=missing, input_value={}, input_type=dict]
    For further information visit https://errors.pydantic.dev/2.8/v/missing
contactPoint
  Field required [type=missing, input_value={}, input_type=dict]
    For further information visit https://errors.pydantic.dev/2.8/v/missing
publisher
  Field required [type=missing, input_value={}, input_type=dict]
    For further information visit https://errors.pydantic.dev/2.8/v/missing
identifier
  Field required [type=missing, input_value={}, input_type=dict]
    For further information visit https://errors.pydantic.dev/2.8/v/missing
description
  Field required [type=missing, input_value={}, input_type=dict]
    For further information visit https://errors.pydantic.dev/2.8/v/missing
title
  Field required [type=missing, input_value={}, input_type=dict]
    For further information visit https://errors.pydantic.dev/2.8/v/missing
programCode
  Field required [type=missing, input_value={}, input_type=dict]
    For further information visit https://errors.pydantic.dev/2.8/v/missing
distribution
  Field required [type=missing, input_value={}, input_type=dict]
    For further information visit https://errors.pydantic.dev/2.8/v/missing
theme
  Field required [type=missing, input_value={}, input_type=dict]
    For further information visit https://errors.pydantic.dev/2.8/v/missing
2024-08-23 12:40:38 - ERROR - Validation error for dataset: Unknown title
Traceback (most recent call last):
  File "C:\Users\edmun\Projects\Repositories\healthpartners-interview\src\healthpartners_interview\download.py", line 31, in fetch_datasets
    dataset = Dataset(**current_item)
              ^^^^^^^^^^^^^^^^^^^^^^^
  File "C:\Users\edmun\Projects\Repositories\healthpartners-interview\.venv\Lib\site-packages\pydantic\main.py", line 193, in __init__
    self.__pydantic_validator__.validate_python(data, self_instance=self)
pydantic_core._pydantic_core.ValidationError: 16 validation errors for Dataset
accessLevel
  Field required [type=missing, input_value={'item': 'programCode'}, input_type=dict]
    For further information visit https://errors.pydantic.dev/2.8/v/missing
landingPage
  Field required [type=missing, input_value={'item': 'programCode'}, input_type=dict]
    For further information visit https://errors.pydantic.dev/2.8/v/missing
bureauCode
  Field required [type=missing, input_value={'item': 'programCode'}, input_type=dict]
    For further information visit https://errors.pydantic.dev/2.8/v/missing
issued
  Field required [type=missing, input_value={'item': 'programCode'}, input_type=dict]
    For further information visit https://errors.pydantic.dev/2.8/v/missing
@type
  Field required [type=missing, input_value={'item': 'programCode'}, input_type=dict]
    For further information visit https://errors.pydantic.dev/2.8/v/missing
modified
  Field required [type=missing, input_value={'item': 'programCode'}, input_type=dict]
    For further information visit https://errors.pydantic.dev/2.8/v/missing
released
  Field required [type=missing, input_value={'item': 'programCode'}, input_type=dict]
    For further information visit https://errors.pydantic.dev/2.8/v/missing
keyword
  Field required [type=missing, input_value={'item': 'programCode'}, input_type=dict]
    For further information visit https://errors.pydantic.dev/2.8/v/missing
contactPoint
  Field required [type=missing, input_value={'item': 'programCode'}, input_type=dict]
    For further information visit https://errors.pydantic.dev/2.8/v/missing
publisher
  Field required [type=missing, input_value={'item': 'programCode'}, input_type=dict]
    For further information visit https://errors.pydantic.dev/2.8/v/missing
identifier
  Field required [type=missing, input_value={'item': 'programCode'}, input_type=dict]
    For further information visit https://errors.pydantic.dev/2.8/v/missing
description
  Field required [type=missing, input_value={'item': 'programCode'}, input_type=dict]
    For further information visit https://errors.pydantic.dev/2.8/v/missing
title
  Field required [type=missing, input_value={'item': 'programCode'}, input_type=dict]
    For further information visit https://errors.pydantic.dev/2.8/v/missing
programCode
  Field required [type=missing, input_value={'item': 'programCode'}, input_type=dict]
    For further information visit https://errors.pydantic.dev/2.8/v/missing
distribution
  Field required [type=missing, input_value={'item': 'programCode'}, input_type=dict]
    For further information visit https://errors.pydantic.dev/2.8/v/missing
theme
  Field required [type=missing, input_value={'item': 'programCode'}, input_type=dict]
    For further information visit https://errors.pydantic.dev/2.8/v/missing
2024-08-23 12:40:38 - ERROR - Validation error for dataset: Unknown title
Traceback (most recent call last):
  File "C:\Users\edmun\Projects\Repositories\healthpartners-interview\src\healthpartners_interview\download.py", line 31, in fetch_datasets
    dataset = Dataset(**current_item)
              ^^^^^^^^^^^^^^^^^^^^^^^
  File "C:\Users\edmun\Projects\Repositories\healthpartners-interview\.venv\Lib\site-packages\pydantic\main.py", line 193, in __init__
    self.__pydantic_validator__.validate_python(data, self_instance=self)
pydantic_core._pydantic_core.ValidationError: 16 validation errors for Dataset
accessLevel
  Field required [type=missing, input_value={}, input_type=dict]
    For further information visit https://errors.pydantic.dev/2.8/v/missing
landingPage
  Field required [type=missing, input_value={}, input_type=dict]
    For further information visit https://errors.pydantic.dev/2.8/v/missing
bureauCode
  Field required [type=missing, input_value={}, input_type=dict]
    For further information visit https://errors.pydantic.dev/2.8/v/missing
issued
  Field required [type=missing, input_value={}, input_type=dict]
    For further information visit https://errors.pydantic.dev/2.8/v/missing
@type
  Field required [type=missing, input_value={}, input_type=dict]
    For further information visit https://errors.pydantic.dev/2.8/v/missing
modified
  Field required [type=missing, input_value={}, input_type=dict]
    For further information visit https://errors.pydantic.dev/2.8/v/missing
released
  Field required [type=missing, input_value={}, input_type=dict]
    For further information visit https://errors.pydantic.dev/2.8/v/missing
keyword
  Field required [type=missing, input_value={}, input_type=dict]
    For further information visit https://errors.pydantic.dev/2.8/v/missing
contactPoint
  Field required [type=missing, input_value={}, input_type=dict]
    For further information visit https://errors.pydantic.dev/2.8/v/missing
publisher
  Field required [type=missing, input_value={}, input_type=dict]
    For further information visit https://errors.pydantic.dev/2.8/v/missing
identifier
  Field required [type=missing, input_value={}, input_type=dict]
    For further information visit https://errors.pydantic.dev/2.8/v/missing
description
  Field required [type=missing, input_value={}, input_type=dict]
    For further information visit https://errors.pydantic.dev/2.8/v/missing
title
  Field required [type=missing, input_value={}, input_type=dict]
    For further information visit https://errors.pydantic.dev/2.8/v/missing
programCode
  Field required [type=missing, input_value={}, input_type=dict]
    For further information visit https://errors.pydantic.dev/2.8/v/missing
distribution
  Field required [type=missing, input_value={}, input_type=dict]
    For further information visit https://errors.pydantic.dev/2.8/v/missing
theme
  Field required [type=missing, input_value={}, input_type=dict]
    For further information visit https://errors.pydantic.dev/2.8/v/missing
2024-08-23 12:40:38 - ERROR - Validation error for dataset: Unknown title
Traceback (most recent call last):
  File "C:\Users\edmun\Projects\Repositories\healthpartners-interview\src\healthpartners_interview\download.py", line 31, in fetch_datasets
    dataset = Dataset(**current_item)
              ^^^^^^^^^^^^^^^^^^^^^^^
  File "C:\Users\edmun\Projects\Repositories\healthpartners-interview\.venv\Lib\site-packages\pydantic\main.py", line 193, in __init__
    self.__pydantic_validator__.validate_python(data, self_instance=self)
pydantic_core._pydantic_core.ValidationError: 16 validation errors for Dataset
accessLevel
  Field required [type=missing, input_value={}, input_type=dict]
    For further information visit https://errors.pydantic.dev/2.8/v/missing
landingPage
  Field required [type=missing, input_value={}, input_type=dict]
    For further information visit https://errors.pydantic.dev/2.8/v/missing
bureauCode
  Field required [type=missing, input_value={}, input_type=dict]
    For further information visit https://errors.pydantic.dev/2.8/v/missing
issued
  Field required [type=missing, input_value={}, input_type=dict]
    For further information visit https://errors.pydantic.dev/2.8/v/missing
@type
  Field required [type=missing, input_value={}, input_type=dict]
    For further information visit https://errors.pydantic.dev/2.8/v/missing
modified
  Field required [type=missing, input_value={}, input_type=dict]
    For further information visit https://errors.pydantic.dev/2.8/v/missing
released
  Field required [type=missing, input_value={}, input_type=dict]
    For further information visit https://errors.pydantic.dev/2.8/v/missing
keyword
  Field required [type=missing, input_value={}, input_type=dict]
    For further information visit https://errors.pydantic.dev/2.8/v/missing
contactPoint
  Field required [type=missing, input_value={}, input_type=dict]
    For further information visit https://errors.pydantic.dev/2.8/v/missing
publisher
  Field required [type=missing, input_value={}, input_type=dict]
    For further information visit https://errors.pydantic.dev/2.8/v/missing
identifier
  Field required [type=missing, input_value={}, input_type=dict]
    For further information visit https://errors.pydantic.dev/2.8/v/missing
description
  Field required [type=missing, input_value={}, input_type=dict]
    For further information visit https://errors.pydantic.dev/2.8/v/missing
title
  Field required [type=missing, input_value={}, input_type=dict]
    For further information visit https://errors.pydantic.dev/2.8/v/missing
programCode
  Field required [type=missing, input_value={}, input_type=dict]
    For further information visit https://errors.pydantic.dev/2.8/v/missing
distribution
  Field required [type=missing, input_value={}, input_type=dict]
    For further information visit https://errors.pydantic.dev/2.8/v/missing
theme
  Field required [type=missing, input_value={}, input_type=dict]
    For further information visit https://errors.pydantic.dev/2.8/v/missing
2024-08-23 12:40:38 - ERROR - Validation error for dataset: Unknown title
Traceback (most recent call last):
  File "C:\Users\edmun\Projects\Repositories\healthpartners-interview\src\healthpartners_interview\download.py", line 31, in fetch_datasets
    dataset = Dataset(**current_item)
              ^^^^^^^^^^^^^^^^^^^^^^^
  File "C:\Users\edmun\Projects\Repositories\healthpartners-interview\.venv\Lib\site-packages\pydantic\main.py", line 193, in __init__
    self.__pydantic_validator__.validate_python(data, self_instance=self)
pydantic_core._pydantic_core.ValidationError: 16 validation errors for Dataset
accessLevel
  Field required [type=missing, input_value={}, input_type=dict]
    For further information visit https://errors.pydantic.dev/2.8/v/missing
landingPage
  Field required [type=missing, input_value={}, input_type=dict]
    For further information visit https://errors.pydantic.dev/2.8/v/missing
bureauCode
  Field required [type=missing, input_value={}, input_type=dict]
    For further information visit https://errors.pydantic.dev/2.8/v/missing
issued
  Field required [type=missing, input_value={}, input_type=dict]
    For further information visit https://errors.pydantic.dev/2.8/v/missing
@type
  Field required [type=missing, input_value={}, input_type=dict]
    For further information visit https://errors.pydantic.dev/2.8/v/missing
modified
  Field required [type=missing, input_value={}, input_type=dict]
    For further information visit https://errors.pydantic.dev/2.8/v/missing
released
  Field required [type=missing, input_value={}, input_type=dict]
    For further information visit https://errors.pydantic.dev/2.8/v/missing
keyword
  Field required [type=missing, input_value={}, input_type=dict]
    For further information visit https://errors.pydantic.dev/2.8/v/missing
contactPoint
  Field required [type=missing, input_value={}, input_type=dict]
    For further information visit https://errors.pydantic.dev/2.8/v/missing
publisher
  Field required [type=missing, input_value={}, input_type=dict]
    For further information visit https://errors.pydantic.dev/2.8/v/missing
identifier
  Field required [type=missing, input_value={}, input_type=dict]
    For further information visit https://errors.pydantic.dev/2.8/v/missing
description
  Field required [type=missing, input_value={}, input_type=dict]
    For further information visit https://errors.pydantic.dev/2.8/v/missing
title
  Field required [type=missing, input_value={}, input_type=dict]
    For further information visit https://errors.pydantic.dev/2.8/v/missing
programCode
  Field required [type=missing, input_value={}, input_type=dict]
    For further information visit https://errors.pydantic.dev/2.8/v/missing
distribution
  Field required [type=missing, input_value={}, input_type=dict]
    For further information visit https://errors.pydantic.dev/2.8/v/missing
theme
  Field required [type=missing, input_value={}, input_type=dict]
    For further information visit https://errors.pydantic.dev/2.8/v/missing
2024-08-23 12:40:38 - ERROR - Validation error for dataset: Unknown title
Traceback (most recent call last):
  File "C:\Users\edmun\Projects\Repositories\healthpartners-interview\src\healthpartners_interview\download.py", line 31, in fetch_datasets
    dataset = Dataset(**current_item)
              ^^^^^^^^^^^^^^^^^^^^^^^
  File "C:\Users\edmun\Projects\Repositories\healthpartners-interview\.venv\Lib\site-packages\pydantic\main.py", line 193, in __init__
    self.__pydantic_validator__.validate_python(data, self_instance=self)
pydantic_core._pydantic_core.ValidationError: 16 validation errors for Dataset
accessLevel
  Field required [type=missing, input_value={'item': 'programCode'}, input_type=dict]
    For further information visit https://errors.pydantic.dev/2.8/v/missing
landingPage
  Field required [type=missing, input_value={'item': 'programCode'}, input_type=dict]
    For further information visit https://errors.pydantic.dev/2.8/v/missing
bureauCode
  Field required [type=missing, input_value={'item': 'programCode'}, input_type=dict]
    For further information visit https://errors.pydantic.dev/2.8/v/missing
issued
  Field required [type=missing, input_value={'item': 'programCode'}, input_type=dict]
    For further information visit https://errors.pydantic.dev/2.8/v/missing
@type
  Field required [type=missing, input_value={'item': 'programCode'}, input_type=dict]
    For further information visit https://errors.pydantic.dev/2.8/v/missing
modified
  Field required [type=missing, input_value={'item': 'programCode'}, input_type=dict]
    For further information visit https://errors.pydantic.dev/2.8/v/missing
released
  Field required [type=missing, input_value={'item': 'programCode'}, input_type=dict]
    For further information visit https://errors.pydantic.dev/2.8/v/missing
keyword
  Field required [type=missing, input_value={'item': 'programCode'}, input_type=dict]
    For further information visit https://errors.pydantic.dev/2.8/v/missing
contactPoint
  Field required [type=missing, input_value={'item': 'programCode'}, input_type=dict]
    For further information visit https://errors.pydantic.dev/2.8/v/missing
publisher
  Field required [type=missing, input_value={'item': 'programCode'}, input_type=dict]
    For further information visit https://errors.pydantic.dev/2.8/v/missing
identifier
  Field required [type=missing, input_value={'item': 'programCode'}, input_type=dict]
    For further information visit https://errors.pydantic.dev/2.8/v/missing
description
  Field required [type=missing, input_value={'item': 'programCode'}, input_type=dict]
    For further information visit https://errors.pydantic.dev/2.8/v/missing
title
  Field required [type=missing, input_value={'item': 'programCode'}, input_type=dict]
    For further information visit https://errors.pydantic.dev/2.8/v/missing
programCode
  Field required [type=missing, input_value={'item': 'programCode'}, input_type=dict]
    For further information visit https://errors.pydantic.dev/2.8/v/missing
distribution
  Field required [type=missing, input_value={'item': 'programCode'}, input_type=dict]
    For further information visit https://errors.pydantic.dev/2.8/v/missing
theme
  Field required [type=missing, input_value={'item': 'programCode'}, input_type=dict]
    For further information visit https://errors.pydantic.dev/2.8/v/missing
2024-08-23 12:40:38 - ERROR - Validation error for dataset: Unknown title
Traceback (most recent call last):
  File "C:\Users\edmun\Projects\Repositories\healthpartners-interview\src\healthpartners_interview\download.py", line 31, in fetch_datasets
    dataset = Dataset(**current_item)
              ^^^^^^^^^^^^^^^^^^^^^^^
  File "C:\Users\edmun\Projects\Repositories\healthpartners-interview\.venv\Lib\site-packages\pydantic\main.py", line 193, in __init__
    self.__pydantic_validator__.validate_python(data, self_instance=self)
pydantic_core._pydantic_core.ValidationError: 16 validation errors for Dataset
accessLevel
  Field required [type=missing, input_value={}, input_type=dict]
    For further information visit https://errors.pydantic.dev/2.8/v/missing
landingPage
  Field required [type=missing, input_value={}, input_type=dict]
    For further information visit https://errors.pydantic.dev/2.8/v/missing
bureauCode
  Field required [type=missing, input_value={}, input_type=dict]
    For further information visit https://errors.pydantic.dev/2.8/v/missing
issued
  Field required [type=missing, input_value={}, input_type=dict]
    For further information visit https://errors.pydantic.dev/2.8/v/missing
@type
  Field required [type=missing, input_value={}, input_type=dict]
    For further information visit https://errors.pydantic.dev/2.8/v/missing
modified
  Field required [type=missing, input_value={}, input_type=dict]
    For further information visit https://errors.pydantic.dev/2.8/v/missing
released
  Field required [type=missing, input_value={}, input_type=dict]
    For further information visit https://errors.pydantic.dev/2.8/v/missing
keyword
  Field required [type=missing, input_value={}, input_type=dict]
    For further information visit https://errors.pydantic.dev/2.8/v/missing
contactPoint
  Field required [type=missing, input_value={}, input_type=dict]
    For further information visit https://errors.pydantic.dev/2.8/v/missing
publisher
  Field required [type=missing, input_value={}, input_type=dict]
    For further information visit https://errors.pydantic.dev/2.8/v/missing
identifier
  Field required [type=missing, input_value={}, input_type=dict]
    For further information visit https://errors.pydantic.dev/2.8/v/missing
description
  Field required [type=missing, input_value={}, input_type=dict]
    For further information visit https://errors.pydantic.dev/2.8/v/missing
title
  Field required [type=missing, input_value={}, input_type=dict]
    For further information visit https://errors.pydantic.dev/2.8/v/missing
programCode
  Field required [type=missing, input_value={}, input_type=dict]
    For further information visit https://errors.pydantic.dev/2.8/v/missing
distribution
  Field required [type=missing, input_value={}, input_type=dict]
    For further information visit https://errors.pydantic.dev/2.8/v/missing
theme
  Field required [type=missing, input_value={}, input_type=dict]
    For further information visit https://errors.pydantic.dev/2.8/v/missing
2024-08-23 12:40:38 - ERROR - Validation error for dataset: Unknown title
Traceback (most recent call last):
  File "C:\Users\edmun\Projects\Repositories\healthpartners-interview\src\healthpartners_interview\download.py", line 31, in fetch_datasets
    dataset = Dataset(**current_item)
              ^^^^^^^^^^^^^^^^^^^^^^^
  File "C:\Users\edmun\Projects\Repositories\healthpartners-interview\.venv\Lib\site-packages\pydantic\main.py", line 193, in __init__
    self.__pydantic_validator__.validate_python(data, self_instance=self)
pydantic_core._pydantic_core.ValidationError: 16 validation errors for Dataset
accessLevel
  Field required [type=missing, input_value={}, input_type=dict]
    For further information visit https://errors.pydantic.dev/2.8/v/missing
landingPage
  Field required [type=missing, input_value={}, input_type=dict]
    For further information visit https://errors.pydantic.dev/2.8/v/missing
bureauCode
  Field required [type=missing, input_value={}, input_type=dict]
    For further information visit https://errors.pydantic.dev/2.8/v/missing
issued
  Field required [type=missing, input_value={}, input_type=dict]
    For further information visit https://errors.pydantic.dev/2.8/v/missing
@type
  Field required [type=missing, input_value={}, input_type=dict]
    For further information visit https://errors.pydantic.dev/2.8/v/missing
modified
  Field required [type=missing, input_value={}, input_type=dict]
    For further information visit https://errors.pydantic.dev/2.8/v/missing
released
  Field required [type=missing, input_value={}, input_type=dict]
    For further information visit https://errors.pydantic.dev/2.8/v/missing
keyword
  Field required [type=missing, input_value={}, input_type=dict]
    For further information visit https://errors.pydantic.dev/2.8/v/missing
contactPoint
  Field required [type=missing, input_value={}, input_type=dict]
    For further information visit https://errors.pydantic.dev/2.8/v/missing
publisher
  Field required [type=missing, input_value={}, input_type=dict]
    For further information visit https://errors.pydantic.dev/2.8/v/missing
identifier
  Field required [type=missing, input_value={}, input_type=dict]
    For further information visit https://errors.pydantic.dev/2.8/v/missing
description
  Field required [type=missing, input_value={}, input_type=dict]
    For further information visit https://errors.pydantic.dev/2.8/v/missing
title
  Field required [type=missing, input_value={}, input_type=dict]
    For further information visit https://errors.pydantic.dev/2.8/v/missing
programCode
  Field required [type=missing, input_value={}, input_type=dict]
    For further information visit https://errors.pydantic.dev/2.8/v/missing
distribution
  Field required [type=missing, input_value={}, input_type=dict]
    For further information visit https://errors.pydantic.dev/2.8/v/missing
theme
  Field required [type=missing, input_value={}, input_type=dict]
    For further information visit https://errors.pydantic.dev/2.8/v/missing
2024-08-23 12:40:38 - ERROR - Validation error for dataset: Unknown title
Traceback (most recent call last):
  File "C:\Users\edmun\Projects\Repositories\healthpartners-interview\src\healthpartners_interview\download.py", line 31, in fetch_datasets
    dataset = Dataset(**current_item)
              ^^^^^^^^^^^^^^^^^^^^^^^
  File "C:\Users\edmun\Projects\Repositories\healthpartners-interview\.venv\Lib\site-packages\pydantic\main.py", line 193, in __init__
    self.__pydantic_validator__.validate_python(data, self_instance=self)
pydantic_core._pydantic_core.ValidationError: 16 validation errors for Dataset
accessLevel
  Field required [type=missing, input_value={}, input_type=dict]
    For further information visit https://errors.pydantic.dev/2.8/v/missing
landingPage
  Field required [type=missing, input_value={}, input_type=dict]
    For further information visit https://errors.pydantic.dev/2.8/v/missing
bureauCode
  Field required [type=missing, input_value={}, input_type=dict]
    For further information visit https://errors.pydantic.dev/2.8/v/missing
issued
  Field required [type=missing, input_value={}, input_type=dict]
    For further information visit https://errors.pydantic.dev/2.8/v/missing
@type
  Field required [type=missing, input_value={}, input_type=dict]
    For further information visit https://errors.pydantic.dev/2.8/v/missing
modified
  Field required [type=missing, input_value={}, input_type=dict]
    For further information visit https://errors.pydantic.dev/2.8/v/missing
released
  Field required [type=missing, input_value={}, input_type=dict]
    For further information visit https://errors.pydantic.dev/2.8/v/missing
keyword
  Field required [type=missing, input_value={}, input_type=dict]
    For further information visit https://errors.pydantic.dev/2.8/v/missing
contactPoint
  Field required [type=missing, input_value={}, input_type=dict]
    For further information visit https://errors.pydantic.dev/2.8/v/missing
publisher
  Field required [type=missing, input_value={}, input_type=dict]
    For further information visit https://errors.pydantic.dev/2.8/v/missing
identifier
  Field required [type=missing, input_value={}, input_type=dict]
    For further information visit https://errors.pydantic.dev/2.8/v/missing
description
  Field required [type=missing, input_value={}, input_type=dict]
    For further information visit https://errors.pydantic.dev/2.8/v/missing
title
  Field required [type=missing, input_value={}, input_type=dict]
    For further information visit https://errors.pydantic.dev/2.8/v/missing
programCode
  Field required [type=missing, input_value={}, input_type=dict]
    For further information visit https://errors.pydantic.dev/2.8/v/missing
distribution
  Field required [type=missing, input_value={}, input_type=dict]
    For further information visit https://errors.pydantic.dev/2.8/v/missing
theme
  Field required [type=missing, input_value={}, input_type=dict]
    For further information visit https://errors.pydantic.dev/2.8/v/missing
2024-08-23 12:40:38 - ERROR - Validation error for dataset: Unknown title
Traceback (most recent call last):
  File "C:\Users\edmun\Projects\Repositories\healthpartners-interview\src\healthpartners_interview\download.py", line 31, in fetch_datasets
    dataset = Dataset(**current_item)
              ^^^^^^^^^^^^^^^^^^^^^^^
  File "C:\Users\edmun\Projects\Repositories\healthpartners-interview\.venv\Lib\site-packages\pydantic\main.py", line 193, in __init__
    self.__pydantic_validator__.validate_python(data, self_instance=self)
pydantic_core._pydantic_core.ValidationError: 16 validation errors for Dataset
accessLevel
  Field required [type=missing, input_value={'item': 'programCode'}, input_type=dict]
    For further information visit https://errors.pydantic.dev/2.8/v/missing
landingPage
  Field required [type=missing, input_value={'item': 'programCode'}, input_type=dict]
    For further information visit https://errors.pydantic.dev/2.8/v/missing
bureauCode
  Field required [type=missing, input_value={'item': 'programCode'}, input_type=dict]
    For further information visit https://errors.pydantic.dev/2.8/v/missing
issued
  Field required [type=missing, input_value={'item': 'programCode'}, input_type=dict]
    For further information visit https://errors.pydantic.dev/2.8/v/missing
@type
  Field required [type=missing, input_value={'item': 'programCode'}, input_type=dict]
    For further information visit https://errors.pydantic.dev/2.8/v/missing
modified
  Field required [type=missing, input_value={'item': 'programCode'}, input_type=dict]
    For further information visit https://errors.pydantic.dev/2.8/v/missing
released
  Field required [type=missing, input_value={'item': 'programCode'}, input_type=dict]
    For further information visit https://errors.pydantic.dev/2.8/v/missing
keyword
  Field required [type=missing, input_value={'item': 'programCode'}, input_type=dict]
    For further information visit https://errors.pydantic.dev/2.8/v/missing
contactPoint
  Field required [type=missing, input_value={'item': 'programCode'}, input_type=dict]
    For further information visit https://errors.pydantic.dev/2.8/v/missing
publisher
  Field required [type=missing, input_value={'item': 'programCode'}, input_type=dict]
    For further information visit https://errors.pydantic.dev/2.8/v/missing
identifier
  Field required [type=missing, input_value={'item': 'programCode'}, input_type=dict]
    For further information visit https://errors.pydantic.dev/2.8/v/missing
description
  Field required [type=missing, input_value={'item': 'programCode'}, input_type=dict]
    For further information visit https://errors.pydantic.dev/2.8/v/missing
title
  Field required [type=missing, input_value={'item': 'programCode'}, input_type=dict]
    For further information visit https://errors.pydantic.dev/2.8/v/missing
programCode
  Field required [type=missing, input_value={'item': 'programCode'}, input_type=dict]
    For further information visit https://errors.pydantic.dev/2.8/v/missing
distribution
  Field required [type=missing, input_value={'item': 'programCode'}, input_type=dict]
    For further information visit https://errors.pydantic.dev/2.8/v/missing
theme
  Field required [type=missing, input_value={'item': 'programCode'}, input_type=dict]
    For further information visit https://errors.pydantic.dev/2.8/v/missing
2024-08-23 12:40:38 - ERROR - Validation error for dataset: Unknown title
Traceback (most recent call last):
  File "C:\Users\edmun\Projects\Repositories\healthpartners-interview\src\healthpartners_interview\download.py", line 31, in fetch_datasets
    dataset = Dataset(**current_item)
              ^^^^^^^^^^^^^^^^^^^^^^^
  File "C:\Users\edmun\Projects\Repositories\healthpartners-interview\.venv\Lib\site-packages\pydantic\main.py", line 193, in __init__
    self.__pydantic_validator__.validate_python(data, self_instance=self)
pydantic_core._pydantic_core.ValidationError: 16 validation errors for Dataset
accessLevel
  Field required [type=missing, input_value={}, input_type=dict]
    For further information visit https://errors.pydantic.dev/2.8/v/missing
landingPage
  Field required [type=missing, input_value={}, input_type=dict]
    For further information visit https://errors.pydantic.dev/2.8/v/missing
bureauCode
  Field required [type=missing, input_value={}, input_type=dict]
    For further information visit https://errors.pydantic.dev/2.8/v/missing
issued
  Field required [type=missing, input_value={}, input_type=dict]
    For further information visit https://errors.pydantic.dev/2.8/v/missing
@type
  Field required [type=missing, input_value={}, input_type=dict]
    For further information visit https://errors.pydantic.dev/2.8/v/missing
modified
  Field required [type=missing, input_value={}, input_type=dict]
    For further information visit https://errors.pydantic.dev/2.8/v/missing
released
  Field required [type=missing, input_value={}, input_type=dict]
    For further information visit https://errors.pydantic.dev/2.8/v/missing
keyword
  Field required [type=missing, input_value={}, input_type=dict]
    For further information visit https://errors.pydantic.dev/2.8/v/missing
contactPoint
  Field required [type=missing, input_value={}, input_type=dict]
    For further information visit https://errors.pydantic.dev/2.8/v/missing
publisher
  Field required [type=missing, input_value={}, input_type=dict]
    For further information visit https://errors.pydantic.dev/2.8/v/missing
identifier
  Field required [type=missing, input_value={}, input_type=dict]
    For further information visit https://errors.pydantic.dev/2.8/v/missing
description
  Field required [type=missing, input_value={}, input_type=dict]
    For further information visit https://errors.pydantic.dev/2.8/v/missing
title
  Field required [type=missing, input_value={}, input_type=dict]
    For further information visit https://errors.pydantic.dev/2.8/v/missing
programCode
  Field required [type=missing, input_value={}, input_type=dict]
    For further information visit https://errors.pydantic.dev/2.8/v/missing
distribution
  Field required [type=missing, input_value={}, input_type=dict]
    For further information visit https://errors.pydantic.dev/2.8/v/missing
theme
  Field required [type=missing, input_value={}, input_type=dict]
    For further information visit https://errors.pydantic.dev/2.8/v/missing
2024-08-23 12:40:38 - ERROR - Validation error for dataset: Unknown title
Traceback (most recent call last):
  File "C:\Users\edmun\Projects\Repositories\healthpartners-interview\src\healthpartners_interview\download.py", line 31, in fetch_datasets
    dataset = Dataset(**current_item)
              ^^^^^^^^^^^^^^^^^^^^^^^
  File "C:\Users\edmun\Projects\Repositories\healthpartners-interview\.venv\Lib\site-packages\pydantic\main.py", line 193, in __init__
    self.__pydantic_validator__.validate_python(data, self_instance=self)
pydantic_core._pydantic_core.ValidationError: 16 validation errors for Dataset
accessLevel
  Field required [type=missing, input_value={}, input_type=dict]
    For further information visit https://errors.pydantic.dev/2.8/v/missing
landingPage
  Field required [type=missing, input_value={}, input_type=dict]
    For further information visit https://errors.pydantic.dev/2.8/v/missing
bureauCode
  Field required [type=missing, input_value={}, input_type=dict]
    For further information visit https://errors.pydantic.dev/2.8/v/missing
issued
  Field required [type=missing, input_value={}, input_type=dict]
    For further information visit https://errors.pydantic.dev/2.8/v/missing
@type
  Field required [type=missing, input_value={}, input_type=dict]
    For further information visit https://errors.pydantic.dev/2.8/v/missing
modified
  Field required [type=missing, input_value={}, input_type=dict]
    For further information visit https://errors.pydantic.dev/2.8/v/missing
released
  Field required [type=missing, input_value={}, input_type=dict]
    For further information visit https://errors.pydantic.dev/2.8/v/missing
keyword
  Field required [type=missing, input_value={}, input_type=dict]
    For further information visit https://errors.pydantic.dev/2.8/v/missing
contactPoint
  Field required [type=missing, input_value={}, input_type=dict]
    For further information visit https://errors.pydantic.dev/2.8/v/missing
publisher
  Field required [type=missing, input_value={}, input_type=dict]
    For further information visit https://errors.pydantic.dev/2.8/v/missing
identifier
  Field required [type=missing, input_value={}, input_type=dict]
    For further information visit https://errors.pydantic.dev/2.8/v/missing
description
  Field required [type=missing, input_value={}, input_type=dict]
    For further information visit https://errors.pydantic.dev/2.8/v/missing
title
  Field required [type=missing, input_value={}, input_type=dict]
    For further information visit https://errors.pydantic.dev/2.8/v/missing
programCode
  Field required [type=missing, input_value={}, input_type=dict]
    For further information visit https://errors.pydantic.dev/2.8/v/missing
distribution
  Field required [type=missing, input_value={}, input_type=dict]
    For further information visit https://errors.pydantic.dev/2.8/v/missing
theme
  Field required [type=missing, input_value={}, input_type=dict]
    For further information visit https://errors.pydantic.dev/2.8/v/missing
2024-08-23 12:40:38 - ERROR - Validation error for dataset: Unknown title
Traceback (most recent call last):
  File "C:\Users\edmun\Projects\Repositories\healthpartners-interview\src\healthpartners_interview\download.py", line 31, in fetch_datasets
    dataset = Dataset(**current_item)
              ^^^^^^^^^^^^^^^^^^^^^^^
  File "C:\Users\edmun\Projects\Repositories\healthpartners-interview\.venv\Lib\site-packages\pydantic\main.py", line 193, in __init__
    self.__pydantic_validator__.validate_python(data, self_instance=self)
pydantic_core._pydantic_core.ValidationError: 16 validation errors for Dataset
accessLevel
  Field required [type=missing, input_value={}, input_type=dict]
    For further information visit https://errors.pydantic.dev/2.8/v/missing
landingPage
  Field required [type=missing, input_value={}, input_type=dict]
    For further information visit https://errors.pydantic.dev/2.8/v/missing
bureauCode
  Field required [type=missing, input_value={}, input_type=dict]
    For further information visit https://errors.pydantic.dev/2.8/v/missing
issued
  Field required [type=missing, input_value={}, input_type=dict]
    For further information visit https://errors.pydantic.dev/2.8/v/missing
@type
  Field required [type=missing, input_value={}, input_type=dict]
    For further information visit https://errors.pydantic.dev/2.8/v/missing
modified
  Field required [type=missing, input_value={}, input_type=dict]
    For further information visit https://errors.pydantic.dev/2.8/v/missing
released
  Field required [type=missing, input_value={}, input_type=dict]
    For further information visit https://errors.pydantic.dev/2.8/v/missing
keyword
  Field required [type=missing, input_value={}, input_type=dict]
    For further information visit https://errors.pydantic.dev/2.8/v/missing
contactPoint
  Field required [type=missing, input_value={}, input_type=dict]
    For further information visit https://errors.pydantic.dev/2.8/v/missing
publisher
  Field required [type=missing, input_value={}, input_type=dict]
    For further information visit https://errors.pydantic.dev/2.8/v/missing
identifier
  Field required [type=missing, input_value={}, input_type=dict]
    For further information visit https://errors.pydantic.dev/2.8/v/missing
description
  Field required [type=missing, input_value={}, input_type=dict]
    For further information visit https://errors.pydantic.dev/2.8/v/missing
title
  Field required [type=missing, input_value={}, input_type=dict]
    For further information visit https://errors.pydantic.dev/2.8/v/missing
programCode
  Field required [type=missing, input_value={}, input_type=dict]
    For further information visit https://errors.pydantic.dev/2.8/v/missing
distribution
  Field required [type=missing, input_value={}, input_type=dict]
    For further information visit https://errors.pydantic.dev/2.8/v/missing
theme
  Field required [type=missing, input_value={}, input_type=dict]
    For further information visit https://errors.pydantic.dev/2.8/v/missing
2024-08-23 12:40:38 - ERROR - Validation error for dataset: Unknown title
Traceback (most recent call last):
  File "C:\Users\edmun\Projects\Repositories\healthpartners-interview\src\healthpartners_interview\download.py", line 31, in fetch_datasets
    dataset = Dataset(**current_item)
              ^^^^^^^^^^^^^^^^^^^^^^^
  File "C:\Users\edmun\Projects\Repositories\healthpartners-interview\.venv\Lib\site-packages\pydantic\main.py", line 193, in __init__
    self.__pydantic_validator__.validate_python(data, self_instance=self)
pydantic_core._pydantic_core.ValidationError: 16 validation errors for Dataset
accessLevel
  Field required [type=missing, input_value={'item': 'programCode'}, input_type=dict]
    For further information visit https://errors.pydantic.dev/2.8/v/missing
landingPage
  Field required [type=missing, input_value={'item': 'programCode'}, input_type=dict]
    For further information visit https://errors.pydantic.dev/2.8/v/missing
bureauCode
  Field required [type=missing, input_value={'item': 'programCode'}, input_type=dict]
    For further information visit https://errors.pydantic.dev/2.8/v/missing
issued
  Field required [type=missing, input_value={'item': 'programCode'}, input_type=dict]
    For further information visit https://errors.pydantic.dev/2.8/v/missing
@type
  Field required [type=missing, input_value={'item': 'programCode'}, input_type=dict]
    For further information visit https://errors.pydantic.dev/2.8/v/missing
modified
  Field required [type=missing, input_value={'item': 'programCode'}, input_type=dict]
    For further information visit https://errors.pydantic.dev/2.8/v/missing
released
  Field required [type=missing, input_value={'item': 'programCode'}, input_type=dict]
    For further information visit https://errors.pydantic.dev/2.8/v/missing
keyword
  Field required [type=missing, input_value={'item': 'programCode'}, input_type=dict]
    For further information visit https://errors.pydantic.dev/2.8/v/missing
contactPoint
  Field required [type=missing, input_value={'item': 'programCode'}, input_type=dict]
    For further information visit https://errors.pydantic.dev/2.8/v/missing
publisher
  Field required [type=missing, input_value={'item': 'programCode'}, input_type=dict]
    For further information visit https://errors.pydantic.dev/2.8/v/missing
identifier
  Field required [type=missing, input_value={'item': 'programCode'}, input_type=dict]
    For further information visit https://errors.pydantic.dev/2.8/v/missing
description
  Field required [type=missing, input_value={'item': 'programCode'}, input_type=dict]
    For further information visit https://errors.pydantic.dev/2.8/v/missing
title
  Field required [type=missing, input_value={'item': 'programCode'}, input_type=dict]
    For further information visit https://errors.pydantic.dev/2.8/v/missing
programCode
  Field required [type=missing, input_value={'item': 'programCode'}, input_type=dict]
    For further information visit https://errors.pydantic.dev/2.8/v/missing
distribution
  Field required [type=missing, input_value={'item': 'programCode'}, input_type=dict]
    For further information visit https://errors.pydantic.dev/2.8/v/missing
theme
  Field required [type=missing, input_value={'item': 'programCode'}, input_type=dict]
    For further information visit https://errors.pydantic.dev/2.8/v/missing
2024-08-23 12:40:38 - ERROR - Validation error for dataset: Unknown title
Traceback (most recent call last):
  File "C:\Users\edmun\Projects\Repositories\healthpartners-interview\src\healthpartners_interview\download.py", line 31, in fetch_datasets
    dataset = Dataset(**current_item)
              ^^^^^^^^^^^^^^^^^^^^^^^
  File "C:\Users\edmun\Projects\Repositories\healthpartners-interview\.venv\Lib\site-packages\pydantic\main.py", line 193, in __init__
    self.__pydantic_validator__.validate_python(data, self_instance=self)
pydantic_core._pydantic_core.ValidationError: 16 validation errors for Dataset
accessLevel
  Field required [type=missing, input_value={}, input_type=dict]
    For further information visit https://errors.pydantic.dev/2.8/v/missing
landingPage
  Field required [type=missing, input_value={}, input_type=dict]
    For further information visit https://errors.pydantic.dev/2.8/v/missing
bureauCode
  Field required [type=missing, input_value={}, input_type=dict]
    For further information visit https://errors.pydantic.dev/2.8/v/missing
issued
  Field required [type=missing, input_value={}, input_type=dict]
    For further information visit https://errors.pydantic.dev/2.8/v/missing
@type
  Field required [type=missing, input_value={}, input_type=dict]
    For further information visit https://errors.pydantic.dev/2.8/v/missing
modified
  Field required [type=missing, input_value={}, input_type=dict]
    For further information visit https://errors.pydantic.dev/2.8/v/missing
released
  Field required [type=missing, input_value={}, input_type=dict]
    For further information visit https://errors.pydantic.dev/2.8/v/missing
keyword
  Field required [type=missing, input_value={}, input_type=dict]
    For further information visit https://errors.pydantic.dev/2.8/v/missing
contactPoint
  Field required [type=missing, input_value={}, input_type=dict]
    For further information visit https://errors.pydantic.dev/2.8/v/missing
publisher
  Field required [type=missing, input_value={}, input_type=dict]
    For further information visit https://errors.pydantic.dev/2.8/v/missing
identifier
  Field required [type=missing, input_value={}, input_type=dict]
    For further information visit https://errors.pydantic.dev/2.8/v/missing
description
  Field required [type=missing, input_value={}, input_type=dict]
    For further information visit https://errors.pydantic.dev/2.8/v/missing
title
  Field required [type=missing, input_value={}, input_type=dict]
    For further information visit https://errors.pydantic.dev/2.8/v/missing
programCode
  Field required [type=missing, input_value={}, input_type=dict]
    For further information visit https://errors.pydantic.dev/2.8/v/missing
distribution
  Field required [type=missing, input_value={}, input_type=dict]
    For further information visit https://errors.pydantic.dev/2.8/v/missing
theme
  Field required [type=missing, input_value={}, input_type=dict]
    For further information visit https://errors.pydantic.dev/2.8/v/missing
2024-08-23 12:40:38 - ERROR - Validation error for dataset: Unknown title
Traceback (most recent call last):
  File "C:\Users\edmun\Projects\Repositories\healthpartners-interview\src\healthpartners_interview\download.py", line 31, in fetch_datasets
    dataset = Dataset(**current_item)
              ^^^^^^^^^^^^^^^^^^^^^^^
  File "C:\Users\edmun\Projects\Repositories\healthpartners-interview\.venv\Lib\site-packages\pydantic\main.py", line 193, in __init__
    self.__pydantic_validator__.validate_python(data, self_instance=self)
pydantic_core._pydantic_core.ValidationError: 16 validation errors for Dataset
accessLevel
  Field required [type=missing, input_value={}, input_type=dict]
    For further information visit https://errors.pydantic.dev/2.8/v/missing
landingPage
  Field required [type=missing, input_value={}, input_type=dict]
    For further information visit https://errors.pydantic.dev/2.8/v/missing
bureauCode
  Field required [type=missing, input_value={}, input_type=dict]
    For further information visit https://errors.pydantic.dev/2.8/v/missing
issued
  Field required [type=missing, input_value={}, input_type=dict]
    For further information visit https://errors.pydantic.dev/2.8/v/missing
@type
  Field required [type=missing, input_value={}, input_type=dict]
    For further information visit https://errors.pydantic.dev/2.8/v/missing
modified
  Field required [type=missing, input_value={}, input_type=dict]
    For further information visit https://errors.pydantic.dev/2.8/v/missing
released
  Field required [type=missing, input_value={}, input_type=dict]
    For further information visit https://errors.pydantic.dev/2.8/v/missing
keyword
  Field required [type=missing, input_value={}, input_type=dict]
    For further information visit https://errors.pydantic.dev/2.8/v/missing
contactPoint
  Field required [type=missing, input_value={}, input_type=dict]
    For further information visit https://errors.pydantic.dev/2.8/v/missing
publisher
  Field required [type=missing, input_value={}, input_type=dict]
    For further information visit https://errors.pydantic.dev/2.8/v/missing
identifier
  Field required [type=missing, input_value={}, input_type=dict]
    For further information visit https://errors.pydantic.dev/2.8/v/missing
description
  Field required [type=missing, input_value={}, input_type=dict]
    For further information visit https://errors.pydantic.dev/2.8/v/missing
title
  Field required [type=missing, input_value={}, input_type=dict]
    For further information visit https://errors.pydantic.dev/2.8/v/missing
programCode
  Field required [type=missing, input_value={}, input_type=dict]
    For further information visit https://errors.pydantic.dev/2.8/v/missing
distribution
  Field required [type=missing, input_value={}, input_type=dict]
    For further information visit https://errors.pydantic.dev/2.8/v/missing
theme
  Field required [type=missing, input_value={}, input_type=dict]
    For further information visit https://errors.pydantic.dev/2.8/v/missing
2024-08-23 12:40:38 - ERROR - Validation error for dataset: Unknown title
Traceback (most recent call last):
  File "C:\Users\edmun\Projects\Repositories\healthpartners-interview\src\healthpartners_interview\download.py", line 31, in fetch_datasets
    dataset = Dataset(**current_item)
              ^^^^^^^^^^^^^^^^^^^^^^^
  File "C:\Users\edmun\Projects\Repositories\healthpartners-interview\.venv\Lib\site-packages\pydantic\main.py", line 193, in __init__
    self.__pydantic_validator__.validate_python(data, self_instance=self)
pydantic_core._pydantic_core.ValidationError: 16 validation errors for Dataset
accessLevel
  Field required [type=missing, input_value={}, input_type=dict]
    For further information visit https://errors.pydantic.dev/2.8/v/missing
landingPage
  Field required [type=missing, input_value={}, input_type=dict]
    For further information visit https://errors.pydantic.dev/2.8/v/missing
bureauCode
  Field required [type=missing, input_value={}, input_type=dict]
    For further information visit https://errors.pydantic.dev/2.8/v/missing
issued
  Field required [type=missing, input_value={}, input_type=dict]
    For further information visit https://errors.pydantic.dev/2.8/v/missing
@type
  Field required [type=missing, input_value={}, input_type=dict]
    For further information visit https://errors.pydantic.dev/2.8/v/missing
modified
  Field required [type=missing, input_value={}, input_type=dict]
    For further information visit https://errors.pydantic.dev/2.8/v/missing
released
  Field required [type=missing, input_value={}, input_type=dict]
    For further information visit https://errors.pydantic.dev/2.8/v/missing
keyword
  Field required [type=missing, input_value={}, input_type=dict]
    For further information visit https://errors.pydantic.dev/2.8/v/missing
contactPoint
  Field required [type=missing, input_value={}, input_type=dict]
    For further information visit https://errors.pydantic.dev/2.8/v/missing
publisher
  Field required [type=missing, input_value={}, input_type=dict]
    For further information visit https://errors.pydantic.dev/2.8/v/missing
identifier
  Field required [type=missing, input_value={}, input_type=dict]
    For further information visit https://errors.pydantic.dev/2.8/v/missing
description
  Field required [type=missing, input_value={}, input_type=dict]
    For further information visit https://errors.pydantic.dev/2.8/v/missing
title
  Field required [type=missing, input_value={}, input_type=dict]
    For further information visit https://errors.pydantic.dev/2.8/v/missing
programCode
  Field required [type=missing, input_value={}, input_type=dict]
    For further information visit https://errors.pydantic.dev/2.8/v/missing
distribution
  Field required [type=missing, input_value={}, input_type=dict]
    For further information visit https://errors.pydantic.dev/2.8/v/missing
theme
  Field required [type=missing, input_value={}, input_type=dict]
    For further information visit https://errors.pydantic.dev/2.8/v/missing
2024-08-23 12:40:38 - ERROR - Validation error for dataset: Unknown title
Traceback (most recent call last):
  File "C:\Users\edmun\Projects\Repositories\healthpartners-interview\src\healthpartners_interview\download.py", line 31, in fetch_datasets
    dataset = Dataset(**current_item)
              ^^^^^^^^^^^^^^^^^^^^^^^
  File "C:\Users\edmun\Projects\Repositories\healthpartners-interview\.venv\Lib\site-packages\pydantic\main.py", line 193, in __init__
    self.__pydantic_validator__.validate_python(data, self_instance=self)
pydantic_core._pydantic_core.ValidationError: 16 validation errors for Dataset
accessLevel
  Field required [type=missing, input_value={'item': 'programCode'}, input_type=dict]
    For further information visit https://errors.pydantic.dev/2.8/v/missing
landingPage
  Field required [type=missing, input_value={'item': 'programCode'}, input_type=dict]
    For further information visit https://errors.pydantic.dev/2.8/v/missing
bureauCode
  Field required [type=missing, input_value={'item': 'programCode'}, input_type=dict]
    For further information visit https://errors.pydantic.dev/2.8/v/missing
issued
  Field required [type=missing, input_value={'item': 'programCode'}, input_type=dict]
    For further information visit https://errors.pydantic.dev/2.8/v/missing
@type
  Field required [type=missing, input_value={'item': 'programCode'}, input_type=dict]
    For further information visit https://errors.pydantic.dev/2.8/v/missing
modified
  Field required [type=missing, input_value={'item': 'programCode'}, input_type=dict]
    For further information visit https://errors.pydantic.dev/2.8/v/missing
released
  Field required [type=missing, input_value={'item': 'programCode'}, input_type=dict]
    For further information visit https://errors.pydantic.dev/2.8/v/missing
keyword
  Field required [type=missing, input_value={'item': 'programCode'}, input_type=dict]
    For further information visit https://errors.pydantic.dev/2.8/v/missing
contactPoint
  Field required [type=missing, input_value={'item': 'programCode'}, input_type=dict]
    For further information visit https://errors.pydantic.dev/2.8/v/missing
publisher
  Field required [type=missing, input_value={'item': 'programCode'}, input_type=dict]
    For further information visit https://errors.pydantic.dev/2.8/v/missing
identifier
  Field required [type=missing, input_value={'item': 'programCode'}, input_type=dict]
    For further information visit https://errors.pydantic.dev/2.8/v/missing
description
  Field required [type=missing, input_value={'item': 'programCode'}, input_type=dict]
    For further information visit https://errors.pydantic.dev/2.8/v/missing
title
  Field required [type=missing, input_value={'item': 'programCode'}, input_type=dict]
    For further information visit https://errors.pydantic.dev/2.8/v/missing
programCode
  Field required [type=missing, input_value={'item': 'programCode'}, input_type=dict]
    For further information visit https://errors.pydantic.dev/2.8/v/missing
distribution
  Field required [type=missing, input_value={'item': 'programCode'}, input_type=dict]
    For further information visit https://errors.pydantic.dev/2.8/v/missing
theme
  Field required [type=missing, input_value={'item': 'programCode'}, input_type=dict]
    For further information visit https://errors.pydantic.dev/2.8/v/missing
2024-08-23 12:40:38 - ERROR - Validation error for dataset: Unknown title
Traceback (most recent call last):
  File "C:\Users\edmun\Projects\Repositories\healthpartners-interview\src\healthpartners_interview\download.py", line 31, in fetch_datasets
    dataset = Dataset(**current_item)
              ^^^^^^^^^^^^^^^^^^^^^^^
  File "C:\Users\edmun\Projects\Repositories\healthpartners-interview\.venv\Lib\site-packages\pydantic\main.py", line 193, in __init__
    self.__pydantic_validator__.validate_python(data, self_instance=self)
pydantic_core._pydantic_core.ValidationError: 16 validation errors for Dataset
accessLevel
  Field required [type=missing, input_value={}, input_type=dict]
    For further information visit https://errors.pydantic.dev/2.8/v/missing
landingPage
  Field required [type=missing, input_value={}, input_type=dict]
    For further information visit https://errors.pydantic.dev/2.8/v/missing
bureauCode
  Field required [type=missing, input_value={}, input_type=dict]
    For further information visit https://errors.pydantic.dev/2.8/v/missing
issued
  Field required [type=missing, input_value={}, input_type=dict]
    For further information visit https://errors.pydantic.dev/2.8/v/missing
@type
  Field required [type=missing, input_value={}, input_type=dict]
    For further information visit https://errors.pydantic.dev/2.8/v/missing
modified
  Field required [type=missing, input_value={}, input_type=dict]
    For further information visit https://errors.pydantic.dev/2.8/v/missing
released
  Field required [type=missing, input_value={}, input_type=dict]
    For further information visit https://errors.pydantic.dev/2.8/v/missing
keyword
  Field required [type=missing, input_value={}, input_type=dict]
    For further information visit https://errors.pydantic.dev/2.8/v/missing
contactPoint
  Field required [type=missing, input_value={}, input_type=dict]
    For further information visit https://errors.pydantic.dev/2.8/v/missing
publisher
  Field required [type=missing, input_value={}, input_type=dict]
    For further information visit https://errors.pydantic.dev/2.8/v/missing
identifier
  Field required [type=missing, input_value={}, input_type=dict]
    For further information visit https://errors.pydantic.dev/2.8/v/missing
description
  Field required [type=missing, input_value={}, input_type=dict]
    For further information visit https://errors.pydantic.dev/2.8/v/missing
title
  Field required [type=missing, input_value={}, input_type=dict]
    For further information visit https://errors.pydantic.dev/2.8/v/missing
programCode
  Field required [type=missing, input_value={}, input_type=dict]
    For further information visit https://errors.pydantic.dev/2.8/v/missing
distribution
  Field required [type=missing, input_value={}, input_type=dict]
    For further information visit https://errors.pydantic.dev/2.8/v/missing
theme
  Field required [type=missing, input_value={}, input_type=dict]
    For further information visit https://errors.pydantic.dev/2.8/v/missing
2024-08-23 12:40:38 - ERROR - Validation error for dataset: Unknown title
Traceback (most recent call last):
  File "C:\Users\edmun\Projects\Repositories\healthpartners-interview\src\healthpartners_interview\download.py", line 31, in fetch_datasets
    dataset = Dataset(**current_item)
              ^^^^^^^^^^^^^^^^^^^^^^^
  File "C:\Users\edmun\Projects\Repositories\healthpartners-interview\.venv\Lib\site-packages\pydantic\main.py", line 193, in __init__
    self.__pydantic_validator__.validate_python(data, self_instance=self)
pydantic_core._pydantic_core.ValidationError: 16 validation errors for Dataset
accessLevel
  Field required [type=missing, input_value={}, input_type=dict]
    For further information visit https://errors.pydantic.dev/2.8/v/missing
landingPage
  Field required [type=missing, input_value={}, input_type=dict]
    For further information visit https://errors.pydantic.dev/2.8/v/missing
bureauCode
  Field required [type=missing, input_value={}, input_type=dict]
    For further information visit https://errors.pydantic.dev/2.8/v/missing
issued
  Field required [type=missing, input_value={}, input_type=dict]
    For further information visit https://errors.pydantic.dev/2.8/v/missing
@type
  Field required [type=missing, input_value={}, input_type=dict]
    For further information visit https://errors.pydantic.dev/2.8/v/missing
modified
  Field required [type=missing, input_value={}, input_type=dict]
    For further information visit https://errors.pydantic.dev/2.8/v/missing
released
  Field required [type=missing, input_value={}, input_type=dict]
    For further information visit https://errors.pydantic.dev/2.8/v/missing
keyword
  Field required [type=missing, input_value={}, input_type=dict]
    For further information visit https://errors.pydantic.dev/2.8/v/missing
contactPoint
  Field required [type=missing, input_value={}, input_type=dict]
    For further information visit https://errors.pydantic.dev/2.8/v/missing
publisher
  Field required [type=missing, input_value={}, input_type=dict]
    For further information visit https://errors.pydantic.dev/2.8/v/missing
identifier
  Field required [type=missing, input_value={}, input_type=dict]
    For further information visit https://errors.pydantic.dev/2.8/v/missing
description
  Field required [type=missing, input_value={}, input_type=dict]
    For further information visit https://errors.pydantic.dev/2.8/v/missing
title
  Field required [type=missing, input_value={}, input_type=dict]
    For further information visit https://errors.pydantic.dev/2.8/v/missing
programCode
  Field required [type=missing, input_value={}, input_type=dict]
    For further information visit https://errors.pydantic.dev/2.8/v/missing
distribution
  Field required [type=missing, input_value={}, input_type=dict]
    For further information visit https://errors.pydantic.dev/2.8/v/missing
theme
  Field required [type=missing, input_value={}, input_type=dict]
    For further information visit https://errors.pydantic.dev/2.8/v/missing
2024-08-23 12:40:38 - ERROR - Validation error for dataset: Unknown title
Traceback (most recent call last):
  File "C:\Users\edmun\Projects\Repositories\healthpartners-interview\src\healthpartners_interview\download.py", line 31, in fetch_datasets
    dataset = Dataset(**current_item)
              ^^^^^^^^^^^^^^^^^^^^^^^
  File "C:\Users\edmun\Projects\Repositories\healthpartners-interview\.venv\Lib\site-packages\pydantic\main.py", line 193, in __init__
    self.__pydantic_validator__.validate_python(data, self_instance=self)
pydantic_core._pydantic_core.ValidationError: 16 validation errors for Dataset
accessLevel
  Field required [type=missing, input_value={}, input_type=dict]
    For further information visit https://errors.pydantic.dev/2.8/v/missing
landingPage
  Field required [type=missing, input_value={}, input_type=dict]
    For further information visit https://errors.pydantic.dev/2.8/v/missing
bureauCode
  Field required [type=missing, input_value={}, input_type=dict]
    For further information visit https://errors.pydantic.dev/2.8/v/missing
issued
  Field required [type=missing, input_value={}, input_type=dict]
    For further information visit https://errors.pydantic.dev/2.8/v/missing
@type
  Field required [type=missing, input_value={}, input_type=dict]
    For further information visit https://errors.pydantic.dev/2.8/v/missing
modified
  Field required [type=missing, input_value={}, input_type=dict]
    For further information visit https://errors.pydantic.dev/2.8/v/missing
released
  Field required [type=missing, input_value={}, input_type=dict]
    For further information visit https://errors.pydantic.dev/2.8/v/missing
keyword
  Field required [type=missing, input_value={}, input_type=dict]
    For further information visit https://errors.pydantic.dev/2.8/v/missing
contactPoint
  Field required [type=missing, input_value={}, input_type=dict]
    For further information visit https://errors.pydantic.dev/2.8/v/missing
publisher
  Field required [type=missing, input_value={}, input_type=dict]
    For further information visit https://errors.pydantic.dev/2.8/v/missing
identifier
  Field required [type=missing, input_value={}, input_type=dict]
    For further information visit https://errors.pydantic.dev/2.8/v/missing
description
  Field required [type=missing, input_value={}, input_type=dict]
    For further information visit https://errors.pydantic.dev/2.8/v/missing
title
  Field required [type=missing, input_value={}, input_type=dict]
    For further information visit https://errors.pydantic.dev/2.8/v/missing
programCode
  Field required [type=missing, input_value={}, input_type=dict]
    For further information visit https://errors.pydantic.dev/2.8/v/missing
distribution
  Field required [type=missing, input_value={}, input_type=dict]
    For further information visit https://errors.pydantic.dev/2.8/v/missing
theme
  Field required [type=missing, input_value={}, input_type=dict]
    For further information visit https://errors.pydantic.dev/2.8/v/missing
2024-08-23 12:40:38 - ERROR - Validation error for dataset: Unknown title
Traceback (most recent call last):
  File "C:\Users\edmun\Projects\Repositories\healthpartners-interview\src\healthpartners_interview\download.py", line 31, in fetch_datasets
    dataset = Dataset(**current_item)
              ^^^^^^^^^^^^^^^^^^^^^^^
  File "C:\Users\edmun\Projects\Repositories\healthpartners-interview\.venv\Lib\site-packages\pydantic\main.py", line 193, in __init__
    self.__pydantic_validator__.validate_python(data, self_instance=self)
pydantic_core._pydantic_core.ValidationError: 16 validation errors for Dataset
accessLevel
  Field required [type=missing, input_value={'item': 'programCode'}, input_type=dict]
    For further information visit https://errors.pydantic.dev/2.8/v/missing
landingPage
  Field required [type=missing, input_value={'item': 'programCode'}, input_type=dict]
    For further information visit https://errors.pydantic.dev/2.8/v/missing
bureauCode
  Field required [type=missing, input_value={'item': 'programCode'}, input_type=dict]
    For further information visit https://errors.pydantic.dev/2.8/v/missing
issued
  Field required [type=missing, input_value={'item': 'programCode'}, input_type=dict]
    For further information visit https://errors.pydantic.dev/2.8/v/missing
@type
  Field required [type=missing, input_value={'item': 'programCode'}, input_type=dict]
    For further information visit https://errors.pydantic.dev/2.8/v/missing
modified
  Field required [type=missing, input_value={'item': 'programCode'}, input_type=dict]
    For further information visit https://errors.pydantic.dev/2.8/v/missing
released
  Field required [type=missing, input_value={'item': 'programCode'}, input_type=dict]
    For further information visit https://errors.pydantic.dev/2.8/v/missing
keyword
  Field required [type=missing, input_value={'item': 'programCode'}, input_type=dict]
    For further information visit https://errors.pydantic.dev/2.8/v/missing
contactPoint
  Field required [type=missing, input_value={'item': 'programCode'}, input_type=dict]
    For further information visit https://errors.pydantic.dev/2.8/v/missing
publisher
  Field required [type=missing, input_value={'item': 'programCode'}, input_type=dict]
    For further information visit https://errors.pydantic.dev/2.8/v/missing
identifier
  Field required [type=missing, input_value={'item': 'programCode'}, input_type=dict]
    For further information visit https://errors.pydantic.dev/2.8/v/missing
description
  Field required [type=missing, input_value={'item': 'programCode'}, input_type=dict]
    For further information visit https://errors.pydantic.dev/2.8/v/missing
title
  Field required [type=missing, input_value={'item': 'programCode'}, input_type=dict]
    For further information visit https://errors.pydantic.dev/2.8/v/missing
programCode
  Field required [type=missing, input_value={'item': 'programCode'}, input_type=dict]
    For further information visit https://errors.pydantic.dev/2.8/v/missing
distribution
  Field required [type=missing, input_value={'item': 'programCode'}, input_type=dict]
    For further information visit https://errors.pydantic.dev/2.8/v/missing
theme
  Field required [type=missing, input_value={'item': 'programCode'}, input_type=dict]
    For further information visit https://errors.pydantic.dev/2.8/v/missing
2024-08-23 12:40:38 - ERROR - Validation error for dataset: Unknown title
Traceback (most recent call last):
  File "C:\Users\edmun\Projects\Repositories\healthpartners-interview\src\healthpartners_interview\download.py", line 31, in fetch_datasets
    dataset = Dataset(**current_item)
              ^^^^^^^^^^^^^^^^^^^^^^^
  File "C:\Users\edmun\Projects\Repositories\healthpartners-interview\.venv\Lib\site-packages\pydantic\main.py", line 193, in __init__
    self.__pydantic_validator__.validate_python(data, self_instance=self)
pydantic_core._pydantic_core.ValidationError: 16 validation errors for Dataset
accessLevel
  Field required [type=missing, input_value={}, input_type=dict]
    For further information visit https://errors.pydantic.dev/2.8/v/missing
landingPage
  Field required [type=missing, input_value={}, input_type=dict]
    For further information visit https://errors.pydantic.dev/2.8/v/missing
bureauCode
  Field required [type=missing, input_value={}, input_type=dict]
    For further information visit https://errors.pydantic.dev/2.8/v/missing
issued
  Field required [type=missing, input_value={}, input_type=dict]
    For further information visit https://errors.pydantic.dev/2.8/v/missing
@type
  Field required [type=missing, input_value={}, input_type=dict]
    For further information visit https://errors.pydantic.dev/2.8/v/missing
modified
  Field required [type=missing, input_value={}, input_type=dict]
    For further information visit https://errors.pydantic.dev/2.8/v/missing
released
  Field required [type=missing, input_value={}, input_type=dict]
    For further information visit https://errors.pydantic.dev/2.8/v/missing
keyword
  Field required [type=missing, input_value={}, input_type=dict]
    For further information visit https://errors.pydantic.dev/2.8/v/missing
contactPoint
  Field required [type=missing, input_value={}, input_type=dict]
    For further information visit https://errors.pydantic.dev/2.8/v/missing
publisher
  Field required [type=missing, input_value={}, input_type=dict]
    For further information visit https://errors.pydantic.dev/2.8/v/missing
identifier
  Field required [type=missing, input_value={}, input_type=dict]
    For further information visit https://errors.pydantic.dev/2.8/v/missing
description
  Field required [type=missing, input_value={}, input_type=dict]
    For further information visit https://errors.pydantic.dev/2.8/v/missing
title
  Field required [type=missing, input_value={}, input_type=dict]
    For further information visit https://errors.pydantic.dev/2.8/v/missing
programCode
  Field required [type=missing, input_value={}, input_type=dict]
    For further information visit https://errors.pydantic.dev/2.8/v/missing
distribution
  Field required [type=missing, input_value={}, input_type=dict]
    For further information visit https://errors.pydantic.dev/2.8/v/missing
theme
  Field required [type=missing, input_value={}, input_type=dict]
    For further information visit https://errors.pydantic.dev/2.8/v/missing
2024-08-23 12:40:38 - ERROR - Validation error for dataset: Unknown title
Traceback (most recent call last):
  File "C:\Users\edmun\Projects\Repositories\healthpartners-interview\src\healthpartners_interview\download.py", line 31, in fetch_datasets
    dataset = Dataset(**current_item)
              ^^^^^^^^^^^^^^^^^^^^^^^
  File "C:\Users\edmun\Projects\Repositories\healthpartners-interview\.venv\Lib\site-packages\pydantic\main.py", line 193, in __init__
    self.__pydantic_validator__.validate_python(data, self_instance=self)
pydantic_core._pydantic_core.ValidationError: 16 validation errors for Dataset
accessLevel
  Field required [type=missing, input_value={}, input_type=dict]
    For further information visit https://errors.pydantic.dev/2.8/v/missing
landingPage
  Field required [type=missing, input_value={}, input_type=dict]
    For further information visit https://errors.pydantic.dev/2.8/v/missing
bureauCode
  Field required [type=missing, input_value={}, input_type=dict]
    For further information visit https://errors.pydantic.dev/2.8/v/missing
issued
  Field required [type=missing, input_value={}, input_type=dict]
    For further information visit https://errors.pydantic.dev/2.8/v/missing
@type
  Field required [type=missing, input_value={}, input_type=dict]
    For further information visit https://errors.pydantic.dev/2.8/v/missing
modified
  Field required [type=missing, input_value={}, input_type=dict]
    For further information visit https://errors.pydantic.dev/2.8/v/missing
released
  Field required [type=missing, input_value={}, input_type=dict]
    For further information visit https://errors.pydantic.dev/2.8/v/missing
keyword
  Field required [type=missing, input_value={}, input_type=dict]
    For further information visit https://errors.pydantic.dev/2.8/v/missing
contactPoint
  Field required [type=missing, input_value={}, input_type=dict]
    For further information visit https://errors.pydantic.dev/2.8/v/missing
publisher
  Field required [type=missing, input_value={}, input_type=dict]
    For further information visit https://errors.pydantic.dev/2.8/v/missing
identifier
  Field required [type=missing, input_value={}, input_type=dict]
    For further information visit https://errors.pydantic.dev/2.8/v/missing
description
  Field required [type=missing, input_value={}, input_type=dict]
    For further information visit https://errors.pydantic.dev/2.8/v/missing
title
  Field required [type=missing, input_value={}, input_type=dict]
    For further information visit https://errors.pydantic.dev/2.8/v/missing
programCode
  Field required [type=missing, input_value={}, input_type=dict]
    For further information visit https://errors.pydantic.dev/2.8/v/missing
distribution
  Field required [type=missing, input_value={}, input_type=dict]
    For further information visit https://errors.pydantic.dev/2.8/v/missing
theme
  Field required [type=missing, input_value={}, input_type=dict]
    For further information visit https://errors.pydantic.dev/2.8/v/missing
2024-08-23 12:40:38 - ERROR - Validation error for dataset: Unknown title
Traceback (most recent call last):
  File "C:\Users\edmun\Projects\Repositories\healthpartners-interview\src\healthpartners_interview\download.py", line 31, in fetch_datasets
    dataset = Dataset(**current_item)
              ^^^^^^^^^^^^^^^^^^^^^^^
  File "C:\Users\edmun\Projects\Repositories\healthpartners-interview\.venv\Lib\site-packages\pydantic\main.py", line 193, in __init__
    self.__pydantic_validator__.validate_python(data, self_instance=self)
pydantic_core._pydantic_core.ValidationError: 16 validation errors for Dataset
accessLevel
  Field required [type=missing, input_value={}, input_type=dict]
    For further information visit https://errors.pydantic.dev/2.8/v/missing
landingPage
  Field required [type=missing, input_value={}, input_type=dict]
    For further information visit https://errors.pydantic.dev/2.8/v/missing
bureauCode
  Field required [type=missing, input_value={}, input_type=dict]
    For further information visit https://errors.pydantic.dev/2.8/v/missing
issued
  Field required [type=missing, input_value={}, input_type=dict]
    For further information visit https://errors.pydantic.dev/2.8/v/missing
@type
  Field required [type=missing, input_value={}, input_type=dict]
    For further information visit https://errors.pydantic.dev/2.8/v/missing
modified
  Field required [type=missing, input_value={}, input_type=dict]
    For further information visit https://errors.pydantic.dev/2.8/v/missing
released
  Field required [type=missing, input_value={}, input_type=dict]
    For further information visit https://errors.pydantic.dev/2.8/v/missing
keyword
  Field required [type=missing, input_value={}, input_type=dict]
    For further information visit https://errors.pydantic.dev/2.8/v/missing
contactPoint
  Field required [type=missing, input_value={}, input_type=dict]
    For further information visit https://errors.pydantic.dev/2.8/v/missing
publisher
  Field required [type=missing, input_value={}, input_type=dict]
    For further information visit https://errors.pydantic.dev/2.8/v/missing
identifier
  Field required [type=missing, input_value={}, input_type=dict]
    For further information visit https://errors.pydantic.dev/2.8/v/missing
description
  Field required [type=missing, input_value={}, input_type=dict]
    For further information visit https://errors.pydantic.dev/2.8/v/missing
title
  Field required [type=missing, input_value={}, input_type=dict]
    For further information visit https://errors.pydantic.dev/2.8/v/missing
programCode
  Field required [type=missing, input_value={}, input_type=dict]
    For further information visit https://errors.pydantic.dev/2.8/v/missing
distribution
  Field required [type=missing, input_value={}, input_type=dict]
    For further information visit https://errors.pydantic.dev/2.8/v/missing
theme
  Field required [type=missing, input_value={}, input_type=dict]
    For further information visit https://errors.pydantic.dev/2.8/v/missing
2024-08-23 12:40:38 - ERROR - Validation error for dataset: Unknown title
Traceback (most recent call last):
  File "C:\Users\edmun\Projects\Repositories\healthpartners-interview\src\healthpartners_interview\download.py", line 31, in fetch_datasets
    dataset = Dataset(**current_item)
              ^^^^^^^^^^^^^^^^^^^^^^^
  File "C:\Users\edmun\Projects\Repositories\healthpartners-interview\.venv\Lib\site-packages\pydantic\main.py", line 193, in __init__
    self.__pydantic_validator__.validate_python(data, self_instance=self)
pydantic_core._pydantic_core.ValidationError: 16 validation errors for Dataset
accessLevel
  Field required [type=missing, input_value={'item': 'programCode'}, input_type=dict]
    For further information visit https://errors.pydantic.dev/2.8/v/missing
landingPage
  Field required [type=missing, input_value={'item': 'programCode'}, input_type=dict]
    For further information visit https://errors.pydantic.dev/2.8/v/missing
bureauCode
  Field required [type=missing, input_value={'item': 'programCode'}, input_type=dict]
    For further information visit https://errors.pydantic.dev/2.8/v/missing
issued
  Field required [type=missing, input_value={'item': 'programCode'}, input_type=dict]
    For further information visit https://errors.pydantic.dev/2.8/v/missing
@type
  Field required [type=missing, input_value={'item': 'programCode'}, input_type=dict]
    For further information visit https://errors.pydantic.dev/2.8/v/missing
modified
  Field required [type=missing, input_value={'item': 'programCode'}, input_type=dict]
    For further information visit https://errors.pydantic.dev/2.8/v/missing
released
  Field required [type=missing, input_value={'item': 'programCode'}, input_type=dict]
    For further information visit https://errors.pydantic.dev/2.8/v/missing
keyword
  Field required [type=missing, input_value={'item': 'programCode'}, input_type=dict]
    For further information visit https://errors.pydantic.dev/2.8/v/missing
contactPoint
  Field required [type=missing, input_value={'item': 'programCode'}, input_type=dict]
    For further information visit https://errors.pydantic.dev/2.8/v/missing
publisher
  Field required [type=missing, input_value={'item': 'programCode'}, input_type=dict]
    For further information visit https://errors.pydantic.dev/2.8/v/missing
identifier
  Field required [type=missing, input_value={'item': 'programCode'}, input_type=dict]
    For further information visit https://errors.pydantic.dev/2.8/v/missing
description
  Field required [type=missing, input_value={'item': 'programCode'}, input_type=dict]
    For further information visit https://errors.pydantic.dev/2.8/v/missing
title
  Field required [type=missing, input_value={'item': 'programCode'}, input_type=dict]
    For further information visit https://errors.pydantic.dev/2.8/v/missing
programCode
  Field required [type=missing, input_value={'item': 'programCode'}, input_type=dict]
    For further information visit https://errors.pydantic.dev/2.8/v/missing
distribution
  Field required [type=missing, input_value={'item': 'programCode'}, input_type=dict]
    For further information visit https://errors.pydantic.dev/2.8/v/missing
theme
  Field required [type=missing, input_value={'item': 'programCode'}, input_type=dict]
    For further information visit https://errors.pydantic.dev/2.8/v/missing
2024-08-23 12:40:38 - ERROR - Validation error for dataset: Unknown title
Traceback (most recent call last):
  File "C:\Users\edmun\Projects\Repositories\healthpartners-interview\src\healthpartners_interview\download.py", line 31, in fetch_datasets
    dataset = Dataset(**current_item)
              ^^^^^^^^^^^^^^^^^^^^^^^
  File "C:\Users\edmun\Projects\Repositories\healthpartners-interview\.venv\Lib\site-packages\pydantic\main.py", line 193, in __init__
    self.__pydantic_validator__.validate_python(data, self_instance=self)
pydantic_core._pydantic_core.ValidationError: 16 validation errors for Dataset
accessLevel
  Field required [type=missing, input_value={}, input_type=dict]
    For further information visit https://errors.pydantic.dev/2.8/v/missing
landingPage
  Field required [type=missing, input_value={}, input_type=dict]
    For further information visit https://errors.pydantic.dev/2.8/v/missing
bureauCode
  Field required [type=missing, input_value={}, input_type=dict]
    For further information visit https://errors.pydantic.dev/2.8/v/missing
issued
  Field required [type=missing, input_value={}, input_type=dict]
    For further information visit https://errors.pydantic.dev/2.8/v/missing
@type
  Field required [type=missing, input_value={}, input_type=dict]
    For further information visit https://errors.pydantic.dev/2.8/v/missing
modified
  Field required [type=missing, input_value={}, input_type=dict]
    For further information visit https://errors.pydantic.dev/2.8/v/missing
released
  Field required [type=missing, input_value={}, input_type=dict]
    For further information visit https://errors.pydantic.dev/2.8/v/missing
keyword
  Field required [type=missing, input_value={}, input_type=dict]
    For further information visit https://errors.pydantic.dev/2.8/v/missing
contactPoint
  Field required [type=missing, input_value={}, input_type=dict]
    For further information visit https://errors.pydantic.dev/2.8/v/missing
publisher
  Field required [type=missing, input_value={}, input_type=dict]
    For further information visit https://errors.pydantic.dev/2.8/v/missing
identifier
  Field required [type=missing, input_value={}, input_type=dict]
    For further information visit https://errors.pydantic.dev/2.8/v/missing
description
  Field required [type=missing, input_value={}, input_type=dict]
    For further information visit https://errors.pydantic.dev/2.8/v/missing
title
  Field required [type=missing, input_value={}, input_type=dict]
    For further information visit https://errors.pydantic.dev/2.8/v/missing
programCode
  Field required [type=missing, input_value={}, input_type=dict]
    For further information visit https://errors.pydantic.dev/2.8/v/missing
distribution
  Field required [type=missing, input_value={}, input_type=dict]
    For further information visit https://errors.pydantic.dev/2.8/v/missing
theme
  Field required [type=missing, input_value={}, input_type=dict]
    For further information visit https://errors.pydantic.dev/2.8/v/missing
2024-08-23 12:40:38 - ERROR - Validation error for dataset: Unknown title
Traceback (most recent call last):
  File "C:\Users\edmun\Projects\Repositories\healthpartners-interview\src\healthpartners_interview\download.py", line 31, in fetch_datasets
    dataset = Dataset(**current_item)
              ^^^^^^^^^^^^^^^^^^^^^^^
  File "C:\Users\edmun\Projects\Repositories\healthpartners-interview\.venv\Lib\site-packages\pydantic\main.py", line 193, in __init__
    self.__pydantic_validator__.validate_python(data, self_instance=self)
pydantic_core._pydantic_core.ValidationError: 16 validation errors for Dataset
accessLevel
  Field required [type=missing, input_value={}, input_type=dict]
    For further information visit https://errors.pydantic.dev/2.8/v/missing
landingPage
  Field required [type=missing, input_value={}, input_type=dict]
    For further information visit https://errors.pydantic.dev/2.8/v/missing
bureauCode
  Field required [type=missing, input_value={}, input_type=dict]
    For further information visit https://errors.pydantic.dev/2.8/v/missing
issued
  Field required [type=missing, input_value={}, input_type=dict]
    For further information visit https://errors.pydantic.dev/2.8/v/missing
@type
  Field required [type=missing, input_value={}, input_type=dict]
    For further information visit https://errors.pydantic.dev/2.8/v/missing
modified
  Field required [type=missing, input_value={}, input_type=dict]
    For further information visit https://errors.pydantic.dev/2.8/v/missing
released
  Field required [type=missing, input_value={}, input_type=dict]
    For further information visit https://errors.pydantic.dev/2.8/v/missing
keyword
  Field required [type=missing, input_value={}, input_type=dict]
    For further information visit https://errors.pydantic.dev/2.8/v/missing
contactPoint
  Field required [type=missing, input_value={}, input_type=dict]
    For further information visit https://errors.pydantic.dev/2.8/v/missing
publisher
  Field required [type=missing, input_value={}, input_type=dict]
    For further information visit https://errors.pydantic.dev/2.8/v/missing
identifier
  Field required [type=missing, input_value={}, input_type=dict]
    For further information visit https://errors.pydantic.dev/2.8/v/missing
description
  Field required [type=missing, input_value={}, input_type=dict]
    For further information visit https://errors.pydantic.dev/2.8/v/missing
title
  Field required [type=missing, input_value={}, input_type=dict]
    For further information visit https://errors.pydantic.dev/2.8/v/missing
programCode
  Field required [type=missing, input_value={}, input_type=dict]
    For further information visit https://errors.pydantic.dev/2.8/v/missing
distribution
  Field required [type=missing, input_value={}, input_type=dict]
    For further information visit https://errors.pydantic.dev/2.8/v/missing
theme
  Field required [type=missing, input_value={}, input_type=dict]
    For further information visit https://errors.pydantic.dev/2.8/v/missing
2024-08-23 12:40:38 - ERROR - Validation error for dataset: Unknown title
Traceback (most recent call last):
  File "C:\Users\edmun\Projects\Repositories\healthpartners-interview\src\healthpartners_interview\download.py", line 31, in fetch_datasets
    dataset = Dataset(**current_item)
              ^^^^^^^^^^^^^^^^^^^^^^^
  File "C:\Users\edmun\Projects\Repositories\healthpartners-interview\.venv\Lib\site-packages\pydantic\main.py", line 193, in __init__
    self.__pydantic_validator__.validate_python(data, self_instance=self)
pydantic_core._pydantic_core.ValidationError: 16 validation errors for Dataset
accessLevel
  Field required [type=missing, input_value={}, input_type=dict]
    For further information visit https://errors.pydantic.dev/2.8/v/missing
landingPage
  Field required [type=missing, input_value={}, input_type=dict]
    For further information visit https://errors.pydantic.dev/2.8/v/missing
bureauCode
  Field required [type=missing, input_value={}, input_type=dict]
    For further information visit https://errors.pydantic.dev/2.8/v/missing
issued
  Field required [type=missing, input_value={}, input_type=dict]
    For further information visit https://errors.pydantic.dev/2.8/v/missing
@type
  Field required [type=missing, input_value={}, input_type=dict]
    For further information visit https://errors.pydantic.dev/2.8/v/missing
modified
  Field required [type=missing, input_value={}, input_type=dict]
    For further information visit https://errors.pydantic.dev/2.8/v/missing
released
  Field required [type=missing, input_value={}, input_type=dict]
    For further information visit https://errors.pydantic.dev/2.8/v/missing
keyword
  Field required [type=missing, input_value={}, input_type=dict]
    For further information visit https://errors.pydantic.dev/2.8/v/missing
contactPoint
  Field required [type=missing, input_value={}, input_type=dict]
    For further information visit https://errors.pydantic.dev/2.8/v/missing
publisher
  Field required [type=missing, input_value={}, input_type=dict]
    For further information visit https://errors.pydantic.dev/2.8/v/missing
identifier
  Field required [type=missing, input_value={}, input_type=dict]
    For further information visit https://errors.pydantic.dev/2.8/v/missing
description
  Field required [type=missing, input_value={}, input_type=dict]
    For further information visit https://errors.pydantic.dev/2.8/v/missing
title
  Field required [type=missing, input_value={}, input_type=dict]
    For further information visit https://errors.pydantic.dev/2.8/v/missing
programCode
  Field required [type=missing, input_value={}, input_type=dict]
    For further information visit https://errors.pydantic.dev/2.8/v/missing
distribution
  Field required [type=missing, input_value={}, input_type=dict]
    For further information visit https://errors.pydantic.dev/2.8/v/missing
theme
  Field required [type=missing, input_value={}, input_type=dict]
    For further information visit https://errors.pydantic.dev/2.8/v/missing
2024-08-23 12:40:38 - ERROR - Validation error for dataset: Unknown title
Traceback (most recent call last):
  File "C:\Users\edmun\Projects\Repositories\healthpartners-interview\src\healthpartners_interview\download.py", line 31, in fetch_datasets
    dataset = Dataset(**current_item)
              ^^^^^^^^^^^^^^^^^^^^^^^
  File "C:\Users\edmun\Projects\Repositories\healthpartners-interview\.venv\Lib\site-packages\pydantic\main.py", line 193, in __init__
    self.__pydantic_validator__.validate_python(data, self_instance=self)
pydantic_core._pydantic_core.ValidationError: 16 validation errors for Dataset
accessLevel
  Field required [type=missing, input_value={'item': 'programCode'}, input_type=dict]
    For further information visit https://errors.pydantic.dev/2.8/v/missing
landingPage
  Field required [type=missing, input_value={'item': 'programCode'}, input_type=dict]
    For further information visit https://errors.pydantic.dev/2.8/v/missing
bureauCode
  Field required [type=missing, input_value={'item': 'programCode'}, input_type=dict]
    For further information visit https://errors.pydantic.dev/2.8/v/missing
issued
  Field required [type=missing, input_value={'item': 'programCode'}, input_type=dict]
    For further information visit https://errors.pydantic.dev/2.8/v/missing
@type
  Field required [type=missing, input_value={'item': 'programCode'}, input_type=dict]
    For further information visit https://errors.pydantic.dev/2.8/v/missing
modified
  Field required [type=missing, input_value={'item': 'programCode'}, input_type=dict]
    For further information visit https://errors.pydantic.dev/2.8/v/missing
released
  Field required [type=missing, input_value={'item': 'programCode'}, input_type=dict]
    For further information visit https://errors.pydantic.dev/2.8/v/missing
keyword
  Field required [type=missing, input_value={'item': 'programCode'}, input_type=dict]
    For further information visit https://errors.pydantic.dev/2.8/v/missing
contactPoint
  Field required [type=missing, input_value={'item': 'programCode'}, input_type=dict]
    For further information visit https://errors.pydantic.dev/2.8/v/missing
publisher
  Field required [type=missing, input_value={'item': 'programCode'}, input_type=dict]
    For further information visit https://errors.pydantic.dev/2.8/v/missing
identifier
  Field required [type=missing, input_value={'item': 'programCode'}, input_type=dict]
    For further information visit https://errors.pydantic.dev/2.8/v/missing
description
  Field required [type=missing, input_value={'item': 'programCode'}, input_type=dict]
    For further information visit https://errors.pydantic.dev/2.8/v/missing
title
  Field required [type=missing, input_value={'item': 'programCode'}, input_type=dict]
    For further information visit https://errors.pydantic.dev/2.8/v/missing
programCode
  Field required [type=missing, input_value={'item': 'programCode'}, input_type=dict]
    For further information visit https://errors.pydantic.dev/2.8/v/missing
distribution
  Field required [type=missing, input_value={'item': 'programCode'}, input_type=dict]
    For further information visit https://errors.pydantic.dev/2.8/v/missing
theme
  Field required [type=missing, input_value={'item': 'programCode'}, input_type=dict]
    For further information visit https://errors.pydantic.dev/2.8/v/missing
2024-08-23 12:40:38 - ERROR - Validation error for dataset: Unknown title
Traceback (most recent call last):
  File "C:\Users\edmun\Projects\Repositories\healthpartners-interview\src\healthpartners_interview\download.py", line 31, in fetch_datasets
    dataset = Dataset(**current_item)
              ^^^^^^^^^^^^^^^^^^^^^^^
  File "C:\Users\edmun\Projects\Repositories\healthpartners-interview\.venv\Lib\site-packages\pydantic\main.py", line 193, in __init__
    self.__pydantic_validator__.validate_python(data, self_instance=self)
pydantic_core._pydantic_core.ValidationError: 16 validation errors for Dataset
accessLevel
  Field required [type=missing, input_value={}, input_type=dict]
    For further information visit https://errors.pydantic.dev/2.8/v/missing
landingPage
  Field required [type=missing, input_value={}, input_type=dict]
    For further information visit https://errors.pydantic.dev/2.8/v/missing
bureauCode
  Field required [type=missing, input_value={}, input_type=dict]
    For further information visit https://errors.pydantic.dev/2.8/v/missing
issued
  Field required [type=missing, input_value={}, input_type=dict]
    For further information visit https://errors.pydantic.dev/2.8/v/missing
@type
  Field required [type=missing, input_value={}, input_type=dict]
    For further information visit https://errors.pydantic.dev/2.8/v/missing
modified
  Field required [type=missing, input_value={}, input_type=dict]
    For further information visit https://errors.pydantic.dev/2.8/v/missing
released
  Field required [type=missing, input_value={}, input_type=dict]
    For further information visit https://errors.pydantic.dev/2.8/v/missing
keyword
  Field required [type=missing, input_value={}, input_type=dict]
    For further information visit https://errors.pydantic.dev/2.8/v/missing
contactPoint
  Field required [type=missing, input_value={}, input_type=dict]
    For further information visit https://errors.pydantic.dev/2.8/v/missing
publisher
  Field required [type=missing, input_value={}, input_type=dict]
    For further information visit https://errors.pydantic.dev/2.8/v/missing
identifier
  Field required [type=missing, input_value={}, input_type=dict]
    For further information visit https://errors.pydantic.dev/2.8/v/missing
description
  Field required [type=missing, input_value={}, input_type=dict]
    For further information visit https://errors.pydantic.dev/2.8/v/missing
title
  Field required [type=missing, input_value={}, input_type=dict]
    For further information visit https://errors.pydantic.dev/2.8/v/missing
programCode
  Field required [type=missing, input_value={}, input_type=dict]
    For further information visit https://errors.pydantic.dev/2.8/v/missing
distribution
  Field required [type=missing, input_value={}, input_type=dict]
    For further information visit https://errors.pydantic.dev/2.8/v/missing
theme
  Field required [type=missing, input_value={}, input_type=dict]
    For further information visit https://errors.pydantic.dev/2.8/v/missing
2024-08-23 12:40:38 - ERROR - Validation error for dataset: Unknown title
Traceback (most recent call last):
  File "C:\Users\edmun\Projects\Repositories\healthpartners-interview\src\healthpartners_interview\download.py", line 31, in fetch_datasets
    dataset = Dataset(**current_item)
              ^^^^^^^^^^^^^^^^^^^^^^^
  File "C:\Users\edmun\Projects\Repositories\healthpartners-interview\.venv\Lib\site-packages\pydantic\main.py", line 193, in __init__
    self.__pydantic_validator__.validate_python(data, self_instance=self)
pydantic_core._pydantic_core.ValidationError: 16 validation errors for Dataset
accessLevel
  Field required [type=missing, input_value={}, input_type=dict]
    For further information visit https://errors.pydantic.dev/2.8/v/missing
landingPage
  Field required [type=missing, input_value={}, input_type=dict]
    For further information visit https://errors.pydantic.dev/2.8/v/missing
bureauCode
  Field required [type=missing, input_value={}, input_type=dict]
    For further information visit https://errors.pydantic.dev/2.8/v/missing
issued
  Field required [type=missing, input_value={}, input_type=dict]
    For further information visit https://errors.pydantic.dev/2.8/v/missing
@type
  Field required [type=missing, input_value={}, input_type=dict]
    For further information visit https://errors.pydantic.dev/2.8/v/missing
modified
  Field required [type=missing, input_value={}, input_type=dict]
    For further information visit https://errors.pydantic.dev/2.8/v/missing
released
  Field required [type=missing, input_value={}, input_type=dict]
    For further information visit https://errors.pydantic.dev/2.8/v/missing
keyword
  Field required [type=missing, input_value={}, input_type=dict]
    For further information visit https://errors.pydantic.dev/2.8/v/missing
contactPoint
  Field required [type=missing, input_value={}, input_type=dict]
    For further information visit https://errors.pydantic.dev/2.8/v/missing
publisher
  Field required [type=missing, input_value={}, input_type=dict]
    For further information visit https://errors.pydantic.dev/2.8/v/missing
identifier
  Field required [type=missing, input_value={}, input_type=dict]
    For further information visit https://errors.pydantic.dev/2.8/v/missing
description
  Field required [type=missing, input_value={}, input_type=dict]
    For further information visit https://errors.pydantic.dev/2.8/v/missing
title
  Field required [type=missing, input_value={}, input_type=dict]
    For further information visit https://errors.pydantic.dev/2.8/v/missing
programCode
  Field required [type=missing, input_value={}, input_type=dict]
    For further information visit https://errors.pydantic.dev/2.8/v/missing
distribution
  Field required [type=missing, input_value={}, input_type=dict]
    For further information visit https://errors.pydantic.dev/2.8/v/missing
theme
  Field required [type=missing, input_value={}, input_type=dict]
    For further information visit https://errors.pydantic.dev/2.8/v/missing
2024-08-23 12:40:38 - ERROR - Validation error for dataset: Unknown title
Traceback (most recent call last):
  File "C:\Users\edmun\Projects\Repositories\healthpartners-interview\src\healthpartners_interview\download.py", line 31, in fetch_datasets
    dataset = Dataset(**current_item)
              ^^^^^^^^^^^^^^^^^^^^^^^
  File "C:\Users\edmun\Projects\Repositories\healthpartners-interview\.venv\Lib\site-packages\pydantic\main.py", line 193, in __init__
    self.__pydantic_validator__.validate_python(data, self_instance=self)
pydantic_core._pydantic_core.ValidationError: 16 validation errors for Dataset
accessLevel
  Field required [type=missing, input_value={}, input_type=dict]
    For further information visit https://errors.pydantic.dev/2.8/v/missing
landingPage
  Field required [type=missing, input_value={}, input_type=dict]
    For further information visit https://errors.pydantic.dev/2.8/v/missing
bureauCode
  Field required [type=missing, input_value={}, input_type=dict]
    For further information visit https://errors.pydantic.dev/2.8/v/missing
issued
  Field required [type=missing, input_value={}, input_type=dict]
    For further information visit https://errors.pydantic.dev/2.8/v/missing
@type
  Field required [type=missing, input_value={}, input_type=dict]
    For further information visit https://errors.pydantic.dev/2.8/v/missing
modified
  Field required [type=missing, input_value={}, input_type=dict]
    For further information visit https://errors.pydantic.dev/2.8/v/missing
released
  Field required [type=missing, input_value={}, input_type=dict]
    For further information visit https://errors.pydantic.dev/2.8/v/missing
keyword
  Field required [type=missing, input_value={}, input_type=dict]
    For further information visit https://errors.pydantic.dev/2.8/v/missing
contactPoint
  Field required [type=missing, input_value={}, input_type=dict]
    For further information visit https://errors.pydantic.dev/2.8/v/missing
publisher
  Field required [type=missing, input_value={}, input_type=dict]
    For further information visit https://errors.pydantic.dev/2.8/v/missing
identifier
  Field required [type=missing, input_value={}, input_type=dict]
    For further information visit https://errors.pydantic.dev/2.8/v/missing
description
  Field required [type=missing, input_value={}, input_type=dict]
    For further information visit https://errors.pydantic.dev/2.8/v/missing
title
  Field required [type=missing, input_value={}, input_type=dict]
    For further information visit https://errors.pydantic.dev/2.8/v/missing
programCode
  Field required [type=missing, input_value={}, input_type=dict]
    For further information visit https://errors.pydantic.dev/2.8/v/missing
distribution
  Field required [type=missing, input_value={}, input_type=dict]
    For further information visit https://errors.pydantic.dev/2.8/v/missing
theme
  Field required [type=missing, input_value={}, input_type=dict]
    For further information visit https://errors.pydantic.dev/2.8/v/missing
2024-08-23 12:40:38 - ERROR - Validation error for dataset: Unknown title
Traceback (most recent call last):
  File "C:\Users\edmun\Projects\Repositories\healthpartners-interview\src\healthpartners_interview\download.py", line 31, in fetch_datasets
    dataset = Dataset(**current_item)
              ^^^^^^^^^^^^^^^^^^^^^^^
  File "C:\Users\edmun\Projects\Repositories\healthpartners-interview\.venv\Lib\site-packages\pydantic\main.py", line 193, in __init__
    self.__pydantic_validator__.validate_python(data, self_instance=self)
pydantic_core._pydantic_core.ValidationError: 16 validation errors for Dataset
accessLevel
  Field required [type=missing, input_value={'item': 'programCode'}, input_type=dict]
    For further information visit https://errors.pydantic.dev/2.8/v/missing
landingPage
  Field required [type=missing, input_value={'item': 'programCode'}, input_type=dict]
    For further information visit https://errors.pydantic.dev/2.8/v/missing
bureauCode
  Field required [type=missing, input_value={'item': 'programCode'}, input_type=dict]
    For further information visit https://errors.pydantic.dev/2.8/v/missing
issued
  Field required [type=missing, input_value={'item': 'programCode'}, input_type=dict]
    For further information visit https://errors.pydantic.dev/2.8/v/missing
@type
  Field required [type=missing, input_value={'item': 'programCode'}, input_type=dict]
    For further information visit https://errors.pydantic.dev/2.8/v/missing
modified
  Field required [type=missing, input_value={'item': 'programCode'}, input_type=dict]
    For further information visit https://errors.pydantic.dev/2.8/v/missing
released
  Field required [type=missing, input_value={'item': 'programCode'}, input_type=dict]
    For further information visit https://errors.pydantic.dev/2.8/v/missing
keyword
  Field required [type=missing, input_value={'item': 'programCode'}, input_type=dict]
    For further information visit https://errors.pydantic.dev/2.8/v/missing
contactPoint
  Field required [type=missing, input_value={'item': 'programCode'}, input_type=dict]
    For further information visit https://errors.pydantic.dev/2.8/v/missing
publisher
  Field required [type=missing, input_value={'item': 'programCode'}, input_type=dict]
    For further information visit https://errors.pydantic.dev/2.8/v/missing
identifier
  Field required [type=missing, input_value={'item': 'programCode'}, input_type=dict]
    For further information visit https://errors.pydantic.dev/2.8/v/missing
description
  Field required [type=missing, input_value={'item': 'programCode'}, input_type=dict]
    For further information visit https://errors.pydantic.dev/2.8/v/missing
title
  Field required [type=missing, input_value={'item': 'programCode'}, input_type=dict]
    For further information visit https://errors.pydantic.dev/2.8/v/missing
programCode
  Field required [type=missing, input_value={'item': 'programCode'}, input_type=dict]
    For further information visit https://errors.pydantic.dev/2.8/v/missing
distribution
  Field required [type=missing, input_value={'item': 'programCode'}, input_type=dict]
    For further information visit https://errors.pydantic.dev/2.8/v/missing
theme
  Field required [type=missing, input_value={'item': 'programCode'}, input_type=dict]
    For further information visit https://errors.pydantic.dev/2.8/v/missing
2024-08-23 12:40:38 - ERROR - Validation error for dataset: Unknown title
Traceback (most recent call last):
  File "C:\Users\edmun\Projects\Repositories\healthpartners-interview\src\healthpartners_interview\download.py", line 31, in fetch_datasets
    dataset = Dataset(**current_item)
              ^^^^^^^^^^^^^^^^^^^^^^^
  File "C:\Users\edmun\Projects\Repositories\healthpartners-interview\.venv\Lib\site-packages\pydantic\main.py", line 193, in __init__
    self.__pydantic_validator__.validate_python(data, self_instance=self)
pydantic_core._pydantic_core.ValidationError: 16 validation errors for Dataset
accessLevel
  Field required [type=missing, input_value={}, input_type=dict]
    For further information visit https://errors.pydantic.dev/2.8/v/missing
landingPage
  Field required [type=missing, input_value={}, input_type=dict]
    For further information visit https://errors.pydantic.dev/2.8/v/missing
bureauCode
  Field required [type=missing, input_value={}, input_type=dict]
    For further information visit https://errors.pydantic.dev/2.8/v/missing
issued
  Field required [type=missing, input_value={}, input_type=dict]
    For further information visit https://errors.pydantic.dev/2.8/v/missing
@type
  Field required [type=missing, input_value={}, input_type=dict]
    For further information visit https://errors.pydantic.dev/2.8/v/missing
modified
  Field required [type=missing, input_value={}, input_type=dict]
    For further information visit https://errors.pydantic.dev/2.8/v/missing
released
  Field required [type=missing, input_value={}, input_type=dict]
    For further information visit https://errors.pydantic.dev/2.8/v/missing
keyword
  Field required [type=missing, input_value={}, input_type=dict]
    For further information visit https://errors.pydantic.dev/2.8/v/missing
contactPoint
  Field required [type=missing, input_value={}, input_type=dict]
    For further information visit https://errors.pydantic.dev/2.8/v/missing
publisher
  Field required [type=missing, input_value={}, input_type=dict]
    For further information visit https://errors.pydantic.dev/2.8/v/missing
identifier
  Field required [type=missing, input_value={}, input_type=dict]
    For further information visit https://errors.pydantic.dev/2.8/v/missing
description
  Field required [type=missing, input_value={}, input_type=dict]
    For further information visit https://errors.pydantic.dev/2.8/v/missing
title
  Field required [type=missing, input_value={}, input_type=dict]
    For further information visit https://errors.pydantic.dev/2.8/v/missing
programCode
  Field required [type=missing, input_value={}, input_type=dict]
    For further information visit https://errors.pydantic.dev/2.8/v/missing
distribution
  Field required [type=missing, input_value={}, input_type=dict]
    For further information visit https://errors.pydantic.dev/2.8/v/missing
theme
  Field required [type=missing, input_value={}, input_type=dict]
    For further information visit https://errors.pydantic.dev/2.8/v/missing
2024-08-23 12:40:38 - ERROR - Validation error for dataset: Unknown title
Traceback (most recent call last):
  File "C:\Users\edmun\Projects\Repositories\healthpartners-interview\src\healthpartners_interview\download.py", line 31, in fetch_datasets
    dataset = Dataset(**current_item)
              ^^^^^^^^^^^^^^^^^^^^^^^
  File "C:\Users\edmun\Projects\Repositories\healthpartners-interview\.venv\Lib\site-packages\pydantic\main.py", line 193, in __init__
    self.__pydantic_validator__.validate_python(data, self_instance=self)
pydantic_core._pydantic_core.ValidationError: 16 validation errors for Dataset
accessLevel
  Field required [type=missing, input_value={}, input_type=dict]
    For further information visit https://errors.pydantic.dev/2.8/v/missing
landingPage
  Field required [type=missing, input_value={}, input_type=dict]
    For further information visit https://errors.pydantic.dev/2.8/v/missing
bureauCode
  Field required [type=missing, input_value={}, input_type=dict]
    For further information visit https://errors.pydantic.dev/2.8/v/missing
issued
  Field required [type=missing, input_value={}, input_type=dict]
    For further information visit https://errors.pydantic.dev/2.8/v/missing
@type
  Field required [type=missing, input_value={}, input_type=dict]
    For further information visit https://errors.pydantic.dev/2.8/v/missing
modified
  Field required [type=missing, input_value={}, input_type=dict]
    For further information visit https://errors.pydantic.dev/2.8/v/missing
released
  Field required [type=missing, input_value={}, input_type=dict]
    For further information visit https://errors.pydantic.dev/2.8/v/missing
keyword
  Field required [type=missing, input_value={}, input_type=dict]
    For further information visit https://errors.pydantic.dev/2.8/v/missing
contactPoint
  Field required [type=missing, input_value={}, input_type=dict]
    For further information visit https://errors.pydantic.dev/2.8/v/missing
publisher
  Field required [type=missing, input_value={}, input_type=dict]
    For further information visit https://errors.pydantic.dev/2.8/v/missing
identifier
  Field required [type=missing, input_value={}, input_type=dict]
    For further information visit https://errors.pydantic.dev/2.8/v/missing
description
  Field required [type=missing, input_value={}, input_type=dict]
    For further information visit https://errors.pydantic.dev/2.8/v/missing
title
  Field required [type=missing, input_value={}, input_type=dict]
    For further information visit https://errors.pydantic.dev/2.8/v/missing
programCode
  Field required [type=missing, input_value={}, input_type=dict]
    For further information visit https://errors.pydantic.dev/2.8/v/missing
distribution
  Field required [type=missing, input_value={}, input_type=dict]
    For further information visit https://errors.pydantic.dev/2.8/v/missing
theme
  Field required [type=missing, input_value={}, input_type=dict]
    For further information visit https://errors.pydantic.dev/2.8/v/missing
2024-08-23 12:40:38 - ERROR - Validation error for dataset: Unknown title
Traceback (most recent call last):
  File "C:\Users\edmun\Projects\Repositories\healthpartners-interview\src\healthpartners_interview\download.py", line 31, in fetch_datasets
    dataset = Dataset(**current_item)
              ^^^^^^^^^^^^^^^^^^^^^^^
  File "C:\Users\edmun\Projects\Repositories\healthpartners-interview\.venv\Lib\site-packages\pydantic\main.py", line 193, in __init__
    self.__pydantic_validator__.validate_python(data, self_instance=self)
pydantic_core._pydantic_core.ValidationError: 16 validation errors for Dataset
accessLevel
  Field required [type=missing, input_value={}, input_type=dict]
    For further information visit https://errors.pydantic.dev/2.8/v/missing
landingPage
  Field required [type=missing, input_value={}, input_type=dict]
    For further information visit https://errors.pydantic.dev/2.8/v/missing
bureauCode
  Field required [type=missing, input_value={}, input_type=dict]
    For further information visit https://errors.pydantic.dev/2.8/v/missing
issued
  Field required [type=missing, input_value={}, input_type=dict]
    For further information visit https://errors.pydantic.dev/2.8/v/missing
@type
  Field required [type=missing, input_value={}, input_type=dict]
    For further information visit https://errors.pydantic.dev/2.8/v/missing
modified
  Field required [type=missing, input_value={}, input_type=dict]
    For further information visit https://errors.pydantic.dev/2.8/v/missing
released
  Field required [type=missing, input_value={}, input_type=dict]
    For further information visit https://errors.pydantic.dev/2.8/v/missing
keyword
  Field required [type=missing, input_value={}, input_type=dict]
    For further information visit https://errors.pydantic.dev/2.8/v/missing
contactPoint
  Field required [type=missing, input_value={}, input_type=dict]
    For further information visit https://errors.pydantic.dev/2.8/v/missing
publisher
  Field required [type=missing, input_value={}, input_type=dict]
    For further information visit https://errors.pydantic.dev/2.8/v/missing
identifier
  Field required [type=missing, input_value={}, input_type=dict]
    For further information visit https://errors.pydantic.dev/2.8/v/missing
description
  Field required [type=missing, input_value={}, input_type=dict]
    For further information visit https://errors.pydantic.dev/2.8/v/missing
title
  Field required [type=missing, input_value={}, input_type=dict]
    For further information visit https://errors.pydantic.dev/2.8/v/missing
programCode
  Field required [type=missing, input_value={}, input_type=dict]
    For further information visit https://errors.pydantic.dev/2.8/v/missing
distribution
  Field required [type=missing, input_value={}, input_type=dict]
    For further information visit https://errors.pydantic.dev/2.8/v/missing
theme
  Field required [type=missing, input_value={}, input_type=dict]
    For further information visit https://errors.pydantic.dev/2.8/v/missing
2024-08-23 12:40:38 - ERROR - Validation error for dataset: Unknown title
Traceback (most recent call last):
  File "C:\Users\edmun\Projects\Repositories\healthpartners-interview\src\healthpartners_interview\download.py", line 31, in fetch_datasets
    dataset = Dataset(**current_item)
              ^^^^^^^^^^^^^^^^^^^^^^^
  File "C:\Users\edmun\Projects\Repositories\healthpartners-interview\.venv\Lib\site-packages\pydantic\main.py", line 193, in __init__
    self.__pydantic_validator__.validate_python(data, self_instance=self)
pydantic_core._pydantic_core.ValidationError: 16 validation errors for Dataset
accessLevel
  Field required [type=missing, input_value={'item': 'programCode'}, input_type=dict]
    For further information visit https://errors.pydantic.dev/2.8/v/missing
landingPage
  Field required [type=missing, input_value={'item': 'programCode'}, input_type=dict]
    For further information visit https://errors.pydantic.dev/2.8/v/missing
bureauCode
  Field required [type=missing, input_value={'item': 'programCode'}, input_type=dict]
    For further information visit https://errors.pydantic.dev/2.8/v/missing
issued
  Field required [type=missing, input_value={'item': 'programCode'}, input_type=dict]
    For further information visit https://errors.pydantic.dev/2.8/v/missing
@type
  Field required [type=missing, input_value={'item': 'programCode'}, input_type=dict]
    For further information visit https://errors.pydantic.dev/2.8/v/missing
modified
  Field required [type=missing, input_value={'item': 'programCode'}, input_type=dict]
    For further information visit https://errors.pydantic.dev/2.8/v/missing
released
  Field required [type=missing, input_value={'item': 'programCode'}, input_type=dict]
    For further information visit https://errors.pydantic.dev/2.8/v/missing
keyword
  Field required [type=missing, input_value={'item': 'programCode'}, input_type=dict]
    For further information visit https://errors.pydantic.dev/2.8/v/missing
contactPoint
  Field required [type=missing, input_value={'item': 'programCode'}, input_type=dict]
    For further information visit https://errors.pydantic.dev/2.8/v/missing
publisher
  Field required [type=missing, input_value={'item': 'programCode'}, input_type=dict]
    For further information visit https://errors.pydantic.dev/2.8/v/missing
identifier
  Field required [type=missing, input_value={'item': 'programCode'}, input_type=dict]
    For further information visit https://errors.pydantic.dev/2.8/v/missing
description
  Field required [type=missing, input_value={'item': 'programCode'}, input_type=dict]
    For further information visit https://errors.pydantic.dev/2.8/v/missing
title
  Field required [type=missing, input_value={'item': 'programCode'}, input_type=dict]
    For further information visit https://errors.pydantic.dev/2.8/v/missing
programCode
  Field required [type=missing, input_value={'item': 'programCode'}, input_type=dict]
    For further information visit https://errors.pydantic.dev/2.8/v/missing
distribution
  Field required [type=missing, input_value={'item': 'programCode'}, input_type=dict]
    For further information visit https://errors.pydantic.dev/2.8/v/missing
theme
  Field required [type=missing, input_value={'item': 'programCode'}, input_type=dict]
    For further information visit https://errors.pydantic.dev/2.8/v/missing
2024-08-23 12:40:38 - ERROR - Validation error for dataset: Unknown title
Traceback (most recent call last):
  File "C:\Users\edmun\Projects\Repositories\healthpartners-interview\src\healthpartners_interview\download.py", line 31, in fetch_datasets
    dataset = Dataset(**current_item)
              ^^^^^^^^^^^^^^^^^^^^^^^
  File "C:\Users\edmun\Projects\Repositories\healthpartners-interview\.venv\Lib\site-packages\pydantic\main.py", line 193, in __init__
    self.__pydantic_validator__.validate_python(data, self_instance=self)
pydantic_core._pydantic_core.ValidationError: 16 validation errors for Dataset
accessLevel
  Field required [type=missing, input_value={}, input_type=dict]
    For further information visit https://errors.pydantic.dev/2.8/v/missing
landingPage
  Field required [type=missing, input_value={}, input_type=dict]
    For further information visit https://errors.pydantic.dev/2.8/v/missing
bureauCode
  Field required [type=missing, input_value={}, input_type=dict]
    For further information visit https://errors.pydantic.dev/2.8/v/missing
issued
  Field required [type=missing, input_value={}, input_type=dict]
    For further information visit https://errors.pydantic.dev/2.8/v/missing
@type
  Field required [type=missing, input_value={}, input_type=dict]
    For further information visit https://errors.pydantic.dev/2.8/v/missing
modified
  Field required [type=missing, input_value={}, input_type=dict]
    For further information visit https://errors.pydantic.dev/2.8/v/missing
released
  Field required [type=missing, input_value={}, input_type=dict]
    For further information visit https://errors.pydantic.dev/2.8/v/missing
keyword
  Field required [type=missing, input_value={}, input_type=dict]
    For further information visit https://errors.pydantic.dev/2.8/v/missing
contactPoint
  Field required [type=missing, input_value={}, input_type=dict]
    For further information visit https://errors.pydantic.dev/2.8/v/missing
publisher
  Field required [type=missing, input_value={}, input_type=dict]
    For further information visit https://errors.pydantic.dev/2.8/v/missing
identifier
  Field required [type=missing, input_value={}, input_type=dict]
    For further information visit https://errors.pydantic.dev/2.8/v/missing
description
  Field required [type=missing, input_value={}, input_type=dict]
    For further information visit https://errors.pydantic.dev/2.8/v/missing
title
  Field required [type=missing, input_value={}, input_type=dict]
    For further information visit https://errors.pydantic.dev/2.8/v/missing
programCode
  Field required [type=missing, input_value={}, input_type=dict]
    For further information visit https://errors.pydantic.dev/2.8/v/missing
distribution
  Field required [type=missing, input_value={}, input_type=dict]
    For further information visit https://errors.pydantic.dev/2.8/v/missing
theme
  Field required [type=missing, input_value={}, input_type=dict]
    For further information visit https://errors.pydantic.dev/2.8/v/missing
2024-08-23 12:40:38 - ERROR - Validation error for dataset: Unknown title
Traceback (most recent call last):
  File "C:\Users\edmun\Projects\Repositories\healthpartners-interview\src\healthpartners_interview\download.py", line 31, in fetch_datasets
    dataset = Dataset(**current_item)
              ^^^^^^^^^^^^^^^^^^^^^^^
  File "C:\Users\edmun\Projects\Repositories\healthpartners-interview\.venv\Lib\site-packages\pydantic\main.py", line 193, in __init__
    self.__pydantic_validator__.validate_python(data, self_instance=self)
pydantic_core._pydantic_core.ValidationError: 16 validation errors for Dataset
accessLevel
  Field required [type=missing, input_value={}, input_type=dict]
    For further information visit https://errors.pydantic.dev/2.8/v/missing
landingPage
  Field required [type=missing, input_value={}, input_type=dict]
    For further information visit https://errors.pydantic.dev/2.8/v/missing
bureauCode
  Field required [type=missing, input_value={}, input_type=dict]
    For further information visit https://errors.pydantic.dev/2.8/v/missing
issued
  Field required [type=missing, input_value={}, input_type=dict]
    For further information visit https://errors.pydantic.dev/2.8/v/missing
@type
  Field required [type=missing, input_value={}, input_type=dict]
    For further information visit https://errors.pydantic.dev/2.8/v/missing
modified
  Field required [type=missing, input_value={}, input_type=dict]
    For further information visit https://errors.pydantic.dev/2.8/v/missing
released
  Field required [type=missing, input_value={}, input_type=dict]
    For further information visit https://errors.pydantic.dev/2.8/v/missing
keyword
  Field required [type=missing, input_value={}, input_type=dict]
    For further information visit https://errors.pydantic.dev/2.8/v/missing
contactPoint
  Field required [type=missing, input_value={}, input_type=dict]
    For further information visit https://errors.pydantic.dev/2.8/v/missing
publisher
  Field required [type=missing, input_value={}, input_type=dict]
    For further information visit https://errors.pydantic.dev/2.8/v/missing
identifier
  Field required [type=missing, input_value={}, input_type=dict]
    For further information visit https://errors.pydantic.dev/2.8/v/missing
description
  Field required [type=missing, input_value={}, input_type=dict]
    For further information visit https://errors.pydantic.dev/2.8/v/missing
title
  Field required [type=missing, input_value={}, input_type=dict]
    For further information visit https://errors.pydantic.dev/2.8/v/missing
programCode
  Field required [type=missing, input_value={}, input_type=dict]
    For further information visit https://errors.pydantic.dev/2.8/v/missing
distribution
  Field required [type=missing, input_value={}, input_type=dict]
    For further information visit https://errors.pydantic.dev/2.8/v/missing
theme
  Field required [type=missing, input_value={}, input_type=dict]
    For further information visit https://errors.pydantic.dev/2.8/v/missing
2024-08-23 12:40:38 - ERROR - Validation error for dataset: Unknown title
Traceback (most recent call last):
  File "C:\Users\edmun\Projects\Repositories\healthpartners-interview\src\healthpartners_interview\download.py", line 31, in fetch_datasets
    dataset = Dataset(**current_item)
              ^^^^^^^^^^^^^^^^^^^^^^^
  File "C:\Users\edmun\Projects\Repositories\healthpartners-interview\.venv\Lib\site-packages\pydantic\main.py", line 193, in __init__
    self.__pydantic_validator__.validate_python(data, self_instance=self)
pydantic_core._pydantic_core.ValidationError: 16 validation errors for Dataset
accessLevel
  Field required [type=missing, input_value={}, input_type=dict]
    For further information visit https://errors.pydantic.dev/2.8/v/missing
landingPage
  Field required [type=missing, input_value={}, input_type=dict]
    For further information visit https://errors.pydantic.dev/2.8/v/missing
bureauCode
  Field required [type=missing, input_value={}, input_type=dict]
    For further information visit https://errors.pydantic.dev/2.8/v/missing
issued
  Field required [type=missing, input_value={}, input_type=dict]
    For further information visit https://errors.pydantic.dev/2.8/v/missing
@type
  Field required [type=missing, input_value={}, input_type=dict]
    For further information visit https://errors.pydantic.dev/2.8/v/missing
modified
  Field required [type=missing, input_value={}, input_type=dict]
    For further information visit https://errors.pydantic.dev/2.8/v/missing
released
  Field required [type=missing, input_value={}, input_type=dict]
    For further information visit https://errors.pydantic.dev/2.8/v/missing
keyword
  Field required [type=missing, input_value={}, input_type=dict]
    For further information visit https://errors.pydantic.dev/2.8/v/missing
contactPoint
  Field required [type=missing, input_value={}, input_type=dict]
    For further information visit https://errors.pydantic.dev/2.8/v/missing
publisher
  Field required [type=missing, input_value={}, input_type=dict]
    For further information visit https://errors.pydantic.dev/2.8/v/missing
identifier
  Field required [type=missing, input_value={}, input_type=dict]
    For further information visit https://errors.pydantic.dev/2.8/v/missing
description
  Field required [type=missing, input_value={}, input_type=dict]
    For further information visit https://errors.pydantic.dev/2.8/v/missing
title
  Field required [type=missing, input_value={}, input_type=dict]
    For further information visit https://errors.pydantic.dev/2.8/v/missing
programCode
  Field required [type=missing, input_value={}, input_type=dict]
    For further information visit https://errors.pydantic.dev/2.8/v/missing
distribution
  Field required [type=missing, input_value={}, input_type=dict]
    For further information visit https://errors.pydantic.dev/2.8/v/missing
theme
  Field required [type=missing, input_value={}, input_type=dict]
    For further information visit https://errors.pydantic.dev/2.8/v/missing
2024-08-23 12:40:38 - ERROR - Validation error for dataset: Unknown title
Traceback (most recent call last):
  File "C:\Users\edmun\Projects\Repositories\healthpartners-interview\src\healthpartners_interview\download.py", line 31, in fetch_datasets
    dataset = Dataset(**current_item)
              ^^^^^^^^^^^^^^^^^^^^^^^
  File "C:\Users\edmun\Projects\Repositories\healthpartners-interview\.venv\Lib\site-packages\pydantic\main.py", line 193, in __init__
    self.__pydantic_validator__.validate_python(data, self_instance=self)
pydantic_core._pydantic_core.ValidationError: 16 validation errors for Dataset
accessLevel
  Field required [type=missing, input_value={'item': 'programCode'}, input_type=dict]
    For further information visit https://errors.pydantic.dev/2.8/v/missing
landingPage
  Field required [type=missing, input_value={'item': 'programCode'}, input_type=dict]
    For further information visit https://errors.pydantic.dev/2.8/v/missing
bureauCode
  Field required [type=missing, input_value={'item': 'programCode'}, input_type=dict]
    For further information visit https://errors.pydantic.dev/2.8/v/missing
issued
  Field required [type=missing, input_value={'item': 'programCode'}, input_type=dict]
    For further information visit https://errors.pydantic.dev/2.8/v/missing
@type
  Field required [type=missing, input_value={'item': 'programCode'}, input_type=dict]
    For further information visit https://errors.pydantic.dev/2.8/v/missing
modified
  Field required [type=missing, input_value={'item': 'programCode'}, input_type=dict]
    For further information visit https://errors.pydantic.dev/2.8/v/missing
released
  Field required [type=missing, input_value={'item': 'programCode'}, input_type=dict]
    For further information visit https://errors.pydantic.dev/2.8/v/missing
keyword
  Field required [type=missing, input_value={'item': 'programCode'}, input_type=dict]
    For further information visit https://errors.pydantic.dev/2.8/v/missing
contactPoint
  Field required [type=missing, input_value={'item': 'programCode'}, input_type=dict]
    For further information visit https://errors.pydantic.dev/2.8/v/missing
publisher
  Field required [type=missing, input_value={'item': 'programCode'}, input_type=dict]
    For further information visit https://errors.pydantic.dev/2.8/v/missing
identifier
  Field required [type=missing, input_value={'item': 'programCode'}, input_type=dict]
    For further information visit https://errors.pydantic.dev/2.8/v/missing
description
  Field required [type=missing, input_value={'item': 'programCode'}, input_type=dict]
    For further information visit https://errors.pydantic.dev/2.8/v/missing
title
  Field required [type=missing, input_value={'item': 'programCode'}, input_type=dict]
    For further information visit https://errors.pydantic.dev/2.8/v/missing
programCode
  Field required [type=missing, input_value={'item': 'programCode'}, input_type=dict]
    For further information visit https://errors.pydantic.dev/2.8/v/missing
distribution
  Field required [type=missing, input_value={'item': 'programCode'}, input_type=dict]
    For further information visit https://errors.pydantic.dev/2.8/v/missing
theme
  Field required [type=missing, input_value={'item': 'programCode'}, input_type=dict]
    For further information visit https://errors.pydantic.dev/2.8/v/missing
2024-08-23 12:40:38 - ERROR - Validation error for dataset: Unknown title
Traceback (most recent call last):
  File "C:\Users\edmun\Projects\Repositories\healthpartners-interview\src\healthpartners_interview\download.py", line 31, in fetch_datasets
    dataset = Dataset(**current_item)
              ^^^^^^^^^^^^^^^^^^^^^^^
  File "C:\Users\edmun\Projects\Repositories\healthpartners-interview\.venv\Lib\site-packages\pydantic\main.py", line 193, in __init__
    self.__pydantic_validator__.validate_python(data, self_instance=self)
pydantic_core._pydantic_core.ValidationError: 16 validation errors for Dataset
accessLevel
  Field required [type=missing, input_value={}, input_type=dict]
    For further information visit https://errors.pydantic.dev/2.8/v/missing
landingPage
  Field required [type=missing, input_value={}, input_type=dict]
    For further information visit https://errors.pydantic.dev/2.8/v/missing
bureauCode
  Field required [type=missing, input_value={}, input_type=dict]
    For further information visit https://errors.pydantic.dev/2.8/v/missing
issued
  Field required [type=missing, input_value={}, input_type=dict]
    For further information visit https://errors.pydantic.dev/2.8/v/missing
@type
  Field required [type=missing, input_value={}, input_type=dict]
    For further information visit https://errors.pydantic.dev/2.8/v/missing
modified
  Field required [type=missing, input_value={}, input_type=dict]
    For further information visit https://errors.pydantic.dev/2.8/v/missing
released
  Field required [type=missing, input_value={}, input_type=dict]
    For further information visit https://errors.pydantic.dev/2.8/v/missing
keyword
  Field required [type=missing, input_value={}, input_type=dict]
    For further information visit https://errors.pydantic.dev/2.8/v/missing
contactPoint
  Field required [type=missing, input_value={}, input_type=dict]
    For further information visit https://errors.pydantic.dev/2.8/v/missing
publisher
  Field required [type=missing, input_value={}, input_type=dict]
    For further information visit https://errors.pydantic.dev/2.8/v/missing
identifier
  Field required [type=missing, input_value={}, input_type=dict]
    For further information visit https://errors.pydantic.dev/2.8/v/missing
description
  Field required [type=missing, input_value={}, input_type=dict]
    For further information visit https://errors.pydantic.dev/2.8/v/missing
title
  Field required [type=missing, input_value={}, input_type=dict]
    For further information visit https://errors.pydantic.dev/2.8/v/missing
programCode
  Field required [type=missing, input_value={}, input_type=dict]
    For further information visit https://errors.pydantic.dev/2.8/v/missing
distribution
  Field required [type=missing, input_value={}, input_type=dict]
    For further information visit https://errors.pydantic.dev/2.8/v/missing
theme
  Field required [type=missing, input_value={}, input_type=dict]
    For further information visit https://errors.pydantic.dev/2.8/v/missing
2024-08-23 12:40:38 - ERROR - Validation error for dataset: Unknown title
Traceback (most recent call last):
  File "C:\Users\edmun\Projects\Repositories\healthpartners-interview\src\healthpartners_interview\download.py", line 31, in fetch_datasets
    dataset = Dataset(**current_item)
              ^^^^^^^^^^^^^^^^^^^^^^^
  File "C:\Users\edmun\Projects\Repositories\healthpartners-interview\.venv\Lib\site-packages\pydantic\main.py", line 193, in __init__
    self.__pydantic_validator__.validate_python(data, self_instance=self)
pydantic_core._pydantic_core.ValidationError: 16 validation errors for Dataset
accessLevel
  Field required [type=missing, input_value={}, input_type=dict]
    For further information visit https://errors.pydantic.dev/2.8/v/missing
landingPage
  Field required [type=missing, input_value={}, input_type=dict]
    For further information visit https://errors.pydantic.dev/2.8/v/missing
bureauCode
  Field required [type=missing, input_value={}, input_type=dict]
    For further information visit https://errors.pydantic.dev/2.8/v/missing
issued
  Field required [type=missing, input_value={}, input_type=dict]
    For further information visit https://errors.pydantic.dev/2.8/v/missing
@type
  Field required [type=missing, input_value={}, input_type=dict]
    For further information visit https://errors.pydantic.dev/2.8/v/missing
modified
  Field required [type=missing, input_value={}, input_type=dict]
    For further information visit https://errors.pydantic.dev/2.8/v/missing
released
  Field required [type=missing, input_value={}, input_type=dict]
    For further information visit https://errors.pydantic.dev/2.8/v/missing
keyword
  Field required [type=missing, input_value={}, input_type=dict]
    For further information visit https://errors.pydantic.dev/2.8/v/missing
contactPoint
  Field required [type=missing, input_value={}, input_type=dict]
    For further information visit https://errors.pydantic.dev/2.8/v/missing
publisher
  Field required [type=missing, input_value={}, input_type=dict]
    For further information visit https://errors.pydantic.dev/2.8/v/missing
identifier
  Field required [type=missing, input_value={}, input_type=dict]
    For further information visit https://errors.pydantic.dev/2.8/v/missing
description
  Field required [type=missing, input_value={}, input_type=dict]
    For further information visit https://errors.pydantic.dev/2.8/v/missing
title
  Field required [type=missing, input_value={}, input_type=dict]
    For further information visit https://errors.pydantic.dev/2.8/v/missing
programCode
  Field required [type=missing, input_value={}, input_type=dict]
    For further information visit https://errors.pydantic.dev/2.8/v/missing
distribution
  Field required [type=missing, input_value={}, input_type=dict]
    For further information visit https://errors.pydantic.dev/2.8/v/missing
theme
  Field required [type=missing, input_value={}, input_type=dict]
    For further information visit https://errors.pydantic.dev/2.8/v/missing
2024-08-23 12:40:38 - ERROR - Validation error for dataset: Unknown title
Traceback (most recent call last):
  File "C:\Users\edmun\Projects\Repositories\healthpartners-interview\src\healthpartners_interview\download.py", line 31, in fetch_datasets
    dataset = Dataset(**current_item)
              ^^^^^^^^^^^^^^^^^^^^^^^
  File "C:\Users\edmun\Projects\Repositories\healthpartners-interview\.venv\Lib\site-packages\pydantic\main.py", line 193, in __init__
    self.__pydantic_validator__.validate_python(data, self_instance=self)
pydantic_core._pydantic_core.ValidationError: 16 validation errors for Dataset
accessLevel
  Field required [type=missing, input_value={}, input_type=dict]
    For further information visit https://errors.pydantic.dev/2.8/v/missing
landingPage
  Field required [type=missing, input_value={}, input_type=dict]
    For further information visit https://errors.pydantic.dev/2.8/v/missing
bureauCode
  Field required [type=missing, input_value={}, input_type=dict]
    For further information visit https://errors.pydantic.dev/2.8/v/missing
issued
  Field required [type=missing, input_value={}, input_type=dict]
    For further information visit https://errors.pydantic.dev/2.8/v/missing
@type
  Field required [type=missing, input_value={}, input_type=dict]
    For further information visit https://errors.pydantic.dev/2.8/v/missing
modified
  Field required [type=missing, input_value={}, input_type=dict]
    For further information visit https://errors.pydantic.dev/2.8/v/missing
released
  Field required [type=missing, input_value={}, input_type=dict]
    For further information visit https://errors.pydantic.dev/2.8/v/missing
keyword
  Field required [type=missing, input_value={}, input_type=dict]
    For further information visit https://errors.pydantic.dev/2.8/v/missing
contactPoint
  Field required [type=missing, input_value={}, input_type=dict]
    For further information visit https://errors.pydantic.dev/2.8/v/missing
publisher
  Field required [type=missing, input_value={}, input_type=dict]
    For further information visit https://errors.pydantic.dev/2.8/v/missing
identifier
  Field required [type=missing, input_value={}, input_type=dict]
    For further information visit https://errors.pydantic.dev/2.8/v/missing
description
  Field required [type=missing, input_value={}, input_type=dict]
    For further information visit https://errors.pydantic.dev/2.8/v/missing
title
  Field required [type=missing, input_value={}, input_type=dict]
    For further information visit https://errors.pydantic.dev/2.8/v/missing
programCode
  Field required [type=missing, input_value={}, input_type=dict]
    For further information visit https://errors.pydantic.dev/2.8/v/missing
distribution
  Field required [type=missing, input_value={}, input_type=dict]
    For further information visit https://errors.pydantic.dev/2.8/v/missing
theme
  Field required [type=missing, input_value={}, input_type=dict]
    For further information visit https://errors.pydantic.dev/2.8/v/missing
2024-08-23 12:40:38 - ERROR - Validation error for dataset: Unknown title
Traceback (most recent call last):
  File "C:\Users\edmun\Projects\Repositories\healthpartners-interview\src\healthpartners_interview\download.py", line 31, in fetch_datasets
    dataset = Dataset(**current_item)
              ^^^^^^^^^^^^^^^^^^^^^^^
  File "C:\Users\edmun\Projects\Repositories\healthpartners-interview\.venv\Lib\site-packages\pydantic\main.py", line 193, in __init__
    self.__pydantic_validator__.validate_python(data, self_instance=self)
pydantic_core._pydantic_core.ValidationError: 16 validation errors for Dataset
accessLevel
  Field required [type=missing, input_value={'item': 'programCode'}, input_type=dict]
    For further information visit https://errors.pydantic.dev/2.8/v/missing
landingPage
  Field required [type=missing, input_value={'item': 'programCode'}, input_type=dict]
    For further information visit https://errors.pydantic.dev/2.8/v/missing
bureauCode
  Field required [type=missing, input_value={'item': 'programCode'}, input_type=dict]
    For further information visit https://errors.pydantic.dev/2.8/v/missing
issued
  Field required [type=missing, input_value={'item': 'programCode'}, input_type=dict]
    For further information visit https://errors.pydantic.dev/2.8/v/missing
@type
  Field required [type=missing, input_value={'item': 'programCode'}, input_type=dict]
    For further information visit https://errors.pydantic.dev/2.8/v/missing
modified
  Field required [type=missing, input_value={'item': 'programCode'}, input_type=dict]
    For further information visit https://errors.pydantic.dev/2.8/v/missing
released
  Field required [type=missing, input_value={'item': 'programCode'}, input_type=dict]
    For further information visit https://errors.pydantic.dev/2.8/v/missing
keyword
  Field required [type=missing, input_value={'item': 'programCode'}, input_type=dict]
    For further information visit https://errors.pydantic.dev/2.8/v/missing
contactPoint
  Field required [type=missing, input_value={'item': 'programCode'}, input_type=dict]
    For further information visit https://errors.pydantic.dev/2.8/v/missing
publisher
  Field required [type=missing, input_value={'item': 'programCode'}, input_type=dict]
    For further information visit https://errors.pydantic.dev/2.8/v/missing
identifier
  Field required [type=missing, input_value={'item': 'programCode'}, input_type=dict]
    For further information visit https://errors.pydantic.dev/2.8/v/missing
description
  Field required [type=missing, input_value={'item': 'programCode'}, input_type=dict]
    For further information visit https://errors.pydantic.dev/2.8/v/missing
title
  Field required [type=missing, input_value={'item': 'programCode'}, input_type=dict]
    For further information visit https://errors.pydantic.dev/2.8/v/missing
programCode
  Field required [type=missing, input_value={'item': 'programCode'}, input_type=dict]
    For further information visit https://errors.pydantic.dev/2.8/v/missing
distribution
  Field required [type=missing, input_value={'item': 'programCode'}, input_type=dict]
    For further information visit https://errors.pydantic.dev/2.8/v/missing
theme
  Field required [type=missing, input_value={'item': 'programCode'}, input_type=dict]
    For further information visit https://errors.pydantic.dev/2.8/v/missing
2024-08-23 12:40:38 - ERROR - Validation error for dataset: Unknown title
Traceback (most recent call last):
  File "C:\Users\edmun\Projects\Repositories\healthpartners-interview\src\healthpartners_interview\download.py", line 31, in fetch_datasets
    dataset = Dataset(**current_item)
              ^^^^^^^^^^^^^^^^^^^^^^^
  File "C:\Users\edmun\Projects\Repositories\healthpartners-interview\.venv\Lib\site-packages\pydantic\main.py", line 193, in __init__
    self.__pydantic_validator__.validate_python(data, self_instance=self)
pydantic_core._pydantic_core.ValidationError: 16 validation errors for Dataset
accessLevel
  Field required [type=missing, input_value={}, input_type=dict]
    For further information visit https://errors.pydantic.dev/2.8/v/missing
landingPage
  Field required [type=missing, input_value={}, input_type=dict]
    For further information visit https://errors.pydantic.dev/2.8/v/missing
bureauCode
  Field required [type=missing, input_value={}, input_type=dict]
    For further information visit https://errors.pydantic.dev/2.8/v/missing
issued
  Field required [type=missing, input_value={}, input_type=dict]
    For further information visit https://errors.pydantic.dev/2.8/v/missing
@type
  Field required [type=missing, input_value={}, input_type=dict]
    For further information visit https://errors.pydantic.dev/2.8/v/missing
modified
  Field required [type=missing, input_value={}, input_type=dict]
    For further information visit https://errors.pydantic.dev/2.8/v/missing
released
  Field required [type=missing, input_value={}, input_type=dict]
    For further information visit https://errors.pydantic.dev/2.8/v/missing
keyword
  Field required [type=missing, input_value={}, input_type=dict]
    For further information visit https://errors.pydantic.dev/2.8/v/missing
contactPoint
  Field required [type=missing, input_value={}, input_type=dict]
    For further information visit https://errors.pydantic.dev/2.8/v/missing
publisher
  Field required [type=missing, input_value={}, input_type=dict]
    For further information visit https://errors.pydantic.dev/2.8/v/missing
identifier
  Field required [type=missing, input_value={}, input_type=dict]
    For further information visit https://errors.pydantic.dev/2.8/v/missing
description
  Field required [type=missing, input_value={}, input_type=dict]
    For further information visit https://errors.pydantic.dev/2.8/v/missing
title
  Field required [type=missing, input_value={}, input_type=dict]
    For further information visit https://errors.pydantic.dev/2.8/v/missing
programCode
  Field required [type=missing, input_value={}, input_type=dict]
    For further information visit https://errors.pydantic.dev/2.8/v/missing
distribution
  Field required [type=missing, input_value={}, input_type=dict]
    For further information visit https://errors.pydantic.dev/2.8/v/missing
theme
  Field required [type=missing, input_value={}, input_type=dict]
    For further information visit https://errors.pydantic.dev/2.8/v/missing
2024-08-23 12:40:38 - ERROR - Validation error for dataset: Unknown title
Traceback (most recent call last):
  File "C:\Users\edmun\Projects\Repositories\healthpartners-interview\src\healthpartners_interview\download.py", line 31, in fetch_datasets
    dataset = Dataset(**current_item)
              ^^^^^^^^^^^^^^^^^^^^^^^
  File "C:\Users\edmun\Projects\Repositories\healthpartners-interview\.venv\Lib\site-packages\pydantic\main.py", line 193, in __init__
    self.__pydantic_validator__.validate_python(data, self_instance=self)
pydantic_core._pydantic_core.ValidationError: 16 validation errors for Dataset
accessLevel
  Field required [type=missing, input_value={}, input_type=dict]
    For further information visit https://errors.pydantic.dev/2.8/v/missing
landingPage
  Field required [type=missing, input_value={}, input_type=dict]
    For further information visit https://errors.pydantic.dev/2.8/v/missing
bureauCode
  Field required [type=missing, input_value={}, input_type=dict]
    For further information visit https://errors.pydantic.dev/2.8/v/missing
issued
  Field required [type=missing, input_value={}, input_type=dict]
    For further information visit https://errors.pydantic.dev/2.8/v/missing
@type
  Field required [type=missing, input_value={}, input_type=dict]
    For further information visit https://errors.pydantic.dev/2.8/v/missing
modified
  Field required [type=missing, input_value={}, input_type=dict]
    For further information visit https://errors.pydantic.dev/2.8/v/missing
released
  Field required [type=missing, input_value={}, input_type=dict]
    For further information visit https://errors.pydantic.dev/2.8/v/missing
keyword
  Field required [type=missing, input_value={}, input_type=dict]
    For further information visit https://errors.pydantic.dev/2.8/v/missing
contactPoint
  Field required [type=missing, input_value={}, input_type=dict]
    For further information visit https://errors.pydantic.dev/2.8/v/missing
publisher
  Field required [type=missing, input_value={}, input_type=dict]
    For further information visit https://errors.pydantic.dev/2.8/v/missing
identifier
  Field required [type=missing, input_value={}, input_type=dict]
    For further information visit https://errors.pydantic.dev/2.8/v/missing
description
  Field required [type=missing, input_value={}, input_type=dict]
    For further information visit https://errors.pydantic.dev/2.8/v/missing
title
  Field required [type=missing, input_value={}, input_type=dict]
    For further information visit https://errors.pydantic.dev/2.8/v/missing
programCode
  Field required [type=missing, input_value={}, input_type=dict]
    For further information visit https://errors.pydantic.dev/2.8/v/missing
distribution
  Field required [type=missing, input_value={}, input_type=dict]
    For further information visit https://errors.pydantic.dev/2.8/v/missing
theme
  Field required [type=missing, input_value={}, input_type=dict]
    For further information visit https://errors.pydantic.dev/2.8/v/missing
2024-08-23 12:40:38 - ERROR - Validation error for dataset: Unknown title
Traceback (most recent call last):
  File "C:\Users\edmun\Projects\Repositories\healthpartners-interview\src\healthpartners_interview\download.py", line 31, in fetch_datasets
    dataset = Dataset(**current_item)
              ^^^^^^^^^^^^^^^^^^^^^^^
  File "C:\Users\edmun\Projects\Repositories\healthpartners-interview\.venv\Lib\site-packages\pydantic\main.py", line 193, in __init__
    self.__pydantic_validator__.validate_python(data, self_instance=self)
pydantic_core._pydantic_core.ValidationError: 16 validation errors for Dataset
accessLevel
  Field required [type=missing, input_value={}, input_type=dict]
    For further information visit https://errors.pydantic.dev/2.8/v/missing
landingPage
  Field required [type=missing, input_value={}, input_type=dict]
    For further information visit https://errors.pydantic.dev/2.8/v/missing
bureauCode
  Field required [type=missing, input_value={}, input_type=dict]
    For further information visit https://errors.pydantic.dev/2.8/v/missing
issued
  Field required [type=missing, input_value={}, input_type=dict]
    For further information visit https://errors.pydantic.dev/2.8/v/missing
@type
  Field required [type=missing, input_value={}, input_type=dict]
    For further information visit https://errors.pydantic.dev/2.8/v/missing
modified
  Field required [type=missing, input_value={}, input_type=dict]
    For further information visit https://errors.pydantic.dev/2.8/v/missing
released
  Field required [type=missing, input_value={}, input_type=dict]
    For further information visit https://errors.pydantic.dev/2.8/v/missing
keyword
  Field required [type=missing, input_value={}, input_type=dict]
    For further information visit https://errors.pydantic.dev/2.8/v/missing
contactPoint
  Field required [type=missing, input_value={}, input_type=dict]
    For further information visit https://errors.pydantic.dev/2.8/v/missing
publisher
  Field required [type=missing, input_value={}, input_type=dict]
    For further information visit https://errors.pydantic.dev/2.8/v/missing
identifier
  Field required [type=missing, input_value={}, input_type=dict]
    For further information visit https://errors.pydantic.dev/2.8/v/missing
description
  Field required [type=missing, input_value={}, input_type=dict]
    For further information visit https://errors.pydantic.dev/2.8/v/missing
title
  Field required [type=missing, input_value={}, input_type=dict]
    For further information visit https://errors.pydantic.dev/2.8/v/missing
programCode
  Field required [type=missing, input_value={}, input_type=dict]
    For further information visit https://errors.pydantic.dev/2.8/v/missing
distribution
  Field required [type=missing, input_value={}, input_type=dict]
    For further information visit https://errors.pydantic.dev/2.8/v/missing
theme
  Field required [type=missing, input_value={}, input_type=dict]
    For further information visit https://errors.pydantic.dev/2.8/v/missing
2024-08-23 12:40:38 - ERROR - Validation error for dataset: Unknown title
Traceback (most recent call last):
  File "C:\Users\edmun\Projects\Repositories\healthpartners-interview\src\healthpartners_interview\download.py", line 31, in fetch_datasets
    dataset = Dataset(**current_item)
              ^^^^^^^^^^^^^^^^^^^^^^^
  File "C:\Users\edmun\Projects\Repositories\healthpartners-interview\.venv\Lib\site-packages\pydantic\main.py", line 193, in __init__
    self.__pydantic_validator__.validate_python(data, self_instance=self)
pydantic_core._pydantic_core.ValidationError: 16 validation errors for Dataset
accessLevel
  Field required [type=missing, input_value={'item': 'programCode'}, input_type=dict]
    For further information visit https://errors.pydantic.dev/2.8/v/missing
landingPage
  Field required [type=missing, input_value={'item': 'programCode'}, input_type=dict]
    For further information visit https://errors.pydantic.dev/2.8/v/missing
bureauCode
  Field required [type=missing, input_value={'item': 'programCode'}, input_type=dict]
    For further information visit https://errors.pydantic.dev/2.8/v/missing
issued
  Field required [type=missing, input_value={'item': 'programCode'}, input_type=dict]
    For further information visit https://errors.pydantic.dev/2.8/v/missing
@type
  Field required [type=missing, input_value={'item': 'programCode'}, input_type=dict]
    For further information visit https://errors.pydantic.dev/2.8/v/missing
modified
  Field required [type=missing, input_value={'item': 'programCode'}, input_type=dict]
    For further information visit https://errors.pydantic.dev/2.8/v/missing
released
  Field required [type=missing, input_value={'item': 'programCode'}, input_type=dict]
    For further information visit https://errors.pydantic.dev/2.8/v/missing
keyword
  Field required [type=missing, input_value={'item': 'programCode'}, input_type=dict]
    For further information visit https://errors.pydantic.dev/2.8/v/missing
contactPoint
  Field required [type=missing, input_value={'item': 'programCode'}, input_type=dict]
    For further information visit https://errors.pydantic.dev/2.8/v/missing
publisher
  Field required [type=missing, input_value={'item': 'programCode'}, input_type=dict]
    For further information visit https://errors.pydantic.dev/2.8/v/missing
identifier
  Field required [type=missing, input_value={'item': 'programCode'}, input_type=dict]
    For further information visit https://errors.pydantic.dev/2.8/v/missing
description
  Field required [type=missing, input_value={'item': 'programCode'}, input_type=dict]
    For further information visit https://errors.pydantic.dev/2.8/v/missing
title
  Field required [type=missing, input_value={'item': 'programCode'}, input_type=dict]
    For further information visit https://errors.pydantic.dev/2.8/v/missing
programCode
  Field required [type=missing, input_value={'item': 'programCode'}, input_type=dict]
    For further information visit https://errors.pydantic.dev/2.8/v/missing
distribution
  Field required [type=missing, input_value={'item': 'programCode'}, input_type=dict]
    For further information visit https://errors.pydantic.dev/2.8/v/missing
theme
  Field required [type=missing, input_value={'item': 'programCode'}, input_type=dict]
    For further information visit https://errors.pydantic.dev/2.8/v/missing
2024-08-23 12:40:38 - ERROR - Validation error for dataset: Unknown title
Traceback (most recent call last):
  File "C:\Users\edmun\Projects\Repositories\healthpartners-interview\src\healthpartners_interview\download.py", line 31, in fetch_datasets
    dataset = Dataset(**current_item)
              ^^^^^^^^^^^^^^^^^^^^^^^
  File "C:\Users\edmun\Projects\Repositories\healthpartners-interview\.venv\Lib\site-packages\pydantic\main.py", line 193, in __init__
    self.__pydantic_validator__.validate_python(data, self_instance=self)
pydantic_core._pydantic_core.ValidationError: 16 validation errors for Dataset
accessLevel
  Field required [type=missing, input_value={}, input_type=dict]
    For further information visit https://errors.pydantic.dev/2.8/v/missing
landingPage
  Field required [type=missing, input_value={}, input_type=dict]
    For further information visit https://errors.pydantic.dev/2.8/v/missing
bureauCode
  Field required [type=missing, input_value={}, input_type=dict]
    For further information visit https://errors.pydantic.dev/2.8/v/missing
issued
  Field required [type=missing, input_value={}, input_type=dict]
    For further information visit https://errors.pydantic.dev/2.8/v/missing
@type
  Field required [type=missing, input_value={}, input_type=dict]
    For further information visit https://errors.pydantic.dev/2.8/v/missing
modified
  Field required [type=missing, input_value={}, input_type=dict]
    For further information visit https://errors.pydantic.dev/2.8/v/missing
released
  Field required [type=missing, input_value={}, input_type=dict]
    For further information visit https://errors.pydantic.dev/2.8/v/missing
keyword
  Field required [type=missing, input_value={}, input_type=dict]
    For further information visit https://errors.pydantic.dev/2.8/v/missing
contactPoint
  Field required [type=missing, input_value={}, input_type=dict]
    For further information visit https://errors.pydantic.dev/2.8/v/missing
publisher
  Field required [type=missing, input_value={}, input_type=dict]
    For further information visit https://errors.pydantic.dev/2.8/v/missing
identifier
  Field required [type=missing, input_value={}, input_type=dict]
    For further information visit https://errors.pydantic.dev/2.8/v/missing
description
  Field required [type=missing, input_value={}, input_type=dict]
    For further information visit https://errors.pydantic.dev/2.8/v/missing
title
  Field required [type=missing, input_value={}, input_type=dict]
    For further information visit https://errors.pydantic.dev/2.8/v/missing
programCode
  Field required [type=missing, input_value={}, input_type=dict]
    For further information visit https://errors.pydantic.dev/2.8/v/missing
distribution
  Field required [type=missing, input_value={}, input_type=dict]
    For further information visit https://errors.pydantic.dev/2.8/v/missing
theme
  Field required [type=missing, input_value={}, input_type=dict]
    For further information visit https://errors.pydantic.dev/2.8/v/missing
2024-08-23 12:40:38 - ERROR - Validation error for dataset: Unknown title
Traceback (most recent call last):
  File "C:\Users\edmun\Projects\Repositories\healthpartners-interview\src\healthpartners_interview\download.py", line 31, in fetch_datasets
    dataset = Dataset(**current_item)
              ^^^^^^^^^^^^^^^^^^^^^^^
  File "C:\Users\edmun\Projects\Repositories\healthpartners-interview\.venv\Lib\site-packages\pydantic\main.py", line 193, in __init__
    self.__pydantic_validator__.validate_python(data, self_instance=self)
pydantic_core._pydantic_core.ValidationError: 16 validation errors for Dataset
accessLevel
  Field required [type=missing, input_value={}, input_type=dict]
    For further information visit https://errors.pydantic.dev/2.8/v/missing
landingPage
  Field required [type=missing, input_value={}, input_type=dict]
    For further information visit https://errors.pydantic.dev/2.8/v/missing
bureauCode
  Field required [type=missing, input_value={}, input_type=dict]
    For further information visit https://errors.pydantic.dev/2.8/v/missing
issued
  Field required [type=missing, input_value={}, input_type=dict]
    For further information visit https://errors.pydantic.dev/2.8/v/missing
@type
  Field required [type=missing, input_value={}, input_type=dict]
    For further information visit https://errors.pydantic.dev/2.8/v/missing
modified
  Field required [type=missing, input_value={}, input_type=dict]
    For further information visit https://errors.pydantic.dev/2.8/v/missing
released
  Field required [type=missing, input_value={}, input_type=dict]
    For further information visit https://errors.pydantic.dev/2.8/v/missing
keyword
  Field required [type=missing, input_value={}, input_type=dict]
    For further information visit https://errors.pydantic.dev/2.8/v/missing
contactPoint
  Field required [type=missing, input_value={}, input_type=dict]
    For further information visit https://errors.pydantic.dev/2.8/v/missing
publisher
  Field required [type=missing, input_value={}, input_type=dict]
    For further information visit https://errors.pydantic.dev/2.8/v/missing
identifier
  Field required [type=missing, input_value={}, input_type=dict]
    For further information visit https://errors.pydantic.dev/2.8/v/missing
description
  Field required [type=missing, input_value={}, input_type=dict]
    For further information visit https://errors.pydantic.dev/2.8/v/missing
title
  Field required [type=missing, input_value={}, input_type=dict]
    For further information visit https://errors.pydantic.dev/2.8/v/missing
programCode
  Field required [type=missing, input_value={}, input_type=dict]
    For further information visit https://errors.pydantic.dev/2.8/v/missing
distribution
  Field required [type=missing, input_value={}, input_type=dict]
    For further information visit https://errors.pydantic.dev/2.8/v/missing
theme
  Field required [type=missing, input_value={}, input_type=dict]
    For further information visit https://errors.pydantic.dev/2.8/v/missing
2024-08-23 12:40:38 - ERROR - Validation error for dataset: Unknown title
Traceback (most recent call last):
  File "C:\Users\edmun\Projects\Repositories\healthpartners-interview\src\healthpartners_interview\download.py", line 31, in fetch_datasets
    dataset = Dataset(**current_item)
              ^^^^^^^^^^^^^^^^^^^^^^^
  File "C:\Users\edmun\Projects\Repositories\healthpartners-interview\.venv\Lib\site-packages\pydantic\main.py", line 193, in __init__
    self.__pydantic_validator__.validate_python(data, self_instance=self)
pydantic_core._pydantic_core.ValidationError: 16 validation errors for Dataset
accessLevel
  Field required [type=missing, input_value={}, input_type=dict]
    For further information visit https://errors.pydantic.dev/2.8/v/missing
landingPage
  Field required [type=missing, input_value={}, input_type=dict]
    For further information visit https://errors.pydantic.dev/2.8/v/missing
bureauCode
  Field required [type=missing, input_value={}, input_type=dict]
    For further information visit https://errors.pydantic.dev/2.8/v/missing
issued
  Field required [type=missing, input_value={}, input_type=dict]
    For further information visit https://errors.pydantic.dev/2.8/v/missing
@type
  Field required [type=missing, input_value={}, input_type=dict]
    For further information visit https://errors.pydantic.dev/2.8/v/missing
modified
  Field required [type=missing, input_value={}, input_type=dict]
    For further information visit https://errors.pydantic.dev/2.8/v/missing
released
  Field required [type=missing, input_value={}, input_type=dict]
    For further information visit https://errors.pydantic.dev/2.8/v/missing
keyword
  Field required [type=missing, input_value={}, input_type=dict]
    For further information visit https://errors.pydantic.dev/2.8/v/missing
contactPoint
  Field required [type=missing, input_value={}, input_type=dict]
    For further information visit https://errors.pydantic.dev/2.8/v/missing
publisher
  Field required [type=missing, input_value={}, input_type=dict]
    For further information visit https://errors.pydantic.dev/2.8/v/missing
identifier
  Field required [type=missing, input_value={}, input_type=dict]
    For further information visit https://errors.pydantic.dev/2.8/v/missing
description
  Field required [type=missing, input_value={}, input_type=dict]
    For further information visit https://errors.pydantic.dev/2.8/v/missing
title
  Field required [type=missing, input_value={}, input_type=dict]
    For further information visit https://errors.pydantic.dev/2.8/v/missing
programCode
  Field required [type=missing, input_value={}, input_type=dict]
    For further information visit https://errors.pydantic.dev/2.8/v/missing
distribution
  Field required [type=missing, input_value={}, input_type=dict]
    For further information visit https://errors.pydantic.dev/2.8/v/missing
theme
  Field required [type=missing, input_value={}, input_type=dict]
    For further information visit https://errors.pydantic.dev/2.8/v/missing
2024-08-23 12:40:38 - ERROR - Validation error for dataset: Unknown title
Traceback (most recent call last):
  File "C:\Users\edmun\Projects\Repositories\healthpartners-interview\src\healthpartners_interview\download.py", line 31, in fetch_datasets
    dataset = Dataset(**current_item)
              ^^^^^^^^^^^^^^^^^^^^^^^
  File "C:\Users\edmun\Projects\Repositories\healthpartners-interview\.venv\Lib\site-packages\pydantic\main.py", line 193, in __init__
    self.__pydantic_validator__.validate_python(data, self_instance=self)
pydantic_core._pydantic_core.ValidationError: 16 validation errors for Dataset
accessLevel
  Field required [type=missing, input_value={'item': 'programCode'}, input_type=dict]
    For further information visit https://errors.pydantic.dev/2.8/v/missing
landingPage
  Field required [type=missing, input_value={'item': 'programCode'}, input_type=dict]
    For further information visit https://errors.pydantic.dev/2.8/v/missing
bureauCode
  Field required [type=missing, input_value={'item': 'programCode'}, input_type=dict]
    For further information visit https://errors.pydantic.dev/2.8/v/missing
issued
  Field required [type=missing, input_value={'item': 'programCode'}, input_type=dict]
    For further information visit https://errors.pydantic.dev/2.8/v/missing
@type
  Field required [type=missing, input_value={'item': 'programCode'}, input_type=dict]
    For further information visit https://errors.pydantic.dev/2.8/v/missing
modified
  Field required [type=missing, input_value={'item': 'programCode'}, input_type=dict]
    For further information visit https://errors.pydantic.dev/2.8/v/missing
released
  Field required [type=missing, input_value={'item': 'programCode'}, input_type=dict]
    For further information visit https://errors.pydantic.dev/2.8/v/missing
keyword
  Field required [type=missing, input_value={'item': 'programCode'}, input_type=dict]
    For further information visit https://errors.pydantic.dev/2.8/v/missing
contactPoint
  Field required [type=missing, input_value={'item': 'programCode'}, input_type=dict]
    For further information visit https://errors.pydantic.dev/2.8/v/missing
publisher
  Field required [type=missing, input_value={'item': 'programCode'}, input_type=dict]
    For further information visit https://errors.pydantic.dev/2.8/v/missing
identifier
  Field required [type=missing, input_value={'item': 'programCode'}, input_type=dict]
    For further information visit https://errors.pydantic.dev/2.8/v/missing
description
  Field required [type=missing, input_value={'item': 'programCode'}, input_type=dict]
    For further information visit https://errors.pydantic.dev/2.8/v/missing
title
  Field required [type=missing, input_value={'item': 'programCode'}, input_type=dict]
    For further information visit https://errors.pydantic.dev/2.8/v/missing
programCode
  Field required [type=missing, input_value={'item': 'programCode'}, input_type=dict]
    For further information visit https://errors.pydantic.dev/2.8/v/missing
distribution
  Field required [type=missing, input_value={'item': 'programCode'}, input_type=dict]
    For further information visit https://errors.pydantic.dev/2.8/v/missing
theme
  Field required [type=missing, input_value={'item': 'programCode'}, input_type=dict]
    For further information visit https://errors.pydantic.dev/2.8/v/missing
2024-08-23 12:40:38 - ERROR - Validation error for dataset: Unknown title
Traceback (most recent call last):
  File "C:\Users\edmun\Projects\Repositories\healthpartners-interview\src\healthpartners_interview\download.py", line 31, in fetch_datasets
    dataset = Dataset(**current_item)
              ^^^^^^^^^^^^^^^^^^^^^^^
  File "C:\Users\edmun\Projects\Repositories\healthpartners-interview\.venv\Lib\site-packages\pydantic\main.py", line 193, in __init__
    self.__pydantic_validator__.validate_python(data, self_instance=self)
pydantic_core._pydantic_core.ValidationError: 16 validation errors for Dataset
accessLevel
  Field required [type=missing, input_value={}, input_type=dict]
    For further information visit https://errors.pydantic.dev/2.8/v/missing
landingPage
  Field required [type=missing, input_value={}, input_type=dict]
    For further information visit https://errors.pydantic.dev/2.8/v/missing
bureauCode
  Field required [type=missing, input_value={}, input_type=dict]
    For further information visit https://errors.pydantic.dev/2.8/v/missing
issued
  Field required [type=missing, input_value={}, input_type=dict]
    For further information visit https://errors.pydantic.dev/2.8/v/missing
@type
  Field required [type=missing, input_value={}, input_type=dict]
    For further information visit https://errors.pydantic.dev/2.8/v/missing
modified
  Field required [type=missing, input_value={}, input_type=dict]
    For further information visit https://errors.pydantic.dev/2.8/v/missing
released
  Field required [type=missing, input_value={}, input_type=dict]
    For further information visit https://errors.pydantic.dev/2.8/v/missing
keyword
  Field required [type=missing, input_value={}, input_type=dict]
    For further information visit https://errors.pydantic.dev/2.8/v/missing
contactPoint
  Field required [type=missing, input_value={}, input_type=dict]
    For further information visit https://errors.pydantic.dev/2.8/v/missing
publisher
  Field required [type=missing, input_value={}, input_type=dict]
    For further information visit https://errors.pydantic.dev/2.8/v/missing
identifier
  Field required [type=missing, input_value={}, input_type=dict]
    For further information visit https://errors.pydantic.dev/2.8/v/missing
description
  Field required [type=missing, input_value={}, input_type=dict]
    For further information visit https://errors.pydantic.dev/2.8/v/missing
title
  Field required [type=missing, input_value={}, input_type=dict]
    For further information visit https://errors.pydantic.dev/2.8/v/missing
programCode
  Field required [type=missing, input_value={}, input_type=dict]
    For further information visit https://errors.pydantic.dev/2.8/v/missing
distribution
  Field required [type=missing, input_value={}, input_type=dict]
    For further information visit https://errors.pydantic.dev/2.8/v/missing
theme
  Field required [type=missing, input_value={}, input_type=dict]
    For further information visit https://errors.pydantic.dev/2.8/v/missing
2024-08-23 12:40:38 - ERROR - Validation error for dataset: Unknown title
Traceback (most recent call last):
  File "C:\Users\edmun\Projects\Repositories\healthpartners-interview\src\healthpartners_interview\download.py", line 31, in fetch_datasets
    dataset = Dataset(**current_item)
              ^^^^^^^^^^^^^^^^^^^^^^^
  File "C:\Users\edmun\Projects\Repositories\healthpartners-interview\.venv\Lib\site-packages\pydantic\main.py", line 193, in __init__
    self.__pydantic_validator__.validate_python(data, self_instance=self)
pydantic_core._pydantic_core.ValidationError: 16 validation errors for Dataset
accessLevel
  Field required [type=missing, input_value={}, input_type=dict]
    For further information visit https://errors.pydantic.dev/2.8/v/missing
landingPage
  Field required [type=missing, input_value={}, input_type=dict]
    For further information visit https://errors.pydantic.dev/2.8/v/missing
bureauCode
  Field required [type=missing, input_value={}, input_type=dict]
    For further information visit https://errors.pydantic.dev/2.8/v/missing
issued
  Field required [type=missing, input_value={}, input_type=dict]
    For further information visit https://errors.pydantic.dev/2.8/v/missing
@type
  Field required [type=missing, input_value={}, input_type=dict]
    For further information visit https://errors.pydantic.dev/2.8/v/missing
modified
  Field required [type=missing, input_value={}, input_type=dict]
    For further information visit https://errors.pydantic.dev/2.8/v/missing
released
  Field required [type=missing, input_value={}, input_type=dict]
    For further information visit https://errors.pydantic.dev/2.8/v/missing
keyword
  Field required [type=missing, input_value={}, input_type=dict]
    For further information visit https://errors.pydantic.dev/2.8/v/missing
contactPoint
  Field required [type=missing, input_value={}, input_type=dict]
    For further information visit https://errors.pydantic.dev/2.8/v/missing
publisher
  Field required [type=missing, input_value={}, input_type=dict]
    For further information visit https://errors.pydantic.dev/2.8/v/missing
identifier
  Field required [type=missing, input_value={}, input_type=dict]
    For further information visit https://errors.pydantic.dev/2.8/v/missing
description
  Field required [type=missing, input_value={}, input_type=dict]
    For further information visit https://errors.pydantic.dev/2.8/v/missing
title
  Field required [type=missing, input_value={}, input_type=dict]
    For further information visit https://errors.pydantic.dev/2.8/v/missing
programCode
  Field required [type=missing, input_value={}, input_type=dict]
    For further information visit https://errors.pydantic.dev/2.8/v/missing
distribution
  Field required [type=missing, input_value={}, input_type=dict]
    For further information visit https://errors.pydantic.dev/2.8/v/missing
theme
  Field required [type=missing, input_value={}, input_type=dict]
    For further information visit https://errors.pydantic.dev/2.8/v/missing
2024-08-23 12:40:38 - ERROR - Validation error for dataset: Unknown title
Traceback (most recent call last):
  File "C:\Users\edmun\Projects\Repositories\healthpartners-interview\src\healthpartners_interview\download.py", line 31, in fetch_datasets
    dataset = Dataset(**current_item)
              ^^^^^^^^^^^^^^^^^^^^^^^
  File "C:\Users\edmun\Projects\Repositories\healthpartners-interview\.venv\Lib\site-packages\pydantic\main.py", line 193, in __init__
    self.__pydantic_validator__.validate_python(data, self_instance=self)
pydantic_core._pydantic_core.ValidationError: 16 validation errors for Dataset
accessLevel
  Field required [type=missing, input_value={}, input_type=dict]
    For further information visit https://errors.pydantic.dev/2.8/v/missing
landingPage
  Field required [type=missing, input_value={}, input_type=dict]
    For further information visit https://errors.pydantic.dev/2.8/v/missing
bureauCode
  Field required [type=missing, input_value={}, input_type=dict]
    For further information visit https://errors.pydantic.dev/2.8/v/missing
issued
  Field required [type=missing, input_value={}, input_type=dict]
    For further information visit https://errors.pydantic.dev/2.8/v/missing
@type
  Field required [type=missing, input_value={}, input_type=dict]
    For further information visit https://errors.pydantic.dev/2.8/v/missing
modified
  Field required [type=missing, input_value={}, input_type=dict]
    For further information visit https://errors.pydantic.dev/2.8/v/missing
released
  Field required [type=missing, input_value={}, input_type=dict]
    For further information visit https://errors.pydantic.dev/2.8/v/missing
keyword
  Field required [type=missing, input_value={}, input_type=dict]
    For further information visit https://errors.pydantic.dev/2.8/v/missing
contactPoint
  Field required [type=missing, input_value={}, input_type=dict]
    For further information visit https://errors.pydantic.dev/2.8/v/missing
publisher
  Field required [type=missing, input_value={}, input_type=dict]
    For further information visit https://errors.pydantic.dev/2.8/v/missing
identifier
  Field required [type=missing, input_value={}, input_type=dict]
    For further information visit https://errors.pydantic.dev/2.8/v/missing
description
  Field required [type=missing, input_value={}, input_type=dict]
    For further information visit https://errors.pydantic.dev/2.8/v/missing
title
  Field required [type=missing, input_value={}, input_type=dict]
    For further information visit https://errors.pydantic.dev/2.8/v/missing
programCode
  Field required [type=missing, input_value={}, input_type=dict]
    For further information visit https://errors.pydantic.dev/2.8/v/missing
distribution
  Field required [type=missing, input_value={}, input_type=dict]
    For further information visit https://errors.pydantic.dev/2.8/v/missing
theme
  Field required [type=missing, input_value={}, input_type=dict]
    For further information visit https://errors.pydantic.dev/2.8/v/missing
2024-08-23 12:40:38 - ERROR - Validation error for dataset: Unknown title
Traceback (most recent call last):
  File "C:\Users\edmun\Projects\Repositories\healthpartners-interview\src\healthpartners_interview\download.py", line 31, in fetch_datasets
    dataset = Dataset(**current_item)
              ^^^^^^^^^^^^^^^^^^^^^^^
  File "C:\Users\edmun\Projects\Repositories\healthpartners-interview\.venv\Lib\site-packages\pydantic\main.py", line 193, in __init__
    self.__pydantic_validator__.validate_python(data, self_instance=self)
pydantic_core._pydantic_core.ValidationError: 16 validation errors for Dataset
accessLevel
  Field required [type=missing, input_value={'item': 'programCode'}, input_type=dict]
    For further information visit https://errors.pydantic.dev/2.8/v/missing
landingPage
  Field required [type=missing, input_value={'item': 'programCode'}, input_type=dict]
    For further information visit https://errors.pydantic.dev/2.8/v/missing
bureauCode
  Field required [type=missing, input_value={'item': 'programCode'}, input_type=dict]
    For further information visit https://errors.pydantic.dev/2.8/v/missing
issued
  Field required [type=missing, input_value={'item': 'programCode'}, input_type=dict]
    For further information visit https://errors.pydantic.dev/2.8/v/missing
@type
  Field required [type=missing, input_value={'item': 'programCode'}, input_type=dict]
    For further information visit https://errors.pydantic.dev/2.8/v/missing
modified
  Field required [type=missing, input_value={'item': 'programCode'}, input_type=dict]
    For further information visit https://errors.pydantic.dev/2.8/v/missing
released
  Field required [type=missing, input_value={'item': 'programCode'}, input_type=dict]
    For further information visit https://errors.pydantic.dev/2.8/v/missing
keyword
  Field required [type=missing, input_value={'item': 'programCode'}, input_type=dict]
    For further information visit https://errors.pydantic.dev/2.8/v/missing
contactPoint
  Field required [type=missing, input_value={'item': 'programCode'}, input_type=dict]
    For further information visit https://errors.pydantic.dev/2.8/v/missing
publisher
  Field required [type=missing, input_value={'item': 'programCode'}, input_type=dict]
    For further information visit https://errors.pydantic.dev/2.8/v/missing
identifier
  Field required [type=missing, input_value={'item': 'programCode'}, input_type=dict]
    For further information visit https://errors.pydantic.dev/2.8/v/missing
description
  Field required [type=missing, input_value={'item': 'programCode'}, input_type=dict]
    For further information visit https://errors.pydantic.dev/2.8/v/missing
title
  Field required [type=missing, input_value={'item': 'programCode'}, input_type=dict]
    For further information visit https://errors.pydantic.dev/2.8/v/missing
programCode
  Field required [type=missing, input_value={'item': 'programCode'}, input_type=dict]
    For further information visit https://errors.pydantic.dev/2.8/v/missing
distribution
  Field required [type=missing, input_value={'item': 'programCode'}, input_type=dict]
    For further information visit https://errors.pydantic.dev/2.8/v/missing
theme
  Field required [type=missing, input_value={'item': 'programCode'}, input_type=dict]
    For further information visit https://errors.pydantic.dev/2.8/v/missing
2024-08-23 12:40:38 - ERROR - Validation error for dataset: Unknown title
Traceback (most recent call last):
  File "C:\Users\edmun\Projects\Repositories\healthpartners-interview\src\healthpartners_interview\download.py", line 31, in fetch_datasets
    dataset = Dataset(**current_item)
              ^^^^^^^^^^^^^^^^^^^^^^^
  File "C:\Users\edmun\Projects\Repositories\healthpartners-interview\.venv\Lib\site-packages\pydantic\main.py", line 193, in __init__
    self.__pydantic_validator__.validate_python(data, self_instance=self)
pydantic_core._pydantic_core.ValidationError: 16 validation errors for Dataset
accessLevel
  Field required [type=missing, input_value={}, input_type=dict]
    For further information visit https://errors.pydantic.dev/2.8/v/missing
landingPage
  Field required [type=missing, input_value={}, input_type=dict]
    For further information visit https://errors.pydantic.dev/2.8/v/missing
bureauCode
  Field required [type=missing, input_value={}, input_type=dict]
    For further information visit https://errors.pydantic.dev/2.8/v/missing
issued
  Field required [type=missing, input_value={}, input_type=dict]
    For further information visit https://errors.pydantic.dev/2.8/v/missing
@type
  Field required [type=missing, input_value={}, input_type=dict]
    For further information visit https://errors.pydantic.dev/2.8/v/missing
modified
  Field required [type=missing, input_value={}, input_type=dict]
    For further information visit https://errors.pydantic.dev/2.8/v/missing
released
  Field required [type=missing, input_value={}, input_type=dict]
    For further information visit https://errors.pydantic.dev/2.8/v/missing
keyword
  Field required [type=missing, input_value={}, input_type=dict]
    For further information visit https://errors.pydantic.dev/2.8/v/missing
contactPoint
  Field required [type=missing, input_value={}, input_type=dict]
    For further information visit https://errors.pydantic.dev/2.8/v/missing
publisher
  Field required [type=missing, input_value={}, input_type=dict]
    For further information visit https://errors.pydantic.dev/2.8/v/missing
identifier
  Field required [type=missing, input_value={}, input_type=dict]
    For further information visit https://errors.pydantic.dev/2.8/v/missing
description
  Field required [type=missing, input_value={}, input_type=dict]
    For further information visit https://errors.pydantic.dev/2.8/v/missing
title
  Field required [type=missing, input_value={}, input_type=dict]
    For further information visit https://errors.pydantic.dev/2.8/v/missing
programCode
  Field required [type=missing, input_value={}, input_type=dict]
    For further information visit https://errors.pydantic.dev/2.8/v/missing
distribution
  Field required [type=missing, input_value={}, input_type=dict]
    For further information visit https://errors.pydantic.dev/2.8/v/missing
theme
  Field required [type=missing, input_value={}, input_type=dict]
    For further information visit https://errors.pydantic.dev/2.8/v/missing
2024-08-23 12:40:38 - ERROR - Validation error for dataset: Unknown title
Traceback (most recent call last):
  File "C:\Users\edmun\Projects\Repositories\healthpartners-interview\src\healthpartners_interview\download.py", line 31, in fetch_datasets
    dataset = Dataset(**current_item)
              ^^^^^^^^^^^^^^^^^^^^^^^
  File "C:\Users\edmun\Projects\Repositories\healthpartners-interview\.venv\Lib\site-packages\pydantic\main.py", line 193, in __init__
    self.__pydantic_validator__.validate_python(data, self_instance=self)
pydantic_core._pydantic_core.ValidationError: 16 validation errors for Dataset
accessLevel
  Field required [type=missing, input_value={}, input_type=dict]
    For further information visit https://errors.pydantic.dev/2.8/v/missing
landingPage
  Field required [type=missing, input_value={}, input_type=dict]
    For further information visit https://errors.pydantic.dev/2.8/v/missing
bureauCode
  Field required [type=missing, input_value={}, input_type=dict]
    For further information visit https://errors.pydantic.dev/2.8/v/missing
issued
  Field required [type=missing, input_value={}, input_type=dict]
    For further information visit https://errors.pydantic.dev/2.8/v/missing
@type
  Field required [type=missing, input_value={}, input_type=dict]
    For further information visit https://errors.pydantic.dev/2.8/v/missing
modified
  Field required [type=missing, input_value={}, input_type=dict]
    For further information visit https://errors.pydantic.dev/2.8/v/missing
released
  Field required [type=missing, input_value={}, input_type=dict]
    For further information visit https://errors.pydantic.dev/2.8/v/missing
keyword
  Field required [type=missing, input_value={}, input_type=dict]
    For further information visit https://errors.pydantic.dev/2.8/v/missing
contactPoint
  Field required [type=missing, input_value={}, input_type=dict]
    For further information visit https://errors.pydantic.dev/2.8/v/missing
publisher
  Field required [type=missing, input_value={}, input_type=dict]
    For further information visit https://errors.pydantic.dev/2.8/v/missing
identifier
  Field required [type=missing, input_value={}, input_type=dict]
    For further information visit https://errors.pydantic.dev/2.8/v/missing
description
  Field required [type=missing, input_value={}, input_type=dict]
    For further information visit https://errors.pydantic.dev/2.8/v/missing
title
  Field required [type=missing, input_value={}, input_type=dict]
    For further information visit https://errors.pydantic.dev/2.8/v/missing
programCode
  Field required [type=missing, input_value={}, input_type=dict]
    For further information visit https://errors.pydantic.dev/2.8/v/missing
distribution
  Field required [type=missing, input_value={}, input_type=dict]
    For further information visit https://errors.pydantic.dev/2.8/v/missing
theme
  Field required [type=missing, input_value={}, input_type=dict]
    For further information visit https://errors.pydantic.dev/2.8/v/missing
2024-08-23 12:40:38 - ERROR - Validation error for dataset: Unknown title
Traceback (most recent call last):
  File "C:\Users\edmun\Projects\Repositories\healthpartners-interview\src\healthpartners_interview\download.py", line 31, in fetch_datasets
    dataset = Dataset(**current_item)
              ^^^^^^^^^^^^^^^^^^^^^^^
  File "C:\Users\edmun\Projects\Repositories\healthpartners-interview\.venv\Lib\site-packages\pydantic\main.py", line 193, in __init__
    self.__pydantic_validator__.validate_python(data, self_instance=self)
pydantic_core._pydantic_core.ValidationError: 16 validation errors for Dataset
accessLevel
  Field required [type=missing, input_value={}, input_type=dict]
    For further information visit https://errors.pydantic.dev/2.8/v/missing
landingPage
  Field required [type=missing, input_value={}, input_type=dict]
    For further information visit https://errors.pydantic.dev/2.8/v/missing
bureauCode
  Field required [type=missing, input_value={}, input_type=dict]
    For further information visit https://errors.pydantic.dev/2.8/v/missing
issued
  Field required [type=missing, input_value={}, input_type=dict]
    For further information visit https://errors.pydantic.dev/2.8/v/missing
@type
  Field required [type=missing, input_value={}, input_type=dict]
    For further information visit https://errors.pydantic.dev/2.8/v/missing
modified
  Field required [type=missing, input_value={}, input_type=dict]
    For further information visit https://errors.pydantic.dev/2.8/v/missing
released
  Field required [type=missing, input_value={}, input_type=dict]
    For further information visit https://errors.pydantic.dev/2.8/v/missing
keyword
  Field required [type=missing, input_value={}, input_type=dict]
    For further information visit https://errors.pydantic.dev/2.8/v/missing
contactPoint
  Field required [type=missing, input_value={}, input_type=dict]
    For further information visit https://errors.pydantic.dev/2.8/v/missing
publisher
  Field required [type=missing, input_value={}, input_type=dict]
    For further information visit https://errors.pydantic.dev/2.8/v/missing
identifier
  Field required [type=missing, input_value={}, input_type=dict]
    For further information visit https://errors.pydantic.dev/2.8/v/missing
description
  Field required [type=missing, input_value={}, input_type=dict]
    For further information visit https://errors.pydantic.dev/2.8/v/missing
title
  Field required [type=missing, input_value={}, input_type=dict]
    For further information visit https://errors.pydantic.dev/2.8/v/missing
programCode
  Field required [type=missing, input_value={}, input_type=dict]
    For further information visit https://errors.pydantic.dev/2.8/v/missing
distribution
  Field required [type=missing, input_value={}, input_type=dict]
    For further information visit https://errors.pydantic.dev/2.8/v/missing
theme
  Field required [type=missing, input_value={}, input_type=dict]
    For further information visit https://errors.pydantic.dev/2.8/v/missing
2024-08-23 12:40:38 - ERROR - Validation error for dataset: Unknown title
Traceback (most recent call last):
  File "C:\Users\edmun\Projects\Repositories\healthpartners-interview\src\healthpartners_interview\download.py", line 31, in fetch_datasets
    dataset = Dataset(**current_item)
              ^^^^^^^^^^^^^^^^^^^^^^^
  File "C:\Users\edmun\Projects\Repositories\healthpartners-interview\.venv\Lib\site-packages\pydantic\main.py", line 193, in __init__
    self.__pydantic_validator__.validate_python(data, self_instance=self)
pydantic_core._pydantic_core.ValidationError: 16 validation errors for Dataset
accessLevel
  Field required [type=missing, input_value={'item': 'programCode'}, input_type=dict]
    For further information visit https://errors.pydantic.dev/2.8/v/missing
landingPage
  Field required [type=missing, input_value={'item': 'programCode'}, input_type=dict]
    For further information visit https://errors.pydantic.dev/2.8/v/missing
bureauCode
  Field required [type=missing, input_value={'item': 'programCode'}, input_type=dict]
    For further information visit https://errors.pydantic.dev/2.8/v/missing
issued
  Field required [type=missing, input_value={'item': 'programCode'}, input_type=dict]
    For further information visit https://errors.pydantic.dev/2.8/v/missing
@type
  Field required [type=missing, input_value={'item': 'programCode'}, input_type=dict]
    For further information visit https://errors.pydantic.dev/2.8/v/missing
modified
  Field required [type=missing, input_value={'item': 'programCode'}, input_type=dict]
    For further information visit https://errors.pydantic.dev/2.8/v/missing
released
  Field required [type=missing, input_value={'item': 'programCode'}, input_type=dict]
    For further information visit https://errors.pydantic.dev/2.8/v/missing
keyword
  Field required [type=missing, input_value={'item': 'programCode'}, input_type=dict]
    For further information visit https://errors.pydantic.dev/2.8/v/missing
contactPoint
  Field required [type=missing, input_value={'item': 'programCode'}, input_type=dict]
    For further information visit https://errors.pydantic.dev/2.8/v/missing
publisher
  Field required [type=missing, input_value={'item': 'programCode'}, input_type=dict]
    For further information visit https://errors.pydantic.dev/2.8/v/missing
identifier
  Field required [type=missing, input_value={'item': 'programCode'}, input_type=dict]
    For further information visit https://errors.pydantic.dev/2.8/v/missing
description
  Field required [type=missing, input_value={'item': 'programCode'}, input_type=dict]
    For further information visit https://errors.pydantic.dev/2.8/v/missing
title
  Field required [type=missing, input_value={'item': 'programCode'}, input_type=dict]
    For further information visit https://errors.pydantic.dev/2.8/v/missing
programCode
  Field required [type=missing, input_value={'item': 'programCode'}, input_type=dict]
    For further information visit https://errors.pydantic.dev/2.8/v/missing
distribution
  Field required [type=missing, input_value={'item': 'programCode'}, input_type=dict]
    For further information visit https://errors.pydantic.dev/2.8/v/missing
theme
  Field required [type=missing, input_value={'item': 'programCode'}, input_type=dict]
    For further information visit https://errors.pydantic.dev/2.8/v/missing
2024-08-23 12:40:38 - ERROR - Validation error for dataset: Unknown title
Traceback (most recent call last):
  File "C:\Users\edmun\Projects\Repositories\healthpartners-interview\src\healthpartners_interview\download.py", line 31, in fetch_datasets
    dataset = Dataset(**current_item)
              ^^^^^^^^^^^^^^^^^^^^^^^
  File "C:\Users\edmun\Projects\Repositories\healthpartners-interview\.venv\Lib\site-packages\pydantic\main.py", line 193, in __init__
    self.__pydantic_validator__.validate_python(data, self_instance=self)
pydantic_core._pydantic_core.ValidationError: 16 validation errors for Dataset
accessLevel
  Field required [type=missing, input_value={}, input_type=dict]
    For further information visit https://errors.pydantic.dev/2.8/v/missing
landingPage
  Field required [type=missing, input_value={}, input_type=dict]
    For further information visit https://errors.pydantic.dev/2.8/v/missing
bureauCode
  Field required [type=missing, input_value={}, input_type=dict]
    For further information visit https://errors.pydantic.dev/2.8/v/missing
issued
  Field required [type=missing, input_value={}, input_type=dict]
    For further information visit https://errors.pydantic.dev/2.8/v/missing
@type
  Field required [type=missing, input_value={}, input_type=dict]
    For further information visit https://errors.pydantic.dev/2.8/v/missing
modified
  Field required [type=missing, input_value={}, input_type=dict]
    For further information visit https://errors.pydantic.dev/2.8/v/missing
released
  Field required [type=missing, input_value={}, input_type=dict]
    For further information visit https://errors.pydantic.dev/2.8/v/missing
keyword
  Field required [type=missing, input_value={}, input_type=dict]
    For further information visit https://errors.pydantic.dev/2.8/v/missing
contactPoint
  Field required [type=missing, input_value={}, input_type=dict]
    For further information visit https://errors.pydantic.dev/2.8/v/missing
publisher
  Field required [type=missing, input_value={}, input_type=dict]
    For further information visit https://errors.pydantic.dev/2.8/v/missing
identifier
  Field required [type=missing, input_value={}, input_type=dict]
    For further information visit https://errors.pydantic.dev/2.8/v/missing
description
  Field required [type=missing, input_value={}, input_type=dict]
    For further information visit https://errors.pydantic.dev/2.8/v/missing
title
  Field required [type=missing, input_value={}, input_type=dict]
    For further information visit https://errors.pydantic.dev/2.8/v/missing
programCode
  Field required [type=missing, input_value={}, input_type=dict]
    For further information visit https://errors.pydantic.dev/2.8/v/missing
distribution
  Field required [type=missing, input_value={}, input_type=dict]
    For further information visit https://errors.pydantic.dev/2.8/v/missing
theme
  Field required [type=missing, input_value={}, input_type=dict]
    For further information visit https://errors.pydantic.dev/2.8/v/missing
2024-08-23 12:40:38 - ERROR - Validation error for dataset: Unknown title
Traceback (most recent call last):
  File "C:\Users\edmun\Projects\Repositories\healthpartners-interview\src\healthpartners_interview\download.py", line 31, in fetch_datasets
    dataset = Dataset(**current_item)
              ^^^^^^^^^^^^^^^^^^^^^^^
  File "C:\Users\edmun\Projects\Repositories\healthpartners-interview\.venv\Lib\site-packages\pydantic\main.py", line 193, in __init__
    self.__pydantic_validator__.validate_python(data, self_instance=self)
pydantic_core._pydantic_core.ValidationError: 16 validation errors for Dataset
accessLevel
  Field required [type=missing, input_value={}, input_type=dict]
    For further information visit https://errors.pydantic.dev/2.8/v/missing
landingPage
  Field required [type=missing, input_value={}, input_type=dict]
    For further information visit https://errors.pydantic.dev/2.8/v/missing
bureauCode
  Field required [type=missing, input_value={}, input_type=dict]
    For further information visit https://errors.pydantic.dev/2.8/v/missing
issued
  Field required [type=missing, input_value={}, input_type=dict]
    For further information visit https://errors.pydantic.dev/2.8/v/missing
@type
  Field required [type=missing, input_value={}, input_type=dict]
    For further information visit https://errors.pydantic.dev/2.8/v/missing
modified
  Field required [type=missing, input_value={}, input_type=dict]
    For further information visit https://errors.pydantic.dev/2.8/v/missing
released
  Field required [type=missing, input_value={}, input_type=dict]
    For further information visit https://errors.pydantic.dev/2.8/v/missing
keyword
  Field required [type=missing, input_value={}, input_type=dict]
    For further information visit https://errors.pydantic.dev/2.8/v/missing
contactPoint
  Field required [type=missing, input_value={}, input_type=dict]
    For further information visit https://errors.pydantic.dev/2.8/v/missing
publisher
  Field required [type=missing, input_value={}, input_type=dict]
    For further information visit https://errors.pydantic.dev/2.8/v/missing
identifier
  Field required [type=missing, input_value={}, input_type=dict]
    For further information visit https://errors.pydantic.dev/2.8/v/missing
description
  Field required [type=missing, input_value={}, input_type=dict]
    For further information visit https://errors.pydantic.dev/2.8/v/missing
title
  Field required [type=missing, input_value={}, input_type=dict]
    For further information visit https://errors.pydantic.dev/2.8/v/missing
programCode
  Field required [type=missing, input_value={}, input_type=dict]
    For further information visit https://errors.pydantic.dev/2.8/v/missing
distribution
  Field required [type=missing, input_value={}, input_type=dict]
    For further information visit https://errors.pydantic.dev/2.8/v/missing
theme
  Field required [type=missing, input_value={}, input_type=dict]
    For further information visit https://errors.pydantic.dev/2.8/v/missing
2024-08-23 12:40:38 - ERROR - Validation error for dataset: Unknown title
Traceback (most recent call last):
  File "C:\Users\edmun\Projects\Repositories\healthpartners-interview\src\healthpartners_interview\download.py", line 31, in fetch_datasets
    dataset = Dataset(**current_item)
              ^^^^^^^^^^^^^^^^^^^^^^^
  File "C:\Users\edmun\Projects\Repositories\healthpartners-interview\.venv\Lib\site-packages\pydantic\main.py", line 193, in __init__
    self.__pydantic_validator__.validate_python(data, self_instance=self)
pydantic_core._pydantic_core.ValidationError: 16 validation errors for Dataset
accessLevel
  Field required [type=missing, input_value={}, input_type=dict]
    For further information visit https://errors.pydantic.dev/2.8/v/missing
landingPage
  Field required [type=missing, input_value={}, input_type=dict]
    For further information visit https://errors.pydantic.dev/2.8/v/missing
bureauCode
  Field required [type=missing, input_value={}, input_type=dict]
    For further information visit https://errors.pydantic.dev/2.8/v/missing
issued
  Field required [type=missing, input_value={}, input_type=dict]
    For further information visit https://errors.pydantic.dev/2.8/v/missing
@type
  Field required [type=missing, input_value={}, input_type=dict]
    For further information visit https://errors.pydantic.dev/2.8/v/missing
modified
  Field required [type=missing, input_value={}, input_type=dict]
    For further information visit https://errors.pydantic.dev/2.8/v/missing
released
  Field required [type=missing, input_value={}, input_type=dict]
    For further information visit https://errors.pydantic.dev/2.8/v/missing
keyword
  Field required [type=missing, input_value={}, input_type=dict]
    For further information visit https://errors.pydantic.dev/2.8/v/missing
contactPoint
  Field required [type=missing, input_value={}, input_type=dict]
    For further information visit https://errors.pydantic.dev/2.8/v/missing
publisher
  Field required [type=missing, input_value={}, input_type=dict]
    For further information visit https://errors.pydantic.dev/2.8/v/missing
identifier
  Field required [type=missing, input_value={}, input_type=dict]
    For further information visit https://errors.pydantic.dev/2.8/v/missing
description
  Field required [type=missing, input_value={}, input_type=dict]
    For further information visit https://errors.pydantic.dev/2.8/v/missing
title
  Field required [type=missing, input_value={}, input_type=dict]
    For further information visit https://errors.pydantic.dev/2.8/v/missing
programCode
  Field required [type=missing, input_value={}, input_type=dict]
    For further information visit https://errors.pydantic.dev/2.8/v/missing
distribution
  Field required [type=missing, input_value={}, input_type=dict]
    For further information visit https://errors.pydantic.dev/2.8/v/missing
theme
  Field required [type=missing, input_value={}, input_type=dict]
    For further information visit https://errors.pydantic.dev/2.8/v/missing
2024-08-23 12:40:38 - ERROR - Validation error for dataset: Unknown title
Traceback (most recent call last):
  File "C:\Users\edmun\Projects\Repositories\healthpartners-interview\src\healthpartners_interview\download.py", line 31, in fetch_datasets
    dataset = Dataset(**current_item)
              ^^^^^^^^^^^^^^^^^^^^^^^
  File "C:\Users\edmun\Projects\Repositories\healthpartners-interview\.venv\Lib\site-packages\pydantic\main.py", line 193, in __init__
    self.__pydantic_validator__.validate_python(data, self_instance=self)
pydantic_core._pydantic_core.ValidationError: 16 validation errors for Dataset
accessLevel
  Field required [type=missing, input_value={'item': 'programCode'}, input_type=dict]
    For further information visit https://errors.pydantic.dev/2.8/v/missing
landingPage
  Field required [type=missing, input_value={'item': 'programCode'}, input_type=dict]
    For further information visit https://errors.pydantic.dev/2.8/v/missing
bureauCode
  Field required [type=missing, input_value={'item': 'programCode'}, input_type=dict]
    For further information visit https://errors.pydantic.dev/2.8/v/missing
issued
  Field required [type=missing, input_value={'item': 'programCode'}, input_type=dict]
    For further information visit https://errors.pydantic.dev/2.8/v/missing
@type
  Field required [type=missing, input_value={'item': 'programCode'}, input_type=dict]
    For further information visit https://errors.pydantic.dev/2.8/v/missing
modified
  Field required [type=missing, input_value={'item': 'programCode'}, input_type=dict]
    For further information visit https://errors.pydantic.dev/2.8/v/missing
released
  Field required [type=missing, input_value={'item': 'programCode'}, input_type=dict]
    For further information visit https://errors.pydantic.dev/2.8/v/missing
keyword
  Field required [type=missing, input_value={'item': 'programCode'}, input_type=dict]
    For further information visit https://errors.pydantic.dev/2.8/v/missing
contactPoint
  Field required [type=missing, input_value={'item': 'programCode'}, input_type=dict]
    For further information visit https://errors.pydantic.dev/2.8/v/missing
publisher
  Field required [type=missing, input_value={'item': 'programCode'}, input_type=dict]
    For further information visit https://errors.pydantic.dev/2.8/v/missing
identifier
  Field required [type=missing, input_value={'item': 'programCode'}, input_type=dict]
    For further information visit https://errors.pydantic.dev/2.8/v/missing
description
  Field required [type=missing, input_value={'item': 'programCode'}, input_type=dict]
    For further information visit https://errors.pydantic.dev/2.8/v/missing
title
  Field required [type=missing, input_value={'item': 'programCode'}, input_type=dict]
    For further information visit https://errors.pydantic.dev/2.8/v/missing
programCode
  Field required [type=missing, input_value={'item': 'programCode'}, input_type=dict]
    For further information visit https://errors.pydantic.dev/2.8/v/missing
distribution
  Field required [type=missing, input_value={'item': 'programCode'}, input_type=dict]
    For further information visit https://errors.pydantic.dev/2.8/v/missing
theme
  Field required [type=missing, input_value={'item': 'programCode'}, input_type=dict]
    For further information visit https://errors.pydantic.dev/2.8/v/missing
2024-08-23 12:40:38 - ERROR - Validation error for dataset: Unknown title
Traceback (most recent call last):
  File "C:\Users\edmun\Projects\Repositories\healthpartners-interview\src\healthpartners_interview\download.py", line 31, in fetch_datasets
    dataset = Dataset(**current_item)
              ^^^^^^^^^^^^^^^^^^^^^^^
  File "C:\Users\edmun\Projects\Repositories\healthpartners-interview\.venv\Lib\site-packages\pydantic\main.py", line 193, in __init__
    self.__pydantic_validator__.validate_python(data, self_instance=self)
pydantic_core._pydantic_core.ValidationError: 16 validation errors for Dataset
accessLevel
  Field required [type=missing, input_value={}, input_type=dict]
    For further information visit https://errors.pydantic.dev/2.8/v/missing
landingPage
  Field required [type=missing, input_value={}, input_type=dict]
    For further information visit https://errors.pydantic.dev/2.8/v/missing
bureauCode
  Field required [type=missing, input_value={}, input_type=dict]
    For further information visit https://errors.pydantic.dev/2.8/v/missing
issued
  Field required [type=missing, input_value={}, input_type=dict]
    For further information visit https://errors.pydantic.dev/2.8/v/missing
@type
  Field required [type=missing, input_value={}, input_type=dict]
    For further information visit https://errors.pydantic.dev/2.8/v/missing
modified
  Field required [type=missing, input_value={}, input_type=dict]
    For further information visit https://errors.pydantic.dev/2.8/v/missing
released
  Field required [type=missing, input_value={}, input_type=dict]
    For further information visit https://errors.pydantic.dev/2.8/v/missing
keyword
  Field required [type=missing, input_value={}, input_type=dict]
    For further information visit https://errors.pydantic.dev/2.8/v/missing
contactPoint
  Field required [type=missing, input_value={}, input_type=dict]
    For further information visit https://errors.pydantic.dev/2.8/v/missing
publisher
  Field required [type=missing, input_value={}, input_type=dict]
    For further information visit https://errors.pydantic.dev/2.8/v/missing
identifier
  Field required [type=missing, input_value={}, input_type=dict]
    For further information visit https://errors.pydantic.dev/2.8/v/missing
description
  Field required [type=missing, input_value={}, input_type=dict]
    For further information visit https://errors.pydantic.dev/2.8/v/missing
title
  Field required [type=missing, input_value={}, input_type=dict]
    For further information visit https://errors.pydantic.dev/2.8/v/missing
programCode
  Field required [type=missing, input_value={}, input_type=dict]
    For further information visit https://errors.pydantic.dev/2.8/v/missing
distribution
  Field required [type=missing, input_value={}, input_type=dict]
    For further information visit https://errors.pydantic.dev/2.8/v/missing
theme
  Field required [type=missing, input_value={}, input_type=dict]
    For further information visit https://errors.pydantic.dev/2.8/v/missing
2024-08-23 12:40:38 - ERROR - Validation error for dataset: Unknown title
Traceback (most recent call last):
  File "C:\Users\edmun\Projects\Repositories\healthpartners-interview\src\healthpartners_interview\download.py", line 31, in fetch_datasets
    dataset = Dataset(**current_item)
              ^^^^^^^^^^^^^^^^^^^^^^^
  File "C:\Users\edmun\Projects\Repositories\healthpartners-interview\.venv\Lib\site-packages\pydantic\main.py", line 193, in __init__
    self.__pydantic_validator__.validate_python(data, self_instance=self)
pydantic_core._pydantic_core.ValidationError: 16 validation errors for Dataset
accessLevel
  Field required [type=missing, input_value={}, input_type=dict]
    For further information visit https://errors.pydantic.dev/2.8/v/missing
landingPage
  Field required [type=missing, input_value={}, input_type=dict]
    For further information visit https://errors.pydantic.dev/2.8/v/missing
bureauCode
  Field required [type=missing, input_value={}, input_type=dict]
    For further information visit https://errors.pydantic.dev/2.8/v/missing
issued
  Field required [type=missing, input_value={}, input_type=dict]
    For further information visit https://errors.pydantic.dev/2.8/v/missing
@type
  Field required [type=missing, input_value={}, input_type=dict]
    For further information visit https://errors.pydantic.dev/2.8/v/missing
modified
  Field required [type=missing, input_value={}, input_type=dict]
    For further information visit https://errors.pydantic.dev/2.8/v/missing
released
  Field required [type=missing, input_value={}, input_type=dict]
    For further information visit https://errors.pydantic.dev/2.8/v/missing
keyword
  Field required [type=missing, input_value={}, input_type=dict]
    For further information visit https://errors.pydantic.dev/2.8/v/missing
contactPoint
  Field required [type=missing, input_value={}, input_type=dict]
    For further information visit https://errors.pydantic.dev/2.8/v/missing
publisher
  Field required [type=missing, input_value={}, input_type=dict]
    For further information visit https://errors.pydantic.dev/2.8/v/missing
identifier
  Field required [type=missing, input_value={}, input_type=dict]
    For further information visit https://errors.pydantic.dev/2.8/v/missing
description
  Field required [type=missing, input_value={}, input_type=dict]
    For further information visit https://errors.pydantic.dev/2.8/v/missing
title
  Field required [type=missing, input_value={}, input_type=dict]
    For further information visit https://errors.pydantic.dev/2.8/v/missing
programCode
  Field required [type=missing, input_value={}, input_type=dict]
    For further information visit https://errors.pydantic.dev/2.8/v/missing
distribution
  Field required [type=missing, input_value={}, input_type=dict]
    For further information visit https://errors.pydantic.dev/2.8/v/missing
theme
  Field required [type=missing, input_value={}, input_type=dict]
    For further information visit https://errors.pydantic.dev/2.8/v/missing
2024-08-23 12:40:38 - ERROR - Validation error for dataset: Unknown title
Traceback (most recent call last):
  File "C:\Users\edmun\Projects\Repositories\healthpartners-interview\src\healthpartners_interview\download.py", line 31, in fetch_datasets
    dataset = Dataset(**current_item)
              ^^^^^^^^^^^^^^^^^^^^^^^
  File "C:\Users\edmun\Projects\Repositories\healthpartners-interview\.venv\Lib\site-packages\pydantic\main.py", line 193, in __init__
    self.__pydantic_validator__.validate_python(data, self_instance=self)
pydantic_core._pydantic_core.ValidationError: 16 validation errors for Dataset
accessLevel
  Field required [type=missing, input_value={}, input_type=dict]
    For further information visit https://errors.pydantic.dev/2.8/v/missing
landingPage
  Field required [type=missing, input_value={}, input_type=dict]
    For further information visit https://errors.pydantic.dev/2.8/v/missing
bureauCode
  Field required [type=missing, input_value={}, input_type=dict]
    For further information visit https://errors.pydantic.dev/2.8/v/missing
issued
  Field required [type=missing, input_value={}, input_type=dict]
    For further information visit https://errors.pydantic.dev/2.8/v/missing
@type
  Field required [type=missing, input_value={}, input_type=dict]
    For further information visit https://errors.pydantic.dev/2.8/v/missing
modified
  Field required [type=missing, input_value={}, input_type=dict]
    For further information visit https://errors.pydantic.dev/2.8/v/missing
released
  Field required [type=missing, input_value={}, input_type=dict]
    For further information visit https://errors.pydantic.dev/2.8/v/missing
keyword
  Field required [type=missing, input_value={}, input_type=dict]
    For further information visit https://errors.pydantic.dev/2.8/v/missing
contactPoint
  Field required [type=missing, input_value={}, input_type=dict]
    For further information visit https://errors.pydantic.dev/2.8/v/missing
publisher
  Field required [type=missing, input_value={}, input_type=dict]
    For further information visit https://errors.pydantic.dev/2.8/v/missing
identifier
  Field required [type=missing, input_value={}, input_type=dict]
    For further information visit https://errors.pydantic.dev/2.8/v/missing
description
  Field required [type=missing, input_value={}, input_type=dict]
    For further information visit https://errors.pydantic.dev/2.8/v/missing
title
  Field required [type=missing, input_value={}, input_type=dict]
    For further information visit https://errors.pydantic.dev/2.8/v/missing
programCode
  Field required [type=missing, input_value={}, input_type=dict]
    For further information visit https://errors.pydantic.dev/2.8/v/missing
distribution
  Field required [type=missing, input_value={}, input_type=dict]
    For further information visit https://errors.pydantic.dev/2.8/v/missing
theme
  Field required [type=missing, input_value={}, input_type=dict]
    For further information visit https://errors.pydantic.dev/2.8/v/missing
2024-08-23 12:40:38 - ERROR - Validation error for dataset: Unknown title
Traceback (most recent call last):
  File "C:\Users\edmun\Projects\Repositories\healthpartners-interview\src\healthpartners_interview\download.py", line 31, in fetch_datasets
    dataset = Dataset(**current_item)
              ^^^^^^^^^^^^^^^^^^^^^^^
  File "C:\Users\edmun\Projects\Repositories\healthpartners-interview\.venv\Lib\site-packages\pydantic\main.py", line 193, in __init__
    self.__pydantic_validator__.validate_python(data, self_instance=self)
pydantic_core._pydantic_core.ValidationError: 16 validation errors for Dataset
accessLevel
  Field required [type=missing, input_value={'item': 'programCode'}, input_type=dict]
    For further information visit https://errors.pydantic.dev/2.8/v/missing
landingPage
  Field required [type=missing, input_value={'item': 'programCode'}, input_type=dict]
    For further information visit https://errors.pydantic.dev/2.8/v/missing
bureauCode
  Field required [type=missing, input_value={'item': 'programCode'}, input_type=dict]
    For further information visit https://errors.pydantic.dev/2.8/v/missing
issued
  Field required [type=missing, input_value={'item': 'programCode'}, input_type=dict]
    For further information visit https://errors.pydantic.dev/2.8/v/missing
@type
  Field required [type=missing, input_value={'item': 'programCode'}, input_type=dict]
    For further information visit https://errors.pydantic.dev/2.8/v/missing
modified
  Field required [type=missing, input_value={'item': 'programCode'}, input_type=dict]
    For further information visit https://errors.pydantic.dev/2.8/v/missing
released
  Field required [type=missing, input_value={'item': 'programCode'}, input_type=dict]
    For further information visit https://errors.pydantic.dev/2.8/v/missing
keyword
  Field required [type=missing, input_value={'item': 'programCode'}, input_type=dict]
    For further information visit https://errors.pydantic.dev/2.8/v/missing
contactPoint
  Field required [type=missing, input_value={'item': 'programCode'}, input_type=dict]
    For further information visit https://errors.pydantic.dev/2.8/v/missing
publisher
  Field required [type=missing, input_value={'item': 'programCode'}, input_type=dict]
    For further information visit https://errors.pydantic.dev/2.8/v/missing
identifier
  Field required [type=missing, input_value={'item': 'programCode'}, input_type=dict]
    For further information visit https://errors.pydantic.dev/2.8/v/missing
description
  Field required [type=missing, input_value={'item': 'programCode'}, input_type=dict]
    For further information visit https://errors.pydantic.dev/2.8/v/missing
title
  Field required [type=missing, input_value={'item': 'programCode'}, input_type=dict]
    For further information visit https://errors.pydantic.dev/2.8/v/missing
programCode
  Field required [type=missing, input_value={'item': 'programCode'}, input_type=dict]
    For further information visit https://errors.pydantic.dev/2.8/v/missing
distribution
  Field required [type=missing, input_value={'item': 'programCode'}, input_type=dict]
    For further information visit https://errors.pydantic.dev/2.8/v/missing
theme
  Field required [type=missing, input_value={'item': 'programCode'}, input_type=dict]
    For further information visit https://errors.pydantic.dev/2.8/v/missing
2024-08-23 12:40:38 - ERROR - Validation error for dataset: Unknown title
Traceback (most recent call last):
  File "C:\Users\edmun\Projects\Repositories\healthpartners-interview\src\healthpartners_interview\download.py", line 31, in fetch_datasets
    dataset = Dataset(**current_item)
              ^^^^^^^^^^^^^^^^^^^^^^^
  File "C:\Users\edmun\Projects\Repositories\healthpartners-interview\.venv\Lib\site-packages\pydantic\main.py", line 193, in __init__
    self.__pydantic_validator__.validate_python(data, self_instance=self)
pydantic_core._pydantic_core.ValidationError: 16 validation errors for Dataset
accessLevel
  Field required [type=missing, input_value={}, input_type=dict]
    For further information visit https://errors.pydantic.dev/2.8/v/missing
landingPage
  Field required [type=missing, input_value={}, input_type=dict]
    For further information visit https://errors.pydantic.dev/2.8/v/missing
bureauCode
  Field required [type=missing, input_value={}, input_type=dict]
    For further information visit https://errors.pydantic.dev/2.8/v/missing
issued
  Field required [type=missing, input_value={}, input_type=dict]
    For further information visit https://errors.pydantic.dev/2.8/v/missing
@type
  Field required [type=missing, input_value={}, input_type=dict]
    For further information visit https://errors.pydantic.dev/2.8/v/missing
modified
  Field required [type=missing, input_value={}, input_type=dict]
    For further information visit https://errors.pydantic.dev/2.8/v/missing
released
  Field required [type=missing, input_value={}, input_type=dict]
    For further information visit https://errors.pydantic.dev/2.8/v/missing
keyword
  Field required [type=missing, input_value={}, input_type=dict]
    For further information visit https://errors.pydantic.dev/2.8/v/missing
contactPoint
  Field required [type=missing, input_value={}, input_type=dict]
    For further information visit https://errors.pydantic.dev/2.8/v/missing
publisher
  Field required [type=missing, input_value={}, input_type=dict]
    For further information visit https://errors.pydantic.dev/2.8/v/missing
identifier
  Field required [type=missing, input_value={}, input_type=dict]
    For further information visit https://errors.pydantic.dev/2.8/v/missing
description
  Field required [type=missing, input_value={}, input_type=dict]
    For further information visit https://errors.pydantic.dev/2.8/v/missing
title
  Field required [type=missing, input_value={}, input_type=dict]
    For further information visit https://errors.pydantic.dev/2.8/v/missing
programCode
  Field required [type=missing, input_value={}, input_type=dict]
    For further information visit https://errors.pydantic.dev/2.8/v/missing
distribution
  Field required [type=missing, input_value={}, input_type=dict]
    For further information visit https://errors.pydantic.dev/2.8/v/missing
theme
  Field required [type=missing, input_value={}, input_type=dict]
    For further information visit https://errors.pydantic.dev/2.8/v/missing
2024-08-23 12:40:38 - ERROR - Validation error for dataset: Unknown title
Traceback (most recent call last):
  File "C:\Users\edmun\Projects\Repositories\healthpartners-interview\src\healthpartners_interview\download.py", line 31, in fetch_datasets
    dataset = Dataset(**current_item)
              ^^^^^^^^^^^^^^^^^^^^^^^
  File "C:\Users\edmun\Projects\Repositories\healthpartners-interview\.venv\Lib\site-packages\pydantic\main.py", line 193, in __init__
    self.__pydantic_validator__.validate_python(data, self_instance=self)
pydantic_core._pydantic_core.ValidationError: 16 validation errors for Dataset
accessLevel
  Field required [type=missing, input_value={}, input_type=dict]
    For further information visit https://errors.pydantic.dev/2.8/v/missing
landingPage
  Field required [type=missing, input_value={}, input_type=dict]
    For further information visit https://errors.pydantic.dev/2.8/v/missing
bureauCode
  Field required [type=missing, input_value={}, input_type=dict]
    For further information visit https://errors.pydantic.dev/2.8/v/missing
issued
  Field required [type=missing, input_value={}, input_type=dict]
    For further information visit https://errors.pydantic.dev/2.8/v/missing
@type
  Field required [type=missing, input_value={}, input_type=dict]
    For further information visit https://errors.pydantic.dev/2.8/v/missing
modified
  Field required [type=missing, input_value={}, input_type=dict]
    For further information visit https://errors.pydantic.dev/2.8/v/missing
released
  Field required [type=missing, input_value={}, input_type=dict]
    For further information visit https://errors.pydantic.dev/2.8/v/missing
keyword
  Field required [type=missing, input_value={}, input_type=dict]
    For further information visit https://errors.pydantic.dev/2.8/v/missing
contactPoint
  Field required [type=missing, input_value={}, input_type=dict]
    For further information visit https://errors.pydantic.dev/2.8/v/missing
publisher
  Field required [type=missing, input_value={}, input_type=dict]
    For further information visit https://errors.pydantic.dev/2.8/v/missing
identifier
  Field required [type=missing, input_value={}, input_type=dict]
    For further information visit https://errors.pydantic.dev/2.8/v/missing
description
  Field required [type=missing, input_value={}, input_type=dict]
    For further information visit https://errors.pydantic.dev/2.8/v/missing
title
  Field required [type=missing, input_value={}, input_type=dict]
    For further information visit https://errors.pydantic.dev/2.8/v/missing
programCode
  Field required [type=missing, input_value={}, input_type=dict]
    For further information visit https://errors.pydantic.dev/2.8/v/missing
distribution
  Field required [type=missing, input_value={}, input_type=dict]
    For further information visit https://errors.pydantic.dev/2.8/v/missing
theme
  Field required [type=missing, input_value={}, input_type=dict]
    For further information visit https://errors.pydantic.dev/2.8/v/missing
2024-08-23 12:40:38 - ERROR - Validation error for dataset: Unknown title
Traceback (most recent call last):
  File "C:\Users\edmun\Projects\Repositories\healthpartners-interview\src\healthpartners_interview\download.py", line 31, in fetch_datasets
    dataset = Dataset(**current_item)
              ^^^^^^^^^^^^^^^^^^^^^^^
  File "C:\Users\edmun\Projects\Repositories\healthpartners-interview\.venv\Lib\site-packages\pydantic\main.py", line 193, in __init__
    self.__pydantic_validator__.validate_python(data, self_instance=self)
pydantic_core._pydantic_core.ValidationError: 16 validation errors for Dataset
accessLevel
  Field required [type=missing, input_value={}, input_type=dict]
    For further information visit https://errors.pydantic.dev/2.8/v/missing
landingPage
  Field required [type=missing, input_value={}, input_type=dict]
    For further information visit https://errors.pydantic.dev/2.8/v/missing
bureauCode
  Field required [type=missing, input_value={}, input_type=dict]
    For further information visit https://errors.pydantic.dev/2.8/v/missing
issued
  Field required [type=missing, input_value={}, input_type=dict]
    For further information visit https://errors.pydantic.dev/2.8/v/missing
@type
  Field required [type=missing, input_value={}, input_type=dict]
    For further information visit https://errors.pydantic.dev/2.8/v/missing
modified
  Field required [type=missing, input_value={}, input_type=dict]
    For further information visit https://errors.pydantic.dev/2.8/v/missing
released
  Field required [type=missing, input_value={}, input_type=dict]
    For further information visit https://errors.pydantic.dev/2.8/v/missing
keyword
  Field required [type=missing, input_value={}, input_type=dict]
    For further information visit https://errors.pydantic.dev/2.8/v/missing
contactPoint
  Field required [type=missing, input_value={}, input_type=dict]
    For further information visit https://errors.pydantic.dev/2.8/v/missing
publisher
  Field required [type=missing, input_value={}, input_type=dict]
    For further information visit https://errors.pydantic.dev/2.8/v/missing
identifier
  Field required [type=missing, input_value={}, input_type=dict]
    For further information visit https://errors.pydantic.dev/2.8/v/missing
description
  Field required [type=missing, input_value={}, input_type=dict]
    For further information visit https://errors.pydantic.dev/2.8/v/missing
title
  Field required [type=missing, input_value={}, input_type=dict]
    For further information visit https://errors.pydantic.dev/2.8/v/missing
programCode
  Field required [type=missing, input_value={}, input_type=dict]
    For further information visit https://errors.pydantic.dev/2.8/v/missing
distribution
  Field required [type=missing, input_value={}, input_type=dict]
    For further information visit https://errors.pydantic.dev/2.8/v/missing
theme
  Field required [type=missing, input_value={}, input_type=dict]
    For further information visit https://errors.pydantic.dev/2.8/v/missing
2024-08-23 12:40:38 - ERROR - Validation error for dataset: Unknown title
Traceback (most recent call last):
  File "C:\Users\edmun\Projects\Repositories\healthpartners-interview\src\healthpartners_interview\download.py", line 31, in fetch_datasets
    dataset = Dataset(**current_item)
              ^^^^^^^^^^^^^^^^^^^^^^^
  File "C:\Users\edmun\Projects\Repositories\healthpartners-interview\.venv\Lib\site-packages\pydantic\main.py", line 193, in __init__
    self.__pydantic_validator__.validate_python(data, self_instance=self)
pydantic_core._pydantic_core.ValidationError: 16 validation errors for Dataset
accessLevel
  Field required [type=missing, input_value={'item': 'programCode'}, input_type=dict]
    For further information visit https://errors.pydantic.dev/2.8/v/missing
landingPage
  Field required [type=missing, input_value={'item': 'programCode'}, input_type=dict]
    For further information visit https://errors.pydantic.dev/2.8/v/missing
bureauCode
  Field required [type=missing, input_value={'item': 'programCode'}, input_type=dict]
    For further information visit https://errors.pydantic.dev/2.8/v/missing
issued
  Field required [type=missing, input_value={'item': 'programCode'}, input_type=dict]
    For further information visit https://errors.pydantic.dev/2.8/v/missing
@type
  Field required [type=missing, input_value={'item': 'programCode'}, input_type=dict]
    For further information visit https://errors.pydantic.dev/2.8/v/missing
modified
  Field required [type=missing, input_value={'item': 'programCode'}, input_type=dict]
    For further information visit https://errors.pydantic.dev/2.8/v/missing
released
  Field required [type=missing, input_value={'item': 'programCode'}, input_type=dict]
    For further information visit https://errors.pydantic.dev/2.8/v/missing
keyword
  Field required [type=missing, input_value={'item': 'programCode'}, input_type=dict]
    For further information visit https://errors.pydantic.dev/2.8/v/missing
contactPoint
  Field required [type=missing, input_value={'item': 'programCode'}, input_type=dict]
    For further information visit https://errors.pydantic.dev/2.8/v/missing
publisher
  Field required [type=missing, input_value={'item': 'programCode'}, input_type=dict]
    For further information visit https://errors.pydantic.dev/2.8/v/missing
identifier
  Field required [type=missing, input_value={'item': 'programCode'}, input_type=dict]
    For further information visit https://errors.pydantic.dev/2.8/v/missing
description
  Field required [type=missing, input_value={'item': 'programCode'}, input_type=dict]
    For further information visit https://errors.pydantic.dev/2.8/v/missing
title
  Field required [type=missing, input_value={'item': 'programCode'}, input_type=dict]
    For further information visit https://errors.pydantic.dev/2.8/v/missing
programCode
  Field required [type=missing, input_value={'item': 'programCode'}, input_type=dict]
    For further information visit https://errors.pydantic.dev/2.8/v/missing
distribution
  Field required [type=missing, input_value={'item': 'programCode'}, input_type=dict]
    For further information visit https://errors.pydantic.dev/2.8/v/missing
theme
  Field required [type=missing, input_value={'item': 'programCode'}, input_type=dict]
    For further information visit https://errors.pydantic.dev/2.8/v/missing
2024-08-23 12:40:38 - ERROR - Validation error for dataset: Unknown title
Traceback (most recent call last):
  File "C:\Users\edmun\Projects\Repositories\healthpartners-interview\src\healthpartners_interview\download.py", line 31, in fetch_datasets
    dataset = Dataset(**current_item)
              ^^^^^^^^^^^^^^^^^^^^^^^
  File "C:\Users\edmun\Projects\Repositories\healthpartners-interview\.venv\Lib\site-packages\pydantic\main.py", line 193, in __init__
    self.__pydantic_validator__.validate_python(data, self_instance=self)
pydantic_core._pydantic_core.ValidationError: 16 validation errors for Dataset
accessLevel
  Field required [type=missing, input_value={}, input_type=dict]
    For further information visit https://errors.pydantic.dev/2.8/v/missing
landingPage
  Field required [type=missing, input_value={}, input_type=dict]
    For further information visit https://errors.pydantic.dev/2.8/v/missing
bureauCode
  Field required [type=missing, input_value={}, input_type=dict]
    For further information visit https://errors.pydantic.dev/2.8/v/missing
issued
  Field required [type=missing, input_value={}, input_type=dict]
    For further information visit https://errors.pydantic.dev/2.8/v/missing
@type
  Field required [type=missing, input_value={}, input_type=dict]
    For further information visit https://errors.pydantic.dev/2.8/v/missing
modified
  Field required [type=missing, input_value={}, input_type=dict]
    For further information visit https://errors.pydantic.dev/2.8/v/missing
released
  Field required [type=missing, input_value={}, input_type=dict]
    For further information visit https://errors.pydantic.dev/2.8/v/missing
keyword
  Field required [type=missing, input_value={}, input_type=dict]
    For further information visit https://errors.pydantic.dev/2.8/v/missing
contactPoint
  Field required [type=missing, input_value={}, input_type=dict]
    For further information visit https://errors.pydantic.dev/2.8/v/missing
publisher
  Field required [type=missing, input_value={}, input_type=dict]
    For further information visit https://errors.pydantic.dev/2.8/v/missing
identifier
  Field required [type=missing, input_value={}, input_type=dict]
    For further information visit https://errors.pydantic.dev/2.8/v/missing
description
  Field required [type=missing, input_value={}, input_type=dict]
    For further information visit https://errors.pydantic.dev/2.8/v/missing
title
  Field required [type=missing, input_value={}, input_type=dict]
    For further information visit https://errors.pydantic.dev/2.8/v/missing
programCode
  Field required [type=missing, input_value={}, input_type=dict]
    For further information visit https://errors.pydantic.dev/2.8/v/missing
distribution
  Field required [type=missing, input_value={}, input_type=dict]
    For further information visit https://errors.pydantic.dev/2.8/v/missing
theme
  Field required [type=missing, input_value={}, input_type=dict]
    For further information visit https://errors.pydantic.dev/2.8/v/missing
2024-08-23 12:40:38 - ERROR - Validation error for dataset: Unknown title
Traceback (most recent call last):
  File "C:\Users\edmun\Projects\Repositories\healthpartners-interview\src\healthpartners_interview\download.py", line 31, in fetch_datasets
    dataset = Dataset(**current_item)
              ^^^^^^^^^^^^^^^^^^^^^^^
  File "C:\Users\edmun\Projects\Repositories\healthpartners-interview\.venv\Lib\site-packages\pydantic\main.py", line 193, in __init__
    self.__pydantic_validator__.validate_python(data, self_instance=self)
pydantic_core._pydantic_core.ValidationError: 16 validation errors for Dataset
accessLevel
  Field required [type=missing, input_value={}, input_type=dict]
    For further information visit https://errors.pydantic.dev/2.8/v/missing
landingPage
  Field required [type=missing, input_value={}, input_type=dict]
    For further information visit https://errors.pydantic.dev/2.8/v/missing
bureauCode
  Field required [type=missing, input_value={}, input_type=dict]
    For further information visit https://errors.pydantic.dev/2.8/v/missing
issued
  Field required [type=missing, input_value={}, input_type=dict]
    For further information visit https://errors.pydantic.dev/2.8/v/missing
@type
  Field required [type=missing, input_value={}, input_type=dict]
    For further information visit https://errors.pydantic.dev/2.8/v/missing
modified
  Field required [type=missing, input_value={}, input_type=dict]
    For further information visit https://errors.pydantic.dev/2.8/v/missing
released
  Field required [type=missing, input_value={}, input_type=dict]
    For further information visit https://errors.pydantic.dev/2.8/v/missing
keyword
  Field required [type=missing, input_value={}, input_type=dict]
    For further information visit https://errors.pydantic.dev/2.8/v/missing
contactPoint
  Field required [type=missing, input_value={}, input_type=dict]
    For further information visit https://errors.pydantic.dev/2.8/v/missing
publisher
  Field required [type=missing, input_value={}, input_type=dict]
    For further information visit https://errors.pydantic.dev/2.8/v/missing
identifier
  Field required [type=missing, input_value={}, input_type=dict]
    For further information visit https://errors.pydantic.dev/2.8/v/missing
description
  Field required [type=missing, input_value={}, input_type=dict]
    For further information visit https://errors.pydantic.dev/2.8/v/missing
title
  Field required [type=missing, input_value={}, input_type=dict]
    For further information visit https://errors.pydantic.dev/2.8/v/missing
programCode
  Field required [type=missing, input_value={}, input_type=dict]
    For further information visit https://errors.pydantic.dev/2.8/v/missing
distribution
  Field required [type=missing, input_value={}, input_type=dict]
    For further information visit https://errors.pydantic.dev/2.8/v/missing
theme
  Field required [type=missing, input_value={}, input_type=dict]
    For further information visit https://errors.pydantic.dev/2.8/v/missing
2024-08-23 12:40:38 - ERROR - Validation error for dataset: Unknown title
Traceback (most recent call last):
  File "C:\Users\edmun\Projects\Repositories\healthpartners-interview\src\healthpartners_interview\download.py", line 31, in fetch_datasets
    dataset = Dataset(**current_item)
              ^^^^^^^^^^^^^^^^^^^^^^^
  File "C:\Users\edmun\Projects\Repositories\healthpartners-interview\.venv\Lib\site-packages\pydantic\main.py", line 193, in __init__
    self.__pydantic_validator__.validate_python(data, self_instance=self)
pydantic_core._pydantic_core.ValidationError: 16 validation errors for Dataset
accessLevel
  Field required [type=missing, input_value={}, input_type=dict]
    For further information visit https://errors.pydantic.dev/2.8/v/missing
landingPage
  Field required [type=missing, input_value={}, input_type=dict]
    For further information visit https://errors.pydantic.dev/2.8/v/missing
bureauCode
  Field required [type=missing, input_value={}, input_type=dict]
    For further information visit https://errors.pydantic.dev/2.8/v/missing
issued
  Field required [type=missing, input_value={}, input_type=dict]
    For further information visit https://errors.pydantic.dev/2.8/v/missing
@type
  Field required [type=missing, input_value={}, input_type=dict]
    For further information visit https://errors.pydantic.dev/2.8/v/missing
modified
  Field required [type=missing, input_value={}, input_type=dict]
    For further information visit https://errors.pydantic.dev/2.8/v/missing
released
  Field required [type=missing, input_value={}, input_type=dict]
    For further information visit https://errors.pydantic.dev/2.8/v/missing
keyword
  Field required [type=missing, input_value={}, input_type=dict]
    For further information visit https://errors.pydantic.dev/2.8/v/missing
contactPoint
  Field required [type=missing, input_value={}, input_type=dict]
    For further information visit https://errors.pydantic.dev/2.8/v/missing
publisher
  Field required [type=missing, input_value={}, input_type=dict]
    For further information visit https://errors.pydantic.dev/2.8/v/missing
identifier
  Field required [type=missing, input_value={}, input_type=dict]
    For further information visit https://errors.pydantic.dev/2.8/v/missing
description
  Field required [type=missing, input_value={}, input_type=dict]
    For further information visit https://errors.pydantic.dev/2.8/v/missing
title
  Field required [type=missing, input_value={}, input_type=dict]
    For further information visit https://errors.pydantic.dev/2.8/v/missing
programCode
  Field required [type=missing, input_value={}, input_type=dict]
    For further information visit https://errors.pydantic.dev/2.8/v/missing
distribution
  Field required [type=missing, input_value={}, input_type=dict]
    For further information visit https://errors.pydantic.dev/2.8/v/missing
theme
  Field required [type=missing, input_value={}, input_type=dict]
    For further information visit https://errors.pydantic.dev/2.8/v/missing
2024-08-23 12:40:38 - ERROR - Validation error for dataset: Unknown title
Traceback (most recent call last):
  File "C:\Users\edmun\Projects\Repositories\healthpartners-interview\src\healthpartners_interview\download.py", line 31, in fetch_datasets
    dataset = Dataset(**current_item)
              ^^^^^^^^^^^^^^^^^^^^^^^
  File "C:\Users\edmun\Projects\Repositories\healthpartners-interview\.venv\Lib\site-packages\pydantic\main.py", line 193, in __init__
    self.__pydantic_validator__.validate_python(data, self_instance=self)
pydantic_core._pydantic_core.ValidationError: 16 validation errors for Dataset
accessLevel
  Field required [type=missing, input_value={'item': 'programCode'}, input_type=dict]
    For further information visit https://errors.pydantic.dev/2.8/v/missing
landingPage
  Field required [type=missing, input_value={'item': 'programCode'}, input_type=dict]
    For further information visit https://errors.pydantic.dev/2.8/v/missing
bureauCode
  Field required [type=missing, input_value={'item': 'programCode'}, input_type=dict]
    For further information visit https://errors.pydantic.dev/2.8/v/missing
issued
  Field required [type=missing, input_value={'item': 'programCode'}, input_type=dict]
    For further information visit https://errors.pydantic.dev/2.8/v/missing
@type
  Field required [type=missing, input_value={'item': 'programCode'}, input_type=dict]
    For further information visit https://errors.pydantic.dev/2.8/v/missing
modified
  Field required [type=missing, input_value={'item': 'programCode'}, input_type=dict]
    For further information visit https://errors.pydantic.dev/2.8/v/missing
released
  Field required [type=missing, input_value={'item': 'programCode'}, input_type=dict]
    For further information visit https://errors.pydantic.dev/2.8/v/missing
keyword
  Field required [type=missing, input_value={'item': 'programCode'}, input_type=dict]
    For further information visit https://errors.pydantic.dev/2.8/v/missing
contactPoint
  Field required [type=missing, input_value={'item': 'programCode'}, input_type=dict]
    For further information visit https://errors.pydantic.dev/2.8/v/missing
publisher
  Field required [type=missing, input_value={'item': 'programCode'}, input_type=dict]
    For further information visit https://errors.pydantic.dev/2.8/v/missing
identifier
  Field required [type=missing, input_value={'item': 'programCode'}, input_type=dict]
    For further information visit https://errors.pydantic.dev/2.8/v/missing
description
  Field required [type=missing, input_value={'item': 'programCode'}, input_type=dict]
    For further information visit https://errors.pydantic.dev/2.8/v/missing
title
  Field required [type=missing, input_value={'item': 'programCode'}, input_type=dict]
    For further information visit https://errors.pydantic.dev/2.8/v/missing
programCode
  Field required [type=missing, input_value={'item': 'programCode'}, input_type=dict]
    For further information visit https://errors.pydantic.dev/2.8/v/missing
distribution
  Field required [type=missing, input_value={'item': 'programCode'}, input_type=dict]
    For further information visit https://errors.pydantic.dev/2.8/v/missing
theme
  Field required [type=missing, input_value={'item': 'programCode'}, input_type=dict]
    For further information visit https://errors.pydantic.dev/2.8/v/missing
2024-08-23 12:40:38 - ERROR - Validation error for dataset: Unknown title
Traceback (most recent call last):
  File "C:\Users\edmun\Projects\Repositories\healthpartners-interview\src\healthpartners_interview\download.py", line 31, in fetch_datasets
    dataset = Dataset(**current_item)
              ^^^^^^^^^^^^^^^^^^^^^^^
  File "C:\Users\edmun\Projects\Repositories\healthpartners-interview\.venv\Lib\site-packages\pydantic\main.py", line 193, in __init__
    self.__pydantic_validator__.validate_python(data, self_instance=self)
pydantic_core._pydantic_core.ValidationError: 16 validation errors for Dataset
accessLevel
  Field required [type=missing, input_value={}, input_type=dict]
    For further information visit https://errors.pydantic.dev/2.8/v/missing
landingPage
  Field required [type=missing, input_value={}, input_type=dict]
    For further information visit https://errors.pydantic.dev/2.8/v/missing
bureauCode
  Field required [type=missing, input_value={}, input_type=dict]
    For further information visit https://errors.pydantic.dev/2.8/v/missing
issued
  Field required [type=missing, input_value={}, input_type=dict]
    For further information visit https://errors.pydantic.dev/2.8/v/missing
@type
  Field required [type=missing, input_value={}, input_type=dict]
    For further information visit https://errors.pydantic.dev/2.8/v/missing
modified
  Field required [type=missing, input_value={}, input_type=dict]
    For further information visit https://errors.pydantic.dev/2.8/v/missing
released
  Field required [type=missing, input_value={}, input_type=dict]
    For further information visit https://errors.pydantic.dev/2.8/v/missing
keyword
  Field required [type=missing, input_value={}, input_type=dict]
    For further information visit https://errors.pydantic.dev/2.8/v/missing
contactPoint
  Field required [type=missing, input_value={}, input_type=dict]
    For further information visit https://errors.pydantic.dev/2.8/v/missing
publisher
  Field required [type=missing, input_value={}, input_type=dict]
    For further information visit https://errors.pydantic.dev/2.8/v/missing
identifier
  Field required [type=missing, input_value={}, input_type=dict]
    For further information visit https://errors.pydantic.dev/2.8/v/missing
description
  Field required [type=missing, input_value={}, input_type=dict]
    For further information visit https://errors.pydantic.dev/2.8/v/missing
title
  Field required [type=missing, input_value={}, input_type=dict]
    For further information visit https://errors.pydantic.dev/2.8/v/missing
programCode
  Field required [type=missing, input_value={}, input_type=dict]
    For further information visit https://errors.pydantic.dev/2.8/v/missing
distribution
  Field required [type=missing, input_value={}, input_type=dict]
    For further information visit https://errors.pydantic.dev/2.8/v/missing
theme
  Field required [type=missing, input_value={}, input_type=dict]
    For further information visit https://errors.pydantic.dev/2.8/v/missing
2024-08-23 12:40:38 - ERROR - Validation error for dataset: Unknown title
Traceback (most recent call last):
  File "C:\Users\edmun\Projects\Repositories\healthpartners-interview\src\healthpartners_interview\download.py", line 31, in fetch_datasets
    dataset = Dataset(**current_item)
              ^^^^^^^^^^^^^^^^^^^^^^^
  File "C:\Users\edmun\Projects\Repositories\healthpartners-interview\.venv\Lib\site-packages\pydantic\main.py", line 193, in __init__
    self.__pydantic_validator__.validate_python(data, self_instance=self)
pydantic_core._pydantic_core.ValidationError: 16 validation errors for Dataset
accessLevel
  Field required [type=missing, input_value={}, input_type=dict]
    For further information visit https://errors.pydantic.dev/2.8/v/missing
landingPage
  Field required [type=missing, input_value={}, input_type=dict]
    For further information visit https://errors.pydantic.dev/2.8/v/missing
bureauCode
  Field required [type=missing, input_value={}, input_type=dict]
    For further information visit https://errors.pydantic.dev/2.8/v/missing
issued
  Field required [type=missing, input_value={}, input_type=dict]
    For further information visit https://errors.pydantic.dev/2.8/v/missing
@type
  Field required [type=missing, input_value={}, input_type=dict]
    For further information visit https://errors.pydantic.dev/2.8/v/missing
modified
  Field required [type=missing, input_value={}, input_type=dict]
    For further information visit https://errors.pydantic.dev/2.8/v/missing
released
  Field required [type=missing, input_value={}, input_type=dict]
    For further information visit https://errors.pydantic.dev/2.8/v/missing
keyword
  Field required [type=missing, input_value={}, input_type=dict]
    For further information visit https://errors.pydantic.dev/2.8/v/missing
contactPoint
  Field required [type=missing, input_value={}, input_type=dict]
    For further information visit https://errors.pydantic.dev/2.8/v/missing
publisher
  Field required [type=missing, input_value={}, input_type=dict]
    For further information visit https://errors.pydantic.dev/2.8/v/missing
identifier
  Field required [type=missing, input_value={}, input_type=dict]
    For further information visit https://errors.pydantic.dev/2.8/v/missing
description
  Field required [type=missing, input_value={}, input_type=dict]
    For further information visit https://errors.pydantic.dev/2.8/v/missing
title
  Field required [type=missing, input_value={}, input_type=dict]
    For further information visit https://errors.pydantic.dev/2.8/v/missing
programCode
  Field required [type=missing, input_value={}, input_type=dict]
    For further information visit https://errors.pydantic.dev/2.8/v/missing
distribution
  Field required [type=missing, input_value={}, input_type=dict]
    For further information visit https://errors.pydantic.dev/2.8/v/missing
theme
  Field required [type=missing, input_value={}, input_type=dict]
    For further information visit https://errors.pydantic.dev/2.8/v/missing
2024-08-23 12:40:38 - ERROR - Validation error for dataset: Unknown title
Traceback (most recent call last):
  File "C:\Users\edmun\Projects\Repositories\healthpartners-interview\src\healthpartners_interview\download.py", line 31, in fetch_datasets
    dataset = Dataset(**current_item)
              ^^^^^^^^^^^^^^^^^^^^^^^
  File "C:\Users\edmun\Projects\Repositories\healthpartners-interview\.venv\Lib\site-packages\pydantic\main.py", line 193, in __init__
    self.__pydantic_validator__.validate_python(data, self_instance=self)
pydantic_core._pydantic_core.ValidationError: 16 validation errors for Dataset
accessLevel
  Field required [type=missing, input_value={}, input_type=dict]
    For further information visit https://errors.pydantic.dev/2.8/v/missing
landingPage
  Field required [type=missing, input_value={}, input_type=dict]
    For further information visit https://errors.pydantic.dev/2.8/v/missing
bureauCode
  Field required [type=missing, input_value={}, input_type=dict]
    For further information visit https://errors.pydantic.dev/2.8/v/missing
issued
  Field required [type=missing, input_value={}, input_type=dict]
    For further information visit https://errors.pydantic.dev/2.8/v/missing
@type
  Field required [type=missing, input_value={}, input_type=dict]
    For further information visit https://errors.pydantic.dev/2.8/v/missing
modified
  Field required [type=missing, input_value={}, input_type=dict]
    For further information visit https://errors.pydantic.dev/2.8/v/missing
released
  Field required [type=missing, input_value={}, input_type=dict]
    For further information visit https://errors.pydantic.dev/2.8/v/missing
keyword
  Field required [type=missing, input_value={}, input_type=dict]
    For further information visit https://errors.pydantic.dev/2.8/v/missing
contactPoint
  Field required [type=missing, input_value={}, input_type=dict]
    For further information visit https://errors.pydantic.dev/2.8/v/missing
publisher
  Field required [type=missing, input_value={}, input_type=dict]
    For further information visit https://errors.pydantic.dev/2.8/v/missing
identifier
  Field required [type=missing, input_value={}, input_type=dict]
    For further information visit https://errors.pydantic.dev/2.8/v/missing
description
  Field required [type=missing, input_value={}, input_type=dict]
    For further information visit https://errors.pydantic.dev/2.8/v/missing
title
  Field required [type=missing, input_value={}, input_type=dict]
    For further information visit https://errors.pydantic.dev/2.8/v/missing
programCode
  Field required [type=missing, input_value={}, input_type=dict]
    For further information visit https://errors.pydantic.dev/2.8/v/missing
distribution
  Field required [type=missing, input_value={}, input_type=dict]
    For further information visit https://errors.pydantic.dev/2.8/v/missing
theme
  Field required [type=missing, input_value={}, input_type=dict]
    For further information visit https://errors.pydantic.dev/2.8/v/missing
2024-08-23 12:40:38 - ERROR - Validation error for dataset: Unknown title
Traceback (most recent call last):
  File "C:\Users\edmun\Projects\Repositories\healthpartners-interview\src\healthpartners_interview\download.py", line 31, in fetch_datasets
    dataset = Dataset(**current_item)
              ^^^^^^^^^^^^^^^^^^^^^^^
  File "C:\Users\edmun\Projects\Repositories\healthpartners-interview\.venv\Lib\site-packages\pydantic\main.py", line 193, in __init__
    self.__pydantic_validator__.validate_python(data, self_instance=self)
pydantic_core._pydantic_core.ValidationError: 16 validation errors for Dataset
accessLevel
  Field required [type=missing, input_value={'item': 'programCode'}, input_type=dict]
    For further information visit https://errors.pydantic.dev/2.8/v/missing
landingPage
  Field required [type=missing, input_value={'item': 'programCode'}, input_type=dict]
    For further information visit https://errors.pydantic.dev/2.8/v/missing
bureauCode
  Field required [type=missing, input_value={'item': 'programCode'}, input_type=dict]
    For further information visit https://errors.pydantic.dev/2.8/v/missing
issued
  Field required [type=missing, input_value={'item': 'programCode'}, input_type=dict]
    For further information visit https://errors.pydantic.dev/2.8/v/missing
@type
  Field required [type=missing, input_value={'item': 'programCode'}, input_type=dict]
    For further information visit https://errors.pydantic.dev/2.8/v/missing
modified
  Field required [type=missing, input_value={'item': 'programCode'}, input_type=dict]
    For further information visit https://errors.pydantic.dev/2.8/v/missing
released
  Field required [type=missing, input_value={'item': 'programCode'}, input_type=dict]
    For further information visit https://errors.pydantic.dev/2.8/v/missing
keyword
  Field required [type=missing, input_value={'item': 'programCode'}, input_type=dict]
    For further information visit https://errors.pydantic.dev/2.8/v/missing
contactPoint
  Field required [type=missing, input_value={'item': 'programCode'}, input_type=dict]
    For further information visit https://errors.pydantic.dev/2.8/v/missing
publisher
  Field required [type=missing, input_value={'item': 'programCode'}, input_type=dict]
    For further information visit https://errors.pydantic.dev/2.8/v/missing
identifier
  Field required [type=missing, input_value={'item': 'programCode'}, input_type=dict]
    For further information visit https://errors.pydantic.dev/2.8/v/missing
description
  Field required [type=missing, input_value={'item': 'programCode'}, input_type=dict]
    For further information visit https://errors.pydantic.dev/2.8/v/missing
title
  Field required [type=missing, input_value={'item': 'programCode'}, input_type=dict]
    For further information visit https://errors.pydantic.dev/2.8/v/missing
programCode
  Field required [type=missing, input_value={'item': 'programCode'}, input_type=dict]
    For further information visit https://errors.pydantic.dev/2.8/v/missing
distribution
  Field required [type=missing, input_value={'item': 'programCode'}, input_type=dict]
    For further information visit https://errors.pydantic.dev/2.8/v/missing
theme
  Field required [type=missing, input_value={'item': 'programCode'}, input_type=dict]
    For further information visit https://errors.pydantic.dev/2.8/v/missing
2024-08-23 12:40:38 - ERROR - Validation error for dataset: Unknown title
Traceback (most recent call last):
  File "C:\Users\edmun\Projects\Repositories\healthpartners-interview\src\healthpartners_interview\download.py", line 31, in fetch_datasets
    dataset = Dataset(**current_item)
              ^^^^^^^^^^^^^^^^^^^^^^^
  File "C:\Users\edmun\Projects\Repositories\healthpartners-interview\.venv\Lib\site-packages\pydantic\main.py", line 193, in __init__
    self.__pydantic_validator__.validate_python(data, self_instance=self)
pydantic_core._pydantic_core.ValidationError: 16 validation errors for Dataset
accessLevel
  Field required [type=missing, input_value={}, input_type=dict]
    For further information visit https://errors.pydantic.dev/2.8/v/missing
landingPage
  Field required [type=missing, input_value={}, input_type=dict]
    For further information visit https://errors.pydantic.dev/2.8/v/missing
bureauCode
  Field required [type=missing, input_value={}, input_type=dict]
    For further information visit https://errors.pydantic.dev/2.8/v/missing
issued
  Field required [type=missing, input_value={}, input_type=dict]
    For further information visit https://errors.pydantic.dev/2.8/v/missing
@type
  Field required [type=missing, input_value={}, input_type=dict]
    For further information visit https://errors.pydantic.dev/2.8/v/missing
modified
  Field required [type=missing, input_value={}, input_type=dict]
    For further information visit https://errors.pydantic.dev/2.8/v/missing
released
  Field required [type=missing, input_value={}, input_type=dict]
    For further information visit https://errors.pydantic.dev/2.8/v/missing
keyword
  Field required [type=missing, input_value={}, input_type=dict]
    For further information visit https://errors.pydantic.dev/2.8/v/missing
contactPoint
  Field required [type=missing, input_value={}, input_type=dict]
    For further information visit https://errors.pydantic.dev/2.8/v/missing
publisher
  Field required [type=missing, input_value={}, input_type=dict]
    For further information visit https://errors.pydantic.dev/2.8/v/missing
identifier
  Field required [type=missing, input_value={}, input_type=dict]
    For further information visit https://errors.pydantic.dev/2.8/v/missing
description
  Field required [type=missing, input_value={}, input_type=dict]
    For further information visit https://errors.pydantic.dev/2.8/v/missing
title
  Field required [type=missing, input_value={}, input_type=dict]
    For further information visit https://errors.pydantic.dev/2.8/v/missing
programCode
  Field required [type=missing, input_value={}, input_type=dict]
    For further information visit https://errors.pydantic.dev/2.8/v/missing
distribution
  Field required [type=missing, input_value={}, input_type=dict]
    For further information visit https://errors.pydantic.dev/2.8/v/missing
theme
  Field required [type=missing, input_value={}, input_type=dict]
    For further information visit https://errors.pydantic.dev/2.8/v/missing
2024-08-23 12:40:38 - ERROR - Validation error for dataset: Unknown title
Traceback (most recent call last):
  File "C:\Users\edmun\Projects\Repositories\healthpartners-interview\src\healthpartners_interview\download.py", line 31, in fetch_datasets
    dataset = Dataset(**current_item)
              ^^^^^^^^^^^^^^^^^^^^^^^
  File "C:\Users\edmun\Projects\Repositories\healthpartners-interview\.venv\Lib\site-packages\pydantic\main.py", line 193, in __init__
    self.__pydantic_validator__.validate_python(data, self_instance=self)
pydantic_core._pydantic_core.ValidationError: 16 validation errors for Dataset
accessLevel
  Field required [type=missing, input_value={}, input_type=dict]
    For further information visit https://errors.pydantic.dev/2.8/v/missing
landingPage
  Field required [type=missing, input_value={}, input_type=dict]
    For further information visit https://errors.pydantic.dev/2.8/v/missing
bureauCode
  Field required [type=missing, input_value={}, input_type=dict]
    For further information visit https://errors.pydantic.dev/2.8/v/missing
issued
  Field required [type=missing, input_value={}, input_type=dict]
    For further information visit https://errors.pydantic.dev/2.8/v/missing
@type
  Field required [type=missing, input_value={}, input_type=dict]
    For further information visit https://errors.pydantic.dev/2.8/v/missing
modified
  Field required [type=missing, input_value={}, input_type=dict]
    For further information visit https://errors.pydantic.dev/2.8/v/missing
released
  Field required [type=missing, input_value={}, input_type=dict]
    For further information visit https://errors.pydantic.dev/2.8/v/missing
keyword
  Field required [type=missing, input_value={}, input_type=dict]
    For further information visit https://errors.pydantic.dev/2.8/v/missing
contactPoint
  Field required [type=missing, input_value={}, input_type=dict]
    For further information visit https://errors.pydantic.dev/2.8/v/missing
publisher
  Field required [type=missing, input_value={}, input_type=dict]
    For further information visit https://errors.pydantic.dev/2.8/v/missing
identifier
  Field required [type=missing, input_value={}, input_type=dict]
    For further information visit https://errors.pydantic.dev/2.8/v/missing
description
  Field required [type=missing, input_value={}, input_type=dict]
    For further information visit https://errors.pydantic.dev/2.8/v/missing
title
  Field required [type=missing, input_value={}, input_type=dict]
    For further information visit https://errors.pydantic.dev/2.8/v/missing
programCode
  Field required [type=missing, input_value={}, input_type=dict]
    For further information visit https://errors.pydantic.dev/2.8/v/missing
distribution
  Field required [type=missing, input_value={}, input_type=dict]
    For further information visit https://errors.pydantic.dev/2.8/v/missing
theme
  Field required [type=missing, input_value={}, input_type=dict]
    For further information visit https://errors.pydantic.dev/2.8/v/missing
2024-08-23 12:40:38 - ERROR - Validation error for dataset: Unknown title
Traceback (most recent call last):
  File "C:\Users\edmun\Projects\Repositories\healthpartners-interview\src\healthpartners_interview\download.py", line 31, in fetch_datasets
    dataset = Dataset(**current_item)
              ^^^^^^^^^^^^^^^^^^^^^^^
  File "C:\Users\edmun\Projects\Repositories\healthpartners-interview\.venv\Lib\site-packages\pydantic\main.py", line 193, in __init__
    self.__pydantic_validator__.validate_python(data, self_instance=self)
pydantic_core._pydantic_core.ValidationError: 16 validation errors for Dataset
accessLevel
  Field required [type=missing, input_value={}, input_type=dict]
    For further information visit https://errors.pydantic.dev/2.8/v/missing
landingPage
  Field required [type=missing, input_value={}, input_type=dict]
    For further information visit https://errors.pydantic.dev/2.8/v/missing
bureauCode
  Field required [type=missing, input_value={}, input_type=dict]
    For further information visit https://errors.pydantic.dev/2.8/v/missing
issued
  Field required [type=missing, input_value={}, input_type=dict]
    For further information visit https://errors.pydantic.dev/2.8/v/missing
@type
  Field required [type=missing, input_value={}, input_type=dict]
    For further information visit https://errors.pydantic.dev/2.8/v/missing
modified
  Field required [type=missing, input_value={}, input_type=dict]
    For further information visit https://errors.pydantic.dev/2.8/v/missing
released
  Field required [type=missing, input_value={}, input_type=dict]
    For further information visit https://errors.pydantic.dev/2.8/v/missing
keyword
  Field required [type=missing, input_value={}, input_type=dict]
    For further information visit https://errors.pydantic.dev/2.8/v/missing
contactPoint
  Field required [type=missing, input_value={}, input_type=dict]
    For further information visit https://errors.pydantic.dev/2.8/v/missing
publisher
  Field required [type=missing, input_value={}, input_type=dict]
    For further information visit https://errors.pydantic.dev/2.8/v/missing
identifier
  Field required [type=missing, input_value={}, input_type=dict]
    For further information visit https://errors.pydantic.dev/2.8/v/missing
description
  Field required [type=missing, input_value={}, input_type=dict]
    For further information visit https://errors.pydantic.dev/2.8/v/missing
title
  Field required [type=missing, input_value={}, input_type=dict]
    For further information visit https://errors.pydantic.dev/2.8/v/missing
programCode
  Field required [type=missing, input_value={}, input_type=dict]
    For further information visit https://errors.pydantic.dev/2.8/v/missing
distribution
  Field required [type=missing, input_value={}, input_type=dict]
    For further information visit https://errors.pydantic.dev/2.8/v/missing
theme
  Field required [type=missing, input_value={}, input_type=dict]
    For further information visit https://errors.pydantic.dev/2.8/v/missing
2024-08-23 12:40:38 - ERROR - Validation error for dataset: Unknown title
Traceback (most recent call last):
  File "C:\Users\edmun\Projects\Repositories\healthpartners-interview\src\healthpartners_interview\download.py", line 31, in fetch_datasets
    dataset = Dataset(**current_item)
              ^^^^^^^^^^^^^^^^^^^^^^^
  File "C:\Users\edmun\Projects\Repositories\healthpartners-interview\.venv\Lib\site-packages\pydantic\main.py", line 193, in __init__
    self.__pydantic_validator__.validate_python(data, self_instance=self)
pydantic_core._pydantic_core.ValidationError: 16 validation errors for Dataset
accessLevel
  Field required [type=missing, input_value={'item': 'programCode'}, input_type=dict]
    For further information visit https://errors.pydantic.dev/2.8/v/missing
landingPage
  Field required [type=missing, input_value={'item': 'programCode'}, input_type=dict]
    For further information visit https://errors.pydantic.dev/2.8/v/missing
bureauCode
  Field required [type=missing, input_value={'item': 'programCode'}, input_type=dict]
    For further information visit https://errors.pydantic.dev/2.8/v/missing
issued
  Field required [type=missing, input_value={'item': 'programCode'}, input_type=dict]
    For further information visit https://errors.pydantic.dev/2.8/v/missing
@type
  Field required [type=missing, input_value={'item': 'programCode'}, input_type=dict]
    For further information visit https://errors.pydantic.dev/2.8/v/missing
modified
  Field required [type=missing, input_value={'item': 'programCode'}, input_type=dict]
    For further information visit https://errors.pydantic.dev/2.8/v/missing
released
  Field required [type=missing, input_value={'item': 'programCode'}, input_type=dict]
    For further information visit https://errors.pydantic.dev/2.8/v/missing
keyword
  Field required [type=missing, input_value={'item': 'programCode'}, input_type=dict]
    For further information visit https://errors.pydantic.dev/2.8/v/missing
contactPoint
  Field required [type=missing, input_value={'item': 'programCode'}, input_type=dict]
    For further information visit https://errors.pydantic.dev/2.8/v/missing
publisher
  Field required [type=missing, input_value={'item': 'programCode'}, input_type=dict]
    For further information visit https://errors.pydantic.dev/2.8/v/missing
identifier
  Field required [type=missing, input_value={'item': 'programCode'}, input_type=dict]
    For further information visit https://errors.pydantic.dev/2.8/v/missing
description
  Field required [type=missing, input_value={'item': 'programCode'}, input_type=dict]
    For further information visit https://errors.pydantic.dev/2.8/v/missing
title
  Field required [type=missing, input_value={'item': 'programCode'}, input_type=dict]
    For further information visit https://errors.pydantic.dev/2.8/v/missing
programCode
  Field required [type=missing, input_value={'item': 'programCode'}, input_type=dict]
    For further information visit https://errors.pydantic.dev/2.8/v/missing
distribution
  Field required [type=missing, input_value={'item': 'programCode'}, input_type=dict]
    For further information visit https://errors.pydantic.dev/2.8/v/missing
theme
  Field required [type=missing, input_value={'item': 'programCode'}, input_type=dict]
    For further information visit https://errors.pydantic.dev/2.8/v/missing
2024-08-23 12:40:38 - ERROR - Validation error for dataset: Unknown title
Traceback (most recent call last):
  File "C:\Users\edmun\Projects\Repositories\healthpartners-interview\src\healthpartners_interview\download.py", line 31, in fetch_datasets
    dataset = Dataset(**current_item)
              ^^^^^^^^^^^^^^^^^^^^^^^
  File "C:\Users\edmun\Projects\Repositories\healthpartners-interview\.venv\Lib\site-packages\pydantic\main.py", line 193, in __init__
    self.__pydantic_validator__.validate_python(data, self_instance=self)
pydantic_core._pydantic_core.ValidationError: 16 validation errors for Dataset
accessLevel
  Field required [type=missing, input_value={}, input_type=dict]
    For further information visit https://errors.pydantic.dev/2.8/v/missing
landingPage
  Field required [type=missing, input_value={}, input_type=dict]
    For further information visit https://errors.pydantic.dev/2.8/v/missing
bureauCode
  Field required [type=missing, input_value={}, input_type=dict]
    For further information visit https://errors.pydantic.dev/2.8/v/missing
issued
  Field required [type=missing, input_value={}, input_type=dict]
    For further information visit https://errors.pydantic.dev/2.8/v/missing
@type
  Field required [type=missing, input_value={}, input_type=dict]
    For further information visit https://errors.pydantic.dev/2.8/v/missing
modified
  Field required [type=missing, input_value={}, input_type=dict]
    For further information visit https://errors.pydantic.dev/2.8/v/missing
released
  Field required [type=missing, input_value={}, input_type=dict]
    For further information visit https://errors.pydantic.dev/2.8/v/missing
keyword
  Field required [type=missing, input_value={}, input_type=dict]
    For further information visit https://errors.pydantic.dev/2.8/v/missing
contactPoint
  Field required [type=missing, input_value={}, input_type=dict]
    For further information visit https://errors.pydantic.dev/2.8/v/missing
publisher
  Field required [type=missing, input_value={}, input_type=dict]
    For further information visit https://errors.pydantic.dev/2.8/v/missing
identifier
  Field required [type=missing, input_value={}, input_type=dict]
    For further information visit https://errors.pydantic.dev/2.8/v/missing
description
  Field required [type=missing, input_value={}, input_type=dict]
    For further information visit https://errors.pydantic.dev/2.8/v/missing
title
  Field required [type=missing, input_value={}, input_type=dict]
    For further information visit https://errors.pydantic.dev/2.8/v/missing
programCode
  Field required [type=missing, input_value={}, input_type=dict]
    For further information visit https://errors.pydantic.dev/2.8/v/missing
distribution
  Field required [type=missing, input_value={}, input_type=dict]
    For further information visit https://errors.pydantic.dev/2.8/v/missing
theme
  Field required [type=missing, input_value={}, input_type=dict]
    For further information visit https://errors.pydantic.dev/2.8/v/missing
2024-08-23 12:40:38 - ERROR - Validation error for dataset: Unknown title
Traceback (most recent call last):
  File "C:\Users\edmun\Projects\Repositories\healthpartners-interview\src\healthpartners_interview\download.py", line 31, in fetch_datasets
    dataset = Dataset(**current_item)
              ^^^^^^^^^^^^^^^^^^^^^^^
  File "C:\Users\edmun\Projects\Repositories\healthpartners-interview\.venv\Lib\site-packages\pydantic\main.py", line 193, in __init__
    self.__pydantic_validator__.validate_python(data, self_instance=self)
pydantic_core._pydantic_core.ValidationError: 16 validation errors for Dataset
accessLevel
  Field required [type=missing, input_value={}, input_type=dict]
    For further information visit https://errors.pydantic.dev/2.8/v/missing
landingPage
  Field required [type=missing, input_value={}, input_type=dict]
    For further information visit https://errors.pydantic.dev/2.8/v/missing
bureauCode
  Field required [type=missing, input_value={}, input_type=dict]
    For further information visit https://errors.pydantic.dev/2.8/v/missing
issued
  Field required [type=missing, input_value={}, input_type=dict]
    For further information visit https://errors.pydantic.dev/2.8/v/missing
@type
  Field required [type=missing, input_value={}, input_type=dict]
    For further information visit https://errors.pydantic.dev/2.8/v/missing
modified
  Field required [type=missing, input_value={}, input_type=dict]
    For further information visit https://errors.pydantic.dev/2.8/v/missing
released
  Field required [type=missing, input_value={}, input_type=dict]
    For further information visit https://errors.pydantic.dev/2.8/v/missing
keyword
  Field required [type=missing, input_value={}, input_type=dict]
    For further information visit https://errors.pydantic.dev/2.8/v/missing
contactPoint
  Field required [type=missing, input_value={}, input_type=dict]
    For further information visit https://errors.pydantic.dev/2.8/v/missing
publisher
  Field required [type=missing, input_value={}, input_type=dict]
    For further information visit https://errors.pydantic.dev/2.8/v/missing
identifier
  Field required [type=missing, input_value={}, input_type=dict]
    For further information visit https://errors.pydantic.dev/2.8/v/missing
description
  Field required [type=missing, input_value={}, input_type=dict]
    For further information visit https://errors.pydantic.dev/2.8/v/missing
title
  Field required [type=missing, input_value={}, input_type=dict]
    For further information visit https://errors.pydantic.dev/2.8/v/missing
programCode
  Field required [type=missing, input_value={}, input_type=dict]
    For further information visit https://errors.pydantic.dev/2.8/v/missing
distribution
  Field required [type=missing, input_value={}, input_type=dict]
    For further information visit https://errors.pydantic.dev/2.8/v/missing
theme
  Field required [type=missing, input_value={}, input_type=dict]
    For further information visit https://errors.pydantic.dev/2.8/v/missing
2024-08-23 12:40:38 - ERROR - Validation error for dataset: Unknown title
Traceback (most recent call last):
  File "C:\Users\edmun\Projects\Repositories\healthpartners-interview\src\healthpartners_interview\download.py", line 31, in fetch_datasets
    dataset = Dataset(**current_item)
              ^^^^^^^^^^^^^^^^^^^^^^^
  File "C:\Users\edmun\Projects\Repositories\healthpartners-interview\.venv\Lib\site-packages\pydantic\main.py", line 193, in __init__
    self.__pydantic_validator__.validate_python(data, self_instance=self)
pydantic_core._pydantic_core.ValidationError: 16 validation errors for Dataset
accessLevel
  Field required [type=missing, input_value={}, input_type=dict]
    For further information visit https://errors.pydantic.dev/2.8/v/missing
landingPage
  Field required [type=missing, input_value={}, input_type=dict]
    For further information visit https://errors.pydantic.dev/2.8/v/missing
bureauCode
  Field required [type=missing, input_value={}, input_type=dict]
    For further information visit https://errors.pydantic.dev/2.8/v/missing
issued
  Field required [type=missing, input_value={}, input_type=dict]
    For further information visit https://errors.pydantic.dev/2.8/v/missing
@type
  Field required [type=missing, input_value={}, input_type=dict]
    For further information visit https://errors.pydantic.dev/2.8/v/missing
modified
  Field required [type=missing, input_value={}, input_type=dict]
    For further information visit https://errors.pydantic.dev/2.8/v/missing
released
  Field required [type=missing, input_value={}, input_type=dict]
    For further information visit https://errors.pydantic.dev/2.8/v/missing
keyword
  Field required [type=missing, input_value={}, input_type=dict]
    For further information visit https://errors.pydantic.dev/2.8/v/missing
contactPoint
  Field required [type=missing, input_value={}, input_type=dict]
    For further information visit https://errors.pydantic.dev/2.8/v/missing
publisher
  Field required [type=missing, input_value={}, input_type=dict]
    For further information visit https://errors.pydantic.dev/2.8/v/missing
identifier
  Field required [type=missing, input_value={}, input_type=dict]
    For further information visit https://errors.pydantic.dev/2.8/v/missing
description
  Field required [type=missing, input_value={}, input_type=dict]
    For further information visit https://errors.pydantic.dev/2.8/v/missing
title
  Field required [type=missing, input_value={}, input_type=dict]
    For further information visit https://errors.pydantic.dev/2.8/v/missing
programCode
  Field required [type=missing, input_value={}, input_type=dict]
    For further information visit https://errors.pydantic.dev/2.8/v/missing
distribution
  Field required [type=missing, input_value={}, input_type=dict]
    For further information visit https://errors.pydantic.dev/2.8/v/missing
theme
  Field required [type=missing, input_value={}, input_type=dict]
    For further information visit https://errors.pydantic.dev/2.8/v/missing
2024-08-23 12:40:38 - ERROR - Validation error for dataset: Unknown title
Traceback (most recent call last):
  File "C:\Users\edmun\Projects\Repositories\healthpartners-interview\src\healthpartners_interview\download.py", line 31, in fetch_datasets
    dataset = Dataset(**current_item)
              ^^^^^^^^^^^^^^^^^^^^^^^
  File "C:\Users\edmun\Projects\Repositories\healthpartners-interview\.venv\Lib\site-packages\pydantic\main.py", line 193, in __init__
    self.__pydantic_validator__.validate_python(data, self_instance=self)
pydantic_core._pydantic_core.ValidationError: 16 validation errors for Dataset
accessLevel
  Field required [type=missing, input_value={'item': 'programCode'}, input_type=dict]
    For further information visit https://errors.pydantic.dev/2.8/v/missing
landingPage
  Field required [type=missing, input_value={'item': 'programCode'}, input_type=dict]
    For further information visit https://errors.pydantic.dev/2.8/v/missing
bureauCode
  Field required [type=missing, input_value={'item': 'programCode'}, input_type=dict]
    For further information visit https://errors.pydantic.dev/2.8/v/missing
issued
  Field required [type=missing, input_value={'item': 'programCode'}, input_type=dict]
    For further information visit https://errors.pydantic.dev/2.8/v/missing
@type
  Field required [type=missing, input_value={'item': 'programCode'}, input_type=dict]
    For further information visit https://errors.pydantic.dev/2.8/v/missing
modified
  Field required [type=missing, input_value={'item': 'programCode'}, input_type=dict]
    For further information visit https://errors.pydantic.dev/2.8/v/missing
released
  Field required [type=missing, input_value={'item': 'programCode'}, input_type=dict]
    For further information visit https://errors.pydantic.dev/2.8/v/missing
keyword
  Field required [type=missing, input_value={'item': 'programCode'}, input_type=dict]
    For further information visit https://errors.pydantic.dev/2.8/v/missing
contactPoint
  Field required [type=missing, input_value={'item': 'programCode'}, input_type=dict]
    For further information visit https://errors.pydantic.dev/2.8/v/missing
publisher
  Field required [type=missing, input_value={'item': 'programCode'}, input_type=dict]
    For further information visit https://errors.pydantic.dev/2.8/v/missing
identifier
  Field required [type=missing, input_value={'item': 'programCode'}, input_type=dict]
    For further information visit https://errors.pydantic.dev/2.8/v/missing
description
  Field required [type=missing, input_value={'item': 'programCode'}, input_type=dict]
    For further information visit https://errors.pydantic.dev/2.8/v/missing
title
  Field required [type=missing, input_value={'item': 'programCode'}, input_type=dict]
    For further information visit https://errors.pydantic.dev/2.8/v/missing
programCode
  Field required [type=missing, input_value={'item': 'programCode'}, input_type=dict]
    For further information visit https://errors.pydantic.dev/2.8/v/missing
distribution
  Field required [type=missing, input_value={'item': 'programCode'}, input_type=dict]
    For further information visit https://errors.pydantic.dev/2.8/v/missing
theme
  Field required [type=missing, input_value={'item': 'programCode'}, input_type=dict]
    For further information visit https://errors.pydantic.dev/2.8/v/missing
2024-08-23 12:40:38 - ERROR - Validation error for dataset: Unknown title
Traceback (most recent call last):
  File "C:\Users\edmun\Projects\Repositories\healthpartners-interview\src\healthpartners_interview\download.py", line 31, in fetch_datasets
    dataset = Dataset(**current_item)
              ^^^^^^^^^^^^^^^^^^^^^^^
  File "C:\Users\edmun\Projects\Repositories\healthpartners-interview\.venv\Lib\site-packages\pydantic\main.py", line 193, in __init__
    self.__pydantic_validator__.validate_python(data, self_instance=self)
pydantic_core._pydantic_core.ValidationError: 16 validation errors for Dataset
accessLevel
  Field required [type=missing, input_value={}, input_type=dict]
    For further information visit https://errors.pydantic.dev/2.8/v/missing
landingPage
  Field required [type=missing, input_value={}, input_type=dict]
    For further information visit https://errors.pydantic.dev/2.8/v/missing
bureauCode
  Field required [type=missing, input_value={}, input_type=dict]
    For further information visit https://errors.pydantic.dev/2.8/v/missing
issued
  Field required [type=missing, input_value={}, input_type=dict]
    For further information visit https://errors.pydantic.dev/2.8/v/missing
@type
  Field required [type=missing, input_value={}, input_type=dict]
    For further information visit https://errors.pydantic.dev/2.8/v/missing
modified
  Field required [type=missing, input_value={}, input_type=dict]
    For further information visit https://errors.pydantic.dev/2.8/v/missing
released
  Field required [type=missing, input_value={}, input_type=dict]
    For further information visit https://errors.pydantic.dev/2.8/v/missing
keyword
  Field required [type=missing, input_value={}, input_type=dict]
    For further information visit https://errors.pydantic.dev/2.8/v/missing
contactPoint
  Field required [type=missing, input_value={}, input_type=dict]
    For further information visit https://errors.pydantic.dev/2.8/v/missing
publisher
  Field required [type=missing, input_value={}, input_type=dict]
    For further information visit https://errors.pydantic.dev/2.8/v/missing
identifier
  Field required [type=missing, input_value={}, input_type=dict]
    For further information visit https://errors.pydantic.dev/2.8/v/missing
description
  Field required [type=missing, input_value={}, input_type=dict]
    For further information visit https://errors.pydantic.dev/2.8/v/missing
title
  Field required [type=missing, input_value={}, input_type=dict]
    For further information visit https://errors.pydantic.dev/2.8/v/missing
programCode
  Field required [type=missing, input_value={}, input_type=dict]
    For further information visit https://errors.pydantic.dev/2.8/v/missing
distribution
  Field required [type=missing, input_value={}, input_type=dict]
    For further information visit https://errors.pydantic.dev/2.8/v/missing
theme
  Field required [type=missing, input_value={}, input_type=dict]
    For further information visit https://errors.pydantic.dev/2.8/v/missing
2024-08-23 12:40:38 - ERROR - Validation error for dataset: Unknown title
Traceback (most recent call last):
  File "C:\Users\edmun\Projects\Repositories\healthpartners-interview\src\healthpartners_interview\download.py", line 31, in fetch_datasets
    dataset = Dataset(**current_item)
              ^^^^^^^^^^^^^^^^^^^^^^^
  File "C:\Users\edmun\Projects\Repositories\healthpartners-interview\.venv\Lib\site-packages\pydantic\main.py", line 193, in __init__
    self.__pydantic_validator__.validate_python(data, self_instance=self)
pydantic_core._pydantic_core.ValidationError: 16 validation errors for Dataset
accessLevel
  Field required [type=missing, input_value={}, input_type=dict]
    For further information visit https://errors.pydantic.dev/2.8/v/missing
landingPage
  Field required [type=missing, input_value={}, input_type=dict]
    For further information visit https://errors.pydantic.dev/2.8/v/missing
bureauCode
  Field required [type=missing, input_value={}, input_type=dict]
    For further information visit https://errors.pydantic.dev/2.8/v/missing
issued
  Field required [type=missing, input_value={}, input_type=dict]
    For further information visit https://errors.pydantic.dev/2.8/v/missing
@type
  Field required [type=missing, input_value={}, input_type=dict]
    For further information visit https://errors.pydantic.dev/2.8/v/missing
modified
  Field required [type=missing, input_value={}, input_type=dict]
    For further information visit https://errors.pydantic.dev/2.8/v/missing
released
  Field required [type=missing, input_value={}, input_type=dict]
    For further information visit https://errors.pydantic.dev/2.8/v/missing
keyword
  Field required [type=missing, input_value={}, input_type=dict]
    For further information visit https://errors.pydantic.dev/2.8/v/missing
contactPoint
  Field required [type=missing, input_value={}, input_type=dict]
    For further information visit https://errors.pydantic.dev/2.8/v/missing
publisher
  Field required [type=missing, input_value={}, input_type=dict]
    For further information visit https://errors.pydantic.dev/2.8/v/missing
identifier
  Field required [type=missing, input_value={}, input_type=dict]
    For further information visit https://errors.pydantic.dev/2.8/v/missing
description
  Field required [type=missing, input_value={}, input_type=dict]
    For further information visit https://errors.pydantic.dev/2.8/v/missing
title
  Field required [type=missing, input_value={}, input_type=dict]
    For further information visit https://errors.pydantic.dev/2.8/v/missing
programCode
  Field required [type=missing, input_value={}, input_type=dict]
    For further information visit https://errors.pydantic.dev/2.8/v/missing
distribution
  Field required [type=missing, input_value={}, input_type=dict]
    For further information visit https://errors.pydantic.dev/2.8/v/missing
theme
  Field required [type=missing, input_value={}, input_type=dict]
    For further information visit https://errors.pydantic.dev/2.8/v/missing
2024-08-23 12:40:38 - ERROR - Validation error for dataset: Unknown title
Traceback (most recent call last):
  File "C:\Users\edmun\Projects\Repositories\healthpartners-interview\src\healthpartners_interview\download.py", line 31, in fetch_datasets
    dataset = Dataset(**current_item)
              ^^^^^^^^^^^^^^^^^^^^^^^
  File "C:\Users\edmun\Projects\Repositories\healthpartners-interview\.venv\Lib\site-packages\pydantic\main.py", line 193, in __init__
    self.__pydantic_validator__.validate_python(data, self_instance=self)
pydantic_core._pydantic_core.ValidationError: 16 validation errors for Dataset
accessLevel
  Field required [type=missing, input_value={}, input_type=dict]
    For further information visit https://errors.pydantic.dev/2.8/v/missing
landingPage
  Field required [type=missing, input_value={}, input_type=dict]
    For further information visit https://errors.pydantic.dev/2.8/v/missing
bureauCode
  Field required [type=missing, input_value={}, input_type=dict]
    For further information visit https://errors.pydantic.dev/2.8/v/missing
issued
  Field required [type=missing, input_value={}, input_type=dict]
    For further information visit https://errors.pydantic.dev/2.8/v/missing
@type
  Field required [type=missing, input_value={}, input_type=dict]
    For further information visit https://errors.pydantic.dev/2.8/v/missing
modified
  Field required [type=missing, input_value={}, input_type=dict]
    For further information visit https://errors.pydantic.dev/2.8/v/missing
released
  Field required [type=missing, input_value={}, input_type=dict]
    For further information visit https://errors.pydantic.dev/2.8/v/missing
keyword
  Field required [type=missing, input_value={}, input_type=dict]
    For further information visit https://errors.pydantic.dev/2.8/v/missing
contactPoint
  Field required [type=missing, input_value={}, input_type=dict]
    For further information visit https://errors.pydantic.dev/2.8/v/missing
publisher
  Field required [type=missing, input_value={}, input_type=dict]
    For further information visit https://errors.pydantic.dev/2.8/v/missing
identifier
  Field required [type=missing, input_value={}, input_type=dict]
    For further information visit https://errors.pydantic.dev/2.8/v/missing
description
  Field required [type=missing, input_value={}, input_type=dict]
    For further information visit https://errors.pydantic.dev/2.8/v/missing
title
  Field required [type=missing, input_value={}, input_type=dict]
    For further information visit https://errors.pydantic.dev/2.8/v/missing
programCode
  Field required [type=missing, input_value={}, input_type=dict]
    For further information visit https://errors.pydantic.dev/2.8/v/missing
distribution
  Field required [type=missing, input_value={}, input_type=dict]
    For further information visit https://errors.pydantic.dev/2.8/v/missing
theme
  Field required [type=missing, input_value={}, input_type=dict]
    For further information visit https://errors.pydantic.dev/2.8/v/missing
2024-08-23 12:40:38 - ERROR - Validation error for dataset: Unknown title
Traceback (most recent call last):
  File "C:\Users\edmun\Projects\Repositories\healthpartners-interview\src\healthpartners_interview\download.py", line 31, in fetch_datasets
    dataset = Dataset(**current_item)
              ^^^^^^^^^^^^^^^^^^^^^^^
  File "C:\Users\edmun\Projects\Repositories\healthpartners-interview\.venv\Lib\site-packages\pydantic\main.py", line 193, in __init__
    self.__pydantic_validator__.validate_python(data, self_instance=self)
pydantic_core._pydantic_core.ValidationError: 16 validation errors for Dataset
accessLevel
  Field required [type=missing, input_value={'item': 'programCode'}, input_type=dict]
    For further information visit https://errors.pydantic.dev/2.8/v/missing
landingPage
  Field required [type=missing, input_value={'item': 'programCode'}, input_type=dict]
    For further information visit https://errors.pydantic.dev/2.8/v/missing
bureauCode
  Field required [type=missing, input_value={'item': 'programCode'}, input_type=dict]
    For further information visit https://errors.pydantic.dev/2.8/v/missing
issued
  Field required [type=missing, input_value={'item': 'programCode'}, input_type=dict]
    For further information visit https://errors.pydantic.dev/2.8/v/missing
@type
  Field required [type=missing, input_value={'item': 'programCode'}, input_type=dict]
    For further information visit https://errors.pydantic.dev/2.8/v/missing
modified
  Field required [type=missing, input_value={'item': 'programCode'}, input_type=dict]
    For further information visit https://errors.pydantic.dev/2.8/v/missing
released
  Field required [type=missing, input_value={'item': 'programCode'}, input_type=dict]
    For further information visit https://errors.pydantic.dev/2.8/v/missing
keyword
  Field required [type=missing, input_value={'item': 'programCode'}, input_type=dict]
    For further information visit https://errors.pydantic.dev/2.8/v/missing
contactPoint
  Field required [type=missing, input_value={'item': 'programCode'}, input_type=dict]
    For further information visit https://errors.pydantic.dev/2.8/v/missing
publisher
  Field required [type=missing, input_value={'item': 'programCode'}, input_type=dict]
    For further information visit https://errors.pydantic.dev/2.8/v/missing
identifier
  Field required [type=missing, input_value={'item': 'programCode'}, input_type=dict]
    For further information visit https://errors.pydantic.dev/2.8/v/missing
description
  Field required [type=missing, input_value={'item': 'programCode'}, input_type=dict]
    For further information visit https://errors.pydantic.dev/2.8/v/missing
title
  Field required [type=missing, input_value={'item': 'programCode'}, input_type=dict]
    For further information visit https://errors.pydantic.dev/2.8/v/missing
programCode
  Field required [type=missing, input_value={'item': 'programCode'}, input_type=dict]
    For further information visit https://errors.pydantic.dev/2.8/v/missing
distribution
  Field required [type=missing, input_value={'item': 'programCode'}, input_type=dict]
    For further information visit https://errors.pydantic.dev/2.8/v/missing
theme
  Field required [type=missing, input_value={'item': 'programCode'}, input_type=dict]
    For further information visit https://errors.pydantic.dev/2.8/v/missing
2024-08-23 12:40:38 - ERROR - Validation error for dataset: Unknown title
Traceback (most recent call last):
  File "C:\Users\edmun\Projects\Repositories\healthpartners-interview\src\healthpartners_interview\download.py", line 31, in fetch_datasets
    dataset = Dataset(**current_item)
              ^^^^^^^^^^^^^^^^^^^^^^^
  File "C:\Users\edmun\Projects\Repositories\healthpartners-interview\.venv\Lib\site-packages\pydantic\main.py", line 193, in __init__
    self.__pydantic_validator__.validate_python(data, self_instance=self)
pydantic_core._pydantic_core.ValidationError: 16 validation errors for Dataset
accessLevel
  Field required [type=missing, input_value={}, input_type=dict]
    For further information visit https://errors.pydantic.dev/2.8/v/missing
landingPage
  Field required [type=missing, input_value={}, input_type=dict]
    For further information visit https://errors.pydantic.dev/2.8/v/missing
bureauCode
  Field required [type=missing, input_value={}, input_type=dict]
    For further information visit https://errors.pydantic.dev/2.8/v/missing
issued
  Field required [type=missing, input_value={}, input_type=dict]
    For further information visit https://errors.pydantic.dev/2.8/v/missing
@type
  Field required [type=missing, input_value={}, input_type=dict]
    For further information visit https://errors.pydantic.dev/2.8/v/missing
modified
  Field required [type=missing, input_value={}, input_type=dict]
    For further information visit https://errors.pydantic.dev/2.8/v/missing
released
  Field required [type=missing, input_value={}, input_type=dict]
    For further information visit https://errors.pydantic.dev/2.8/v/missing
keyword
  Field required [type=missing, input_value={}, input_type=dict]
    For further information visit https://errors.pydantic.dev/2.8/v/missing
contactPoint
  Field required [type=missing, input_value={}, input_type=dict]
    For further information visit https://errors.pydantic.dev/2.8/v/missing
publisher
  Field required [type=missing, input_value={}, input_type=dict]
    For further information visit https://errors.pydantic.dev/2.8/v/missing
identifier
  Field required [type=missing, input_value={}, input_type=dict]
    For further information visit https://errors.pydantic.dev/2.8/v/missing
description
  Field required [type=missing, input_value={}, input_type=dict]
    For further information visit https://errors.pydantic.dev/2.8/v/missing
title
  Field required [type=missing, input_value={}, input_type=dict]
    For further information visit https://errors.pydantic.dev/2.8/v/missing
programCode
  Field required [type=missing, input_value={}, input_type=dict]
    For further information visit https://errors.pydantic.dev/2.8/v/missing
distribution
  Field required [type=missing, input_value={}, input_type=dict]
    For further information visit https://errors.pydantic.dev/2.8/v/missing
theme
  Field required [type=missing, input_value={}, input_type=dict]
    For further information visit https://errors.pydantic.dev/2.8/v/missing
2024-08-23 12:40:38 - ERROR - Validation error for dataset: Unknown title
Traceback (most recent call last):
  File "C:\Users\edmun\Projects\Repositories\healthpartners-interview\src\healthpartners_interview\download.py", line 31, in fetch_datasets
    dataset = Dataset(**current_item)
              ^^^^^^^^^^^^^^^^^^^^^^^
  File "C:\Users\edmun\Projects\Repositories\healthpartners-interview\.venv\Lib\site-packages\pydantic\main.py", line 193, in __init__
    self.__pydantic_validator__.validate_python(data, self_instance=self)
pydantic_core._pydantic_core.ValidationError: 16 validation errors for Dataset
accessLevel
  Field required [type=missing, input_value={}, input_type=dict]
    For further information visit https://errors.pydantic.dev/2.8/v/missing
landingPage
  Field required [type=missing, input_value={}, input_type=dict]
    For further information visit https://errors.pydantic.dev/2.8/v/missing
bureauCode
  Field required [type=missing, input_value={}, input_type=dict]
    For further information visit https://errors.pydantic.dev/2.8/v/missing
issued
  Field required [type=missing, input_value={}, input_type=dict]
    For further information visit https://errors.pydantic.dev/2.8/v/missing
@type
  Field required [type=missing, input_value={}, input_type=dict]
    For further information visit https://errors.pydantic.dev/2.8/v/missing
modified
  Field required [type=missing, input_value={}, input_type=dict]
    For further information visit https://errors.pydantic.dev/2.8/v/missing
released
  Field required [type=missing, input_value={}, input_type=dict]
    For further information visit https://errors.pydantic.dev/2.8/v/missing
keyword
  Field required [type=missing, input_value={}, input_type=dict]
    For further information visit https://errors.pydantic.dev/2.8/v/missing
contactPoint
  Field required [type=missing, input_value={}, input_type=dict]
    For further information visit https://errors.pydantic.dev/2.8/v/missing
publisher
  Field required [type=missing, input_value={}, input_type=dict]
    For further information visit https://errors.pydantic.dev/2.8/v/missing
identifier
  Field required [type=missing, input_value={}, input_type=dict]
    For further information visit https://errors.pydantic.dev/2.8/v/missing
description
  Field required [type=missing, input_value={}, input_type=dict]
    For further information visit https://errors.pydantic.dev/2.8/v/missing
title
  Field required [type=missing, input_value={}, input_type=dict]
    For further information visit https://errors.pydantic.dev/2.8/v/missing
programCode
  Field required [type=missing, input_value={}, input_type=dict]
    For further information visit https://errors.pydantic.dev/2.8/v/missing
distribution
  Field required [type=missing, input_value={}, input_type=dict]
    For further information visit https://errors.pydantic.dev/2.8/v/missing
theme
  Field required [type=missing, input_value={}, input_type=dict]
    For further information visit https://errors.pydantic.dev/2.8/v/missing
2024-08-23 12:40:38 - ERROR - Validation error for dataset: Unknown title
Traceback (most recent call last):
  File "C:\Users\edmun\Projects\Repositories\healthpartners-interview\src\healthpartners_interview\download.py", line 31, in fetch_datasets
    dataset = Dataset(**current_item)
              ^^^^^^^^^^^^^^^^^^^^^^^
  File "C:\Users\edmun\Projects\Repositories\healthpartners-interview\.venv\Lib\site-packages\pydantic\main.py", line 193, in __init__
    self.__pydantic_validator__.validate_python(data, self_instance=self)
pydantic_core._pydantic_core.ValidationError: 16 validation errors for Dataset
accessLevel
  Field required [type=missing, input_value={}, input_type=dict]
    For further information visit https://errors.pydantic.dev/2.8/v/missing
landingPage
  Field required [type=missing, input_value={}, input_type=dict]
    For further information visit https://errors.pydantic.dev/2.8/v/missing
bureauCode
  Field required [type=missing, input_value={}, input_type=dict]
    For further information visit https://errors.pydantic.dev/2.8/v/missing
issued
  Field required [type=missing, input_value={}, input_type=dict]
    For further information visit https://errors.pydantic.dev/2.8/v/missing
@type
  Field required [type=missing, input_value={}, input_type=dict]
    For further information visit https://errors.pydantic.dev/2.8/v/missing
modified
  Field required [type=missing, input_value={}, input_type=dict]
    For further information visit https://errors.pydantic.dev/2.8/v/missing
released
  Field required [type=missing, input_value={}, input_type=dict]
    For further information visit https://errors.pydantic.dev/2.8/v/missing
keyword
  Field required [type=missing, input_value={}, input_type=dict]
    For further information visit https://errors.pydantic.dev/2.8/v/missing
contactPoint
  Field required [type=missing, input_value={}, input_type=dict]
    For further information visit https://errors.pydantic.dev/2.8/v/missing
publisher
  Field required [type=missing, input_value={}, input_type=dict]
    For further information visit https://errors.pydantic.dev/2.8/v/missing
identifier
  Field required [type=missing, input_value={}, input_type=dict]
    For further information visit https://errors.pydantic.dev/2.8/v/missing
description
  Field required [type=missing, input_value={}, input_type=dict]
    For further information visit https://errors.pydantic.dev/2.8/v/missing
title
  Field required [type=missing, input_value={}, input_type=dict]
    For further information visit https://errors.pydantic.dev/2.8/v/missing
programCode
  Field required [type=missing, input_value={}, input_type=dict]
    For further information visit https://errors.pydantic.dev/2.8/v/missing
distribution
  Field required [type=missing, input_value={}, input_type=dict]
    For further information visit https://errors.pydantic.dev/2.8/v/missing
theme
  Field required [type=missing, input_value={}, input_type=dict]
    For further information visit https://errors.pydantic.dev/2.8/v/missing
2024-08-23 12:40:38 - ERROR - Validation error for dataset: Unknown title
Traceback (most recent call last):
  File "C:\Users\edmun\Projects\Repositories\healthpartners-interview\src\healthpartners_interview\download.py", line 31, in fetch_datasets
    dataset = Dataset(**current_item)
              ^^^^^^^^^^^^^^^^^^^^^^^
  File "C:\Users\edmun\Projects\Repositories\healthpartners-interview\.venv\Lib\site-packages\pydantic\main.py", line 193, in __init__
    self.__pydantic_validator__.validate_python(data, self_instance=self)
pydantic_core._pydantic_core.ValidationError: 16 validation errors for Dataset
accessLevel
  Field required [type=missing, input_value={'item': 'programCode'}, input_type=dict]
    For further information visit https://errors.pydantic.dev/2.8/v/missing
landingPage
  Field required [type=missing, input_value={'item': 'programCode'}, input_type=dict]
    For further information visit https://errors.pydantic.dev/2.8/v/missing
bureauCode
  Field required [type=missing, input_value={'item': 'programCode'}, input_type=dict]
    For further information visit https://errors.pydantic.dev/2.8/v/missing
issued
  Field required [type=missing, input_value={'item': 'programCode'}, input_type=dict]
    For further information visit https://errors.pydantic.dev/2.8/v/missing
@type
  Field required [type=missing, input_value={'item': 'programCode'}, input_type=dict]
    For further information visit https://errors.pydantic.dev/2.8/v/missing
modified
  Field required [type=missing, input_value={'item': 'programCode'}, input_type=dict]
    For further information visit https://errors.pydantic.dev/2.8/v/missing
released
  Field required [type=missing, input_value={'item': 'programCode'}, input_type=dict]
    For further information visit https://errors.pydantic.dev/2.8/v/missing
keyword
  Field required [type=missing, input_value={'item': 'programCode'}, input_type=dict]
    For further information visit https://errors.pydantic.dev/2.8/v/missing
contactPoint
  Field required [type=missing, input_value={'item': 'programCode'}, input_type=dict]
    For further information visit https://errors.pydantic.dev/2.8/v/missing
publisher
  Field required [type=missing, input_value={'item': 'programCode'}, input_type=dict]
    For further information visit https://errors.pydantic.dev/2.8/v/missing
identifier
  Field required [type=missing, input_value={'item': 'programCode'}, input_type=dict]
    For further information visit https://errors.pydantic.dev/2.8/v/missing
description
  Field required [type=missing, input_value={'item': 'programCode'}, input_type=dict]
    For further information visit https://errors.pydantic.dev/2.8/v/missing
title
  Field required [type=missing, input_value={'item': 'programCode'}, input_type=dict]
    For further information visit https://errors.pydantic.dev/2.8/v/missing
programCode
  Field required [type=missing, input_value={'item': 'programCode'}, input_type=dict]
    For further information visit https://errors.pydantic.dev/2.8/v/missing
distribution
  Field required [type=missing, input_value={'item': 'programCode'}, input_type=dict]
    For further information visit https://errors.pydantic.dev/2.8/v/missing
theme
  Field required [type=missing, input_value={'item': 'programCode'}, input_type=dict]
    For further information visit https://errors.pydantic.dev/2.8/v/missing
2024-08-23 12:40:38 - ERROR - Validation error for dataset: Unknown title
Traceback (most recent call last):
  File "C:\Users\edmun\Projects\Repositories\healthpartners-interview\src\healthpartners_interview\download.py", line 31, in fetch_datasets
    dataset = Dataset(**current_item)
              ^^^^^^^^^^^^^^^^^^^^^^^
  File "C:\Users\edmun\Projects\Repositories\healthpartners-interview\.venv\Lib\site-packages\pydantic\main.py", line 193, in __init__
    self.__pydantic_validator__.validate_python(data, self_instance=self)
pydantic_core._pydantic_core.ValidationError: 16 validation errors for Dataset
accessLevel
  Field required [type=missing, input_value={}, input_type=dict]
    For further information visit https://errors.pydantic.dev/2.8/v/missing
landingPage
  Field required [type=missing, input_value={}, input_type=dict]
    For further information visit https://errors.pydantic.dev/2.8/v/missing
bureauCode
  Field required [type=missing, input_value={}, input_type=dict]
    For further information visit https://errors.pydantic.dev/2.8/v/missing
issued
  Field required [type=missing, input_value={}, input_type=dict]
    For further information visit https://errors.pydantic.dev/2.8/v/missing
@type
  Field required [type=missing, input_value={}, input_type=dict]
    For further information visit https://errors.pydantic.dev/2.8/v/missing
modified
  Field required [type=missing, input_value={}, input_type=dict]
    For further information visit https://errors.pydantic.dev/2.8/v/missing
released
  Field required [type=missing, input_value={}, input_type=dict]
    For further information visit https://errors.pydantic.dev/2.8/v/missing
keyword
  Field required [type=missing, input_value={}, input_type=dict]
    For further information visit https://errors.pydantic.dev/2.8/v/missing
contactPoint
  Field required [type=missing, input_value={}, input_type=dict]
    For further information visit https://errors.pydantic.dev/2.8/v/missing
publisher
  Field required [type=missing, input_value={}, input_type=dict]
    For further information visit https://errors.pydantic.dev/2.8/v/missing
identifier
  Field required [type=missing, input_value={}, input_type=dict]
    For further information visit https://errors.pydantic.dev/2.8/v/missing
description
  Field required [type=missing, input_value={}, input_type=dict]
    For further information visit https://errors.pydantic.dev/2.8/v/missing
title
  Field required [type=missing, input_value={}, input_type=dict]
    For further information visit https://errors.pydantic.dev/2.8/v/missing
programCode
  Field required [type=missing, input_value={}, input_type=dict]
    For further information visit https://errors.pydantic.dev/2.8/v/missing
distribution
  Field required [type=missing, input_value={}, input_type=dict]
    For further information visit https://errors.pydantic.dev/2.8/v/missing
theme
  Field required [type=missing, input_value={}, input_type=dict]
    For further information visit https://errors.pydantic.dev/2.8/v/missing
2024-08-23 12:40:38 - ERROR - Validation error for dataset: Unknown title
Traceback (most recent call last):
  File "C:\Users\edmun\Projects\Repositories\healthpartners-interview\src\healthpartners_interview\download.py", line 31, in fetch_datasets
    dataset = Dataset(**current_item)
              ^^^^^^^^^^^^^^^^^^^^^^^
  File "C:\Users\edmun\Projects\Repositories\healthpartners-interview\.venv\Lib\site-packages\pydantic\main.py", line 193, in __init__
    self.__pydantic_validator__.validate_python(data, self_instance=self)
pydantic_core._pydantic_core.ValidationError: 16 validation errors for Dataset
accessLevel
  Field required [type=missing, input_value={}, input_type=dict]
    For further information visit https://errors.pydantic.dev/2.8/v/missing
landingPage
  Field required [type=missing, input_value={}, input_type=dict]
    For further information visit https://errors.pydantic.dev/2.8/v/missing
bureauCode
  Field required [type=missing, input_value={}, input_type=dict]
    For further information visit https://errors.pydantic.dev/2.8/v/missing
issued
  Field required [type=missing, input_value={}, input_type=dict]
    For further information visit https://errors.pydantic.dev/2.8/v/missing
@type
  Field required [type=missing, input_value={}, input_type=dict]
    For further information visit https://errors.pydantic.dev/2.8/v/missing
modified
  Field required [type=missing, input_value={}, input_type=dict]
    For further information visit https://errors.pydantic.dev/2.8/v/missing
released
  Field required [type=missing, input_value={}, input_type=dict]
    For further information visit https://errors.pydantic.dev/2.8/v/missing
keyword
  Field required [type=missing, input_value={}, input_type=dict]
    For further information visit https://errors.pydantic.dev/2.8/v/missing
contactPoint
  Field required [type=missing, input_value={}, input_type=dict]
    For further information visit https://errors.pydantic.dev/2.8/v/missing
publisher
  Field required [type=missing, input_value={}, input_type=dict]
    For further information visit https://errors.pydantic.dev/2.8/v/missing
identifier
  Field required [type=missing, input_value={}, input_type=dict]
    For further information visit https://errors.pydantic.dev/2.8/v/missing
description
  Field required [type=missing, input_value={}, input_type=dict]
    For further information visit https://errors.pydantic.dev/2.8/v/missing
title
  Field required [type=missing, input_value={}, input_type=dict]
    For further information visit https://errors.pydantic.dev/2.8/v/missing
programCode
  Field required [type=missing, input_value={}, input_type=dict]
    For further information visit https://errors.pydantic.dev/2.8/v/missing
distribution
  Field required [type=missing, input_value={}, input_type=dict]
    For further information visit https://errors.pydantic.dev/2.8/v/missing
theme
  Field required [type=missing, input_value={}, input_type=dict]
    For further information visit https://errors.pydantic.dev/2.8/v/missing
2024-08-23 12:40:38 - ERROR - Validation error for dataset: Unknown title
Traceback (most recent call last):
  File "C:\Users\edmun\Projects\Repositories\healthpartners-interview\src\healthpartners_interview\download.py", line 31, in fetch_datasets
    dataset = Dataset(**current_item)
              ^^^^^^^^^^^^^^^^^^^^^^^
  File "C:\Users\edmun\Projects\Repositories\healthpartners-interview\.venv\Lib\site-packages\pydantic\main.py", line 193, in __init__
    self.__pydantic_validator__.validate_python(data, self_instance=self)
pydantic_core._pydantic_core.ValidationError: 16 validation errors for Dataset
accessLevel
  Field required [type=missing, input_value={}, input_type=dict]
    For further information visit https://errors.pydantic.dev/2.8/v/missing
landingPage
  Field required [type=missing, input_value={}, input_type=dict]
    For further information visit https://errors.pydantic.dev/2.8/v/missing
bureauCode
  Field required [type=missing, input_value={}, input_type=dict]
    For further information visit https://errors.pydantic.dev/2.8/v/missing
issued
  Field required [type=missing, input_value={}, input_type=dict]
    For further information visit https://errors.pydantic.dev/2.8/v/missing
@type
  Field required [type=missing, input_value={}, input_type=dict]
    For further information visit https://errors.pydantic.dev/2.8/v/missing
modified
  Field required [type=missing, input_value={}, input_type=dict]
    For further information visit https://errors.pydantic.dev/2.8/v/missing
released
  Field required [type=missing, input_value={}, input_type=dict]
    For further information visit https://errors.pydantic.dev/2.8/v/missing
keyword
  Field required [type=missing, input_value={}, input_type=dict]
    For further information visit https://errors.pydantic.dev/2.8/v/missing
contactPoint
  Field required [type=missing, input_value={}, input_type=dict]
    For further information visit https://errors.pydantic.dev/2.8/v/missing
publisher
  Field required [type=missing, input_value={}, input_type=dict]
    For further information visit https://errors.pydantic.dev/2.8/v/missing
identifier
  Field required [type=missing, input_value={}, input_type=dict]
    For further information visit https://errors.pydantic.dev/2.8/v/missing
description
  Field required [type=missing, input_value={}, input_type=dict]
    For further information visit https://errors.pydantic.dev/2.8/v/missing
title
  Field required [type=missing, input_value={}, input_type=dict]
    For further information visit https://errors.pydantic.dev/2.8/v/missing
programCode
  Field required [type=missing, input_value={}, input_type=dict]
    For further information visit https://errors.pydantic.dev/2.8/v/missing
distribution
  Field required [type=missing, input_value={}, input_type=dict]
    For further information visit https://errors.pydantic.dev/2.8/v/missing
theme
  Field required [type=missing, input_value={}, input_type=dict]
    For further information visit https://errors.pydantic.dev/2.8/v/missing
2024-08-23 12:40:38 - ERROR - Validation error for dataset: Unknown title
Traceback (most recent call last):
  File "C:\Users\edmun\Projects\Repositories\healthpartners-interview\src\healthpartners_interview\download.py", line 31, in fetch_datasets
    dataset = Dataset(**current_item)
              ^^^^^^^^^^^^^^^^^^^^^^^
  File "C:\Users\edmun\Projects\Repositories\healthpartners-interview\.venv\Lib\site-packages\pydantic\main.py", line 193, in __init__
    self.__pydantic_validator__.validate_python(data, self_instance=self)
pydantic_core._pydantic_core.ValidationError: 16 validation errors for Dataset
accessLevel
  Field required [type=missing, input_value={'item': 'programCode'}, input_type=dict]
    For further information visit https://errors.pydantic.dev/2.8/v/missing
landingPage
  Field required [type=missing, input_value={'item': 'programCode'}, input_type=dict]
    For further information visit https://errors.pydantic.dev/2.8/v/missing
bureauCode
  Field required [type=missing, input_value={'item': 'programCode'}, input_type=dict]
    For further information visit https://errors.pydantic.dev/2.8/v/missing
issued
  Field required [type=missing, input_value={'item': 'programCode'}, input_type=dict]
    For further information visit https://errors.pydantic.dev/2.8/v/missing
@type
  Field required [type=missing, input_value={'item': 'programCode'}, input_type=dict]
    For further information visit https://errors.pydantic.dev/2.8/v/missing
modified
  Field required [type=missing, input_value={'item': 'programCode'}, input_type=dict]
    For further information visit https://errors.pydantic.dev/2.8/v/missing
released
  Field required [type=missing, input_value={'item': 'programCode'}, input_type=dict]
    For further information visit https://errors.pydantic.dev/2.8/v/missing
keyword
  Field required [type=missing, input_value={'item': 'programCode'}, input_type=dict]
    For further information visit https://errors.pydantic.dev/2.8/v/missing
contactPoint
  Field required [type=missing, input_value={'item': 'programCode'}, input_type=dict]
    For further information visit https://errors.pydantic.dev/2.8/v/missing
publisher
  Field required [type=missing, input_value={'item': 'programCode'}, input_type=dict]
    For further information visit https://errors.pydantic.dev/2.8/v/missing
identifier
  Field required [type=missing, input_value={'item': 'programCode'}, input_type=dict]
    For further information visit https://errors.pydantic.dev/2.8/v/missing
description
  Field required [type=missing, input_value={'item': 'programCode'}, input_type=dict]
    For further information visit https://errors.pydantic.dev/2.8/v/missing
title
  Field required [type=missing, input_value={'item': 'programCode'}, input_type=dict]
    For further information visit https://errors.pydantic.dev/2.8/v/missing
programCode
  Field required [type=missing, input_value={'item': 'programCode'}, input_type=dict]
    For further information visit https://errors.pydantic.dev/2.8/v/missing
distribution
  Field required [type=missing, input_value={'item': 'programCode'}, input_type=dict]
    For further information visit https://errors.pydantic.dev/2.8/v/missing
theme
  Field required [type=missing, input_value={'item': 'programCode'}, input_type=dict]
    For further information visit https://errors.pydantic.dev/2.8/v/missing
2024-08-23 12:40:38 - ERROR - Validation error for dataset: Unknown title
Traceback (most recent call last):
  File "C:\Users\edmun\Projects\Repositories\healthpartners-interview\src\healthpartners_interview\download.py", line 31, in fetch_datasets
    dataset = Dataset(**current_item)
              ^^^^^^^^^^^^^^^^^^^^^^^
  File "C:\Users\edmun\Projects\Repositories\healthpartners-interview\.venv\Lib\site-packages\pydantic\main.py", line 193, in __init__
    self.__pydantic_validator__.validate_python(data, self_instance=self)
pydantic_core._pydantic_core.ValidationError: 16 validation errors for Dataset
accessLevel
  Field required [type=missing, input_value={}, input_type=dict]
    For further information visit https://errors.pydantic.dev/2.8/v/missing
landingPage
  Field required [type=missing, input_value={}, input_type=dict]
    For further information visit https://errors.pydantic.dev/2.8/v/missing
bureauCode
  Field required [type=missing, input_value={}, input_type=dict]
    For further information visit https://errors.pydantic.dev/2.8/v/missing
issued
  Field required [type=missing, input_value={}, input_type=dict]
    For further information visit https://errors.pydantic.dev/2.8/v/missing
@type
  Field required [type=missing, input_value={}, input_type=dict]
    For further information visit https://errors.pydantic.dev/2.8/v/missing
modified
  Field required [type=missing, input_value={}, input_type=dict]
    For further information visit https://errors.pydantic.dev/2.8/v/missing
released
  Field required [type=missing, input_value={}, input_type=dict]
    For further information visit https://errors.pydantic.dev/2.8/v/missing
keyword
  Field required [type=missing, input_value={}, input_type=dict]
    For further information visit https://errors.pydantic.dev/2.8/v/missing
contactPoint
  Field required [type=missing, input_value={}, input_type=dict]
    For further information visit https://errors.pydantic.dev/2.8/v/missing
publisher
  Field required [type=missing, input_value={}, input_type=dict]
    For further information visit https://errors.pydantic.dev/2.8/v/missing
identifier
  Field required [type=missing, input_value={}, input_type=dict]
    For further information visit https://errors.pydantic.dev/2.8/v/missing
description
  Field required [type=missing, input_value={}, input_type=dict]
    For further information visit https://errors.pydantic.dev/2.8/v/missing
title
  Field required [type=missing, input_value={}, input_type=dict]
    For further information visit https://errors.pydantic.dev/2.8/v/missing
programCode
  Field required [type=missing, input_value={}, input_type=dict]
    For further information visit https://errors.pydantic.dev/2.8/v/missing
distribution
  Field required [type=missing, input_value={}, input_type=dict]
    For further information visit https://errors.pydantic.dev/2.8/v/missing
theme
  Field required [type=missing, input_value={}, input_type=dict]
    For further information visit https://errors.pydantic.dev/2.8/v/missing
2024-08-23 12:40:38 - ERROR - Validation error for dataset: Unknown title
Traceback (most recent call last):
  File "C:\Users\edmun\Projects\Repositories\healthpartners-interview\src\healthpartners_interview\download.py", line 31, in fetch_datasets
    dataset = Dataset(**current_item)
              ^^^^^^^^^^^^^^^^^^^^^^^
  File "C:\Users\edmun\Projects\Repositories\healthpartners-interview\.venv\Lib\site-packages\pydantic\main.py", line 193, in __init__
    self.__pydantic_validator__.validate_python(data, self_instance=self)
pydantic_core._pydantic_core.ValidationError: 16 validation errors for Dataset
accessLevel
  Field required [type=missing, input_value={}, input_type=dict]
    For further information visit https://errors.pydantic.dev/2.8/v/missing
landingPage
  Field required [type=missing, input_value={}, input_type=dict]
    For further information visit https://errors.pydantic.dev/2.8/v/missing
bureauCode
  Field required [type=missing, input_value={}, input_type=dict]
    For further information visit https://errors.pydantic.dev/2.8/v/missing
issued
  Field required [type=missing, input_value={}, input_type=dict]
    For further information visit https://errors.pydantic.dev/2.8/v/missing
@type
  Field required [type=missing, input_value={}, input_type=dict]
    For further information visit https://errors.pydantic.dev/2.8/v/missing
modified
  Field required [type=missing, input_value={}, input_type=dict]
    For further information visit https://errors.pydantic.dev/2.8/v/missing
released
  Field required [type=missing, input_value={}, input_type=dict]
    For further information visit https://errors.pydantic.dev/2.8/v/missing
keyword
  Field required [type=missing, input_value={}, input_type=dict]
    For further information visit https://errors.pydantic.dev/2.8/v/missing
contactPoint
  Field required [type=missing, input_value={}, input_type=dict]
    For further information visit https://errors.pydantic.dev/2.8/v/missing
publisher
  Field required [type=missing, input_value={}, input_type=dict]
    For further information visit https://errors.pydantic.dev/2.8/v/missing
identifier
  Field required [type=missing, input_value={}, input_type=dict]
    For further information visit https://errors.pydantic.dev/2.8/v/missing
description
  Field required [type=missing, input_value={}, input_type=dict]
    For further information visit https://errors.pydantic.dev/2.8/v/missing
title
  Field required [type=missing, input_value={}, input_type=dict]
    For further information visit https://errors.pydantic.dev/2.8/v/missing
programCode
  Field required [type=missing, input_value={}, input_type=dict]
    For further information visit https://errors.pydantic.dev/2.8/v/missing
distribution
  Field required [type=missing, input_value={}, input_type=dict]
    For further information visit https://errors.pydantic.dev/2.8/v/missing
theme
  Field required [type=missing, input_value={}, input_type=dict]
    For further information visit https://errors.pydantic.dev/2.8/v/missing
2024-08-23 12:40:38 - ERROR - Validation error for dataset: Unknown title
Traceback (most recent call last):
  File "C:\Users\edmun\Projects\Repositories\healthpartners-interview\src\healthpartners_interview\download.py", line 31, in fetch_datasets
    dataset = Dataset(**current_item)
              ^^^^^^^^^^^^^^^^^^^^^^^
  File "C:\Users\edmun\Projects\Repositories\healthpartners-interview\.venv\Lib\site-packages\pydantic\main.py", line 193, in __init__
    self.__pydantic_validator__.validate_python(data, self_instance=self)
pydantic_core._pydantic_core.ValidationError: 16 validation errors for Dataset
accessLevel
  Field required [type=missing, input_value={}, input_type=dict]
    For further information visit https://errors.pydantic.dev/2.8/v/missing
landingPage
  Field required [type=missing, input_value={}, input_type=dict]
    For further information visit https://errors.pydantic.dev/2.8/v/missing
bureauCode
  Field required [type=missing, input_value={}, input_type=dict]
    For further information visit https://errors.pydantic.dev/2.8/v/missing
issued
  Field required [type=missing, input_value={}, input_type=dict]
    For further information visit https://errors.pydantic.dev/2.8/v/missing
@type
  Field required [type=missing, input_value={}, input_type=dict]
    For further information visit https://errors.pydantic.dev/2.8/v/missing
modified
  Field required [type=missing, input_value={}, input_type=dict]
    For further information visit https://errors.pydantic.dev/2.8/v/missing
released
  Field required [type=missing, input_value={}, input_type=dict]
    For further information visit https://errors.pydantic.dev/2.8/v/missing
keyword
  Field required [type=missing, input_value={}, input_type=dict]
    For further information visit https://errors.pydantic.dev/2.8/v/missing
contactPoint
  Field required [type=missing, input_value={}, input_type=dict]
    For further information visit https://errors.pydantic.dev/2.8/v/missing
publisher
  Field required [type=missing, input_value={}, input_type=dict]
    For further information visit https://errors.pydantic.dev/2.8/v/missing
identifier
  Field required [type=missing, input_value={}, input_type=dict]
    For further information visit https://errors.pydantic.dev/2.8/v/missing
description
  Field required [type=missing, input_value={}, input_type=dict]
    For further information visit https://errors.pydantic.dev/2.8/v/missing
title
  Field required [type=missing, input_value={}, input_type=dict]
    For further information visit https://errors.pydantic.dev/2.8/v/missing
programCode
  Field required [type=missing, input_value={}, input_type=dict]
    For further information visit https://errors.pydantic.dev/2.8/v/missing
distribution
  Field required [type=missing, input_value={}, input_type=dict]
    For further information visit https://errors.pydantic.dev/2.8/v/missing
theme
  Field required [type=missing, input_value={}, input_type=dict]
    For further information visit https://errors.pydantic.dev/2.8/v/missing
2024-08-23 12:40:38 - ERROR - Validation error for dataset: Unknown title
Traceback (most recent call last):
  File "C:\Users\edmun\Projects\Repositories\healthpartners-interview\src\healthpartners_interview\download.py", line 31, in fetch_datasets
    dataset = Dataset(**current_item)
              ^^^^^^^^^^^^^^^^^^^^^^^
  File "C:\Users\edmun\Projects\Repositories\healthpartners-interview\.venv\Lib\site-packages\pydantic\main.py", line 193, in __init__
    self.__pydantic_validator__.validate_python(data, self_instance=self)
pydantic_core._pydantic_core.ValidationError: 16 validation errors for Dataset
accessLevel
  Field required [type=missing, input_value={'item': 'programCode'}, input_type=dict]
    For further information visit https://errors.pydantic.dev/2.8/v/missing
landingPage
  Field required [type=missing, input_value={'item': 'programCode'}, input_type=dict]
    For further information visit https://errors.pydantic.dev/2.8/v/missing
bureauCode
  Field required [type=missing, input_value={'item': 'programCode'}, input_type=dict]
    For further information visit https://errors.pydantic.dev/2.8/v/missing
issued
  Field required [type=missing, input_value={'item': 'programCode'}, input_type=dict]
    For further information visit https://errors.pydantic.dev/2.8/v/missing
@type
  Field required [type=missing, input_value={'item': 'programCode'}, input_type=dict]
    For further information visit https://errors.pydantic.dev/2.8/v/missing
modified
  Field required [type=missing, input_value={'item': 'programCode'}, input_type=dict]
    For further information visit https://errors.pydantic.dev/2.8/v/missing
released
  Field required [type=missing, input_value={'item': 'programCode'}, input_type=dict]
    For further information visit https://errors.pydantic.dev/2.8/v/missing
keyword
  Field required [type=missing, input_value={'item': 'programCode'}, input_type=dict]
    For further information visit https://errors.pydantic.dev/2.8/v/missing
contactPoint
  Field required [type=missing, input_value={'item': 'programCode'}, input_type=dict]
    For further information visit https://errors.pydantic.dev/2.8/v/missing
publisher
  Field required [type=missing, input_value={'item': 'programCode'}, input_type=dict]
    For further information visit https://errors.pydantic.dev/2.8/v/missing
identifier
  Field required [type=missing, input_value={'item': 'programCode'}, input_type=dict]
    For further information visit https://errors.pydantic.dev/2.8/v/missing
description
  Field required [type=missing, input_value={'item': 'programCode'}, input_type=dict]
    For further information visit https://errors.pydantic.dev/2.8/v/missing
title
  Field required [type=missing, input_value={'item': 'programCode'}, input_type=dict]
    For further information visit https://errors.pydantic.dev/2.8/v/missing
programCode
  Field required [type=missing, input_value={'item': 'programCode'}, input_type=dict]
    For further information visit https://errors.pydantic.dev/2.8/v/missing
distribution
  Field required [type=missing, input_value={'item': 'programCode'}, input_type=dict]
    For further information visit https://errors.pydantic.dev/2.8/v/missing
theme
  Field required [type=missing, input_value={'item': 'programCode'}, input_type=dict]
    For further information visit https://errors.pydantic.dev/2.8/v/missing
2024-08-23 12:40:38 - ERROR - Validation error for dataset: Unknown title
Traceback (most recent call last):
  File "C:\Users\edmun\Projects\Repositories\healthpartners-interview\src\healthpartners_interview\download.py", line 31, in fetch_datasets
    dataset = Dataset(**current_item)
              ^^^^^^^^^^^^^^^^^^^^^^^
  File "C:\Users\edmun\Projects\Repositories\healthpartners-interview\.venv\Lib\site-packages\pydantic\main.py", line 193, in __init__
    self.__pydantic_validator__.validate_python(data, self_instance=self)
pydantic_core._pydantic_core.ValidationError: 16 validation errors for Dataset
accessLevel
  Field required [type=missing, input_value={}, input_type=dict]
    For further information visit https://errors.pydantic.dev/2.8/v/missing
landingPage
  Field required [type=missing, input_value={}, input_type=dict]
    For further information visit https://errors.pydantic.dev/2.8/v/missing
bureauCode
  Field required [type=missing, input_value={}, input_type=dict]
    For further information visit https://errors.pydantic.dev/2.8/v/missing
issued
  Field required [type=missing, input_value={}, input_type=dict]
    For further information visit https://errors.pydantic.dev/2.8/v/missing
@type
  Field required [type=missing, input_value={}, input_type=dict]
    For further information visit https://errors.pydantic.dev/2.8/v/missing
modified
  Field required [type=missing, input_value={}, input_type=dict]
    For further information visit https://errors.pydantic.dev/2.8/v/missing
released
  Field required [type=missing, input_value={}, input_type=dict]
    For further information visit https://errors.pydantic.dev/2.8/v/missing
keyword
  Field required [type=missing, input_value={}, input_type=dict]
    For further information visit https://errors.pydantic.dev/2.8/v/missing
contactPoint
  Field required [type=missing, input_value={}, input_type=dict]
    For further information visit https://errors.pydantic.dev/2.8/v/missing
publisher
  Field required [type=missing, input_value={}, input_type=dict]
    For further information visit https://errors.pydantic.dev/2.8/v/missing
identifier
  Field required [type=missing, input_value={}, input_type=dict]
    For further information visit https://errors.pydantic.dev/2.8/v/missing
description
  Field required [type=missing, input_value={}, input_type=dict]
    For further information visit https://errors.pydantic.dev/2.8/v/missing
title
  Field required [type=missing, input_value={}, input_type=dict]
    For further information visit https://errors.pydantic.dev/2.8/v/missing
programCode
  Field required [type=missing, input_value={}, input_type=dict]
    For further information visit https://errors.pydantic.dev/2.8/v/missing
distribution
  Field required [type=missing, input_value={}, input_type=dict]
    For further information visit https://errors.pydantic.dev/2.8/v/missing
theme
  Field required [type=missing, input_value={}, input_type=dict]
    For further information visit https://errors.pydantic.dev/2.8/v/missing
2024-08-23 12:40:38 - ERROR - Validation error for dataset: Unknown title
Traceback (most recent call last):
  File "C:\Users\edmun\Projects\Repositories\healthpartners-interview\src\healthpartners_interview\download.py", line 31, in fetch_datasets
    dataset = Dataset(**current_item)
              ^^^^^^^^^^^^^^^^^^^^^^^
  File "C:\Users\edmun\Projects\Repositories\healthpartners-interview\.venv\Lib\site-packages\pydantic\main.py", line 193, in __init__
    self.__pydantic_validator__.validate_python(data, self_instance=self)
pydantic_core._pydantic_core.ValidationError: 16 validation errors for Dataset
accessLevel
  Field required [type=missing, input_value={}, input_type=dict]
    For further information visit https://errors.pydantic.dev/2.8/v/missing
landingPage
  Field required [type=missing, input_value={}, input_type=dict]
    For further information visit https://errors.pydantic.dev/2.8/v/missing
bureauCode
  Field required [type=missing, input_value={}, input_type=dict]
    For further information visit https://errors.pydantic.dev/2.8/v/missing
issued
  Field required [type=missing, input_value={}, input_type=dict]
    For further information visit https://errors.pydantic.dev/2.8/v/missing
@type
  Field required [type=missing, input_value={}, input_type=dict]
    For further information visit https://errors.pydantic.dev/2.8/v/missing
modified
  Field required [type=missing, input_value={}, input_type=dict]
    For further information visit https://errors.pydantic.dev/2.8/v/missing
released
  Field required [type=missing, input_value={}, input_type=dict]
    For further information visit https://errors.pydantic.dev/2.8/v/missing
keyword
  Field required [type=missing, input_value={}, input_type=dict]
    For further information visit https://errors.pydantic.dev/2.8/v/missing
contactPoint
  Field required [type=missing, input_value={}, input_type=dict]
    For further information visit https://errors.pydantic.dev/2.8/v/missing
publisher
  Field required [type=missing, input_value={}, input_type=dict]
    For further information visit https://errors.pydantic.dev/2.8/v/missing
identifier
  Field required [type=missing, input_value={}, input_type=dict]
    For further information visit https://errors.pydantic.dev/2.8/v/missing
description
  Field required [type=missing, input_value={}, input_type=dict]
    For further information visit https://errors.pydantic.dev/2.8/v/missing
title
  Field required [type=missing, input_value={}, input_type=dict]
    For further information visit https://errors.pydantic.dev/2.8/v/missing
programCode
  Field required [type=missing, input_value={}, input_type=dict]
    For further information visit https://errors.pydantic.dev/2.8/v/missing
distribution
  Field required [type=missing, input_value={}, input_type=dict]
    For further information visit https://errors.pydantic.dev/2.8/v/missing
theme
  Field required [type=missing, input_value={}, input_type=dict]
    For further information visit https://errors.pydantic.dev/2.8/v/missing
2024-08-23 12:40:38 - ERROR - Validation error for dataset: Unknown title
Traceback (most recent call last):
  File "C:\Users\edmun\Projects\Repositories\healthpartners-interview\src\healthpartners_interview\download.py", line 31, in fetch_datasets
    dataset = Dataset(**current_item)
              ^^^^^^^^^^^^^^^^^^^^^^^
  File "C:\Users\edmun\Projects\Repositories\healthpartners-interview\.venv\Lib\site-packages\pydantic\main.py", line 193, in __init__
    self.__pydantic_validator__.validate_python(data, self_instance=self)
pydantic_core._pydantic_core.ValidationError: 16 validation errors for Dataset
accessLevel
  Field required [type=missing, input_value={}, input_type=dict]
    For further information visit https://errors.pydantic.dev/2.8/v/missing
landingPage
  Field required [type=missing, input_value={}, input_type=dict]
    For further information visit https://errors.pydantic.dev/2.8/v/missing
bureauCode
  Field required [type=missing, input_value={}, input_type=dict]
    For further information visit https://errors.pydantic.dev/2.8/v/missing
issued
  Field required [type=missing, input_value={}, input_type=dict]
    For further information visit https://errors.pydantic.dev/2.8/v/missing
@type
  Field required [type=missing, input_value={}, input_type=dict]
    For further information visit https://errors.pydantic.dev/2.8/v/missing
modified
  Field required [type=missing, input_value={}, input_type=dict]
    For further information visit https://errors.pydantic.dev/2.8/v/missing
released
  Field required [type=missing, input_value={}, input_type=dict]
    For further information visit https://errors.pydantic.dev/2.8/v/missing
keyword
  Field required [type=missing, input_value={}, input_type=dict]
    For further information visit https://errors.pydantic.dev/2.8/v/missing
contactPoint
  Field required [type=missing, input_value={}, input_type=dict]
    For further information visit https://errors.pydantic.dev/2.8/v/missing
publisher
  Field required [type=missing, input_value={}, input_type=dict]
    For further information visit https://errors.pydantic.dev/2.8/v/missing
identifier
  Field required [type=missing, input_value={}, input_type=dict]
    For further information visit https://errors.pydantic.dev/2.8/v/missing
description
  Field required [type=missing, input_value={}, input_type=dict]
    For further information visit https://errors.pydantic.dev/2.8/v/missing
title
  Field required [type=missing, input_value={}, input_type=dict]
    For further information visit https://errors.pydantic.dev/2.8/v/missing
programCode
  Field required [type=missing, input_value={}, input_type=dict]
    For further information visit https://errors.pydantic.dev/2.8/v/missing
distribution
  Field required [type=missing, input_value={}, input_type=dict]
    For further information visit https://errors.pydantic.dev/2.8/v/missing
theme
  Field required [type=missing, input_value={}, input_type=dict]
    For further information visit https://errors.pydantic.dev/2.8/v/missing
2024-08-23 12:40:38 - ERROR - Validation error for dataset: Unknown title
Traceback (most recent call last):
  File "C:\Users\edmun\Projects\Repositories\healthpartners-interview\src\healthpartners_interview\download.py", line 31, in fetch_datasets
    dataset = Dataset(**current_item)
              ^^^^^^^^^^^^^^^^^^^^^^^
  File "C:\Users\edmun\Projects\Repositories\healthpartners-interview\.venv\Lib\site-packages\pydantic\main.py", line 193, in __init__
    self.__pydantic_validator__.validate_python(data, self_instance=self)
pydantic_core._pydantic_core.ValidationError: 16 validation errors for Dataset
accessLevel
  Field required [type=missing, input_value={'item': 'archiveExclude'}, input_type=dict]
    For further information visit https://errors.pydantic.dev/2.8/v/missing
landingPage
  Field required [type=missing, input_value={'item': 'archiveExclude'}, input_type=dict]
    For further information visit https://errors.pydantic.dev/2.8/v/missing
bureauCode
  Field required [type=missing, input_value={'item': 'archiveExclude'}, input_type=dict]
    For further information visit https://errors.pydantic.dev/2.8/v/missing
issued
  Field required [type=missing, input_value={'item': 'archiveExclude'}, input_type=dict]
    For further information visit https://errors.pydantic.dev/2.8/v/missing
@type
  Field required [type=missing, input_value={'item': 'archiveExclude'}, input_type=dict]
    For further information visit https://errors.pydantic.dev/2.8/v/missing
modified
  Field required [type=missing, input_value={'item': 'archiveExclude'}, input_type=dict]
    For further information visit https://errors.pydantic.dev/2.8/v/missing
released
  Field required [type=missing, input_value={'item': 'archiveExclude'}, input_type=dict]
    For further information visit https://errors.pydantic.dev/2.8/v/missing
keyword
  Field required [type=missing, input_value={'item': 'archiveExclude'}, input_type=dict]
    For further information visit https://errors.pydantic.dev/2.8/v/missing
contactPoint
  Field required [type=missing, input_value={'item': 'archiveExclude'}, input_type=dict]
    For further information visit https://errors.pydantic.dev/2.8/v/missing
publisher
  Field required [type=missing, input_value={'item': 'archiveExclude'}, input_type=dict]
    For further information visit https://errors.pydantic.dev/2.8/v/missing
identifier
  Field required [type=missing, input_value={'item': 'archiveExclude'}, input_type=dict]
    For further information visit https://errors.pydantic.dev/2.8/v/missing
description
  Field required [type=missing, input_value={'item': 'archiveExclude'}, input_type=dict]
    For further information visit https://errors.pydantic.dev/2.8/v/missing
title
  Field required [type=missing, input_value={'item': 'archiveExclude'}, input_type=dict]
    For further information visit https://errors.pydantic.dev/2.8/v/missing
programCode
  Field required [type=missing, input_value={'item': 'archiveExclude'}, input_type=dict]
    For further information visit https://errors.pydantic.dev/2.8/v/missing
distribution
  Field required [type=missing, input_value={'item': 'archiveExclude'}, input_type=dict]
    For further information visit https://errors.pydantic.dev/2.8/v/missing
theme
  Field required [type=missing, input_value={'item': 'archiveExclude'}, input_type=dict]
    For further information visit https://errors.pydantic.dev/2.8/v/missing
2024-08-23 12:40:38 - ERROR - Validation error for dataset: Unknown title
Traceback (most recent call last):
  File "C:\Users\edmun\Projects\Repositories\healthpartners-interview\src\healthpartners_interview\download.py", line 31, in fetch_datasets
    dataset = Dataset(**current_item)
              ^^^^^^^^^^^^^^^^^^^^^^^
  File "C:\Users\edmun\Projects\Repositories\healthpartners-interview\.venv\Lib\site-packages\pydantic\main.py", line 193, in __init__
    self.__pydantic_validator__.validate_python(data, self_instance=self)
pydantic_core._pydantic_core.ValidationError: 16 validation errors for Dataset
accessLevel
  Field required [type=missing, input_value={}, input_type=dict]
    For further information visit https://errors.pydantic.dev/2.8/v/missing
landingPage
  Field required [type=missing, input_value={}, input_type=dict]
    For further information visit https://errors.pydantic.dev/2.8/v/missing
bureauCode
  Field required [type=missing, input_value={}, input_type=dict]
    For further information visit https://errors.pydantic.dev/2.8/v/missing
issued
  Field required [type=missing, input_value={}, input_type=dict]
    For further information visit https://errors.pydantic.dev/2.8/v/missing
@type
  Field required [type=missing, input_value={}, input_type=dict]
    For further information visit https://errors.pydantic.dev/2.8/v/missing
modified
  Field required [type=missing, input_value={}, input_type=dict]
    For further information visit https://errors.pydantic.dev/2.8/v/missing
released
  Field required [type=missing, input_value={}, input_type=dict]
    For further information visit https://errors.pydantic.dev/2.8/v/missing
keyword
  Field required [type=missing, input_value={}, input_type=dict]
    For further information visit https://errors.pydantic.dev/2.8/v/missing
contactPoint
  Field required [type=missing, input_value={}, input_type=dict]
    For further information visit https://errors.pydantic.dev/2.8/v/missing
publisher
  Field required [type=missing, input_value={}, input_type=dict]
    For further information visit https://errors.pydantic.dev/2.8/v/missing
identifier
  Field required [type=missing, input_value={}, input_type=dict]
    For further information visit https://errors.pydantic.dev/2.8/v/missing
description
  Field required [type=missing, input_value={}, input_type=dict]
    For further information visit https://errors.pydantic.dev/2.8/v/missing
title
  Field required [type=missing, input_value={}, input_type=dict]
    For further information visit https://errors.pydantic.dev/2.8/v/missing
programCode
  Field required [type=missing, input_value={}, input_type=dict]
    For further information visit https://errors.pydantic.dev/2.8/v/missing
distribution
  Field required [type=missing, input_value={}, input_type=dict]
    For further information visit https://errors.pydantic.dev/2.8/v/missing
theme
  Field required [type=missing, input_value={}, input_type=dict]
    For further information visit https://errors.pydantic.dev/2.8/v/missing
2024-08-23 12:40:38 - ERROR - Validation error for dataset: Unknown title
Traceback (most recent call last):
  File "C:\Users\edmun\Projects\Repositories\healthpartners-interview\src\healthpartners_interview\download.py", line 31, in fetch_datasets
    dataset = Dataset(**current_item)
              ^^^^^^^^^^^^^^^^^^^^^^^
  File "C:\Users\edmun\Projects\Repositories\healthpartners-interview\.venv\Lib\site-packages\pydantic\main.py", line 193, in __init__
    self.__pydantic_validator__.validate_python(data, self_instance=self)
pydantic_core._pydantic_core.ValidationError: 16 validation errors for Dataset
accessLevel
  Field required [type=missing, input_value={}, input_type=dict]
    For further information visit https://errors.pydantic.dev/2.8/v/missing
landingPage
  Field required [type=missing, input_value={}, input_type=dict]
    For further information visit https://errors.pydantic.dev/2.8/v/missing
bureauCode
  Field required [type=missing, input_value={}, input_type=dict]
    For further information visit https://errors.pydantic.dev/2.8/v/missing
issued
  Field required [type=missing, input_value={}, input_type=dict]
    For further information visit https://errors.pydantic.dev/2.8/v/missing
@type
  Field required [type=missing, input_value={}, input_type=dict]
    For further information visit https://errors.pydantic.dev/2.8/v/missing
modified
  Field required [type=missing, input_value={}, input_type=dict]
    For further information visit https://errors.pydantic.dev/2.8/v/missing
released
  Field required [type=missing, input_value={}, input_type=dict]
    For further information visit https://errors.pydantic.dev/2.8/v/missing
keyword
  Field required [type=missing, input_value={}, input_type=dict]
    For further information visit https://errors.pydantic.dev/2.8/v/missing
contactPoint
  Field required [type=missing, input_value={}, input_type=dict]
    For further information visit https://errors.pydantic.dev/2.8/v/missing
publisher
  Field required [type=missing, input_value={}, input_type=dict]
    For further information visit https://errors.pydantic.dev/2.8/v/missing
identifier
  Field required [type=missing, input_value={}, input_type=dict]
    For further information visit https://errors.pydantic.dev/2.8/v/missing
description
  Field required [type=missing, input_value={}, input_type=dict]
    For further information visit https://errors.pydantic.dev/2.8/v/missing
title
  Field required [type=missing, input_value={}, input_type=dict]
    For further information visit https://errors.pydantic.dev/2.8/v/missing
programCode
  Field required [type=missing, input_value={}, input_type=dict]
    For further information visit https://errors.pydantic.dev/2.8/v/missing
distribution
  Field required [type=missing, input_value={}, input_type=dict]
    For further information visit https://errors.pydantic.dev/2.8/v/missing
theme
  Field required [type=missing, input_value={}, input_type=dict]
    For further information visit https://errors.pydantic.dev/2.8/v/missing
2024-08-23 12:40:38 - ERROR - Validation error for dataset: Unknown title
Traceback (most recent call last):
  File "C:\Users\edmun\Projects\Repositories\healthpartners-interview\src\healthpartners_interview\download.py", line 31, in fetch_datasets
    dataset = Dataset(**current_item)
              ^^^^^^^^^^^^^^^^^^^^^^^
  File "C:\Users\edmun\Projects\Repositories\healthpartners-interview\.venv\Lib\site-packages\pydantic\main.py", line 193, in __init__
    self.__pydantic_validator__.validate_python(data, self_instance=self)
pydantic_core._pydantic_core.ValidationError: 16 validation errors for Dataset
accessLevel
  Field required [type=missing, input_value={}, input_type=dict]
    For further information visit https://errors.pydantic.dev/2.8/v/missing
landingPage
  Field required [type=missing, input_value={}, input_type=dict]
    For further information visit https://errors.pydantic.dev/2.8/v/missing
bureauCode
  Field required [type=missing, input_value={}, input_type=dict]
    For further information visit https://errors.pydantic.dev/2.8/v/missing
issued
  Field required [type=missing, input_value={}, input_type=dict]
    For further information visit https://errors.pydantic.dev/2.8/v/missing
@type
  Field required [type=missing, input_value={}, input_type=dict]
    For further information visit https://errors.pydantic.dev/2.8/v/missing
modified
  Field required [type=missing, input_value={}, input_type=dict]
    For further information visit https://errors.pydantic.dev/2.8/v/missing
released
  Field required [type=missing, input_value={}, input_type=dict]
    For further information visit https://errors.pydantic.dev/2.8/v/missing
keyword
  Field required [type=missing, input_value={}, input_type=dict]
    For further information visit https://errors.pydantic.dev/2.8/v/missing
contactPoint
  Field required [type=missing, input_value={}, input_type=dict]
    For further information visit https://errors.pydantic.dev/2.8/v/missing
publisher
  Field required [type=missing, input_value={}, input_type=dict]
    For further information visit https://errors.pydantic.dev/2.8/v/missing
identifier
  Field required [type=missing, input_value={}, input_type=dict]
    For further information visit https://errors.pydantic.dev/2.8/v/missing
description
  Field required [type=missing, input_value={}, input_type=dict]
    For further information visit https://errors.pydantic.dev/2.8/v/missing
title
  Field required [type=missing, input_value={}, input_type=dict]
    For further information visit https://errors.pydantic.dev/2.8/v/missing
programCode
  Field required [type=missing, input_value={}, input_type=dict]
    For further information visit https://errors.pydantic.dev/2.8/v/missing
distribution
  Field required [type=missing, input_value={}, input_type=dict]
    For further information visit https://errors.pydantic.dev/2.8/v/missing
theme
  Field required [type=missing, input_value={}, input_type=dict]
    For further information visit https://errors.pydantic.dev/2.8/v/missing
2024-08-23 12:40:38 - ERROR - Validation error for dataset: Unknown title
Traceback (most recent call last):
  File "C:\Users\edmun\Projects\Repositories\healthpartners-interview\src\healthpartners_interview\download.py", line 31, in fetch_datasets
    dataset = Dataset(**current_item)
              ^^^^^^^^^^^^^^^^^^^^^^^
  File "C:\Users\edmun\Projects\Repositories\healthpartners-interview\.venv\Lib\site-packages\pydantic\main.py", line 193, in __init__
    self.__pydantic_validator__.validate_python(data, self_instance=self)
pydantic_core._pydantic_core.ValidationError: 16 validation errors for Dataset
accessLevel
  Field required [type=missing, input_value={'item': 'theme'}, input_type=dict]
    For further information visit https://errors.pydantic.dev/2.8/v/missing
landingPage
  Field required [type=missing, input_value={'item': 'theme'}, input_type=dict]
    For further information visit https://errors.pydantic.dev/2.8/v/missing
bureauCode
  Field required [type=missing, input_value={'item': 'theme'}, input_type=dict]
    For further information visit https://errors.pydantic.dev/2.8/v/missing
issued
  Field required [type=missing, input_value={'item': 'theme'}, input_type=dict]
    For further information visit https://errors.pydantic.dev/2.8/v/missing
@type
  Field required [type=missing, input_value={'item': 'theme'}, input_type=dict]
    For further information visit https://errors.pydantic.dev/2.8/v/missing
modified
  Field required [type=missing, input_value={'item': 'theme'}, input_type=dict]
    For further information visit https://errors.pydantic.dev/2.8/v/missing
released
  Field required [type=missing, input_value={'item': 'theme'}, input_type=dict]
    For further information visit https://errors.pydantic.dev/2.8/v/missing
keyword
  Field required [type=missing, input_value={'item': 'theme'}, input_type=dict]
    For further information visit https://errors.pydantic.dev/2.8/v/missing
contactPoint
  Field required [type=missing, input_value={'item': 'theme'}, input_type=dict]
    For further information visit https://errors.pydantic.dev/2.8/v/missing
publisher
  Field required [type=missing, input_value={'item': 'theme'}, input_type=dict]
    For further information visit https://errors.pydantic.dev/2.8/v/missing
identifier
  Field required [type=missing, input_value={'item': 'theme'}, input_type=dict]
    For further information visit https://errors.pydantic.dev/2.8/v/missing
description
  Field required [type=missing, input_value={'item': 'theme'}, input_type=dict]
    For further information visit https://errors.pydantic.dev/2.8/v/missing
title
  Field required [type=missing, input_value={'item': 'theme'}, input_type=dict]
    For further information visit https://errors.pydantic.dev/2.8/v/missing
programCode
  Field required [type=missing, input_value={'item': 'theme'}, input_type=dict]
    For further information visit https://errors.pydantic.dev/2.8/v/missing
distribution
  Field required [type=missing, input_value={'item': 'theme'}, input_type=dict]
    For further information visit https://errors.pydantic.dev/2.8/v/missing
theme
  Field required [type=missing, input_value={'item': 'theme'}, input_type=dict]
    For further information visit https://errors.pydantic.dev/2.8/v/missing
2024-08-23 12:40:38 - ERROR - Validation error for dataset: Unknown title
Traceback (most recent call last):
  File "C:\Users\edmun\Projects\Repositories\healthpartners-interview\src\healthpartners_interview\download.py", line 31, in fetch_datasets
    dataset = Dataset(**current_item)
              ^^^^^^^^^^^^^^^^^^^^^^^
  File "C:\Users\edmun\Projects\Repositories\healthpartners-interview\.venv\Lib\site-packages\pydantic\main.py", line 193, in __init__
    self.__pydantic_validator__.validate_python(data, self_instance=self)
pydantic_core._pydantic_core.ValidationError: 16 validation errors for Dataset
accessLevel
  Field required [type=missing, input_value={}, input_type=dict]
    For further information visit https://errors.pydantic.dev/2.8/v/missing
landingPage
  Field required [type=missing, input_value={}, input_type=dict]
    For further information visit https://errors.pydantic.dev/2.8/v/missing
bureauCode
  Field required [type=missing, input_value={}, input_type=dict]
    For further information visit https://errors.pydantic.dev/2.8/v/missing
issued
  Field required [type=missing, input_value={}, input_type=dict]
    For further information visit https://errors.pydantic.dev/2.8/v/missing
@type
  Field required [type=missing, input_value={}, input_type=dict]
    For further information visit https://errors.pydantic.dev/2.8/v/missing
modified
  Field required [type=missing, input_value={}, input_type=dict]
    For further information visit https://errors.pydantic.dev/2.8/v/missing
released
  Field required [type=missing, input_value={}, input_type=dict]
    For further information visit https://errors.pydantic.dev/2.8/v/missing
keyword
  Field required [type=missing, input_value={}, input_type=dict]
    For further information visit https://errors.pydantic.dev/2.8/v/missing
contactPoint
  Field required [type=missing, input_value={}, input_type=dict]
    For further information visit https://errors.pydantic.dev/2.8/v/missing
publisher
  Field required [type=missing, input_value={}, input_type=dict]
    For further information visit https://errors.pydantic.dev/2.8/v/missing
identifier
  Field required [type=missing, input_value={}, input_type=dict]
    For further information visit https://errors.pydantic.dev/2.8/v/missing
description
  Field required [type=missing, input_value={}, input_type=dict]
    For further information visit https://errors.pydantic.dev/2.8/v/missing
title
  Field required [type=missing, input_value={}, input_type=dict]
    For further information visit https://errors.pydantic.dev/2.8/v/missing
programCode
  Field required [type=missing, input_value={}, input_type=dict]
    For further information visit https://errors.pydantic.dev/2.8/v/missing
distribution
  Field required [type=missing, input_value={}, input_type=dict]
    For further information visit https://errors.pydantic.dev/2.8/v/missing
theme
  Field required [type=missing, input_value={}, input_type=dict]
    For further information visit https://errors.pydantic.dev/2.8/v/missing
2024-08-23 12:40:38 - ERROR - Validation error for dataset: Unknown title
Traceback (most recent call last):
  File "C:\Users\edmun\Projects\Repositories\healthpartners-interview\src\healthpartners_interview\download.py", line 31, in fetch_datasets
    dataset = Dataset(**current_item)
              ^^^^^^^^^^^^^^^^^^^^^^^
  File "C:\Users\edmun\Projects\Repositories\healthpartners-interview\.venv\Lib\site-packages\pydantic\main.py", line 193, in __init__
    self.__pydantic_validator__.validate_python(data, self_instance=self)
pydantic_core._pydantic_core.ValidationError: 16 validation errors for Dataset
accessLevel
  Field required [type=missing, input_value={}, input_type=dict]
    For further information visit https://errors.pydantic.dev/2.8/v/missing
landingPage
  Field required [type=missing, input_value={}, input_type=dict]
    For further information visit https://errors.pydantic.dev/2.8/v/missing
bureauCode
  Field required [type=missing, input_value={}, input_type=dict]
    For further information visit https://errors.pydantic.dev/2.8/v/missing
issued
  Field required [type=missing, input_value={}, input_type=dict]
    For further information visit https://errors.pydantic.dev/2.8/v/missing
@type
  Field required [type=missing, input_value={}, input_type=dict]
    For further information visit https://errors.pydantic.dev/2.8/v/missing
modified
  Field required [type=missing, input_value={}, input_type=dict]
    For further information visit https://errors.pydantic.dev/2.8/v/missing
released
  Field required [type=missing, input_value={}, input_type=dict]
    For further information visit https://errors.pydantic.dev/2.8/v/missing
keyword
  Field required [type=missing, input_value={}, input_type=dict]
    For further information visit https://errors.pydantic.dev/2.8/v/missing
contactPoint
  Field required [type=missing, input_value={}, input_type=dict]
    For further information visit https://errors.pydantic.dev/2.8/v/missing
publisher
  Field required [type=missing, input_value={}, input_type=dict]
    For further information visit https://errors.pydantic.dev/2.8/v/missing
identifier
  Field required [type=missing, input_value={}, input_type=dict]
    For further information visit https://errors.pydantic.dev/2.8/v/missing
description
  Field required [type=missing, input_value={}, input_type=dict]
    For further information visit https://errors.pydantic.dev/2.8/v/missing
title
  Field required [type=missing, input_value={}, input_type=dict]
    For further information visit https://errors.pydantic.dev/2.8/v/missing
programCode
  Field required [type=missing, input_value={}, input_type=dict]
    For further information visit https://errors.pydantic.dev/2.8/v/missing
distribution
  Field required [type=missing, input_value={}, input_type=dict]
    For further information visit https://errors.pydantic.dev/2.8/v/missing
theme
  Field required [type=missing, input_value={}, input_type=dict]
    For further information visit https://errors.pydantic.dev/2.8/v/missing
2024-08-23 12:40:38 - ERROR - Validation error for dataset: Unknown title
Traceback (most recent call last):
  File "C:\Users\edmun\Projects\Repositories\healthpartners-interview\src\healthpartners_interview\download.py", line 31, in fetch_datasets
    dataset = Dataset(**current_item)
              ^^^^^^^^^^^^^^^^^^^^^^^
  File "C:\Users\edmun\Projects\Repositories\healthpartners-interview\.venv\Lib\site-packages\pydantic\main.py", line 193, in __init__
    self.__pydantic_validator__.validate_python(data, self_instance=self)
pydantic_core._pydantic_core.ValidationError: 16 validation errors for Dataset
accessLevel
  Field required [type=missing, input_value={}, input_type=dict]
    For further information visit https://errors.pydantic.dev/2.8/v/missing
landingPage
  Field required [type=missing, input_value={}, input_type=dict]
    For further information visit https://errors.pydantic.dev/2.8/v/missing
bureauCode
  Field required [type=missing, input_value={}, input_type=dict]
    For further information visit https://errors.pydantic.dev/2.8/v/missing
issued
  Field required [type=missing, input_value={}, input_type=dict]
    For further information visit https://errors.pydantic.dev/2.8/v/missing
@type
  Field required [type=missing, input_value={}, input_type=dict]
    For further information visit https://errors.pydantic.dev/2.8/v/missing
modified
  Field required [type=missing, input_value={}, input_type=dict]
    For further information visit https://errors.pydantic.dev/2.8/v/missing
released
  Field required [type=missing, input_value={}, input_type=dict]
    For further information visit https://errors.pydantic.dev/2.8/v/missing
keyword
  Field required [type=missing, input_value={}, input_type=dict]
    For further information visit https://errors.pydantic.dev/2.8/v/missing
contactPoint
  Field required [type=missing, input_value={}, input_type=dict]
    For further information visit https://errors.pydantic.dev/2.8/v/missing
publisher
  Field required [type=missing, input_value={}, input_type=dict]
    For further information visit https://errors.pydantic.dev/2.8/v/missing
identifier
  Field required [type=missing, input_value={}, input_type=dict]
    For further information visit https://errors.pydantic.dev/2.8/v/missing
description
  Field required [type=missing, input_value={}, input_type=dict]
    For further information visit https://errors.pydantic.dev/2.8/v/missing
title
  Field required [type=missing, input_value={}, input_type=dict]
    For further information visit https://errors.pydantic.dev/2.8/v/missing
programCode
  Field required [type=missing, input_value={}, input_type=dict]
    For further information visit https://errors.pydantic.dev/2.8/v/missing
distribution
  Field required [type=missing, input_value={}, input_type=dict]
    For further information visit https://errors.pydantic.dev/2.8/v/missing
theme
  Field required [type=missing, input_value={}, input_type=dict]
    For further information visit https://errors.pydantic.dev/2.8/v/missing
2024-08-23 12:40:38 - ERROR - Validation error for dataset: Unknown title
Traceback (most recent call last):
  File "C:\Users\edmun\Projects\Repositories\healthpartners-interview\src\healthpartners_interview\download.py", line 31, in fetch_datasets
    dataset = Dataset(**current_item)
              ^^^^^^^^^^^^^^^^^^^^^^^
  File "C:\Users\edmun\Projects\Repositories\healthpartners-interview\.venv\Lib\site-packages\pydantic\main.py", line 193, in __init__
    self.__pydantic_validator__.validate_python(data, self_instance=self)
pydantic_core._pydantic_core.ValidationError: 16 validation errors for Dataset
accessLevel
  Field required [type=missing, input_value={'item': 'theme'}, input_type=dict]
    For further information visit https://errors.pydantic.dev/2.8/v/missing
landingPage
  Field required [type=missing, input_value={'item': 'theme'}, input_type=dict]
    For further information visit https://errors.pydantic.dev/2.8/v/missing
bureauCode
  Field required [type=missing, input_value={'item': 'theme'}, input_type=dict]
    For further information visit https://errors.pydantic.dev/2.8/v/missing
issued
  Field required [type=missing, input_value={'item': 'theme'}, input_type=dict]
    For further information visit https://errors.pydantic.dev/2.8/v/missing
@type
  Field required [type=missing, input_value={'item': 'theme'}, input_type=dict]
    For further information visit https://errors.pydantic.dev/2.8/v/missing
modified
  Field required [type=missing, input_value={'item': 'theme'}, input_type=dict]
    For further information visit https://errors.pydantic.dev/2.8/v/missing
released
  Field required [type=missing, input_value={'item': 'theme'}, input_type=dict]
    For further information visit https://errors.pydantic.dev/2.8/v/missing
keyword
  Field required [type=missing, input_value={'item': 'theme'}, input_type=dict]
    For further information visit https://errors.pydantic.dev/2.8/v/missing
contactPoint
  Field required [type=missing, input_value={'item': 'theme'}, input_type=dict]
    For further information visit https://errors.pydantic.dev/2.8/v/missing
publisher
  Field required [type=missing, input_value={'item': 'theme'}, input_type=dict]
    For further information visit https://errors.pydantic.dev/2.8/v/missing
identifier
  Field required [type=missing, input_value={'item': 'theme'}, input_type=dict]
    For further information visit https://errors.pydantic.dev/2.8/v/missing
description
  Field required [type=missing, input_value={'item': 'theme'}, input_type=dict]
    For further information visit https://errors.pydantic.dev/2.8/v/missing
title
  Field required [type=missing, input_value={'item': 'theme'}, input_type=dict]
    For further information visit https://errors.pydantic.dev/2.8/v/missing
programCode
  Field required [type=missing, input_value={'item': 'theme'}, input_type=dict]
    For further information visit https://errors.pydantic.dev/2.8/v/missing
distribution
  Field required [type=missing, input_value={'item': 'theme'}, input_type=dict]
    For further information visit https://errors.pydantic.dev/2.8/v/missing
theme
  Field required [type=missing, input_value={'item': 'theme'}, input_type=dict]
    For further information visit https://errors.pydantic.dev/2.8/v/missing
2024-08-23 12:40:38 - ERROR - Validation error for dataset: Unknown title
Traceback (most recent call last):
  File "C:\Users\edmun\Projects\Repositories\healthpartners-interview\src\healthpartners_interview\download.py", line 31, in fetch_datasets
    dataset = Dataset(**current_item)
              ^^^^^^^^^^^^^^^^^^^^^^^
  File "C:\Users\edmun\Projects\Repositories\healthpartners-interview\.venv\Lib\site-packages\pydantic\main.py", line 193, in __init__
    self.__pydantic_validator__.validate_python(data, self_instance=self)
pydantic_core._pydantic_core.ValidationError: 16 validation errors for Dataset
accessLevel
  Field required [type=missing, input_value={}, input_type=dict]
    For further information visit https://errors.pydantic.dev/2.8/v/missing
landingPage
  Field required [type=missing, input_value={}, input_type=dict]
    For further information visit https://errors.pydantic.dev/2.8/v/missing
bureauCode
  Field required [type=missing, input_value={}, input_type=dict]
    For further information visit https://errors.pydantic.dev/2.8/v/missing
issued
  Field required [type=missing, input_value={}, input_type=dict]
    For further information visit https://errors.pydantic.dev/2.8/v/missing
@type
  Field required [type=missing, input_value={}, input_type=dict]
    For further information visit https://errors.pydantic.dev/2.8/v/missing
modified
  Field required [type=missing, input_value={}, input_type=dict]
    For further information visit https://errors.pydantic.dev/2.8/v/missing
released
  Field required [type=missing, input_value={}, input_type=dict]
    For further information visit https://errors.pydantic.dev/2.8/v/missing
keyword
  Field required [type=missing, input_value={}, input_type=dict]
    For further information visit https://errors.pydantic.dev/2.8/v/missing
contactPoint
  Field required [type=missing, input_value={}, input_type=dict]
    For further information visit https://errors.pydantic.dev/2.8/v/missing
publisher
  Field required [type=missing, input_value={}, input_type=dict]
    For further information visit https://errors.pydantic.dev/2.8/v/missing
identifier
  Field required [type=missing, input_value={}, input_type=dict]
    For further information visit https://errors.pydantic.dev/2.8/v/missing
description
  Field required [type=missing, input_value={}, input_type=dict]
    For further information visit https://errors.pydantic.dev/2.8/v/missing
title
  Field required [type=missing, input_value={}, input_type=dict]
    For further information visit https://errors.pydantic.dev/2.8/v/missing
programCode
  Field required [type=missing, input_value={}, input_type=dict]
    For further information visit https://errors.pydantic.dev/2.8/v/missing
distribution
  Field required [type=missing, input_value={}, input_type=dict]
    For further information visit https://errors.pydantic.dev/2.8/v/missing
theme
  Field required [type=missing, input_value={}, input_type=dict]
    For further information visit https://errors.pydantic.dev/2.8/v/missing
2024-08-23 12:40:38 - ERROR - Validation error for dataset: Unknown title
Traceback (most recent call last):
  File "C:\Users\edmun\Projects\Repositories\healthpartners-interview\src\healthpartners_interview\download.py", line 31, in fetch_datasets
    dataset = Dataset(**current_item)
              ^^^^^^^^^^^^^^^^^^^^^^^
  File "C:\Users\edmun\Projects\Repositories\healthpartners-interview\.venv\Lib\site-packages\pydantic\main.py", line 193, in __init__
    self.__pydantic_validator__.validate_python(data, self_instance=self)
pydantic_core._pydantic_core.ValidationError: 16 validation errors for Dataset
accessLevel
  Field required [type=missing, input_value={}, input_type=dict]
    For further information visit https://errors.pydantic.dev/2.8/v/missing
landingPage
  Field required [type=missing, input_value={}, input_type=dict]
    For further information visit https://errors.pydantic.dev/2.8/v/missing
bureauCode
  Field required [type=missing, input_value={}, input_type=dict]
    For further information visit https://errors.pydantic.dev/2.8/v/missing
issued
  Field required [type=missing, input_value={}, input_type=dict]
    For further information visit https://errors.pydantic.dev/2.8/v/missing
@type
  Field required [type=missing, input_value={}, input_type=dict]
    For further information visit https://errors.pydantic.dev/2.8/v/missing
modified
  Field required [type=missing, input_value={}, input_type=dict]
    For further information visit https://errors.pydantic.dev/2.8/v/missing
released
  Field required [type=missing, input_value={}, input_type=dict]
    For further information visit https://errors.pydantic.dev/2.8/v/missing
keyword
  Field required [type=missing, input_value={}, input_type=dict]
    For further information visit https://errors.pydantic.dev/2.8/v/missing
contactPoint
  Field required [type=missing, input_value={}, input_type=dict]
    For further information visit https://errors.pydantic.dev/2.8/v/missing
publisher
  Field required [type=missing, input_value={}, input_type=dict]
    For further information visit https://errors.pydantic.dev/2.8/v/missing
identifier
  Field required [type=missing, input_value={}, input_type=dict]
    For further information visit https://errors.pydantic.dev/2.8/v/missing
description
  Field required [type=missing, input_value={}, input_type=dict]
    For further information visit https://errors.pydantic.dev/2.8/v/missing
title
  Field required [type=missing, input_value={}, input_type=dict]
    For further information visit https://errors.pydantic.dev/2.8/v/missing
programCode
  Field required [type=missing, input_value={}, input_type=dict]
    For further information visit https://errors.pydantic.dev/2.8/v/missing
distribution
  Field required [type=missing, input_value={}, input_type=dict]
    For further information visit https://errors.pydantic.dev/2.8/v/missing
theme
  Field required [type=missing, input_value={}, input_type=dict]
    For further information visit https://errors.pydantic.dev/2.8/v/missing
2024-08-23 12:40:38 - ERROR - Validation error for dataset: Unknown title
Traceback (most recent call last):
  File "C:\Users\edmun\Projects\Repositories\healthpartners-interview\src\healthpartners_interview\download.py", line 31, in fetch_datasets
    dataset = Dataset(**current_item)
              ^^^^^^^^^^^^^^^^^^^^^^^
  File "C:\Users\edmun\Projects\Repositories\healthpartners-interview\.venv\Lib\site-packages\pydantic\main.py", line 193, in __init__
    self.__pydantic_validator__.validate_python(data, self_instance=self)
pydantic_core._pydantic_core.ValidationError: 16 validation errors for Dataset
accessLevel
  Field required [type=missing, input_value={}, input_type=dict]
    For further information visit https://errors.pydantic.dev/2.8/v/missing
landingPage
  Field required [type=missing, input_value={}, input_type=dict]
    For further information visit https://errors.pydantic.dev/2.8/v/missing
bureauCode
  Field required [type=missing, input_value={}, input_type=dict]
    For further information visit https://errors.pydantic.dev/2.8/v/missing
issued
  Field required [type=missing, input_value={}, input_type=dict]
    For further information visit https://errors.pydantic.dev/2.8/v/missing
@type
  Field required [type=missing, input_value={}, input_type=dict]
    For further information visit https://errors.pydantic.dev/2.8/v/missing
modified
  Field required [type=missing, input_value={}, input_type=dict]
    For further information visit https://errors.pydantic.dev/2.8/v/missing
released
  Field required [type=missing, input_value={}, input_type=dict]
    For further information visit https://errors.pydantic.dev/2.8/v/missing
keyword
  Field required [type=missing, input_value={}, input_type=dict]
    For further information visit https://errors.pydantic.dev/2.8/v/missing
contactPoint
  Field required [type=missing, input_value={}, input_type=dict]
    For further information visit https://errors.pydantic.dev/2.8/v/missing
publisher
  Field required [type=missing, input_value={}, input_type=dict]
    For further information visit https://errors.pydantic.dev/2.8/v/missing
identifier
  Field required [type=missing, input_value={}, input_type=dict]
    For further information visit https://errors.pydantic.dev/2.8/v/missing
description
  Field required [type=missing, input_value={}, input_type=dict]
    For further information visit https://errors.pydantic.dev/2.8/v/missing
title
  Field required [type=missing, input_value={}, input_type=dict]
    For further information visit https://errors.pydantic.dev/2.8/v/missing
programCode
  Field required [type=missing, input_value={}, input_type=dict]
    For further information visit https://errors.pydantic.dev/2.8/v/missing
distribution
  Field required [type=missing, input_value={}, input_type=dict]
    For further information visit https://errors.pydantic.dev/2.8/v/missing
theme
  Field required [type=missing, input_value={}, input_type=dict]
    For further information visit https://errors.pydantic.dev/2.8/v/missing
2024-08-23 12:40:38 - ERROR - Validation error for dataset: Unknown title
Traceback (most recent call last):
  File "C:\Users\edmun\Projects\Repositories\healthpartners-interview\src\healthpartners_interview\download.py", line 31, in fetch_datasets
    dataset = Dataset(**current_item)
              ^^^^^^^^^^^^^^^^^^^^^^^
  File "C:\Users\edmun\Projects\Repositories\healthpartners-interview\.venv\Lib\site-packages\pydantic\main.py", line 193, in __init__
    self.__pydantic_validator__.validate_python(data, self_instance=self)
pydantic_core._pydantic_core.ValidationError: 16 validation errors for Dataset
accessLevel
  Field required [type=missing, input_value={'item': 'theme'}, input_type=dict]
    For further information visit https://errors.pydantic.dev/2.8/v/missing
landingPage
  Field required [type=missing, input_value={'item': 'theme'}, input_type=dict]
    For further information visit https://errors.pydantic.dev/2.8/v/missing
bureauCode
  Field required [type=missing, input_value={'item': 'theme'}, input_type=dict]
    For further information visit https://errors.pydantic.dev/2.8/v/missing
issued
  Field required [type=missing, input_value={'item': 'theme'}, input_type=dict]
    For further information visit https://errors.pydantic.dev/2.8/v/missing
@type
  Field required [type=missing, input_value={'item': 'theme'}, input_type=dict]
    For further information visit https://errors.pydantic.dev/2.8/v/missing
modified
  Field required [type=missing, input_value={'item': 'theme'}, input_type=dict]
    For further information visit https://errors.pydantic.dev/2.8/v/missing
released
  Field required [type=missing, input_value={'item': 'theme'}, input_type=dict]
    For further information visit https://errors.pydantic.dev/2.8/v/missing
keyword
  Field required [type=missing, input_value={'item': 'theme'}, input_type=dict]
    For further information visit https://errors.pydantic.dev/2.8/v/missing
contactPoint
  Field required [type=missing, input_value={'item': 'theme'}, input_type=dict]
    For further information visit https://errors.pydantic.dev/2.8/v/missing
publisher
  Field required [type=missing, input_value={'item': 'theme'}, input_type=dict]
    For further information visit https://errors.pydantic.dev/2.8/v/missing
identifier
  Field required [type=missing, input_value={'item': 'theme'}, input_type=dict]
    For further information visit https://errors.pydantic.dev/2.8/v/missing
description
  Field required [type=missing, input_value={'item': 'theme'}, input_type=dict]
    For further information visit https://errors.pydantic.dev/2.8/v/missing
title
  Field required [type=missing, input_value={'item': 'theme'}, input_type=dict]
    For further information visit https://errors.pydantic.dev/2.8/v/missing
programCode
  Field required [type=missing, input_value={'item': 'theme'}, input_type=dict]
    For further information visit https://errors.pydantic.dev/2.8/v/missing
distribution
  Field required [type=missing, input_value={'item': 'theme'}, input_type=dict]
    For further information visit https://errors.pydantic.dev/2.8/v/missing
theme
  Field required [type=missing, input_value={'item': 'theme'}, input_type=dict]
    For further information visit https://errors.pydantic.dev/2.8/v/missing
2024-08-23 12:40:38 - ERROR - Validation error for dataset: Unknown title
Traceback (most recent call last):
  File "C:\Users\edmun\Projects\Repositories\healthpartners-interview\src\healthpartners_interview\download.py", line 31, in fetch_datasets
    dataset = Dataset(**current_item)
              ^^^^^^^^^^^^^^^^^^^^^^^
  File "C:\Users\edmun\Projects\Repositories\healthpartners-interview\.venv\Lib\site-packages\pydantic\main.py", line 193, in __init__
    self.__pydantic_validator__.validate_python(data, self_instance=self)
pydantic_core._pydantic_core.ValidationError: 16 validation errors for Dataset
accessLevel
  Field required [type=missing, input_value={}, input_type=dict]
    For further information visit https://errors.pydantic.dev/2.8/v/missing
landingPage
  Field required [type=missing, input_value={}, input_type=dict]
    For further information visit https://errors.pydantic.dev/2.8/v/missing
bureauCode
  Field required [type=missing, input_value={}, input_type=dict]
    For further information visit https://errors.pydantic.dev/2.8/v/missing
issued
  Field required [type=missing, input_value={}, input_type=dict]
    For further information visit https://errors.pydantic.dev/2.8/v/missing
@type
  Field required [type=missing, input_value={}, input_type=dict]
    For further information visit https://errors.pydantic.dev/2.8/v/missing
modified
  Field required [type=missing, input_value={}, input_type=dict]
    For further information visit https://errors.pydantic.dev/2.8/v/missing
released
  Field required [type=missing, input_value={}, input_type=dict]
    For further information visit https://errors.pydantic.dev/2.8/v/missing
keyword
  Field required [type=missing, input_value={}, input_type=dict]
    For further information visit https://errors.pydantic.dev/2.8/v/missing
contactPoint
  Field required [type=missing, input_value={}, input_type=dict]
    For further information visit https://errors.pydantic.dev/2.8/v/missing
publisher
  Field required [type=missing, input_value={}, input_type=dict]
    For further information visit https://errors.pydantic.dev/2.8/v/missing
identifier
  Field required [type=missing, input_value={}, input_type=dict]
    For further information visit https://errors.pydantic.dev/2.8/v/missing
description
  Field required [type=missing, input_value={}, input_type=dict]
    For further information visit https://errors.pydantic.dev/2.8/v/missing
title
  Field required [type=missing, input_value={}, input_type=dict]
    For further information visit https://errors.pydantic.dev/2.8/v/missing
programCode
  Field required [type=missing, input_value={}, input_type=dict]
    For further information visit https://errors.pydantic.dev/2.8/v/missing
distribution
  Field required [type=missing, input_value={}, input_type=dict]
    For further information visit https://errors.pydantic.dev/2.8/v/missing
theme
  Field required [type=missing, input_value={}, input_type=dict]
    For further information visit https://errors.pydantic.dev/2.8/v/missing
2024-08-23 12:40:38 - ERROR - Validation error for dataset: Unknown title
Traceback (most recent call last):
  File "C:\Users\edmun\Projects\Repositories\healthpartners-interview\src\healthpartners_interview\download.py", line 31, in fetch_datasets
    dataset = Dataset(**current_item)
              ^^^^^^^^^^^^^^^^^^^^^^^
  File "C:\Users\edmun\Projects\Repositories\healthpartners-interview\.venv\Lib\site-packages\pydantic\main.py", line 193, in __init__
    self.__pydantic_validator__.validate_python(data, self_instance=self)
pydantic_core._pydantic_core.ValidationError: 16 validation errors for Dataset
accessLevel
  Field required [type=missing, input_value={}, input_type=dict]
    For further information visit https://errors.pydantic.dev/2.8/v/missing
landingPage
  Field required [type=missing, input_value={}, input_type=dict]
    For further information visit https://errors.pydantic.dev/2.8/v/missing
bureauCode
  Field required [type=missing, input_value={}, input_type=dict]
    For further information visit https://errors.pydantic.dev/2.8/v/missing
issued
  Field required [type=missing, input_value={}, input_type=dict]
    For further information visit https://errors.pydantic.dev/2.8/v/missing
@type
  Field required [type=missing, input_value={}, input_type=dict]
    For further information visit https://errors.pydantic.dev/2.8/v/missing
modified
  Field required [type=missing, input_value={}, input_type=dict]
    For further information visit https://errors.pydantic.dev/2.8/v/missing
released
  Field required [type=missing, input_value={}, input_type=dict]
    For further information visit https://errors.pydantic.dev/2.8/v/missing
keyword
  Field required [type=missing, input_value={}, input_type=dict]
    For further information visit https://errors.pydantic.dev/2.8/v/missing
contactPoint
  Field required [type=missing, input_value={}, input_type=dict]
    For further information visit https://errors.pydantic.dev/2.8/v/missing
publisher
  Field required [type=missing, input_value={}, input_type=dict]
    For further information visit https://errors.pydantic.dev/2.8/v/missing
identifier
  Field required [type=missing, input_value={}, input_type=dict]
    For further information visit https://errors.pydantic.dev/2.8/v/missing
description
  Field required [type=missing, input_value={}, input_type=dict]
    For further information visit https://errors.pydantic.dev/2.8/v/missing
title
  Field required [type=missing, input_value={}, input_type=dict]
    For further information visit https://errors.pydantic.dev/2.8/v/missing
programCode
  Field required [type=missing, input_value={}, input_type=dict]
    For further information visit https://errors.pydantic.dev/2.8/v/missing
distribution
  Field required [type=missing, input_value={}, input_type=dict]
    For further information visit https://errors.pydantic.dev/2.8/v/missing
theme
  Field required [type=missing, input_value={}, input_type=dict]
    For further information visit https://errors.pydantic.dev/2.8/v/missing
2024-08-23 12:40:38 - ERROR - Validation error for dataset: Unknown title
Traceback (most recent call last):
  File "C:\Users\edmun\Projects\Repositories\healthpartners-interview\src\healthpartners_interview\download.py", line 31, in fetch_datasets
    dataset = Dataset(**current_item)
              ^^^^^^^^^^^^^^^^^^^^^^^
  File "C:\Users\edmun\Projects\Repositories\healthpartners-interview\.venv\Lib\site-packages\pydantic\main.py", line 193, in __init__
    self.__pydantic_validator__.validate_python(data, self_instance=self)
pydantic_core._pydantic_core.ValidationError: 16 validation errors for Dataset
accessLevel
  Field required [type=missing, input_value={}, input_type=dict]
    For further information visit https://errors.pydantic.dev/2.8/v/missing
landingPage
  Field required [type=missing, input_value={}, input_type=dict]
    For further information visit https://errors.pydantic.dev/2.8/v/missing
bureauCode
  Field required [type=missing, input_value={}, input_type=dict]
    For further information visit https://errors.pydantic.dev/2.8/v/missing
issued
  Field required [type=missing, input_value={}, input_type=dict]
    For further information visit https://errors.pydantic.dev/2.8/v/missing
@type
  Field required [type=missing, input_value={}, input_type=dict]
    For further information visit https://errors.pydantic.dev/2.8/v/missing
modified
  Field required [type=missing, input_value={}, input_type=dict]
    For further information visit https://errors.pydantic.dev/2.8/v/missing
released
  Field required [type=missing, input_value={}, input_type=dict]
    For further information visit https://errors.pydantic.dev/2.8/v/missing
keyword
  Field required [type=missing, input_value={}, input_type=dict]
    For further information visit https://errors.pydantic.dev/2.8/v/missing
contactPoint
  Field required [type=missing, input_value={}, input_type=dict]
    For further information visit https://errors.pydantic.dev/2.8/v/missing
publisher
  Field required [type=missing, input_value={}, input_type=dict]
    For further information visit https://errors.pydantic.dev/2.8/v/missing
identifier
  Field required [type=missing, input_value={}, input_type=dict]
    For further information visit https://errors.pydantic.dev/2.8/v/missing
description
  Field required [type=missing, input_value={}, input_type=dict]
    For further information visit https://errors.pydantic.dev/2.8/v/missing
title
  Field required [type=missing, input_value={}, input_type=dict]
    For further information visit https://errors.pydantic.dev/2.8/v/missing
programCode
  Field required [type=missing, input_value={}, input_type=dict]
    For further information visit https://errors.pydantic.dev/2.8/v/missing
distribution
  Field required [type=missing, input_value={}, input_type=dict]
    For further information visit https://errors.pydantic.dev/2.8/v/missing
theme
  Field required [type=missing, input_value={}, input_type=dict]
    For further information visit https://errors.pydantic.dev/2.8/v/missing
2024-08-23 12:40:38 - ERROR - Validation error for dataset: Unknown title
Traceback (most recent call last):
  File "C:\Users\edmun\Projects\Repositories\healthpartners-interview\src\healthpartners_interview\download.py", line 31, in fetch_datasets
    dataset = Dataset(**current_item)
              ^^^^^^^^^^^^^^^^^^^^^^^
  File "C:\Users\edmun\Projects\Repositories\healthpartners-interview\.venv\Lib\site-packages\pydantic\main.py", line 193, in __init__
    self.__pydantic_validator__.validate_python(data, self_instance=self)
pydantic_core._pydantic_core.ValidationError: 16 validation errors for Dataset
accessLevel
  Field required [type=missing, input_value={'item': 'theme'}, input_type=dict]
    For further information visit https://errors.pydantic.dev/2.8/v/missing
landingPage
  Field required [type=missing, input_value={'item': 'theme'}, input_type=dict]
    For further information visit https://errors.pydantic.dev/2.8/v/missing
bureauCode
  Field required [type=missing, input_value={'item': 'theme'}, input_type=dict]
    For further information visit https://errors.pydantic.dev/2.8/v/missing
issued
  Field required [type=missing, input_value={'item': 'theme'}, input_type=dict]
    For further information visit https://errors.pydantic.dev/2.8/v/missing
@type
  Field required [type=missing, input_value={'item': 'theme'}, input_type=dict]
    For further information visit https://errors.pydantic.dev/2.8/v/missing
modified
  Field required [type=missing, input_value={'item': 'theme'}, input_type=dict]
    For further information visit https://errors.pydantic.dev/2.8/v/missing
released
  Field required [type=missing, input_value={'item': 'theme'}, input_type=dict]
    For further information visit https://errors.pydantic.dev/2.8/v/missing
keyword
  Field required [type=missing, input_value={'item': 'theme'}, input_type=dict]
    For further information visit https://errors.pydantic.dev/2.8/v/missing
contactPoint
  Field required [type=missing, input_value={'item': 'theme'}, input_type=dict]
    For further information visit https://errors.pydantic.dev/2.8/v/missing
publisher
  Field required [type=missing, input_value={'item': 'theme'}, input_type=dict]
    For further information visit https://errors.pydantic.dev/2.8/v/missing
identifier
  Field required [type=missing, input_value={'item': 'theme'}, input_type=dict]
    For further information visit https://errors.pydantic.dev/2.8/v/missing
description
  Field required [type=missing, input_value={'item': 'theme'}, input_type=dict]
    For further information visit https://errors.pydantic.dev/2.8/v/missing
title
  Field required [type=missing, input_value={'item': 'theme'}, input_type=dict]
    For further information visit https://errors.pydantic.dev/2.8/v/missing
programCode
  Field required [type=missing, input_value={'item': 'theme'}, input_type=dict]
    For further information visit https://errors.pydantic.dev/2.8/v/missing
distribution
  Field required [type=missing, input_value={'item': 'theme'}, input_type=dict]
    For further information visit https://errors.pydantic.dev/2.8/v/missing
theme
  Field required [type=missing, input_value={'item': 'theme'}, input_type=dict]
    For further information visit https://errors.pydantic.dev/2.8/v/missing
2024-08-23 12:40:38 - ERROR - Validation error for dataset: Unknown title
Traceback (most recent call last):
  File "C:\Users\edmun\Projects\Repositories\healthpartners-interview\src\healthpartners_interview\download.py", line 31, in fetch_datasets
    dataset = Dataset(**current_item)
              ^^^^^^^^^^^^^^^^^^^^^^^
  File "C:\Users\edmun\Projects\Repositories\healthpartners-interview\.venv\Lib\site-packages\pydantic\main.py", line 193, in __init__
    self.__pydantic_validator__.validate_python(data, self_instance=self)
pydantic_core._pydantic_core.ValidationError: 16 validation errors for Dataset
accessLevel
  Field required [type=missing, input_value={}, input_type=dict]
    For further information visit https://errors.pydantic.dev/2.8/v/missing
landingPage
  Field required [type=missing, input_value={}, input_type=dict]
    For further information visit https://errors.pydantic.dev/2.8/v/missing
bureauCode
  Field required [type=missing, input_value={}, input_type=dict]
    For further information visit https://errors.pydantic.dev/2.8/v/missing
issued
  Field required [type=missing, input_value={}, input_type=dict]
    For further information visit https://errors.pydantic.dev/2.8/v/missing
@type
  Field required [type=missing, input_value={}, input_type=dict]
    For further information visit https://errors.pydantic.dev/2.8/v/missing
modified
  Field required [type=missing, input_value={}, input_type=dict]
    For further information visit https://errors.pydantic.dev/2.8/v/missing
released
  Field required [type=missing, input_value={}, input_type=dict]
    For further information visit https://errors.pydantic.dev/2.8/v/missing
keyword
  Field required [type=missing, input_value={}, input_type=dict]
    For further information visit https://errors.pydantic.dev/2.8/v/missing
contactPoint
  Field required [type=missing, input_value={}, input_type=dict]
    For further information visit https://errors.pydantic.dev/2.8/v/missing
publisher
  Field required [type=missing, input_value={}, input_type=dict]
    For further information visit https://errors.pydantic.dev/2.8/v/missing
identifier
  Field required [type=missing, input_value={}, input_type=dict]
    For further information visit https://errors.pydantic.dev/2.8/v/missing
description
  Field required [type=missing, input_value={}, input_type=dict]
    For further information visit https://errors.pydantic.dev/2.8/v/missing
title
  Field required [type=missing, input_value={}, input_type=dict]
    For further information visit https://errors.pydantic.dev/2.8/v/missing
programCode
  Field required [type=missing, input_value={}, input_type=dict]
    For further information visit https://errors.pydantic.dev/2.8/v/missing
distribution
  Field required [type=missing, input_value={}, input_type=dict]
    For further information visit https://errors.pydantic.dev/2.8/v/missing
theme
  Field required [type=missing, input_value={}, input_type=dict]
    For further information visit https://errors.pydantic.dev/2.8/v/missing
2024-08-23 12:40:38 - ERROR - Validation error for dataset: Unknown title
Traceback (most recent call last):
  File "C:\Users\edmun\Projects\Repositories\healthpartners-interview\src\healthpartners_interview\download.py", line 31, in fetch_datasets
    dataset = Dataset(**current_item)
              ^^^^^^^^^^^^^^^^^^^^^^^
  File "C:\Users\edmun\Projects\Repositories\healthpartners-interview\.venv\Lib\site-packages\pydantic\main.py", line 193, in __init__
    self.__pydantic_validator__.validate_python(data, self_instance=self)
pydantic_core._pydantic_core.ValidationError: 16 validation errors for Dataset
accessLevel
  Field required [type=missing, input_value={}, input_type=dict]
    For further information visit https://errors.pydantic.dev/2.8/v/missing
landingPage
  Field required [type=missing, input_value={}, input_type=dict]
    For further information visit https://errors.pydantic.dev/2.8/v/missing
bureauCode
  Field required [type=missing, input_value={}, input_type=dict]
    For further information visit https://errors.pydantic.dev/2.8/v/missing
issued
  Field required [type=missing, input_value={}, input_type=dict]
    For further information visit https://errors.pydantic.dev/2.8/v/missing
@type
  Field required [type=missing, input_value={}, input_type=dict]
    For further information visit https://errors.pydantic.dev/2.8/v/missing
modified
  Field required [type=missing, input_value={}, input_type=dict]
    For further information visit https://errors.pydantic.dev/2.8/v/missing
released
  Field required [type=missing, input_value={}, input_type=dict]
    For further information visit https://errors.pydantic.dev/2.8/v/missing
keyword
  Field required [type=missing, input_value={}, input_type=dict]
    For further information visit https://errors.pydantic.dev/2.8/v/missing
contactPoint
  Field required [type=missing, input_value={}, input_type=dict]
    For further information visit https://errors.pydantic.dev/2.8/v/missing
publisher
  Field required [type=missing, input_value={}, input_type=dict]
    For further information visit https://errors.pydantic.dev/2.8/v/missing
identifier
  Field required [type=missing, input_value={}, input_type=dict]
    For further information visit https://errors.pydantic.dev/2.8/v/missing
description
  Field required [type=missing, input_value={}, input_type=dict]
    For further information visit https://errors.pydantic.dev/2.8/v/missing
title
  Field required [type=missing, input_value={}, input_type=dict]
    For further information visit https://errors.pydantic.dev/2.8/v/missing
programCode
  Field required [type=missing, input_value={}, input_type=dict]
    For further information visit https://errors.pydantic.dev/2.8/v/missing
distribution
  Field required [type=missing, input_value={}, input_type=dict]
    For further information visit https://errors.pydantic.dev/2.8/v/missing
theme
  Field required [type=missing, input_value={}, input_type=dict]
    For further information visit https://errors.pydantic.dev/2.8/v/missing
2024-08-23 12:40:38 - ERROR - Validation error for dataset: Unknown title
Traceback (most recent call last):
  File "C:\Users\edmun\Projects\Repositories\healthpartners-interview\src\healthpartners_interview\download.py", line 31, in fetch_datasets
    dataset = Dataset(**current_item)
              ^^^^^^^^^^^^^^^^^^^^^^^
  File "C:\Users\edmun\Projects\Repositories\healthpartners-interview\.venv\Lib\site-packages\pydantic\main.py", line 193, in __init__
    self.__pydantic_validator__.validate_python(data, self_instance=self)
pydantic_core._pydantic_core.ValidationError: 16 validation errors for Dataset
accessLevel
  Field required [type=missing, input_value={}, input_type=dict]
    For further information visit https://errors.pydantic.dev/2.8/v/missing
landingPage
  Field required [type=missing, input_value={}, input_type=dict]
    For further information visit https://errors.pydantic.dev/2.8/v/missing
bureauCode
  Field required [type=missing, input_value={}, input_type=dict]
    For further information visit https://errors.pydantic.dev/2.8/v/missing
issued
  Field required [type=missing, input_value={}, input_type=dict]
    For further information visit https://errors.pydantic.dev/2.8/v/missing
@type
  Field required [type=missing, input_value={}, input_type=dict]
    For further information visit https://errors.pydantic.dev/2.8/v/missing
modified
  Field required [type=missing, input_value={}, input_type=dict]
    For further information visit https://errors.pydantic.dev/2.8/v/missing
released
  Field required [type=missing, input_value={}, input_type=dict]
    For further information visit https://errors.pydantic.dev/2.8/v/missing
keyword
  Field required [type=missing, input_value={}, input_type=dict]
    For further information visit https://errors.pydantic.dev/2.8/v/missing
contactPoint
  Field required [type=missing, input_value={}, input_type=dict]
    For further information visit https://errors.pydantic.dev/2.8/v/missing
publisher
  Field required [type=missing, input_value={}, input_type=dict]
    For further information visit https://errors.pydantic.dev/2.8/v/missing
identifier
  Field required [type=missing, input_value={}, input_type=dict]
    For further information visit https://errors.pydantic.dev/2.8/v/missing
description
  Field required [type=missing, input_value={}, input_type=dict]
    For further information visit https://errors.pydantic.dev/2.8/v/missing
title
  Field required [type=missing, input_value={}, input_type=dict]
    For further information visit https://errors.pydantic.dev/2.8/v/missing
programCode
  Field required [type=missing, input_value={}, input_type=dict]
    For further information visit https://errors.pydantic.dev/2.8/v/missing
distribution
  Field required [type=missing, input_value={}, input_type=dict]
    For further information visit https://errors.pydantic.dev/2.8/v/missing
theme
  Field required [type=missing, input_value={}, input_type=dict]
    For further information visit https://errors.pydantic.dev/2.8/v/missing
2024-08-23 12:40:38 - ERROR - Validation error for dataset: Unknown title
Traceback (most recent call last):
  File "C:\Users\edmun\Projects\Repositories\healthpartners-interview\src\healthpartners_interview\download.py", line 31, in fetch_datasets
    dataset = Dataset(**current_item)
              ^^^^^^^^^^^^^^^^^^^^^^^
  File "C:\Users\edmun\Projects\Repositories\healthpartners-interview\.venv\Lib\site-packages\pydantic\main.py", line 193, in __init__
    self.__pydantic_validator__.validate_python(data, self_instance=self)
pydantic_core._pydantic_core.ValidationError: 16 validation errors for Dataset
accessLevel
  Field required [type=missing, input_value={'item': 'programCode'}, input_type=dict]
    For further information visit https://errors.pydantic.dev/2.8/v/missing
landingPage
  Field required [type=missing, input_value={'item': 'programCode'}, input_type=dict]
    For further information visit https://errors.pydantic.dev/2.8/v/missing
bureauCode
  Field required [type=missing, input_value={'item': 'programCode'}, input_type=dict]
    For further information visit https://errors.pydantic.dev/2.8/v/missing
issued
  Field required [type=missing, input_value={'item': 'programCode'}, input_type=dict]
    For further information visit https://errors.pydantic.dev/2.8/v/missing
@type
  Field required [type=missing, input_value={'item': 'programCode'}, input_type=dict]
    For further information visit https://errors.pydantic.dev/2.8/v/missing
modified
  Field required [type=missing, input_value={'item': 'programCode'}, input_type=dict]
    For further information visit https://errors.pydantic.dev/2.8/v/missing
released
  Field required [type=missing, input_value={'item': 'programCode'}, input_type=dict]
    For further information visit https://errors.pydantic.dev/2.8/v/missing
keyword
  Field required [type=missing, input_value={'item': 'programCode'}, input_type=dict]
    For further information visit https://errors.pydantic.dev/2.8/v/missing
contactPoint
  Field required [type=missing, input_value={'item': 'programCode'}, input_type=dict]
    For further information visit https://errors.pydantic.dev/2.8/v/missing
publisher
  Field required [type=missing, input_value={'item': 'programCode'}, input_type=dict]
    For further information visit https://errors.pydantic.dev/2.8/v/missing
identifier
  Field required [type=missing, input_value={'item': 'programCode'}, input_type=dict]
    For further information visit https://errors.pydantic.dev/2.8/v/missing
description
  Field required [type=missing, input_value={'item': 'programCode'}, input_type=dict]
    For further information visit https://errors.pydantic.dev/2.8/v/missing
title
  Field required [type=missing, input_value={'item': 'programCode'}, input_type=dict]
    For further information visit https://errors.pydantic.dev/2.8/v/missing
programCode
  Field required [type=missing, input_value={'item': 'programCode'}, input_type=dict]
    For further information visit https://errors.pydantic.dev/2.8/v/missing
distribution
  Field required [type=missing, input_value={'item': 'programCode'}, input_type=dict]
    For further information visit https://errors.pydantic.dev/2.8/v/missing
theme
  Field required [type=missing, input_value={'item': 'programCode'}, input_type=dict]
    For further information visit https://errors.pydantic.dev/2.8/v/missing
2024-08-23 12:40:38 - ERROR - Validation error for dataset: Unknown title
Traceback (most recent call last):
  File "C:\Users\edmun\Projects\Repositories\healthpartners-interview\src\healthpartners_interview\download.py", line 31, in fetch_datasets
    dataset = Dataset(**current_item)
              ^^^^^^^^^^^^^^^^^^^^^^^
  File "C:\Users\edmun\Projects\Repositories\healthpartners-interview\.venv\Lib\site-packages\pydantic\main.py", line 193, in __init__
    self.__pydantic_validator__.validate_python(data, self_instance=self)
pydantic_core._pydantic_core.ValidationError: 16 validation errors for Dataset
accessLevel
  Field required [type=missing, input_value={}, input_type=dict]
    For further information visit https://errors.pydantic.dev/2.8/v/missing
landingPage
  Field required [type=missing, input_value={}, input_type=dict]
    For further information visit https://errors.pydantic.dev/2.8/v/missing
bureauCode
  Field required [type=missing, input_value={}, input_type=dict]
    For further information visit https://errors.pydantic.dev/2.8/v/missing
issued
  Field required [type=missing, input_value={}, input_type=dict]
    For further information visit https://errors.pydantic.dev/2.8/v/missing
@type
  Field required [type=missing, input_value={}, input_type=dict]
    For further information visit https://errors.pydantic.dev/2.8/v/missing
modified
  Field required [type=missing, input_value={}, input_type=dict]
    For further information visit https://errors.pydantic.dev/2.8/v/missing
released
  Field required [type=missing, input_value={}, input_type=dict]
    For further information visit https://errors.pydantic.dev/2.8/v/missing
keyword
  Field required [type=missing, input_value={}, input_type=dict]
    For further information visit https://errors.pydantic.dev/2.8/v/missing
contactPoint
  Field required [type=missing, input_value={}, input_type=dict]
    For further information visit https://errors.pydantic.dev/2.8/v/missing
publisher
  Field required [type=missing, input_value={}, input_type=dict]
    For further information visit https://errors.pydantic.dev/2.8/v/missing
identifier
  Field required [type=missing, input_value={}, input_type=dict]
    For further information visit https://errors.pydantic.dev/2.8/v/missing
description
  Field required [type=missing, input_value={}, input_type=dict]
    For further information visit https://errors.pydantic.dev/2.8/v/missing
title
  Field required [type=missing, input_value={}, input_type=dict]
    For further information visit https://errors.pydantic.dev/2.8/v/missing
programCode
  Field required [type=missing, input_value={}, input_type=dict]
    For further information visit https://errors.pydantic.dev/2.8/v/missing
distribution
  Field required [type=missing, input_value={}, input_type=dict]
    For further information visit https://errors.pydantic.dev/2.8/v/missing
theme
  Field required [type=missing, input_value={}, input_type=dict]
    For further information visit https://errors.pydantic.dev/2.8/v/missing
2024-08-23 12:40:38 - ERROR - Validation error for dataset: Unknown title
Traceback (most recent call last):
  File "C:\Users\edmun\Projects\Repositories\healthpartners-interview\src\healthpartners_interview\download.py", line 31, in fetch_datasets
    dataset = Dataset(**current_item)
              ^^^^^^^^^^^^^^^^^^^^^^^
  File "C:\Users\edmun\Projects\Repositories\healthpartners-interview\.venv\Lib\site-packages\pydantic\main.py", line 193, in __init__
    self.__pydantic_validator__.validate_python(data, self_instance=self)
pydantic_core._pydantic_core.ValidationError: 16 validation errors for Dataset
accessLevel
  Field required [type=missing, input_value={}, input_type=dict]
    For further information visit https://errors.pydantic.dev/2.8/v/missing
landingPage
  Field required [type=missing, input_value={}, input_type=dict]
    For further information visit https://errors.pydantic.dev/2.8/v/missing
bureauCode
  Field required [type=missing, input_value={}, input_type=dict]
    For further information visit https://errors.pydantic.dev/2.8/v/missing
issued
  Field required [type=missing, input_value={}, input_type=dict]
    For further information visit https://errors.pydantic.dev/2.8/v/missing
@type
  Field required [type=missing, input_value={}, input_type=dict]
    For further information visit https://errors.pydantic.dev/2.8/v/missing
modified
  Field required [type=missing, input_value={}, input_type=dict]
    For further information visit https://errors.pydantic.dev/2.8/v/missing
released
  Field required [type=missing, input_value={}, input_type=dict]
    For further information visit https://errors.pydantic.dev/2.8/v/missing
keyword
  Field required [type=missing, input_value={}, input_type=dict]
    For further information visit https://errors.pydantic.dev/2.8/v/missing
contactPoint
  Field required [type=missing, input_value={}, input_type=dict]
    For further information visit https://errors.pydantic.dev/2.8/v/missing
publisher
  Field required [type=missing, input_value={}, input_type=dict]
    For further information visit https://errors.pydantic.dev/2.8/v/missing
identifier
  Field required [type=missing, input_value={}, input_type=dict]
    For further information visit https://errors.pydantic.dev/2.8/v/missing
description
  Field required [type=missing, input_value={}, input_type=dict]
    For further information visit https://errors.pydantic.dev/2.8/v/missing
title
  Field required [type=missing, input_value={}, input_type=dict]
    For further information visit https://errors.pydantic.dev/2.8/v/missing
programCode
  Field required [type=missing, input_value={}, input_type=dict]
    For further information visit https://errors.pydantic.dev/2.8/v/missing
distribution
  Field required [type=missing, input_value={}, input_type=dict]
    For further information visit https://errors.pydantic.dev/2.8/v/missing
theme
  Field required [type=missing, input_value={}, input_type=dict]
    For further information visit https://errors.pydantic.dev/2.8/v/missing
2024-08-23 12:40:38 - ERROR - Validation error for dataset: Unknown title
Traceback (most recent call last):
  File "C:\Users\edmun\Projects\Repositories\healthpartners-interview\src\healthpartners_interview\download.py", line 31, in fetch_datasets
    dataset = Dataset(**current_item)
              ^^^^^^^^^^^^^^^^^^^^^^^
  File "C:\Users\edmun\Projects\Repositories\healthpartners-interview\.venv\Lib\site-packages\pydantic\main.py", line 193, in __init__
    self.__pydantic_validator__.validate_python(data, self_instance=self)
pydantic_core._pydantic_core.ValidationError: 16 validation errors for Dataset
accessLevel
  Field required [type=missing, input_value={}, input_type=dict]
    For further information visit https://errors.pydantic.dev/2.8/v/missing
landingPage
  Field required [type=missing, input_value={}, input_type=dict]
    For further information visit https://errors.pydantic.dev/2.8/v/missing
bureauCode
  Field required [type=missing, input_value={}, input_type=dict]
    For further information visit https://errors.pydantic.dev/2.8/v/missing
issued
  Field required [type=missing, input_value={}, input_type=dict]
    For further information visit https://errors.pydantic.dev/2.8/v/missing
@type
  Field required [type=missing, input_value={}, input_type=dict]
    For further information visit https://errors.pydantic.dev/2.8/v/missing
modified
  Field required [type=missing, input_value={}, input_type=dict]
    For further information visit https://errors.pydantic.dev/2.8/v/missing
released
  Field required [type=missing, input_value={}, input_type=dict]
    For further information visit https://errors.pydantic.dev/2.8/v/missing
keyword
  Field required [type=missing, input_value={}, input_type=dict]
    For further information visit https://errors.pydantic.dev/2.8/v/missing
contactPoint
  Field required [type=missing, input_value={}, input_type=dict]
    For further information visit https://errors.pydantic.dev/2.8/v/missing
publisher
  Field required [type=missing, input_value={}, input_type=dict]
    For further information visit https://errors.pydantic.dev/2.8/v/missing
identifier
  Field required [type=missing, input_value={}, input_type=dict]
    For further information visit https://errors.pydantic.dev/2.8/v/missing
description
  Field required [type=missing, input_value={}, input_type=dict]
    For further information visit https://errors.pydantic.dev/2.8/v/missing
title
  Field required [type=missing, input_value={}, input_type=dict]
    For further information visit https://errors.pydantic.dev/2.8/v/missing
programCode
  Field required [type=missing, input_value={}, input_type=dict]
    For further information visit https://errors.pydantic.dev/2.8/v/missing
distribution
  Field required [type=missing, input_value={}, input_type=dict]
    For further information visit https://errors.pydantic.dev/2.8/v/missing
theme
  Field required [type=missing, input_value={}, input_type=dict]
    For further information visit https://errors.pydantic.dev/2.8/v/missing
2024-08-23 12:40:38 - ERROR - Validation error for dataset: Unknown title
Traceback (most recent call last):
  File "C:\Users\edmun\Projects\Repositories\healthpartners-interview\src\healthpartners_interview\download.py", line 31, in fetch_datasets
    dataset = Dataset(**current_item)
              ^^^^^^^^^^^^^^^^^^^^^^^
  File "C:\Users\edmun\Projects\Repositories\healthpartners-interview\.venv\Lib\site-packages\pydantic\main.py", line 193, in __init__
    self.__pydantic_validator__.validate_python(data, self_instance=self)
pydantic_core._pydantic_core.ValidationError: 16 validation errors for Dataset
accessLevel
  Field required [type=missing, input_value={'item': 'programCode'}, input_type=dict]
    For further information visit https://errors.pydantic.dev/2.8/v/missing
landingPage
  Field required [type=missing, input_value={'item': 'programCode'}, input_type=dict]
    For further information visit https://errors.pydantic.dev/2.8/v/missing
bureauCode
  Field required [type=missing, input_value={'item': 'programCode'}, input_type=dict]
    For further information visit https://errors.pydantic.dev/2.8/v/missing
issued
  Field required [type=missing, input_value={'item': 'programCode'}, input_type=dict]
    For further information visit https://errors.pydantic.dev/2.8/v/missing
@type
  Field required [type=missing, input_value={'item': 'programCode'}, input_type=dict]
    For further information visit https://errors.pydantic.dev/2.8/v/missing
modified
  Field required [type=missing, input_value={'item': 'programCode'}, input_type=dict]
    For further information visit https://errors.pydantic.dev/2.8/v/missing
released
  Field required [type=missing, input_value={'item': 'programCode'}, input_type=dict]
    For further information visit https://errors.pydantic.dev/2.8/v/missing
keyword
  Field required [type=missing, input_value={'item': 'programCode'}, input_type=dict]
    For further information visit https://errors.pydantic.dev/2.8/v/missing
contactPoint
  Field required [type=missing, input_value={'item': 'programCode'}, input_type=dict]
    For further information visit https://errors.pydantic.dev/2.8/v/missing
publisher
  Field required [type=missing, input_value={'item': 'programCode'}, input_type=dict]
    For further information visit https://errors.pydantic.dev/2.8/v/missing
identifier
  Field required [type=missing, input_value={'item': 'programCode'}, input_type=dict]
    For further information visit https://errors.pydantic.dev/2.8/v/missing
description
  Field required [type=missing, input_value={'item': 'programCode'}, input_type=dict]
    For further information visit https://errors.pydantic.dev/2.8/v/missing
title
  Field required [type=missing, input_value={'item': 'programCode'}, input_type=dict]
    For further information visit https://errors.pydantic.dev/2.8/v/missing
programCode
  Field required [type=missing, input_value={'item': 'programCode'}, input_type=dict]
    For further information visit https://errors.pydantic.dev/2.8/v/missing
distribution
  Field required [type=missing, input_value={'item': 'programCode'}, input_type=dict]
    For further information visit https://errors.pydantic.dev/2.8/v/missing
theme
  Field required [type=missing, input_value={'item': 'programCode'}, input_type=dict]
    For further information visit https://errors.pydantic.dev/2.8/v/missing
2024-08-23 12:40:38 - ERROR - Validation error for dataset: Unknown title
Traceback (most recent call last):
  File "C:\Users\edmun\Projects\Repositories\healthpartners-interview\src\healthpartners_interview\download.py", line 31, in fetch_datasets
    dataset = Dataset(**current_item)
              ^^^^^^^^^^^^^^^^^^^^^^^
  File "C:\Users\edmun\Projects\Repositories\healthpartners-interview\.venv\Lib\site-packages\pydantic\main.py", line 193, in __init__
    self.__pydantic_validator__.validate_python(data, self_instance=self)
pydantic_core._pydantic_core.ValidationError: 16 validation errors for Dataset
accessLevel
  Field required [type=missing, input_value={}, input_type=dict]
    For further information visit https://errors.pydantic.dev/2.8/v/missing
landingPage
  Field required [type=missing, input_value={}, input_type=dict]
    For further information visit https://errors.pydantic.dev/2.8/v/missing
bureauCode
  Field required [type=missing, input_value={}, input_type=dict]
    For further information visit https://errors.pydantic.dev/2.8/v/missing
issued
  Field required [type=missing, input_value={}, input_type=dict]
    For further information visit https://errors.pydantic.dev/2.8/v/missing
@type
  Field required [type=missing, input_value={}, input_type=dict]
    For further information visit https://errors.pydantic.dev/2.8/v/missing
modified
  Field required [type=missing, input_value={}, input_type=dict]
    For further information visit https://errors.pydantic.dev/2.8/v/missing
released
  Field required [type=missing, input_value={}, input_type=dict]
    For further information visit https://errors.pydantic.dev/2.8/v/missing
keyword
  Field required [type=missing, input_value={}, input_type=dict]
    For further information visit https://errors.pydantic.dev/2.8/v/missing
contactPoint
  Field required [type=missing, input_value={}, input_type=dict]
    For further information visit https://errors.pydantic.dev/2.8/v/missing
publisher
  Field required [type=missing, input_value={}, input_type=dict]
    For further information visit https://errors.pydantic.dev/2.8/v/missing
identifier
  Field required [type=missing, input_value={}, input_type=dict]
    For further information visit https://errors.pydantic.dev/2.8/v/missing
description
  Field required [type=missing, input_value={}, input_type=dict]
    For further information visit https://errors.pydantic.dev/2.8/v/missing
title
  Field required [type=missing, input_value={}, input_type=dict]
    For further information visit https://errors.pydantic.dev/2.8/v/missing
programCode
  Field required [type=missing, input_value={}, input_type=dict]
    For further information visit https://errors.pydantic.dev/2.8/v/missing
distribution
  Field required [type=missing, input_value={}, input_type=dict]
    For further information visit https://errors.pydantic.dev/2.8/v/missing
theme
  Field required [type=missing, input_value={}, input_type=dict]
    For further information visit https://errors.pydantic.dev/2.8/v/missing
2024-08-23 12:40:38 - ERROR - Validation error for dataset: Unknown title
Traceback (most recent call last):
  File "C:\Users\edmun\Projects\Repositories\healthpartners-interview\src\healthpartners_interview\download.py", line 31, in fetch_datasets
    dataset = Dataset(**current_item)
              ^^^^^^^^^^^^^^^^^^^^^^^
  File "C:\Users\edmun\Projects\Repositories\healthpartners-interview\.venv\Lib\site-packages\pydantic\main.py", line 193, in __init__
    self.__pydantic_validator__.validate_python(data, self_instance=self)
pydantic_core._pydantic_core.ValidationError: 16 validation errors for Dataset
accessLevel
  Field required [type=missing, input_value={}, input_type=dict]
    For further information visit https://errors.pydantic.dev/2.8/v/missing
landingPage
  Field required [type=missing, input_value={}, input_type=dict]
    For further information visit https://errors.pydantic.dev/2.8/v/missing
bureauCode
  Field required [type=missing, input_value={}, input_type=dict]
    For further information visit https://errors.pydantic.dev/2.8/v/missing
issued
  Field required [type=missing, input_value={}, input_type=dict]
    For further information visit https://errors.pydantic.dev/2.8/v/missing
@type
  Field required [type=missing, input_value={}, input_type=dict]
    For further information visit https://errors.pydantic.dev/2.8/v/missing
modified
  Field required [type=missing, input_value={}, input_type=dict]
    For further information visit https://errors.pydantic.dev/2.8/v/missing
released
  Field required [type=missing, input_value={}, input_type=dict]
    For further information visit https://errors.pydantic.dev/2.8/v/missing
keyword
  Field required [type=missing, input_value={}, input_type=dict]
    For further information visit https://errors.pydantic.dev/2.8/v/missing
contactPoint
  Field required [type=missing, input_value={}, input_type=dict]
    For further information visit https://errors.pydantic.dev/2.8/v/missing
publisher
  Field required [type=missing, input_value={}, input_type=dict]
    For further information visit https://errors.pydantic.dev/2.8/v/missing
identifier
  Field required [type=missing, input_value={}, input_type=dict]
    For further information visit https://errors.pydantic.dev/2.8/v/missing
description
  Field required [type=missing, input_value={}, input_type=dict]
    For further information visit https://errors.pydantic.dev/2.8/v/missing
title
  Field required [type=missing, input_value={}, input_type=dict]
    For further information visit https://errors.pydantic.dev/2.8/v/missing
programCode
  Field required [type=missing, input_value={}, input_type=dict]
    For further information visit https://errors.pydantic.dev/2.8/v/missing
distribution
  Field required [type=missing, input_value={}, input_type=dict]
    For further information visit https://errors.pydantic.dev/2.8/v/missing
theme
  Field required [type=missing, input_value={}, input_type=dict]
    For further information visit https://errors.pydantic.dev/2.8/v/missing
2024-08-23 12:40:38 - ERROR - Validation error for dataset: Unknown title
Traceback (most recent call last):
  File "C:\Users\edmun\Projects\Repositories\healthpartners-interview\src\healthpartners_interview\download.py", line 31, in fetch_datasets
    dataset = Dataset(**current_item)
              ^^^^^^^^^^^^^^^^^^^^^^^
  File "C:\Users\edmun\Projects\Repositories\healthpartners-interview\.venv\Lib\site-packages\pydantic\main.py", line 193, in __init__
    self.__pydantic_validator__.validate_python(data, self_instance=self)
pydantic_core._pydantic_core.ValidationError: 16 validation errors for Dataset
accessLevel
  Field required [type=missing, input_value={}, input_type=dict]
    For further information visit https://errors.pydantic.dev/2.8/v/missing
landingPage
  Field required [type=missing, input_value={}, input_type=dict]
    For further information visit https://errors.pydantic.dev/2.8/v/missing
bureauCode
  Field required [type=missing, input_value={}, input_type=dict]
    For further information visit https://errors.pydantic.dev/2.8/v/missing
issued
  Field required [type=missing, input_value={}, input_type=dict]
    For further information visit https://errors.pydantic.dev/2.8/v/missing
@type
  Field required [type=missing, input_value={}, input_type=dict]
    For further information visit https://errors.pydantic.dev/2.8/v/missing
modified
  Field required [type=missing, input_value={}, input_type=dict]
    For further information visit https://errors.pydantic.dev/2.8/v/missing
released
  Field required [type=missing, input_value={}, input_type=dict]
    For further information visit https://errors.pydantic.dev/2.8/v/missing
keyword
  Field required [type=missing, input_value={}, input_type=dict]
    For further information visit https://errors.pydantic.dev/2.8/v/missing
contactPoint
  Field required [type=missing, input_value={}, input_type=dict]
    For further information visit https://errors.pydantic.dev/2.8/v/missing
publisher
  Field required [type=missing, input_value={}, input_type=dict]
    For further information visit https://errors.pydantic.dev/2.8/v/missing
identifier
  Field required [type=missing, input_value={}, input_type=dict]
    For further information visit https://errors.pydantic.dev/2.8/v/missing
description
  Field required [type=missing, input_value={}, input_type=dict]
    For further information visit https://errors.pydantic.dev/2.8/v/missing
title
  Field required [type=missing, input_value={}, input_type=dict]
    For further information visit https://errors.pydantic.dev/2.8/v/missing
programCode
  Field required [type=missing, input_value={}, input_type=dict]
    For further information visit https://errors.pydantic.dev/2.8/v/missing
distribution
  Field required [type=missing, input_value={}, input_type=dict]
    For further information visit https://errors.pydantic.dev/2.8/v/missing
theme
  Field required [type=missing, input_value={}, input_type=dict]
    For further information visit https://errors.pydantic.dev/2.8/v/missing
2024-08-23 12:40:38 - ERROR - Validation error for dataset: Unknown title
Traceback (most recent call last):
  File "C:\Users\edmun\Projects\Repositories\healthpartners-interview\src\healthpartners_interview\download.py", line 31, in fetch_datasets
    dataset = Dataset(**current_item)
              ^^^^^^^^^^^^^^^^^^^^^^^
  File "C:\Users\edmun\Projects\Repositories\healthpartners-interview\.venv\Lib\site-packages\pydantic\main.py", line 193, in __init__
    self.__pydantic_validator__.validate_python(data, self_instance=self)
pydantic_core._pydantic_core.ValidationError: 16 validation errors for Dataset
accessLevel
  Field required [type=missing, input_value={'item': 'title'}, input_type=dict]
    For further information visit https://errors.pydantic.dev/2.8/v/missing
landingPage
  Field required [type=missing, input_value={'item': 'title'}, input_type=dict]
    For further information visit https://errors.pydantic.dev/2.8/v/missing
bureauCode
  Field required [type=missing, input_value={'item': 'title'}, input_type=dict]
    For further information visit https://errors.pydantic.dev/2.8/v/missing
issued
  Field required [type=missing, input_value={'item': 'title'}, input_type=dict]
    For further information visit https://errors.pydantic.dev/2.8/v/missing
@type
  Field required [type=missing, input_value={'item': 'title'}, input_type=dict]
    For further information visit https://errors.pydantic.dev/2.8/v/missing
modified
  Field required [type=missing, input_value={'item': 'title'}, input_type=dict]
    For further information visit https://errors.pydantic.dev/2.8/v/missing
released
  Field required [type=missing, input_value={'item': 'title'}, input_type=dict]
    For further information visit https://errors.pydantic.dev/2.8/v/missing
keyword
  Field required [type=missing, input_value={'item': 'title'}, input_type=dict]
    For further information visit https://errors.pydantic.dev/2.8/v/missing
contactPoint
  Field required [type=missing, input_value={'item': 'title'}, input_type=dict]
    For further information visit https://errors.pydantic.dev/2.8/v/missing
publisher
  Field required [type=missing, input_value={'item': 'title'}, input_type=dict]
    For further information visit https://errors.pydantic.dev/2.8/v/missing
identifier
  Field required [type=missing, input_value={'item': 'title'}, input_type=dict]
    For further information visit https://errors.pydantic.dev/2.8/v/missing
description
  Field required [type=missing, input_value={'item': 'title'}, input_type=dict]
    For further information visit https://errors.pydantic.dev/2.8/v/missing
title
  Field required [type=missing, input_value={'item': 'title'}, input_type=dict]
    For further information visit https://errors.pydantic.dev/2.8/v/missing
programCode
  Field required [type=missing, input_value={'item': 'title'}, input_type=dict]
    For further information visit https://errors.pydantic.dev/2.8/v/missing
distribution
  Field required [type=missing, input_value={'item': 'title'}, input_type=dict]
    For further information visit https://errors.pydantic.dev/2.8/v/missing
theme
  Field required [type=missing, input_value={'item': 'title'}, input_type=dict]
    For further information visit https://errors.pydantic.dev/2.8/v/missing
2024-08-23 12:40:38 - ERROR - Validation error for dataset: Unknown title
Traceback (most recent call last):
  File "C:\Users\edmun\Projects\Repositories\healthpartners-interview\src\healthpartners_interview\download.py", line 31, in fetch_datasets
    dataset = Dataset(**current_item)
              ^^^^^^^^^^^^^^^^^^^^^^^
  File "C:\Users\edmun\Projects\Repositories\healthpartners-interview\.venv\Lib\site-packages\pydantic\main.py", line 193, in __init__
    self.__pydantic_validator__.validate_python(data, self_instance=self)
pydantic_core._pydantic_core.ValidationError: 16 validation errors for Dataset
accessLevel
  Field required [type=missing, input_value={}, input_type=dict]
    For further information visit https://errors.pydantic.dev/2.8/v/missing
landingPage
  Field required [type=missing, input_value={}, input_type=dict]
    For further information visit https://errors.pydantic.dev/2.8/v/missing
bureauCode
  Field required [type=missing, input_value={}, input_type=dict]
    For further information visit https://errors.pydantic.dev/2.8/v/missing
issued
  Field required [type=missing, input_value={}, input_type=dict]
    For further information visit https://errors.pydantic.dev/2.8/v/missing
@type
  Field required [type=missing, input_value={}, input_type=dict]
    For further information visit https://errors.pydantic.dev/2.8/v/missing
modified
  Field required [type=missing, input_value={}, input_type=dict]
    For further information visit https://errors.pydantic.dev/2.8/v/missing
released
  Field required [type=missing, input_value={}, input_type=dict]
    For further information visit https://errors.pydantic.dev/2.8/v/missing
keyword
  Field required [type=missing, input_value={}, input_type=dict]
    For further information visit https://errors.pydantic.dev/2.8/v/missing
contactPoint
  Field required [type=missing, input_value={}, input_type=dict]
    For further information visit https://errors.pydantic.dev/2.8/v/missing
publisher
  Field required [type=missing, input_value={}, input_type=dict]
    For further information visit https://errors.pydantic.dev/2.8/v/missing
identifier
  Field required [type=missing, input_value={}, input_type=dict]
    For further information visit https://errors.pydantic.dev/2.8/v/missing
description
  Field required [type=missing, input_value={}, input_type=dict]
    For further information visit https://errors.pydantic.dev/2.8/v/missing
title
  Field required [type=missing, input_value={}, input_type=dict]
    For further information visit https://errors.pydantic.dev/2.8/v/missing
programCode
  Field required [type=missing, input_value={}, input_type=dict]
    For further information visit https://errors.pydantic.dev/2.8/v/missing
distribution
  Field required [type=missing, input_value={}, input_type=dict]
    For further information visit https://errors.pydantic.dev/2.8/v/missing
theme
  Field required [type=missing, input_value={}, input_type=dict]
    For further information visit https://errors.pydantic.dev/2.8/v/missing
2024-08-23 12:40:38 - ERROR - Validation error for dataset: Unknown title
Traceback (most recent call last):
  File "C:\Users\edmun\Projects\Repositories\healthpartners-interview\src\healthpartners_interview\download.py", line 31, in fetch_datasets
    dataset = Dataset(**current_item)
              ^^^^^^^^^^^^^^^^^^^^^^^
  File "C:\Users\edmun\Projects\Repositories\healthpartners-interview\.venv\Lib\site-packages\pydantic\main.py", line 193, in __init__
    self.__pydantic_validator__.validate_python(data, self_instance=self)
pydantic_core._pydantic_core.ValidationError: 16 validation errors for Dataset
accessLevel
  Field required [type=missing, input_value={}, input_type=dict]
    For further information visit https://errors.pydantic.dev/2.8/v/missing
landingPage
  Field required [type=missing, input_value={}, input_type=dict]
    For further information visit https://errors.pydantic.dev/2.8/v/missing
bureauCode
  Field required [type=missing, input_value={}, input_type=dict]
    For further information visit https://errors.pydantic.dev/2.8/v/missing
issued
  Field required [type=missing, input_value={}, input_type=dict]
    For further information visit https://errors.pydantic.dev/2.8/v/missing
@type
  Field required [type=missing, input_value={}, input_type=dict]
    For further information visit https://errors.pydantic.dev/2.8/v/missing
modified
  Field required [type=missing, input_value={}, input_type=dict]
    For further information visit https://errors.pydantic.dev/2.8/v/missing
released
  Field required [type=missing, input_value={}, input_type=dict]
    For further information visit https://errors.pydantic.dev/2.8/v/missing
keyword
  Field required [type=missing, input_value={}, input_type=dict]
    For further information visit https://errors.pydantic.dev/2.8/v/missing
contactPoint
  Field required [type=missing, input_value={}, input_type=dict]
    For further information visit https://errors.pydantic.dev/2.8/v/missing
publisher
  Field required [type=missing, input_value={}, input_type=dict]
    For further information visit https://errors.pydantic.dev/2.8/v/missing
identifier
  Field required [type=missing, input_value={}, input_type=dict]
    For further information visit https://errors.pydantic.dev/2.8/v/missing
description
  Field required [type=missing, input_value={}, input_type=dict]
    For further information visit https://errors.pydantic.dev/2.8/v/missing
title
  Field required [type=missing, input_value={}, input_type=dict]
    For further information visit https://errors.pydantic.dev/2.8/v/missing
programCode
  Field required [type=missing, input_value={}, input_type=dict]
    For further information visit https://errors.pydantic.dev/2.8/v/missing
distribution
  Field required [type=missing, input_value={}, input_type=dict]
    For further information visit https://errors.pydantic.dev/2.8/v/missing
theme
  Field required [type=missing, input_value={}, input_type=dict]
    For further information visit https://errors.pydantic.dev/2.8/v/missing
2024-08-23 12:40:38 - ERROR - Validation error for dataset: Unknown title
Traceback (most recent call last):
  File "C:\Users\edmun\Projects\Repositories\healthpartners-interview\src\healthpartners_interview\download.py", line 31, in fetch_datasets
    dataset = Dataset(**current_item)
              ^^^^^^^^^^^^^^^^^^^^^^^
  File "C:\Users\edmun\Projects\Repositories\healthpartners-interview\.venv\Lib\site-packages\pydantic\main.py", line 193, in __init__
    self.__pydantic_validator__.validate_python(data, self_instance=self)
pydantic_core._pydantic_core.ValidationError: 16 validation errors for Dataset
accessLevel
  Field required [type=missing, input_value={}, input_type=dict]
    For further information visit https://errors.pydantic.dev/2.8/v/missing
landingPage
  Field required [type=missing, input_value={}, input_type=dict]
    For further information visit https://errors.pydantic.dev/2.8/v/missing
bureauCode
  Field required [type=missing, input_value={}, input_type=dict]
    For further information visit https://errors.pydantic.dev/2.8/v/missing
issued
  Field required [type=missing, input_value={}, input_type=dict]
    For further information visit https://errors.pydantic.dev/2.8/v/missing
@type
  Field required [type=missing, input_value={}, input_type=dict]
    For further information visit https://errors.pydantic.dev/2.8/v/missing
modified
  Field required [type=missing, input_value={}, input_type=dict]
    For further information visit https://errors.pydantic.dev/2.8/v/missing
released
  Field required [type=missing, input_value={}, input_type=dict]
    For further information visit https://errors.pydantic.dev/2.8/v/missing
keyword
  Field required [type=missing, input_value={}, input_type=dict]
    For further information visit https://errors.pydantic.dev/2.8/v/missing
contactPoint
  Field required [type=missing, input_value={}, input_type=dict]
    For further information visit https://errors.pydantic.dev/2.8/v/missing
publisher
  Field required [type=missing, input_value={}, input_type=dict]
    For further information visit https://errors.pydantic.dev/2.8/v/missing
identifier
  Field required [type=missing, input_value={}, input_type=dict]
    For further information visit https://errors.pydantic.dev/2.8/v/missing
description
  Field required [type=missing, input_value={}, input_type=dict]
    For further information visit https://errors.pydantic.dev/2.8/v/missing
title
  Field required [type=missing, input_value={}, input_type=dict]
    For further information visit https://errors.pydantic.dev/2.8/v/missing
programCode
  Field required [type=missing, input_value={}, input_type=dict]
    For further information visit https://errors.pydantic.dev/2.8/v/missing
distribution
  Field required [type=missing, input_value={}, input_type=dict]
    For further information visit https://errors.pydantic.dev/2.8/v/missing
theme
  Field required [type=missing, input_value={}, input_type=dict]
    For further information visit https://errors.pydantic.dev/2.8/v/missing
2024-08-23 12:40:38 - ERROR - Validation error for dataset: Unknown title
Traceback (most recent call last):
  File "C:\Users\edmun\Projects\Repositories\healthpartners-interview\src\healthpartners_interview\download.py", line 31, in fetch_datasets
    dataset = Dataset(**current_item)
              ^^^^^^^^^^^^^^^^^^^^^^^
  File "C:\Users\edmun\Projects\Repositories\healthpartners-interview\.venv\Lib\site-packages\pydantic\main.py", line 193, in __init__
    self.__pydantic_validator__.validate_python(data, self_instance=self)
pydantic_core._pydantic_core.ValidationError: 16 validation errors for Dataset
accessLevel
  Field required [type=missing, input_value={'item': 'title'}, input_type=dict]
    For further information visit https://errors.pydantic.dev/2.8/v/missing
landingPage
  Field required [type=missing, input_value={'item': 'title'}, input_type=dict]
    For further information visit https://errors.pydantic.dev/2.8/v/missing
bureauCode
  Field required [type=missing, input_value={'item': 'title'}, input_type=dict]
    For further information visit https://errors.pydantic.dev/2.8/v/missing
issued
  Field required [type=missing, input_value={'item': 'title'}, input_type=dict]
    For further information visit https://errors.pydantic.dev/2.8/v/missing
@type
  Field required [type=missing, input_value={'item': 'title'}, input_type=dict]
    For further information visit https://errors.pydantic.dev/2.8/v/missing
modified
  Field required [type=missing, input_value={'item': 'title'}, input_type=dict]
    For further information visit https://errors.pydantic.dev/2.8/v/missing
released
  Field required [type=missing, input_value={'item': 'title'}, input_type=dict]
    For further information visit https://errors.pydantic.dev/2.8/v/missing
keyword
  Field required [type=missing, input_value={'item': 'title'}, input_type=dict]
    For further information visit https://errors.pydantic.dev/2.8/v/missing
contactPoint
  Field required [type=missing, input_value={'item': 'title'}, input_type=dict]
    For further information visit https://errors.pydantic.dev/2.8/v/missing
publisher
  Field required [type=missing, input_value={'item': 'title'}, input_type=dict]
    For further information visit https://errors.pydantic.dev/2.8/v/missing
identifier
  Field required [type=missing, input_value={'item': 'title'}, input_type=dict]
    For further information visit https://errors.pydantic.dev/2.8/v/missing
description
  Field required [type=missing, input_value={'item': 'title'}, input_type=dict]
    For further information visit https://errors.pydantic.dev/2.8/v/missing
title
  Field required [type=missing, input_value={'item': 'title'}, input_type=dict]
    For further information visit https://errors.pydantic.dev/2.8/v/missing
programCode
  Field required [type=missing, input_value={'item': 'title'}, input_type=dict]
    For further information visit https://errors.pydantic.dev/2.8/v/missing
distribution
  Field required [type=missing, input_value={'item': 'title'}, input_type=dict]
    For further information visit https://errors.pydantic.dev/2.8/v/missing
theme
  Field required [type=missing, input_value={'item': 'title'}, input_type=dict]
    For further information visit https://errors.pydantic.dev/2.8/v/missing
2024-08-23 12:40:38 - ERROR - Validation error for dataset: Unknown title
Traceback (most recent call last):
  File "C:\Users\edmun\Projects\Repositories\healthpartners-interview\src\healthpartners_interview\download.py", line 31, in fetch_datasets
    dataset = Dataset(**current_item)
              ^^^^^^^^^^^^^^^^^^^^^^^
  File "C:\Users\edmun\Projects\Repositories\healthpartners-interview\.venv\Lib\site-packages\pydantic\main.py", line 193, in __init__
    self.__pydantic_validator__.validate_python(data, self_instance=self)
pydantic_core._pydantic_core.ValidationError: 16 validation errors for Dataset
accessLevel
  Field required [type=missing, input_value={}, input_type=dict]
    For further information visit https://errors.pydantic.dev/2.8/v/missing
landingPage
  Field required [type=missing, input_value={}, input_type=dict]
    For further information visit https://errors.pydantic.dev/2.8/v/missing
bureauCode
  Field required [type=missing, input_value={}, input_type=dict]
    For further information visit https://errors.pydantic.dev/2.8/v/missing
issued
  Field required [type=missing, input_value={}, input_type=dict]
    For further information visit https://errors.pydantic.dev/2.8/v/missing
@type
  Field required [type=missing, input_value={}, input_type=dict]
    For further information visit https://errors.pydantic.dev/2.8/v/missing
modified
  Field required [type=missing, input_value={}, input_type=dict]
    For further information visit https://errors.pydantic.dev/2.8/v/missing
released
  Field required [type=missing, input_value={}, input_type=dict]
    For further information visit https://errors.pydantic.dev/2.8/v/missing
keyword
  Field required [type=missing, input_value={}, input_type=dict]
    For further information visit https://errors.pydantic.dev/2.8/v/missing
contactPoint
  Field required [type=missing, input_value={}, input_type=dict]
    For further information visit https://errors.pydantic.dev/2.8/v/missing
publisher
  Field required [type=missing, input_value={}, input_type=dict]
    For further information visit https://errors.pydantic.dev/2.8/v/missing
identifier
  Field required [type=missing, input_value={}, input_type=dict]
    For further information visit https://errors.pydantic.dev/2.8/v/missing
description
  Field required [type=missing, input_value={}, input_type=dict]
    For further information visit https://errors.pydantic.dev/2.8/v/missing
title
  Field required [type=missing, input_value={}, input_type=dict]
    For further information visit https://errors.pydantic.dev/2.8/v/missing
programCode
  Field required [type=missing, input_value={}, input_type=dict]
    For further information visit https://errors.pydantic.dev/2.8/v/missing
distribution
  Field required [type=missing, input_value={}, input_type=dict]
    For further information visit https://errors.pydantic.dev/2.8/v/missing
theme
  Field required [type=missing, input_value={}, input_type=dict]
    For further information visit https://errors.pydantic.dev/2.8/v/missing
2024-08-23 12:40:38 - ERROR - Validation error for dataset: Unknown title
Traceback (most recent call last):
  File "C:\Users\edmun\Projects\Repositories\healthpartners-interview\src\healthpartners_interview\download.py", line 31, in fetch_datasets
    dataset = Dataset(**current_item)
              ^^^^^^^^^^^^^^^^^^^^^^^
  File "C:\Users\edmun\Projects\Repositories\healthpartners-interview\.venv\Lib\site-packages\pydantic\main.py", line 193, in __init__
    self.__pydantic_validator__.validate_python(data, self_instance=self)
pydantic_core._pydantic_core.ValidationError: 16 validation errors for Dataset
accessLevel
  Field required [type=missing, input_value={}, input_type=dict]
    For further information visit https://errors.pydantic.dev/2.8/v/missing
landingPage
  Field required [type=missing, input_value={}, input_type=dict]
    For further information visit https://errors.pydantic.dev/2.8/v/missing
bureauCode
  Field required [type=missing, input_value={}, input_type=dict]
    For further information visit https://errors.pydantic.dev/2.8/v/missing
issued
  Field required [type=missing, input_value={}, input_type=dict]
    For further information visit https://errors.pydantic.dev/2.8/v/missing
@type
  Field required [type=missing, input_value={}, input_type=dict]
    For further information visit https://errors.pydantic.dev/2.8/v/missing
modified
  Field required [type=missing, input_value={}, input_type=dict]
    For further information visit https://errors.pydantic.dev/2.8/v/missing
released
  Field required [type=missing, input_value={}, input_type=dict]
    For further information visit https://errors.pydantic.dev/2.8/v/missing
keyword
  Field required [type=missing, input_value={}, input_type=dict]
    For further information visit https://errors.pydantic.dev/2.8/v/missing
contactPoint
  Field required [type=missing, input_value={}, input_type=dict]
    For further information visit https://errors.pydantic.dev/2.8/v/missing
publisher
  Field required [type=missing, input_value={}, input_type=dict]
    For further information visit https://errors.pydantic.dev/2.8/v/missing
identifier
  Field required [type=missing, input_value={}, input_type=dict]
    For further information visit https://errors.pydantic.dev/2.8/v/missing
description
  Field required [type=missing, input_value={}, input_type=dict]
    For further information visit https://errors.pydantic.dev/2.8/v/missing
title
  Field required [type=missing, input_value={}, input_type=dict]
    For further information visit https://errors.pydantic.dev/2.8/v/missing
programCode
  Field required [type=missing, input_value={}, input_type=dict]
    For further information visit https://errors.pydantic.dev/2.8/v/missing
distribution
  Field required [type=missing, input_value={}, input_type=dict]
    For further information visit https://errors.pydantic.dev/2.8/v/missing
theme
  Field required [type=missing, input_value={}, input_type=dict]
    For further information visit https://errors.pydantic.dev/2.8/v/missing
2024-08-23 12:40:38 - ERROR - Validation error for dataset: Unknown title
Traceback (most recent call last):
  File "C:\Users\edmun\Projects\Repositories\healthpartners-interview\src\healthpartners_interview\download.py", line 31, in fetch_datasets
    dataset = Dataset(**current_item)
              ^^^^^^^^^^^^^^^^^^^^^^^
  File "C:\Users\edmun\Projects\Repositories\healthpartners-interview\.venv\Lib\site-packages\pydantic\main.py", line 193, in __init__
    self.__pydantic_validator__.validate_python(data, self_instance=self)
pydantic_core._pydantic_core.ValidationError: 16 validation errors for Dataset
accessLevel
  Field required [type=missing, input_value={}, input_type=dict]
    For further information visit https://errors.pydantic.dev/2.8/v/missing
landingPage
  Field required [type=missing, input_value={}, input_type=dict]
    For further information visit https://errors.pydantic.dev/2.8/v/missing
bureauCode
  Field required [type=missing, input_value={}, input_type=dict]
    For further information visit https://errors.pydantic.dev/2.8/v/missing
issued
  Field required [type=missing, input_value={}, input_type=dict]
    For further information visit https://errors.pydantic.dev/2.8/v/missing
@type
  Field required [type=missing, input_value={}, input_type=dict]
    For further information visit https://errors.pydantic.dev/2.8/v/missing
modified
  Field required [type=missing, input_value={}, input_type=dict]
    For further information visit https://errors.pydantic.dev/2.8/v/missing
released
  Field required [type=missing, input_value={}, input_type=dict]
    For further information visit https://errors.pydantic.dev/2.8/v/missing
keyword
  Field required [type=missing, input_value={}, input_type=dict]
    For further information visit https://errors.pydantic.dev/2.8/v/missing
contactPoint
  Field required [type=missing, input_value={}, input_type=dict]
    For further information visit https://errors.pydantic.dev/2.8/v/missing
publisher
  Field required [type=missing, input_value={}, input_type=dict]
    For further information visit https://errors.pydantic.dev/2.8/v/missing
identifier
  Field required [type=missing, input_value={}, input_type=dict]
    For further information visit https://errors.pydantic.dev/2.8/v/missing
description
  Field required [type=missing, input_value={}, input_type=dict]
    For further information visit https://errors.pydantic.dev/2.8/v/missing
title
  Field required [type=missing, input_value={}, input_type=dict]
    For further information visit https://errors.pydantic.dev/2.8/v/missing
programCode
  Field required [type=missing, input_value={}, input_type=dict]
    For further information visit https://errors.pydantic.dev/2.8/v/missing
distribution
  Field required [type=missing, input_value={}, input_type=dict]
    For further information visit https://errors.pydantic.dev/2.8/v/missing
theme
  Field required [type=missing, input_value={}, input_type=dict]
    For further information visit https://errors.pydantic.dev/2.8/v/missing
2024-08-23 12:40:38 - ERROR - Validation error for dataset: Unknown title
Traceback (most recent call last):
  File "C:\Users\edmun\Projects\Repositories\healthpartners-interview\src\healthpartners_interview\download.py", line 31, in fetch_datasets
    dataset = Dataset(**current_item)
              ^^^^^^^^^^^^^^^^^^^^^^^
  File "C:\Users\edmun\Projects\Repositories\healthpartners-interview\.venv\Lib\site-packages\pydantic\main.py", line 193, in __init__
    self.__pydantic_validator__.validate_python(data, self_instance=self)
pydantic_core._pydantic_core.ValidationError: 16 validation errors for Dataset
accessLevel
  Field required [type=missing, input_value={'item': 'theme'}, input_type=dict]
    For further information visit https://errors.pydantic.dev/2.8/v/missing
landingPage
  Field required [type=missing, input_value={'item': 'theme'}, input_type=dict]
    For further information visit https://errors.pydantic.dev/2.8/v/missing
bureauCode
  Field required [type=missing, input_value={'item': 'theme'}, input_type=dict]
    For further information visit https://errors.pydantic.dev/2.8/v/missing
issued
  Field required [type=missing, input_value={'item': 'theme'}, input_type=dict]
    For further information visit https://errors.pydantic.dev/2.8/v/missing
@type
  Field required [type=missing, input_value={'item': 'theme'}, input_type=dict]
    For further information visit https://errors.pydantic.dev/2.8/v/missing
modified
  Field required [type=missing, input_value={'item': 'theme'}, input_type=dict]
    For further information visit https://errors.pydantic.dev/2.8/v/missing
released
  Field required [type=missing, input_value={'item': 'theme'}, input_type=dict]
    For further information visit https://errors.pydantic.dev/2.8/v/missing
keyword
  Field required [type=missing, input_value={'item': 'theme'}, input_type=dict]
    For further information visit https://errors.pydantic.dev/2.8/v/missing
contactPoint
  Field required [type=missing, input_value={'item': 'theme'}, input_type=dict]
    For further information visit https://errors.pydantic.dev/2.8/v/missing
publisher
  Field required [type=missing, input_value={'item': 'theme'}, input_type=dict]
    For further information visit https://errors.pydantic.dev/2.8/v/missing
identifier
  Field required [type=missing, input_value={'item': 'theme'}, input_type=dict]
    For further information visit https://errors.pydantic.dev/2.8/v/missing
description
  Field required [type=missing, input_value={'item': 'theme'}, input_type=dict]
    For further information visit https://errors.pydantic.dev/2.8/v/missing
title
  Field required [type=missing, input_value={'item': 'theme'}, input_type=dict]
    For further information visit https://errors.pydantic.dev/2.8/v/missing
programCode
  Field required [type=missing, input_value={'item': 'theme'}, input_type=dict]
    For further information visit https://errors.pydantic.dev/2.8/v/missing
distribution
  Field required [type=missing, input_value={'item': 'theme'}, input_type=dict]
    For further information visit https://errors.pydantic.dev/2.8/v/missing
theme
  Field required [type=missing, input_value={'item': 'theme'}, input_type=dict]
    For further information visit https://errors.pydantic.dev/2.8/v/missing
2024-08-23 12:40:38 - ERROR - Validation error for dataset: Unknown title
Traceback (most recent call last):
  File "C:\Users\edmun\Projects\Repositories\healthpartners-interview\src\healthpartners_interview\download.py", line 31, in fetch_datasets
    dataset = Dataset(**current_item)
              ^^^^^^^^^^^^^^^^^^^^^^^
  File "C:\Users\edmun\Projects\Repositories\healthpartners-interview\.venv\Lib\site-packages\pydantic\main.py", line 193, in __init__
    self.__pydantic_validator__.validate_python(data, self_instance=self)
pydantic_core._pydantic_core.ValidationError: 16 validation errors for Dataset
accessLevel
  Field required [type=missing, input_value={}, input_type=dict]
    For further information visit https://errors.pydantic.dev/2.8/v/missing
landingPage
  Field required [type=missing, input_value={}, input_type=dict]
    For further information visit https://errors.pydantic.dev/2.8/v/missing
bureauCode
  Field required [type=missing, input_value={}, input_type=dict]
    For further information visit https://errors.pydantic.dev/2.8/v/missing
issued
  Field required [type=missing, input_value={}, input_type=dict]
    For further information visit https://errors.pydantic.dev/2.8/v/missing
@type
  Field required [type=missing, input_value={}, input_type=dict]
    For further information visit https://errors.pydantic.dev/2.8/v/missing
modified
  Field required [type=missing, input_value={}, input_type=dict]
    For further information visit https://errors.pydantic.dev/2.8/v/missing
released
  Field required [type=missing, input_value={}, input_type=dict]
    For further information visit https://errors.pydantic.dev/2.8/v/missing
keyword
  Field required [type=missing, input_value={}, input_type=dict]
    For further information visit https://errors.pydantic.dev/2.8/v/missing
contactPoint
  Field required [type=missing, input_value={}, input_type=dict]
    For further information visit https://errors.pydantic.dev/2.8/v/missing
publisher
  Field required [type=missing, input_value={}, input_type=dict]
    For further information visit https://errors.pydantic.dev/2.8/v/missing
identifier
  Field required [type=missing, input_value={}, input_type=dict]
    For further information visit https://errors.pydantic.dev/2.8/v/missing
description
  Field required [type=missing, input_value={}, input_type=dict]
    For further information visit https://errors.pydantic.dev/2.8/v/missing
title
  Field required [type=missing, input_value={}, input_type=dict]
    For further information visit https://errors.pydantic.dev/2.8/v/missing
programCode
  Field required [type=missing, input_value={}, input_type=dict]
    For further information visit https://errors.pydantic.dev/2.8/v/missing
distribution
  Field required [type=missing, input_value={}, input_type=dict]
    For further information visit https://errors.pydantic.dev/2.8/v/missing
theme
  Field required [type=missing, input_value={}, input_type=dict]
    For further information visit https://errors.pydantic.dev/2.8/v/missing
2024-08-23 12:40:38 - ERROR - Validation error for dataset: Unknown title
Traceback (most recent call last):
  File "C:\Users\edmun\Projects\Repositories\healthpartners-interview\src\healthpartners_interview\download.py", line 31, in fetch_datasets
    dataset = Dataset(**current_item)
              ^^^^^^^^^^^^^^^^^^^^^^^
  File "C:\Users\edmun\Projects\Repositories\healthpartners-interview\.venv\Lib\site-packages\pydantic\main.py", line 193, in __init__
    self.__pydantic_validator__.validate_python(data, self_instance=self)
pydantic_core._pydantic_core.ValidationError: 16 validation errors for Dataset
accessLevel
  Field required [type=missing, input_value={}, input_type=dict]
    For further information visit https://errors.pydantic.dev/2.8/v/missing
landingPage
  Field required [type=missing, input_value={}, input_type=dict]
    For further information visit https://errors.pydantic.dev/2.8/v/missing
bureauCode
  Field required [type=missing, input_value={}, input_type=dict]
    For further information visit https://errors.pydantic.dev/2.8/v/missing
issued
  Field required [type=missing, input_value={}, input_type=dict]
    For further information visit https://errors.pydantic.dev/2.8/v/missing
@type
  Field required [type=missing, input_value={}, input_type=dict]
    For further information visit https://errors.pydantic.dev/2.8/v/missing
modified
  Field required [type=missing, input_value={}, input_type=dict]
    For further information visit https://errors.pydantic.dev/2.8/v/missing
released
  Field required [type=missing, input_value={}, input_type=dict]
    For further information visit https://errors.pydantic.dev/2.8/v/missing
keyword
  Field required [type=missing, input_value={}, input_type=dict]
    For further information visit https://errors.pydantic.dev/2.8/v/missing
contactPoint
  Field required [type=missing, input_value={}, input_type=dict]
    For further information visit https://errors.pydantic.dev/2.8/v/missing
publisher
  Field required [type=missing, input_value={}, input_type=dict]
    For further information visit https://errors.pydantic.dev/2.8/v/missing
identifier
  Field required [type=missing, input_value={}, input_type=dict]
    For further information visit https://errors.pydantic.dev/2.8/v/missing
description
  Field required [type=missing, input_value={}, input_type=dict]
    For further information visit https://errors.pydantic.dev/2.8/v/missing
title
  Field required [type=missing, input_value={}, input_type=dict]
    For further information visit https://errors.pydantic.dev/2.8/v/missing
programCode
  Field required [type=missing, input_value={}, input_type=dict]
    For further information visit https://errors.pydantic.dev/2.8/v/missing
distribution
  Field required [type=missing, input_value={}, input_type=dict]
    For further information visit https://errors.pydantic.dev/2.8/v/missing
theme
  Field required [type=missing, input_value={}, input_type=dict]
    For further information visit https://errors.pydantic.dev/2.8/v/missing
2024-08-23 12:40:38 - ERROR - Validation error for dataset: Unknown title
Traceback (most recent call last):
  File "C:\Users\edmun\Projects\Repositories\healthpartners-interview\src\healthpartners_interview\download.py", line 31, in fetch_datasets
    dataset = Dataset(**current_item)
              ^^^^^^^^^^^^^^^^^^^^^^^
  File "C:\Users\edmun\Projects\Repositories\healthpartners-interview\.venv\Lib\site-packages\pydantic\main.py", line 193, in __init__
    self.__pydantic_validator__.validate_python(data, self_instance=self)
pydantic_core._pydantic_core.ValidationError: 16 validation errors for Dataset
accessLevel
  Field required [type=missing, input_value={}, input_type=dict]
    For further information visit https://errors.pydantic.dev/2.8/v/missing
landingPage
  Field required [type=missing, input_value={}, input_type=dict]
    For further information visit https://errors.pydantic.dev/2.8/v/missing
bureauCode
  Field required [type=missing, input_value={}, input_type=dict]
    For further information visit https://errors.pydantic.dev/2.8/v/missing
issued
  Field required [type=missing, input_value={}, input_type=dict]
    For further information visit https://errors.pydantic.dev/2.8/v/missing
@type
  Field required [type=missing, input_value={}, input_type=dict]
    For further information visit https://errors.pydantic.dev/2.8/v/missing
modified
  Field required [type=missing, input_value={}, input_type=dict]
    For further information visit https://errors.pydantic.dev/2.8/v/missing
released
  Field required [type=missing, input_value={}, input_type=dict]
    For further information visit https://errors.pydantic.dev/2.8/v/missing
keyword
  Field required [type=missing, input_value={}, input_type=dict]
    For further information visit https://errors.pydantic.dev/2.8/v/missing
contactPoint
  Field required [type=missing, input_value={}, input_type=dict]
    For further information visit https://errors.pydantic.dev/2.8/v/missing
publisher
  Field required [type=missing, input_value={}, input_type=dict]
    For further information visit https://errors.pydantic.dev/2.8/v/missing
identifier
  Field required [type=missing, input_value={}, input_type=dict]
    For further information visit https://errors.pydantic.dev/2.8/v/missing
description
  Field required [type=missing, input_value={}, input_type=dict]
    For further information visit https://errors.pydantic.dev/2.8/v/missing
title
  Field required [type=missing, input_value={}, input_type=dict]
    For further information visit https://errors.pydantic.dev/2.8/v/missing
programCode
  Field required [type=missing, input_value={}, input_type=dict]
    For further information visit https://errors.pydantic.dev/2.8/v/missing
distribution
  Field required [type=missing, input_value={}, input_type=dict]
    For further information visit https://errors.pydantic.dev/2.8/v/missing
theme
  Field required [type=missing, input_value={}, input_type=dict]
    For further information visit https://errors.pydantic.dev/2.8/v/missing
2024-08-23 12:40:38 - ERROR - Validation error for dataset: Unknown title
Traceback (most recent call last):
  File "C:\Users\edmun\Projects\Repositories\healthpartners-interview\src\healthpartners_interview\download.py", line 31, in fetch_datasets
    dataset = Dataset(**current_item)
              ^^^^^^^^^^^^^^^^^^^^^^^
  File "C:\Users\edmun\Projects\Repositories\healthpartners-interview\.venv\Lib\site-packages\pydantic\main.py", line 193, in __init__
    self.__pydantic_validator__.validate_python(data, self_instance=self)
pydantic_core._pydantic_core.ValidationError: 16 validation errors for Dataset
accessLevel
  Field required [type=missing, input_value={'item': 'theme'}, input_type=dict]
    For further information visit https://errors.pydantic.dev/2.8/v/missing
landingPage
  Field required [type=missing, input_value={'item': 'theme'}, input_type=dict]
    For further information visit https://errors.pydantic.dev/2.8/v/missing
bureauCode
  Field required [type=missing, input_value={'item': 'theme'}, input_type=dict]
    For further information visit https://errors.pydantic.dev/2.8/v/missing
issued
  Field required [type=missing, input_value={'item': 'theme'}, input_type=dict]
    For further information visit https://errors.pydantic.dev/2.8/v/missing
@type
  Field required [type=missing, input_value={'item': 'theme'}, input_type=dict]
    For further information visit https://errors.pydantic.dev/2.8/v/missing
modified
  Field required [type=missing, input_value={'item': 'theme'}, input_type=dict]
    For further information visit https://errors.pydantic.dev/2.8/v/missing
released
  Field required [type=missing, input_value={'item': 'theme'}, input_type=dict]
    For further information visit https://errors.pydantic.dev/2.8/v/missing
keyword
  Field required [type=missing, input_value={'item': 'theme'}, input_type=dict]
    For further information visit https://errors.pydantic.dev/2.8/v/missing
contactPoint
  Field required [type=missing, input_value={'item': 'theme'}, input_type=dict]
    For further information visit https://errors.pydantic.dev/2.8/v/missing
publisher
  Field required [type=missing, input_value={'item': 'theme'}, input_type=dict]
    For further information visit https://errors.pydantic.dev/2.8/v/missing
identifier
  Field required [type=missing, input_value={'item': 'theme'}, input_type=dict]
    For further information visit https://errors.pydantic.dev/2.8/v/missing
description
  Field required [type=missing, input_value={'item': 'theme'}, input_type=dict]
    For further information visit https://errors.pydantic.dev/2.8/v/missing
title
  Field required [type=missing, input_value={'item': 'theme'}, input_type=dict]
    For further information visit https://errors.pydantic.dev/2.8/v/missing
programCode
  Field required [type=missing, input_value={'item': 'theme'}, input_type=dict]
    For further information visit https://errors.pydantic.dev/2.8/v/missing
distribution
  Field required [type=missing, input_value={'item': 'theme'}, input_type=dict]
    For further information visit https://errors.pydantic.dev/2.8/v/missing
theme
  Field required [type=missing, input_value={'item': 'theme'}, input_type=dict]
    For further information visit https://errors.pydantic.dev/2.8/v/missing
2024-08-23 12:40:38 - ERROR - Validation error for dataset: Unknown title
Traceback (most recent call last):
  File "C:\Users\edmun\Projects\Repositories\healthpartners-interview\src\healthpartners_interview\download.py", line 31, in fetch_datasets
    dataset = Dataset(**current_item)
              ^^^^^^^^^^^^^^^^^^^^^^^
  File "C:\Users\edmun\Projects\Repositories\healthpartners-interview\.venv\Lib\site-packages\pydantic\main.py", line 193, in __init__
    self.__pydantic_validator__.validate_python(data, self_instance=self)
pydantic_core._pydantic_core.ValidationError: 16 validation errors for Dataset
accessLevel
  Field required [type=missing, input_value={}, input_type=dict]
    For further information visit https://errors.pydantic.dev/2.8/v/missing
landingPage
  Field required [type=missing, input_value={}, input_type=dict]
    For further information visit https://errors.pydantic.dev/2.8/v/missing
bureauCode
  Field required [type=missing, input_value={}, input_type=dict]
    For further information visit https://errors.pydantic.dev/2.8/v/missing
issued
  Field required [type=missing, input_value={}, input_type=dict]
    For further information visit https://errors.pydantic.dev/2.8/v/missing
@type
  Field required [type=missing, input_value={}, input_type=dict]
    For further information visit https://errors.pydantic.dev/2.8/v/missing
modified
  Field required [type=missing, input_value={}, input_type=dict]
    For further information visit https://errors.pydantic.dev/2.8/v/missing
released
  Field required [type=missing, input_value={}, input_type=dict]
    For further information visit https://errors.pydantic.dev/2.8/v/missing
keyword
  Field required [type=missing, input_value={}, input_type=dict]
    For further information visit https://errors.pydantic.dev/2.8/v/missing
contactPoint
  Field required [type=missing, input_value={}, input_type=dict]
    For further information visit https://errors.pydantic.dev/2.8/v/missing
publisher
  Field required [type=missing, input_value={}, input_type=dict]
    For further information visit https://errors.pydantic.dev/2.8/v/missing
identifier
  Field required [type=missing, input_value={}, input_type=dict]
    For further information visit https://errors.pydantic.dev/2.8/v/missing
description
  Field required [type=missing, input_value={}, input_type=dict]
    For further information visit https://errors.pydantic.dev/2.8/v/missing
title
  Field required [type=missing, input_value={}, input_type=dict]
    For further information visit https://errors.pydantic.dev/2.8/v/missing
programCode
  Field required [type=missing, input_value={}, input_type=dict]
    For further information visit https://errors.pydantic.dev/2.8/v/missing
distribution
  Field required [type=missing, input_value={}, input_type=dict]
    For further information visit https://errors.pydantic.dev/2.8/v/missing
theme
  Field required [type=missing, input_value={}, input_type=dict]
    For further information visit https://errors.pydantic.dev/2.8/v/missing
2024-08-23 12:40:38 - ERROR - Validation error for dataset: Unknown title
Traceback (most recent call last):
  File "C:\Users\edmun\Projects\Repositories\healthpartners-interview\src\healthpartners_interview\download.py", line 31, in fetch_datasets
    dataset = Dataset(**current_item)
              ^^^^^^^^^^^^^^^^^^^^^^^
  File "C:\Users\edmun\Projects\Repositories\healthpartners-interview\.venv\Lib\site-packages\pydantic\main.py", line 193, in __init__
    self.__pydantic_validator__.validate_python(data, self_instance=self)
pydantic_core._pydantic_core.ValidationError: 16 validation errors for Dataset
accessLevel
  Field required [type=missing, input_value={}, input_type=dict]
    For further information visit https://errors.pydantic.dev/2.8/v/missing
landingPage
  Field required [type=missing, input_value={}, input_type=dict]
    For further information visit https://errors.pydantic.dev/2.8/v/missing
bureauCode
  Field required [type=missing, input_value={}, input_type=dict]
    For further information visit https://errors.pydantic.dev/2.8/v/missing
issued
  Field required [type=missing, input_value={}, input_type=dict]
    For further information visit https://errors.pydantic.dev/2.8/v/missing
@type
  Field required [type=missing, input_value={}, input_type=dict]
    For further information visit https://errors.pydantic.dev/2.8/v/missing
modified
  Field required [type=missing, input_value={}, input_type=dict]
    For further information visit https://errors.pydantic.dev/2.8/v/missing
released
  Field required [type=missing, input_value={}, input_type=dict]
    For further information visit https://errors.pydantic.dev/2.8/v/missing
keyword
  Field required [type=missing, input_value={}, input_type=dict]
    For further information visit https://errors.pydantic.dev/2.8/v/missing
contactPoint
  Field required [type=missing, input_value={}, input_type=dict]
    For further information visit https://errors.pydantic.dev/2.8/v/missing
publisher
  Field required [type=missing, input_value={}, input_type=dict]
    For further information visit https://errors.pydantic.dev/2.8/v/missing
identifier
  Field required [type=missing, input_value={}, input_type=dict]
    For further information visit https://errors.pydantic.dev/2.8/v/missing
description
  Field required [type=missing, input_value={}, input_type=dict]
    For further information visit https://errors.pydantic.dev/2.8/v/missing
title
  Field required [type=missing, input_value={}, input_type=dict]
    For further information visit https://errors.pydantic.dev/2.8/v/missing
programCode
  Field required [type=missing, input_value={}, input_type=dict]
    For further information visit https://errors.pydantic.dev/2.8/v/missing
distribution
  Field required [type=missing, input_value={}, input_type=dict]
    For further information visit https://errors.pydantic.dev/2.8/v/missing
theme
  Field required [type=missing, input_value={}, input_type=dict]
    For further information visit https://errors.pydantic.dev/2.8/v/missing
2024-08-23 12:40:38 - ERROR - Validation error for dataset: Unknown title
Traceback (most recent call last):
  File "C:\Users\edmun\Projects\Repositories\healthpartners-interview\src\healthpartners_interview\download.py", line 31, in fetch_datasets
    dataset = Dataset(**current_item)
              ^^^^^^^^^^^^^^^^^^^^^^^
  File "C:\Users\edmun\Projects\Repositories\healthpartners-interview\.venv\Lib\site-packages\pydantic\main.py", line 193, in __init__
    self.__pydantic_validator__.validate_python(data, self_instance=self)
pydantic_core._pydantic_core.ValidationError: 16 validation errors for Dataset
accessLevel
  Field required [type=missing, input_value={}, input_type=dict]
    For further information visit https://errors.pydantic.dev/2.8/v/missing
landingPage
  Field required [type=missing, input_value={}, input_type=dict]
    For further information visit https://errors.pydantic.dev/2.8/v/missing
bureauCode
  Field required [type=missing, input_value={}, input_type=dict]
    For further information visit https://errors.pydantic.dev/2.8/v/missing
issued
  Field required [type=missing, input_value={}, input_type=dict]
    For further information visit https://errors.pydantic.dev/2.8/v/missing
@type
  Field required [type=missing, input_value={}, input_type=dict]
    For further information visit https://errors.pydantic.dev/2.8/v/missing
modified
  Field required [type=missing, input_value={}, input_type=dict]
    For further information visit https://errors.pydantic.dev/2.8/v/missing
released
  Field required [type=missing, input_value={}, input_type=dict]
    For further information visit https://errors.pydantic.dev/2.8/v/missing
keyword
  Field required [type=missing, input_value={}, input_type=dict]
    For further information visit https://errors.pydantic.dev/2.8/v/missing
contactPoint
  Field required [type=missing, input_value={}, input_type=dict]
    For further information visit https://errors.pydantic.dev/2.8/v/missing
publisher
  Field required [type=missing, input_value={}, input_type=dict]
    For further information visit https://errors.pydantic.dev/2.8/v/missing
identifier
  Field required [type=missing, input_value={}, input_type=dict]
    For further information visit https://errors.pydantic.dev/2.8/v/missing
description
  Field required [type=missing, input_value={}, input_type=dict]
    For further information visit https://errors.pydantic.dev/2.8/v/missing
title
  Field required [type=missing, input_value={}, input_type=dict]
    For further information visit https://errors.pydantic.dev/2.8/v/missing
programCode
  Field required [type=missing, input_value={}, input_type=dict]
    For further information visit https://errors.pydantic.dev/2.8/v/missing
distribution
  Field required [type=missing, input_value={}, input_type=dict]
    For further information visit https://errors.pydantic.dev/2.8/v/missing
theme
  Field required [type=missing, input_value={}, input_type=dict]
    For further information visit https://errors.pydantic.dev/2.8/v/missing
2024-08-23 12:40:38 - ERROR - Validation error for dataset: Unknown title
Traceback (most recent call last):
  File "C:\Users\edmun\Projects\Repositories\healthpartners-interview\src\healthpartners_interview\download.py", line 31, in fetch_datasets
    dataset = Dataset(**current_item)
              ^^^^^^^^^^^^^^^^^^^^^^^
  File "C:\Users\edmun\Projects\Repositories\healthpartners-interview\.venv\Lib\site-packages\pydantic\main.py", line 193, in __init__
    self.__pydantic_validator__.validate_python(data, self_instance=self)
pydantic_core._pydantic_core.ValidationError: 16 validation errors for Dataset
accessLevel
  Field required [type=missing, input_value={'item': 'theme'}, input_type=dict]
    For further information visit https://errors.pydantic.dev/2.8/v/missing
landingPage
  Field required [type=missing, input_value={'item': 'theme'}, input_type=dict]
    For further information visit https://errors.pydantic.dev/2.8/v/missing
bureauCode
  Field required [type=missing, input_value={'item': 'theme'}, input_type=dict]
    For further information visit https://errors.pydantic.dev/2.8/v/missing
issued
  Field required [type=missing, input_value={'item': 'theme'}, input_type=dict]
    For further information visit https://errors.pydantic.dev/2.8/v/missing
@type
  Field required [type=missing, input_value={'item': 'theme'}, input_type=dict]
    For further information visit https://errors.pydantic.dev/2.8/v/missing
modified
  Field required [type=missing, input_value={'item': 'theme'}, input_type=dict]
    For further information visit https://errors.pydantic.dev/2.8/v/missing
released
  Field required [type=missing, input_value={'item': 'theme'}, input_type=dict]
    For further information visit https://errors.pydantic.dev/2.8/v/missing
keyword
  Field required [type=missing, input_value={'item': 'theme'}, input_type=dict]
    For further information visit https://errors.pydantic.dev/2.8/v/missing
contactPoint
  Field required [type=missing, input_value={'item': 'theme'}, input_type=dict]
    For further information visit https://errors.pydantic.dev/2.8/v/missing
publisher
  Field required [type=missing, input_value={'item': 'theme'}, input_type=dict]
    For further information visit https://errors.pydantic.dev/2.8/v/missing
identifier
  Field required [type=missing, input_value={'item': 'theme'}, input_type=dict]
    For further information visit https://errors.pydantic.dev/2.8/v/missing
description
  Field required [type=missing, input_value={'item': 'theme'}, input_type=dict]
    For further information visit https://errors.pydantic.dev/2.8/v/missing
title
  Field required [type=missing, input_value={'item': 'theme'}, input_type=dict]
    For further information visit https://errors.pydantic.dev/2.8/v/missing
programCode
  Field required [type=missing, input_value={'item': 'theme'}, input_type=dict]
    For further information visit https://errors.pydantic.dev/2.8/v/missing
distribution
  Field required [type=missing, input_value={'item': 'theme'}, input_type=dict]
    For further information visit https://errors.pydantic.dev/2.8/v/missing
theme
  Field required [type=missing, input_value={'item': 'theme'}, input_type=dict]
    For further information visit https://errors.pydantic.dev/2.8/v/missing
2024-08-23 12:40:38 - ERROR - Validation error for dataset: Unknown title
Traceback (most recent call last):
  File "C:\Users\edmun\Projects\Repositories\healthpartners-interview\src\healthpartners_interview\download.py", line 31, in fetch_datasets
    dataset = Dataset(**current_item)
              ^^^^^^^^^^^^^^^^^^^^^^^
  File "C:\Users\edmun\Projects\Repositories\healthpartners-interview\.venv\Lib\site-packages\pydantic\main.py", line 193, in __init__
    self.__pydantic_validator__.validate_python(data, self_instance=self)
pydantic_core._pydantic_core.ValidationError: 16 validation errors for Dataset
accessLevel
  Field required [type=missing, input_value={}, input_type=dict]
    For further information visit https://errors.pydantic.dev/2.8/v/missing
landingPage
  Field required [type=missing, input_value={}, input_type=dict]
    For further information visit https://errors.pydantic.dev/2.8/v/missing
bureauCode
  Field required [type=missing, input_value={}, input_type=dict]
    For further information visit https://errors.pydantic.dev/2.8/v/missing
issued
  Field required [type=missing, input_value={}, input_type=dict]
    For further information visit https://errors.pydantic.dev/2.8/v/missing
@type
  Field required [type=missing, input_value={}, input_type=dict]
    For further information visit https://errors.pydantic.dev/2.8/v/missing
modified
  Field required [type=missing, input_value={}, input_type=dict]
    For further information visit https://errors.pydantic.dev/2.8/v/missing
released
  Field required [type=missing, input_value={}, input_type=dict]
    For further information visit https://errors.pydantic.dev/2.8/v/missing
keyword
  Field required [type=missing, input_value={}, input_type=dict]
    For further information visit https://errors.pydantic.dev/2.8/v/missing
contactPoint
  Field required [type=missing, input_value={}, input_type=dict]
    For further information visit https://errors.pydantic.dev/2.8/v/missing
publisher
  Field required [type=missing, input_value={}, input_type=dict]
    For further information visit https://errors.pydantic.dev/2.8/v/missing
identifier
  Field required [type=missing, input_value={}, input_type=dict]
    For further information visit https://errors.pydantic.dev/2.8/v/missing
description
  Field required [type=missing, input_value={}, input_type=dict]
    For further information visit https://errors.pydantic.dev/2.8/v/missing
title
  Field required [type=missing, input_value={}, input_type=dict]
    For further information visit https://errors.pydantic.dev/2.8/v/missing
programCode
  Field required [type=missing, input_value={}, input_type=dict]
    For further information visit https://errors.pydantic.dev/2.8/v/missing
distribution
  Field required [type=missing, input_value={}, input_type=dict]
    For further information visit https://errors.pydantic.dev/2.8/v/missing
theme
  Field required [type=missing, input_value={}, input_type=dict]
    For further information visit https://errors.pydantic.dev/2.8/v/missing
2024-08-23 12:40:38 - ERROR - Validation error for dataset: Unknown title
Traceback (most recent call last):
  File "C:\Users\edmun\Projects\Repositories\healthpartners-interview\src\healthpartners_interview\download.py", line 31, in fetch_datasets
    dataset = Dataset(**current_item)
              ^^^^^^^^^^^^^^^^^^^^^^^
  File "C:\Users\edmun\Projects\Repositories\healthpartners-interview\.venv\Lib\site-packages\pydantic\main.py", line 193, in __init__
    self.__pydantic_validator__.validate_python(data, self_instance=self)
pydantic_core._pydantic_core.ValidationError: 16 validation errors for Dataset
accessLevel
  Field required [type=missing, input_value={}, input_type=dict]
    For further information visit https://errors.pydantic.dev/2.8/v/missing
landingPage
  Field required [type=missing, input_value={}, input_type=dict]
    For further information visit https://errors.pydantic.dev/2.8/v/missing
bureauCode
  Field required [type=missing, input_value={}, input_type=dict]
    For further information visit https://errors.pydantic.dev/2.8/v/missing
issued
  Field required [type=missing, input_value={}, input_type=dict]
    For further information visit https://errors.pydantic.dev/2.8/v/missing
@type
  Field required [type=missing, input_value={}, input_type=dict]
    For further information visit https://errors.pydantic.dev/2.8/v/missing
modified
  Field required [type=missing, input_value={}, input_type=dict]
    For further information visit https://errors.pydantic.dev/2.8/v/missing
released
  Field required [type=missing, input_value={}, input_type=dict]
    For further information visit https://errors.pydantic.dev/2.8/v/missing
keyword
  Field required [type=missing, input_value={}, input_type=dict]
    For further information visit https://errors.pydantic.dev/2.8/v/missing
contactPoint
  Field required [type=missing, input_value={}, input_type=dict]
    For further information visit https://errors.pydantic.dev/2.8/v/missing
publisher
  Field required [type=missing, input_value={}, input_type=dict]
    For further information visit https://errors.pydantic.dev/2.8/v/missing
identifier
  Field required [type=missing, input_value={}, input_type=dict]
    For further information visit https://errors.pydantic.dev/2.8/v/missing
description
  Field required [type=missing, input_value={}, input_type=dict]
    For further information visit https://errors.pydantic.dev/2.8/v/missing
title
  Field required [type=missing, input_value={}, input_type=dict]
    For further information visit https://errors.pydantic.dev/2.8/v/missing
programCode
  Field required [type=missing, input_value={}, input_type=dict]
    For further information visit https://errors.pydantic.dev/2.8/v/missing
distribution
  Field required [type=missing, input_value={}, input_type=dict]
    For further information visit https://errors.pydantic.dev/2.8/v/missing
theme
  Field required [type=missing, input_value={}, input_type=dict]
    For further information visit https://errors.pydantic.dev/2.8/v/missing
2024-08-23 12:40:38 - ERROR - Validation error for dataset: Unknown title
Traceback (most recent call last):
  File "C:\Users\edmun\Projects\Repositories\healthpartners-interview\src\healthpartners_interview\download.py", line 31, in fetch_datasets
    dataset = Dataset(**current_item)
              ^^^^^^^^^^^^^^^^^^^^^^^
  File "C:\Users\edmun\Projects\Repositories\healthpartners-interview\.venv\Lib\site-packages\pydantic\main.py", line 193, in __init__
    self.__pydantic_validator__.validate_python(data, self_instance=self)
pydantic_core._pydantic_core.ValidationError: 16 validation errors for Dataset
accessLevel
  Field required [type=missing, input_value={}, input_type=dict]
    For further information visit https://errors.pydantic.dev/2.8/v/missing
landingPage
  Field required [type=missing, input_value={}, input_type=dict]
    For further information visit https://errors.pydantic.dev/2.8/v/missing
bureauCode
  Field required [type=missing, input_value={}, input_type=dict]
    For further information visit https://errors.pydantic.dev/2.8/v/missing
issued
  Field required [type=missing, input_value={}, input_type=dict]
    For further information visit https://errors.pydantic.dev/2.8/v/missing
@type
  Field required [type=missing, input_value={}, input_type=dict]
    For further information visit https://errors.pydantic.dev/2.8/v/missing
modified
  Field required [type=missing, input_value={}, input_type=dict]
    For further information visit https://errors.pydantic.dev/2.8/v/missing
released
  Field required [type=missing, input_value={}, input_type=dict]
    For further information visit https://errors.pydantic.dev/2.8/v/missing
keyword
  Field required [type=missing, input_value={}, input_type=dict]
    For further information visit https://errors.pydantic.dev/2.8/v/missing
contactPoint
  Field required [type=missing, input_value={}, input_type=dict]
    For further information visit https://errors.pydantic.dev/2.8/v/missing
publisher
  Field required [type=missing, input_value={}, input_type=dict]
    For further information visit https://errors.pydantic.dev/2.8/v/missing
identifier
  Field required [type=missing, input_value={}, input_type=dict]
    For further information visit https://errors.pydantic.dev/2.8/v/missing
description
  Field required [type=missing, input_value={}, input_type=dict]
    For further information visit https://errors.pydantic.dev/2.8/v/missing
title
  Field required [type=missing, input_value={}, input_type=dict]
    For further information visit https://errors.pydantic.dev/2.8/v/missing
programCode
  Field required [type=missing, input_value={}, input_type=dict]
    For further information visit https://errors.pydantic.dev/2.8/v/missing
distribution
  Field required [type=missing, input_value={}, input_type=dict]
    For further information visit https://errors.pydantic.dev/2.8/v/missing
theme
  Field required [type=missing, input_value={}, input_type=dict]
    For further information visit https://errors.pydantic.dev/2.8/v/missing
2024-08-23 12:40:38 - ERROR - Validation error for dataset: Unknown title
Traceback (most recent call last):
  File "C:\Users\edmun\Projects\Repositories\healthpartners-interview\src\healthpartners_interview\download.py", line 31, in fetch_datasets
    dataset = Dataset(**current_item)
              ^^^^^^^^^^^^^^^^^^^^^^^
  File "C:\Users\edmun\Projects\Repositories\healthpartners-interview\.venv\Lib\site-packages\pydantic\main.py", line 193, in __init__
    self.__pydantic_validator__.validate_python(data, self_instance=self)
pydantic_core._pydantic_core.ValidationError: 16 validation errors for Dataset
accessLevel
  Field required [type=missing, input_value={'item': 'theme'}, input_type=dict]
    For further information visit https://errors.pydantic.dev/2.8/v/missing
landingPage
  Field required [type=missing, input_value={'item': 'theme'}, input_type=dict]
    For further information visit https://errors.pydantic.dev/2.8/v/missing
bureauCode
  Field required [type=missing, input_value={'item': 'theme'}, input_type=dict]
    For further information visit https://errors.pydantic.dev/2.8/v/missing
issued
  Field required [type=missing, input_value={'item': 'theme'}, input_type=dict]
    For further information visit https://errors.pydantic.dev/2.8/v/missing
@type
  Field required [type=missing, input_value={'item': 'theme'}, input_type=dict]
    For further information visit https://errors.pydantic.dev/2.8/v/missing
modified
  Field required [type=missing, input_value={'item': 'theme'}, input_type=dict]
    For further information visit https://errors.pydantic.dev/2.8/v/missing
released
  Field required [type=missing, input_value={'item': 'theme'}, input_type=dict]
    For further information visit https://errors.pydantic.dev/2.8/v/missing
keyword
  Field required [type=missing, input_value={'item': 'theme'}, input_type=dict]
    For further information visit https://errors.pydantic.dev/2.8/v/missing
contactPoint
  Field required [type=missing, input_value={'item': 'theme'}, input_type=dict]
    For further information visit https://errors.pydantic.dev/2.8/v/missing
publisher
  Field required [type=missing, input_value={'item': 'theme'}, input_type=dict]
    For further information visit https://errors.pydantic.dev/2.8/v/missing
identifier
  Field required [type=missing, input_value={'item': 'theme'}, input_type=dict]
    For further information visit https://errors.pydantic.dev/2.8/v/missing
description
  Field required [type=missing, input_value={'item': 'theme'}, input_type=dict]
    For further information visit https://errors.pydantic.dev/2.8/v/missing
title
  Field required [type=missing, input_value={'item': 'theme'}, input_type=dict]
    For further information visit https://errors.pydantic.dev/2.8/v/missing
programCode
  Field required [type=missing, input_value={'item': 'theme'}, input_type=dict]
    For further information visit https://errors.pydantic.dev/2.8/v/missing
distribution
  Field required [type=missing, input_value={'item': 'theme'}, input_type=dict]
    For further information visit https://errors.pydantic.dev/2.8/v/missing
theme
  Field required [type=missing, input_value={'item': 'theme'}, input_type=dict]
    For further information visit https://errors.pydantic.dev/2.8/v/missing
2024-08-23 12:40:38 - ERROR - Validation error for dataset: Unknown title
Traceback (most recent call last):
  File "C:\Users\edmun\Projects\Repositories\healthpartners-interview\src\healthpartners_interview\download.py", line 31, in fetch_datasets
    dataset = Dataset(**current_item)
              ^^^^^^^^^^^^^^^^^^^^^^^
  File "C:\Users\edmun\Projects\Repositories\healthpartners-interview\.venv\Lib\site-packages\pydantic\main.py", line 193, in __init__
    self.__pydantic_validator__.validate_python(data, self_instance=self)
pydantic_core._pydantic_core.ValidationError: 16 validation errors for Dataset
accessLevel
  Field required [type=missing, input_value={}, input_type=dict]
    For further information visit https://errors.pydantic.dev/2.8/v/missing
landingPage
  Field required [type=missing, input_value={}, input_type=dict]
    For further information visit https://errors.pydantic.dev/2.8/v/missing
bureauCode
  Field required [type=missing, input_value={}, input_type=dict]
    For further information visit https://errors.pydantic.dev/2.8/v/missing
issued
  Field required [type=missing, input_value={}, input_type=dict]
    For further information visit https://errors.pydantic.dev/2.8/v/missing
@type
  Field required [type=missing, input_value={}, input_type=dict]
    For further information visit https://errors.pydantic.dev/2.8/v/missing
modified
  Field required [type=missing, input_value={}, input_type=dict]
    For further information visit https://errors.pydantic.dev/2.8/v/missing
released
  Field required [type=missing, input_value={}, input_type=dict]
    For further information visit https://errors.pydantic.dev/2.8/v/missing
keyword
  Field required [type=missing, input_value={}, input_type=dict]
    For further information visit https://errors.pydantic.dev/2.8/v/missing
contactPoint
  Field required [type=missing, input_value={}, input_type=dict]
    For further information visit https://errors.pydantic.dev/2.8/v/missing
publisher
  Field required [type=missing, input_value={}, input_type=dict]
    For further information visit https://errors.pydantic.dev/2.8/v/missing
identifier
  Field required [type=missing, input_value={}, input_type=dict]
    For further information visit https://errors.pydantic.dev/2.8/v/missing
description
  Field required [type=missing, input_value={}, input_type=dict]
    For further information visit https://errors.pydantic.dev/2.8/v/missing
title
  Field required [type=missing, input_value={}, input_type=dict]
    For further information visit https://errors.pydantic.dev/2.8/v/missing
programCode
  Field required [type=missing, input_value={}, input_type=dict]
    For further information visit https://errors.pydantic.dev/2.8/v/missing
distribution
  Field required [type=missing, input_value={}, input_type=dict]
    For further information visit https://errors.pydantic.dev/2.8/v/missing
theme
  Field required [type=missing, input_value={}, input_type=dict]
    For further information visit https://errors.pydantic.dev/2.8/v/missing
2024-08-23 12:40:38 - ERROR - Validation error for dataset: Unknown title
Traceback (most recent call last):
  File "C:\Users\edmun\Projects\Repositories\healthpartners-interview\src\healthpartners_interview\download.py", line 31, in fetch_datasets
    dataset = Dataset(**current_item)
              ^^^^^^^^^^^^^^^^^^^^^^^
  File "C:\Users\edmun\Projects\Repositories\healthpartners-interview\.venv\Lib\site-packages\pydantic\main.py", line 193, in __init__
    self.__pydantic_validator__.validate_python(data, self_instance=self)
pydantic_core._pydantic_core.ValidationError: 16 validation errors for Dataset
accessLevel
  Field required [type=missing, input_value={}, input_type=dict]
    For further information visit https://errors.pydantic.dev/2.8/v/missing
landingPage
  Field required [type=missing, input_value={}, input_type=dict]
    For further information visit https://errors.pydantic.dev/2.8/v/missing
bureauCode
  Field required [type=missing, input_value={}, input_type=dict]
    For further information visit https://errors.pydantic.dev/2.8/v/missing
issued
  Field required [type=missing, input_value={}, input_type=dict]
    For further information visit https://errors.pydantic.dev/2.8/v/missing
@type
  Field required [type=missing, input_value={}, input_type=dict]
    For further information visit https://errors.pydantic.dev/2.8/v/missing
modified
  Field required [type=missing, input_value={}, input_type=dict]
    For further information visit https://errors.pydantic.dev/2.8/v/missing
released
  Field required [type=missing, input_value={}, input_type=dict]
    For further information visit https://errors.pydantic.dev/2.8/v/missing
keyword
  Field required [type=missing, input_value={}, input_type=dict]
    For further information visit https://errors.pydantic.dev/2.8/v/missing
contactPoint
  Field required [type=missing, input_value={}, input_type=dict]
    For further information visit https://errors.pydantic.dev/2.8/v/missing
publisher
  Field required [type=missing, input_value={}, input_type=dict]
    For further information visit https://errors.pydantic.dev/2.8/v/missing
identifier
  Field required [type=missing, input_value={}, input_type=dict]
    For further information visit https://errors.pydantic.dev/2.8/v/missing
description
  Field required [type=missing, input_value={}, input_type=dict]
    For further information visit https://errors.pydantic.dev/2.8/v/missing
title
  Field required [type=missing, input_value={}, input_type=dict]
    For further information visit https://errors.pydantic.dev/2.8/v/missing
programCode
  Field required [type=missing, input_value={}, input_type=dict]
    For further information visit https://errors.pydantic.dev/2.8/v/missing
distribution
  Field required [type=missing, input_value={}, input_type=dict]
    For further information visit https://errors.pydantic.dev/2.8/v/missing
theme
  Field required [type=missing, input_value={}, input_type=dict]
    For further information visit https://errors.pydantic.dev/2.8/v/missing
2024-08-23 12:40:38 - ERROR - Validation error for dataset: Unknown title
Traceback (most recent call last):
  File "C:\Users\edmun\Projects\Repositories\healthpartners-interview\src\healthpartners_interview\download.py", line 31, in fetch_datasets
    dataset = Dataset(**current_item)
              ^^^^^^^^^^^^^^^^^^^^^^^
  File "C:\Users\edmun\Projects\Repositories\healthpartners-interview\.venv\Lib\site-packages\pydantic\main.py", line 193, in __init__
    self.__pydantic_validator__.validate_python(data, self_instance=self)
pydantic_core._pydantic_core.ValidationError: 16 validation errors for Dataset
accessLevel
  Field required [type=missing, input_value={}, input_type=dict]
    For further information visit https://errors.pydantic.dev/2.8/v/missing
landingPage
  Field required [type=missing, input_value={}, input_type=dict]
    For further information visit https://errors.pydantic.dev/2.8/v/missing
bureauCode
  Field required [type=missing, input_value={}, input_type=dict]
    For further information visit https://errors.pydantic.dev/2.8/v/missing
issued
  Field required [type=missing, input_value={}, input_type=dict]
    For further information visit https://errors.pydantic.dev/2.8/v/missing
@type
  Field required [type=missing, input_value={}, input_type=dict]
    For further information visit https://errors.pydantic.dev/2.8/v/missing
modified
  Field required [type=missing, input_value={}, input_type=dict]
    For further information visit https://errors.pydantic.dev/2.8/v/missing
released
  Field required [type=missing, input_value={}, input_type=dict]
    For further information visit https://errors.pydantic.dev/2.8/v/missing
keyword
  Field required [type=missing, input_value={}, input_type=dict]
    For further information visit https://errors.pydantic.dev/2.8/v/missing
contactPoint
  Field required [type=missing, input_value={}, input_type=dict]
    For further information visit https://errors.pydantic.dev/2.8/v/missing
publisher
  Field required [type=missing, input_value={}, input_type=dict]
    For further information visit https://errors.pydantic.dev/2.8/v/missing
identifier
  Field required [type=missing, input_value={}, input_type=dict]
    For further information visit https://errors.pydantic.dev/2.8/v/missing
description
  Field required [type=missing, input_value={}, input_type=dict]
    For further information visit https://errors.pydantic.dev/2.8/v/missing
title
  Field required [type=missing, input_value={}, input_type=dict]
    For further information visit https://errors.pydantic.dev/2.8/v/missing
programCode
  Field required [type=missing, input_value={}, input_type=dict]
    For further information visit https://errors.pydantic.dev/2.8/v/missing
distribution
  Field required [type=missing, input_value={}, input_type=dict]
    For further information visit https://errors.pydantic.dev/2.8/v/missing
theme
  Field required [type=missing, input_value={}, input_type=dict]
    For further information visit https://errors.pydantic.dev/2.8/v/missing
2024-08-23 12:40:38 - ERROR - Validation error for dataset: Unknown title
Traceback (most recent call last):
  File "C:\Users\edmun\Projects\Repositories\healthpartners-interview\src\healthpartners_interview\download.py", line 31, in fetch_datasets
    dataset = Dataset(**current_item)
              ^^^^^^^^^^^^^^^^^^^^^^^
  File "C:\Users\edmun\Projects\Repositories\healthpartners-interview\.venv\Lib\site-packages\pydantic\main.py", line 193, in __init__
    self.__pydantic_validator__.validate_python(data, self_instance=self)
pydantic_core._pydantic_core.ValidationError: 16 validation errors for Dataset
accessLevel
  Field required [type=missing, input_value={'item': 'theme'}, input_type=dict]
    For further information visit https://errors.pydantic.dev/2.8/v/missing
landingPage
  Field required [type=missing, input_value={'item': 'theme'}, input_type=dict]
    For further information visit https://errors.pydantic.dev/2.8/v/missing
bureauCode
  Field required [type=missing, input_value={'item': 'theme'}, input_type=dict]
    For further information visit https://errors.pydantic.dev/2.8/v/missing
issued
  Field required [type=missing, input_value={'item': 'theme'}, input_type=dict]
    For further information visit https://errors.pydantic.dev/2.8/v/missing
@type
  Field required [type=missing, input_value={'item': 'theme'}, input_type=dict]
    For further information visit https://errors.pydantic.dev/2.8/v/missing
modified
  Field required [type=missing, input_value={'item': 'theme'}, input_type=dict]
    For further information visit https://errors.pydantic.dev/2.8/v/missing
released
  Field required [type=missing, input_value={'item': 'theme'}, input_type=dict]
    For further information visit https://errors.pydantic.dev/2.8/v/missing
keyword
  Field required [type=missing, input_value={'item': 'theme'}, input_type=dict]
    For further information visit https://errors.pydantic.dev/2.8/v/missing
contactPoint
  Field required [type=missing, input_value={'item': 'theme'}, input_type=dict]
    For further information visit https://errors.pydantic.dev/2.8/v/missing
publisher
  Field required [type=missing, input_value={'item': 'theme'}, input_type=dict]
    For further information visit https://errors.pydantic.dev/2.8/v/missing
identifier
  Field required [type=missing, input_value={'item': 'theme'}, input_type=dict]
    For further information visit https://errors.pydantic.dev/2.8/v/missing
description
  Field required [type=missing, input_value={'item': 'theme'}, input_type=dict]
    For further information visit https://errors.pydantic.dev/2.8/v/missing
title
  Field required [type=missing, input_value={'item': 'theme'}, input_type=dict]
    For further information visit https://errors.pydantic.dev/2.8/v/missing
programCode
  Field required [type=missing, input_value={'item': 'theme'}, input_type=dict]
    For further information visit https://errors.pydantic.dev/2.8/v/missing
distribution
  Field required [type=missing, input_value={'item': 'theme'}, input_type=dict]
    For further information visit https://errors.pydantic.dev/2.8/v/missing
theme
  Field required [type=missing, input_value={'item': 'theme'}, input_type=dict]
    For further information visit https://errors.pydantic.dev/2.8/v/missing
2024-08-23 12:40:38 - ERROR - Validation error for dataset: Unknown title
Traceback (most recent call last):
  File "C:\Users\edmun\Projects\Repositories\healthpartners-interview\src\healthpartners_interview\download.py", line 31, in fetch_datasets
    dataset = Dataset(**current_item)
              ^^^^^^^^^^^^^^^^^^^^^^^
  File "C:\Users\edmun\Projects\Repositories\healthpartners-interview\.venv\Lib\site-packages\pydantic\main.py", line 193, in __init__
    self.__pydantic_validator__.validate_python(data, self_instance=self)
pydantic_core._pydantic_core.ValidationError: 16 validation errors for Dataset
accessLevel
  Field required [type=missing, input_value={}, input_type=dict]
    For further information visit https://errors.pydantic.dev/2.8/v/missing
landingPage
  Field required [type=missing, input_value={}, input_type=dict]
    For further information visit https://errors.pydantic.dev/2.8/v/missing
bureauCode
  Field required [type=missing, input_value={}, input_type=dict]
    For further information visit https://errors.pydantic.dev/2.8/v/missing
issued
  Field required [type=missing, input_value={}, input_type=dict]
    For further information visit https://errors.pydantic.dev/2.8/v/missing
@type
  Field required [type=missing, input_value={}, input_type=dict]
    For further information visit https://errors.pydantic.dev/2.8/v/missing
modified
  Field required [type=missing, input_value={}, input_type=dict]
    For further information visit https://errors.pydantic.dev/2.8/v/missing
released
  Field required [type=missing, input_value={}, input_type=dict]
    For further information visit https://errors.pydantic.dev/2.8/v/missing
keyword
  Field required [type=missing, input_value={}, input_type=dict]
    For further information visit https://errors.pydantic.dev/2.8/v/missing
contactPoint
  Field required [type=missing, input_value={}, input_type=dict]
    For further information visit https://errors.pydantic.dev/2.8/v/missing
publisher
  Field required [type=missing, input_value={}, input_type=dict]
    For further information visit https://errors.pydantic.dev/2.8/v/missing
identifier
  Field required [type=missing, input_value={}, input_type=dict]
    For further information visit https://errors.pydantic.dev/2.8/v/missing
description
  Field required [type=missing, input_value={}, input_type=dict]
    For further information visit https://errors.pydantic.dev/2.8/v/missing
title
  Field required [type=missing, input_value={}, input_type=dict]
    For further information visit https://errors.pydantic.dev/2.8/v/missing
programCode
  Field required [type=missing, input_value={}, input_type=dict]
    For further information visit https://errors.pydantic.dev/2.8/v/missing
distribution
  Field required [type=missing, input_value={}, input_type=dict]
    For further information visit https://errors.pydantic.dev/2.8/v/missing
theme
  Field required [type=missing, input_value={}, input_type=dict]
    For further information visit https://errors.pydantic.dev/2.8/v/missing
2024-08-23 12:40:38 - ERROR - Validation error for dataset: Unknown title
Traceback (most recent call last):
  File "C:\Users\edmun\Projects\Repositories\healthpartners-interview\src\healthpartners_interview\download.py", line 31, in fetch_datasets
    dataset = Dataset(**current_item)
              ^^^^^^^^^^^^^^^^^^^^^^^
  File "C:\Users\edmun\Projects\Repositories\healthpartners-interview\.venv\Lib\site-packages\pydantic\main.py", line 193, in __init__
    self.__pydantic_validator__.validate_python(data, self_instance=self)
pydantic_core._pydantic_core.ValidationError: 16 validation errors for Dataset
accessLevel
  Field required [type=missing, input_value={}, input_type=dict]
    For further information visit https://errors.pydantic.dev/2.8/v/missing
landingPage
  Field required [type=missing, input_value={}, input_type=dict]
    For further information visit https://errors.pydantic.dev/2.8/v/missing
bureauCode
  Field required [type=missing, input_value={}, input_type=dict]
    For further information visit https://errors.pydantic.dev/2.8/v/missing
issued
  Field required [type=missing, input_value={}, input_type=dict]
    For further information visit https://errors.pydantic.dev/2.8/v/missing
@type
  Field required [type=missing, input_value={}, input_type=dict]
    For further information visit https://errors.pydantic.dev/2.8/v/missing
modified
  Field required [type=missing, input_value={}, input_type=dict]
    For further information visit https://errors.pydantic.dev/2.8/v/missing
released
  Field required [type=missing, input_value={}, input_type=dict]
    For further information visit https://errors.pydantic.dev/2.8/v/missing
keyword
  Field required [type=missing, input_value={}, input_type=dict]
    For further information visit https://errors.pydantic.dev/2.8/v/missing
contactPoint
  Field required [type=missing, input_value={}, input_type=dict]
    For further information visit https://errors.pydantic.dev/2.8/v/missing
publisher
  Field required [type=missing, input_value={}, input_type=dict]
    For further information visit https://errors.pydantic.dev/2.8/v/missing
identifier
  Field required [type=missing, input_value={}, input_type=dict]
    For further information visit https://errors.pydantic.dev/2.8/v/missing
description
  Field required [type=missing, input_value={}, input_type=dict]
    For further information visit https://errors.pydantic.dev/2.8/v/missing
title
  Field required [type=missing, input_value={}, input_type=dict]
    For further information visit https://errors.pydantic.dev/2.8/v/missing
programCode
  Field required [type=missing, input_value={}, input_type=dict]
    For further information visit https://errors.pydantic.dev/2.8/v/missing
distribution
  Field required [type=missing, input_value={}, input_type=dict]
    For further information visit https://errors.pydantic.dev/2.8/v/missing
theme
  Field required [type=missing, input_value={}, input_type=dict]
    For further information visit https://errors.pydantic.dev/2.8/v/missing
2024-08-23 12:40:38 - ERROR - Validation error for dataset: Unknown title
Traceback (most recent call last):
  File "C:\Users\edmun\Projects\Repositories\healthpartners-interview\src\healthpartners_interview\download.py", line 31, in fetch_datasets
    dataset = Dataset(**current_item)
              ^^^^^^^^^^^^^^^^^^^^^^^
  File "C:\Users\edmun\Projects\Repositories\healthpartners-interview\.venv\Lib\site-packages\pydantic\main.py", line 193, in __init__
    self.__pydantic_validator__.validate_python(data, self_instance=self)
pydantic_core._pydantic_core.ValidationError: 16 validation errors for Dataset
accessLevel
  Field required [type=missing, input_value={}, input_type=dict]
    For further information visit https://errors.pydantic.dev/2.8/v/missing
landingPage
  Field required [type=missing, input_value={}, input_type=dict]
    For further information visit https://errors.pydantic.dev/2.8/v/missing
bureauCode
  Field required [type=missing, input_value={}, input_type=dict]
    For further information visit https://errors.pydantic.dev/2.8/v/missing
issued
  Field required [type=missing, input_value={}, input_type=dict]
    For further information visit https://errors.pydantic.dev/2.8/v/missing
@type
  Field required [type=missing, input_value={}, input_type=dict]
    For further information visit https://errors.pydantic.dev/2.8/v/missing
modified
  Field required [type=missing, input_value={}, input_type=dict]
    For further information visit https://errors.pydantic.dev/2.8/v/missing
released
  Field required [type=missing, input_value={}, input_type=dict]
    For further information visit https://errors.pydantic.dev/2.8/v/missing
keyword
  Field required [type=missing, input_value={}, input_type=dict]
    For further information visit https://errors.pydantic.dev/2.8/v/missing
contactPoint
  Field required [type=missing, input_value={}, input_type=dict]
    For further information visit https://errors.pydantic.dev/2.8/v/missing
publisher
  Field required [type=missing, input_value={}, input_type=dict]
    For further information visit https://errors.pydantic.dev/2.8/v/missing
identifier
  Field required [type=missing, input_value={}, input_type=dict]
    For further information visit https://errors.pydantic.dev/2.8/v/missing
description
  Field required [type=missing, input_value={}, input_type=dict]
    For further information visit https://errors.pydantic.dev/2.8/v/missing
title
  Field required [type=missing, input_value={}, input_type=dict]
    For further information visit https://errors.pydantic.dev/2.8/v/missing
programCode
  Field required [type=missing, input_value={}, input_type=dict]
    For further information visit https://errors.pydantic.dev/2.8/v/missing
distribution
  Field required [type=missing, input_value={}, input_type=dict]
    For further information visit https://errors.pydantic.dev/2.8/v/missing
theme
  Field required [type=missing, input_value={}, input_type=dict]
    For further information visit https://errors.pydantic.dev/2.8/v/missing
2024-08-23 12:40:38 - ERROR - Validation error for dataset: Unknown title
Traceback (most recent call last):
  File "C:\Users\edmun\Projects\Repositories\healthpartners-interview\src\healthpartners_interview\download.py", line 31, in fetch_datasets
    dataset = Dataset(**current_item)
              ^^^^^^^^^^^^^^^^^^^^^^^
  File "C:\Users\edmun\Projects\Repositories\healthpartners-interview\.venv\Lib\site-packages\pydantic\main.py", line 193, in __init__
    self.__pydantic_validator__.validate_python(data, self_instance=self)
pydantic_core._pydantic_core.ValidationError: 16 validation errors for Dataset
accessLevel
  Field required [type=missing, input_value={'item': 'title'}, input_type=dict]
    For further information visit https://errors.pydantic.dev/2.8/v/missing
landingPage
  Field required [type=missing, input_value={'item': 'title'}, input_type=dict]
    For further information visit https://errors.pydantic.dev/2.8/v/missing
bureauCode
  Field required [type=missing, input_value={'item': 'title'}, input_type=dict]
    For further information visit https://errors.pydantic.dev/2.8/v/missing
issued
  Field required [type=missing, input_value={'item': 'title'}, input_type=dict]
    For further information visit https://errors.pydantic.dev/2.8/v/missing
@type
  Field required [type=missing, input_value={'item': 'title'}, input_type=dict]
    For further information visit https://errors.pydantic.dev/2.8/v/missing
modified
  Field required [type=missing, input_value={'item': 'title'}, input_type=dict]
    For further information visit https://errors.pydantic.dev/2.8/v/missing
released
  Field required [type=missing, input_value={'item': 'title'}, input_type=dict]
    For further information visit https://errors.pydantic.dev/2.8/v/missing
keyword
  Field required [type=missing, input_value={'item': 'title'}, input_type=dict]
    For further information visit https://errors.pydantic.dev/2.8/v/missing
contactPoint
  Field required [type=missing, input_value={'item': 'title'}, input_type=dict]
    For further information visit https://errors.pydantic.dev/2.8/v/missing
publisher
  Field required [type=missing, input_value={'item': 'title'}, input_type=dict]
    For further information visit https://errors.pydantic.dev/2.8/v/missing
identifier
  Field required [type=missing, input_value={'item': 'title'}, input_type=dict]
    For further information visit https://errors.pydantic.dev/2.8/v/missing
description
  Field required [type=missing, input_value={'item': 'title'}, input_type=dict]
    For further information visit https://errors.pydantic.dev/2.8/v/missing
title
  Field required [type=missing, input_value={'item': 'title'}, input_type=dict]
    For further information visit https://errors.pydantic.dev/2.8/v/missing
programCode
  Field required [type=missing, input_value={'item': 'title'}, input_type=dict]
    For further information visit https://errors.pydantic.dev/2.8/v/missing
distribution
  Field required [type=missing, input_value={'item': 'title'}, input_type=dict]
    For further information visit https://errors.pydantic.dev/2.8/v/missing
theme
  Field required [type=missing, input_value={'item': 'title'}, input_type=dict]
    For further information visit https://errors.pydantic.dev/2.8/v/missing
2024-08-23 12:40:38 - ERROR - Validation error for dataset: Unknown title
Traceback (most recent call last):
  File "C:\Users\edmun\Projects\Repositories\healthpartners-interview\src\healthpartners_interview\download.py", line 31, in fetch_datasets
    dataset = Dataset(**current_item)
              ^^^^^^^^^^^^^^^^^^^^^^^
  File "C:\Users\edmun\Projects\Repositories\healthpartners-interview\.venv\Lib\site-packages\pydantic\main.py", line 193, in __init__
    self.__pydantic_validator__.validate_python(data, self_instance=self)
pydantic_core._pydantic_core.ValidationError: 16 validation errors for Dataset
accessLevel
  Field required [type=missing, input_value={}, input_type=dict]
    For further information visit https://errors.pydantic.dev/2.8/v/missing
landingPage
  Field required [type=missing, input_value={}, input_type=dict]
    For further information visit https://errors.pydantic.dev/2.8/v/missing
bureauCode
  Field required [type=missing, input_value={}, input_type=dict]
    For further information visit https://errors.pydantic.dev/2.8/v/missing
issued
  Field required [type=missing, input_value={}, input_type=dict]
    For further information visit https://errors.pydantic.dev/2.8/v/missing
@type
  Field required [type=missing, input_value={}, input_type=dict]
    For further information visit https://errors.pydantic.dev/2.8/v/missing
modified
  Field required [type=missing, input_value={}, input_type=dict]
    For further information visit https://errors.pydantic.dev/2.8/v/missing
released
  Field required [type=missing, input_value={}, input_type=dict]
    For further information visit https://errors.pydantic.dev/2.8/v/missing
keyword
  Field required [type=missing, input_value={}, input_type=dict]
    For further information visit https://errors.pydantic.dev/2.8/v/missing
contactPoint
  Field required [type=missing, input_value={}, input_type=dict]
    For further information visit https://errors.pydantic.dev/2.8/v/missing
publisher
  Field required [type=missing, input_value={}, input_type=dict]
    For further information visit https://errors.pydantic.dev/2.8/v/missing
identifier
  Field required [type=missing, input_value={}, input_type=dict]
    For further information visit https://errors.pydantic.dev/2.8/v/missing
description
  Field required [type=missing, input_value={}, input_type=dict]
    For further information visit https://errors.pydantic.dev/2.8/v/missing
title
  Field required [type=missing, input_value={}, input_type=dict]
    For further information visit https://errors.pydantic.dev/2.8/v/missing
programCode
  Field required [type=missing, input_value={}, input_type=dict]
    For further information visit https://errors.pydantic.dev/2.8/v/missing
distribution
  Field required [type=missing, input_value={}, input_type=dict]
    For further information visit https://errors.pydantic.dev/2.8/v/missing
theme
  Field required [type=missing, input_value={}, input_type=dict]
    For further information visit https://errors.pydantic.dev/2.8/v/missing
2024-08-23 12:40:38 - ERROR - Validation error for dataset: Unknown title
Traceback (most recent call last):
  File "C:\Users\edmun\Projects\Repositories\healthpartners-interview\src\healthpartners_interview\download.py", line 31, in fetch_datasets
    dataset = Dataset(**current_item)
              ^^^^^^^^^^^^^^^^^^^^^^^
  File "C:\Users\edmun\Projects\Repositories\healthpartners-interview\.venv\Lib\site-packages\pydantic\main.py", line 193, in __init__
    self.__pydantic_validator__.validate_python(data, self_instance=self)
pydantic_core._pydantic_core.ValidationError: 16 validation errors for Dataset
accessLevel
  Field required [type=missing, input_value={}, input_type=dict]
    For further information visit https://errors.pydantic.dev/2.8/v/missing
landingPage
  Field required [type=missing, input_value={}, input_type=dict]
    For further information visit https://errors.pydantic.dev/2.8/v/missing
bureauCode
  Field required [type=missing, input_value={}, input_type=dict]
    For further information visit https://errors.pydantic.dev/2.8/v/missing
issued
  Field required [type=missing, input_value={}, input_type=dict]
    For further information visit https://errors.pydantic.dev/2.8/v/missing
@type
  Field required [type=missing, input_value={}, input_type=dict]
    For further information visit https://errors.pydantic.dev/2.8/v/missing
modified
  Field required [type=missing, input_value={}, input_type=dict]
    For further information visit https://errors.pydantic.dev/2.8/v/missing
released
  Field required [type=missing, input_value={}, input_type=dict]
    For further information visit https://errors.pydantic.dev/2.8/v/missing
keyword
  Field required [type=missing, input_value={}, input_type=dict]
    For further information visit https://errors.pydantic.dev/2.8/v/missing
contactPoint
  Field required [type=missing, input_value={}, input_type=dict]
    For further information visit https://errors.pydantic.dev/2.8/v/missing
publisher
  Field required [type=missing, input_value={}, input_type=dict]
    For further information visit https://errors.pydantic.dev/2.8/v/missing
identifier
  Field required [type=missing, input_value={}, input_type=dict]
    For further information visit https://errors.pydantic.dev/2.8/v/missing
description
  Field required [type=missing, input_value={}, input_type=dict]
    For further information visit https://errors.pydantic.dev/2.8/v/missing
title
  Field required [type=missing, input_value={}, input_type=dict]
    For further information visit https://errors.pydantic.dev/2.8/v/missing
programCode
  Field required [type=missing, input_value={}, input_type=dict]
    For further information visit https://errors.pydantic.dev/2.8/v/missing
distribution
  Field required [type=missing, input_value={}, input_type=dict]
    For further information visit https://errors.pydantic.dev/2.8/v/missing
theme
  Field required [type=missing, input_value={}, input_type=dict]
    For further information visit https://errors.pydantic.dev/2.8/v/missing
2024-08-23 12:40:38 - ERROR - Validation error for dataset: Unknown title
Traceback (most recent call last):
  File "C:\Users\edmun\Projects\Repositories\healthpartners-interview\src\healthpartners_interview\download.py", line 31, in fetch_datasets
    dataset = Dataset(**current_item)
              ^^^^^^^^^^^^^^^^^^^^^^^
  File "C:\Users\edmun\Projects\Repositories\healthpartners-interview\.venv\Lib\site-packages\pydantic\main.py", line 193, in __init__
    self.__pydantic_validator__.validate_python(data, self_instance=self)
pydantic_core._pydantic_core.ValidationError: 16 validation errors for Dataset
accessLevel
  Field required [type=missing, input_value={}, input_type=dict]
    For further information visit https://errors.pydantic.dev/2.8/v/missing
landingPage
  Field required [type=missing, input_value={}, input_type=dict]
    For further information visit https://errors.pydantic.dev/2.8/v/missing
bureauCode
  Field required [type=missing, input_value={}, input_type=dict]
    For further information visit https://errors.pydantic.dev/2.8/v/missing
issued
  Field required [type=missing, input_value={}, input_type=dict]
    For further information visit https://errors.pydantic.dev/2.8/v/missing
@type
  Field required [type=missing, input_value={}, input_type=dict]
    For further information visit https://errors.pydantic.dev/2.8/v/missing
modified
  Field required [type=missing, input_value={}, input_type=dict]
    For further information visit https://errors.pydantic.dev/2.8/v/missing
released
  Field required [type=missing, input_value={}, input_type=dict]
    For further information visit https://errors.pydantic.dev/2.8/v/missing
keyword
  Field required [type=missing, input_value={}, input_type=dict]
    For further information visit https://errors.pydantic.dev/2.8/v/missing
contactPoint
  Field required [type=missing, input_value={}, input_type=dict]
    For further information visit https://errors.pydantic.dev/2.8/v/missing
publisher
  Field required [type=missing, input_value={}, input_type=dict]
    For further information visit https://errors.pydantic.dev/2.8/v/missing
identifier
  Field required [type=missing, input_value={}, input_type=dict]
    For further information visit https://errors.pydantic.dev/2.8/v/missing
description
  Field required [type=missing, input_value={}, input_type=dict]
    For further information visit https://errors.pydantic.dev/2.8/v/missing
title
  Field required [type=missing, input_value={}, input_type=dict]
    For further information visit https://errors.pydantic.dev/2.8/v/missing
programCode
  Field required [type=missing, input_value={}, input_type=dict]
    For further information visit https://errors.pydantic.dev/2.8/v/missing
distribution
  Field required [type=missing, input_value={}, input_type=dict]
    For further information visit https://errors.pydantic.dev/2.8/v/missing
theme
  Field required [type=missing, input_value={}, input_type=dict]
    For further information visit https://errors.pydantic.dev/2.8/v/missing
2024-08-23 12:40:38 - ERROR - Validation error for dataset: Unknown title
Traceback (most recent call last):
  File "C:\Users\edmun\Projects\Repositories\healthpartners-interview\src\healthpartners_interview\download.py", line 31, in fetch_datasets
    dataset = Dataset(**current_item)
              ^^^^^^^^^^^^^^^^^^^^^^^
  File "C:\Users\edmun\Projects\Repositories\healthpartners-interview\.venv\Lib\site-packages\pydantic\main.py", line 193, in __init__
    self.__pydantic_validator__.validate_python(data, self_instance=self)
pydantic_core._pydantic_core.ValidationError: 16 validation errors for Dataset
accessLevel
  Field required [type=missing, input_value={'item': 'title'}, input_type=dict]
    For further information visit https://errors.pydantic.dev/2.8/v/missing
landingPage
  Field required [type=missing, input_value={'item': 'title'}, input_type=dict]
    For further information visit https://errors.pydantic.dev/2.8/v/missing
bureauCode
  Field required [type=missing, input_value={'item': 'title'}, input_type=dict]
    For further information visit https://errors.pydantic.dev/2.8/v/missing
issued
  Field required [type=missing, input_value={'item': 'title'}, input_type=dict]
    For further information visit https://errors.pydantic.dev/2.8/v/missing
@type
  Field required [type=missing, input_value={'item': 'title'}, input_type=dict]
    For further information visit https://errors.pydantic.dev/2.8/v/missing
modified
  Field required [type=missing, input_value={'item': 'title'}, input_type=dict]
    For further information visit https://errors.pydantic.dev/2.8/v/missing
released
  Field required [type=missing, input_value={'item': 'title'}, input_type=dict]
    For further information visit https://errors.pydantic.dev/2.8/v/missing
keyword
  Field required [type=missing, input_value={'item': 'title'}, input_type=dict]
    For further information visit https://errors.pydantic.dev/2.8/v/missing
contactPoint
  Field required [type=missing, input_value={'item': 'title'}, input_type=dict]
    For further information visit https://errors.pydantic.dev/2.8/v/missing
publisher
  Field required [type=missing, input_value={'item': 'title'}, input_type=dict]
    For further information visit https://errors.pydantic.dev/2.8/v/missing
identifier
  Field required [type=missing, input_value={'item': 'title'}, input_type=dict]
    For further information visit https://errors.pydantic.dev/2.8/v/missing
description
  Field required [type=missing, input_value={'item': 'title'}, input_type=dict]
    For further information visit https://errors.pydantic.dev/2.8/v/missing
title
  Field required [type=missing, input_value={'item': 'title'}, input_type=dict]
    For further information visit https://errors.pydantic.dev/2.8/v/missing
programCode
  Field required [type=missing, input_value={'item': 'title'}, input_type=dict]
    For further information visit https://errors.pydantic.dev/2.8/v/missing
distribution
  Field required [type=missing, input_value={'item': 'title'}, input_type=dict]
    For further information visit https://errors.pydantic.dev/2.8/v/missing
theme
  Field required [type=missing, input_value={'item': 'title'}, input_type=dict]
    For further information visit https://errors.pydantic.dev/2.8/v/missing
2024-08-23 12:40:38 - ERROR - Validation error for dataset: Unknown title
Traceback (most recent call last):
  File "C:\Users\edmun\Projects\Repositories\healthpartners-interview\src\healthpartners_interview\download.py", line 31, in fetch_datasets
    dataset = Dataset(**current_item)
              ^^^^^^^^^^^^^^^^^^^^^^^
  File "C:\Users\edmun\Projects\Repositories\healthpartners-interview\.venv\Lib\site-packages\pydantic\main.py", line 193, in __init__
    self.__pydantic_validator__.validate_python(data, self_instance=self)
pydantic_core._pydantic_core.ValidationError: 16 validation errors for Dataset
accessLevel
  Field required [type=missing, input_value={}, input_type=dict]
    For further information visit https://errors.pydantic.dev/2.8/v/missing
landingPage
  Field required [type=missing, input_value={}, input_type=dict]
    For further information visit https://errors.pydantic.dev/2.8/v/missing
bureauCode
  Field required [type=missing, input_value={}, input_type=dict]
    For further information visit https://errors.pydantic.dev/2.8/v/missing
issued
  Field required [type=missing, input_value={}, input_type=dict]
    For further information visit https://errors.pydantic.dev/2.8/v/missing
@type
  Field required [type=missing, input_value={}, input_type=dict]
    For further information visit https://errors.pydantic.dev/2.8/v/missing
modified
  Field required [type=missing, input_value={}, input_type=dict]
    For further information visit https://errors.pydantic.dev/2.8/v/missing
released
  Field required [type=missing, input_value={}, input_type=dict]
    For further information visit https://errors.pydantic.dev/2.8/v/missing
keyword
  Field required [type=missing, input_value={}, input_type=dict]
    For further information visit https://errors.pydantic.dev/2.8/v/missing
contactPoint
  Field required [type=missing, input_value={}, input_type=dict]
    For further information visit https://errors.pydantic.dev/2.8/v/missing
publisher
  Field required [type=missing, input_value={}, input_type=dict]
    For further information visit https://errors.pydantic.dev/2.8/v/missing
identifier
  Field required [type=missing, input_value={}, input_type=dict]
    For further information visit https://errors.pydantic.dev/2.8/v/missing
description
  Field required [type=missing, input_value={}, input_type=dict]
    For further information visit https://errors.pydantic.dev/2.8/v/missing
title
  Field required [type=missing, input_value={}, input_type=dict]
    For further information visit https://errors.pydantic.dev/2.8/v/missing
programCode
  Field required [type=missing, input_value={}, input_type=dict]
    For further information visit https://errors.pydantic.dev/2.8/v/missing
distribution
  Field required [type=missing, input_value={}, input_type=dict]
    For further information visit https://errors.pydantic.dev/2.8/v/missing
theme
  Field required [type=missing, input_value={}, input_type=dict]
    For further information visit https://errors.pydantic.dev/2.8/v/missing
2024-08-23 12:40:38 - ERROR - Validation error for dataset: Unknown title
Traceback (most recent call last):
  File "C:\Users\edmun\Projects\Repositories\healthpartners-interview\src\healthpartners_interview\download.py", line 31, in fetch_datasets
    dataset = Dataset(**current_item)
              ^^^^^^^^^^^^^^^^^^^^^^^
  File "C:\Users\edmun\Projects\Repositories\healthpartners-interview\.venv\Lib\site-packages\pydantic\main.py", line 193, in __init__
    self.__pydantic_validator__.validate_python(data, self_instance=self)
pydantic_core._pydantic_core.ValidationError: 16 validation errors for Dataset
accessLevel
  Field required [type=missing, input_value={}, input_type=dict]
    For further information visit https://errors.pydantic.dev/2.8/v/missing
landingPage
  Field required [type=missing, input_value={}, input_type=dict]
    For further information visit https://errors.pydantic.dev/2.8/v/missing
bureauCode
  Field required [type=missing, input_value={}, input_type=dict]
    For further information visit https://errors.pydantic.dev/2.8/v/missing
issued
  Field required [type=missing, input_value={}, input_type=dict]
    For further information visit https://errors.pydantic.dev/2.8/v/missing
@type
  Field required [type=missing, input_value={}, input_type=dict]
    For further information visit https://errors.pydantic.dev/2.8/v/missing
modified
  Field required [type=missing, input_value={}, input_type=dict]
    For further information visit https://errors.pydantic.dev/2.8/v/missing
released
  Field required [type=missing, input_value={}, input_type=dict]
    For further information visit https://errors.pydantic.dev/2.8/v/missing
keyword
  Field required [type=missing, input_value={}, input_type=dict]
    For further information visit https://errors.pydantic.dev/2.8/v/missing
contactPoint
  Field required [type=missing, input_value={}, input_type=dict]
    For further information visit https://errors.pydantic.dev/2.8/v/missing
publisher
  Field required [type=missing, input_value={}, input_type=dict]
    For further information visit https://errors.pydantic.dev/2.8/v/missing
identifier
  Field required [type=missing, input_value={}, input_type=dict]
    For further information visit https://errors.pydantic.dev/2.8/v/missing
description
  Field required [type=missing, input_value={}, input_type=dict]
    For further information visit https://errors.pydantic.dev/2.8/v/missing
title
  Field required [type=missing, input_value={}, input_type=dict]
    For further information visit https://errors.pydantic.dev/2.8/v/missing
programCode
  Field required [type=missing, input_value={}, input_type=dict]
    For further information visit https://errors.pydantic.dev/2.8/v/missing
distribution
  Field required [type=missing, input_value={}, input_type=dict]
    For further information visit https://errors.pydantic.dev/2.8/v/missing
theme
  Field required [type=missing, input_value={}, input_type=dict]
    For further information visit https://errors.pydantic.dev/2.8/v/missing
2024-08-23 12:40:38 - ERROR - Validation error for dataset: Unknown title
Traceback (most recent call last):
  File "C:\Users\edmun\Projects\Repositories\healthpartners-interview\src\healthpartners_interview\download.py", line 31, in fetch_datasets
    dataset = Dataset(**current_item)
              ^^^^^^^^^^^^^^^^^^^^^^^
  File "C:\Users\edmun\Projects\Repositories\healthpartners-interview\.venv\Lib\site-packages\pydantic\main.py", line 193, in __init__
    self.__pydantic_validator__.validate_python(data, self_instance=self)
pydantic_core._pydantic_core.ValidationError: 16 validation errors for Dataset
accessLevel
  Field required [type=missing, input_value={}, input_type=dict]
    For further information visit https://errors.pydantic.dev/2.8/v/missing
landingPage
  Field required [type=missing, input_value={}, input_type=dict]
    For further information visit https://errors.pydantic.dev/2.8/v/missing
bureauCode
  Field required [type=missing, input_value={}, input_type=dict]
    For further information visit https://errors.pydantic.dev/2.8/v/missing
issued
  Field required [type=missing, input_value={}, input_type=dict]
    For further information visit https://errors.pydantic.dev/2.8/v/missing
@type
  Field required [type=missing, input_value={}, input_type=dict]
    For further information visit https://errors.pydantic.dev/2.8/v/missing
modified
  Field required [type=missing, input_value={}, input_type=dict]
    For further information visit https://errors.pydantic.dev/2.8/v/missing
released
  Field required [type=missing, input_value={}, input_type=dict]
    For further information visit https://errors.pydantic.dev/2.8/v/missing
keyword
  Field required [type=missing, input_value={}, input_type=dict]
    For further information visit https://errors.pydantic.dev/2.8/v/missing
contactPoint
  Field required [type=missing, input_value={}, input_type=dict]
    For further information visit https://errors.pydantic.dev/2.8/v/missing
publisher
  Field required [type=missing, input_value={}, input_type=dict]
    For further information visit https://errors.pydantic.dev/2.8/v/missing
identifier
  Field required [type=missing, input_value={}, input_type=dict]
    For further information visit https://errors.pydantic.dev/2.8/v/missing
description
  Field required [type=missing, input_value={}, input_type=dict]
    For further information visit https://errors.pydantic.dev/2.8/v/missing
title
  Field required [type=missing, input_value={}, input_type=dict]
    For further information visit https://errors.pydantic.dev/2.8/v/missing
programCode
  Field required [type=missing, input_value={}, input_type=dict]
    For further information visit https://errors.pydantic.dev/2.8/v/missing
distribution
  Field required [type=missing, input_value={}, input_type=dict]
    For further information visit https://errors.pydantic.dev/2.8/v/missing
theme
  Field required [type=missing, input_value={}, input_type=dict]
    For further information visit https://errors.pydantic.dev/2.8/v/missing
2024-08-23 12:40:38 - ERROR - Validation error for dataset: Unknown title
Traceback (most recent call last):
  File "C:\Users\edmun\Projects\Repositories\healthpartners-interview\src\healthpartners_interview\download.py", line 31, in fetch_datasets
    dataset = Dataset(**current_item)
              ^^^^^^^^^^^^^^^^^^^^^^^
  File "C:\Users\edmun\Projects\Repositories\healthpartners-interview\.venv\Lib\site-packages\pydantic\main.py", line 193, in __init__
    self.__pydantic_validator__.validate_python(data, self_instance=self)
pydantic_core._pydantic_core.ValidationError: 16 validation errors for Dataset
accessLevel
  Field required [type=missing, input_value={'item': 'theme'}, input_type=dict]
    For further information visit https://errors.pydantic.dev/2.8/v/missing
landingPage
  Field required [type=missing, input_value={'item': 'theme'}, input_type=dict]
    For further information visit https://errors.pydantic.dev/2.8/v/missing
bureauCode
  Field required [type=missing, input_value={'item': 'theme'}, input_type=dict]
    For further information visit https://errors.pydantic.dev/2.8/v/missing
issued
  Field required [type=missing, input_value={'item': 'theme'}, input_type=dict]
    For further information visit https://errors.pydantic.dev/2.8/v/missing
@type
  Field required [type=missing, input_value={'item': 'theme'}, input_type=dict]
    For further information visit https://errors.pydantic.dev/2.8/v/missing
modified
  Field required [type=missing, input_value={'item': 'theme'}, input_type=dict]
    For further information visit https://errors.pydantic.dev/2.8/v/missing
released
  Field required [type=missing, input_value={'item': 'theme'}, input_type=dict]
    For further information visit https://errors.pydantic.dev/2.8/v/missing
keyword
  Field required [type=missing, input_value={'item': 'theme'}, input_type=dict]
    For further information visit https://errors.pydantic.dev/2.8/v/missing
contactPoint
  Field required [type=missing, input_value={'item': 'theme'}, input_type=dict]
    For further information visit https://errors.pydantic.dev/2.8/v/missing
publisher
  Field required [type=missing, input_value={'item': 'theme'}, input_type=dict]
    For further information visit https://errors.pydantic.dev/2.8/v/missing
identifier
  Field required [type=missing, input_value={'item': 'theme'}, input_type=dict]
    For further information visit https://errors.pydantic.dev/2.8/v/missing
description
  Field required [type=missing, input_value={'item': 'theme'}, input_type=dict]
    For further information visit https://errors.pydantic.dev/2.8/v/missing
title
  Field required [type=missing, input_value={'item': 'theme'}, input_type=dict]
    For further information visit https://errors.pydantic.dev/2.8/v/missing
programCode
  Field required [type=missing, input_value={'item': 'theme'}, input_type=dict]
    For further information visit https://errors.pydantic.dev/2.8/v/missing
distribution
  Field required [type=missing, input_value={'item': 'theme'}, input_type=dict]
    For further information visit https://errors.pydantic.dev/2.8/v/missing
theme
  Field required [type=missing, input_value={'item': 'theme'}, input_type=dict]
    For further information visit https://errors.pydantic.dev/2.8/v/missing
2024-08-23 12:40:38 - ERROR - Validation error for dataset: Unknown title
Traceback (most recent call last):
  File "C:\Users\edmun\Projects\Repositories\healthpartners-interview\src\healthpartners_interview\download.py", line 31, in fetch_datasets
    dataset = Dataset(**current_item)
              ^^^^^^^^^^^^^^^^^^^^^^^
  File "C:\Users\edmun\Projects\Repositories\healthpartners-interview\.venv\Lib\site-packages\pydantic\main.py", line 193, in __init__
    self.__pydantic_validator__.validate_python(data, self_instance=self)
pydantic_core._pydantic_core.ValidationError: 16 validation errors for Dataset
accessLevel
  Field required [type=missing, input_value={}, input_type=dict]
    For further information visit https://errors.pydantic.dev/2.8/v/missing
landingPage
  Field required [type=missing, input_value={}, input_type=dict]
    For further information visit https://errors.pydantic.dev/2.8/v/missing
bureauCode
  Field required [type=missing, input_value={}, input_type=dict]
    For further information visit https://errors.pydantic.dev/2.8/v/missing
issued
  Field required [type=missing, input_value={}, input_type=dict]
    For further information visit https://errors.pydantic.dev/2.8/v/missing
@type
  Field required [type=missing, input_value={}, input_type=dict]
    For further information visit https://errors.pydantic.dev/2.8/v/missing
modified
  Field required [type=missing, input_value={}, input_type=dict]
    For further information visit https://errors.pydantic.dev/2.8/v/missing
released
  Field required [type=missing, input_value={}, input_type=dict]
    For further information visit https://errors.pydantic.dev/2.8/v/missing
keyword
  Field required [type=missing, input_value={}, input_type=dict]
    For further information visit https://errors.pydantic.dev/2.8/v/missing
contactPoint
  Field required [type=missing, input_value={}, input_type=dict]
    For further information visit https://errors.pydantic.dev/2.8/v/missing
publisher
  Field required [type=missing, input_value={}, input_type=dict]
    For further information visit https://errors.pydantic.dev/2.8/v/missing
identifier
  Field required [type=missing, input_value={}, input_type=dict]
    For further information visit https://errors.pydantic.dev/2.8/v/missing
description
  Field required [type=missing, input_value={}, input_type=dict]
    For further information visit https://errors.pydantic.dev/2.8/v/missing
title
  Field required [type=missing, input_value={}, input_type=dict]
    For further information visit https://errors.pydantic.dev/2.8/v/missing
programCode
  Field required [type=missing, input_value={}, input_type=dict]
    For further information visit https://errors.pydantic.dev/2.8/v/missing
distribution
  Field required [type=missing, input_value={}, input_type=dict]
    For further information visit https://errors.pydantic.dev/2.8/v/missing
theme
  Field required [type=missing, input_value={}, input_type=dict]
    For further information visit https://errors.pydantic.dev/2.8/v/missing
2024-08-23 12:40:38 - ERROR - Validation error for dataset: Unknown title
Traceback (most recent call last):
  File "C:\Users\edmun\Projects\Repositories\healthpartners-interview\src\healthpartners_interview\download.py", line 31, in fetch_datasets
    dataset = Dataset(**current_item)
              ^^^^^^^^^^^^^^^^^^^^^^^
  File "C:\Users\edmun\Projects\Repositories\healthpartners-interview\.venv\Lib\site-packages\pydantic\main.py", line 193, in __init__
    self.__pydantic_validator__.validate_python(data, self_instance=self)
pydantic_core._pydantic_core.ValidationError: 16 validation errors for Dataset
accessLevel
  Field required [type=missing, input_value={}, input_type=dict]
    For further information visit https://errors.pydantic.dev/2.8/v/missing
landingPage
  Field required [type=missing, input_value={}, input_type=dict]
    For further information visit https://errors.pydantic.dev/2.8/v/missing
bureauCode
  Field required [type=missing, input_value={}, input_type=dict]
    For further information visit https://errors.pydantic.dev/2.8/v/missing
issued
  Field required [type=missing, input_value={}, input_type=dict]
    For further information visit https://errors.pydantic.dev/2.8/v/missing
@type
  Field required [type=missing, input_value={}, input_type=dict]
    For further information visit https://errors.pydantic.dev/2.8/v/missing
modified
  Field required [type=missing, input_value={}, input_type=dict]
    For further information visit https://errors.pydantic.dev/2.8/v/missing
released
  Field required [type=missing, input_value={}, input_type=dict]
    For further information visit https://errors.pydantic.dev/2.8/v/missing
keyword
  Field required [type=missing, input_value={}, input_type=dict]
    For further information visit https://errors.pydantic.dev/2.8/v/missing
contactPoint
  Field required [type=missing, input_value={}, input_type=dict]
    For further information visit https://errors.pydantic.dev/2.8/v/missing
publisher
  Field required [type=missing, input_value={}, input_type=dict]
    For further information visit https://errors.pydantic.dev/2.8/v/missing
identifier
  Field required [type=missing, input_value={}, input_type=dict]
    For further information visit https://errors.pydantic.dev/2.8/v/missing
description
  Field required [type=missing, input_value={}, input_type=dict]
    For further information visit https://errors.pydantic.dev/2.8/v/missing
title
  Field required [type=missing, input_value={}, input_type=dict]
    For further information visit https://errors.pydantic.dev/2.8/v/missing
programCode
  Field required [type=missing, input_value={}, input_type=dict]
    For further information visit https://errors.pydantic.dev/2.8/v/missing
distribution
  Field required [type=missing, input_value={}, input_type=dict]
    For further information visit https://errors.pydantic.dev/2.8/v/missing
theme
  Field required [type=missing, input_value={}, input_type=dict]
    For further information visit https://errors.pydantic.dev/2.8/v/missing
2024-08-23 12:40:38 - ERROR - Validation error for dataset: Unknown title
Traceback (most recent call last):
  File "C:\Users\edmun\Projects\Repositories\healthpartners-interview\src\healthpartners_interview\download.py", line 31, in fetch_datasets
    dataset = Dataset(**current_item)
              ^^^^^^^^^^^^^^^^^^^^^^^
  File "C:\Users\edmun\Projects\Repositories\healthpartners-interview\.venv\Lib\site-packages\pydantic\main.py", line 193, in __init__
    self.__pydantic_validator__.validate_python(data, self_instance=self)
pydantic_core._pydantic_core.ValidationError: 16 validation errors for Dataset
accessLevel
  Field required [type=missing, input_value={}, input_type=dict]
    For further information visit https://errors.pydantic.dev/2.8/v/missing
landingPage
  Field required [type=missing, input_value={}, input_type=dict]
    For further information visit https://errors.pydantic.dev/2.8/v/missing
bureauCode
  Field required [type=missing, input_value={}, input_type=dict]
    For further information visit https://errors.pydantic.dev/2.8/v/missing
issued
  Field required [type=missing, input_value={}, input_type=dict]
    For further information visit https://errors.pydantic.dev/2.8/v/missing
@type
  Field required [type=missing, input_value={}, input_type=dict]
    For further information visit https://errors.pydantic.dev/2.8/v/missing
modified
  Field required [type=missing, input_value={}, input_type=dict]
    For further information visit https://errors.pydantic.dev/2.8/v/missing
released
  Field required [type=missing, input_value={}, input_type=dict]
    For further information visit https://errors.pydantic.dev/2.8/v/missing
keyword
  Field required [type=missing, input_value={}, input_type=dict]
    For further information visit https://errors.pydantic.dev/2.8/v/missing
contactPoint
  Field required [type=missing, input_value={}, input_type=dict]
    For further information visit https://errors.pydantic.dev/2.8/v/missing
publisher
  Field required [type=missing, input_value={}, input_type=dict]
    For further information visit https://errors.pydantic.dev/2.8/v/missing
identifier
  Field required [type=missing, input_value={}, input_type=dict]
    For further information visit https://errors.pydantic.dev/2.8/v/missing
description
  Field required [type=missing, input_value={}, input_type=dict]
    For further information visit https://errors.pydantic.dev/2.8/v/missing
title
  Field required [type=missing, input_value={}, input_type=dict]
    For further information visit https://errors.pydantic.dev/2.8/v/missing
programCode
  Field required [type=missing, input_value={}, input_type=dict]
    For further information visit https://errors.pydantic.dev/2.8/v/missing
distribution
  Field required [type=missing, input_value={}, input_type=dict]
    For further information visit https://errors.pydantic.dev/2.8/v/missing
theme
  Field required [type=missing, input_value={}, input_type=dict]
    For further information visit https://errors.pydantic.dev/2.8/v/missing
2024-08-23 12:40:38 - ERROR - Validation error for dataset: Unknown title
Traceback (most recent call last):
  File "C:\Users\edmun\Projects\Repositories\healthpartners-interview\src\healthpartners_interview\download.py", line 31, in fetch_datasets
    dataset = Dataset(**current_item)
              ^^^^^^^^^^^^^^^^^^^^^^^
  File "C:\Users\edmun\Projects\Repositories\healthpartners-interview\.venv\Lib\site-packages\pydantic\main.py", line 193, in __init__
    self.__pydantic_validator__.validate_python(data, self_instance=self)
pydantic_core._pydantic_core.ValidationError: 16 validation errors for Dataset
accessLevel
  Field required [type=missing, input_value={'item': 'theme'}, input_type=dict]
    For further information visit https://errors.pydantic.dev/2.8/v/missing
landingPage
  Field required [type=missing, input_value={'item': 'theme'}, input_type=dict]
    For further information visit https://errors.pydantic.dev/2.8/v/missing
bureauCode
  Field required [type=missing, input_value={'item': 'theme'}, input_type=dict]
    For further information visit https://errors.pydantic.dev/2.8/v/missing
issued
  Field required [type=missing, input_value={'item': 'theme'}, input_type=dict]
    For further information visit https://errors.pydantic.dev/2.8/v/missing
@type
  Field required [type=missing, input_value={'item': 'theme'}, input_type=dict]
    For further information visit https://errors.pydantic.dev/2.8/v/missing
modified
  Field required [type=missing, input_value={'item': 'theme'}, input_type=dict]
    For further information visit https://errors.pydantic.dev/2.8/v/missing
released
  Field required [type=missing, input_value={'item': 'theme'}, input_type=dict]
    For further information visit https://errors.pydantic.dev/2.8/v/missing
keyword
  Field required [type=missing, input_value={'item': 'theme'}, input_type=dict]
    For further information visit https://errors.pydantic.dev/2.8/v/missing
contactPoint
  Field required [type=missing, input_value={'item': 'theme'}, input_type=dict]
    For further information visit https://errors.pydantic.dev/2.8/v/missing
publisher
  Field required [type=missing, input_value={'item': 'theme'}, input_type=dict]
    For further information visit https://errors.pydantic.dev/2.8/v/missing
identifier
  Field required [type=missing, input_value={'item': 'theme'}, input_type=dict]
    For further information visit https://errors.pydantic.dev/2.8/v/missing
description
  Field required [type=missing, input_value={'item': 'theme'}, input_type=dict]
    For further information visit https://errors.pydantic.dev/2.8/v/missing
title
  Field required [type=missing, input_value={'item': 'theme'}, input_type=dict]
    For further information visit https://errors.pydantic.dev/2.8/v/missing
programCode
  Field required [type=missing, input_value={'item': 'theme'}, input_type=dict]
    For further information visit https://errors.pydantic.dev/2.8/v/missing
distribution
  Field required [type=missing, input_value={'item': 'theme'}, input_type=dict]
    For further information visit https://errors.pydantic.dev/2.8/v/missing
theme
  Field required [type=missing, input_value={'item': 'theme'}, input_type=dict]
    For further information visit https://errors.pydantic.dev/2.8/v/missing
2024-08-23 12:40:38 - ERROR - Validation error for dataset: Unknown title
Traceback (most recent call last):
  File "C:\Users\edmun\Projects\Repositories\healthpartners-interview\src\healthpartners_interview\download.py", line 31, in fetch_datasets
    dataset = Dataset(**current_item)
              ^^^^^^^^^^^^^^^^^^^^^^^
  File "C:\Users\edmun\Projects\Repositories\healthpartners-interview\.venv\Lib\site-packages\pydantic\main.py", line 193, in __init__
    self.__pydantic_validator__.validate_python(data, self_instance=self)
pydantic_core._pydantic_core.ValidationError: 16 validation errors for Dataset
accessLevel
  Field required [type=missing, input_value={}, input_type=dict]
    For further information visit https://errors.pydantic.dev/2.8/v/missing
landingPage
  Field required [type=missing, input_value={}, input_type=dict]
    For further information visit https://errors.pydantic.dev/2.8/v/missing
bureauCode
  Field required [type=missing, input_value={}, input_type=dict]
    For further information visit https://errors.pydantic.dev/2.8/v/missing
issued
  Field required [type=missing, input_value={}, input_type=dict]
    For further information visit https://errors.pydantic.dev/2.8/v/missing
@type
  Field required [type=missing, input_value={}, input_type=dict]
    For further information visit https://errors.pydantic.dev/2.8/v/missing
modified
  Field required [type=missing, input_value={}, input_type=dict]
    For further information visit https://errors.pydantic.dev/2.8/v/missing
released
  Field required [type=missing, input_value={}, input_type=dict]
    For further information visit https://errors.pydantic.dev/2.8/v/missing
keyword
  Field required [type=missing, input_value={}, input_type=dict]
    For further information visit https://errors.pydantic.dev/2.8/v/missing
contactPoint
  Field required [type=missing, input_value={}, input_type=dict]
    For further information visit https://errors.pydantic.dev/2.8/v/missing
publisher
  Field required [type=missing, input_value={}, input_type=dict]
    For further information visit https://errors.pydantic.dev/2.8/v/missing
identifier
  Field required [type=missing, input_value={}, input_type=dict]
    For further information visit https://errors.pydantic.dev/2.8/v/missing
description
  Field required [type=missing, input_value={}, input_type=dict]
    For further information visit https://errors.pydantic.dev/2.8/v/missing
title
  Field required [type=missing, input_value={}, input_type=dict]
    For further information visit https://errors.pydantic.dev/2.8/v/missing
programCode
  Field required [type=missing, input_value={}, input_type=dict]
    For further information visit https://errors.pydantic.dev/2.8/v/missing
distribution
  Field required [type=missing, input_value={}, input_type=dict]
    For further information visit https://errors.pydantic.dev/2.8/v/missing
theme
  Field required [type=missing, input_value={}, input_type=dict]
    For further information visit https://errors.pydantic.dev/2.8/v/missing
2024-08-23 12:40:38 - ERROR - Validation error for dataset: Unknown title
Traceback (most recent call last):
  File "C:\Users\edmun\Projects\Repositories\healthpartners-interview\src\healthpartners_interview\download.py", line 31, in fetch_datasets
    dataset = Dataset(**current_item)
              ^^^^^^^^^^^^^^^^^^^^^^^
  File "C:\Users\edmun\Projects\Repositories\healthpartners-interview\.venv\Lib\site-packages\pydantic\main.py", line 193, in __init__
    self.__pydantic_validator__.validate_python(data, self_instance=self)
pydantic_core._pydantic_core.ValidationError: 16 validation errors for Dataset
accessLevel
  Field required [type=missing, input_value={}, input_type=dict]
    For further information visit https://errors.pydantic.dev/2.8/v/missing
landingPage
  Field required [type=missing, input_value={}, input_type=dict]
    For further information visit https://errors.pydantic.dev/2.8/v/missing
bureauCode
  Field required [type=missing, input_value={}, input_type=dict]
    For further information visit https://errors.pydantic.dev/2.8/v/missing
issued
  Field required [type=missing, input_value={}, input_type=dict]
    For further information visit https://errors.pydantic.dev/2.8/v/missing
@type
  Field required [type=missing, input_value={}, input_type=dict]
    For further information visit https://errors.pydantic.dev/2.8/v/missing
modified
  Field required [type=missing, input_value={}, input_type=dict]
    For further information visit https://errors.pydantic.dev/2.8/v/missing
released
  Field required [type=missing, input_value={}, input_type=dict]
    For further information visit https://errors.pydantic.dev/2.8/v/missing
keyword
  Field required [type=missing, input_value={}, input_type=dict]
    For further information visit https://errors.pydantic.dev/2.8/v/missing
contactPoint
  Field required [type=missing, input_value={}, input_type=dict]
    For further information visit https://errors.pydantic.dev/2.8/v/missing
publisher
  Field required [type=missing, input_value={}, input_type=dict]
    For further information visit https://errors.pydantic.dev/2.8/v/missing
identifier
  Field required [type=missing, input_value={}, input_type=dict]
    For further information visit https://errors.pydantic.dev/2.8/v/missing
description
  Field required [type=missing, input_value={}, input_type=dict]
    For further information visit https://errors.pydantic.dev/2.8/v/missing
title
  Field required [type=missing, input_value={}, input_type=dict]
    For further information visit https://errors.pydantic.dev/2.8/v/missing
programCode
  Field required [type=missing, input_value={}, input_type=dict]
    For further information visit https://errors.pydantic.dev/2.8/v/missing
distribution
  Field required [type=missing, input_value={}, input_type=dict]
    For further information visit https://errors.pydantic.dev/2.8/v/missing
theme
  Field required [type=missing, input_value={}, input_type=dict]
    For further information visit https://errors.pydantic.dev/2.8/v/missing
2024-08-23 12:40:38 - ERROR - Validation error for dataset: Unknown title
Traceback (most recent call last):
  File "C:\Users\edmun\Projects\Repositories\healthpartners-interview\src\healthpartners_interview\download.py", line 31, in fetch_datasets
    dataset = Dataset(**current_item)
              ^^^^^^^^^^^^^^^^^^^^^^^
  File "C:\Users\edmun\Projects\Repositories\healthpartners-interview\.venv\Lib\site-packages\pydantic\main.py", line 193, in __init__
    self.__pydantic_validator__.validate_python(data, self_instance=self)
pydantic_core._pydantic_core.ValidationError: 16 validation errors for Dataset
accessLevel
  Field required [type=missing, input_value={}, input_type=dict]
    For further information visit https://errors.pydantic.dev/2.8/v/missing
landingPage
  Field required [type=missing, input_value={}, input_type=dict]
    For further information visit https://errors.pydantic.dev/2.8/v/missing
bureauCode
  Field required [type=missing, input_value={}, input_type=dict]
    For further information visit https://errors.pydantic.dev/2.8/v/missing
issued
  Field required [type=missing, input_value={}, input_type=dict]
    For further information visit https://errors.pydantic.dev/2.8/v/missing
@type
  Field required [type=missing, input_value={}, input_type=dict]
    For further information visit https://errors.pydantic.dev/2.8/v/missing
modified
  Field required [type=missing, input_value={}, input_type=dict]
    For further information visit https://errors.pydantic.dev/2.8/v/missing
released
  Field required [type=missing, input_value={}, input_type=dict]
    For further information visit https://errors.pydantic.dev/2.8/v/missing
keyword
  Field required [type=missing, input_value={}, input_type=dict]
    For further information visit https://errors.pydantic.dev/2.8/v/missing
contactPoint
  Field required [type=missing, input_value={}, input_type=dict]
    For further information visit https://errors.pydantic.dev/2.8/v/missing
publisher
  Field required [type=missing, input_value={}, input_type=dict]
    For further information visit https://errors.pydantic.dev/2.8/v/missing
identifier
  Field required [type=missing, input_value={}, input_type=dict]
    For further information visit https://errors.pydantic.dev/2.8/v/missing
description
  Field required [type=missing, input_value={}, input_type=dict]
    For further information visit https://errors.pydantic.dev/2.8/v/missing
title
  Field required [type=missing, input_value={}, input_type=dict]
    For further information visit https://errors.pydantic.dev/2.8/v/missing
programCode
  Field required [type=missing, input_value={}, input_type=dict]
    For further information visit https://errors.pydantic.dev/2.8/v/missing
distribution
  Field required [type=missing, input_value={}, input_type=dict]
    For further information visit https://errors.pydantic.dev/2.8/v/missing
theme
  Field required [type=missing, input_value={}, input_type=dict]
    For further information visit https://errors.pydantic.dev/2.8/v/missing
2024-08-23 12:40:38 - ERROR - Validation error for dataset: Unknown title
Traceback (most recent call last):
  File "C:\Users\edmun\Projects\Repositories\healthpartners-interview\src\healthpartners_interview\download.py", line 31, in fetch_datasets
    dataset = Dataset(**current_item)
              ^^^^^^^^^^^^^^^^^^^^^^^
  File "C:\Users\edmun\Projects\Repositories\healthpartners-interview\.venv\Lib\site-packages\pydantic\main.py", line 193, in __init__
    self.__pydantic_validator__.validate_python(data, self_instance=self)
pydantic_core._pydantic_core.ValidationError: 16 validation errors for Dataset
accessLevel
  Field required [type=missing, input_value={'item': 'theme'}, input_type=dict]
    For further information visit https://errors.pydantic.dev/2.8/v/missing
landingPage
  Field required [type=missing, input_value={'item': 'theme'}, input_type=dict]
    For further information visit https://errors.pydantic.dev/2.8/v/missing
bureauCode
  Field required [type=missing, input_value={'item': 'theme'}, input_type=dict]
    For further information visit https://errors.pydantic.dev/2.8/v/missing
issued
  Field required [type=missing, input_value={'item': 'theme'}, input_type=dict]
    For further information visit https://errors.pydantic.dev/2.8/v/missing
@type
  Field required [type=missing, input_value={'item': 'theme'}, input_type=dict]
    For further information visit https://errors.pydantic.dev/2.8/v/missing
modified
  Field required [type=missing, input_value={'item': 'theme'}, input_type=dict]
    For further information visit https://errors.pydantic.dev/2.8/v/missing
released
  Field required [type=missing, input_value={'item': 'theme'}, input_type=dict]
    For further information visit https://errors.pydantic.dev/2.8/v/missing
keyword
  Field required [type=missing, input_value={'item': 'theme'}, input_type=dict]
    For further information visit https://errors.pydantic.dev/2.8/v/missing
contactPoint
  Field required [type=missing, input_value={'item': 'theme'}, input_type=dict]
    For further information visit https://errors.pydantic.dev/2.8/v/missing
publisher
  Field required [type=missing, input_value={'item': 'theme'}, input_type=dict]
    For further information visit https://errors.pydantic.dev/2.8/v/missing
identifier
  Field required [type=missing, input_value={'item': 'theme'}, input_type=dict]
    For further information visit https://errors.pydantic.dev/2.8/v/missing
description
  Field required [type=missing, input_value={'item': 'theme'}, input_type=dict]
    For further information visit https://errors.pydantic.dev/2.8/v/missing
title
  Field required [type=missing, input_value={'item': 'theme'}, input_type=dict]
    For further information visit https://errors.pydantic.dev/2.8/v/missing
programCode
  Field required [type=missing, input_value={'item': 'theme'}, input_type=dict]
    For further information visit https://errors.pydantic.dev/2.8/v/missing
distribution
  Field required [type=missing, input_value={'item': 'theme'}, input_type=dict]
    For further information visit https://errors.pydantic.dev/2.8/v/missing
theme
  Field required [type=missing, input_value={'item': 'theme'}, input_type=dict]
    For further information visit https://errors.pydantic.dev/2.8/v/missing
2024-08-23 12:40:38 - ERROR - Validation error for dataset: Unknown title
Traceback (most recent call last):
  File "C:\Users\edmun\Projects\Repositories\healthpartners-interview\src\healthpartners_interview\download.py", line 31, in fetch_datasets
    dataset = Dataset(**current_item)
              ^^^^^^^^^^^^^^^^^^^^^^^
  File "C:\Users\edmun\Projects\Repositories\healthpartners-interview\.venv\Lib\site-packages\pydantic\main.py", line 193, in __init__
    self.__pydantic_validator__.validate_python(data, self_instance=self)
pydantic_core._pydantic_core.ValidationError: 16 validation errors for Dataset
accessLevel
  Field required [type=missing, input_value={}, input_type=dict]
    For further information visit https://errors.pydantic.dev/2.8/v/missing
landingPage
  Field required [type=missing, input_value={}, input_type=dict]
    For further information visit https://errors.pydantic.dev/2.8/v/missing
bureauCode
  Field required [type=missing, input_value={}, input_type=dict]
    For further information visit https://errors.pydantic.dev/2.8/v/missing
issued
  Field required [type=missing, input_value={}, input_type=dict]
    For further information visit https://errors.pydantic.dev/2.8/v/missing
@type
  Field required [type=missing, input_value={}, input_type=dict]
    For further information visit https://errors.pydantic.dev/2.8/v/missing
modified
  Field required [type=missing, input_value={}, input_type=dict]
    For further information visit https://errors.pydantic.dev/2.8/v/missing
released
  Field required [type=missing, input_value={}, input_type=dict]
    For further information visit https://errors.pydantic.dev/2.8/v/missing
keyword
  Field required [type=missing, input_value={}, input_type=dict]
    For further information visit https://errors.pydantic.dev/2.8/v/missing
contactPoint
  Field required [type=missing, input_value={}, input_type=dict]
    For further information visit https://errors.pydantic.dev/2.8/v/missing
publisher
  Field required [type=missing, input_value={}, input_type=dict]
    For further information visit https://errors.pydantic.dev/2.8/v/missing
identifier
  Field required [type=missing, input_value={}, input_type=dict]
    For further information visit https://errors.pydantic.dev/2.8/v/missing
description
  Field required [type=missing, input_value={}, input_type=dict]
    For further information visit https://errors.pydantic.dev/2.8/v/missing
title
  Field required [type=missing, input_value={}, input_type=dict]
    For further information visit https://errors.pydantic.dev/2.8/v/missing
programCode
  Field required [type=missing, input_value={}, input_type=dict]
    For further information visit https://errors.pydantic.dev/2.8/v/missing
distribution
  Field required [type=missing, input_value={}, input_type=dict]
    For further information visit https://errors.pydantic.dev/2.8/v/missing
theme
  Field required [type=missing, input_value={}, input_type=dict]
    For further information visit https://errors.pydantic.dev/2.8/v/missing
2024-08-23 12:40:38 - ERROR - Validation error for dataset: Unknown title
Traceback (most recent call last):
  File "C:\Users\edmun\Projects\Repositories\healthpartners-interview\src\healthpartners_interview\download.py", line 31, in fetch_datasets
    dataset = Dataset(**current_item)
              ^^^^^^^^^^^^^^^^^^^^^^^
  File "C:\Users\edmun\Projects\Repositories\healthpartners-interview\.venv\Lib\site-packages\pydantic\main.py", line 193, in __init__
    self.__pydantic_validator__.validate_python(data, self_instance=self)
pydantic_core._pydantic_core.ValidationError: 16 validation errors for Dataset
accessLevel
  Field required [type=missing, input_value={}, input_type=dict]
    For further information visit https://errors.pydantic.dev/2.8/v/missing
landingPage
  Field required [type=missing, input_value={}, input_type=dict]
    For further information visit https://errors.pydantic.dev/2.8/v/missing
bureauCode
  Field required [type=missing, input_value={}, input_type=dict]
    For further information visit https://errors.pydantic.dev/2.8/v/missing
issued
  Field required [type=missing, input_value={}, input_type=dict]
    For further information visit https://errors.pydantic.dev/2.8/v/missing
@type
  Field required [type=missing, input_value={}, input_type=dict]
    For further information visit https://errors.pydantic.dev/2.8/v/missing
modified
  Field required [type=missing, input_value={}, input_type=dict]
    For further information visit https://errors.pydantic.dev/2.8/v/missing
released
  Field required [type=missing, input_value={}, input_type=dict]
    For further information visit https://errors.pydantic.dev/2.8/v/missing
keyword
  Field required [type=missing, input_value={}, input_type=dict]
    For further information visit https://errors.pydantic.dev/2.8/v/missing
contactPoint
  Field required [type=missing, input_value={}, input_type=dict]
    For further information visit https://errors.pydantic.dev/2.8/v/missing
publisher
  Field required [type=missing, input_value={}, input_type=dict]
    For further information visit https://errors.pydantic.dev/2.8/v/missing
identifier
  Field required [type=missing, input_value={}, input_type=dict]
    For further information visit https://errors.pydantic.dev/2.8/v/missing
description
  Field required [type=missing, input_value={}, input_type=dict]
    For further information visit https://errors.pydantic.dev/2.8/v/missing
title
  Field required [type=missing, input_value={}, input_type=dict]
    For further information visit https://errors.pydantic.dev/2.8/v/missing
programCode
  Field required [type=missing, input_value={}, input_type=dict]
    For further information visit https://errors.pydantic.dev/2.8/v/missing
distribution
  Field required [type=missing, input_value={}, input_type=dict]
    For further information visit https://errors.pydantic.dev/2.8/v/missing
theme
  Field required [type=missing, input_value={}, input_type=dict]
    For further information visit https://errors.pydantic.dev/2.8/v/missing
2024-08-23 12:40:38 - ERROR - Validation error for dataset: Unknown title
Traceback (most recent call last):
  File "C:\Users\edmun\Projects\Repositories\healthpartners-interview\src\healthpartners_interview\download.py", line 31, in fetch_datasets
    dataset = Dataset(**current_item)
              ^^^^^^^^^^^^^^^^^^^^^^^
  File "C:\Users\edmun\Projects\Repositories\healthpartners-interview\.venv\Lib\site-packages\pydantic\main.py", line 193, in __init__
    self.__pydantic_validator__.validate_python(data, self_instance=self)
pydantic_core._pydantic_core.ValidationError: 16 validation errors for Dataset
accessLevel
  Field required [type=missing, input_value={}, input_type=dict]
    For further information visit https://errors.pydantic.dev/2.8/v/missing
landingPage
  Field required [type=missing, input_value={}, input_type=dict]
    For further information visit https://errors.pydantic.dev/2.8/v/missing
bureauCode
  Field required [type=missing, input_value={}, input_type=dict]
    For further information visit https://errors.pydantic.dev/2.8/v/missing
issued
  Field required [type=missing, input_value={}, input_type=dict]
    For further information visit https://errors.pydantic.dev/2.8/v/missing
@type
  Field required [type=missing, input_value={}, input_type=dict]
    For further information visit https://errors.pydantic.dev/2.8/v/missing
modified
  Field required [type=missing, input_value={}, input_type=dict]
    For further information visit https://errors.pydantic.dev/2.8/v/missing
released
  Field required [type=missing, input_value={}, input_type=dict]
    For further information visit https://errors.pydantic.dev/2.8/v/missing
keyword
  Field required [type=missing, input_value={}, input_type=dict]
    For further information visit https://errors.pydantic.dev/2.8/v/missing
contactPoint
  Field required [type=missing, input_value={}, input_type=dict]
    For further information visit https://errors.pydantic.dev/2.8/v/missing
publisher
  Field required [type=missing, input_value={}, input_type=dict]
    For further information visit https://errors.pydantic.dev/2.8/v/missing
identifier
  Field required [type=missing, input_value={}, input_type=dict]
    For further information visit https://errors.pydantic.dev/2.8/v/missing
description
  Field required [type=missing, input_value={}, input_type=dict]
    For further information visit https://errors.pydantic.dev/2.8/v/missing
title
  Field required [type=missing, input_value={}, input_type=dict]
    For further information visit https://errors.pydantic.dev/2.8/v/missing
programCode
  Field required [type=missing, input_value={}, input_type=dict]
    For further information visit https://errors.pydantic.dev/2.8/v/missing
distribution
  Field required [type=missing, input_value={}, input_type=dict]
    For further information visit https://errors.pydantic.dev/2.8/v/missing
theme
  Field required [type=missing, input_value={}, input_type=dict]
    For further information visit https://errors.pydantic.dev/2.8/v/missing
2024-08-23 12:40:38 - ERROR - Validation error for dataset: Unknown title
Traceback (most recent call last):
  File "C:\Users\edmun\Projects\Repositories\healthpartners-interview\src\healthpartners_interview\download.py", line 31, in fetch_datasets
    dataset = Dataset(**current_item)
              ^^^^^^^^^^^^^^^^^^^^^^^
  File "C:\Users\edmun\Projects\Repositories\healthpartners-interview\.venv\Lib\site-packages\pydantic\main.py", line 193, in __init__
    self.__pydantic_validator__.validate_python(data, self_instance=self)
pydantic_core._pydantic_core.ValidationError: 16 validation errors for Dataset
accessLevel
  Field required [type=missing, input_value={'item': 'archiveExclude'}, input_type=dict]
    For further information visit https://errors.pydantic.dev/2.8/v/missing
landingPage
  Field required [type=missing, input_value={'item': 'archiveExclude'}, input_type=dict]
    For further information visit https://errors.pydantic.dev/2.8/v/missing
bureauCode
  Field required [type=missing, input_value={'item': 'archiveExclude'}, input_type=dict]
    For further information visit https://errors.pydantic.dev/2.8/v/missing
issued
  Field required [type=missing, input_value={'item': 'archiveExclude'}, input_type=dict]
    For further information visit https://errors.pydantic.dev/2.8/v/missing
@type
  Field required [type=missing, input_value={'item': 'archiveExclude'}, input_type=dict]
    For further information visit https://errors.pydantic.dev/2.8/v/missing
modified
  Field required [type=missing, input_value={'item': 'archiveExclude'}, input_type=dict]
    For further information visit https://errors.pydantic.dev/2.8/v/missing
released
  Field required [type=missing, input_value={'item': 'archiveExclude'}, input_type=dict]
    For further information visit https://errors.pydantic.dev/2.8/v/missing
keyword
  Field required [type=missing, input_value={'item': 'archiveExclude'}, input_type=dict]
    For further information visit https://errors.pydantic.dev/2.8/v/missing
contactPoint
  Field required [type=missing, input_value={'item': 'archiveExclude'}, input_type=dict]
    For further information visit https://errors.pydantic.dev/2.8/v/missing
publisher
  Field required [type=missing, input_value={'item': 'archiveExclude'}, input_type=dict]
    For further information visit https://errors.pydantic.dev/2.8/v/missing
identifier
  Field required [type=missing, input_value={'item': 'archiveExclude'}, input_type=dict]
    For further information visit https://errors.pydantic.dev/2.8/v/missing
description
  Field required [type=missing, input_value={'item': 'archiveExclude'}, input_type=dict]
    For further information visit https://errors.pydantic.dev/2.8/v/missing
title
  Field required [type=missing, input_value={'item': 'archiveExclude'}, input_type=dict]
    For further information visit https://errors.pydantic.dev/2.8/v/missing
programCode
  Field required [type=missing, input_value={'item': 'archiveExclude'}, input_type=dict]
    For further information visit https://errors.pydantic.dev/2.8/v/missing
distribution
  Field required [type=missing, input_value={'item': 'archiveExclude'}, input_type=dict]
    For further information visit https://errors.pydantic.dev/2.8/v/missing
theme
  Field required [type=missing, input_value={'item': 'archiveExclude'}, input_type=dict]
    For further information visit https://errors.pydantic.dev/2.8/v/missing
2024-08-23 12:40:38 - ERROR - Validation error for dataset: Unknown title
Traceback (most recent call last):
  File "C:\Users\edmun\Projects\Repositories\healthpartners-interview\src\healthpartners_interview\download.py", line 31, in fetch_datasets
    dataset = Dataset(**current_item)
              ^^^^^^^^^^^^^^^^^^^^^^^
  File "C:\Users\edmun\Projects\Repositories\healthpartners-interview\.venv\Lib\site-packages\pydantic\main.py", line 193, in __init__
    self.__pydantic_validator__.validate_python(data, self_instance=self)
pydantic_core._pydantic_core.ValidationError: 16 validation errors for Dataset
accessLevel
  Field required [type=missing, input_value={}, input_type=dict]
    For further information visit https://errors.pydantic.dev/2.8/v/missing
landingPage
  Field required [type=missing, input_value={}, input_type=dict]
    For further information visit https://errors.pydantic.dev/2.8/v/missing
bureauCode
  Field required [type=missing, input_value={}, input_type=dict]
    For further information visit https://errors.pydantic.dev/2.8/v/missing
issued
  Field required [type=missing, input_value={}, input_type=dict]
    For further information visit https://errors.pydantic.dev/2.8/v/missing
@type
  Field required [type=missing, input_value={}, input_type=dict]
    For further information visit https://errors.pydantic.dev/2.8/v/missing
modified
  Field required [type=missing, input_value={}, input_type=dict]
    For further information visit https://errors.pydantic.dev/2.8/v/missing
released
  Field required [type=missing, input_value={}, input_type=dict]
    For further information visit https://errors.pydantic.dev/2.8/v/missing
keyword
  Field required [type=missing, input_value={}, input_type=dict]
    For further information visit https://errors.pydantic.dev/2.8/v/missing
contactPoint
  Field required [type=missing, input_value={}, input_type=dict]
    For further information visit https://errors.pydantic.dev/2.8/v/missing
publisher
  Field required [type=missing, input_value={}, input_type=dict]
    For further information visit https://errors.pydantic.dev/2.8/v/missing
identifier
  Field required [type=missing, input_value={}, input_type=dict]
    For further information visit https://errors.pydantic.dev/2.8/v/missing
description
  Field required [type=missing, input_value={}, input_type=dict]
    For further information visit https://errors.pydantic.dev/2.8/v/missing
title
  Field required [type=missing, input_value={}, input_type=dict]
    For further information visit https://errors.pydantic.dev/2.8/v/missing
programCode
  Field required [type=missing, input_value={}, input_type=dict]
    For further information visit https://errors.pydantic.dev/2.8/v/missing
distribution
  Field required [type=missing, input_value={}, input_type=dict]
    For further information visit https://errors.pydantic.dev/2.8/v/missing
theme
  Field required [type=missing, input_value={}, input_type=dict]
    For further information visit https://errors.pydantic.dev/2.8/v/missing
2024-08-23 12:40:38 - ERROR - Validation error for dataset: Unknown title
Traceback (most recent call last):
  File "C:\Users\edmun\Projects\Repositories\healthpartners-interview\src\healthpartners_interview\download.py", line 31, in fetch_datasets
    dataset = Dataset(**current_item)
              ^^^^^^^^^^^^^^^^^^^^^^^
  File "C:\Users\edmun\Projects\Repositories\healthpartners-interview\.venv\Lib\site-packages\pydantic\main.py", line 193, in __init__
    self.__pydantic_validator__.validate_python(data, self_instance=self)
pydantic_core._pydantic_core.ValidationError: 16 validation errors for Dataset
accessLevel
  Field required [type=missing, input_value={}, input_type=dict]
    For further information visit https://errors.pydantic.dev/2.8/v/missing
landingPage
  Field required [type=missing, input_value={}, input_type=dict]
    For further information visit https://errors.pydantic.dev/2.8/v/missing
bureauCode
  Field required [type=missing, input_value={}, input_type=dict]
    For further information visit https://errors.pydantic.dev/2.8/v/missing
issued
  Field required [type=missing, input_value={}, input_type=dict]
    For further information visit https://errors.pydantic.dev/2.8/v/missing
@type
  Field required [type=missing, input_value={}, input_type=dict]
    For further information visit https://errors.pydantic.dev/2.8/v/missing
modified
  Field required [type=missing, input_value={}, input_type=dict]
    For further information visit https://errors.pydantic.dev/2.8/v/missing
released
  Field required [type=missing, input_value={}, input_type=dict]
    For further information visit https://errors.pydantic.dev/2.8/v/missing
keyword
  Field required [type=missing, input_value={}, input_type=dict]
    For further information visit https://errors.pydantic.dev/2.8/v/missing
contactPoint
  Field required [type=missing, input_value={}, input_type=dict]
    For further information visit https://errors.pydantic.dev/2.8/v/missing
publisher
  Field required [type=missing, input_value={}, input_type=dict]
    For further information visit https://errors.pydantic.dev/2.8/v/missing
identifier
  Field required [type=missing, input_value={}, input_type=dict]
    For further information visit https://errors.pydantic.dev/2.8/v/missing
description
  Field required [type=missing, input_value={}, input_type=dict]
    For further information visit https://errors.pydantic.dev/2.8/v/missing
title
  Field required [type=missing, input_value={}, input_type=dict]
    For further information visit https://errors.pydantic.dev/2.8/v/missing
programCode
  Field required [type=missing, input_value={}, input_type=dict]
    For further information visit https://errors.pydantic.dev/2.8/v/missing
distribution
  Field required [type=missing, input_value={}, input_type=dict]
    For further information visit https://errors.pydantic.dev/2.8/v/missing
theme
  Field required [type=missing, input_value={}, input_type=dict]
    For further information visit https://errors.pydantic.dev/2.8/v/missing
2024-08-23 12:40:38 - ERROR - Validation error for dataset: Unknown title
Traceback (most recent call last):
  File "C:\Users\edmun\Projects\Repositories\healthpartners-interview\src\healthpartners_interview\download.py", line 31, in fetch_datasets
    dataset = Dataset(**current_item)
              ^^^^^^^^^^^^^^^^^^^^^^^
  File "C:\Users\edmun\Projects\Repositories\healthpartners-interview\.venv\Lib\site-packages\pydantic\main.py", line 193, in __init__
    self.__pydantic_validator__.validate_python(data, self_instance=self)
pydantic_core._pydantic_core.ValidationError: 16 validation errors for Dataset
accessLevel
  Field required [type=missing, input_value={}, input_type=dict]
    For further information visit https://errors.pydantic.dev/2.8/v/missing
landingPage
  Field required [type=missing, input_value={}, input_type=dict]
    For further information visit https://errors.pydantic.dev/2.8/v/missing
bureauCode
  Field required [type=missing, input_value={}, input_type=dict]
    For further information visit https://errors.pydantic.dev/2.8/v/missing
issued
  Field required [type=missing, input_value={}, input_type=dict]
    For further information visit https://errors.pydantic.dev/2.8/v/missing
@type
  Field required [type=missing, input_value={}, input_type=dict]
    For further information visit https://errors.pydantic.dev/2.8/v/missing
modified
  Field required [type=missing, input_value={}, input_type=dict]
    For further information visit https://errors.pydantic.dev/2.8/v/missing
released
  Field required [type=missing, input_value={}, input_type=dict]
    For further information visit https://errors.pydantic.dev/2.8/v/missing
keyword
  Field required [type=missing, input_value={}, input_type=dict]
    For further information visit https://errors.pydantic.dev/2.8/v/missing
contactPoint
  Field required [type=missing, input_value={}, input_type=dict]
    For further information visit https://errors.pydantic.dev/2.8/v/missing
publisher
  Field required [type=missing, input_value={}, input_type=dict]
    For further information visit https://errors.pydantic.dev/2.8/v/missing
identifier
  Field required [type=missing, input_value={}, input_type=dict]
    For further information visit https://errors.pydantic.dev/2.8/v/missing
description
  Field required [type=missing, input_value={}, input_type=dict]
    For further information visit https://errors.pydantic.dev/2.8/v/missing
title
  Field required [type=missing, input_value={}, input_type=dict]
    For further information visit https://errors.pydantic.dev/2.8/v/missing
programCode
  Field required [type=missing, input_value={}, input_type=dict]
    For further information visit https://errors.pydantic.dev/2.8/v/missing
distribution
  Field required [type=missing, input_value={}, input_type=dict]
    For further information visit https://errors.pydantic.dev/2.8/v/missing
theme
  Field required [type=missing, input_value={}, input_type=dict]
    For further information visit https://errors.pydantic.dev/2.8/v/missing
2024-08-23 12:40:38 - ERROR - Validation error for dataset: Unknown title
Traceback (most recent call last):
  File "C:\Users\edmun\Projects\Repositories\healthpartners-interview\src\healthpartners_interview\download.py", line 31, in fetch_datasets
    dataset = Dataset(**current_item)
              ^^^^^^^^^^^^^^^^^^^^^^^
  File "C:\Users\edmun\Projects\Repositories\healthpartners-interview\.venv\Lib\site-packages\pydantic\main.py", line 193, in __init__
    self.__pydantic_validator__.validate_python(data, self_instance=self)
pydantic_core._pydantic_core.ValidationError: 16 validation errors for Dataset
accessLevel
  Field required [type=missing, input_value={'item': 'archiveExclude'}, input_type=dict]
    For further information visit https://errors.pydantic.dev/2.8/v/missing
landingPage
  Field required [type=missing, input_value={'item': 'archiveExclude'}, input_type=dict]
    For further information visit https://errors.pydantic.dev/2.8/v/missing
bureauCode
  Field required [type=missing, input_value={'item': 'archiveExclude'}, input_type=dict]
    For further information visit https://errors.pydantic.dev/2.8/v/missing
issued
  Field required [type=missing, input_value={'item': 'archiveExclude'}, input_type=dict]
    For further information visit https://errors.pydantic.dev/2.8/v/missing
@type
  Field required [type=missing, input_value={'item': 'archiveExclude'}, input_type=dict]
    For further information visit https://errors.pydantic.dev/2.8/v/missing
modified
  Field required [type=missing, input_value={'item': 'archiveExclude'}, input_type=dict]
    For further information visit https://errors.pydantic.dev/2.8/v/missing
released
  Field required [type=missing, input_value={'item': 'archiveExclude'}, input_type=dict]
    For further information visit https://errors.pydantic.dev/2.8/v/missing
keyword
  Field required [type=missing, input_value={'item': 'archiveExclude'}, input_type=dict]
    For further information visit https://errors.pydantic.dev/2.8/v/missing
contactPoint
  Field required [type=missing, input_value={'item': 'archiveExclude'}, input_type=dict]
    For further information visit https://errors.pydantic.dev/2.8/v/missing
publisher
  Field required [type=missing, input_value={'item': 'archiveExclude'}, input_type=dict]
    For further information visit https://errors.pydantic.dev/2.8/v/missing
identifier
  Field required [type=missing, input_value={'item': 'archiveExclude'}, input_type=dict]
    For further information visit https://errors.pydantic.dev/2.8/v/missing
description
  Field required [type=missing, input_value={'item': 'archiveExclude'}, input_type=dict]
    For further information visit https://errors.pydantic.dev/2.8/v/missing
title
  Field required [type=missing, input_value={'item': 'archiveExclude'}, input_type=dict]
    For further information visit https://errors.pydantic.dev/2.8/v/missing
programCode
  Field required [type=missing, input_value={'item': 'archiveExclude'}, input_type=dict]
    For further information visit https://errors.pydantic.dev/2.8/v/missing
distribution
  Field required [type=missing, input_value={'item': 'archiveExclude'}, input_type=dict]
    For further information visit https://errors.pydantic.dev/2.8/v/missing
theme
  Field required [type=missing, input_value={'item': 'archiveExclude'}, input_type=dict]
    For further information visit https://errors.pydantic.dev/2.8/v/missing
2024-08-23 12:40:38 - ERROR - Validation error for dataset: Unknown title
Traceback (most recent call last):
  File "C:\Users\edmun\Projects\Repositories\healthpartners-interview\src\healthpartners_interview\download.py", line 31, in fetch_datasets
    dataset = Dataset(**current_item)
              ^^^^^^^^^^^^^^^^^^^^^^^
  File "C:\Users\edmun\Projects\Repositories\healthpartners-interview\.venv\Lib\site-packages\pydantic\main.py", line 193, in __init__
    self.__pydantic_validator__.validate_python(data, self_instance=self)
pydantic_core._pydantic_core.ValidationError: 16 validation errors for Dataset
accessLevel
  Field required [type=missing, input_value={}, input_type=dict]
    For further information visit https://errors.pydantic.dev/2.8/v/missing
landingPage
  Field required [type=missing, input_value={}, input_type=dict]
    For further information visit https://errors.pydantic.dev/2.8/v/missing
bureauCode
  Field required [type=missing, input_value={}, input_type=dict]
    For further information visit https://errors.pydantic.dev/2.8/v/missing
issued
  Field required [type=missing, input_value={}, input_type=dict]
    For further information visit https://errors.pydantic.dev/2.8/v/missing
@type
  Field required [type=missing, input_value={}, input_type=dict]
    For further information visit https://errors.pydantic.dev/2.8/v/missing
modified
  Field required [type=missing, input_value={}, input_type=dict]
    For further information visit https://errors.pydantic.dev/2.8/v/missing
released
  Field required [type=missing, input_value={}, input_type=dict]
    For further information visit https://errors.pydantic.dev/2.8/v/missing
keyword
  Field required [type=missing, input_value={}, input_type=dict]
    For further information visit https://errors.pydantic.dev/2.8/v/missing
contactPoint
  Field required [type=missing, input_value={}, input_type=dict]
    For further information visit https://errors.pydantic.dev/2.8/v/missing
publisher
  Field required [type=missing, input_value={}, input_type=dict]
    For further information visit https://errors.pydantic.dev/2.8/v/missing
identifier
  Field required [type=missing, input_value={}, input_type=dict]
    For further information visit https://errors.pydantic.dev/2.8/v/missing
description
  Field required [type=missing, input_value={}, input_type=dict]
    For further information visit https://errors.pydantic.dev/2.8/v/missing
title
  Field required [type=missing, input_value={}, input_type=dict]
    For further information visit https://errors.pydantic.dev/2.8/v/missing
programCode
  Field required [type=missing, input_value={}, input_type=dict]
    For further information visit https://errors.pydantic.dev/2.8/v/missing
distribution
  Field required [type=missing, input_value={}, input_type=dict]
    For further information visit https://errors.pydantic.dev/2.8/v/missing
theme
  Field required [type=missing, input_value={}, input_type=dict]
    For further information visit https://errors.pydantic.dev/2.8/v/missing
2024-08-23 12:40:38 - ERROR - Validation error for dataset: Unknown title
Traceback (most recent call last):
  File "C:\Users\edmun\Projects\Repositories\healthpartners-interview\src\healthpartners_interview\download.py", line 31, in fetch_datasets
    dataset = Dataset(**current_item)
              ^^^^^^^^^^^^^^^^^^^^^^^
  File "C:\Users\edmun\Projects\Repositories\healthpartners-interview\.venv\Lib\site-packages\pydantic\main.py", line 193, in __init__
    self.__pydantic_validator__.validate_python(data, self_instance=self)
pydantic_core._pydantic_core.ValidationError: 16 validation errors for Dataset
accessLevel
  Field required [type=missing, input_value={}, input_type=dict]
    For further information visit https://errors.pydantic.dev/2.8/v/missing
landingPage
  Field required [type=missing, input_value={}, input_type=dict]
    For further information visit https://errors.pydantic.dev/2.8/v/missing
bureauCode
  Field required [type=missing, input_value={}, input_type=dict]
    For further information visit https://errors.pydantic.dev/2.8/v/missing
issued
  Field required [type=missing, input_value={}, input_type=dict]
    For further information visit https://errors.pydantic.dev/2.8/v/missing
@type
  Field required [type=missing, input_value={}, input_type=dict]
    For further information visit https://errors.pydantic.dev/2.8/v/missing
modified
  Field required [type=missing, input_value={}, input_type=dict]
    For further information visit https://errors.pydantic.dev/2.8/v/missing
released
  Field required [type=missing, input_value={}, input_type=dict]
    For further information visit https://errors.pydantic.dev/2.8/v/missing
keyword
  Field required [type=missing, input_value={}, input_type=dict]
    For further information visit https://errors.pydantic.dev/2.8/v/missing
contactPoint
  Field required [type=missing, input_value={}, input_type=dict]
    For further information visit https://errors.pydantic.dev/2.8/v/missing
publisher
  Field required [type=missing, input_value={}, input_type=dict]
    For further information visit https://errors.pydantic.dev/2.8/v/missing
identifier
  Field required [type=missing, input_value={}, input_type=dict]
    For further information visit https://errors.pydantic.dev/2.8/v/missing
description
  Field required [type=missing, input_value={}, input_type=dict]
    For further information visit https://errors.pydantic.dev/2.8/v/missing
title
  Field required [type=missing, input_value={}, input_type=dict]
    For further information visit https://errors.pydantic.dev/2.8/v/missing
programCode
  Field required [type=missing, input_value={}, input_type=dict]
    For further information visit https://errors.pydantic.dev/2.8/v/missing
distribution
  Field required [type=missing, input_value={}, input_type=dict]
    For further information visit https://errors.pydantic.dev/2.8/v/missing
theme
  Field required [type=missing, input_value={}, input_type=dict]
    For further information visit https://errors.pydantic.dev/2.8/v/missing
2024-08-23 12:40:38 - ERROR - Validation error for dataset: Unknown title
Traceback (most recent call last):
  File "C:\Users\edmun\Projects\Repositories\healthpartners-interview\src\healthpartners_interview\download.py", line 31, in fetch_datasets
    dataset = Dataset(**current_item)
              ^^^^^^^^^^^^^^^^^^^^^^^
  File "C:\Users\edmun\Projects\Repositories\healthpartners-interview\.venv\Lib\site-packages\pydantic\main.py", line 193, in __init__
    self.__pydantic_validator__.validate_python(data, self_instance=self)
pydantic_core._pydantic_core.ValidationError: 16 validation errors for Dataset
accessLevel
  Field required [type=missing, input_value={}, input_type=dict]
    For further information visit https://errors.pydantic.dev/2.8/v/missing
landingPage
  Field required [type=missing, input_value={}, input_type=dict]
    For further information visit https://errors.pydantic.dev/2.8/v/missing
bureauCode
  Field required [type=missing, input_value={}, input_type=dict]
    For further information visit https://errors.pydantic.dev/2.8/v/missing
issued
  Field required [type=missing, input_value={}, input_type=dict]
    For further information visit https://errors.pydantic.dev/2.8/v/missing
@type
  Field required [type=missing, input_value={}, input_type=dict]
    For further information visit https://errors.pydantic.dev/2.8/v/missing
modified
  Field required [type=missing, input_value={}, input_type=dict]
    For further information visit https://errors.pydantic.dev/2.8/v/missing
released
  Field required [type=missing, input_value={}, input_type=dict]
    For further information visit https://errors.pydantic.dev/2.8/v/missing
keyword
  Field required [type=missing, input_value={}, input_type=dict]
    For further information visit https://errors.pydantic.dev/2.8/v/missing
contactPoint
  Field required [type=missing, input_value={}, input_type=dict]
    For further information visit https://errors.pydantic.dev/2.8/v/missing
publisher
  Field required [type=missing, input_value={}, input_type=dict]
    For further information visit https://errors.pydantic.dev/2.8/v/missing
identifier
  Field required [type=missing, input_value={}, input_type=dict]
    For further information visit https://errors.pydantic.dev/2.8/v/missing
description
  Field required [type=missing, input_value={}, input_type=dict]
    For further information visit https://errors.pydantic.dev/2.8/v/missing
title
  Field required [type=missing, input_value={}, input_type=dict]
    For further information visit https://errors.pydantic.dev/2.8/v/missing
programCode
  Field required [type=missing, input_value={}, input_type=dict]
    For further information visit https://errors.pydantic.dev/2.8/v/missing
distribution
  Field required [type=missing, input_value={}, input_type=dict]
    For further information visit https://errors.pydantic.dev/2.8/v/missing
theme
  Field required [type=missing, input_value={}, input_type=dict]
    For further information visit https://errors.pydantic.dev/2.8/v/missing
2024-08-23 12:40:38 - ERROR - Validation error for dataset: Unknown title
Traceback (most recent call last):
  File "C:\Users\edmun\Projects\Repositories\healthpartners-interview\src\healthpartners_interview\download.py", line 31, in fetch_datasets
    dataset = Dataset(**current_item)
              ^^^^^^^^^^^^^^^^^^^^^^^
  File "C:\Users\edmun\Projects\Repositories\healthpartners-interview\.venv\Lib\site-packages\pydantic\main.py", line 193, in __init__
    self.__pydantic_validator__.validate_python(data, self_instance=self)
pydantic_core._pydantic_core.ValidationError: 16 validation errors for Dataset
accessLevel
  Field required [type=missing, input_value={'item': 'theme'}, input_type=dict]
    For further information visit https://errors.pydantic.dev/2.8/v/missing
landingPage
  Field required [type=missing, input_value={'item': 'theme'}, input_type=dict]
    For further information visit https://errors.pydantic.dev/2.8/v/missing
bureauCode
  Field required [type=missing, input_value={'item': 'theme'}, input_type=dict]
    For further information visit https://errors.pydantic.dev/2.8/v/missing
issued
  Field required [type=missing, input_value={'item': 'theme'}, input_type=dict]
    For further information visit https://errors.pydantic.dev/2.8/v/missing
@type
  Field required [type=missing, input_value={'item': 'theme'}, input_type=dict]
    For further information visit https://errors.pydantic.dev/2.8/v/missing
modified
  Field required [type=missing, input_value={'item': 'theme'}, input_type=dict]
    For further information visit https://errors.pydantic.dev/2.8/v/missing
released
  Field required [type=missing, input_value={'item': 'theme'}, input_type=dict]
    For further information visit https://errors.pydantic.dev/2.8/v/missing
keyword
  Field required [type=missing, input_value={'item': 'theme'}, input_type=dict]
    For further information visit https://errors.pydantic.dev/2.8/v/missing
contactPoint
  Field required [type=missing, input_value={'item': 'theme'}, input_type=dict]
    For further information visit https://errors.pydantic.dev/2.8/v/missing
publisher
  Field required [type=missing, input_value={'item': 'theme'}, input_type=dict]
    For further information visit https://errors.pydantic.dev/2.8/v/missing
identifier
  Field required [type=missing, input_value={'item': 'theme'}, input_type=dict]
    For further information visit https://errors.pydantic.dev/2.8/v/missing
description
  Field required [type=missing, input_value={'item': 'theme'}, input_type=dict]
    For further information visit https://errors.pydantic.dev/2.8/v/missing
title
  Field required [type=missing, input_value={'item': 'theme'}, input_type=dict]
    For further information visit https://errors.pydantic.dev/2.8/v/missing
programCode
  Field required [type=missing, input_value={'item': 'theme'}, input_type=dict]
    For further information visit https://errors.pydantic.dev/2.8/v/missing
distribution
  Field required [type=missing, input_value={'item': 'theme'}, input_type=dict]
    For further information visit https://errors.pydantic.dev/2.8/v/missing
theme
  Field required [type=missing, input_value={'item': 'theme'}, input_type=dict]
    For further information visit https://errors.pydantic.dev/2.8/v/missing
2024-08-23 12:40:38 - ERROR - Validation error for dataset: Unknown title
Traceback (most recent call last):
  File "C:\Users\edmun\Projects\Repositories\healthpartners-interview\src\healthpartners_interview\download.py", line 31, in fetch_datasets
    dataset = Dataset(**current_item)
              ^^^^^^^^^^^^^^^^^^^^^^^
  File "C:\Users\edmun\Projects\Repositories\healthpartners-interview\.venv\Lib\site-packages\pydantic\main.py", line 193, in __init__
    self.__pydantic_validator__.validate_python(data, self_instance=self)
pydantic_core._pydantic_core.ValidationError: 16 validation errors for Dataset
accessLevel
  Field required [type=missing, input_value={}, input_type=dict]
    For further information visit https://errors.pydantic.dev/2.8/v/missing
landingPage
  Field required [type=missing, input_value={}, input_type=dict]
    For further information visit https://errors.pydantic.dev/2.8/v/missing
bureauCode
  Field required [type=missing, input_value={}, input_type=dict]
    For further information visit https://errors.pydantic.dev/2.8/v/missing
issued
  Field required [type=missing, input_value={}, input_type=dict]
    For further information visit https://errors.pydantic.dev/2.8/v/missing
@type
  Field required [type=missing, input_value={}, input_type=dict]
    For further information visit https://errors.pydantic.dev/2.8/v/missing
modified
  Field required [type=missing, input_value={}, input_type=dict]
    For further information visit https://errors.pydantic.dev/2.8/v/missing
released
  Field required [type=missing, input_value={}, input_type=dict]
    For further information visit https://errors.pydantic.dev/2.8/v/missing
keyword
  Field required [type=missing, input_value={}, input_type=dict]
    For further information visit https://errors.pydantic.dev/2.8/v/missing
contactPoint
  Field required [type=missing, input_value={}, input_type=dict]
    For further information visit https://errors.pydantic.dev/2.8/v/missing
publisher
  Field required [type=missing, input_value={}, input_type=dict]
    For further information visit https://errors.pydantic.dev/2.8/v/missing
identifier
  Field required [type=missing, input_value={}, input_type=dict]
    For further information visit https://errors.pydantic.dev/2.8/v/missing
description
  Field required [type=missing, input_value={}, input_type=dict]
    For further information visit https://errors.pydantic.dev/2.8/v/missing
title
  Field required [type=missing, input_value={}, input_type=dict]
    For further information visit https://errors.pydantic.dev/2.8/v/missing
programCode
  Field required [type=missing, input_value={}, input_type=dict]
    For further information visit https://errors.pydantic.dev/2.8/v/missing
distribution
  Field required [type=missing, input_value={}, input_type=dict]
    For further information visit https://errors.pydantic.dev/2.8/v/missing
theme
  Field required [type=missing, input_value={}, input_type=dict]
    For further information visit https://errors.pydantic.dev/2.8/v/missing
2024-08-23 12:40:38 - ERROR - Validation error for dataset: Unknown title
Traceback (most recent call last):
  File "C:\Users\edmun\Projects\Repositories\healthpartners-interview\src\healthpartners_interview\download.py", line 31, in fetch_datasets
    dataset = Dataset(**current_item)
              ^^^^^^^^^^^^^^^^^^^^^^^
  File "C:\Users\edmun\Projects\Repositories\healthpartners-interview\.venv\Lib\site-packages\pydantic\main.py", line 193, in __init__
    self.__pydantic_validator__.validate_python(data, self_instance=self)
pydantic_core._pydantic_core.ValidationError: 16 validation errors for Dataset
accessLevel
  Field required [type=missing, input_value={}, input_type=dict]
    For further information visit https://errors.pydantic.dev/2.8/v/missing
landingPage
  Field required [type=missing, input_value={}, input_type=dict]
    For further information visit https://errors.pydantic.dev/2.8/v/missing
bureauCode
  Field required [type=missing, input_value={}, input_type=dict]
    For further information visit https://errors.pydantic.dev/2.8/v/missing
issued
  Field required [type=missing, input_value={}, input_type=dict]
    For further information visit https://errors.pydantic.dev/2.8/v/missing
@type
  Field required [type=missing, input_value={}, input_type=dict]
    For further information visit https://errors.pydantic.dev/2.8/v/missing
modified
  Field required [type=missing, input_value={}, input_type=dict]
    For further information visit https://errors.pydantic.dev/2.8/v/missing
released
  Field required [type=missing, input_value={}, input_type=dict]
    For further information visit https://errors.pydantic.dev/2.8/v/missing
keyword
  Field required [type=missing, input_value={}, input_type=dict]
    For further information visit https://errors.pydantic.dev/2.8/v/missing
contactPoint
  Field required [type=missing, input_value={}, input_type=dict]
    For further information visit https://errors.pydantic.dev/2.8/v/missing
publisher
  Field required [type=missing, input_value={}, input_type=dict]
    For further information visit https://errors.pydantic.dev/2.8/v/missing
identifier
  Field required [type=missing, input_value={}, input_type=dict]
    For further information visit https://errors.pydantic.dev/2.8/v/missing
description
  Field required [type=missing, input_value={}, input_type=dict]
    For further information visit https://errors.pydantic.dev/2.8/v/missing
title
  Field required [type=missing, input_value={}, input_type=dict]
    For further information visit https://errors.pydantic.dev/2.8/v/missing
programCode
  Field required [type=missing, input_value={}, input_type=dict]
    For further information visit https://errors.pydantic.dev/2.8/v/missing
distribution
  Field required [type=missing, input_value={}, input_type=dict]
    For further information visit https://errors.pydantic.dev/2.8/v/missing
theme
  Field required [type=missing, input_value={}, input_type=dict]
    For further information visit https://errors.pydantic.dev/2.8/v/missing
2024-08-23 12:40:38 - ERROR - Validation error for dataset: Unknown title
Traceback (most recent call last):
  File "C:\Users\edmun\Projects\Repositories\healthpartners-interview\src\healthpartners_interview\download.py", line 31, in fetch_datasets
    dataset = Dataset(**current_item)
              ^^^^^^^^^^^^^^^^^^^^^^^
  File "C:\Users\edmun\Projects\Repositories\healthpartners-interview\.venv\Lib\site-packages\pydantic\main.py", line 193, in __init__
    self.__pydantic_validator__.validate_python(data, self_instance=self)
pydantic_core._pydantic_core.ValidationError: 16 validation errors for Dataset
accessLevel
  Field required [type=missing, input_value={}, input_type=dict]
    For further information visit https://errors.pydantic.dev/2.8/v/missing
landingPage
  Field required [type=missing, input_value={}, input_type=dict]
    For further information visit https://errors.pydantic.dev/2.8/v/missing
bureauCode
  Field required [type=missing, input_value={}, input_type=dict]
    For further information visit https://errors.pydantic.dev/2.8/v/missing
issued
  Field required [type=missing, input_value={}, input_type=dict]
    For further information visit https://errors.pydantic.dev/2.8/v/missing
@type
  Field required [type=missing, input_value={}, input_type=dict]
    For further information visit https://errors.pydantic.dev/2.8/v/missing
modified
  Field required [type=missing, input_value={}, input_type=dict]
    For further information visit https://errors.pydantic.dev/2.8/v/missing
released
  Field required [type=missing, input_value={}, input_type=dict]
    For further information visit https://errors.pydantic.dev/2.8/v/missing
keyword
  Field required [type=missing, input_value={}, input_type=dict]
    For further information visit https://errors.pydantic.dev/2.8/v/missing
contactPoint
  Field required [type=missing, input_value={}, input_type=dict]
    For further information visit https://errors.pydantic.dev/2.8/v/missing
publisher
  Field required [type=missing, input_value={}, input_type=dict]
    For further information visit https://errors.pydantic.dev/2.8/v/missing
identifier
  Field required [type=missing, input_value={}, input_type=dict]
    For further information visit https://errors.pydantic.dev/2.8/v/missing
description
  Field required [type=missing, input_value={}, input_type=dict]
    For further information visit https://errors.pydantic.dev/2.8/v/missing
title
  Field required [type=missing, input_value={}, input_type=dict]
    For further information visit https://errors.pydantic.dev/2.8/v/missing
programCode
  Field required [type=missing, input_value={}, input_type=dict]
    For further information visit https://errors.pydantic.dev/2.8/v/missing
distribution
  Field required [type=missing, input_value={}, input_type=dict]
    For further information visit https://errors.pydantic.dev/2.8/v/missing
theme
  Field required [type=missing, input_value={}, input_type=dict]
    For further information visit https://errors.pydantic.dev/2.8/v/missing
2024-08-23 12:40:38 - ERROR - Validation error for dataset: Unknown title
Traceback (most recent call last):
  File "C:\Users\edmun\Projects\Repositories\healthpartners-interview\src\healthpartners_interview\download.py", line 31, in fetch_datasets
    dataset = Dataset(**current_item)
              ^^^^^^^^^^^^^^^^^^^^^^^
  File "C:\Users\edmun\Projects\Repositories\healthpartners-interview\.venv\Lib\site-packages\pydantic\main.py", line 193, in __init__
    self.__pydantic_validator__.validate_python(data, self_instance=self)
pydantic_core._pydantic_core.ValidationError: 16 validation errors for Dataset
accessLevel
  Field required [type=missing, input_value={'item': 'theme'}, input_type=dict]
    For further information visit https://errors.pydantic.dev/2.8/v/missing
landingPage
  Field required [type=missing, input_value={'item': 'theme'}, input_type=dict]
    For further information visit https://errors.pydantic.dev/2.8/v/missing
bureauCode
  Field required [type=missing, input_value={'item': 'theme'}, input_type=dict]
    For further information visit https://errors.pydantic.dev/2.8/v/missing
issued
  Field required [type=missing, input_value={'item': 'theme'}, input_type=dict]
    For further information visit https://errors.pydantic.dev/2.8/v/missing
@type
  Field required [type=missing, input_value={'item': 'theme'}, input_type=dict]
    For further information visit https://errors.pydantic.dev/2.8/v/missing
modified
  Field required [type=missing, input_value={'item': 'theme'}, input_type=dict]
    For further information visit https://errors.pydantic.dev/2.8/v/missing
released
  Field required [type=missing, input_value={'item': 'theme'}, input_type=dict]
    For further information visit https://errors.pydantic.dev/2.8/v/missing
keyword
  Field required [type=missing, input_value={'item': 'theme'}, input_type=dict]
    For further information visit https://errors.pydantic.dev/2.8/v/missing
contactPoint
  Field required [type=missing, input_value={'item': 'theme'}, input_type=dict]
    For further information visit https://errors.pydantic.dev/2.8/v/missing
publisher
  Field required [type=missing, input_value={'item': 'theme'}, input_type=dict]
    For further information visit https://errors.pydantic.dev/2.8/v/missing
identifier
  Field required [type=missing, input_value={'item': 'theme'}, input_type=dict]
    For further information visit https://errors.pydantic.dev/2.8/v/missing
description
  Field required [type=missing, input_value={'item': 'theme'}, input_type=dict]
    For further information visit https://errors.pydantic.dev/2.8/v/missing
title
  Field required [type=missing, input_value={'item': 'theme'}, input_type=dict]
    For further information visit https://errors.pydantic.dev/2.8/v/missing
programCode
  Field required [type=missing, input_value={'item': 'theme'}, input_type=dict]
    For further information visit https://errors.pydantic.dev/2.8/v/missing
distribution
  Field required [type=missing, input_value={'item': 'theme'}, input_type=dict]
    For further information visit https://errors.pydantic.dev/2.8/v/missing
theme
  Field required [type=missing, input_value={'item': 'theme'}, input_type=dict]
    For further information visit https://errors.pydantic.dev/2.8/v/missing
2024-08-23 12:40:38 - ERROR - Validation error for dataset: Unknown title
Traceback (most recent call last):
  File "C:\Users\edmun\Projects\Repositories\healthpartners-interview\src\healthpartners_interview\download.py", line 31, in fetch_datasets
    dataset = Dataset(**current_item)
              ^^^^^^^^^^^^^^^^^^^^^^^
  File "C:\Users\edmun\Projects\Repositories\healthpartners-interview\.venv\Lib\site-packages\pydantic\main.py", line 193, in __init__
    self.__pydantic_validator__.validate_python(data, self_instance=self)
pydantic_core._pydantic_core.ValidationError: 16 validation errors for Dataset
accessLevel
  Field required [type=missing, input_value={}, input_type=dict]
    For further information visit https://errors.pydantic.dev/2.8/v/missing
landingPage
  Field required [type=missing, input_value={}, input_type=dict]
    For further information visit https://errors.pydantic.dev/2.8/v/missing
bureauCode
  Field required [type=missing, input_value={}, input_type=dict]
    For further information visit https://errors.pydantic.dev/2.8/v/missing
issued
  Field required [type=missing, input_value={}, input_type=dict]
    For further information visit https://errors.pydantic.dev/2.8/v/missing
@type
  Field required [type=missing, input_value={}, input_type=dict]
    For further information visit https://errors.pydantic.dev/2.8/v/missing
modified
  Field required [type=missing, input_value={}, input_type=dict]
    For further information visit https://errors.pydantic.dev/2.8/v/missing
released
  Field required [type=missing, input_value={}, input_type=dict]
    For further information visit https://errors.pydantic.dev/2.8/v/missing
keyword
  Field required [type=missing, input_value={}, input_type=dict]
    For further information visit https://errors.pydantic.dev/2.8/v/missing
contactPoint
  Field required [type=missing, input_value={}, input_type=dict]
    For further information visit https://errors.pydantic.dev/2.8/v/missing
publisher
  Field required [type=missing, input_value={}, input_type=dict]
    For further information visit https://errors.pydantic.dev/2.8/v/missing
identifier
  Field required [type=missing, input_value={}, input_type=dict]
    For further information visit https://errors.pydantic.dev/2.8/v/missing
description
  Field required [type=missing, input_value={}, input_type=dict]
    For further information visit https://errors.pydantic.dev/2.8/v/missing
title
  Field required [type=missing, input_value={}, input_type=dict]
    For further information visit https://errors.pydantic.dev/2.8/v/missing
programCode
  Field required [type=missing, input_value={}, input_type=dict]
    For further information visit https://errors.pydantic.dev/2.8/v/missing
distribution
  Field required [type=missing, input_value={}, input_type=dict]
    For further information visit https://errors.pydantic.dev/2.8/v/missing
theme
  Field required [type=missing, input_value={}, input_type=dict]
    For further information visit https://errors.pydantic.dev/2.8/v/missing
2024-08-23 12:40:38 - ERROR - Validation error for dataset: Unknown title
Traceback (most recent call last):
  File "C:\Users\edmun\Projects\Repositories\healthpartners-interview\src\healthpartners_interview\download.py", line 31, in fetch_datasets
    dataset = Dataset(**current_item)
              ^^^^^^^^^^^^^^^^^^^^^^^
  File "C:\Users\edmun\Projects\Repositories\healthpartners-interview\.venv\Lib\site-packages\pydantic\main.py", line 193, in __init__
    self.__pydantic_validator__.validate_python(data, self_instance=self)
pydantic_core._pydantic_core.ValidationError: 16 validation errors for Dataset
accessLevel
  Field required [type=missing, input_value={}, input_type=dict]
    For further information visit https://errors.pydantic.dev/2.8/v/missing
landingPage
  Field required [type=missing, input_value={}, input_type=dict]
    For further information visit https://errors.pydantic.dev/2.8/v/missing
bureauCode
  Field required [type=missing, input_value={}, input_type=dict]
    For further information visit https://errors.pydantic.dev/2.8/v/missing
issued
  Field required [type=missing, input_value={}, input_type=dict]
    For further information visit https://errors.pydantic.dev/2.8/v/missing
@type
  Field required [type=missing, input_value={}, input_type=dict]
    For further information visit https://errors.pydantic.dev/2.8/v/missing
modified
  Field required [type=missing, input_value={}, input_type=dict]
    For further information visit https://errors.pydantic.dev/2.8/v/missing
released
  Field required [type=missing, input_value={}, input_type=dict]
    For further information visit https://errors.pydantic.dev/2.8/v/missing
keyword
  Field required [type=missing, input_value={}, input_type=dict]
    For further information visit https://errors.pydantic.dev/2.8/v/missing
contactPoint
  Field required [type=missing, input_value={}, input_type=dict]
    For further information visit https://errors.pydantic.dev/2.8/v/missing
publisher
  Field required [type=missing, input_value={}, input_type=dict]
    For further information visit https://errors.pydantic.dev/2.8/v/missing
identifier
  Field required [type=missing, input_value={}, input_type=dict]
    For further information visit https://errors.pydantic.dev/2.8/v/missing
description
  Field required [type=missing, input_value={}, input_type=dict]
    For further information visit https://errors.pydantic.dev/2.8/v/missing
title
  Field required [type=missing, input_value={}, input_type=dict]
    For further information visit https://errors.pydantic.dev/2.8/v/missing
programCode
  Field required [type=missing, input_value={}, input_type=dict]
    For further information visit https://errors.pydantic.dev/2.8/v/missing
distribution
  Field required [type=missing, input_value={}, input_type=dict]
    For further information visit https://errors.pydantic.dev/2.8/v/missing
theme
  Field required [type=missing, input_value={}, input_type=dict]
    For further information visit https://errors.pydantic.dev/2.8/v/missing
2024-08-23 12:40:38 - ERROR - Validation error for dataset: Unknown title
Traceback (most recent call last):
  File "C:\Users\edmun\Projects\Repositories\healthpartners-interview\src\healthpartners_interview\download.py", line 31, in fetch_datasets
    dataset = Dataset(**current_item)
              ^^^^^^^^^^^^^^^^^^^^^^^
  File "C:\Users\edmun\Projects\Repositories\healthpartners-interview\.venv\Lib\site-packages\pydantic\main.py", line 193, in __init__
    self.__pydantic_validator__.validate_python(data, self_instance=self)
pydantic_core._pydantic_core.ValidationError: 16 validation errors for Dataset
accessLevel
  Field required [type=missing, input_value={}, input_type=dict]
    For further information visit https://errors.pydantic.dev/2.8/v/missing
landingPage
  Field required [type=missing, input_value={}, input_type=dict]
    For further information visit https://errors.pydantic.dev/2.8/v/missing
bureauCode
  Field required [type=missing, input_value={}, input_type=dict]
    For further information visit https://errors.pydantic.dev/2.8/v/missing
issued
  Field required [type=missing, input_value={}, input_type=dict]
    For further information visit https://errors.pydantic.dev/2.8/v/missing
@type
  Field required [type=missing, input_value={}, input_type=dict]
    For further information visit https://errors.pydantic.dev/2.8/v/missing
modified
  Field required [type=missing, input_value={}, input_type=dict]
    For further information visit https://errors.pydantic.dev/2.8/v/missing
released
  Field required [type=missing, input_value={}, input_type=dict]
    For further information visit https://errors.pydantic.dev/2.8/v/missing
keyword
  Field required [type=missing, input_value={}, input_type=dict]
    For further information visit https://errors.pydantic.dev/2.8/v/missing
contactPoint
  Field required [type=missing, input_value={}, input_type=dict]
    For further information visit https://errors.pydantic.dev/2.8/v/missing
publisher
  Field required [type=missing, input_value={}, input_type=dict]
    For further information visit https://errors.pydantic.dev/2.8/v/missing
identifier
  Field required [type=missing, input_value={}, input_type=dict]
    For further information visit https://errors.pydantic.dev/2.8/v/missing
description
  Field required [type=missing, input_value={}, input_type=dict]
    For further information visit https://errors.pydantic.dev/2.8/v/missing
title
  Field required [type=missing, input_value={}, input_type=dict]
    For further information visit https://errors.pydantic.dev/2.8/v/missing
programCode
  Field required [type=missing, input_value={}, input_type=dict]
    For further information visit https://errors.pydantic.dev/2.8/v/missing
distribution
  Field required [type=missing, input_value={}, input_type=dict]
    For further information visit https://errors.pydantic.dev/2.8/v/missing
theme
  Field required [type=missing, input_value={}, input_type=dict]
    For further information visit https://errors.pydantic.dev/2.8/v/missing
2024-08-23 12:40:38 - ERROR - Validation error for dataset: Unknown title
Traceback (most recent call last):
  File "C:\Users\edmun\Projects\Repositories\healthpartners-interview\src\healthpartners_interview\download.py", line 31, in fetch_datasets
    dataset = Dataset(**current_item)
              ^^^^^^^^^^^^^^^^^^^^^^^
  File "C:\Users\edmun\Projects\Repositories\healthpartners-interview\.venv\Lib\site-packages\pydantic\main.py", line 193, in __init__
    self.__pydantic_validator__.validate_python(data, self_instance=self)
pydantic_core._pydantic_core.ValidationError: 16 validation errors for Dataset
accessLevel
  Field required [type=missing, input_value={'item': 'theme'}, input_type=dict]
    For further information visit https://errors.pydantic.dev/2.8/v/missing
landingPage
  Field required [type=missing, input_value={'item': 'theme'}, input_type=dict]
    For further information visit https://errors.pydantic.dev/2.8/v/missing
bureauCode
  Field required [type=missing, input_value={'item': 'theme'}, input_type=dict]
    For further information visit https://errors.pydantic.dev/2.8/v/missing
issued
  Field required [type=missing, input_value={'item': 'theme'}, input_type=dict]
    For further information visit https://errors.pydantic.dev/2.8/v/missing
@type
  Field required [type=missing, input_value={'item': 'theme'}, input_type=dict]
    For further information visit https://errors.pydantic.dev/2.8/v/missing
modified
  Field required [type=missing, input_value={'item': 'theme'}, input_type=dict]
    For further information visit https://errors.pydantic.dev/2.8/v/missing
released
  Field required [type=missing, input_value={'item': 'theme'}, input_type=dict]
    For further information visit https://errors.pydantic.dev/2.8/v/missing
keyword
  Field required [type=missing, input_value={'item': 'theme'}, input_type=dict]
    For further information visit https://errors.pydantic.dev/2.8/v/missing
contactPoint
  Field required [type=missing, input_value={'item': 'theme'}, input_type=dict]
    For further information visit https://errors.pydantic.dev/2.8/v/missing
publisher
  Field required [type=missing, input_value={'item': 'theme'}, input_type=dict]
    For further information visit https://errors.pydantic.dev/2.8/v/missing
identifier
  Field required [type=missing, input_value={'item': 'theme'}, input_type=dict]
    For further information visit https://errors.pydantic.dev/2.8/v/missing
description
  Field required [type=missing, input_value={'item': 'theme'}, input_type=dict]
    For further information visit https://errors.pydantic.dev/2.8/v/missing
title
  Field required [type=missing, input_value={'item': 'theme'}, input_type=dict]
    For further information visit https://errors.pydantic.dev/2.8/v/missing
programCode
  Field required [type=missing, input_value={'item': 'theme'}, input_type=dict]
    For further information visit https://errors.pydantic.dev/2.8/v/missing
distribution
  Field required [type=missing, input_value={'item': 'theme'}, input_type=dict]
    For further information visit https://errors.pydantic.dev/2.8/v/missing
theme
  Field required [type=missing, input_value={'item': 'theme'}, input_type=dict]
    For further information visit https://errors.pydantic.dev/2.8/v/missing
2024-08-23 12:40:38 - ERROR - Validation error for dataset: Unknown title
Traceback (most recent call last):
  File "C:\Users\edmun\Projects\Repositories\healthpartners-interview\src\healthpartners_interview\download.py", line 31, in fetch_datasets
    dataset = Dataset(**current_item)
              ^^^^^^^^^^^^^^^^^^^^^^^
  File "C:\Users\edmun\Projects\Repositories\healthpartners-interview\.venv\Lib\site-packages\pydantic\main.py", line 193, in __init__
    self.__pydantic_validator__.validate_python(data, self_instance=self)
pydantic_core._pydantic_core.ValidationError: 16 validation errors for Dataset
accessLevel
  Field required [type=missing, input_value={}, input_type=dict]
    For further information visit https://errors.pydantic.dev/2.8/v/missing
landingPage
  Field required [type=missing, input_value={}, input_type=dict]
    For further information visit https://errors.pydantic.dev/2.8/v/missing
bureauCode
  Field required [type=missing, input_value={}, input_type=dict]
    For further information visit https://errors.pydantic.dev/2.8/v/missing
issued
  Field required [type=missing, input_value={}, input_type=dict]
    For further information visit https://errors.pydantic.dev/2.8/v/missing
@type
  Field required [type=missing, input_value={}, input_type=dict]
    For further information visit https://errors.pydantic.dev/2.8/v/missing
modified
  Field required [type=missing, input_value={}, input_type=dict]
    For further information visit https://errors.pydantic.dev/2.8/v/missing
released
  Field required [type=missing, input_value={}, input_type=dict]
    For further information visit https://errors.pydantic.dev/2.8/v/missing
keyword
  Field required [type=missing, input_value={}, input_type=dict]
    For further information visit https://errors.pydantic.dev/2.8/v/missing
contactPoint
  Field required [type=missing, input_value={}, input_type=dict]
    For further information visit https://errors.pydantic.dev/2.8/v/missing
publisher
  Field required [type=missing, input_value={}, input_type=dict]
    For further information visit https://errors.pydantic.dev/2.8/v/missing
identifier
  Field required [type=missing, input_value={}, input_type=dict]
    For further information visit https://errors.pydantic.dev/2.8/v/missing
description
  Field required [type=missing, input_value={}, input_type=dict]
    For further information visit https://errors.pydantic.dev/2.8/v/missing
title
  Field required [type=missing, input_value={}, input_type=dict]
    For further information visit https://errors.pydantic.dev/2.8/v/missing
programCode
  Field required [type=missing, input_value={}, input_type=dict]
    For further information visit https://errors.pydantic.dev/2.8/v/missing
distribution
  Field required [type=missing, input_value={}, input_type=dict]
    For further information visit https://errors.pydantic.dev/2.8/v/missing
theme
  Field required [type=missing, input_value={}, input_type=dict]
    For further information visit https://errors.pydantic.dev/2.8/v/missing
2024-08-23 12:40:38 - ERROR - Validation error for dataset: Unknown title
Traceback (most recent call last):
  File "C:\Users\edmun\Projects\Repositories\healthpartners-interview\src\healthpartners_interview\download.py", line 31, in fetch_datasets
    dataset = Dataset(**current_item)
              ^^^^^^^^^^^^^^^^^^^^^^^
  File "C:\Users\edmun\Projects\Repositories\healthpartners-interview\.venv\Lib\site-packages\pydantic\main.py", line 193, in __init__
    self.__pydantic_validator__.validate_python(data, self_instance=self)
pydantic_core._pydantic_core.ValidationError: 16 validation errors for Dataset
accessLevel
  Field required [type=missing, input_value={}, input_type=dict]
    For further information visit https://errors.pydantic.dev/2.8/v/missing
landingPage
  Field required [type=missing, input_value={}, input_type=dict]
    For further information visit https://errors.pydantic.dev/2.8/v/missing
bureauCode
  Field required [type=missing, input_value={}, input_type=dict]
    For further information visit https://errors.pydantic.dev/2.8/v/missing
issued
  Field required [type=missing, input_value={}, input_type=dict]
    For further information visit https://errors.pydantic.dev/2.8/v/missing
@type
  Field required [type=missing, input_value={}, input_type=dict]
    For further information visit https://errors.pydantic.dev/2.8/v/missing
modified
  Field required [type=missing, input_value={}, input_type=dict]
    For further information visit https://errors.pydantic.dev/2.8/v/missing
released
  Field required [type=missing, input_value={}, input_type=dict]
    For further information visit https://errors.pydantic.dev/2.8/v/missing
keyword
  Field required [type=missing, input_value={}, input_type=dict]
    For further information visit https://errors.pydantic.dev/2.8/v/missing
contactPoint
  Field required [type=missing, input_value={}, input_type=dict]
    For further information visit https://errors.pydantic.dev/2.8/v/missing
publisher
  Field required [type=missing, input_value={}, input_type=dict]
    For further information visit https://errors.pydantic.dev/2.8/v/missing
identifier
  Field required [type=missing, input_value={}, input_type=dict]
    For further information visit https://errors.pydantic.dev/2.8/v/missing
description
  Field required [type=missing, input_value={}, input_type=dict]
    For further information visit https://errors.pydantic.dev/2.8/v/missing
title
  Field required [type=missing, input_value={}, input_type=dict]
    For further information visit https://errors.pydantic.dev/2.8/v/missing
programCode
  Field required [type=missing, input_value={}, input_type=dict]
    For further information visit https://errors.pydantic.dev/2.8/v/missing
distribution
  Field required [type=missing, input_value={}, input_type=dict]
    For further information visit https://errors.pydantic.dev/2.8/v/missing
theme
  Field required [type=missing, input_value={}, input_type=dict]
    For further information visit https://errors.pydantic.dev/2.8/v/missing
2024-08-23 12:40:38 - ERROR - Validation error for dataset: Unknown title
Traceback (most recent call last):
  File "C:\Users\edmun\Projects\Repositories\healthpartners-interview\src\healthpartners_interview\download.py", line 31, in fetch_datasets
    dataset = Dataset(**current_item)
              ^^^^^^^^^^^^^^^^^^^^^^^
  File "C:\Users\edmun\Projects\Repositories\healthpartners-interview\.venv\Lib\site-packages\pydantic\main.py", line 193, in __init__
    self.__pydantic_validator__.validate_python(data, self_instance=self)
pydantic_core._pydantic_core.ValidationError: 16 validation errors for Dataset
accessLevel
  Field required [type=missing, input_value={}, input_type=dict]
    For further information visit https://errors.pydantic.dev/2.8/v/missing
landingPage
  Field required [type=missing, input_value={}, input_type=dict]
    For further information visit https://errors.pydantic.dev/2.8/v/missing
bureauCode
  Field required [type=missing, input_value={}, input_type=dict]
    For further information visit https://errors.pydantic.dev/2.8/v/missing
issued
  Field required [type=missing, input_value={}, input_type=dict]
    For further information visit https://errors.pydantic.dev/2.8/v/missing
@type
  Field required [type=missing, input_value={}, input_type=dict]
    For further information visit https://errors.pydantic.dev/2.8/v/missing
modified
  Field required [type=missing, input_value={}, input_type=dict]
    For further information visit https://errors.pydantic.dev/2.8/v/missing
released
  Field required [type=missing, input_value={}, input_type=dict]
    For further information visit https://errors.pydantic.dev/2.8/v/missing
keyword
  Field required [type=missing, input_value={}, input_type=dict]
    For further information visit https://errors.pydantic.dev/2.8/v/missing
contactPoint
  Field required [type=missing, input_value={}, input_type=dict]
    For further information visit https://errors.pydantic.dev/2.8/v/missing
publisher
  Field required [type=missing, input_value={}, input_type=dict]
    For further information visit https://errors.pydantic.dev/2.8/v/missing
identifier
  Field required [type=missing, input_value={}, input_type=dict]
    For further information visit https://errors.pydantic.dev/2.8/v/missing
description
  Field required [type=missing, input_value={}, input_type=dict]
    For further information visit https://errors.pydantic.dev/2.8/v/missing
title
  Field required [type=missing, input_value={}, input_type=dict]
    For further information visit https://errors.pydantic.dev/2.8/v/missing
programCode
  Field required [type=missing, input_value={}, input_type=dict]
    For further information visit https://errors.pydantic.dev/2.8/v/missing
distribution
  Field required [type=missing, input_value={}, input_type=dict]
    For further information visit https://errors.pydantic.dev/2.8/v/missing
theme
  Field required [type=missing, input_value={}, input_type=dict]
    For further information visit https://errors.pydantic.dev/2.8/v/missing
2024-08-23 12:40:38 - ERROR - Validation error for dataset: Unknown title
Traceback (most recent call last):
  File "C:\Users\edmun\Projects\Repositories\healthpartners-interview\src\healthpartners_interview\download.py", line 31, in fetch_datasets
    dataset = Dataset(**current_item)
              ^^^^^^^^^^^^^^^^^^^^^^^
  File "C:\Users\edmun\Projects\Repositories\healthpartners-interview\.venv\Lib\site-packages\pydantic\main.py", line 193, in __init__
    self.__pydantic_validator__.validate_python(data, self_instance=self)
pydantic_core._pydantic_core.ValidationError: 16 validation errors for Dataset
accessLevel
  Field required [type=missing, input_value={'item': 'theme'}, input_type=dict]
    For further information visit https://errors.pydantic.dev/2.8/v/missing
landingPage
  Field required [type=missing, input_value={'item': 'theme'}, input_type=dict]
    For further information visit https://errors.pydantic.dev/2.8/v/missing
bureauCode
  Field required [type=missing, input_value={'item': 'theme'}, input_type=dict]
    For further information visit https://errors.pydantic.dev/2.8/v/missing
issued
  Field required [type=missing, input_value={'item': 'theme'}, input_type=dict]
    For further information visit https://errors.pydantic.dev/2.8/v/missing
@type
  Field required [type=missing, input_value={'item': 'theme'}, input_type=dict]
    For further information visit https://errors.pydantic.dev/2.8/v/missing
modified
  Field required [type=missing, input_value={'item': 'theme'}, input_type=dict]
    For further information visit https://errors.pydantic.dev/2.8/v/missing
released
  Field required [type=missing, input_value={'item': 'theme'}, input_type=dict]
    For further information visit https://errors.pydantic.dev/2.8/v/missing
keyword
  Field required [type=missing, input_value={'item': 'theme'}, input_type=dict]
    For further information visit https://errors.pydantic.dev/2.8/v/missing
contactPoint
  Field required [type=missing, input_value={'item': 'theme'}, input_type=dict]
    For further information visit https://errors.pydantic.dev/2.8/v/missing
publisher
  Field required [type=missing, input_value={'item': 'theme'}, input_type=dict]
    For further information visit https://errors.pydantic.dev/2.8/v/missing
identifier
  Field required [type=missing, input_value={'item': 'theme'}, input_type=dict]
    For further information visit https://errors.pydantic.dev/2.8/v/missing
description
  Field required [type=missing, input_value={'item': 'theme'}, input_type=dict]
    For further information visit https://errors.pydantic.dev/2.8/v/missing
title
  Field required [type=missing, input_value={'item': 'theme'}, input_type=dict]
    For further information visit https://errors.pydantic.dev/2.8/v/missing
programCode
  Field required [type=missing, input_value={'item': 'theme'}, input_type=dict]
    For further information visit https://errors.pydantic.dev/2.8/v/missing
distribution
  Field required [type=missing, input_value={'item': 'theme'}, input_type=dict]
    For further information visit https://errors.pydantic.dev/2.8/v/missing
theme
  Field required [type=missing, input_value={'item': 'theme'}, input_type=dict]
    For further information visit https://errors.pydantic.dev/2.8/v/missing
2024-08-23 12:40:38 - ERROR - Validation error for dataset: Unknown title
Traceback (most recent call last):
  File "C:\Users\edmun\Projects\Repositories\healthpartners-interview\src\healthpartners_interview\download.py", line 31, in fetch_datasets
    dataset = Dataset(**current_item)
              ^^^^^^^^^^^^^^^^^^^^^^^
  File "C:\Users\edmun\Projects\Repositories\healthpartners-interview\.venv\Lib\site-packages\pydantic\main.py", line 193, in __init__
    self.__pydantic_validator__.validate_python(data, self_instance=self)
pydantic_core._pydantic_core.ValidationError: 16 validation errors for Dataset
accessLevel
  Field required [type=missing, input_value={}, input_type=dict]
    For further information visit https://errors.pydantic.dev/2.8/v/missing
landingPage
  Field required [type=missing, input_value={}, input_type=dict]
    For further information visit https://errors.pydantic.dev/2.8/v/missing
bureauCode
  Field required [type=missing, input_value={}, input_type=dict]
    For further information visit https://errors.pydantic.dev/2.8/v/missing
issued
  Field required [type=missing, input_value={}, input_type=dict]
    For further information visit https://errors.pydantic.dev/2.8/v/missing
@type
  Field required [type=missing, input_value={}, input_type=dict]
    For further information visit https://errors.pydantic.dev/2.8/v/missing
modified
  Field required [type=missing, input_value={}, input_type=dict]
    For further information visit https://errors.pydantic.dev/2.8/v/missing
released
  Field required [type=missing, input_value={}, input_type=dict]
    For further information visit https://errors.pydantic.dev/2.8/v/missing
keyword
  Field required [type=missing, input_value={}, input_type=dict]
    For further information visit https://errors.pydantic.dev/2.8/v/missing
contactPoint
  Field required [type=missing, input_value={}, input_type=dict]
    For further information visit https://errors.pydantic.dev/2.8/v/missing
publisher
  Field required [type=missing, input_value={}, input_type=dict]
    For further information visit https://errors.pydantic.dev/2.8/v/missing
identifier
  Field required [type=missing, input_value={}, input_type=dict]
    For further information visit https://errors.pydantic.dev/2.8/v/missing
description
  Field required [type=missing, input_value={}, input_type=dict]
    For further information visit https://errors.pydantic.dev/2.8/v/missing
title
  Field required [type=missing, input_value={}, input_type=dict]
    For further information visit https://errors.pydantic.dev/2.8/v/missing
programCode
  Field required [type=missing, input_value={}, input_type=dict]
    For further information visit https://errors.pydantic.dev/2.8/v/missing
distribution
  Field required [type=missing, input_value={}, input_type=dict]
    For further information visit https://errors.pydantic.dev/2.8/v/missing
theme
  Field required [type=missing, input_value={}, input_type=dict]
    For further information visit https://errors.pydantic.dev/2.8/v/missing
2024-08-23 12:40:38 - ERROR - Validation error for dataset: Unknown title
Traceback (most recent call last):
  File "C:\Users\edmun\Projects\Repositories\healthpartners-interview\src\healthpartners_interview\download.py", line 31, in fetch_datasets
    dataset = Dataset(**current_item)
              ^^^^^^^^^^^^^^^^^^^^^^^
  File "C:\Users\edmun\Projects\Repositories\healthpartners-interview\.venv\Lib\site-packages\pydantic\main.py", line 193, in __init__
    self.__pydantic_validator__.validate_python(data, self_instance=self)
pydantic_core._pydantic_core.ValidationError: 16 validation errors for Dataset
accessLevel
  Field required [type=missing, input_value={}, input_type=dict]
    For further information visit https://errors.pydantic.dev/2.8/v/missing
landingPage
  Field required [type=missing, input_value={}, input_type=dict]
    For further information visit https://errors.pydantic.dev/2.8/v/missing
bureauCode
  Field required [type=missing, input_value={}, input_type=dict]
    For further information visit https://errors.pydantic.dev/2.8/v/missing
issued
  Field required [type=missing, input_value={}, input_type=dict]
    For further information visit https://errors.pydantic.dev/2.8/v/missing
@type
  Field required [type=missing, input_value={}, input_type=dict]
    For further information visit https://errors.pydantic.dev/2.8/v/missing
modified
  Field required [type=missing, input_value={}, input_type=dict]
    For further information visit https://errors.pydantic.dev/2.8/v/missing
released
  Field required [type=missing, input_value={}, input_type=dict]
    For further information visit https://errors.pydantic.dev/2.8/v/missing
keyword
  Field required [type=missing, input_value={}, input_type=dict]
    For further information visit https://errors.pydantic.dev/2.8/v/missing
contactPoint
  Field required [type=missing, input_value={}, input_type=dict]
    For further information visit https://errors.pydantic.dev/2.8/v/missing
publisher
  Field required [type=missing, input_value={}, input_type=dict]
    For further information visit https://errors.pydantic.dev/2.8/v/missing
identifier
  Field required [type=missing, input_value={}, input_type=dict]
    For further information visit https://errors.pydantic.dev/2.8/v/missing
description
  Field required [type=missing, input_value={}, input_type=dict]
    For further information visit https://errors.pydantic.dev/2.8/v/missing
title
  Field required [type=missing, input_value={}, input_type=dict]
    For further information visit https://errors.pydantic.dev/2.8/v/missing
programCode
  Field required [type=missing, input_value={}, input_type=dict]
    For further information visit https://errors.pydantic.dev/2.8/v/missing
distribution
  Field required [type=missing, input_value={}, input_type=dict]
    For further information visit https://errors.pydantic.dev/2.8/v/missing
theme
  Field required [type=missing, input_value={}, input_type=dict]
    For further information visit https://errors.pydantic.dev/2.8/v/missing
2024-08-23 12:40:38 - ERROR - Validation error for dataset: Unknown title
Traceback (most recent call last):
  File "C:\Users\edmun\Projects\Repositories\healthpartners-interview\src\healthpartners_interview\download.py", line 31, in fetch_datasets
    dataset = Dataset(**current_item)
              ^^^^^^^^^^^^^^^^^^^^^^^
  File "C:\Users\edmun\Projects\Repositories\healthpartners-interview\.venv\Lib\site-packages\pydantic\main.py", line 193, in __init__
    self.__pydantic_validator__.validate_python(data, self_instance=self)
pydantic_core._pydantic_core.ValidationError: 16 validation errors for Dataset
accessLevel
  Field required [type=missing, input_value={}, input_type=dict]
    For further information visit https://errors.pydantic.dev/2.8/v/missing
landingPage
  Field required [type=missing, input_value={}, input_type=dict]
    For further information visit https://errors.pydantic.dev/2.8/v/missing
bureauCode
  Field required [type=missing, input_value={}, input_type=dict]
    For further information visit https://errors.pydantic.dev/2.8/v/missing
issued
  Field required [type=missing, input_value={}, input_type=dict]
    For further information visit https://errors.pydantic.dev/2.8/v/missing
@type
  Field required [type=missing, input_value={}, input_type=dict]
    For further information visit https://errors.pydantic.dev/2.8/v/missing
modified
  Field required [type=missing, input_value={}, input_type=dict]
    For further information visit https://errors.pydantic.dev/2.8/v/missing
released
  Field required [type=missing, input_value={}, input_type=dict]
    For further information visit https://errors.pydantic.dev/2.8/v/missing
keyword
  Field required [type=missing, input_value={}, input_type=dict]
    For further information visit https://errors.pydantic.dev/2.8/v/missing
contactPoint
  Field required [type=missing, input_value={}, input_type=dict]
    For further information visit https://errors.pydantic.dev/2.8/v/missing
publisher
  Field required [type=missing, input_value={}, input_type=dict]
    For further information visit https://errors.pydantic.dev/2.8/v/missing
identifier
  Field required [type=missing, input_value={}, input_type=dict]
    For further information visit https://errors.pydantic.dev/2.8/v/missing
description
  Field required [type=missing, input_value={}, input_type=dict]
    For further information visit https://errors.pydantic.dev/2.8/v/missing
title
  Field required [type=missing, input_value={}, input_type=dict]
    For further information visit https://errors.pydantic.dev/2.8/v/missing
programCode
  Field required [type=missing, input_value={}, input_type=dict]
    For further information visit https://errors.pydantic.dev/2.8/v/missing
distribution
  Field required [type=missing, input_value={}, input_type=dict]
    For further information visit https://errors.pydantic.dev/2.8/v/missing
theme
  Field required [type=missing, input_value={}, input_type=dict]
    For further information visit https://errors.pydantic.dev/2.8/v/missing
2024-08-23 12:40:38 - ERROR - Validation error for dataset: Unknown title
Traceback (most recent call last):
  File "C:\Users\edmun\Projects\Repositories\healthpartners-interview\src\healthpartners_interview\download.py", line 31, in fetch_datasets
    dataset = Dataset(**current_item)
              ^^^^^^^^^^^^^^^^^^^^^^^
  File "C:\Users\edmun\Projects\Repositories\healthpartners-interview\.venv\Lib\site-packages\pydantic\main.py", line 193, in __init__
    self.__pydantic_validator__.validate_python(data, self_instance=self)
pydantic_core._pydantic_core.ValidationError: 16 validation errors for Dataset
accessLevel
  Field required [type=missing, input_value={'item': 'theme'}, input_type=dict]
    For further information visit https://errors.pydantic.dev/2.8/v/missing
landingPage
  Field required [type=missing, input_value={'item': 'theme'}, input_type=dict]
    For further information visit https://errors.pydantic.dev/2.8/v/missing
bureauCode
  Field required [type=missing, input_value={'item': 'theme'}, input_type=dict]
    For further information visit https://errors.pydantic.dev/2.8/v/missing
issued
  Field required [type=missing, input_value={'item': 'theme'}, input_type=dict]
    For further information visit https://errors.pydantic.dev/2.8/v/missing
@type
  Field required [type=missing, input_value={'item': 'theme'}, input_type=dict]
    For further information visit https://errors.pydantic.dev/2.8/v/missing
modified
  Field required [type=missing, input_value={'item': 'theme'}, input_type=dict]
    For further information visit https://errors.pydantic.dev/2.8/v/missing
released
  Field required [type=missing, input_value={'item': 'theme'}, input_type=dict]
    For further information visit https://errors.pydantic.dev/2.8/v/missing
keyword
  Field required [type=missing, input_value={'item': 'theme'}, input_type=dict]
    For further information visit https://errors.pydantic.dev/2.8/v/missing
contactPoint
  Field required [type=missing, input_value={'item': 'theme'}, input_type=dict]
    For further information visit https://errors.pydantic.dev/2.8/v/missing
publisher
  Field required [type=missing, input_value={'item': 'theme'}, input_type=dict]
    For further information visit https://errors.pydantic.dev/2.8/v/missing
identifier
  Field required [type=missing, input_value={'item': 'theme'}, input_type=dict]
    For further information visit https://errors.pydantic.dev/2.8/v/missing
description
  Field required [type=missing, input_value={'item': 'theme'}, input_type=dict]
    For further information visit https://errors.pydantic.dev/2.8/v/missing
title
  Field required [type=missing, input_value={'item': 'theme'}, input_type=dict]
    For further information visit https://errors.pydantic.dev/2.8/v/missing
programCode
  Field required [type=missing, input_value={'item': 'theme'}, input_type=dict]
    For further information visit https://errors.pydantic.dev/2.8/v/missing
distribution
  Field required [type=missing, input_value={'item': 'theme'}, input_type=dict]
    For further information visit https://errors.pydantic.dev/2.8/v/missing
theme
  Field required [type=missing, input_value={'item': 'theme'}, input_type=dict]
    For further information visit https://errors.pydantic.dev/2.8/v/missing
2024-08-23 12:40:38 - ERROR - Validation error for dataset: Unknown title
Traceback (most recent call last):
  File "C:\Users\edmun\Projects\Repositories\healthpartners-interview\src\healthpartners_interview\download.py", line 31, in fetch_datasets
    dataset = Dataset(**current_item)
              ^^^^^^^^^^^^^^^^^^^^^^^
  File "C:\Users\edmun\Projects\Repositories\healthpartners-interview\.venv\Lib\site-packages\pydantic\main.py", line 193, in __init__
    self.__pydantic_validator__.validate_python(data, self_instance=self)
pydantic_core._pydantic_core.ValidationError: 16 validation errors for Dataset
accessLevel
  Field required [type=missing, input_value={}, input_type=dict]
    For further information visit https://errors.pydantic.dev/2.8/v/missing
landingPage
  Field required [type=missing, input_value={}, input_type=dict]
    For further information visit https://errors.pydantic.dev/2.8/v/missing
bureauCode
  Field required [type=missing, input_value={}, input_type=dict]
    For further information visit https://errors.pydantic.dev/2.8/v/missing
issued
  Field required [type=missing, input_value={}, input_type=dict]
    For further information visit https://errors.pydantic.dev/2.8/v/missing
@type
  Field required [type=missing, input_value={}, input_type=dict]
    For further information visit https://errors.pydantic.dev/2.8/v/missing
modified
  Field required [type=missing, input_value={}, input_type=dict]
    For further information visit https://errors.pydantic.dev/2.8/v/missing
released
  Field required [type=missing, input_value={}, input_type=dict]
    For further information visit https://errors.pydantic.dev/2.8/v/missing
keyword
  Field required [type=missing, input_value={}, input_type=dict]
    For further information visit https://errors.pydantic.dev/2.8/v/missing
contactPoint
  Field required [type=missing, input_value={}, input_type=dict]
    For further information visit https://errors.pydantic.dev/2.8/v/missing
publisher
  Field required [type=missing, input_value={}, input_type=dict]
    For further information visit https://errors.pydantic.dev/2.8/v/missing
identifier
  Field required [type=missing, input_value={}, input_type=dict]
    For further information visit https://errors.pydantic.dev/2.8/v/missing
description
  Field required [type=missing, input_value={}, input_type=dict]
    For further information visit https://errors.pydantic.dev/2.8/v/missing
title
  Field required [type=missing, input_value={}, input_type=dict]
    For further information visit https://errors.pydantic.dev/2.8/v/missing
programCode
  Field required [type=missing, input_value={}, input_type=dict]
    For further information visit https://errors.pydantic.dev/2.8/v/missing
distribution
  Field required [type=missing, input_value={}, input_type=dict]
    For further information visit https://errors.pydantic.dev/2.8/v/missing
theme
  Field required [type=missing, input_value={}, input_type=dict]
    For further information visit https://errors.pydantic.dev/2.8/v/missing
2024-08-23 12:40:38 - ERROR - Validation error for dataset: Unknown title
Traceback (most recent call last):
  File "C:\Users\edmun\Projects\Repositories\healthpartners-interview\src\healthpartners_interview\download.py", line 31, in fetch_datasets
    dataset = Dataset(**current_item)
              ^^^^^^^^^^^^^^^^^^^^^^^
  File "C:\Users\edmun\Projects\Repositories\healthpartners-interview\.venv\Lib\site-packages\pydantic\main.py", line 193, in __init__
    self.__pydantic_validator__.validate_python(data, self_instance=self)
pydantic_core._pydantic_core.ValidationError: 16 validation errors for Dataset
accessLevel
  Field required [type=missing, input_value={}, input_type=dict]
    For further information visit https://errors.pydantic.dev/2.8/v/missing
landingPage
  Field required [type=missing, input_value={}, input_type=dict]
    For further information visit https://errors.pydantic.dev/2.8/v/missing
bureauCode
  Field required [type=missing, input_value={}, input_type=dict]
    For further information visit https://errors.pydantic.dev/2.8/v/missing
issued
  Field required [type=missing, input_value={}, input_type=dict]
    For further information visit https://errors.pydantic.dev/2.8/v/missing
@type
  Field required [type=missing, input_value={}, input_type=dict]
    For further information visit https://errors.pydantic.dev/2.8/v/missing
modified
  Field required [type=missing, input_value={}, input_type=dict]
    For further information visit https://errors.pydantic.dev/2.8/v/missing
released
  Field required [type=missing, input_value={}, input_type=dict]
    For further information visit https://errors.pydantic.dev/2.8/v/missing
keyword
  Field required [type=missing, input_value={}, input_type=dict]
    For further information visit https://errors.pydantic.dev/2.8/v/missing
contactPoint
  Field required [type=missing, input_value={}, input_type=dict]
    For further information visit https://errors.pydantic.dev/2.8/v/missing
publisher
  Field required [type=missing, input_value={}, input_type=dict]
    For further information visit https://errors.pydantic.dev/2.8/v/missing
identifier
  Field required [type=missing, input_value={}, input_type=dict]
    For further information visit https://errors.pydantic.dev/2.8/v/missing
description
  Field required [type=missing, input_value={}, input_type=dict]
    For further information visit https://errors.pydantic.dev/2.8/v/missing
title
  Field required [type=missing, input_value={}, input_type=dict]
    For further information visit https://errors.pydantic.dev/2.8/v/missing
programCode
  Field required [type=missing, input_value={}, input_type=dict]
    For further information visit https://errors.pydantic.dev/2.8/v/missing
distribution
  Field required [type=missing, input_value={}, input_type=dict]
    For further information visit https://errors.pydantic.dev/2.8/v/missing
theme
  Field required [type=missing, input_value={}, input_type=dict]
    For further information visit https://errors.pydantic.dev/2.8/v/missing
2024-08-23 12:40:38 - ERROR - Validation error for dataset: Unknown title
Traceback (most recent call last):
  File "C:\Users\edmun\Projects\Repositories\healthpartners-interview\src\healthpartners_interview\download.py", line 31, in fetch_datasets
    dataset = Dataset(**current_item)
              ^^^^^^^^^^^^^^^^^^^^^^^
  File "C:\Users\edmun\Projects\Repositories\healthpartners-interview\.venv\Lib\site-packages\pydantic\main.py", line 193, in __init__
    self.__pydantic_validator__.validate_python(data, self_instance=self)
pydantic_core._pydantic_core.ValidationError: 16 validation errors for Dataset
accessLevel
  Field required [type=missing, input_value={}, input_type=dict]
    For further information visit https://errors.pydantic.dev/2.8/v/missing
landingPage
  Field required [type=missing, input_value={}, input_type=dict]
    For further information visit https://errors.pydantic.dev/2.8/v/missing
bureauCode
  Field required [type=missing, input_value={}, input_type=dict]
    For further information visit https://errors.pydantic.dev/2.8/v/missing
issued
  Field required [type=missing, input_value={}, input_type=dict]
    For further information visit https://errors.pydantic.dev/2.8/v/missing
@type
  Field required [type=missing, input_value={}, input_type=dict]
    For further information visit https://errors.pydantic.dev/2.8/v/missing
modified
  Field required [type=missing, input_value={}, input_type=dict]
    For further information visit https://errors.pydantic.dev/2.8/v/missing
released
  Field required [type=missing, input_value={}, input_type=dict]
    For further information visit https://errors.pydantic.dev/2.8/v/missing
keyword
  Field required [type=missing, input_value={}, input_type=dict]
    For further information visit https://errors.pydantic.dev/2.8/v/missing
contactPoint
  Field required [type=missing, input_value={}, input_type=dict]
    For further information visit https://errors.pydantic.dev/2.8/v/missing
publisher
  Field required [type=missing, input_value={}, input_type=dict]
    For further information visit https://errors.pydantic.dev/2.8/v/missing
identifier
  Field required [type=missing, input_value={}, input_type=dict]
    For further information visit https://errors.pydantic.dev/2.8/v/missing
description
  Field required [type=missing, input_value={}, input_type=dict]
    For further information visit https://errors.pydantic.dev/2.8/v/missing
title
  Field required [type=missing, input_value={}, input_type=dict]
    For further information visit https://errors.pydantic.dev/2.8/v/missing
programCode
  Field required [type=missing, input_value={}, input_type=dict]
    For further information visit https://errors.pydantic.dev/2.8/v/missing
distribution
  Field required [type=missing, input_value={}, input_type=dict]
    For further information visit https://errors.pydantic.dev/2.8/v/missing
theme
  Field required [type=missing, input_value={}, input_type=dict]
    For further information visit https://errors.pydantic.dev/2.8/v/missing
2024-08-23 12:40:38 - ERROR - Validation error for dataset: Unknown title
Traceback (most recent call last):
  File "C:\Users\edmun\Projects\Repositories\healthpartners-interview\src\healthpartners_interview\download.py", line 31, in fetch_datasets
    dataset = Dataset(**current_item)
              ^^^^^^^^^^^^^^^^^^^^^^^
  File "C:\Users\edmun\Projects\Repositories\healthpartners-interview\.venv\Lib\site-packages\pydantic\main.py", line 193, in __init__
    self.__pydantic_validator__.validate_python(data, self_instance=self)
pydantic_core._pydantic_core.ValidationError: 16 validation errors for Dataset
accessLevel
  Field required [type=missing, input_value={'item': 'theme'}, input_type=dict]
    For further information visit https://errors.pydantic.dev/2.8/v/missing
landingPage
  Field required [type=missing, input_value={'item': 'theme'}, input_type=dict]
    For further information visit https://errors.pydantic.dev/2.8/v/missing
bureauCode
  Field required [type=missing, input_value={'item': 'theme'}, input_type=dict]
    For further information visit https://errors.pydantic.dev/2.8/v/missing
issued
  Field required [type=missing, input_value={'item': 'theme'}, input_type=dict]
    For further information visit https://errors.pydantic.dev/2.8/v/missing
@type
  Field required [type=missing, input_value={'item': 'theme'}, input_type=dict]
    For further information visit https://errors.pydantic.dev/2.8/v/missing
modified
  Field required [type=missing, input_value={'item': 'theme'}, input_type=dict]
    For further information visit https://errors.pydantic.dev/2.8/v/missing
released
  Field required [type=missing, input_value={'item': 'theme'}, input_type=dict]
    For further information visit https://errors.pydantic.dev/2.8/v/missing
keyword
  Field required [type=missing, input_value={'item': 'theme'}, input_type=dict]
    For further information visit https://errors.pydantic.dev/2.8/v/missing
contactPoint
  Field required [type=missing, input_value={'item': 'theme'}, input_type=dict]
    For further information visit https://errors.pydantic.dev/2.8/v/missing
publisher
  Field required [type=missing, input_value={'item': 'theme'}, input_type=dict]
    For further information visit https://errors.pydantic.dev/2.8/v/missing
identifier
  Field required [type=missing, input_value={'item': 'theme'}, input_type=dict]
    For further information visit https://errors.pydantic.dev/2.8/v/missing
description
  Field required [type=missing, input_value={'item': 'theme'}, input_type=dict]
    For further information visit https://errors.pydantic.dev/2.8/v/missing
title
  Field required [type=missing, input_value={'item': 'theme'}, input_type=dict]
    For further information visit https://errors.pydantic.dev/2.8/v/missing
programCode
  Field required [type=missing, input_value={'item': 'theme'}, input_type=dict]
    For further information visit https://errors.pydantic.dev/2.8/v/missing
distribution
  Field required [type=missing, input_value={'item': 'theme'}, input_type=dict]
    For further information visit https://errors.pydantic.dev/2.8/v/missing
theme
  Field required [type=missing, input_value={'item': 'theme'}, input_type=dict]
    For further information visit https://errors.pydantic.dev/2.8/v/missing
2024-08-23 12:40:38 - ERROR - Validation error for dataset: Unknown title
Traceback (most recent call last):
  File "C:\Users\edmun\Projects\Repositories\healthpartners-interview\src\healthpartners_interview\download.py", line 31, in fetch_datasets
    dataset = Dataset(**current_item)
              ^^^^^^^^^^^^^^^^^^^^^^^
  File "C:\Users\edmun\Projects\Repositories\healthpartners-interview\.venv\Lib\site-packages\pydantic\main.py", line 193, in __init__
    self.__pydantic_validator__.validate_python(data, self_instance=self)
pydantic_core._pydantic_core.ValidationError: 16 validation errors for Dataset
accessLevel
  Field required [type=missing, input_value={}, input_type=dict]
    For further information visit https://errors.pydantic.dev/2.8/v/missing
landingPage
  Field required [type=missing, input_value={}, input_type=dict]
    For further information visit https://errors.pydantic.dev/2.8/v/missing
bureauCode
  Field required [type=missing, input_value={}, input_type=dict]
    For further information visit https://errors.pydantic.dev/2.8/v/missing
issued
  Field required [type=missing, input_value={}, input_type=dict]
    For further information visit https://errors.pydantic.dev/2.8/v/missing
@type
  Field required [type=missing, input_value={}, input_type=dict]
    For further information visit https://errors.pydantic.dev/2.8/v/missing
modified
  Field required [type=missing, input_value={}, input_type=dict]
    For further information visit https://errors.pydantic.dev/2.8/v/missing
released
  Field required [type=missing, input_value={}, input_type=dict]
    For further information visit https://errors.pydantic.dev/2.8/v/missing
keyword
  Field required [type=missing, input_value={}, input_type=dict]
    For further information visit https://errors.pydantic.dev/2.8/v/missing
contactPoint
  Field required [type=missing, input_value={}, input_type=dict]
    For further information visit https://errors.pydantic.dev/2.8/v/missing
publisher
  Field required [type=missing, input_value={}, input_type=dict]
    For further information visit https://errors.pydantic.dev/2.8/v/missing
identifier
  Field required [type=missing, input_value={}, input_type=dict]
    For further information visit https://errors.pydantic.dev/2.8/v/missing
description
  Field required [type=missing, input_value={}, input_type=dict]
    For further information visit https://errors.pydantic.dev/2.8/v/missing
title
  Field required [type=missing, input_value={}, input_type=dict]
    For further information visit https://errors.pydantic.dev/2.8/v/missing
programCode
  Field required [type=missing, input_value={}, input_type=dict]
    For further information visit https://errors.pydantic.dev/2.8/v/missing
distribution
  Field required [type=missing, input_value={}, input_type=dict]
    For further information visit https://errors.pydantic.dev/2.8/v/missing
theme
  Field required [type=missing, input_value={}, input_type=dict]
    For further information visit https://errors.pydantic.dev/2.8/v/missing
2024-08-23 12:40:38 - ERROR - Validation error for dataset: Unknown title
Traceback (most recent call last):
  File "C:\Users\edmun\Projects\Repositories\healthpartners-interview\src\healthpartners_interview\download.py", line 31, in fetch_datasets
    dataset = Dataset(**current_item)
              ^^^^^^^^^^^^^^^^^^^^^^^
  File "C:\Users\edmun\Projects\Repositories\healthpartners-interview\.venv\Lib\site-packages\pydantic\main.py", line 193, in __init__
    self.__pydantic_validator__.validate_python(data, self_instance=self)
pydantic_core._pydantic_core.ValidationError: 16 validation errors for Dataset
accessLevel
  Field required [type=missing, input_value={}, input_type=dict]
    For further information visit https://errors.pydantic.dev/2.8/v/missing
landingPage
  Field required [type=missing, input_value={}, input_type=dict]
    For further information visit https://errors.pydantic.dev/2.8/v/missing
bureauCode
  Field required [type=missing, input_value={}, input_type=dict]
    For further information visit https://errors.pydantic.dev/2.8/v/missing
issued
  Field required [type=missing, input_value={}, input_type=dict]
    For further information visit https://errors.pydantic.dev/2.8/v/missing
@type
  Field required [type=missing, input_value={}, input_type=dict]
    For further information visit https://errors.pydantic.dev/2.8/v/missing
modified
  Field required [type=missing, input_value={}, input_type=dict]
    For further information visit https://errors.pydantic.dev/2.8/v/missing
released
  Field required [type=missing, input_value={}, input_type=dict]
    For further information visit https://errors.pydantic.dev/2.8/v/missing
keyword
  Field required [type=missing, input_value={}, input_type=dict]
    For further information visit https://errors.pydantic.dev/2.8/v/missing
contactPoint
  Field required [type=missing, input_value={}, input_type=dict]
    For further information visit https://errors.pydantic.dev/2.8/v/missing
publisher
  Field required [type=missing, input_value={}, input_type=dict]
    For further information visit https://errors.pydantic.dev/2.8/v/missing
identifier
  Field required [type=missing, input_value={}, input_type=dict]
    For further information visit https://errors.pydantic.dev/2.8/v/missing
description
  Field required [type=missing, input_value={}, input_type=dict]
    For further information visit https://errors.pydantic.dev/2.8/v/missing
title
  Field required [type=missing, input_value={}, input_type=dict]
    For further information visit https://errors.pydantic.dev/2.8/v/missing
programCode
  Field required [type=missing, input_value={}, input_type=dict]
    For further information visit https://errors.pydantic.dev/2.8/v/missing
distribution
  Field required [type=missing, input_value={}, input_type=dict]
    For further information visit https://errors.pydantic.dev/2.8/v/missing
theme
  Field required [type=missing, input_value={}, input_type=dict]
    For further information visit https://errors.pydantic.dev/2.8/v/missing
2024-08-23 12:40:38 - ERROR - Validation error for dataset: Unknown title
Traceback (most recent call last):
  File "C:\Users\edmun\Projects\Repositories\healthpartners-interview\src\healthpartners_interview\download.py", line 31, in fetch_datasets
    dataset = Dataset(**current_item)
              ^^^^^^^^^^^^^^^^^^^^^^^
  File "C:\Users\edmun\Projects\Repositories\healthpartners-interview\.venv\Lib\site-packages\pydantic\main.py", line 193, in __init__
    self.__pydantic_validator__.validate_python(data, self_instance=self)
pydantic_core._pydantic_core.ValidationError: 16 validation errors for Dataset
accessLevel
  Field required [type=missing, input_value={}, input_type=dict]
    For further information visit https://errors.pydantic.dev/2.8/v/missing
landingPage
  Field required [type=missing, input_value={}, input_type=dict]
    For further information visit https://errors.pydantic.dev/2.8/v/missing
bureauCode
  Field required [type=missing, input_value={}, input_type=dict]
    For further information visit https://errors.pydantic.dev/2.8/v/missing
issued
  Field required [type=missing, input_value={}, input_type=dict]
    For further information visit https://errors.pydantic.dev/2.8/v/missing
@type
  Field required [type=missing, input_value={}, input_type=dict]
    For further information visit https://errors.pydantic.dev/2.8/v/missing
modified
  Field required [type=missing, input_value={}, input_type=dict]
    For further information visit https://errors.pydantic.dev/2.8/v/missing
released
  Field required [type=missing, input_value={}, input_type=dict]
    For further information visit https://errors.pydantic.dev/2.8/v/missing
keyword
  Field required [type=missing, input_value={}, input_type=dict]
    For further information visit https://errors.pydantic.dev/2.8/v/missing
contactPoint
  Field required [type=missing, input_value={}, input_type=dict]
    For further information visit https://errors.pydantic.dev/2.8/v/missing
publisher
  Field required [type=missing, input_value={}, input_type=dict]
    For further information visit https://errors.pydantic.dev/2.8/v/missing
identifier
  Field required [type=missing, input_value={}, input_type=dict]
    For further information visit https://errors.pydantic.dev/2.8/v/missing
description
  Field required [type=missing, input_value={}, input_type=dict]
    For further information visit https://errors.pydantic.dev/2.8/v/missing
title
  Field required [type=missing, input_value={}, input_type=dict]
    For further information visit https://errors.pydantic.dev/2.8/v/missing
programCode
  Field required [type=missing, input_value={}, input_type=dict]
    For further information visit https://errors.pydantic.dev/2.8/v/missing
distribution
  Field required [type=missing, input_value={}, input_type=dict]
    For further information visit https://errors.pydantic.dev/2.8/v/missing
theme
  Field required [type=missing, input_value={}, input_type=dict]
    For further information visit https://errors.pydantic.dev/2.8/v/missing
2024-08-23 12:40:38 - ERROR - Validation error for dataset: Unknown title
Traceback (most recent call last):
  File "C:\Users\edmun\Projects\Repositories\healthpartners-interview\src\healthpartners_interview\download.py", line 31, in fetch_datasets
    dataset = Dataset(**current_item)
              ^^^^^^^^^^^^^^^^^^^^^^^
  File "C:\Users\edmun\Projects\Repositories\healthpartners-interview\.venv\Lib\site-packages\pydantic\main.py", line 193, in __init__
    self.__pydantic_validator__.validate_python(data, self_instance=self)
pydantic_core._pydantic_core.ValidationError: 16 validation errors for Dataset
accessLevel
  Field required [type=missing, input_value={'item': 'theme'}, input_type=dict]
    For further information visit https://errors.pydantic.dev/2.8/v/missing
landingPage
  Field required [type=missing, input_value={'item': 'theme'}, input_type=dict]
    For further information visit https://errors.pydantic.dev/2.8/v/missing
bureauCode
  Field required [type=missing, input_value={'item': 'theme'}, input_type=dict]
    For further information visit https://errors.pydantic.dev/2.8/v/missing
issued
  Field required [type=missing, input_value={'item': 'theme'}, input_type=dict]
    For further information visit https://errors.pydantic.dev/2.8/v/missing
@type
  Field required [type=missing, input_value={'item': 'theme'}, input_type=dict]
    For further information visit https://errors.pydantic.dev/2.8/v/missing
modified
  Field required [type=missing, input_value={'item': 'theme'}, input_type=dict]
    For further information visit https://errors.pydantic.dev/2.8/v/missing
released
  Field required [type=missing, input_value={'item': 'theme'}, input_type=dict]
    For further information visit https://errors.pydantic.dev/2.8/v/missing
keyword
  Field required [type=missing, input_value={'item': 'theme'}, input_type=dict]
    For further information visit https://errors.pydantic.dev/2.8/v/missing
contactPoint
  Field required [type=missing, input_value={'item': 'theme'}, input_type=dict]
    For further information visit https://errors.pydantic.dev/2.8/v/missing
publisher
  Field required [type=missing, input_value={'item': 'theme'}, input_type=dict]
    For further information visit https://errors.pydantic.dev/2.8/v/missing
identifier
  Field required [type=missing, input_value={'item': 'theme'}, input_type=dict]
    For further information visit https://errors.pydantic.dev/2.8/v/missing
description
  Field required [type=missing, input_value={'item': 'theme'}, input_type=dict]
    For further information visit https://errors.pydantic.dev/2.8/v/missing
title
  Field required [type=missing, input_value={'item': 'theme'}, input_type=dict]
    For further information visit https://errors.pydantic.dev/2.8/v/missing
programCode
  Field required [type=missing, input_value={'item': 'theme'}, input_type=dict]
    For further information visit https://errors.pydantic.dev/2.8/v/missing
distribution
  Field required [type=missing, input_value={'item': 'theme'}, input_type=dict]
    For further information visit https://errors.pydantic.dev/2.8/v/missing
theme
  Field required [type=missing, input_value={'item': 'theme'}, input_type=dict]
    For further information visit https://errors.pydantic.dev/2.8/v/missing
2024-08-23 12:40:38 - ERROR - Validation error for dataset: Unknown title
Traceback (most recent call last):
  File "C:\Users\edmun\Projects\Repositories\healthpartners-interview\src\healthpartners_interview\download.py", line 31, in fetch_datasets
    dataset = Dataset(**current_item)
              ^^^^^^^^^^^^^^^^^^^^^^^
  File "C:\Users\edmun\Projects\Repositories\healthpartners-interview\.venv\Lib\site-packages\pydantic\main.py", line 193, in __init__
    self.__pydantic_validator__.validate_python(data, self_instance=self)
pydantic_core._pydantic_core.ValidationError: 16 validation errors for Dataset
accessLevel
  Field required [type=missing, input_value={}, input_type=dict]
    For further information visit https://errors.pydantic.dev/2.8/v/missing
landingPage
  Field required [type=missing, input_value={}, input_type=dict]
    For further information visit https://errors.pydantic.dev/2.8/v/missing
bureauCode
  Field required [type=missing, input_value={}, input_type=dict]
    For further information visit https://errors.pydantic.dev/2.8/v/missing
issued
  Field required [type=missing, input_value={}, input_type=dict]
    For further information visit https://errors.pydantic.dev/2.8/v/missing
@type
  Field required [type=missing, input_value={}, input_type=dict]
    For further information visit https://errors.pydantic.dev/2.8/v/missing
modified
  Field required [type=missing, input_value={}, input_type=dict]
    For further information visit https://errors.pydantic.dev/2.8/v/missing
released
  Field required [type=missing, input_value={}, input_type=dict]
    For further information visit https://errors.pydantic.dev/2.8/v/missing
keyword
  Field required [type=missing, input_value={}, input_type=dict]
    For further information visit https://errors.pydantic.dev/2.8/v/missing
contactPoint
  Field required [type=missing, input_value={}, input_type=dict]
    For further information visit https://errors.pydantic.dev/2.8/v/missing
publisher
  Field required [type=missing, input_value={}, input_type=dict]
    For further information visit https://errors.pydantic.dev/2.8/v/missing
identifier
  Field required [type=missing, input_value={}, input_type=dict]
    For further information visit https://errors.pydantic.dev/2.8/v/missing
description
  Field required [type=missing, input_value={}, input_type=dict]
    For further information visit https://errors.pydantic.dev/2.8/v/missing
title
  Field required [type=missing, input_value={}, input_type=dict]
    For further information visit https://errors.pydantic.dev/2.8/v/missing
programCode
  Field required [type=missing, input_value={}, input_type=dict]
    For further information visit https://errors.pydantic.dev/2.8/v/missing
distribution
  Field required [type=missing, input_value={}, input_type=dict]
    For further information visit https://errors.pydantic.dev/2.8/v/missing
theme
  Field required [type=missing, input_value={}, input_type=dict]
    For further information visit https://errors.pydantic.dev/2.8/v/missing
2024-08-23 12:40:38 - ERROR - Validation error for dataset: Unknown title
Traceback (most recent call last):
  File "C:\Users\edmun\Projects\Repositories\healthpartners-interview\src\healthpartners_interview\download.py", line 31, in fetch_datasets
    dataset = Dataset(**current_item)
              ^^^^^^^^^^^^^^^^^^^^^^^
  File "C:\Users\edmun\Projects\Repositories\healthpartners-interview\.venv\Lib\site-packages\pydantic\main.py", line 193, in __init__
    self.__pydantic_validator__.validate_python(data, self_instance=self)
pydantic_core._pydantic_core.ValidationError: 16 validation errors for Dataset
accessLevel
  Field required [type=missing, input_value={}, input_type=dict]
    For further information visit https://errors.pydantic.dev/2.8/v/missing
landingPage
  Field required [type=missing, input_value={}, input_type=dict]
    For further information visit https://errors.pydantic.dev/2.8/v/missing
bureauCode
  Field required [type=missing, input_value={}, input_type=dict]
    For further information visit https://errors.pydantic.dev/2.8/v/missing
issued
  Field required [type=missing, input_value={}, input_type=dict]
    For further information visit https://errors.pydantic.dev/2.8/v/missing
@type
  Field required [type=missing, input_value={}, input_type=dict]
    For further information visit https://errors.pydantic.dev/2.8/v/missing
modified
  Field required [type=missing, input_value={}, input_type=dict]
    For further information visit https://errors.pydantic.dev/2.8/v/missing
released
  Field required [type=missing, input_value={}, input_type=dict]
    For further information visit https://errors.pydantic.dev/2.8/v/missing
keyword
  Field required [type=missing, input_value={}, input_type=dict]
    For further information visit https://errors.pydantic.dev/2.8/v/missing
contactPoint
  Field required [type=missing, input_value={}, input_type=dict]
    For further information visit https://errors.pydantic.dev/2.8/v/missing
publisher
  Field required [type=missing, input_value={}, input_type=dict]
    For further information visit https://errors.pydantic.dev/2.8/v/missing
identifier
  Field required [type=missing, input_value={}, input_type=dict]
    For further information visit https://errors.pydantic.dev/2.8/v/missing
description
  Field required [type=missing, input_value={}, input_type=dict]
    For further information visit https://errors.pydantic.dev/2.8/v/missing
title
  Field required [type=missing, input_value={}, input_type=dict]
    For further information visit https://errors.pydantic.dev/2.8/v/missing
programCode
  Field required [type=missing, input_value={}, input_type=dict]
    For further information visit https://errors.pydantic.dev/2.8/v/missing
distribution
  Field required [type=missing, input_value={}, input_type=dict]
    For further information visit https://errors.pydantic.dev/2.8/v/missing
theme
  Field required [type=missing, input_value={}, input_type=dict]
    For further information visit https://errors.pydantic.dev/2.8/v/missing
2024-08-23 12:40:38 - ERROR - Validation error for dataset: Unknown title
Traceback (most recent call last):
  File "C:\Users\edmun\Projects\Repositories\healthpartners-interview\src\healthpartners_interview\download.py", line 31, in fetch_datasets
    dataset = Dataset(**current_item)
              ^^^^^^^^^^^^^^^^^^^^^^^
  File "C:\Users\edmun\Projects\Repositories\healthpartners-interview\.venv\Lib\site-packages\pydantic\main.py", line 193, in __init__
    self.__pydantic_validator__.validate_python(data, self_instance=self)
pydantic_core._pydantic_core.ValidationError: 16 validation errors for Dataset
accessLevel
  Field required [type=missing, input_value={}, input_type=dict]
    For further information visit https://errors.pydantic.dev/2.8/v/missing
landingPage
  Field required [type=missing, input_value={}, input_type=dict]
    For further information visit https://errors.pydantic.dev/2.8/v/missing
bureauCode
  Field required [type=missing, input_value={}, input_type=dict]
    For further information visit https://errors.pydantic.dev/2.8/v/missing
issued
  Field required [type=missing, input_value={}, input_type=dict]
    For further information visit https://errors.pydantic.dev/2.8/v/missing
@type
  Field required [type=missing, input_value={}, input_type=dict]
    For further information visit https://errors.pydantic.dev/2.8/v/missing
modified
  Field required [type=missing, input_value={}, input_type=dict]
    For further information visit https://errors.pydantic.dev/2.8/v/missing
released
  Field required [type=missing, input_value={}, input_type=dict]
    For further information visit https://errors.pydantic.dev/2.8/v/missing
keyword
  Field required [type=missing, input_value={}, input_type=dict]
    For further information visit https://errors.pydantic.dev/2.8/v/missing
contactPoint
  Field required [type=missing, input_value={}, input_type=dict]
    For further information visit https://errors.pydantic.dev/2.8/v/missing
publisher
  Field required [type=missing, input_value={}, input_type=dict]
    For further information visit https://errors.pydantic.dev/2.8/v/missing
identifier
  Field required [type=missing, input_value={}, input_type=dict]
    For further information visit https://errors.pydantic.dev/2.8/v/missing
description
  Field required [type=missing, input_value={}, input_type=dict]
    For further information visit https://errors.pydantic.dev/2.8/v/missing
title
  Field required [type=missing, input_value={}, input_type=dict]
    For further information visit https://errors.pydantic.dev/2.8/v/missing
programCode
  Field required [type=missing, input_value={}, input_type=dict]
    For further information visit https://errors.pydantic.dev/2.8/v/missing
distribution
  Field required [type=missing, input_value={}, input_type=dict]
    For further information visit https://errors.pydantic.dev/2.8/v/missing
theme
  Field required [type=missing, input_value={}, input_type=dict]
    For further information visit https://errors.pydantic.dev/2.8/v/missing
2024-08-23 12:40:38 - ERROR - Validation error for dataset: Unknown title
Traceback (most recent call last):
  File "C:\Users\edmun\Projects\Repositories\healthpartners-interview\src\healthpartners_interview\download.py", line 31, in fetch_datasets
    dataset = Dataset(**current_item)
              ^^^^^^^^^^^^^^^^^^^^^^^
  File "C:\Users\edmun\Projects\Repositories\healthpartners-interview\.venv\Lib\site-packages\pydantic\main.py", line 193, in __init__
    self.__pydantic_validator__.validate_python(data, self_instance=self)
pydantic_core._pydantic_core.ValidationError: 16 validation errors for Dataset
accessLevel
  Field required [type=missing, input_value={'item': 'theme'}, input_type=dict]
    For further information visit https://errors.pydantic.dev/2.8/v/missing
landingPage
  Field required [type=missing, input_value={'item': 'theme'}, input_type=dict]
    For further information visit https://errors.pydantic.dev/2.8/v/missing
bureauCode
  Field required [type=missing, input_value={'item': 'theme'}, input_type=dict]
    For further information visit https://errors.pydantic.dev/2.8/v/missing
issued
  Field required [type=missing, input_value={'item': 'theme'}, input_type=dict]
    For further information visit https://errors.pydantic.dev/2.8/v/missing
@type
  Field required [type=missing, input_value={'item': 'theme'}, input_type=dict]
    For further information visit https://errors.pydantic.dev/2.8/v/missing
modified
  Field required [type=missing, input_value={'item': 'theme'}, input_type=dict]
    For further information visit https://errors.pydantic.dev/2.8/v/missing
released
  Field required [type=missing, input_value={'item': 'theme'}, input_type=dict]
    For further information visit https://errors.pydantic.dev/2.8/v/missing
keyword
  Field required [type=missing, input_value={'item': 'theme'}, input_type=dict]
    For further information visit https://errors.pydantic.dev/2.8/v/missing
contactPoint
  Field required [type=missing, input_value={'item': 'theme'}, input_type=dict]
    For further information visit https://errors.pydantic.dev/2.8/v/missing
publisher
  Field required [type=missing, input_value={'item': 'theme'}, input_type=dict]
    For further information visit https://errors.pydantic.dev/2.8/v/missing
identifier
  Field required [type=missing, input_value={'item': 'theme'}, input_type=dict]
    For further information visit https://errors.pydantic.dev/2.8/v/missing
description
  Field required [type=missing, input_value={'item': 'theme'}, input_type=dict]
    For further information visit https://errors.pydantic.dev/2.8/v/missing
title
  Field required [type=missing, input_value={'item': 'theme'}, input_type=dict]
    For further information visit https://errors.pydantic.dev/2.8/v/missing
programCode
  Field required [type=missing, input_value={'item': 'theme'}, input_type=dict]
    For further information visit https://errors.pydantic.dev/2.8/v/missing
distribution
  Field required [type=missing, input_value={'item': 'theme'}, input_type=dict]
    For further information visit https://errors.pydantic.dev/2.8/v/missing
theme
  Field required [type=missing, input_value={'item': 'theme'}, input_type=dict]
    For further information visit https://errors.pydantic.dev/2.8/v/missing
2024-08-23 12:40:38 - ERROR - Validation error for dataset: Unknown title
Traceback (most recent call last):
  File "C:\Users\edmun\Projects\Repositories\healthpartners-interview\src\healthpartners_interview\download.py", line 31, in fetch_datasets
    dataset = Dataset(**current_item)
              ^^^^^^^^^^^^^^^^^^^^^^^
  File "C:\Users\edmun\Projects\Repositories\healthpartners-interview\.venv\Lib\site-packages\pydantic\main.py", line 193, in __init__
    self.__pydantic_validator__.validate_python(data, self_instance=self)
pydantic_core._pydantic_core.ValidationError: 16 validation errors for Dataset
accessLevel
  Field required [type=missing, input_value={}, input_type=dict]
    For further information visit https://errors.pydantic.dev/2.8/v/missing
landingPage
  Field required [type=missing, input_value={}, input_type=dict]
    For further information visit https://errors.pydantic.dev/2.8/v/missing
bureauCode
  Field required [type=missing, input_value={}, input_type=dict]
    For further information visit https://errors.pydantic.dev/2.8/v/missing
issued
  Field required [type=missing, input_value={}, input_type=dict]
    For further information visit https://errors.pydantic.dev/2.8/v/missing
@type
  Field required [type=missing, input_value={}, input_type=dict]
    For further information visit https://errors.pydantic.dev/2.8/v/missing
modified
  Field required [type=missing, input_value={}, input_type=dict]
    For further information visit https://errors.pydantic.dev/2.8/v/missing
released
  Field required [type=missing, input_value={}, input_type=dict]
    For further information visit https://errors.pydantic.dev/2.8/v/missing
keyword
  Field required [type=missing, input_value={}, input_type=dict]
    For further information visit https://errors.pydantic.dev/2.8/v/missing
contactPoint
  Field required [type=missing, input_value={}, input_type=dict]
    For further information visit https://errors.pydantic.dev/2.8/v/missing
publisher
  Field required [type=missing, input_value={}, input_type=dict]
    For further information visit https://errors.pydantic.dev/2.8/v/missing
identifier
  Field required [type=missing, input_value={}, input_type=dict]
    For further information visit https://errors.pydantic.dev/2.8/v/missing
description
  Field required [type=missing, input_value={}, input_type=dict]
    For further information visit https://errors.pydantic.dev/2.8/v/missing
title
  Field required [type=missing, input_value={}, input_type=dict]
    For further information visit https://errors.pydantic.dev/2.8/v/missing
programCode
  Field required [type=missing, input_value={}, input_type=dict]
    For further information visit https://errors.pydantic.dev/2.8/v/missing
distribution
  Field required [type=missing, input_value={}, input_type=dict]
    For further information visit https://errors.pydantic.dev/2.8/v/missing
theme
  Field required [type=missing, input_value={}, input_type=dict]
    For further information visit https://errors.pydantic.dev/2.8/v/missing
2024-08-23 12:40:38 - ERROR - Validation error for dataset: Unknown title
Traceback (most recent call last):
  File "C:\Users\edmun\Projects\Repositories\healthpartners-interview\src\healthpartners_interview\download.py", line 31, in fetch_datasets
    dataset = Dataset(**current_item)
              ^^^^^^^^^^^^^^^^^^^^^^^
  File "C:\Users\edmun\Projects\Repositories\healthpartners-interview\.venv\Lib\site-packages\pydantic\main.py", line 193, in __init__
    self.__pydantic_validator__.validate_python(data, self_instance=self)
pydantic_core._pydantic_core.ValidationError: 16 validation errors for Dataset
accessLevel
  Field required [type=missing, input_value={}, input_type=dict]
    For further information visit https://errors.pydantic.dev/2.8/v/missing
landingPage
  Field required [type=missing, input_value={}, input_type=dict]
    For further information visit https://errors.pydantic.dev/2.8/v/missing
bureauCode
  Field required [type=missing, input_value={}, input_type=dict]
    For further information visit https://errors.pydantic.dev/2.8/v/missing
issued
  Field required [type=missing, input_value={}, input_type=dict]
    For further information visit https://errors.pydantic.dev/2.8/v/missing
@type
  Field required [type=missing, input_value={}, input_type=dict]
    For further information visit https://errors.pydantic.dev/2.8/v/missing
modified
  Field required [type=missing, input_value={}, input_type=dict]
    For further information visit https://errors.pydantic.dev/2.8/v/missing
released
  Field required [type=missing, input_value={}, input_type=dict]
    For further information visit https://errors.pydantic.dev/2.8/v/missing
keyword
  Field required [type=missing, input_value={}, input_type=dict]
    For further information visit https://errors.pydantic.dev/2.8/v/missing
contactPoint
  Field required [type=missing, input_value={}, input_type=dict]
    For further information visit https://errors.pydantic.dev/2.8/v/missing
publisher
  Field required [type=missing, input_value={}, input_type=dict]
    For further information visit https://errors.pydantic.dev/2.8/v/missing
identifier
  Field required [type=missing, input_value={}, input_type=dict]
    For further information visit https://errors.pydantic.dev/2.8/v/missing
description
  Field required [type=missing, input_value={}, input_type=dict]
    For further information visit https://errors.pydantic.dev/2.8/v/missing
title
  Field required [type=missing, input_value={}, input_type=dict]
    For further information visit https://errors.pydantic.dev/2.8/v/missing
programCode
  Field required [type=missing, input_value={}, input_type=dict]
    For further information visit https://errors.pydantic.dev/2.8/v/missing
distribution
  Field required [type=missing, input_value={}, input_type=dict]
    For further information visit https://errors.pydantic.dev/2.8/v/missing
theme
  Field required [type=missing, input_value={}, input_type=dict]
    For further information visit https://errors.pydantic.dev/2.8/v/missing
2024-08-23 12:40:38 - ERROR - Validation error for dataset: Unknown title
Traceback (most recent call last):
  File "C:\Users\edmun\Projects\Repositories\healthpartners-interview\src\healthpartners_interview\download.py", line 31, in fetch_datasets
    dataset = Dataset(**current_item)
              ^^^^^^^^^^^^^^^^^^^^^^^
  File "C:\Users\edmun\Projects\Repositories\healthpartners-interview\.venv\Lib\site-packages\pydantic\main.py", line 193, in __init__
    self.__pydantic_validator__.validate_python(data, self_instance=self)
pydantic_core._pydantic_core.ValidationError: 16 validation errors for Dataset
accessLevel
  Field required [type=missing, input_value={}, input_type=dict]
    For further information visit https://errors.pydantic.dev/2.8/v/missing
landingPage
  Field required [type=missing, input_value={}, input_type=dict]
    For further information visit https://errors.pydantic.dev/2.8/v/missing
bureauCode
  Field required [type=missing, input_value={}, input_type=dict]
    For further information visit https://errors.pydantic.dev/2.8/v/missing
issued
  Field required [type=missing, input_value={}, input_type=dict]
    For further information visit https://errors.pydantic.dev/2.8/v/missing
@type
  Field required [type=missing, input_value={}, input_type=dict]
    For further information visit https://errors.pydantic.dev/2.8/v/missing
modified
  Field required [type=missing, input_value={}, input_type=dict]
    For further information visit https://errors.pydantic.dev/2.8/v/missing
released
  Field required [type=missing, input_value={}, input_type=dict]
    For further information visit https://errors.pydantic.dev/2.8/v/missing
keyword
  Field required [type=missing, input_value={}, input_type=dict]
    For further information visit https://errors.pydantic.dev/2.8/v/missing
contactPoint
  Field required [type=missing, input_value={}, input_type=dict]
    For further information visit https://errors.pydantic.dev/2.8/v/missing
publisher
  Field required [type=missing, input_value={}, input_type=dict]
    For further information visit https://errors.pydantic.dev/2.8/v/missing
identifier
  Field required [type=missing, input_value={}, input_type=dict]
    For further information visit https://errors.pydantic.dev/2.8/v/missing
description
  Field required [type=missing, input_value={}, input_type=dict]
    For further information visit https://errors.pydantic.dev/2.8/v/missing
title
  Field required [type=missing, input_value={}, input_type=dict]
    For further information visit https://errors.pydantic.dev/2.8/v/missing
programCode
  Field required [type=missing, input_value={}, input_type=dict]
    For further information visit https://errors.pydantic.dev/2.8/v/missing
distribution
  Field required [type=missing, input_value={}, input_type=dict]
    For further information visit https://errors.pydantic.dev/2.8/v/missing
theme
  Field required [type=missing, input_value={}, input_type=dict]
    For further information visit https://errors.pydantic.dev/2.8/v/missing
2024-08-23 12:40:38 - ERROR - Validation error for dataset: Unknown title
Traceback (most recent call last):
  File "C:\Users\edmun\Projects\Repositories\healthpartners-interview\src\healthpartners_interview\download.py", line 31, in fetch_datasets
    dataset = Dataset(**current_item)
              ^^^^^^^^^^^^^^^^^^^^^^^
  File "C:\Users\edmun\Projects\Repositories\healthpartners-interview\.venv\Lib\site-packages\pydantic\main.py", line 193, in __init__
    self.__pydantic_validator__.validate_python(data, self_instance=self)
pydantic_core._pydantic_core.ValidationError: 16 validation errors for Dataset
accessLevel
  Field required [type=missing, input_value={'item': 'theme'}, input_type=dict]
    For further information visit https://errors.pydantic.dev/2.8/v/missing
landingPage
  Field required [type=missing, input_value={'item': 'theme'}, input_type=dict]
    For further information visit https://errors.pydantic.dev/2.8/v/missing
bureauCode
  Field required [type=missing, input_value={'item': 'theme'}, input_type=dict]
    For further information visit https://errors.pydantic.dev/2.8/v/missing
issued
  Field required [type=missing, input_value={'item': 'theme'}, input_type=dict]
    For further information visit https://errors.pydantic.dev/2.8/v/missing
@type
  Field required [type=missing, input_value={'item': 'theme'}, input_type=dict]
    For further information visit https://errors.pydantic.dev/2.8/v/missing
modified
  Field required [type=missing, input_value={'item': 'theme'}, input_type=dict]
    For further information visit https://errors.pydantic.dev/2.8/v/missing
released
  Field required [type=missing, input_value={'item': 'theme'}, input_type=dict]
    For further information visit https://errors.pydantic.dev/2.8/v/missing
keyword
  Field required [type=missing, input_value={'item': 'theme'}, input_type=dict]
    For further information visit https://errors.pydantic.dev/2.8/v/missing
contactPoint
  Field required [type=missing, input_value={'item': 'theme'}, input_type=dict]
    For further information visit https://errors.pydantic.dev/2.8/v/missing
publisher
  Field required [type=missing, input_value={'item': 'theme'}, input_type=dict]
    For further information visit https://errors.pydantic.dev/2.8/v/missing
identifier
  Field required [type=missing, input_value={'item': 'theme'}, input_type=dict]
    For further information visit https://errors.pydantic.dev/2.8/v/missing
description
  Field required [type=missing, input_value={'item': 'theme'}, input_type=dict]
    For further information visit https://errors.pydantic.dev/2.8/v/missing
title
  Field required [type=missing, input_value={'item': 'theme'}, input_type=dict]
    For further information visit https://errors.pydantic.dev/2.8/v/missing
programCode
  Field required [type=missing, input_value={'item': 'theme'}, input_type=dict]
    For further information visit https://errors.pydantic.dev/2.8/v/missing
distribution
  Field required [type=missing, input_value={'item': 'theme'}, input_type=dict]
    For further information visit https://errors.pydantic.dev/2.8/v/missing
theme
  Field required [type=missing, input_value={'item': 'theme'}, input_type=dict]
    For further information visit https://errors.pydantic.dev/2.8/v/missing
2024-08-23 12:40:38 - ERROR - Validation error for dataset: Unknown title
Traceback (most recent call last):
  File "C:\Users\edmun\Projects\Repositories\healthpartners-interview\src\healthpartners_interview\download.py", line 31, in fetch_datasets
    dataset = Dataset(**current_item)
              ^^^^^^^^^^^^^^^^^^^^^^^
  File "C:\Users\edmun\Projects\Repositories\healthpartners-interview\.venv\Lib\site-packages\pydantic\main.py", line 193, in __init__
    self.__pydantic_validator__.validate_python(data, self_instance=self)
pydantic_core._pydantic_core.ValidationError: 16 validation errors for Dataset
accessLevel
  Field required [type=missing, input_value={}, input_type=dict]
    For further information visit https://errors.pydantic.dev/2.8/v/missing
landingPage
  Field required [type=missing, input_value={}, input_type=dict]
    For further information visit https://errors.pydantic.dev/2.8/v/missing
bureauCode
  Field required [type=missing, input_value={}, input_type=dict]
    For further information visit https://errors.pydantic.dev/2.8/v/missing
issued
  Field required [type=missing, input_value={}, input_type=dict]
    For further information visit https://errors.pydantic.dev/2.8/v/missing
@type
  Field required [type=missing, input_value={}, input_type=dict]
    For further information visit https://errors.pydantic.dev/2.8/v/missing
modified
  Field required [type=missing, input_value={}, input_type=dict]
    For further information visit https://errors.pydantic.dev/2.8/v/missing
released
  Field required [type=missing, input_value={}, input_type=dict]
    For further information visit https://errors.pydantic.dev/2.8/v/missing
keyword
  Field required [type=missing, input_value={}, input_type=dict]
    For further information visit https://errors.pydantic.dev/2.8/v/missing
contactPoint
  Field required [type=missing, input_value={}, input_type=dict]
    For further information visit https://errors.pydantic.dev/2.8/v/missing
publisher
  Field required [type=missing, input_value={}, input_type=dict]
    For further information visit https://errors.pydantic.dev/2.8/v/missing
identifier
  Field required [type=missing, input_value={}, input_type=dict]
    For further information visit https://errors.pydantic.dev/2.8/v/missing
description
  Field required [type=missing, input_value={}, input_type=dict]
    For further information visit https://errors.pydantic.dev/2.8/v/missing
title
  Field required [type=missing, input_value={}, input_type=dict]
    For further information visit https://errors.pydantic.dev/2.8/v/missing
programCode
  Field required [type=missing, input_value={}, input_type=dict]
    For further information visit https://errors.pydantic.dev/2.8/v/missing
distribution
  Field required [type=missing, input_value={}, input_type=dict]
    For further information visit https://errors.pydantic.dev/2.8/v/missing
theme
  Field required [type=missing, input_value={}, input_type=dict]
    For further information visit https://errors.pydantic.dev/2.8/v/missing
2024-08-23 12:40:38 - ERROR - Validation error for dataset: Unknown title
Traceback (most recent call last):
  File "C:\Users\edmun\Projects\Repositories\healthpartners-interview\src\healthpartners_interview\download.py", line 31, in fetch_datasets
    dataset = Dataset(**current_item)
              ^^^^^^^^^^^^^^^^^^^^^^^
  File "C:\Users\edmun\Projects\Repositories\healthpartners-interview\.venv\Lib\site-packages\pydantic\main.py", line 193, in __init__
    self.__pydantic_validator__.validate_python(data, self_instance=self)
pydantic_core._pydantic_core.ValidationError: 16 validation errors for Dataset
accessLevel
  Field required [type=missing, input_value={}, input_type=dict]
    For further information visit https://errors.pydantic.dev/2.8/v/missing
landingPage
  Field required [type=missing, input_value={}, input_type=dict]
    For further information visit https://errors.pydantic.dev/2.8/v/missing
bureauCode
  Field required [type=missing, input_value={}, input_type=dict]
    For further information visit https://errors.pydantic.dev/2.8/v/missing
issued
  Field required [type=missing, input_value={}, input_type=dict]
    For further information visit https://errors.pydantic.dev/2.8/v/missing
@type
  Field required [type=missing, input_value={}, input_type=dict]
    For further information visit https://errors.pydantic.dev/2.8/v/missing
modified
  Field required [type=missing, input_value={}, input_type=dict]
    For further information visit https://errors.pydantic.dev/2.8/v/missing
released
  Field required [type=missing, input_value={}, input_type=dict]
    For further information visit https://errors.pydantic.dev/2.8/v/missing
keyword
  Field required [type=missing, input_value={}, input_type=dict]
    For further information visit https://errors.pydantic.dev/2.8/v/missing
contactPoint
  Field required [type=missing, input_value={}, input_type=dict]
    For further information visit https://errors.pydantic.dev/2.8/v/missing
publisher
  Field required [type=missing, input_value={}, input_type=dict]
    For further information visit https://errors.pydantic.dev/2.8/v/missing
identifier
  Field required [type=missing, input_value={}, input_type=dict]
    For further information visit https://errors.pydantic.dev/2.8/v/missing
description
  Field required [type=missing, input_value={}, input_type=dict]
    For further information visit https://errors.pydantic.dev/2.8/v/missing
title
  Field required [type=missing, input_value={}, input_type=dict]
    For further information visit https://errors.pydantic.dev/2.8/v/missing
programCode
  Field required [type=missing, input_value={}, input_type=dict]
    For further information visit https://errors.pydantic.dev/2.8/v/missing
distribution
  Field required [type=missing, input_value={}, input_type=dict]
    For further information visit https://errors.pydantic.dev/2.8/v/missing
theme
  Field required [type=missing, input_value={}, input_type=dict]
    For further information visit https://errors.pydantic.dev/2.8/v/missing
2024-08-23 12:40:38 - ERROR - Validation error for dataset: Unknown title
Traceback (most recent call last):
  File "C:\Users\edmun\Projects\Repositories\healthpartners-interview\src\healthpartners_interview\download.py", line 31, in fetch_datasets
    dataset = Dataset(**current_item)
              ^^^^^^^^^^^^^^^^^^^^^^^
  File "C:\Users\edmun\Projects\Repositories\healthpartners-interview\.venv\Lib\site-packages\pydantic\main.py", line 193, in __init__
    self.__pydantic_validator__.validate_python(data, self_instance=self)
pydantic_core._pydantic_core.ValidationError: 16 validation errors for Dataset
accessLevel
  Field required [type=missing, input_value={}, input_type=dict]
    For further information visit https://errors.pydantic.dev/2.8/v/missing
landingPage
  Field required [type=missing, input_value={}, input_type=dict]
    For further information visit https://errors.pydantic.dev/2.8/v/missing
bureauCode
  Field required [type=missing, input_value={}, input_type=dict]
    For further information visit https://errors.pydantic.dev/2.8/v/missing
issued
  Field required [type=missing, input_value={}, input_type=dict]
    For further information visit https://errors.pydantic.dev/2.8/v/missing
@type
  Field required [type=missing, input_value={}, input_type=dict]
    For further information visit https://errors.pydantic.dev/2.8/v/missing
modified
  Field required [type=missing, input_value={}, input_type=dict]
    For further information visit https://errors.pydantic.dev/2.8/v/missing
released
  Field required [type=missing, input_value={}, input_type=dict]
    For further information visit https://errors.pydantic.dev/2.8/v/missing
keyword
  Field required [type=missing, input_value={}, input_type=dict]
    For further information visit https://errors.pydantic.dev/2.8/v/missing
contactPoint
  Field required [type=missing, input_value={}, input_type=dict]
    For further information visit https://errors.pydantic.dev/2.8/v/missing
publisher
  Field required [type=missing, input_value={}, input_type=dict]
    For further information visit https://errors.pydantic.dev/2.8/v/missing
identifier
  Field required [type=missing, input_value={}, input_type=dict]
    For further information visit https://errors.pydantic.dev/2.8/v/missing
description
  Field required [type=missing, input_value={}, input_type=dict]
    For further information visit https://errors.pydantic.dev/2.8/v/missing
title
  Field required [type=missing, input_value={}, input_type=dict]
    For further information visit https://errors.pydantic.dev/2.8/v/missing
programCode
  Field required [type=missing, input_value={}, input_type=dict]
    For further information visit https://errors.pydantic.dev/2.8/v/missing
distribution
  Field required [type=missing, input_value={}, input_type=dict]
    For further information visit https://errors.pydantic.dev/2.8/v/missing
theme
  Field required [type=missing, input_value={}, input_type=dict]
    For further information visit https://errors.pydantic.dev/2.8/v/missing
2024-08-23 12:40:38 - ERROR - Validation error for dataset: Unknown title
Traceback (most recent call last):
  File "C:\Users\edmun\Projects\Repositories\healthpartners-interview\src\healthpartners_interview\download.py", line 31, in fetch_datasets
    dataset = Dataset(**current_item)
              ^^^^^^^^^^^^^^^^^^^^^^^
  File "C:\Users\edmun\Projects\Repositories\healthpartners-interview\.venv\Lib\site-packages\pydantic\main.py", line 193, in __init__
    self.__pydantic_validator__.validate_python(data, self_instance=self)
pydantic_core._pydantic_core.ValidationError: 16 validation errors for Dataset
accessLevel
  Field required [type=missing, input_value={'item': 'theme'}, input_type=dict]
    For further information visit https://errors.pydantic.dev/2.8/v/missing
landingPage
  Field required [type=missing, input_value={'item': 'theme'}, input_type=dict]
    For further information visit https://errors.pydantic.dev/2.8/v/missing
bureauCode
  Field required [type=missing, input_value={'item': 'theme'}, input_type=dict]
    For further information visit https://errors.pydantic.dev/2.8/v/missing
issued
  Field required [type=missing, input_value={'item': 'theme'}, input_type=dict]
    For further information visit https://errors.pydantic.dev/2.8/v/missing
@type
  Field required [type=missing, input_value={'item': 'theme'}, input_type=dict]
    For further information visit https://errors.pydantic.dev/2.8/v/missing
modified
  Field required [type=missing, input_value={'item': 'theme'}, input_type=dict]
    For further information visit https://errors.pydantic.dev/2.8/v/missing
released
  Field required [type=missing, input_value={'item': 'theme'}, input_type=dict]
    For further information visit https://errors.pydantic.dev/2.8/v/missing
keyword
  Field required [type=missing, input_value={'item': 'theme'}, input_type=dict]
    For further information visit https://errors.pydantic.dev/2.8/v/missing
contactPoint
  Field required [type=missing, input_value={'item': 'theme'}, input_type=dict]
    For further information visit https://errors.pydantic.dev/2.8/v/missing
publisher
  Field required [type=missing, input_value={'item': 'theme'}, input_type=dict]
    For further information visit https://errors.pydantic.dev/2.8/v/missing
identifier
  Field required [type=missing, input_value={'item': 'theme'}, input_type=dict]
    For further information visit https://errors.pydantic.dev/2.8/v/missing
description
  Field required [type=missing, input_value={'item': 'theme'}, input_type=dict]
    For further information visit https://errors.pydantic.dev/2.8/v/missing
title
  Field required [type=missing, input_value={'item': 'theme'}, input_type=dict]
    For further information visit https://errors.pydantic.dev/2.8/v/missing
programCode
  Field required [type=missing, input_value={'item': 'theme'}, input_type=dict]
    For further information visit https://errors.pydantic.dev/2.8/v/missing
distribution
  Field required [type=missing, input_value={'item': 'theme'}, input_type=dict]
    For further information visit https://errors.pydantic.dev/2.8/v/missing
theme
  Field required [type=missing, input_value={'item': 'theme'}, input_type=dict]
    For further information visit https://errors.pydantic.dev/2.8/v/missing
2024-08-23 12:40:38 - ERROR - Validation error for dataset: Unknown title
Traceback (most recent call last):
  File "C:\Users\edmun\Projects\Repositories\healthpartners-interview\src\healthpartners_interview\download.py", line 31, in fetch_datasets
    dataset = Dataset(**current_item)
              ^^^^^^^^^^^^^^^^^^^^^^^
  File "C:\Users\edmun\Projects\Repositories\healthpartners-interview\.venv\Lib\site-packages\pydantic\main.py", line 193, in __init__
    self.__pydantic_validator__.validate_python(data, self_instance=self)
pydantic_core._pydantic_core.ValidationError: 16 validation errors for Dataset
accessLevel
  Field required [type=missing, input_value={}, input_type=dict]
    For further information visit https://errors.pydantic.dev/2.8/v/missing
landingPage
  Field required [type=missing, input_value={}, input_type=dict]
    For further information visit https://errors.pydantic.dev/2.8/v/missing
bureauCode
  Field required [type=missing, input_value={}, input_type=dict]
    For further information visit https://errors.pydantic.dev/2.8/v/missing
issued
  Field required [type=missing, input_value={}, input_type=dict]
    For further information visit https://errors.pydantic.dev/2.8/v/missing
@type
  Field required [type=missing, input_value={}, input_type=dict]
    For further information visit https://errors.pydantic.dev/2.8/v/missing
modified
  Field required [type=missing, input_value={}, input_type=dict]
    For further information visit https://errors.pydantic.dev/2.8/v/missing
released
  Field required [type=missing, input_value={}, input_type=dict]
    For further information visit https://errors.pydantic.dev/2.8/v/missing
keyword
  Field required [type=missing, input_value={}, input_type=dict]
    For further information visit https://errors.pydantic.dev/2.8/v/missing
contactPoint
  Field required [type=missing, input_value={}, input_type=dict]
    For further information visit https://errors.pydantic.dev/2.8/v/missing
publisher
  Field required [type=missing, input_value={}, input_type=dict]
    For further information visit https://errors.pydantic.dev/2.8/v/missing
identifier
  Field required [type=missing, input_value={}, input_type=dict]
    For further information visit https://errors.pydantic.dev/2.8/v/missing
description
  Field required [type=missing, input_value={}, input_type=dict]
    For further information visit https://errors.pydantic.dev/2.8/v/missing
title
  Field required [type=missing, input_value={}, input_type=dict]
    For further information visit https://errors.pydantic.dev/2.8/v/missing
programCode
  Field required [type=missing, input_value={}, input_type=dict]
    For further information visit https://errors.pydantic.dev/2.8/v/missing
distribution
  Field required [type=missing, input_value={}, input_type=dict]
    For further information visit https://errors.pydantic.dev/2.8/v/missing
theme
  Field required [type=missing, input_value={}, input_type=dict]
    For further information visit https://errors.pydantic.dev/2.8/v/missing
2024-08-23 12:40:38 - ERROR - Validation error for dataset: Unknown title
Traceback (most recent call last):
  File "C:\Users\edmun\Projects\Repositories\healthpartners-interview\src\healthpartners_interview\download.py", line 31, in fetch_datasets
    dataset = Dataset(**current_item)
              ^^^^^^^^^^^^^^^^^^^^^^^
  File "C:\Users\edmun\Projects\Repositories\healthpartners-interview\.venv\Lib\site-packages\pydantic\main.py", line 193, in __init__
    self.__pydantic_validator__.validate_python(data, self_instance=self)
pydantic_core._pydantic_core.ValidationError: 16 validation errors for Dataset
accessLevel
  Field required [type=missing, input_value={}, input_type=dict]
    For further information visit https://errors.pydantic.dev/2.8/v/missing
landingPage
  Field required [type=missing, input_value={}, input_type=dict]
    For further information visit https://errors.pydantic.dev/2.8/v/missing
bureauCode
  Field required [type=missing, input_value={}, input_type=dict]
    For further information visit https://errors.pydantic.dev/2.8/v/missing
issued
  Field required [type=missing, input_value={}, input_type=dict]
    For further information visit https://errors.pydantic.dev/2.8/v/missing
@type
  Field required [type=missing, input_value={}, input_type=dict]
    For further information visit https://errors.pydantic.dev/2.8/v/missing
modified
  Field required [type=missing, input_value={}, input_type=dict]
    For further information visit https://errors.pydantic.dev/2.8/v/missing
released
  Field required [type=missing, input_value={}, input_type=dict]
    For further information visit https://errors.pydantic.dev/2.8/v/missing
keyword
  Field required [type=missing, input_value={}, input_type=dict]
    For further information visit https://errors.pydantic.dev/2.8/v/missing
contactPoint
  Field required [type=missing, input_value={}, input_type=dict]
    For further information visit https://errors.pydantic.dev/2.8/v/missing
publisher
  Field required [type=missing, input_value={}, input_type=dict]
    For further information visit https://errors.pydantic.dev/2.8/v/missing
identifier
  Field required [type=missing, input_value={}, input_type=dict]
    For further information visit https://errors.pydantic.dev/2.8/v/missing
description
  Field required [type=missing, input_value={}, input_type=dict]
    For further information visit https://errors.pydantic.dev/2.8/v/missing
title
  Field required [type=missing, input_value={}, input_type=dict]
    For further information visit https://errors.pydantic.dev/2.8/v/missing
programCode
  Field required [type=missing, input_value={}, input_type=dict]
    For further information visit https://errors.pydantic.dev/2.8/v/missing
distribution
  Field required [type=missing, input_value={}, input_type=dict]
    For further information visit https://errors.pydantic.dev/2.8/v/missing
theme
  Field required [type=missing, input_value={}, input_type=dict]
    For further information visit https://errors.pydantic.dev/2.8/v/missing
2024-08-23 12:40:38 - ERROR - Validation error for dataset: Unknown title
Traceback (most recent call last):
  File "C:\Users\edmun\Projects\Repositories\healthpartners-interview\src\healthpartners_interview\download.py", line 31, in fetch_datasets
    dataset = Dataset(**current_item)
              ^^^^^^^^^^^^^^^^^^^^^^^
  File "C:\Users\edmun\Projects\Repositories\healthpartners-interview\.venv\Lib\site-packages\pydantic\main.py", line 193, in __init__
    self.__pydantic_validator__.validate_python(data, self_instance=self)
pydantic_core._pydantic_core.ValidationError: 16 validation errors for Dataset
accessLevel
  Field required [type=missing, input_value={}, input_type=dict]
    For further information visit https://errors.pydantic.dev/2.8/v/missing
landingPage
  Field required [type=missing, input_value={}, input_type=dict]
    For further information visit https://errors.pydantic.dev/2.8/v/missing
bureauCode
  Field required [type=missing, input_value={}, input_type=dict]
    For further information visit https://errors.pydantic.dev/2.8/v/missing
issued
  Field required [type=missing, input_value={}, input_type=dict]
    For further information visit https://errors.pydantic.dev/2.8/v/missing
@type
  Field required [type=missing, input_value={}, input_type=dict]
    For further information visit https://errors.pydantic.dev/2.8/v/missing
modified
  Field required [type=missing, input_value={}, input_type=dict]
    For further information visit https://errors.pydantic.dev/2.8/v/missing
released
  Field required [type=missing, input_value={}, input_type=dict]
    For further information visit https://errors.pydantic.dev/2.8/v/missing
keyword
  Field required [type=missing, input_value={}, input_type=dict]
    For further information visit https://errors.pydantic.dev/2.8/v/missing
contactPoint
  Field required [type=missing, input_value={}, input_type=dict]
    For further information visit https://errors.pydantic.dev/2.8/v/missing
publisher
  Field required [type=missing, input_value={}, input_type=dict]
    For further information visit https://errors.pydantic.dev/2.8/v/missing
identifier
  Field required [type=missing, input_value={}, input_type=dict]
    For further information visit https://errors.pydantic.dev/2.8/v/missing
description
  Field required [type=missing, input_value={}, input_type=dict]
    For further information visit https://errors.pydantic.dev/2.8/v/missing
title
  Field required [type=missing, input_value={}, input_type=dict]
    For further information visit https://errors.pydantic.dev/2.8/v/missing
programCode
  Field required [type=missing, input_value={}, input_type=dict]
    For further information visit https://errors.pydantic.dev/2.8/v/missing
distribution
  Field required [type=missing, input_value={}, input_type=dict]
    For further information visit https://errors.pydantic.dev/2.8/v/missing
theme
  Field required [type=missing, input_value={}, input_type=dict]
    For further information visit https://errors.pydantic.dev/2.8/v/missing
2024-08-23 12:40:38 - ERROR - Validation error for dataset: Unknown title
Traceback (most recent call last):
  File "C:\Users\edmun\Projects\Repositories\healthpartners-interview\src\healthpartners_interview\download.py", line 31, in fetch_datasets
    dataset = Dataset(**current_item)
              ^^^^^^^^^^^^^^^^^^^^^^^
  File "C:\Users\edmun\Projects\Repositories\healthpartners-interview\.venv\Lib\site-packages\pydantic\main.py", line 193, in __init__
    self.__pydantic_validator__.validate_python(data, self_instance=self)
pydantic_core._pydantic_core.ValidationError: 16 validation errors for Dataset
accessLevel
  Field required [type=missing, input_value={'item': 'theme'}, input_type=dict]
    For further information visit https://errors.pydantic.dev/2.8/v/missing
landingPage
  Field required [type=missing, input_value={'item': 'theme'}, input_type=dict]
    For further information visit https://errors.pydantic.dev/2.8/v/missing
bureauCode
  Field required [type=missing, input_value={'item': 'theme'}, input_type=dict]
    For further information visit https://errors.pydantic.dev/2.8/v/missing
issued
  Field required [type=missing, input_value={'item': 'theme'}, input_type=dict]
    For further information visit https://errors.pydantic.dev/2.8/v/missing
@type
  Field required [type=missing, input_value={'item': 'theme'}, input_type=dict]
    For further information visit https://errors.pydantic.dev/2.8/v/missing
modified
  Field required [type=missing, input_value={'item': 'theme'}, input_type=dict]
    For further information visit https://errors.pydantic.dev/2.8/v/missing
released
  Field required [type=missing, input_value={'item': 'theme'}, input_type=dict]
    For further information visit https://errors.pydantic.dev/2.8/v/missing
keyword
  Field required [type=missing, input_value={'item': 'theme'}, input_type=dict]
    For further information visit https://errors.pydantic.dev/2.8/v/missing
contactPoint
  Field required [type=missing, input_value={'item': 'theme'}, input_type=dict]
    For further information visit https://errors.pydantic.dev/2.8/v/missing
publisher
  Field required [type=missing, input_value={'item': 'theme'}, input_type=dict]
    For further information visit https://errors.pydantic.dev/2.8/v/missing
identifier
  Field required [type=missing, input_value={'item': 'theme'}, input_type=dict]
    For further information visit https://errors.pydantic.dev/2.8/v/missing
description
  Field required [type=missing, input_value={'item': 'theme'}, input_type=dict]
    For further information visit https://errors.pydantic.dev/2.8/v/missing
title
  Field required [type=missing, input_value={'item': 'theme'}, input_type=dict]
    For further information visit https://errors.pydantic.dev/2.8/v/missing
programCode
  Field required [type=missing, input_value={'item': 'theme'}, input_type=dict]
    For further information visit https://errors.pydantic.dev/2.8/v/missing
distribution
  Field required [type=missing, input_value={'item': 'theme'}, input_type=dict]
    For further information visit https://errors.pydantic.dev/2.8/v/missing
theme
  Field required [type=missing, input_value={'item': 'theme'}, input_type=dict]
    For further information visit https://errors.pydantic.dev/2.8/v/missing
2024-08-23 12:40:38 - ERROR - Validation error for dataset: Unknown title
Traceback (most recent call last):
  File "C:\Users\edmun\Projects\Repositories\healthpartners-interview\src\healthpartners_interview\download.py", line 31, in fetch_datasets
    dataset = Dataset(**current_item)
              ^^^^^^^^^^^^^^^^^^^^^^^
  File "C:\Users\edmun\Projects\Repositories\healthpartners-interview\.venv\Lib\site-packages\pydantic\main.py", line 193, in __init__
    self.__pydantic_validator__.validate_python(data, self_instance=self)
pydantic_core._pydantic_core.ValidationError: 16 validation errors for Dataset
accessLevel
  Field required [type=missing, input_value={}, input_type=dict]
    For further information visit https://errors.pydantic.dev/2.8/v/missing
landingPage
  Field required [type=missing, input_value={}, input_type=dict]
    For further information visit https://errors.pydantic.dev/2.8/v/missing
bureauCode
  Field required [type=missing, input_value={}, input_type=dict]
    For further information visit https://errors.pydantic.dev/2.8/v/missing
issued
  Field required [type=missing, input_value={}, input_type=dict]
    For further information visit https://errors.pydantic.dev/2.8/v/missing
@type
  Field required [type=missing, input_value={}, input_type=dict]
    For further information visit https://errors.pydantic.dev/2.8/v/missing
modified
  Field required [type=missing, input_value={}, input_type=dict]
    For further information visit https://errors.pydantic.dev/2.8/v/missing
released
  Field required [type=missing, input_value={}, input_type=dict]
    For further information visit https://errors.pydantic.dev/2.8/v/missing
keyword
  Field required [type=missing, input_value={}, input_type=dict]
    For further information visit https://errors.pydantic.dev/2.8/v/missing
contactPoint
  Field required [type=missing, input_value={}, input_type=dict]
    For further information visit https://errors.pydantic.dev/2.8/v/missing
publisher
  Field required [type=missing, input_value={}, input_type=dict]
    For further information visit https://errors.pydantic.dev/2.8/v/missing
identifier
  Field required [type=missing, input_value={}, input_type=dict]
    For further information visit https://errors.pydantic.dev/2.8/v/missing
description
  Field required [type=missing, input_value={}, input_type=dict]
    For further information visit https://errors.pydantic.dev/2.8/v/missing
title
  Field required [type=missing, input_value={}, input_type=dict]
    For further information visit https://errors.pydantic.dev/2.8/v/missing
programCode
  Field required [type=missing, input_value={}, input_type=dict]
    For further information visit https://errors.pydantic.dev/2.8/v/missing
distribution
  Field required [type=missing, input_value={}, input_type=dict]
    For further information visit https://errors.pydantic.dev/2.8/v/missing
theme
  Field required [type=missing, input_value={}, input_type=dict]
    For further information visit https://errors.pydantic.dev/2.8/v/missing
2024-08-23 12:40:38 - ERROR - Validation error for dataset: Unknown title
Traceback (most recent call last):
  File "C:\Users\edmun\Projects\Repositories\healthpartners-interview\src\healthpartners_interview\download.py", line 31, in fetch_datasets
    dataset = Dataset(**current_item)
              ^^^^^^^^^^^^^^^^^^^^^^^
  File "C:\Users\edmun\Projects\Repositories\healthpartners-interview\.venv\Lib\site-packages\pydantic\main.py", line 193, in __init__
    self.__pydantic_validator__.validate_python(data, self_instance=self)
pydantic_core._pydantic_core.ValidationError: 16 validation errors for Dataset
accessLevel
  Field required [type=missing, input_value={}, input_type=dict]
    For further information visit https://errors.pydantic.dev/2.8/v/missing
landingPage
  Field required [type=missing, input_value={}, input_type=dict]
    For further information visit https://errors.pydantic.dev/2.8/v/missing
bureauCode
  Field required [type=missing, input_value={}, input_type=dict]
    For further information visit https://errors.pydantic.dev/2.8/v/missing
issued
  Field required [type=missing, input_value={}, input_type=dict]
    For further information visit https://errors.pydantic.dev/2.8/v/missing
@type
  Field required [type=missing, input_value={}, input_type=dict]
    For further information visit https://errors.pydantic.dev/2.8/v/missing
modified
  Field required [type=missing, input_value={}, input_type=dict]
    For further information visit https://errors.pydantic.dev/2.8/v/missing
released
  Field required [type=missing, input_value={}, input_type=dict]
    For further information visit https://errors.pydantic.dev/2.8/v/missing
keyword
  Field required [type=missing, input_value={}, input_type=dict]
    For further information visit https://errors.pydantic.dev/2.8/v/missing
contactPoint
  Field required [type=missing, input_value={}, input_type=dict]
    For further information visit https://errors.pydantic.dev/2.8/v/missing
publisher
  Field required [type=missing, input_value={}, input_type=dict]
    For further information visit https://errors.pydantic.dev/2.8/v/missing
identifier
  Field required [type=missing, input_value={}, input_type=dict]
    For further information visit https://errors.pydantic.dev/2.8/v/missing
description
  Field required [type=missing, input_value={}, input_type=dict]
    For further information visit https://errors.pydantic.dev/2.8/v/missing
title
  Field required [type=missing, input_value={}, input_type=dict]
    For further information visit https://errors.pydantic.dev/2.8/v/missing
programCode
  Field required [type=missing, input_value={}, input_type=dict]
    For further information visit https://errors.pydantic.dev/2.8/v/missing
distribution
  Field required [type=missing, input_value={}, input_type=dict]
    For further information visit https://errors.pydantic.dev/2.8/v/missing
theme
  Field required [type=missing, input_value={}, input_type=dict]
    For further information visit https://errors.pydantic.dev/2.8/v/missing
2024-08-23 12:40:38 - ERROR - Validation error for dataset: Unknown title
Traceback (most recent call last):
  File "C:\Users\edmun\Projects\Repositories\healthpartners-interview\src\healthpartners_interview\download.py", line 31, in fetch_datasets
    dataset = Dataset(**current_item)
              ^^^^^^^^^^^^^^^^^^^^^^^
  File "C:\Users\edmun\Projects\Repositories\healthpartners-interview\.venv\Lib\site-packages\pydantic\main.py", line 193, in __init__
    self.__pydantic_validator__.validate_python(data, self_instance=self)
pydantic_core._pydantic_core.ValidationError: 16 validation errors for Dataset
accessLevel
  Field required [type=missing, input_value={}, input_type=dict]
    For further information visit https://errors.pydantic.dev/2.8/v/missing
landingPage
  Field required [type=missing, input_value={}, input_type=dict]
    For further information visit https://errors.pydantic.dev/2.8/v/missing
bureauCode
  Field required [type=missing, input_value={}, input_type=dict]
    For further information visit https://errors.pydantic.dev/2.8/v/missing
issued
  Field required [type=missing, input_value={}, input_type=dict]
    For further information visit https://errors.pydantic.dev/2.8/v/missing
@type
  Field required [type=missing, input_value={}, input_type=dict]
    For further information visit https://errors.pydantic.dev/2.8/v/missing
modified
  Field required [type=missing, input_value={}, input_type=dict]
    For further information visit https://errors.pydantic.dev/2.8/v/missing
released
  Field required [type=missing, input_value={}, input_type=dict]
    For further information visit https://errors.pydantic.dev/2.8/v/missing
keyword
  Field required [type=missing, input_value={}, input_type=dict]
    For further information visit https://errors.pydantic.dev/2.8/v/missing
contactPoint
  Field required [type=missing, input_value={}, input_type=dict]
    For further information visit https://errors.pydantic.dev/2.8/v/missing
publisher
  Field required [type=missing, input_value={}, input_type=dict]
    For further information visit https://errors.pydantic.dev/2.8/v/missing
identifier
  Field required [type=missing, input_value={}, input_type=dict]
    For further information visit https://errors.pydantic.dev/2.8/v/missing
description
  Field required [type=missing, input_value={}, input_type=dict]
    For further information visit https://errors.pydantic.dev/2.8/v/missing
title
  Field required [type=missing, input_value={}, input_type=dict]
    For further information visit https://errors.pydantic.dev/2.8/v/missing
programCode
  Field required [type=missing, input_value={}, input_type=dict]
    For further information visit https://errors.pydantic.dev/2.8/v/missing
distribution
  Field required [type=missing, input_value={}, input_type=dict]
    For further information visit https://errors.pydantic.dev/2.8/v/missing
theme
  Field required [type=missing, input_value={}, input_type=dict]
    For further information visit https://errors.pydantic.dev/2.8/v/missing
2024-08-23 12:40:38 - ERROR - Validation error for dataset: Unknown title
Traceback (most recent call last):
  File "C:\Users\edmun\Projects\Repositories\healthpartners-interview\src\healthpartners_interview\download.py", line 31, in fetch_datasets
    dataset = Dataset(**current_item)
              ^^^^^^^^^^^^^^^^^^^^^^^
  File "C:\Users\edmun\Projects\Repositories\healthpartners-interview\.venv\Lib\site-packages\pydantic\main.py", line 193, in __init__
    self.__pydantic_validator__.validate_python(data, self_instance=self)
pydantic_core._pydantic_core.ValidationError: 16 validation errors for Dataset
accessLevel
  Field required [type=missing, input_value={'item': 'theme'}, input_type=dict]
    For further information visit https://errors.pydantic.dev/2.8/v/missing
landingPage
  Field required [type=missing, input_value={'item': 'theme'}, input_type=dict]
    For further information visit https://errors.pydantic.dev/2.8/v/missing
bureauCode
  Field required [type=missing, input_value={'item': 'theme'}, input_type=dict]
    For further information visit https://errors.pydantic.dev/2.8/v/missing
issued
  Field required [type=missing, input_value={'item': 'theme'}, input_type=dict]
    For further information visit https://errors.pydantic.dev/2.8/v/missing
@type
  Field required [type=missing, input_value={'item': 'theme'}, input_type=dict]
    For further information visit https://errors.pydantic.dev/2.8/v/missing
modified
  Field required [type=missing, input_value={'item': 'theme'}, input_type=dict]
    For further information visit https://errors.pydantic.dev/2.8/v/missing
released
  Field required [type=missing, input_value={'item': 'theme'}, input_type=dict]
    For further information visit https://errors.pydantic.dev/2.8/v/missing
keyword
  Field required [type=missing, input_value={'item': 'theme'}, input_type=dict]
    For further information visit https://errors.pydantic.dev/2.8/v/missing
contactPoint
  Field required [type=missing, input_value={'item': 'theme'}, input_type=dict]
    For further information visit https://errors.pydantic.dev/2.8/v/missing
publisher
  Field required [type=missing, input_value={'item': 'theme'}, input_type=dict]
    For further information visit https://errors.pydantic.dev/2.8/v/missing
identifier
  Field required [type=missing, input_value={'item': 'theme'}, input_type=dict]
    For further information visit https://errors.pydantic.dev/2.8/v/missing
description
  Field required [type=missing, input_value={'item': 'theme'}, input_type=dict]
    For further information visit https://errors.pydantic.dev/2.8/v/missing
title
  Field required [type=missing, input_value={'item': 'theme'}, input_type=dict]
    For further information visit https://errors.pydantic.dev/2.8/v/missing
programCode
  Field required [type=missing, input_value={'item': 'theme'}, input_type=dict]
    For further information visit https://errors.pydantic.dev/2.8/v/missing
distribution
  Field required [type=missing, input_value={'item': 'theme'}, input_type=dict]
    For further information visit https://errors.pydantic.dev/2.8/v/missing
theme
  Field required [type=missing, input_value={'item': 'theme'}, input_type=dict]
    For further information visit https://errors.pydantic.dev/2.8/v/missing
2024-08-23 12:40:38 - ERROR - Validation error for dataset: Unknown title
Traceback (most recent call last):
  File "C:\Users\edmun\Projects\Repositories\healthpartners-interview\src\healthpartners_interview\download.py", line 31, in fetch_datasets
    dataset = Dataset(**current_item)
              ^^^^^^^^^^^^^^^^^^^^^^^
  File "C:\Users\edmun\Projects\Repositories\healthpartners-interview\.venv\Lib\site-packages\pydantic\main.py", line 193, in __init__
    self.__pydantic_validator__.validate_python(data, self_instance=self)
pydantic_core._pydantic_core.ValidationError: 16 validation errors for Dataset
accessLevel
  Field required [type=missing, input_value={}, input_type=dict]
    For further information visit https://errors.pydantic.dev/2.8/v/missing
landingPage
  Field required [type=missing, input_value={}, input_type=dict]
    For further information visit https://errors.pydantic.dev/2.8/v/missing
bureauCode
  Field required [type=missing, input_value={}, input_type=dict]
    For further information visit https://errors.pydantic.dev/2.8/v/missing
issued
  Field required [type=missing, input_value={}, input_type=dict]
    For further information visit https://errors.pydantic.dev/2.8/v/missing
@type
  Field required [type=missing, input_value={}, input_type=dict]
    For further information visit https://errors.pydantic.dev/2.8/v/missing
modified
  Field required [type=missing, input_value={}, input_type=dict]
    For further information visit https://errors.pydantic.dev/2.8/v/missing
released
  Field required [type=missing, input_value={}, input_type=dict]
    For further information visit https://errors.pydantic.dev/2.8/v/missing
keyword
  Field required [type=missing, input_value={}, input_type=dict]
    For further information visit https://errors.pydantic.dev/2.8/v/missing
contactPoint
  Field required [type=missing, input_value={}, input_type=dict]
    For further information visit https://errors.pydantic.dev/2.8/v/missing
publisher
  Field required [type=missing, input_value={}, input_type=dict]
    For further information visit https://errors.pydantic.dev/2.8/v/missing
identifier
  Field required [type=missing, input_value={}, input_type=dict]
    For further information visit https://errors.pydantic.dev/2.8/v/missing
description
  Field required [type=missing, input_value={}, input_type=dict]
    For further information visit https://errors.pydantic.dev/2.8/v/missing
title
  Field required [type=missing, input_value={}, input_type=dict]
    For further information visit https://errors.pydantic.dev/2.8/v/missing
programCode
  Field required [type=missing, input_value={}, input_type=dict]
    For further information visit https://errors.pydantic.dev/2.8/v/missing
distribution
  Field required [type=missing, input_value={}, input_type=dict]
    For further information visit https://errors.pydantic.dev/2.8/v/missing
theme
  Field required [type=missing, input_value={}, input_type=dict]
    For further information visit https://errors.pydantic.dev/2.8/v/missing
2024-08-23 12:40:38 - ERROR - Validation error for dataset: Unknown title
Traceback (most recent call last):
  File "C:\Users\edmun\Projects\Repositories\healthpartners-interview\src\healthpartners_interview\download.py", line 31, in fetch_datasets
    dataset = Dataset(**current_item)
              ^^^^^^^^^^^^^^^^^^^^^^^
  File "C:\Users\edmun\Projects\Repositories\healthpartners-interview\.venv\Lib\site-packages\pydantic\main.py", line 193, in __init__
    self.__pydantic_validator__.validate_python(data, self_instance=self)
pydantic_core._pydantic_core.ValidationError: 16 validation errors for Dataset
accessLevel
  Field required [type=missing, input_value={}, input_type=dict]
    For further information visit https://errors.pydantic.dev/2.8/v/missing
landingPage
  Field required [type=missing, input_value={}, input_type=dict]
    For further information visit https://errors.pydantic.dev/2.8/v/missing
bureauCode
  Field required [type=missing, input_value={}, input_type=dict]
    For further information visit https://errors.pydantic.dev/2.8/v/missing
issued
  Field required [type=missing, input_value={}, input_type=dict]
    For further information visit https://errors.pydantic.dev/2.8/v/missing
@type
  Field required [type=missing, input_value={}, input_type=dict]
    For further information visit https://errors.pydantic.dev/2.8/v/missing
modified
  Field required [type=missing, input_value={}, input_type=dict]
    For further information visit https://errors.pydantic.dev/2.8/v/missing
released
  Field required [type=missing, input_value={}, input_type=dict]
    For further information visit https://errors.pydantic.dev/2.8/v/missing
keyword
  Field required [type=missing, input_value={}, input_type=dict]
    For further information visit https://errors.pydantic.dev/2.8/v/missing
contactPoint
  Field required [type=missing, input_value={}, input_type=dict]
    For further information visit https://errors.pydantic.dev/2.8/v/missing
publisher
  Field required [type=missing, input_value={}, input_type=dict]
    For further information visit https://errors.pydantic.dev/2.8/v/missing
identifier
  Field required [type=missing, input_value={}, input_type=dict]
    For further information visit https://errors.pydantic.dev/2.8/v/missing
description
  Field required [type=missing, input_value={}, input_type=dict]
    For further information visit https://errors.pydantic.dev/2.8/v/missing
title
  Field required [type=missing, input_value={}, input_type=dict]
    For further information visit https://errors.pydantic.dev/2.8/v/missing
programCode
  Field required [type=missing, input_value={}, input_type=dict]
    For further information visit https://errors.pydantic.dev/2.8/v/missing
distribution
  Field required [type=missing, input_value={}, input_type=dict]
    For further information visit https://errors.pydantic.dev/2.8/v/missing
theme
  Field required [type=missing, input_value={}, input_type=dict]
    For further information visit https://errors.pydantic.dev/2.8/v/missing
2024-08-23 12:40:39 - ERROR - Validation error for dataset: Unknown title
Traceback (most recent call last):
  File "C:\Users\edmun\Projects\Repositories\healthpartners-interview\src\healthpartners_interview\download.py", line 31, in fetch_datasets
    dataset = Dataset(**current_item)
              ^^^^^^^^^^^^^^^^^^^^^^^
  File "C:\Users\edmun\Projects\Repositories\healthpartners-interview\.venv\Lib\site-packages\pydantic\main.py", line 193, in __init__
    self.__pydantic_validator__.validate_python(data, self_instance=self)
pydantic_core._pydantic_core.ValidationError: 16 validation errors for Dataset
accessLevel
  Field required [type=missing, input_value={}, input_type=dict]
    For further information visit https://errors.pydantic.dev/2.8/v/missing
landingPage
  Field required [type=missing, input_value={}, input_type=dict]
    For further information visit https://errors.pydantic.dev/2.8/v/missing
bureauCode
  Field required [type=missing, input_value={}, input_type=dict]
    For further information visit https://errors.pydantic.dev/2.8/v/missing
issued
  Field required [type=missing, input_value={}, input_type=dict]
    For further information visit https://errors.pydantic.dev/2.8/v/missing
@type
  Field required [type=missing, input_value={}, input_type=dict]
    For further information visit https://errors.pydantic.dev/2.8/v/missing
modified
  Field required [type=missing, input_value={}, input_type=dict]
    For further information visit https://errors.pydantic.dev/2.8/v/missing
released
  Field required [type=missing, input_value={}, input_type=dict]
    For further information visit https://errors.pydantic.dev/2.8/v/missing
keyword
  Field required [type=missing, input_value={}, input_type=dict]
    For further information visit https://errors.pydantic.dev/2.8/v/missing
contactPoint
  Field required [type=missing, input_value={}, input_type=dict]
    For further information visit https://errors.pydantic.dev/2.8/v/missing
publisher
  Field required [type=missing, input_value={}, input_type=dict]
    For further information visit https://errors.pydantic.dev/2.8/v/missing
identifier
  Field required [type=missing, input_value={}, input_type=dict]
    For further information visit https://errors.pydantic.dev/2.8/v/missing
description
  Field required [type=missing, input_value={}, input_type=dict]
    For further information visit https://errors.pydantic.dev/2.8/v/missing
title
  Field required [type=missing, input_value={}, input_type=dict]
    For further information visit https://errors.pydantic.dev/2.8/v/missing
programCode
  Field required [type=missing, input_value={}, input_type=dict]
    For further information visit https://errors.pydantic.dev/2.8/v/missing
distribution
  Field required [type=missing, input_value={}, input_type=dict]
    For further information visit https://errors.pydantic.dev/2.8/v/missing
theme
  Field required [type=missing, input_value={}, input_type=dict]
    For further information visit https://errors.pydantic.dev/2.8/v/missing
2024-08-23 12:40:39 - ERROR - Validation error for dataset: Unknown title
Traceback (most recent call last):
  File "C:\Users\edmun\Projects\Repositories\healthpartners-interview\src\healthpartners_interview\download.py", line 31, in fetch_datasets
    dataset = Dataset(**current_item)
              ^^^^^^^^^^^^^^^^^^^^^^^
  File "C:\Users\edmun\Projects\Repositories\healthpartners-interview\.venv\Lib\site-packages\pydantic\main.py", line 193, in __init__
    self.__pydantic_validator__.validate_python(data, self_instance=self)
pydantic_core._pydantic_core.ValidationError: 16 validation errors for Dataset
accessLevel
  Field required [type=missing, input_value={'item': 'theme'}, input_type=dict]
    For further information visit https://errors.pydantic.dev/2.8/v/missing
landingPage
  Field required [type=missing, input_value={'item': 'theme'}, input_type=dict]
    For further information visit https://errors.pydantic.dev/2.8/v/missing
bureauCode
  Field required [type=missing, input_value={'item': 'theme'}, input_type=dict]
    For further information visit https://errors.pydantic.dev/2.8/v/missing
issued
  Field required [type=missing, input_value={'item': 'theme'}, input_type=dict]
    For further information visit https://errors.pydantic.dev/2.8/v/missing
@type
  Field required [type=missing, input_value={'item': 'theme'}, input_type=dict]
    For further information visit https://errors.pydantic.dev/2.8/v/missing
modified
  Field required [type=missing, input_value={'item': 'theme'}, input_type=dict]
    For further information visit https://errors.pydantic.dev/2.8/v/missing
released
  Field required [type=missing, input_value={'item': 'theme'}, input_type=dict]
    For further information visit https://errors.pydantic.dev/2.8/v/missing
keyword
  Field required [type=missing, input_value={'item': 'theme'}, input_type=dict]
    For further information visit https://errors.pydantic.dev/2.8/v/missing
contactPoint
  Field required [type=missing, input_value={'item': 'theme'}, input_type=dict]
    For further information visit https://errors.pydantic.dev/2.8/v/missing
publisher
  Field required [type=missing, input_value={'item': 'theme'}, input_type=dict]
    For further information visit https://errors.pydantic.dev/2.8/v/missing
identifier
  Field required [type=missing, input_value={'item': 'theme'}, input_type=dict]
    For further information visit https://errors.pydantic.dev/2.8/v/missing
description
  Field required [type=missing, input_value={'item': 'theme'}, input_type=dict]
    For further information visit https://errors.pydantic.dev/2.8/v/missing
title
  Field required [type=missing, input_value={'item': 'theme'}, input_type=dict]
    For further information visit https://errors.pydantic.dev/2.8/v/missing
programCode
  Field required [type=missing, input_value={'item': 'theme'}, input_type=dict]
    For further information visit https://errors.pydantic.dev/2.8/v/missing
distribution
  Field required [type=missing, input_value={'item': 'theme'}, input_type=dict]
    For further information visit https://errors.pydantic.dev/2.8/v/missing
theme
  Field required [type=missing, input_value={'item': 'theme'}, input_type=dict]
    For further information visit https://errors.pydantic.dev/2.8/v/missing
2024-08-23 12:40:39 - ERROR - Validation error for dataset: Unknown title
Traceback (most recent call last):
  File "C:\Users\edmun\Projects\Repositories\healthpartners-interview\src\healthpartners_interview\download.py", line 31, in fetch_datasets
    dataset = Dataset(**current_item)
              ^^^^^^^^^^^^^^^^^^^^^^^
  File "C:\Users\edmun\Projects\Repositories\healthpartners-interview\.venv\Lib\site-packages\pydantic\main.py", line 193, in __init__
    self.__pydantic_validator__.validate_python(data, self_instance=self)
pydantic_core._pydantic_core.ValidationError: 16 validation errors for Dataset
accessLevel
  Field required [type=missing, input_value={}, input_type=dict]
    For further information visit https://errors.pydantic.dev/2.8/v/missing
landingPage
  Field required [type=missing, input_value={}, input_type=dict]
    For further information visit https://errors.pydantic.dev/2.8/v/missing
bureauCode
  Field required [type=missing, input_value={}, input_type=dict]
    For further information visit https://errors.pydantic.dev/2.8/v/missing
issued
  Field required [type=missing, input_value={}, input_type=dict]
    For further information visit https://errors.pydantic.dev/2.8/v/missing
@type
  Field required [type=missing, input_value={}, input_type=dict]
    For further information visit https://errors.pydantic.dev/2.8/v/missing
modified
  Field required [type=missing, input_value={}, input_type=dict]
    For further information visit https://errors.pydantic.dev/2.8/v/missing
released
  Field required [type=missing, input_value={}, input_type=dict]
    For further information visit https://errors.pydantic.dev/2.8/v/missing
keyword
  Field required [type=missing, input_value={}, input_type=dict]
    For further information visit https://errors.pydantic.dev/2.8/v/missing
contactPoint
  Field required [type=missing, input_value={}, input_type=dict]
    For further information visit https://errors.pydantic.dev/2.8/v/missing
publisher
  Field required [type=missing, input_value={}, input_type=dict]
    For further information visit https://errors.pydantic.dev/2.8/v/missing
identifier
  Field required [type=missing, input_value={}, input_type=dict]
    For further information visit https://errors.pydantic.dev/2.8/v/missing
description
  Field required [type=missing, input_value={}, input_type=dict]
    For further information visit https://errors.pydantic.dev/2.8/v/missing
title
  Field required [type=missing, input_value={}, input_type=dict]
    For further information visit https://errors.pydantic.dev/2.8/v/missing
programCode
  Field required [type=missing, input_value={}, input_type=dict]
    For further information visit https://errors.pydantic.dev/2.8/v/missing
distribution
  Field required [type=missing, input_value={}, input_type=dict]
    For further information visit https://errors.pydantic.dev/2.8/v/missing
theme
  Field required [type=missing, input_value={}, input_type=dict]
    For further information visit https://errors.pydantic.dev/2.8/v/missing
2024-08-23 12:40:39 - ERROR - Validation error for dataset: Unknown title
Traceback (most recent call last):
  File "C:\Users\edmun\Projects\Repositories\healthpartners-interview\src\healthpartners_interview\download.py", line 31, in fetch_datasets
    dataset = Dataset(**current_item)
              ^^^^^^^^^^^^^^^^^^^^^^^
  File "C:\Users\edmun\Projects\Repositories\healthpartners-interview\.venv\Lib\site-packages\pydantic\main.py", line 193, in __init__
    self.__pydantic_validator__.validate_python(data, self_instance=self)
pydantic_core._pydantic_core.ValidationError: 16 validation errors for Dataset
accessLevel
  Field required [type=missing, input_value={}, input_type=dict]
    For further information visit https://errors.pydantic.dev/2.8/v/missing
landingPage
  Field required [type=missing, input_value={}, input_type=dict]
    For further information visit https://errors.pydantic.dev/2.8/v/missing
bureauCode
  Field required [type=missing, input_value={}, input_type=dict]
    For further information visit https://errors.pydantic.dev/2.8/v/missing
issued
  Field required [type=missing, input_value={}, input_type=dict]
    For further information visit https://errors.pydantic.dev/2.8/v/missing
@type
  Field required [type=missing, input_value={}, input_type=dict]
    For further information visit https://errors.pydantic.dev/2.8/v/missing
modified
  Field required [type=missing, input_value={}, input_type=dict]
    For further information visit https://errors.pydantic.dev/2.8/v/missing
released
  Field required [type=missing, input_value={}, input_type=dict]
    For further information visit https://errors.pydantic.dev/2.8/v/missing
keyword
  Field required [type=missing, input_value={}, input_type=dict]
    For further information visit https://errors.pydantic.dev/2.8/v/missing
contactPoint
  Field required [type=missing, input_value={}, input_type=dict]
    For further information visit https://errors.pydantic.dev/2.8/v/missing
publisher
  Field required [type=missing, input_value={}, input_type=dict]
    For further information visit https://errors.pydantic.dev/2.8/v/missing
identifier
  Field required [type=missing, input_value={}, input_type=dict]
    For further information visit https://errors.pydantic.dev/2.8/v/missing
description
  Field required [type=missing, input_value={}, input_type=dict]
    For further information visit https://errors.pydantic.dev/2.8/v/missing
title
  Field required [type=missing, input_value={}, input_type=dict]
    For further information visit https://errors.pydantic.dev/2.8/v/missing
programCode
  Field required [type=missing, input_value={}, input_type=dict]
    For further information visit https://errors.pydantic.dev/2.8/v/missing
distribution
  Field required [type=missing, input_value={}, input_type=dict]
    For further information visit https://errors.pydantic.dev/2.8/v/missing
theme
  Field required [type=missing, input_value={}, input_type=dict]
    For further information visit https://errors.pydantic.dev/2.8/v/missing
2024-08-23 12:40:39 - ERROR - Validation error for dataset: Unknown title
Traceback (most recent call last):
  File "C:\Users\edmun\Projects\Repositories\healthpartners-interview\src\healthpartners_interview\download.py", line 31, in fetch_datasets
    dataset = Dataset(**current_item)
              ^^^^^^^^^^^^^^^^^^^^^^^
  File "C:\Users\edmun\Projects\Repositories\healthpartners-interview\.venv\Lib\site-packages\pydantic\main.py", line 193, in __init__
    self.__pydantic_validator__.validate_python(data, self_instance=self)
pydantic_core._pydantic_core.ValidationError: 16 validation errors for Dataset
accessLevel
  Field required [type=missing, input_value={}, input_type=dict]
    For further information visit https://errors.pydantic.dev/2.8/v/missing
landingPage
  Field required [type=missing, input_value={}, input_type=dict]
    For further information visit https://errors.pydantic.dev/2.8/v/missing
bureauCode
  Field required [type=missing, input_value={}, input_type=dict]
    For further information visit https://errors.pydantic.dev/2.8/v/missing
issued
  Field required [type=missing, input_value={}, input_type=dict]
    For further information visit https://errors.pydantic.dev/2.8/v/missing
@type
  Field required [type=missing, input_value={}, input_type=dict]
    For further information visit https://errors.pydantic.dev/2.8/v/missing
modified
  Field required [type=missing, input_value={}, input_type=dict]
    For further information visit https://errors.pydantic.dev/2.8/v/missing
released
  Field required [type=missing, input_value={}, input_type=dict]
    For further information visit https://errors.pydantic.dev/2.8/v/missing
keyword
  Field required [type=missing, input_value={}, input_type=dict]
    For further information visit https://errors.pydantic.dev/2.8/v/missing
contactPoint
  Field required [type=missing, input_value={}, input_type=dict]
    For further information visit https://errors.pydantic.dev/2.8/v/missing
publisher
  Field required [type=missing, input_value={}, input_type=dict]
    For further information visit https://errors.pydantic.dev/2.8/v/missing
identifier
  Field required [type=missing, input_value={}, input_type=dict]
    For further information visit https://errors.pydantic.dev/2.8/v/missing
description
  Field required [type=missing, input_value={}, input_type=dict]
    For further information visit https://errors.pydantic.dev/2.8/v/missing
title
  Field required [type=missing, input_value={}, input_type=dict]
    For further information visit https://errors.pydantic.dev/2.8/v/missing
programCode
  Field required [type=missing, input_value={}, input_type=dict]
    For further information visit https://errors.pydantic.dev/2.8/v/missing
distribution
  Field required [type=missing, input_value={}, input_type=dict]
    For further information visit https://errors.pydantic.dev/2.8/v/missing
theme
  Field required [type=missing, input_value={}, input_type=dict]
    For further information visit https://errors.pydantic.dev/2.8/v/missing
2024-08-23 12:40:39 - ERROR - Validation error for dataset: Unknown title
Traceback (most recent call last):
  File "C:\Users\edmun\Projects\Repositories\healthpartners-interview\src\healthpartners_interview\download.py", line 31, in fetch_datasets
    dataset = Dataset(**current_item)
              ^^^^^^^^^^^^^^^^^^^^^^^
  File "C:\Users\edmun\Projects\Repositories\healthpartners-interview\.venv\Lib\site-packages\pydantic\main.py", line 193, in __init__
    self.__pydantic_validator__.validate_python(data, self_instance=self)
pydantic_core._pydantic_core.ValidationError: 16 validation errors for Dataset
accessLevel
  Field required [type=missing, input_value={'item': 'theme'}, input_type=dict]
    For further information visit https://errors.pydantic.dev/2.8/v/missing
landingPage
  Field required [type=missing, input_value={'item': 'theme'}, input_type=dict]
    For further information visit https://errors.pydantic.dev/2.8/v/missing
bureauCode
  Field required [type=missing, input_value={'item': 'theme'}, input_type=dict]
    For further information visit https://errors.pydantic.dev/2.8/v/missing
issued
  Field required [type=missing, input_value={'item': 'theme'}, input_type=dict]
    For further information visit https://errors.pydantic.dev/2.8/v/missing
@type
  Field required [type=missing, input_value={'item': 'theme'}, input_type=dict]
    For further information visit https://errors.pydantic.dev/2.8/v/missing
modified
  Field required [type=missing, input_value={'item': 'theme'}, input_type=dict]
    For further information visit https://errors.pydantic.dev/2.8/v/missing
released
  Field required [type=missing, input_value={'item': 'theme'}, input_type=dict]
    For further information visit https://errors.pydantic.dev/2.8/v/missing
keyword
  Field required [type=missing, input_value={'item': 'theme'}, input_type=dict]
    For further information visit https://errors.pydantic.dev/2.8/v/missing
contactPoint
  Field required [type=missing, input_value={'item': 'theme'}, input_type=dict]
    For further information visit https://errors.pydantic.dev/2.8/v/missing
publisher
  Field required [type=missing, input_value={'item': 'theme'}, input_type=dict]
    For further information visit https://errors.pydantic.dev/2.8/v/missing
identifier
  Field required [type=missing, input_value={'item': 'theme'}, input_type=dict]
    For further information visit https://errors.pydantic.dev/2.8/v/missing
description
  Field required [type=missing, input_value={'item': 'theme'}, input_type=dict]
    For further information visit https://errors.pydantic.dev/2.8/v/missing
title
  Field required [type=missing, input_value={'item': 'theme'}, input_type=dict]
    For further information visit https://errors.pydantic.dev/2.8/v/missing
programCode
  Field required [type=missing, input_value={'item': 'theme'}, input_type=dict]
    For further information visit https://errors.pydantic.dev/2.8/v/missing
distribution
  Field required [type=missing, input_value={'item': 'theme'}, input_type=dict]
    For further information visit https://errors.pydantic.dev/2.8/v/missing
theme
  Field required [type=missing, input_value={'item': 'theme'}, input_type=dict]
    For further information visit https://errors.pydantic.dev/2.8/v/missing
2024-08-23 12:40:39 - ERROR - Validation error for dataset: Unknown title
Traceback (most recent call last):
  File "C:\Users\edmun\Projects\Repositories\healthpartners-interview\src\healthpartners_interview\download.py", line 31, in fetch_datasets
    dataset = Dataset(**current_item)
              ^^^^^^^^^^^^^^^^^^^^^^^
  File "C:\Users\edmun\Projects\Repositories\healthpartners-interview\.venv\Lib\site-packages\pydantic\main.py", line 193, in __init__
    self.__pydantic_validator__.validate_python(data, self_instance=self)
pydantic_core._pydantic_core.ValidationError: 16 validation errors for Dataset
accessLevel
  Field required [type=missing, input_value={}, input_type=dict]
    For further information visit https://errors.pydantic.dev/2.8/v/missing
landingPage
  Field required [type=missing, input_value={}, input_type=dict]
    For further information visit https://errors.pydantic.dev/2.8/v/missing
bureauCode
  Field required [type=missing, input_value={}, input_type=dict]
    For further information visit https://errors.pydantic.dev/2.8/v/missing
issued
  Field required [type=missing, input_value={}, input_type=dict]
    For further information visit https://errors.pydantic.dev/2.8/v/missing
@type
  Field required [type=missing, input_value={}, input_type=dict]
    For further information visit https://errors.pydantic.dev/2.8/v/missing
modified
  Field required [type=missing, input_value={}, input_type=dict]
    For further information visit https://errors.pydantic.dev/2.8/v/missing
released
  Field required [type=missing, input_value={}, input_type=dict]
    For further information visit https://errors.pydantic.dev/2.8/v/missing
keyword
  Field required [type=missing, input_value={}, input_type=dict]
    For further information visit https://errors.pydantic.dev/2.8/v/missing
contactPoint
  Field required [type=missing, input_value={}, input_type=dict]
    For further information visit https://errors.pydantic.dev/2.8/v/missing
publisher
  Field required [type=missing, input_value={}, input_type=dict]
    For further information visit https://errors.pydantic.dev/2.8/v/missing
identifier
  Field required [type=missing, input_value={}, input_type=dict]
    For further information visit https://errors.pydantic.dev/2.8/v/missing
description
  Field required [type=missing, input_value={}, input_type=dict]
    For further information visit https://errors.pydantic.dev/2.8/v/missing
title
  Field required [type=missing, input_value={}, input_type=dict]
    For further information visit https://errors.pydantic.dev/2.8/v/missing
programCode
  Field required [type=missing, input_value={}, input_type=dict]
    For further information visit https://errors.pydantic.dev/2.8/v/missing
distribution
  Field required [type=missing, input_value={}, input_type=dict]
    For further information visit https://errors.pydantic.dev/2.8/v/missing
theme
  Field required [type=missing, input_value={}, input_type=dict]
    For further information visit https://errors.pydantic.dev/2.8/v/missing
2024-08-23 12:40:39 - ERROR - Validation error for dataset: Unknown title
Traceback (most recent call last):
  File "C:\Users\edmun\Projects\Repositories\healthpartners-interview\src\healthpartners_interview\download.py", line 31, in fetch_datasets
    dataset = Dataset(**current_item)
              ^^^^^^^^^^^^^^^^^^^^^^^
  File "C:\Users\edmun\Projects\Repositories\healthpartners-interview\.venv\Lib\site-packages\pydantic\main.py", line 193, in __init__
    self.__pydantic_validator__.validate_python(data, self_instance=self)
pydantic_core._pydantic_core.ValidationError: 16 validation errors for Dataset
accessLevel
  Field required [type=missing, input_value={}, input_type=dict]
    For further information visit https://errors.pydantic.dev/2.8/v/missing
landingPage
  Field required [type=missing, input_value={}, input_type=dict]
    For further information visit https://errors.pydantic.dev/2.8/v/missing
bureauCode
  Field required [type=missing, input_value={}, input_type=dict]
    For further information visit https://errors.pydantic.dev/2.8/v/missing
issued
  Field required [type=missing, input_value={}, input_type=dict]
    For further information visit https://errors.pydantic.dev/2.8/v/missing
@type
  Field required [type=missing, input_value={}, input_type=dict]
    For further information visit https://errors.pydantic.dev/2.8/v/missing
modified
  Field required [type=missing, input_value={}, input_type=dict]
    For further information visit https://errors.pydantic.dev/2.8/v/missing
released
  Field required [type=missing, input_value={}, input_type=dict]
    For further information visit https://errors.pydantic.dev/2.8/v/missing
keyword
  Field required [type=missing, input_value={}, input_type=dict]
    For further information visit https://errors.pydantic.dev/2.8/v/missing
contactPoint
  Field required [type=missing, input_value={}, input_type=dict]
    For further information visit https://errors.pydantic.dev/2.8/v/missing
publisher
  Field required [type=missing, input_value={}, input_type=dict]
    For further information visit https://errors.pydantic.dev/2.8/v/missing
identifier
  Field required [type=missing, input_value={}, input_type=dict]
    For further information visit https://errors.pydantic.dev/2.8/v/missing
description
  Field required [type=missing, input_value={}, input_type=dict]
    For further information visit https://errors.pydantic.dev/2.8/v/missing
title
  Field required [type=missing, input_value={}, input_type=dict]
    For further information visit https://errors.pydantic.dev/2.8/v/missing
programCode
  Field required [type=missing, input_value={}, input_type=dict]
    For further information visit https://errors.pydantic.dev/2.8/v/missing
distribution
  Field required [type=missing, input_value={}, input_type=dict]
    For further information visit https://errors.pydantic.dev/2.8/v/missing
theme
  Field required [type=missing, input_value={}, input_type=dict]
    For further information visit https://errors.pydantic.dev/2.8/v/missing
2024-08-23 12:40:39 - ERROR - Validation error for dataset: Unknown title
Traceback (most recent call last):
  File "C:\Users\edmun\Projects\Repositories\healthpartners-interview\src\healthpartners_interview\download.py", line 31, in fetch_datasets
    dataset = Dataset(**current_item)
              ^^^^^^^^^^^^^^^^^^^^^^^
  File "C:\Users\edmun\Projects\Repositories\healthpartners-interview\.venv\Lib\site-packages\pydantic\main.py", line 193, in __init__
    self.__pydantic_validator__.validate_python(data, self_instance=self)
pydantic_core._pydantic_core.ValidationError: 16 validation errors for Dataset
accessLevel
  Field required [type=missing, input_value={}, input_type=dict]
    For further information visit https://errors.pydantic.dev/2.8/v/missing
landingPage
  Field required [type=missing, input_value={}, input_type=dict]
    For further information visit https://errors.pydantic.dev/2.8/v/missing
bureauCode
  Field required [type=missing, input_value={}, input_type=dict]
    For further information visit https://errors.pydantic.dev/2.8/v/missing
issued
  Field required [type=missing, input_value={}, input_type=dict]
    For further information visit https://errors.pydantic.dev/2.8/v/missing
@type
  Field required [type=missing, input_value={}, input_type=dict]
    For further information visit https://errors.pydantic.dev/2.8/v/missing
modified
  Field required [type=missing, input_value={}, input_type=dict]
    For further information visit https://errors.pydantic.dev/2.8/v/missing
released
  Field required [type=missing, input_value={}, input_type=dict]
    For further information visit https://errors.pydantic.dev/2.8/v/missing
keyword
  Field required [type=missing, input_value={}, input_type=dict]
    For further information visit https://errors.pydantic.dev/2.8/v/missing
contactPoint
  Field required [type=missing, input_value={}, input_type=dict]
    For further information visit https://errors.pydantic.dev/2.8/v/missing
publisher
  Field required [type=missing, input_value={}, input_type=dict]
    For further information visit https://errors.pydantic.dev/2.8/v/missing
identifier
  Field required [type=missing, input_value={}, input_type=dict]
    For further information visit https://errors.pydantic.dev/2.8/v/missing
description
  Field required [type=missing, input_value={}, input_type=dict]
    For further information visit https://errors.pydantic.dev/2.8/v/missing
title
  Field required [type=missing, input_value={}, input_type=dict]
    For further information visit https://errors.pydantic.dev/2.8/v/missing
programCode
  Field required [type=missing, input_value={}, input_type=dict]
    For further information visit https://errors.pydantic.dev/2.8/v/missing
distribution
  Field required [type=missing, input_value={}, input_type=dict]
    For further information visit https://errors.pydantic.dev/2.8/v/missing
theme
  Field required [type=missing, input_value={}, input_type=dict]
    For further information visit https://errors.pydantic.dev/2.8/v/missing
2024-08-23 12:40:39 - ERROR - Validation error for dataset: Unknown title
Traceback (most recent call last):
  File "C:\Users\edmun\Projects\Repositories\healthpartners-interview\src\healthpartners_interview\download.py", line 31, in fetch_datasets
    dataset = Dataset(**current_item)
              ^^^^^^^^^^^^^^^^^^^^^^^
  File "C:\Users\edmun\Projects\Repositories\healthpartners-interview\.venv\Lib\site-packages\pydantic\main.py", line 193, in __init__
    self.__pydantic_validator__.validate_python(data, self_instance=self)
pydantic_core._pydantic_core.ValidationError: 16 validation errors for Dataset
accessLevel
  Field required [type=missing, input_value={'item': 'theme'}, input_type=dict]
    For further information visit https://errors.pydantic.dev/2.8/v/missing
landingPage
  Field required [type=missing, input_value={'item': 'theme'}, input_type=dict]
    For further information visit https://errors.pydantic.dev/2.8/v/missing
bureauCode
  Field required [type=missing, input_value={'item': 'theme'}, input_type=dict]
    For further information visit https://errors.pydantic.dev/2.8/v/missing
issued
  Field required [type=missing, input_value={'item': 'theme'}, input_type=dict]
    For further information visit https://errors.pydantic.dev/2.8/v/missing
@type
  Field required [type=missing, input_value={'item': 'theme'}, input_type=dict]
    For further information visit https://errors.pydantic.dev/2.8/v/missing
modified
  Field required [type=missing, input_value={'item': 'theme'}, input_type=dict]
    For further information visit https://errors.pydantic.dev/2.8/v/missing
released
  Field required [type=missing, input_value={'item': 'theme'}, input_type=dict]
    For further information visit https://errors.pydantic.dev/2.8/v/missing
keyword
  Field required [type=missing, input_value={'item': 'theme'}, input_type=dict]
    For further information visit https://errors.pydantic.dev/2.8/v/missing
contactPoint
  Field required [type=missing, input_value={'item': 'theme'}, input_type=dict]
    For further information visit https://errors.pydantic.dev/2.8/v/missing
publisher
  Field required [type=missing, input_value={'item': 'theme'}, input_type=dict]
    For further information visit https://errors.pydantic.dev/2.8/v/missing
identifier
  Field required [type=missing, input_value={'item': 'theme'}, input_type=dict]
    For further information visit https://errors.pydantic.dev/2.8/v/missing
description
  Field required [type=missing, input_value={'item': 'theme'}, input_type=dict]
    For further information visit https://errors.pydantic.dev/2.8/v/missing
title
  Field required [type=missing, input_value={'item': 'theme'}, input_type=dict]
    For further information visit https://errors.pydantic.dev/2.8/v/missing
programCode
  Field required [type=missing, input_value={'item': 'theme'}, input_type=dict]
    For further information visit https://errors.pydantic.dev/2.8/v/missing
distribution
  Field required [type=missing, input_value={'item': 'theme'}, input_type=dict]
    For further information visit https://errors.pydantic.dev/2.8/v/missing
theme
  Field required [type=missing, input_value={'item': 'theme'}, input_type=dict]
    For further information visit https://errors.pydantic.dev/2.8/v/missing
2024-08-23 12:40:39 - ERROR - Validation error for dataset: Unknown title
Traceback (most recent call last):
  File "C:\Users\edmun\Projects\Repositories\healthpartners-interview\src\healthpartners_interview\download.py", line 31, in fetch_datasets
    dataset = Dataset(**current_item)
              ^^^^^^^^^^^^^^^^^^^^^^^
  File "C:\Users\edmun\Projects\Repositories\healthpartners-interview\.venv\Lib\site-packages\pydantic\main.py", line 193, in __init__
    self.__pydantic_validator__.validate_python(data, self_instance=self)
pydantic_core._pydantic_core.ValidationError: 16 validation errors for Dataset
accessLevel
  Field required [type=missing, input_value={}, input_type=dict]
    For further information visit https://errors.pydantic.dev/2.8/v/missing
landingPage
  Field required [type=missing, input_value={}, input_type=dict]
    For further information visit https://errors.pydantic.dev/2.8/v/missing
bureauCode
  Field required [type=missing, input_value={}, input_type=dict]
    For further information visit https://errors.pydantic.dev/2.8/v/missing
issued
  Field required [type=missing, input_value={}, input_type=dict]
    For further information visit https://errors.pydantic.dev/2.8/v/missing
@type
  Field required [type=missing, input_value={}, input_type=dict]
    For further information visit https://errors.pydantic.dev/2.8/v/missing
modified
  Field required [type=missing, input_value={}, input_type=dict]
    For further information visit https://errors.pydantic.dev/2.8/v/missing
released
  Field required [type=missing, input_value={}, input_type=dict]
    For further information visit https://errors.pydantic.dev/2.8/v/missing
keyword
  Field required [type=missing, input_value={}, input_type=dict]
    For further information visit https://errors.pydantic.dev/2.8/v/missing
contactPoint
  Field required [type=missing, input_value={}, input_type=dict]
    For further information visit https://errors.pydantic.dev/2.8/v/missing
publisher
  Field required [type=missing, input_value={}, input_type=dict]
    For further information visit https://errors.pydantic.dev/2.8/v/missing
identifier
  Field required [type=missing, input_value={}, input_type=dict]
    For further information visit https://errors.pydantic.dev/2.8/v/missing
description
  Field required [type=missing, input_value={}, input_type=dict]
    For further information visit https://errors.pydantic.dev/2.8/v/missing
title
  Field required [type=missing, input_value={}, input_type=dict]
    For further information visit https://errors.pydantic.dev/2.8/v/missing
programCode
  Field required [type=missing, input_value={}, input_type=dict]
    For further information visit https://errors.pydantic.dev/2.8/v/missing
distribution
  Field required [type=missing, input_value={}, input_type=dict]
    For further information visit https://errors.pydantic.dev/2.8/v/missing
theme
  Field required [type=missing, input_value={}, input_type=dict]
    For further information visit https://errors.pydantic.dev/2.8/v/missing
2024-08-23 12:40:39 - ERROR - Validation error for dataset: Unknown title
Traceback (most recent call last):
  File "C:\Users\edmun\Projects\Repositories\healthpartners-interview\src\healthpartners_interview\download.py", line 31, in fetch_datasets
    dataset = Dataset(**current_item)
              ^^^^^^^^^^^^^^^^^^^^^^^
  File "C:\Users\edmun\Projects\Repositories\healthpartners-interview\.venv\Lib\site-packages\pydantic\main.py", line 193, in __init__
    self.__pydantic_validator__.validate_python(data, self_instance=self)
pydantic_core._pydantic_core.ValidationError: 16 validation errors for Dataset
accessLevel
  Field required [type=missing, input_value={}, input_type=dict]
    For further information visit https://errors.pydantic.dev/2.8/v/missing
landingPage
  Field required [type=missing, input_value={}, input_type=dict]
    For further information visit https://errors.pydantic.dev/2.8/v/missing
bureauCode
  Field required [type=missing, input_value={}, input_type=dict]
    For further information visit https://errors.pydantic.dev/2.8/v/missing
issued
  Field required [type=missing, input_value={}, input_type=dict]
    For further information visit https://errors.pydantic.dev/2.8/v/missing
@type
  Field required [type=missing, input_value={}, input_type=dict]
    For further information visit https://errors.pydantic.dev/2.8/v/missing
modified
  Field required [type=missing, input_value={}, input_type=dict]
    For further information visit https://errors.pydantic.dev/2.8/v/missing
released
  Field required [type=missing, input_value={}, input_type=dict]
    For further information visit https://errors.pydantic.dev/2.8/v/missing
keyword
  Field required [type=missing, input_value={}, input_type=dict]
    For further information visit https://errors.pydantic.dev/2.8/v/missing
contactPoint
  Field required [type=missing, input_value={}, input_type=dict]
    For further information visit https://errors.pydantic.dev/2.8/v/missing
publisher
  Field required [type=missing, input_value={}, input_type=dict]
    For further information visit https://errors.pydantic.dev/2.8/v/missing
identifier
  Field required [type=missing, input_value={}, input_type=dict]
    For further information visit https://errors.pydantic.dev/2.8/v/missing
description
  Field required [type=missing, input_value={}, input_type=dict]
    For further information visit https://errors.pydantic.dev/2.8/v/missing
title
  Field required [type=missing, input_value={}, input_type=dict]
    For further information visit https://errors.pydantic.dev/2.8/v/missing
programCode
  Field required [type=missing, input_value={}, input_type=dict]
    For further information visit https://errors.pydantic.dev/2.8/v/missing
distribution
  Field required [type=missing, input_value={}, input_type=dict]
    For further information visit https://errors.pydantic.dev/2.8/v/missing
theme
  Field required [type=missing, input_value={}, input_type=dict]
    For further information visit https://errors.pydantic.dev/2.8/v/missing
2024-08-23 12:40:39 - ERROR - Validation error for dataset: Unknown title
Traceback (most recent call last):
  File "C:\Users\edmun\Projects\Repositories\healthpartners-interview\src\healthpartners_interview\download.py", line 31, in fetch_datasets
    dataset = Dataset(**current_item)
              ^^^^^^^^^^^^^^^^^^^^^^^
  File "C:\Users\edmun\Projects\Repositories\healthpartners-interview\.venv\Lib\site-packages\pydantic\main.py", line 193, in __init__
    self.__pydantic_validator__.validate_python(data, self_instance=self)
pydantic_core._pydantic_core.ValidationError: 16 validation errors for Dataset
accessLevel
  Field required [type=missing, input_value={}, input_type=dict]
    For further information visit https://errors.pydantic.dev/2.8/v/missing
landingPage
  Field required [type=missing, input_value={}, input_type=dict]
    For further information visit https://errors.pydantic.dev/2.8/v/missing
bureauCode
  Field required [type=missing, input_value={}, input_type=dict]
    For further information visit https://errors.pydantic.dev/2.8/v/missing
issued
  Field required [type=missing, input_value={}, input_type=dict]
    For further information visit https://errors.pydantic.dev/2.8/v/missing
@type
  Field required [type=missing, input_value={}, input_type=dict]
    For further information visit https://errors.pydantic.dev/2.8/v/missing
modified
  Field required [type=missing, input_value={}, input_type=dict]
    For further information visit https://errors.pydantic.dev/2.8/v/missing
released
  Field required [type=missing, input_value={}, input_type=dict]
    For further information visit https://errors.pydantic.dev/2.8/v/missing
keyword
  Field required [type=missing, input_value={}, input_type=dict]
    For further information visit https://errors.pydantic.dev/2.8/v/missing
contactPoint
  Field required [type=missing, input_value={}, input_type=dict]
    For further information visit https://errors.pydantic.dev/2.8/v/missing
publisher
  Field required [type=missing, input_value={}, input_type=dict]
    For further information visit https://errors.pydantic.dev/2.8/v/missing
identifier
  Field required [type=missing, input_value={}, input_type=dict]
    For further information visit https://errors.pydantic.dev/2.8/v/missing
description
  Field required [type=missing, input_value={}, input_type=dict]
    For further information visit https://errors.pydantic.dev/2.8/v/missing
title
  Field required [type=missing, input_value={}, input_type=dict]
    For further information visit https://errors.pydantic.dev/2.8/v/missing
programCode
  Field required [type=missing, input_value={}, input_type=dict]
    For further information visit https://errors.pydantic.dev/2.8/v/missing
distribution
  Field required [type=missing, input_value={}, input_type=dict]
    For further information visit https://errors.pydantic.dev/2.8/v/missing
theme
  Field required [type=missing, input_value={}, input_type=dict]
    For further information visit https://errors.pydantic.dev/2.8/v/missing
2024-08-23 12:40:39 - ERROR - Validation error for dataset: Unknown title
Traceback (most recent call last):
  File "C:\Users\edmun\Projects\Repositories\healthpartners-interview\src\healthpartners_interview\download.py", line 31, in fetch_datasets
    dataset = Dataset(**current_item)
              ^^^^^^^^^^^^^^^^^^^^^^^
  File "C:\Users\edmun\Projects\Repositories\healthpartners-interview\.venv\Lib\site-packages\pydantic\main.py", line 193, in __init__
    self.__pydantic_validator__.validate_python(data, self_instance=self)
pydantic_core._pydantic_core.ValidationError: 16 validation errors for Dataset
accessLevel
  Field required [type=missing, input_value={'item': 'theme'}, input_type=dict]
    For further information visit https://errors.pydantic.dev/2.8/v/missing
landingPage
  Field required [type=missing, input_value={'item': 'theme'}, input_type=dict]
    For further information visit https://errors.pydantic.dev/2.8/v/missing
bureauCode
  Field required [type=missing, input_value={'item': 'theme'}, input_type=dict]
    For further information visit https://errors.pydantic.dev/2.8/v/missing
issued
  Field required [type=missing, input_value={'item': 'theme'}, input_type=dict]
    For further information visit https://errors.pydantic.dev/2.8/v/missing
@type
  Field required [type=missing, input_value={'item': 'theme'}, input_type=dict]
    For further information visit https://errors.pydantic.dev/2.8/v/missing
modified
  Field required [type=missing, input_value={'item': 'theme'}, input_type=dict]
    For further information visit https://errors.pydantic.dev/2.8/v/missing
released
  Field required [type=missing, input_value={'item': 'theme'}, input_type=dict]
    For further information visit https://errors.pydantic.dev/2.8/v/missing
keyword
  Field required [type=missing, input_value={'item': 'theme'}, input_type=dict]
    For further information visit https://errors.pydantic.dev/2.8/v/missing
contactPoint
  Field required [type=missing, input_value={'item': 'theme'}, input_type=dict]
    For further information visit https://errors.pydantic.dev/2.8/v/missing
publisher
  Field required [type=missing, input_value={'item': 'theme'}, input_type=dict]
    For further information visit https://errors.pydantic.dev/2.8/v/missing
identifier
  Field required [type=missing, input_value={'item': 'theme'}, input_type=dict]
    For further information visit https://errors.pydantic.dev/2.8/v/missing
description
  Field required [type=missing, input_value={'item': 'theme'}, input_type=dict]
    For further information visit https://errors.pydantic.dev/2.8/v/missing
title
  Field required [type=missing, input_value={'item': 'theme'}, input_type=dict]
    For further information visit https://errors.pydantic.dev/2.8/v/missing
programCode
  Field required [type=missing, input_value={'item': 'theme'}, input_type=dict]
    For further information visit https://errors.pydantic.dev/2.8/v/missing
distribution
  Field required [type=missing, input_value={'item': 'theme'}, input_type=dict]
    For further information visit https://errors.pydantic.dev/2.8/v/missing
theme
  Field required [type=missing, input_value={'item': 'theme'}, input_type=dict]
    For further information visit https://errors.pydantic.dev/2.8/v/missing
2024-08-23 12:40:39 - ERROR - Validation error for dataset: Unknown title
Traceback (most recent call last):
  File "C:\Users\edmun\Projects\Repositories\healthpartners-interview\src\healthpartners_interview\download.py", line 31, in fetch_datasets
    dataset = Dataset(**current_item)
              ^^^^^^^^^^^^^^^^^^^^^^^
  File "C:\Users\edmun\Projects\Repositories\healthpartners-interview\.venv\Lib\site-packages\pydantic\main.py", line 193, in __init__
    self.__pydantic_validator__.validate_python(data, self_instance=self)
pydantic_core._pydantic_core.ValidationError: 16 validation errors for Dataset
accessLevel
  Field required [type=missing, input_value={}, input_type=dict]
    For further information visit https://errors.pydantic.dev/2.8/v/missing
landingPage
  Field required [type=missing, input_value={}, input_type=dict]
    For further information visit https://errors.pydantic.dev/2.8/v/missing
bureauCode
  Field required [type=missing, input_value={}, input_type=dict]
    For further information visit https://errors.pydantic.dev/2.8/v/missing
issued
  Field required [type=missing, input_value={}, input_type=dict]
    For further information visit https://errors.pydantic.dev/2.8/v/missing
@type
  Field required [type=missing, input_value={}, input_type=dict]
    For further information visit https://errors.pydantic.dev/2.8/v/missing
modified
  Field required [type=missing, input_value={}, input_type=dict]
    For further information visit https://errors.pydantic.dev/2.8/v/missing
released
  Field required [type=missing, input_value={}, input_type=dict]
    For further information visit https://errors.pydantic.dev/2.8/v/missing
keyword
  Field required [type=missing, input_value={}, input_type=dict]
    For further information visit https://errors.pydantic.dev/2.8/v/missing
contactPoint
  Field required [type=missing, input_value={}, input_type=dict]
    For further information visit https://errors.pydantic.dev/2.8/v/missing
publisher
  Field required [type=missing, input_value={}, input_type=dict]
    For further information visit https://errors.pydantic.dev/2.8/v/missing
identifier
  Field required [type=missing, input_value={}, input_type=dict]
    For further information visit https://errors.pydantic.dev/2.8/v/missing
description
  Field required [type=missing, input_value={}, input_type=dict]
    For further information visit https://errors.pydantic.dev/2.8/v/missing
title
  Field required [type=missing, input_value={}, input_type=dict]
    For further information visit https://errors.pydantic.dev/2.8/v/missing
programCode
  Field required [type=missing, input_value={}, input_type=dict]
    For further information visit https://errors.pydantic.dev/2.8/v/missing
distribution
  Field required [type=missing, input_value={}, input_type=dict]
    For further information visit https://errors.pydantic.dev/2.8/v/missing
theme
  Field required [type=missing, input_value={}, input_type=dict]
    For further information visit https://errors.pydantic.dev/2.8/v/missing
2024-08-23 12:40:39 - ERROR - Validation error for dataset: Unknown title
Traceback (most recent call last):
  File "C:\Users\edmun\Projects\Repositories\healthpartners-interview\src\healthpartners_interview\download.py", line 31, in fetch_datasets
    dataset = Dataset(**current_item)
              ^^^^^^^^^^^^^^^^^^^^^^^
  File "C:\Users\edmun\Projects\Repositories\healthpartners-interview\.venv\Lib\site-packages\pydantic\main.py", line 193, in __init__
    self.__pydantic_validator__.validate_python(data, self_instance=self)
pydantic_core._pydantic_core.ValidationError: 16 validation errors for Dataset
accessLevel
  Field required [type=missing, input_value={}, input_type=dict]
    For further information visit https://errors.pydantic.dev/2.8/v/missing
landingPage
  Field required [type=missing, input_value={}, input_type=dict]
    For further information visit https://errors.pydantic.dev/2.8/v/missing
bureauCode
  Field required [type=missing, input_value={}, input_type=dict]
    For further information visit https://errors.pydantic.dev/2.8/v/missing
issued
  Field required [type=missing, input_value={}, input_type=dict]
    For further information visit https://errors.pydantic.dev/2.8/v/missing
@type
  Field required [type=missing, input_value={}, input_type=dict]
    For further information visit https://errors.pydantic.dev/2.8/v/missing
modified
  Field required [type=missing, input_value={}, input_type=dict]
    For further information visit https://errors.pydantic.dev/2.8/v/missing
released
  Field required [type=missing, input_value={}, input_type=dict]
    For further information visit https://errors.pydantic.dev/2.8/v/missing
keyword
  Field required [type=missing, input_value={}, input_type=dict]
    For further information visit https://errors.pydantic.dev/2.8/v/missing
contactPoint
  Field required [type=missing, input_value={}, input_type=dict]
    For further information visit https://errors.pydantic.dev/2.8/v/missing
publisher
  Field required [type=missing, input_value={}, input_type=dict]
    For further information visit https://errors.pydantic.dev/2.8/v/missing
identifier
  Field required [type=missing, input_value={}, input_type=dict]
    For further information visit https://errors.pydantic.dev/2.8/v/missing
description
  Field required [type=missing, input_value={}, input_type=dict]
    For further information visit https://errors.pydantic.dev/2.8/v/missing
title
  Field required [type=missing, input_value={}, input_type=dict]
    For further information visit https://errors.pydantic.dev/2.8/v/missing
programCode
  Field required [type=missing, input_value={}, input_type=dict]
    For further information visit https://errors.pydantic.dev/2.8/v/missing
distribution
  Field required [type=missing, input_value={}, input_type=dict]
    For further information visit https://errors.pydantic.dev/2.8/v/missing
theme
  Field required [type=missing, input_value={}, input_type=dict]
    For further information visit https://errors.pydantic.dev/2.8/v/missing
2024-08-23 12:40:39 - ERROR - Validation error for dataset: Unknown title
Traceback (most recent call last):
  File "C:\Users\edmun\Projects\Repositories\healthpartners-interview\src\healthpartners_interview\download.py", line 31, in fetch_datasets
    dataset = Dataset(**current_item)
              ^^^^^^^^^^^^^^^^^^^^^^^
  File "C:\Users\edmun\Projects\Repositories\healthpartners-interview\.venv\Lib\site-packages\pydantic\main.py", line 193, in __init__
    self.__pydantic_validator__.validate_python(data, self_instance=self)
pydantic_core._pydantic_core.ValidationError: 16 validation errors for Dataset
accessLevel
  Field required [type=missing, input_value={}, input_type=dict]
    For further information visit https://errors.pydantic.dev/2.8/v/missing
landingPage
  Field required [type=missing, input_value={}, input_type=dict]
    For further information visit https://errors.pydantic.dev/2.8/v/missing
bureauCode
  Field required [type=missing, input_value={}, input_type=dict]
    For further information visit https://errors.pydantic.dev/2.8/v/missing
issued
  Field required [type=missing, input_value={}, input_type=dict]
    For further information visit https://errors.pydantic.dev/2.8/v/missing
@type
  Field required [type=missing, input_value={}, input_type=dict]
    For further information visit https://errors.pydantic.dev/2.8/v/missing
modified
  Field required [type=missing, input_value={}, input_type=dict]
    For further information visit https://errors.pydantic.dev/2.8/v/missing
released
  Field required [type=missing, input_value={}, input_type=dict]
    For further information visit https://errors.pydantic.dev/2.8/v/missing
keyword
  Field required [type=missing, input_value={}, input_type=dict]
    For further information visit https://errors.pydantic.dev/2.8/v/missing
contactPoint
  Field required [type=missing, input_value={}, input_type=dict]
    For further information visit https://errors.pydantic.dev/2.8/v/missing
publisher
  Field required [type=missing, input_value={}, input_type=dict]
    For further information visit https://errors.pydantic.dev/2.8/v/missing
identifier
  Field required [type=missing, input_value={}, input_type=dict]
    For further information visit https://errors.pydantic.dev/2.8/v/missing
description
  Field required [type=missing, input_value={}, input_type=dict]
    For further information visit https://errors.pydantic.dev/2.8/v/missing
title
  Field required [type=missing, input_value={}, input_type=dict]
    For further information visit https://errors.pydantic.dev/2.8/v/missing
programCode
  Field required [type=missing, input_value={}, input_type=dict]
    For further information visit https://errors.pydantic.dev/2.8/v/missing
distribution
  Field required [type=missing, input_value={}, input_type=dict]
    For further information visit https://errors.pydantic.dev/2.8/v/missing
theme
  Field required [type=missing, input_value={}, input_type=dict]
    For further information visit https://errors.pydantic.dev/2.8/v/missing
2024-08-23 12:40:39 - ERROR - Validation error for dataset: Unknown title
Traceback (most recent call last):
  File "C:\Users\edmun\Projects\Repositories\healthpartners-interview\src\healthpartners_interview\download.py", line 31, in fetch_datasets
    dataset = Dataset(**current_item)
              ^^^^^^^^^^^^^^^^^^^^^^^
  File "C:\Users\edmun\Projects\Repositories\healthpartners-interview\.venv\Lib\site-packages\pydantic\main.py", line 193, in __init__
    self.__pydantic_validator__.validate_python(data, self_instance=self)
pydantic_core._pydantic_core.ValidationError: 16 validation errors for Dataset
accessLevel
  Field required [type=missing, input_value={'item': 'theme'}, input_type=dict]
    For further information visit https://errors.pydantic.dev/2.8/v/missing
landingPage
  Field required [type=missing, input_value={'item': 'theme'}, input_type=dict]
    For further information visit https://errors.pydantic.dev/2.8/v/missing
bureauCode
  Field required [type=missing, input_value={'item': 'theme'}, input_type=dict]
    For further information visit https://errors.pydantic.dev/2.8/v/missing
issued
  Field required [type=missing, input_value={'item': 'theme'}, input_type=dict]
    For further information visit https://errors.pydantic.dev/2.8/v/missing
@type
  Field required [type=missing, input_value={'item': 'theme'}, input_type=dict]
    For further information visit https://errors.pydantic.dev/2.8/v/missing
modified
  Field required [type=missing, input_value={'item': 'theme'}, input_type=dict]
    For further information visit https://errors.pydantic.dev/2.8/v/missing
released
  Field required [type=missing, input_value={'item': 'theme'}, input_type=dict]
    For further information visit https://errors.pydantic.dev/2.8/v/missing
keyword
  Field required [type=missing, input_value={'item': 'theme'}, input_type=dict]
    For further information visit https://errors.pydantic.dev/2.8/v/missing
contactPoint
  Field required [type=missing, input_value={'item': 'theme'}, input_type=dict]
    For further information visit https://errors.pydantic.dev/2.8/v/missing
publisher
  Field required [type=missing, input_value={'item': 'theme'}, input_type=dict]
    For further information visit https://errors.pydantic.dev/2.8/v/missing
identifier
  Field required [type=missing, input_value={'item': 'theme'}, input_type=dict]
    For further information visit https://errors.pydantic.dev/2.8/v/missing
description
  Field required [type=missing, input_value={'item': 'theme'}, input_type=dict]
    For further information visit https://errors.pydantic.dev/2.8/v/missing
title
  Field required [type=missing, input_value={'item': 'theme'}, input_type=dict]
    For further information visit https://errors.pydantic.dev/2.8/v/missing
programCode
  Field required [type=missing, input_value={'item': 'theme'}, input_type=dict]
    For further information visit https://errors.pydantic.dev/2.8/v/missing
distribution
  Field required [type=missing, input_value={'item': 'theme'}, input_type=dict]
    For further information visit https://errors.pydantic.dev/2.8/v/missing
theme
  Field required [type=missing, input_value={'item': 'theme'}, input_type=dict]
    For further information visit https://errors.pydantic.dev/2.8/v/missing
2024-08-23 12:40:39 - ERROR - Validation error for dataset: Unknown title
Traceback (most recent call last):
  File "C:\Users\edmun\Projects\Repositories\healthpartners-interview\src\healthpartners_interview\download.py", line 31, in fetch_datasets
    dataset = Dataset(**current_item)
              ^^^^^^^^^^^^^^^^^^^^^^^
  File "C:\Users\edmun\Projects\Repositories\healthpartners-interview\.venv\Lib\site-packages\pydantic\main.py", line 193, in __init__
    self.__pydantic_validator__.validate_python(data, self_instance=self)
pydantic_core._pydantic_core.ValidationError: 16 validation errors for Dataset
accessLevel
  Field required [type=missing, input_value={}, input_type=dict]
    For further information visit https://errors.pydantic.dev/2.8/v/missing
landingPage
  Field required [type=missing, input_value={}, input_type=dict]
    For further information visit https://errors.pydantic.dev/2.8/v/missing
bureauCode
  Field required [type=missing, input_value={}, input_type=dict]
    For further information visit https://errors.pydantic.dev/2.8/v/missing
issued
  Field required [type=missing, input_value={}, input_type=dict]
    For further information visit https://errors.pydantic.dev/2.8/v/missing
@type
  Field required [type=missing, input_value={}, input_type=dict]
    For further information visit https://errors.pydantic.dev/2.8/v/missing
modified
  Field required [type=missing, input_value={}, input_type=dict]
    For further information visit https://errors.pydantic.dev/2.8/v/missing
released
  Field required [type=missing, input_value={}, input_type=dict]
    For further information visit https://errors.pydantic.dev/2.8/v/missing
keyword
  Field required [type=missing, input_value={}, input_type=dict]
    For further information visit https://errors.pydantic.dev/2.8/v/missing
contactPoint
  Field required [type=missing, input_value={}, input_type=dict]
    For further information visit https://errors.pydantic.dev/2.8/v/missing
publisher
  Field required [type=missing, input_value={}, input_type=dict]
    For further information visit https://errors.pydantic.dev/2.8/v/missing
identifier
  Field required [type=missing, input_value={}, input_type=dict]
    For further information visit https://errors.pydantic.dev/2.8/v/missing
description
  Field required [type=missing, input_value={}, input_type=dict]
    For further information visit https://errors.pydantic.dev/2.8/v/missing
title
  Field required [type=missing, input_value={}, input_type=dict]
    For further information visit https://errors.pydantic.dev/2.8/v/missing
programCode
  Field required [type=missing, input_value={}, input_type=dict]
    For further information visit https://errors.pydantic.dev/2.8/v/missing
distribution
  Field required [type=missing, input_value={}, input_type=dict]
    For further information visit https://errors.pydantic.dev/2.8/v/missing
theme
  Field required [type=missing, input_value={}, input_type=dict]
    For further information visit https://errors.pydantic.dev/2.8/v/missing
2024-08-23 12:40:39 - ERROR - Validation error for dataset: Unknown title
Traceback (most recent call last):
  File "C:\Users\edmun\Projects\Repositories\healthpartners-interview\src\healthpartners_interview\download.py", line 31, in fetch_datasets
    dataset = Dataset(**current_item)
              ^^^^^^^^^^^^^^^^^^^^^^^
  File "C:\Users\edmun\Projects\Repositories\healthpartners-interview\.venv\Lib\site-packages\pydantic\main.py", line 193, in __init__
    self.__pydantic_validator__.validate_python(data, self_instance=self)
pydantic_core._pydantic_core.ValidationError: 16 validation errors for Dataset
accessLevel
  Field required [type=missing, input_value={}, input_type=dict]
    For further information visit https://errors.pydantic.dev/2.8/v/missing
landingPage
  Field required [type=missing, input_value={}, input_type=dict]
    For further information visit https://errors.pydantic.dev/2.8/v/missing
bureauCode
  Field required [type=missing, input_value={}, input_type=dict]
    For further information visit https://errors.pydantic.dev/2.8/v/missing
issued
  Field required [type=missing, input_value={}, input_type=dict]
    For further information visit https://errors.pydantic.dev/2.8/v/missing
@type
  Field required [type=missing, input_value={}, input_type=dict]
    For further information visit https://errors.pydantic.dev/2.8/v/missing
modified
  Field required [type=missing, input_value={}, input_type=dict]
    For further information visit https://errors.pydantic.dev/2.8/v/missing
released
  Field required [type=missing, input_value={}, input_type=dict]
    For further information visit https://errors.pydantic.dev/2.8/v/missing
keyword
  Field required [type=missing, input_value={}, input_type=dict]
    For further information visit https://errors.pydantic.dev/2.8/v/missing
contactPoint
  Field required [type=missing, input_value={}, input_type=dict]
    For further information visit https://errors.pydantic.dev/2.8/v/missing
publisher
  Field required [type=missing, input_value={}, input_type=dict]
    For further information visit https://errors.pydantic.dev/2.8/v/missing
identifier
  Field required [type=missing, input_value={}, input_type=dict]
    For further information visit https://errors.pydantic.dev/2.8/v/missing
description
  Field required [type=missing, input_value={}, input_type=dict]
    For further information visit https://errors.pydantic.dev/2.8/v/missing
title
  Field required [type=missing, input_value={}, input_type=dict]
    For further information visit https://errors.pydantic.dev/2.8/v/missing
programCode
  Field required [type=missing, input_value={}, input_type=dict]
    For further information visit https://errors.pydantic.dev/2.8/v/missing
distribution
  Field required [type=missing, input_value={}, input_type=dict]
    For further information visit https://errors.pydantic.dev/2.8/v/missing
theme
  Field required [type=missing, input_value={}, input_type=dict]
    For further information visit https://errors.pydantic.dev/2.8/v/missing
2024-08-23 12:40:39 - ERROR - Validation error for dataset: Unknown title
Traceback (most recent call last):
  File "C:\Users\edmun\Projects\Repositories\healthpartners-interview\src\healthpartners_interview\download.py", line 31, in fetch_datasets
    dataset = Dataset(**current_item)
              ^^^^^^^^^^^^^^^^^^^^^^^
  File "C:\Users\edmun\Projects\Repositories\healthpartners-interview\.venv\Lib\site-packages\pydantic\main.py", line 193, in __init__
    self.__pydantic_validator__.validate_python(data, self_instance=self)
pydantic_core._pydantic_core.ValidationError: 16 validation errors for Dataset
accessLevel
  Field required [type=missing, input_value={}, input_type=dict]
    For further information visit https://errors.pydantic.dev/2.8/v/missing
landingPage
  Field required [type=missing, input_value={}, input_type=dict]
    For further information visit https://errors.pydantic.dev/2.8/v/missing
bureauCode
  Field required [type=missing, input_value={}, input_type=dict]
    For further information visit https://errors.pydantic.dev/2.8/v/missing
issued
  Field required [type=missing, input_value={}, input_type=dict]
    For further information visit https://errors.pydantic.dev/2.8/v/missing
@type
  Field required [type=missing, input_value={}, input_type=dict]
    For further information visit https://errors.pydantic.dev/2.8/v/missing
modified
  Field required [type=missing, input_value={}, input_type=dict]
    For further information visit https://errors.pydantic.dev/2.8/v/missing
released
  Field required [type=missing, input_value={}, input_type=dict]
    For further information visit https://errors.pydantic.dev/2.8/v/missing
keyword
  Field required [type=missing, input_value={}, input_type=dict]
    For further information visit https://errors.pydantic.dev/2.8/v/missing
contactPoint
  Field required [type=missing, input_value={}, input_type=dict]
    For further information visit https://errors.pydantic.dev/2.8/v/missing
publisher
  Field required [type=missing, input_value={}, input_type=dict]
    For further information visit https://errors.pydantic.dev/2.8/v/missing
identifier
  Field required [type=missing, input_value={}, input_type=dict]
    For further information visit https://errors.pydantic.dev/2.8/v/missing
description
  Field required [type=missing, input_value={}, input_type=dict]
    For further information visit https://errors.pydantic.dev/2.8/v/missing
title
  Field required [type=missing, input_value={}, input_type=dict]
    For further information visit https://errors.pydantic.dev/2.8/v/missing
programCode
  Field required [type=missing, input_value={}, input_type=dict]
    For further information visit https://errors.pydantic.dev/2.8/v/missing
distribution
  Field required [type=missing, input_value={}, input_type=dict]
    For further information visit https://errors.pydantic.dev/2.8/v/missing
theme
  Field required [type=missing, input_value={}, input_type=dict]
    For further information visit https://errors.pydantic.dev/2.8/v/missing
2024-08-23 12:40:39 - ERROR - Validation error for dataset: Unknown title
Traceback (most recent call last):
  File "C:\Users\edmun\Projects\Repositories\healthpartners-interview\src\healthpartners_interview\download.py", line 31, in fetch_datasets
    dataset = Dataset(**current_item)
              ^^^^^^^^^^^^^^^^^^^^^^^
  File "C:\Users\edmun\Projects\Repositories\healthpartners-interview\.venv\Lib\site-packages\pydantic\main.py", line 193, in __init__
    self.__pydantic_validator__.validate_python(data, self_instance=self)
pydantic_core._pydantic_core.ValidationError: 16 validation errors for Dataset
accessLevel
  Field required [type=missing, input_value={'item': 'theme'}, input_type=dict]
    For further information visit https://errors.pydantic.dev/2.8/v/missing
landingPage
  Field required [type=missing, input_value={'item': 'theme'}, input_type=dict]
    For further information visit https://errors.pydantic.dev/2.8/v/missing
bureauCode
  Field required [type=missing, input_value={'item': 'theme'}, input_type=dict]
    For further information visit https://errors.pydantic.dev/2.8/v/missing
issued
  Field required [type=missing, input_value={'item': 'theme'}, input_type=dict]
    For further information visit https://errors.pydantic.dev/2.8/v/missing
@type
  Field required [type=missing, input_value={'item': 'theme'}, input_type=dict]
    For further information visit https://errors.pydantic.dev/2.8/v/missing
modified
  Field required [type=missing, input_value={'item': 'theme'}, input_type=dict]
    For further information visit https://errors.pydantic.dev/2.8/v/missing
released
  Field required [type=missing, input_value={'item': 'theme'}, input_type=dict]
    For further information visit https://errors.pydantic.dev/2.8/v/missing
keyword
  Field required [type=missing, input_value={'item': 'theme'}, input_type=dict]
    For further information visit https://errors.pydantic.dev/2.8/v/missing
contactPoint
  Field required [type=missing, input_value={'item': 'theme'}, input_type=dict]
    For further information visit https://errors.pydantic.dev/2.8/v/missing
publisher
  Field required [type=missing, input_value={'item': 'theme'}, input_type=dict]
    For further information visit https://errors.pydantic.dev/2.8/v/missing
identifier
  Field required [type=missing, input_value={'item': 'theme'}, input_type=dict]
    For further information visit https://errors.pydantic.dev/2.8/v/missing
description
  Field required [type=missing, input_value={'item': 'theme'}, input_type=dict]
    For further information visit https://errors.pydantic.dev/2.8/v/missing
title
  Field required [type=missing, input_value={'item': 'theme'}, input_type=dict]
    For further information visit https://errors.pydantic.dev/2.8/v/missing
programCode
  Field required [type=missing, input_value={'item': 'theme'}, input_type=dict]
    For further information visit https://errors.pydantic.dev/2.8/v/missing
distribution
  Field required [type=missing, input_value={'item': 'theme'}, input_type=dict]
    For further information visit https://errors.pydantic.dev/2.8/v/missing
theme
  Field required [type=missing, input_value={'item': 'theme'}, input_type=dict]
    For further information visit https://errors.pydantic.dev/2.8/v/missing
2024-08-23 12:40:39 - ERROR - Validation error for dataset: Unknown title
Traceback (most recent call last):
  File "C:\Users\edmun\Projects\Repositories\healthpartners-interview\src\healthpartners_interview\download.py", line 31, in fetch_datasets
    dataset = Dataset(**current_item)
              ^^^^^^^^^^^^^^^^^^^^^^^
  File "C:\Users\edmun\Projects\Repositories\healthpartners-interview\.venv\Lib\site-packages\pydantic\main.py", line 193, in __init__
    self.__pydantic_validator__.validate_python(data, self_instance=self)
pydantic_core._pydantic_core.ValidationError: 16 validation errors for Dataset
accessLevel
  Field required [type=missing, input_value={}, input_type=dict]
    For further information visit https://errors.pydantic.dev/2.8/v/missing
landingPage
  Field required [type=missing, input_value={}, input_type=dict]
    For further information visit https://errors.pydantic.dev/2.8/v/missing
bureauCode
  Field required [type=missing, input_value={}, input_type=dict]
    For further information visit https://errors.pydantic.dev/2.8/v/missing
issued
  Field required [type=missing, input_value={}, input_type=dict]
    For further information visit https://errors.pydantic.dev/2.8/v/missing
@type
  Field required [type=missing, input_value={}, input_type=dict]
    For further information visit https://errors.pydantic.dev/2.8/v/missing
modified
  Field required [type=missing, input_value={}, input_type=dict]
    For further information visit https://errors.pydantic.dev/2.8/v/missing
released
  Field required [type=missing, input_value={}, input_type=dict]
    For further information visit https://errors.pydantic.dev/2.8/v/missing
keyword
  Field required [type=missing, input_value={}, input_type=dict]
    For further information visit https://errors.pydantic.dev/2.8/v/missing
contactPoint
  Field required [type=missing, input_value={}, input_type=dict]
    For further information visit https://errors.pydantic.dev/2.8/v/missing
publisher
  Field required [type=missing, input_value={}, input_type=dict]
    For further information visit https://errors.pydantic.dev/2.8/v/missing
identifier
  Field required [type=missing, input_value={}, input_type=dict]
    For further information visit https://errors.pydantic.dev/2.8/v/missing
description
  Field required [type=missing, input_value={}, input_type=dict]
    For further information visit https://errors.pydantic.dev/2.8/v/missing
title
  Field required [type=missing, input_value={}, input_type=dict]
    For further information visit https://errors.pydantic.dev/2.8/v/missing
programCode
  Field required [type=missing, input_value={}, input_type=dict]
    For further information visit https://errors.pydantic.dev/2.8/v/missing
distribution
  Field required [type=missing, input_value={}, input_type=dict]
    For further information visit https://errors.pydantic.dev/2.8/v/missing
theme
  Field required [type=missing, input_value={}, input_type=dict]
    For further information visit https://errors.pydantic.dev/2.8/v/missing
2024-08-23 12:40:39 - ERROR - Validation error for dataset: Unknown title
Traceback (most recent call last):
  File "C:\Users\edmun\Projects\Repositories\healthpartners-interview\src\healthpartners_interview\download.py", line 31, in fetch_datasets
    dataset = Dataset(**current_item)
              ^^^^^^^^^^^^^^^^^^^^^^^
  File "C:\Users\edmun\Projects\Repositories\healthpartners-interview\.venv\Lib\site-packages\pydantic\main.py", line 193, in __init__
    self.__pydantic_validator__.validate_python(data, self_instance=self)
pydantic_core._pydantic_core.ValidationError: 16 validation errors for Dataset
accessLevel
  Field required [type=missing, input_value={}, input_type=dict]
    For further information visit https://errors.pydantic.dev/2.8/v/missing
landingPage
  Field required [type=missing, input_value={}, input_type=dict]
    For further information visit https://errors.pydantic.dev/2.8/v/missing
bureauCode
  Field required [type=missing, input_value={}, input_type=dict]
    For further information visit https://errors.pydantic.dev/2.8/v/missing
issued
  Field required [type=missing, input_value={}, input_type=dict]
    For further information visit https://errors.pydantic.dev/2.8/v/missing
@type
  Field required [type=missing, input_value={}, input_type=dict]
    For further information visit https://errors.pydantic.dev/2.8/v/missing
modified
  Field required [type=missing, input_value={}, input_type=dict]
    For further information visit https://errors.pydantic.dev/2.8/v/missing
released
  Field required [type=missing, input_value={}, input_type=dict]
    For further information visit https://errors.pydantic.dev/2.8/v/missing
keyword
  Field required [type=missing, input_value={}, input_type=dict]
    For further information visit https://errors.pydantic.dev/2.8/v/missing
contactPoint
  Field required [type=missing, input_value={}, input_type=dict]
    For further information visit https://errors.pydantic.dev/2.8/v/missing
publisher
  Field required [type=missing, input_value={}, input_type=dict]
    For further information visit https://errors.pydantic.dev/2.8/v/missing
identifier
  Field required [type=missing, input_value={}, input_type=dict]
    For further information visit https://errors.pydantic.dev/2.8/v/missing
description
  Field required [type=missing, input_value={}, input_type=dict]
    For further information visit https://errors.pydantic.dev/2.8/v/missing
title
  Field required [type=missing, input_value={}, input_type=dict]
    For further information visit https://errors.pydantic.dev/2.8/v/missing
programCode
  Field required [type=missing, input_value={}, input_type=dict]
    For further information visit https://errors.pydantic.dev/2.8/v/missing
distribution
  Field required [type=missing, input_value={}, input_type=dict]
    For further information visit https://errors.pydantic.dev/2.8/v/missing
theme
  Field required [type=missing, input_value={}, input_type=dict]
    For further information visit https://errors.pydantic.dev/2.8/v/missing
2024-08-23 12:40:39 - ERROR - Validation error for dataset: Unknown title
Traceback (most recent call last):
  File "C:\Users\edmun\Projects\Repositories\healthpartners-interview\src\healthpartners_interview\download.py", line 31, in fetch_datasets
    dataset = Dataset(**current_item)
              ^^^^^^^^^^^^^^^^^^^^^^^
  File "C:\Users\edmun\Projects\Repositories\healthpartners-interview\.venv\Lib\site-packages\pydantic\main.py", line 193, in __init__
    self.__pydantic_validator__.validate_python(data, self_instance=self)
pydantic_core._pydantic_core.ValidationError: 16 validation errors for Dataset
accessLevel
  Field required [type=missing, input_value={}, input_type=dict]
    For further information visit https://errors.pydantic.dev/2.8/v/missing
landingPage
  Field required [type=missing, input_value={}, input_type=dict]
    For further information visit https://errors.pydantic.dev/2.8/v/missing
bureauCode
  Field required [type=missing, input_value={}, input_type=dict]
    For further information visit https://errors.pydantic.dev/2.8/v/missing
issued
  Field required [type=missing, input_value={}, input_type=dict]
    For further information visit https://errors.pydantic.dev/2.8/v/missing
@type
  Field required [type=missing, input_value={}, input_type=dict]
    For further information visit https://errors.pydantic.dev/2.8/v/missing
modified
  Field required [type=missing, input_value={}, input_type=dict]
    For further information visit https://errors.pydantic.dev/2.8/v/missing
released
  Field required [type=missing, input_value={}, input_type=dict]
    For further information visit https://errors.pydantic.dev/2.8/v/missing
keyword
  Field required [type=missing, input_value={}, input_type=dict]
    For further information visit https://errors.pydantic.dev/2.8/v/missing
contactPoint
  Field required [type=missing, input_value={}, input_type=dict]
    For further information visit https://errors.pydantic.dev/2.8/v/missing
publisher
  Field required [type=missing, input_value={}, input_type=dict]
    For further information visit https://errors.pydantic.dev/2.8/v/missing
identifier
  Field required [type=missing, input_value={}, input_type=dict]
    For further information visit https://errors.pydantic.dev/2.8/v/missing
description
  Field required [type=missing, input_value={}, input_type=dict]
    For further information visit https://errors.pydantic.dev/2.8/v/missing
title
  Field required [type=missing, input_value={}, input_type=dict]
    For further information visit https://errors.pydantic.dev/2.8/v/missing
programCode
  Field required [type=missing, input_value={}, input_type=dict]
    For further information visit https://errors.pydantic.dev/2.8/v/missing
distribution
  Field required [type=missing, input_value={}, input_type=dict]
    For further information visit https://errors.pydantic.dev/2.8/v/missing
theme
  Field required [type=missing, input_value={}, input_type=dict]
    For further information visit https://errors.pydantic.dev/2.8/v/missing
2024-08-23 12:40:39 - ERROR - Validation error for dataset: Unknown title
Traceback (most recent call last):
  File "C:\Users\edmun\Projects\Repositories\healthpartners-interview\src\healthpartners_interview\download.py", line 31, in fetch_datasets
    dataset = Dataset(**current_item)
              ^^^^^^^^^^^^^^^^^^^^^^^
  File "C:\Users\edmun\Projects\Repositories\healthpartners-interview\.venv\Lib\site-packages\pydantic\main.py", line 193, in __init__
    self.__pydantic_validator__.validate_python(data, self_instance=self)
pydantic_core._pydantic_core.ValidationError: 16 validation errors for Dataset
accessLevel
  Field required [type=missing, input_value={'item': 'programCode'}, input_type=dict]
    For further information visit https://errors.pydantic.dev/2.8/v/missing
landingPage
  Field required [type=missing, input_value={'item': 'programCode'}, input_type=dict]
    For further information visit https://errors.pydantic.dev/2.8/v/missing
bureauCode
  Field required [type=missing, input_value={'item': 'programCode'}, input_type=dict]
    For further information visit https://errors.pydantic.dev/2.8/v/missing
issued
  Field required [type=missing, input_value={'item': 'programCode'}, input_type=dict]
    For further information visit https://errors.pydantic.dev/2.8/v/missing
@type
  Field required [type=missing, input_value={'item': 'programCode'}, input_type=dict]
    For further information visit https://errors.pydantic.dev/2.8/v/missing
modified
  Field required [type=missing, input_value={'item': 'programCode'}, input_type=dict]
    For further information visit https://errors.pydantic.dev/2.8/v/missing
released
  Field required [type=missing, input_value={'item': 'programCode'}, input_type=dict]
    For further information visit https://errors.pydantic.dev/2.8/v/missing
keyword
  Field required [type=missing, input_value={'item': 'programCode'}, input_type=dict]
    For further information visit https://errors.pydantic.dev/2.8/v/missing
contactPoint
  Field required [type=missing, input_value={'item': 'programCode'}, input_type=dict]
    For further information visit https://errors.pydantic.dev/2.8/v/missing
publisher
  Field required [type=missing, input_value={'item': 'programCode'}, input_type=dict]
    For further information visit https://errors.pydantic.dev/2.8/v/missing
identifier
  Field required [type=missing, input_value={'item': 'programCode'}, input_type=dict]
    For further information visit https://errors.pydantic.dev/2.8/v/missing
description
  Field required [type=missing, input_value={'item': 'programCode'}, input_type=dict]
    For further information visit https://errors.pydantic.dev/2.8/v/missing
title
  Field required [type=missing, input_value={'item': 'programCode'}, input_type=dict]
    For further information visit https://errors.pydantic.dev/2.8/v/missing
programCode
  Field required [type=missing, input_value={'item': 'programCode'}, input_type=dict]
    For further information visit https://errors.pydantic.dev/2.8/v/missing
distribution
  Field required [type=missing, input_value={'item': 'programCode'}, input_type=dict]
    For further information visit https://errors.pydantic.dev/2.8/v/missing
theme
  Field required [type=missing, input_value={'item': 'programCode'}, input_type=dict]
    For further information visit https://errors.pydantic.dev/2.8/v/missing
2024-08-23 12:40:39 - ERROR - Validation error for dataset: Unknown title
Traceback (most recent call last):
  File "C:\Users\edmun\Projects\Repositories\healthpartners-interview\src\healthpartners_interview\download.py", line 31, in fetch_datasets
    dataset = Dataset(**current_item)
              ^^^^^^^^^^^^^^^^^^^^^^^
  File "C:\Users\edmun\Projects\Repositories\healthpartners-interview\.venv\Lib\site-packages\pydantic\main.py", line 193, in __init__
    self.__pydantic_validator__.validate_python(data, self_instance=self)
pydantic_core._pydantic_core.ValidationError: 16 validation errors for Dataset
accessLevel
  Field required [type=missing, input_value={}, input_type=dict]
    For further information visit https://errors.pydantic.dev/2.8/v/missing
landingPage
  Field required [type=missing, input_value={}, input_type=dict]
    For further information visit https://errors.pydantic.dev/2.8/v/missing
bureauCode
  Field required [type=missing, input_value={}, input_type=dict]
    For further information visit https://errors.pydantic.dev/2.8/v/missing
issued
  Field required [type=missing, input_value={}, input_type=dict]
    For further information visit https://errors.pydantic.dev/2.8/v/missing
@type
  Field required [type=missing, input_value={}, input_type=dict]
    For further information visit https://errors.pydantic.dev/2.8/v/missing
modified
  Field required [type=missing, input_value={}, input_type=dict]
    For further information visit https://errors.pydantic.dev/2.8/v/missing
released
  Field required [type=missing, input_value={}, input_type=dict]
    For further information visit https://errors.pydantic.dev/2.8/v/missing
keyword
  Field required [type=missing, input_value={}, input_type=dict]
    For further information visit https://errors.pydantic.dev/2.8/v/missing
contactPoint
  Field required [type=missing, input_value={}, input_type=dict]
    For further information visit https://errors.pydantic.dev/2.8/v/missing
publisher
  Field required [type=missing, input_value={}, input_type=dict]
    For further information visit https://errors.pydantic.dev/2.8/v/missing
identifier
  Field required [type=missing, input_value={}, input_type=dict]
    For further information visit https://errors.pydantic.dev/2.8/v/missing
description
  Field required [type=missing, input_value={}, input_type=dict]
    For further information visit https://errors.pydantic.dev/2.8/v/missing
title
  Field required [type=missing, input_value={}, input_type=dict]
    For further information visit https://errors.pydantic.dev/2.8/v/missing
programCode
  Field required [type=missing, input_value={}, input_type=dict]
    For further information visit https://errors.pydantic.dev/2.8/v/missing
distribution
  Field required [type=missing, input_value={}, input_type=dict]
    For further information visit https://errors.pydantic.dev/2.8/v/missing
theme
  Field required [type=missing, input_value={}, input_type=dict]
    For further information visit https://errors.pydantic.dev/2.8/v/missing
2024-08-23 12:40:39 - ERROR - Validation error for dataset: Unknown title
Traceback (most recent call last):
  File "C:\Users\edmun\Projects\Repositories\healthpartners-interview\src\healthpartners_interview\download.py", line 31, in fetch_datasets
    dataset = Dataset(**current_item)
              ^^^^^^^^^^^^^^^^^^^^^^^
  File "C:\Users\edmun\Projects\Repositories\healthpartners-interview\.venv\Lib\site-packages\pydantic\main.py", line 193, in __init__
    self.__pydantic_validator__.validate_python(data, self_instance=self)
pydantic_core._pydantic_core.ValidationError: 16 validation errors for Dataset
accessLevel
  Field required [type=missing, input_value={}, input_type=dict]
    For further information visit https://errors.pydantic.dev/2.8/v/missing
landingPage
  Field required [type=missing, input_value={}, input_type=dict]
    For further information visit https://errors.pydantic.dev/2.8/v/missing
bureauCode
  Field required [type=missing, input_value={}, input_type=dict]
    For further information visit https://errors.pydantic.dev/2.8/v/missing
issued
  Field required [type=missing, input_value={}, input_type=dict]
    For further information visit https://errors.pydantic.dev/2.8/v/missing
@type
  Field required [type=missing, input_value={}, input_type=dict]
    For further information visit https://errors.pydantic.dev/2.8/v/missing
modified
  Field required [type=missing, input_value={}, input_type=dict]
    For further information visit https://errors.pydantic.dev/2.8/v/missing
released
  Field required [type=missing, input_value={}, input_type=dict]
    For further information visit https://errors.pydantic.dev/2.8/v/missing
keyword
  Field required [type=missing, input_value={}, input_type=dict]
    For further information visit https://errors.pydantic.dev/2.8/v/missing
contactPoint
  Field required [type=missing, input_value={}, input_type=dict]
    For further information visit https://errors.pydantic.dev/2.8/v/missing
publisher
  Field required [type=missing, input_value={}, input_type=dict]
    For further information visit https://errors.pydantic.dev/2.8/v/missing
identifier
  Field required [type=missing, input_value={}, input_type=dict]
    For further information visit https://errors.pydantic.dev/2.8/v/missing
description
  Field required [type=missing, input_value={}, input_type=dict]
    For further information visit https://errors.pydantic.dev/2.8/v/missing
title
  Field required [type=missing, input_value={}, input_type=dict]
    For further information visit https://errors.pydantic.dev/2.8/v/missing
programCode
  Field required [type=missing, input_value={}, input_type=dict]
    For further information visit https://errors.pydantic.dev/2.8/v/missing
distribution
  Field required [type=missing, input_value={}, input_type=dict]
    For further information visit https://errors.pydantic.dev/2.8/v/missing
theme
  Field required [type=missing, input_value={}, input_type=dict]
    For further information visit https://errors.pydantic.dev/2.8/v/missing
2024-08-23 12:40:39 - ERROR - Validation error for dataset: Unknown title
Traceback (most recent call last):
  File "C:\Users\edmun\Projects\Repositories\healthpartners-interview\src\healthpartners_interview\download.py", line 31, in fetch_datasets
    dataset = Dataset(**current_item)
              ^^^^^^^^^^^^^^^^^^^^^^^
  File "C:\Users\edmun\Projects\Repositories\healthpartners-interview\.venv\Lib\site-packages\pydantic\main.py", line 193, in __init__
    self.__pydantic_validator__.validate_python(data, self_instance=self)
pydantic_core._pydantic_core.ValidationError: 16 validation errors for Dataset
accessLevel
  Field required [type=missing, input_value={}, input_type=dict]
    For further information visit https://errors.pydantic.dev/2.8/v/missing
landingPage
  Field required [type=missing, input_value={}, input_type=dict]
    For further information visit https://errors.pydantic.dev/2.8/v/missing
bureauCode
  Field required [type=missing, input_value={}, input_type=dict]
    For further information visit https://errors.pydantic.dev/2.8/v/missing
issued
  Field required [type=missing, input_value={}, input_type=dict]
    For further information visit https://errors.pydantic.dev/2.8/v/missing
@type
  Field required [type=missing, input_value={}, input_type=dict]
    For further information visit https://errors.pydantic.dev/2.8/v/missing
modified
  Field required [type=missing, input_value={}, input_type=dict]
    For further information visit https://errors.pydantic.dev/2.8/v/missing
released
  Field required [type=missing, input_value={}, input_type=dict]
    For further information visit https://errors.pydantic.dev/2.8/v/missing
keyword
  Field required [type=missing, input_value={}, input_type=dict]
    For further information visit https://errors.pydantic.dev/2.8/v/missing
contactPoint
  Field required [type=missing, input_value={}, input_type=dict]
    For further information visit https://errors.pydantic.dev/2.8/v/missing
publisher
  Field required [type=missing, input_value={}, input_type=dict]
    For further information visit https://errors.pydantic.dev/2.8/v/missing
identifier
  Field required [type=missing, input_value={}, input_type=dict]
    For further information visit https://errors.pydantic.dev/2.8/v/missing
description
  Field required [type=missing, input_value={}, input_type=dict]
    For further information visit https://errors.pydantic.dev/2.8/v/missing
title
  Field required [type=missing, input_value={}, input_type=dict]
    For further information visit https://errors.pydantic.dev/2.8/v/missing
programCode
  Field required [type=missing, input_value={}, input_type=dict]
    For further information visit https://errors.pydantic.dev/2.8/v/missing
distribution
  Field required [type=missing, input_value={}, input_type=dict]
    For further information visit https://errors.pydantic.dev/2.8/v/missing
theme
  Field required [type=missing, input_value={}, input_type=dict]
    For further information visit https://errors.pydantic.dev/2.8/v/missing
2024-08-23 12:40:39 - ERROR - Validation error for dataset: Unknown title
Traceback (most recent call last):
  File "C:\Users\edmun\Projects\Repositories\healthpartners-interview\src\healthpartners_interview\download.py", line 31, in fetch_datasets
    dataset = Dataset(**current_item)
              ^^^^^^^^^^^^^^^^^^^^^^^
  File "C:\Users\edmun\Projects\Repositories\healthpartners-interview\.venv\Lib\site-packages\pydantic\main.py", line 193, in __init__
    self.__pydantic_validator__.validate_python(data, self_instance=self)
pydantic_core._pydantic_core.ValidationError: 16 validation errors for Dataset
accessLevel
  Field required [type=missing, input_value={'item': 'programCode'}, input_type=dict]
    For further information visit https://errors.pydantic.dev/2.8/v/missing
landingPage
  Field required [type=missing, input_value={'item': 'programCode'}, input_type=dict]
    For further information visit https://errors.pydantic.dev/2.8/v/missing
bureauCode
  Field required [type=missing, input_value={'item': 'programCode'}, input_type=dict]
    For further information visit https://errors.pydantic.dev/2.8/v/missing
issued
  Field required [type=missing, input_value={'item': 'programCode'}, input_type=dict]
    For further information visit https://errors.pydantic.dev/2.8/v/missing
@type
  Field required [type=missing, input_value={'item': 'programCode'}, input_type=dict]
    For further information visit https://errors.pydantic.dev/2.8/v/missing
modified
  Field required [type=missing, input_value={'item': 'programCode'}, input_type=dict]
    For further information visit https://errors.pydantic.dev/2.8/v/missing
released
  Field required [type=missing, input_value={'item': 'programCode'}, input_type=dict]
    For further information visit https://errors.pydantic.dev/2.8/v/missing
keyword
  Field required [type=missing, input_value={'item': 'programCode'}, input_type=dict]
    For further information visit https://errors.pydantic.dev/2.8/v/missing
contactPoint
  Field required [type=missing, input_value={'item': 'programCode'}, input_type=dict]
    For further information visit https://errors.pydantic.dev/2.8/v/missing
publisher
  Field required [type=missing, input_value={'item': 'programCode'}, input_type=dict]
    For further information visit https://errors.pydantic.dev/2.8/v/missing
identifier
  Field required [type=missing, input_value={'item': 'programCode'}, input_type=dict]
    For further information visit https://errors.pydantic.dev/2.8/v/missing
description
  Field required [type=missing, input_value={'item': 'programCode'}, input_type=dict]
    For further information visit https://errors.pydantic.dev/2.8/v/missing
title
  Field required [type=missing, input_value={'item': 'programCode'}, input_type=dict]
    For further information visit https://errors.pydantic.dev/2.8/v/missing
programCode
  Field required [type=missing, input_value={'item': 'programCode'}, input_type=dict]
    For further information visit https://errors.pydantic.dev/2.8/v/missing
distribution
  Field required [type=missing, input_value={'item': 'programCode'}, input_type=dict]
    For further information visit https://errors.pydantic.dev/2.8/v/missing
theme
  Field required [type=missing, input_value={'item': 'programCode'}, input_type=dict]
    For further information visit https://errors.pydantic.dev/2.8/v/missing
2024-08-23 12:40:39 - ERROR - Validation error for dataset: Unknown title
Traceback (most recent call last):
  File "C:\Users\edmun\Projects\Repositories\healthpartners-interview\src\healthpartners_interview\download.py", line 31, in fetch_datasets
    dataset = Dataset(**current_item)
              ^^^^^^^^^^^^^^^^^^^^^^^
  File "C:\Users\edmun\Projects\Repositories\healthpartners-interview\.venv\Lib\site-packages\pydantic\main.py", line 193, in __init__
    self.__pydantic_validator__.validate_python(data, self_instance=self)
pydantic_core._pydantic_core.ValidationError: 16 validation errors for Dataset
accessLevel
  Field required [type=missing, input_value={}, input_type=dict]
    For further information visit https://errors.pydantic.dev/2.8/v/missing
landingPage
  Field required [type=missing, input_value={}, input_type=dict]
    For further information visit https://errors.pydantic.dev/2.8/v/missing
bureauCode
  Field required [type=missing, input_value={}, input_type=dict]
    For further information visit https://errors.pydantic.dev/2.8/v/missing
issued
  Field required [type=missing, input_value={}, input_type=dict]
    For further information visit https://errors.pydantic.dev/2.8/v/missing
@type
  Field required [type=missing, input_value={}, input_type=dict]
    For further information visit https://errors.pydantic.dev/2.8/v/missing
modified
  Field required [type=missing, input_value={}, input_type=dict]
    For further information visit https://errors.pydantic.dev/2.8/v/missing
released
  Field required [type=missing, input_value={}, input_type=dict]
    For further information visit https://errors.pydantic.dev/2.8/v/missing
keyword
  Field required [type=missing, input_value={}, input_type=dict]
    For further information visit https://errors.pydantic.dev/2.8/v/missing
contactPoint
  Field required [type=missing, input_value={}, input_type=dict]
    For further information visit https://errors.pydantic.dev/2.8/v/missing
publisher
  Field required [type=missing, input_value={}, input_type=dict]
    For further information visit https://errors.pydantic.dev/2.8/v/missing
identifier
  Field required [type=missing, input_value={}, input_type=dict]
    For further information visit https://errors.pydantic.dev/2.8/v/missing
description
  Field required [type=missing, input_value={}, input_type=dict]
    For further information visit https://errors.pydantic.dev/2.8/v/missing
title
  Field required [type=missing, input_value={}, input_type=dict]
    For further information visit https://errors.pydantic.dev/2.8/v/missing
programCode
  Field required [type=missing, input_value={}, input_type=dict]
    For further information visit https://errors.pydantic.dev/2.8/v/missing
distribution
  Field required [type=missing, input_value={}, input_type=dict]
    For further information visit https://errors.pydantic.dev/2.8/v/missing
theme
  Field required [type=missing, input_value={}, input_type=dict]
    For further information visit https://errors.pydantic.dev/2.8/v/missing
2024-08-23 12:40:39 - ERROR - Validation error for dataset: Unknown title
Traceback (most recent call last):
  File "C:\Users\edmun\Projects\Repositories\healthpartners-interview\src\healthpartners_interview\download.py", line 31, in fetch_datasets
    dataset = Dataset(**current_item)
              ^^^^^^^^^^^^^^^^^^^^^^^
  File "C:\Users\edmun\Projects\Repositories\healthpartners-interview\.venv\Lib\site-packages\pydantic\main.py", line 193, in __init__
    self.__pydantic_validator__.validate_python(data, self_instance=self)
pydantic_core._pydantic_core.ValidationError: 16 validation errors for Dataset
accessLevel
  Field required [type=missing, input_value={}, input_type=dict]
    For further information visit https://errors.pydantic.dev/2.8/v/missing
landingPage
  Field required [type=missing, input_value={}, input_type=dict]
    For further information visit https://errors.pydantic.dev/2.8/v/missing
bureauCode
  Field required [type=missing, input_value={}, input_type=dict]
    For further information visit https://errors.pydantic.dev/2.8/v/missing
issued
  Field required [type=missing, input_value={}, input_type=dict]
    For further information visit https://errors.pydantic.dev/2.8/v/missing
@type
  Field required [type=missing, input_value={}, input_type=dict]
    For further information visit https://errors.pydantic.dev/2.8/v/missing
modified
  Field required [type=missing, input_value={}, input_type=dict]
    For further information visit https://errors.pydantic.dev/2.8/v/missing
released
  Field required [type=missing, input_value={}, input_type=dict]
    For further information visit https://errors.pydantic.dev/2.8/v/missing
keyword
  Field required [type=missing, input_value={}, input_type=dict]
    For further information visit https://errors.pydantic.dev/2.8/v/missing
contactPoint
  Field required [type=missing, input_value={}, input_type=dict]
    For further information visit https://errors.pydantic.dev/2.8/v/missing
publisher
  Field required [type=missing, input_value={}, input_type=dict]
    For further information visit https://errors.pydantic.dev/2.8/v/missing
identifier
  Field required [type=missing, input_value={}, input_type=dict]
    For further information visit https://errors.pydantic.dev/2.8/v/missing
description
  Field required [type=missing, input_value={}, input_type=dict]
    For further information visit https://errors.pydantic.dev/2.8/v/missing
title
  Field required [type=missing, input_value={}, input_type=dict]
    For further information visit https://errors.pydantic.dev/2.8/v/missing
programCode
  Field required [type=missing, input_value={}, input_type=dict]
    For further information visit https://errors.pydantic.dev/2.8/v/missing
distribution
  Field required [type=missing, input_value={}, input_type=dict]
    For further information visit https://errors.pydantic.dev/2.8/v/missing
theme
  Field required [type=missing, input_value={}, input_type=dict]
    For further information visit https://errors.pydantic.dev/2.8/v/missing
2024-08-23 12:40:39 - ERROR - Validation error for dataset: Unknown title
Traceback (most recent call last):
  File "C:\Users\edmun\Projects\Repositories\healthpartners-interview\src\healthpartners_interview\download.py", line 31, in fetch_datasets
    dataset = Dataset(**current_item)
              ^^^^^^^^^^^^^^^^^^^^^^^
  File "C:\Users\edmun\Projects\Repositories\healthpartners-interview\.venv\Lib\site-packages\pydantic\main.py", line 193, in __init__
    self.__pydantic_validator__.validate_python(data, self_instance=self)
pydantic_core._pydantic_core.ValidationError: 16 validation errors for Dataset
accessLevel
  Field required [type=missing, input_value={}, input_type=dict]
    For further information visit https://errors.pydantic.dev/2.8/v/missing
landingPage
  Field required [type=missing, input_value={}, input_type=dict]
    For further information visit https://errors.pydantic.dev/2.8/v/missing
bureauCode
  Field required [type=missing, input_value={}, input_type=dict]
    For further information visit https://errors.pydantic.dev/2.8/v/missing
issued
  Field required [type=missing, input_value={}, input_type=dict]
    For further information visit https://errors.pydantic.dev/2.8/v/missing
@type
  Field required [type=missing, input_value={}, input_type=dict]
    For further information visit https://errors.pydantic.dev/2.8/v/missing
modified
  Field required [type=missing, input_value={}, input_type=dict]
    For further information visit https://errors.pydantic.dev/2.8/v/missing
released
  Field required [type=missing, input_value={}, input_type=dict]
    For further information visit https://errors.pydantic.dev/2.8/v/missing
keyword
  Field required [type=missing, input_value={}, input_type=dict]
    For further information visit https://errors.pydantic.dev/2.8/v/missing
contactPoint
  Field required [type=missing, input_value={}, input_type=dict]
    For further information visit https://errors.pydantic.dev/2.8/v/missing
publisher
  Field required [type=missing, input_value={}, input_type=dict]
    For further information visit https://errors.pydantic.dev/2.8/v/missing
identifier
  Field required [type=missing, input_value={}, input_type=dict]
    For further information visit https://errors.pydantic.dev/2.8/v/missing
description
  Field required [type=missing, input_value={}, input_type=dict]
    For further information visit https://errors.pydantic.dev/2.8/v/missing
title
  Field required [type=missing, input_value={}, input_type=dict]
    For further information visit https://errors.pydantic.dev/2.8/v/missing
programCode
  Field required [type=missing, input_value={}, input_type=dict]
    For further information visit https://errors.pydantic.dev/2.8/v/missing
distribution
  Field required [type=missing, input_value={}, input_type=dict]
    For further information visit https://errors.pydantic.dev/2.8/v/missing
theme
  Field required [type=missing, input_value={}, input_type=dict]
    For further information visit https://errors.pydantic.dev/2.8/v/missing
2024-08-23 12:40:39 - ERROR - Validation error for dataset: Unknown title
Traceback (most recent call last):
  File "C:\Users\edmun\Projects\Repositories\healthpartners-interview\src\healthpartners_interview\download.py", line 31, in fetch_datasets
    dataset = Dataset(**current_item)
              ^^^^^^^^^^^^^^^^^^^^^^^
  File "C:\Users\edmun\Projects\Repositories\healthpartners-interview\.venv\Lib\site-packages\pydantic\main.py", line 193, in __init__
    self.__pydantic_validator__.validate_python(data, self_instance=self)
pydantic_core._pydantic_core.ValidationError: 16 validation errors for Dataset
accessLevel
  Field required [type=missing, input_value={'item': 'programCode'}, input_type=dict]
    For further information visit https://errors.pydantic.dev/2.8/v/missing
landingPage
  Field required [type=missing, input_value={'item': 'programCode'}, input_type=dict]
    For further information visit https://errors.pydantic.dev/2.8/v/missing
bureauCode
  Field required [type=missing, input_value={'item': 'programCode'}, input_type=dict]
    For further information visit https://errors.pydantic.dev/2.8/v/missing
issued
  Field required [type=missing, input_value={'item': 'programCode'}, input_type=dict]
    For further information visit https://errors.pydantic.dev/2.8/v/missing
@type
  Field required [type=missing, input_value={'item': 'programCode'}, input_type=dict]
    For further information visit https://errors.pydantic.dev/2.8/v/missing
modified
  Field required [type=missing, input_value={'item': 'programCode'}, input_type=dict]
    For further information visit https://errors.pydantic.dev/2.8/v/missing
released
  Field required [type=missing, input_value={'item': 'programCode'}, input_type=dict]
    For further information visit https://errors.pydantic.dev/2.8/v/missing
keyword
  Field required [type=missing, input_value={'item': 'programCode'}, input_type=dict]
    For further information visit https://errors.pydantic.dev/2.8/v/missing
contactPoint
  Field required [type=missing, input_value={'item': 'programCode'}, input_type=dict]
    For further information visit https://errors.pydantic.dev/2.8/v/missing
publisher
  Field required [type=missing, input_value={'item': 'programCode'}, input_type=dict]
    For further information visit https://errors.pydantic.dev/2.8/v/missing
identifier
  Field required [type=missing, input_value={'item': 'programCode'}, input_type=dict]
    For further information visit https://errors.pydantic.dev/2.8/v/missing
description
  Field required [type=missing, input_value={'item': 'programCode'}, input_type=dict]
    For further information visit https://errors.pydantic.dev/2.8/v/missing
title
  Field required [type=missing, input_value={'item': 'programCode'}, input_type=dict]
    For further information visit https://errors.pydantic.dev/2.8/v/missing
programCode
  Field required [type=missing, input_value={'item': 'programCode'}, input_type=dict]
    For further information visit https://errors.pydantic.dev/2.8/v/missing
distribution
  Field required [type=missing, input_value={'item': 'programCode'}, input_type=dict]
    For further information visit https://errors.pydantic.dev/2.8/v/missing
theme
  Field required [type=missing, input_value={'item': 'programCode'}, input_type=dict]
    For further information visit https://errors.pydantic.dev/2.8/v/missing
2024-08-23 12:40:39 - ERROR - Validation error for dataset: Unknown title
Traceback (most recent call last):
  File "C:\Users\edmun\Projects\Repositories\healthpartners-interview\src\healthpartners_interview\download.py", line 31, in fetch_datasets
    dataset = Dataset(**current_item)
              ^^^^^^^^^^^^^^^^^^^^^^^
  File "C:\Users\edmun\Projects\Repositories\healthpartners-interview\.venv\Lib\site-packages\pydantic\main.py", line 193, in __init__
    self.__pydantic_validator__.validate_python(data, self_instance=self)
pydantic_core._pydantic_core.ValidationError: 16 validation errors for Dataset
accessLevel
  Field required [type=missing, input_value={}, input_type=dict]
    For further information visit https://errors.pydantic.dev/2.8/v/missing
landingPage
  Field required [type=missing, input_value={}, input_type=dict]
    For further information visit https://errors.pydantic.dev/2.8/v/missing
bureauCode
  Field required [type=missing, input_value={}, input_type=dict]
    For further information visit https://errors.pydantic.dev/2.8/v/missing
issued
  Field required [type=missing, input_value={}, input_type=dict]
    For further information visit https://errors.pydantic.dev/2.8/v/missing
@type
  Field required [type=missing, input_value={}, input_type=dict]
    For further information visit https://errors.pydantic.dev/2.8/v/missing
modified
  Field required [type=missing, input_value={}, input_type=dict]
    For further information visit https://errors.pydantic.dev/2.8/v/missing
released
  Field required [type=missing, input_value={}, input_type=dict]
    For further information visit https://errors.pydantic.dev/2.8/v/missing
keyword
  Field required [type=missing, input_value={}, input_type=dict]
    For further information visit https://errors.pydantic.dev/2.8/v/missing
contactPoint
  Field required [type=missing, input_value={}, input_type=dict]
    For further information visit https://errors.pydantic.dev/2.8/v/missing
publisher
  Field required [type=missing, input_value={}, input_type=dict]
    For further information visit https://errors.pydantic.dev/2.8/v/missing
identifier
  Field required [type=missing, input_value={}, input_type=dict]
    For further information visit https://errors.pydantic.dev/2.8/v/missing
description
  Field required [type=missing, input_value={}, input_type=dict]
    For further information visit https://errors.pydantic.dev/2.8/v/missing
title
  Field required [type=missing, input_value={}, input_type=dict]
    For further information visit https://errors.pydantic.dev/2.8/v/missing
programCode
  Field required [type=missing, input_value={}, input_type=dict]
    For further information visit https://errors.pydantic.dev/2.8/v/missing
distribution
  Field required [type=missing, input_value={}, input_type=dict]
    For further information visit https://errors.pydantic.dev/2.8/v/missing
theme
  Field required [type=missing, input_value={}, input_type=dict]
    For further information visit https://errors.pydantic.dev/2.8/v/missing
2024-08-23 12:40:39 - ERROR - Validation error for dataset: Unknown title
Traceback (most recent call last):
  File "C:\Users\edmun\Projects\Repositories\healthpartners-interview\src\healthpartners_interview\download.py", line 31, in fetch_datasets
    dataset = Dataset(**current_item)
              ^^^^^^^^^^^^^^^^^^^^^^^
  File "C:\Users\edmun\Projects\Repositories\healthpartners-interview\.venv\Lib\site-packages\pydantic\main.py", line 193, in __init__
    self.__pydantic_validator__.validate_python(data, self_instance=self)
pydantic_core._pydantic_core.ValidationError: 16 validation errors for Dataset
accessLevel
  Field required [type=missing, input_value={}, input_type=dict]
    For further information visit https://errors.pydantic.dev/2.8/v/missing
landingPage
  Field required [type=missing, input_value={}, input_type=dict]
    For further information visit https://errors.pydantic.dev/2.8/v/missing
bureauCode
  Field required [type=missing, input_value={}, input_type=dict]
    For further information visit https://errors.pydantic.dev/2.8/v/missing
issued
  Field required [type=missing, input_value={}, input_type=dict]
    For further information visit https://errors.pydantic.dev/2.8/v/missing
@type
  Field required [type=missing, input_value={}, input_type=dict]
    For further information visit https://errors.pydantic.dev/2.8/v/missing
modified
  Field required [type=missing, input_value={}, input_type=dict]
    For further information visit https://errors.pydantic.dev/2.8/v/missing
released
  Field required [type=missing, input_value={}, input_type=dict]
    For further information visit https://errors.pydantic.dev/2.8/v/missing
keyword
  Field required [type=missing, input_value={}, input_type=dict]
    For further information visit https://errors.pydantic.dev/2.8/v/missing
contactPoint
  Field required [type=missing, input_value={}, input_type=dict]
    For further information visit https://errors.pydantic.dev/2.8/v/missing
publisher
  Field required [type=missing, input_value={}, input_type=dict]
    For further information visit https://errors.pydantic.dev/2.8/v/missing
identifier
  Field required [type=missing, input_value={}, input_type=dict]
    For further information visit https://errors.pydantic.dev/2.8/v/missing
description
  Field required [type=missing, input_value={}, input_type=dict]
    For further information visit https://errors.pydantic.dev/2.8/v/missing
title
  Field required [type=missing, input_value={}, input_type=dict]
    For further information visit https://errors.pydantic.dev/2.8/v/missing
programCode
  Field required [type=missing, input_value={}, input_type=dict]
    For further information visit https://errors.pydantic.dev/2.8/v/missing
distribution
  Field required [type=missing, input_value={}, input_type=dict]
    For further information visit https://errors.pydantic.dev/2.8/v/missing
theme
  Field required [type=missing, input_value={}, input_type=dict]
    For further information visit https://errors.pydantic.dev/2.8/v/missing
2024-08-23 12:40:39 - ERROR - Validation error for dataset: Unknown title
Traceback (most recent call last):
  File "C:\Users\edmun\Projects\Repositories\healthpartners-interview\src\healthpartners_interview\download.py", line 31, in fetch_datasets
    dataset = Dataset(**current_item)
              ^^^^^^^^^^^^^^^^^^^^^^^
  File "C:\Users\edmun\Projects\Repositories\healthpartners-interview\.venv\Lib\site-packages\pydantic\main.py", line 193, in __init__
    self.__pydantic_validator__.validate_python(data, self_instance=self)
pydantic_core._pydantic_core.ValidationError: 16 validation errors for Dataset
accessLevel
  Field required [type=missing, input_value={}, input_type=dict]
    For further information visit https://errors.pydantic.dev/2.8/v/missing
landingPage
  Field required [type=missing, input_value={}, input_type=dict]
    For further information visit https://errors.pydantic.dev/2.8/v/missing
bureauCode
  Field required [type=missing, input_value={}, input_type=dict]
    For further information visit https://errors.pydantic.dev/2.8/v/missing
issued
  Field required [type=missing, input_value={}, input_type=dict]
    For further information visit https://errors.pydantic.dev/2.8/v/missing
@type
  Field required [type=missing, input_value={}, input_type=dict]
    For further information visit https://errors.pydantic.dev/2.8/v/missing
modified
  Field required [type=missing, input_value={}, input_type=dict]
    For further information visit https://errors.pydantic.dev/2.8/v/missing
released
  Field required [type=missing, input_value={}, input_type=dict]
    For further information visit https://errors.pydantic.dev/2.8/v/missing
keyword
  Field required [type=missing, input_value={}, input_type=dict]
    For further information visit https://errors.pydantic.dev/2.8/v/missing
contactPoint
  Field required [type=missing, input_value={}, input_type=dict]
    For further information visit https://errors.pydantic.dev/2.8/v/missing
publisher
  Field required [type=missing, input_value={}, input_type=dict]
    For further information visit https://errors.pydantic.dev/2.8/v/missing
identifier
  Field required [type=missing, input_value={}, input_type=dict]
    For further information visit https://errors.pydantic.dev/2.8/v/missing
description
  Field required [type=missing, input_value={}, input_type=dict]
    For further information visit https://errors.pydantic.dev/2.8/v/missing
title
  Field required [type=missing, input_value={}, input_type=dict]
    For further information visit https://errors.pydantic.dev/2.8/v/missing
programCode
  Field required [type=missing, input_value={}, input_type=dict]
    For further information visit https://errors.pydantic.dev/2.8/v/missing
distribution
  Field required [type=missing, input_value={}, input_type=dict]
    For further information visit https://errors.pydantic.dev/2.8/v/missing
theme
  Field required [type=missing, input_value={}, input_type=dict]
    For further information visit https://errors.pydantic.dev/2.8/v/missing
2024-08-23 12:40:39 - ERROR - Validation error for dataset: Unknown title
Traceback (most recent call last):
  File "C:\Users\edmun\Projects\Repositories\healthpartners-interview\src\healthpartners_interview\download.py", line 31, in fetch_datasets
    dataset = Dataset(**current_item)
              ^^^^^^^^^^^^^^^^^^^^^^^
  File "C:\Users\edmun\Projects\Repositories\healthpartners-interview\.venv\Lib\site-packages\pydantic\main.py", line 193, in __init__
    self.__pydantic_validator__.validate_python(data, self_instance=self)
pydantic_core._pydantic_core.ValidationError: 16 validation errors for Dataset
accessLevel
  Field required [type=missing, input_value={'item': 'programCode'}, input_type=dict]
    For further information visit https://errors.pydantic.dev/2.8/v/missing
landingPage
  Field required [type=missing, input_value={'item': 'programCode'}, input_type=dict]
    For further information visit https://errors.pydantic.dev/2.8/v/missing
bureauCode
  Field required [type=missing, input_value={'item': 'programCode'}, input_type=dict]
    For further information visit https://errors.pydantic.dev/2.8/v/missing
issued
  Field required [type=missing, input_value={'item': 'programCode'}, input_type=dict]
    For further information visit https://errors.pydantic.dev/2.8/v/missing
@type
  Field required [type=missing, input_value={'item': 'programCode'}, input_type=dict]
    For further information visit https://errors.pydantic.dev/2.8/v/missing
modified
  Field required [type=missing, input_value={'item': 'programCode'}, input_type=dict]
    For further information visit https://errors.pydantic.dev/2.8/v/missing
released
  Field required [type=missing, input_value={'item': 'programCode'}, input_type=dict]
    For further information visit https://errors.pydantic.dev/2.8/v/missing
keyword
  Field required [type=missing, input_value={'item': 'programCode'}, input_type=dict]
    For further information visit https://errors.pydantic.dev/2.8/v/missing
contactPoint
  Field required [type=missing, input_value={'item': 'programCode'}, input_type=dict]
    For further information visit https://errors.pydantic.dev/2.8/v/missing
publisher
  Field required [type=missing, input_value={'item': 'programCode'}, input_type=dict]
    For further information visit https://errors.pydantic.dev/2.8/v/missing
identifier
  Field required [type=missing, input_value={'item': 'programCode'}, input_type=dict]
    For further information visit https://errors.pydantic.dev/2.8/v/missing
description
  Field required [type=missing, input_value={'item': 'programCode'}, input_type=dict]
    For further information visit https://errors.pydantic.dev/2.8/v/missing
title
  Field required [type=missing, input_value={'item': 'programCode'}, input_type=dict]
    For further information visit https://errors.pydantic.dev/2.8/v/missing
programCode
  Field required [type=missing, input_value={'item': 'programCode'}, input_type=dict]
    For further information visit https://errors.pydantic.dev/2.8/v/missing
distribution
  Field required [type=missing, input_value={'item': 'programCode'}, input_type=dict]
    For further information visit https://errors.pydantic.dev/2.8/v/missing
theme
  Field required [type=missing, input_value={'item': 'programCode'}, input_type=dict]
    For further information visit https://errors.pydantic.dev/2.8/v/missing
2024-08-23 12:40:39 - ERROR - Validation error for dataset: Unknown title
Traceback (most recent call last):
  File "C:\Users\edmun\Projects\Repositories\healthpartners-interview\src\healthpartners_interview\download.py", line 31, in fetch_datasets
    dataset = Dataset(**current_item)
              ^^^^^^^^^^^^^^^^^^^^^^^
  File "C:\Users\edmun\Projects\Repositories\healthpartners-interview\.venv\Lib\site-packages\pydantic\main.py", line 193, in __init__
    self.__pydantic_validator__.validate_python(data, self_instance=self)
pydantic_core._pydantic_core.ValidationError: 16 validation errors for Dataset
accessLevel
  Field required [type=missing, input_value={}, input_type=dict]
    For further information visit https://errors.pydantic.dev/2.8/v/missing
landingPage
  Field required [type=missing, input_value={}, input_type=dict]
    For further information visit https://errors.pydantic.dev/2.8/v/missing
bureauCode
  Field required [type=missing, input_value={}, input_type=dict]
    For further information visit https://errors.pydantic.dev/2.8/v/missing
issued
  Field required [type=missing, input_value={}, input_type=dict]
    For further information visit https://errors.pydantic.dev/2.8/v/missing
@type
  Field required [type=missing, input_value={}, input_type=dict]
    For further information visit https://errors.pydantic.dev/2.8/v/missing
modified
  Field required [type=missing, input_value={}, input_type=dict]
    For further information visit https://errors.pydantic.dev/2.8/v/missing
released
  Field required [type=missing, input_value={}, input_type=dict]
    For further information visit https://errors.pydantic.dev/2.8/v/missing
keyword
  Field required [type=missing, input_value={}, input_type=dict]
    For further information visit https://errors.pydantic.dev/2.8/v/missing
contactPoint
  Field required [type=missing, input_value={}, input_type=dict]
    For further information visit https://errors.pydantic.dev/2.8/v/missing
publisher
  Field required [type=missing, input_value={}, input_type=dict]
    For further information visit https://errors.pydantic.dev/2.8/v/missing
identifier
  Field required [type=missing, input_value={}, input_type=dict]
    For further information visit https://errors.pydantic.dev/2.8/v/missing
description
  Field required [type=missing, input_value={}, input_type=dict]
    For further information visit https://errors.pydantic.dev/2.8/v/missing
title
  Field required [type=missing, input_value={}, input_type=dict]
    For further information visit https://errors.pydantic.dev/2.8/v/missing
programCode
  Field required [type=missing, input_value={}, input_type=dict]
    For further information visit https://errors.pydantic.dev/2.8/v/missing
distribution
  Field required [type=missing, input_value={}, input_type=dict]
    For further information visit https://errors.pydantic.dev/2.8/v/missing
theme
  Field required [type=missing, input_value={}, input_type=dict]
    For further information visit https://errors.pydantic.dev/2.8/v/missing
2024-08-23 12:40:39 - ERROR - Validation error for dataset: Unknown title
Traceback (most recent call last):
  File "C:\Users\edmun\Projects\Repositories\healthpartners-interview\src\healthpartners_interview\download.py", line 31, in fetch_datasets
    dataset = Dataset(**current_item)
              ^^^^^^^^^^^^^^^^^^^^^^^
  File "C:\Users\edmun\Projects\Repositories\healthpartners-interview\.venv\Lib\site-packages\pydantic\main.py", line 193, in __init__
    self.__pydantic_validator__.validate_python(data, self_instance=self)
pydantic_core._pydantic_core.ValidationError: 16 validation errors for Dataset
accessLevel
  Field required [type=missing, input_value={}, input_type=dict]
    For further information visit https://errors.pydantic.dev/2.8/v/missing
landingPage
  Field required [type=missing, input_value={}, input_type=dict]
    For further information visit https://errors.pydantic.dev/2.8/v/missing
bureauCode
  Field required [type=missing, input_value={}, input_type=dict]
    For further information visit https://errors.pydantic.dev/2.8/v/missing
issued
  Field required [type=missing, input_value={}, input_type=dict]
    For further information visit https://errors.pydantic.dev/2.8/v/missing
@type
  Field required [type=missing, input_value={}, input_type=dict]
    For further information visit https://errors.pydantic.dev/2.8/v/missing
modified
  Field required [type=missing, input_value={}, input_type=dict]
    For further information visit https://errors.pydantic.dev/2.8/v/missing
released
  Field required [type=missing, input_value={}, input_type=dict]
    For further information visit https://errors.pydantic.dev/2.8/v/missing
keyword
  Field required [type=missing, input_value={}, input_type=dict]
    For further information visit https://errors.pydantic.dev/2.8/v/missing
contactPoint
  Field required [type=missing, input_value={}, input_type=dict]
    For further information visit https://errors.pydantic.dev/2.8/v/missing
publisher
  Field required [type=missing, input_value={}, input_type=dict]
    For further information visit https://errors.pydantic.dev/2.8/v/missing
identifier
  Field required [type=missing, input_value={}, input_type=dict]
    For further information visit https://errors.pydantic.dev/2.8/v/missing
description
  Field required [type=missing, input_value={}, input_type=dict]
    For further information visit https://errors.pydantic.dev/2.8/v/missing
title
  Field required [type=missing, input_value={}, input_type=dict]
    For further information visit https://errors.pydantic.dev/2.8/v/missing
programCode
  Field required [type=missing, input_value={}, input_type=dict]
    For further information visit https://errors.pydantic.dev/2.8/v/missing
distribution
  Field required [type=missing, input_value={}, input_type=dict]
    For further information visit https://errors.pydantic.dev/2.8/v/missing
theme
  Field required [type=missing, input_value={}, input_type=dict]
    For further information visit https://errors.pydantic.dev/2.8/v/missing
2024-08-23 12:40:39 - ERROR - Validation error for dataset: Unknown title
Traceback (most recent call last):
  File "C:\Users\edmun\Projects\Repositories\healthpartners-interview\src\healthpartners_interview\download.py", line 31, in fetch_datasets
    dataset = Dataset(**current_item)
              ^^^^^^^^^^^^^^^^^^^^^^^
  File "C:\Users\edmun\Projects\Repositories\healthpartners-interview\.venv\Lib\site-packages\pydantic\main.py", line 193, in __init__
    self.__pydantic_validator__.validate_python(data, self_instance=self)
pydantic_core._pydantic_core.ValidationError: 16 validation errors for Dataset
accessLevel
  Field required [type=missing, input_value={}, input_type=dict]
    For further information visit https://errors.pydantic.dev/2.8/v/missing
landingPage
  Field required [type=missing, input_value={}, input_type=dict]
    For further information visit https://errors.pydantic.dev/2.8/v/missing
bureauCode
  Field required [type=missing, input_value={}, input_type=dict]
    For further information visit https://errors.pydantic.dev/2.8/v/missing
issued
  Field required [type=missing, input_value={}, input_type=dict]
    For further information visit https://errors.pydantic.dev/2.8/v/missing
@type
  Field required [type=missing, input_value={}, input_type=dict]
    For further information visit https://errors.pydantic.dev/2.8/v/missing
modified
  Field required [type=missing, input_value={}, input_type=dict]
    For further information visit https://errors.pydantic.dev/2.8/v/missing
released
  Field required [type=missing, input_value={}, input_type=dict]
    For further information visit https://errors.pydantic.dev/2.8/v/missing
keyword
  Field required [type=missing, input_value={}, input_type=dict]
    For further information visit https://errors.pydantic.dev/2.8/v/missing
contactPoint
  Field required [type=missing, input_value={}, input_type=dict]
    For further information visit https://errors.pydantic.dev/2.8/v/missing
publisher
  Field required [type=missing, input_value={}, input_type=dict]
    For further information visit https://errors.pydantic.dev/2.8/v/missing
identifier
  Field required [type=missing, input_value={}, input_type=dict]
    For further information visit https://errors.pydantic.dev/2.8/v/missing
description
  Field required [type=missing, input_value={}, input_type=dict]
    For further information visit https://errors.pydantic.dev/2.8/v/missing
title
  Field required [type=missing, input_value={}, input_type=dict]
    For further information visit https://errors.pydantic.dev/2.8/v/missing
programCode
  Field required [type=missing, input_value={}, input_type=dict]
    For further information visit https://errors.pydantic.dev/2.8/v/missing
distribution
  Field required [type=missing, input_value={}, input_type=dict]
    For further information visit https://errors.pydantic.dev/2.8/v/missing
theme
  Field required [type=missing, input_value={}, input_type=dict]
    For further information visit https://errors.pydantic.dev/2.8/v/missing
2024-08-23 12:40:39 - ERROR - Validation error for dataset: Unknown title
Traceback (most recent call last):
  File "C:\Users\edmun\Projects\Repositories\healthpartners-interview\src\healthpartners_interview\download.py", line 31, in fetch_datasets
    dataset = Dataset(**current_item)
              ^^^^^^^^^^^^^^^^^^^^^^^
  File "C:\Users\edmun\Projects\Repositories\healthpartners-interview\.venv\Lib\site-packages\pydantic\main.py", line 193, in __init__
    self.__pydantic_validator__.validate_python(data, self_instance=self)
pydantic_core._pydantic_core.ValidationError: 16 validation errors for Dataset
accessLevel
  Field required [type=missing, input_value={'item': 'programCode'}, input_type=dict]
    For further information visit https://errors.pydantic.dev/2.8/v/missing
landingPage
  Field required [type=missing, input_value={'item': 'programCode'}, input_type=dict]
    For further information visit https://errors.pydantic.dev/2.8/v/missing
bureauCode
  Field required [type=missing, input_value={'item': 'programCode'}, input_type=dict]
    For further information visit https://errors.pydantic.dev/2.8/v/missing
issued
  Field required [type=missing, input_value={'item': 'programCode'}, input_type=dict]
    For further information visit https://errors.pydantic.dev/2.8/v/missing
@type
  Field required [type=missing, input_value={'item': 'programCode'}, input_type=dict]
    For further information visit https://errors.pydantic.dev/2.8/v/missing
modified
  Field required [type=missing, input_value={'item': 'programCode'}, input_type=dict]
    For further information visit https://errors.pydantic.dev/2.8/v/missing
released
  Field required [type=missing, input_value={'item': 'programCode'}, input_type=dict]
    For further information visit https://errors.pydantic.dev/2.8/v/missing
keyword
  Field required [type=missing, input_value={'item': 'programCode'}, input_type=dict]
    For further information visit https://errors.pydantic.dev/2.8/v/missing
contactPoint
  Field required [type=missing, input_value={'item': 'programCode'}, input_type=dict]
    For further information visit https://errors.pydantic.dev/2.8/v/missing
publisher
  Field required [type=missing, input_value={'item': 'programCode'}, input_type=dict]
    For further information visit https://errors.pydantic.dev/2.8/v/missing
identifier
  Field required [type=missing, input_value={'item': 'programCode'}, input_type=dict]
    For further information visit https://errors.pydantic.dev/2.8/v/missing
description
  Field required [type=missing, input_value={'item': 'programCode'}, input_type=dict]
    For further information visit https://errors.pydantic.dev/2.8/v/missing
title
  Field required [type=missing, input_value={'item': 'programCode'}, input_type=dict]
    For further information visit https://errors.pydantic.dev/2.8/v/missing
programCode
  Field required [type=missing, input_value={'item': 'programCode'}, input_type=dict]
    For further information visit https://errors.pydantic.dev/2.8/v/missing
distribution
  Field required [type=missing, input_value={'item': 'programCode'}, input_type=dict]
    For further information visit https://errors.pydantic.dev/2.8/v/missing
theme
  Field required [type=missing, input_value={'item': 'programCode'}, input_type=dict]
    For further information visit https://errors.pydantic.dev/2.8/v/missing
2024-08-23 12:40:39 - INFO - ✅ Finished fetching datasets.
2024-08-23 12:40:39 - INFO - Completed CMS data download and processing.
2024-08-23 12:43:12 - INFO - Starting CMS data download and processing...
2024-08-23 12:43:12 - INFO - 🏗️ Fetching datasets...
2024-08-23 12:43:12 - DEBUG - Starting new HTTPS connection (1): data.cms.gov:443
2024-08-23 12:43:12 - DEBUG - https://data.cms.gov:443 "GET /provider-data/api/1/metastore/schemas/dataset/items HTTP/11" 200 30377
2024-08-23 12:43:12 - ERROR - Validation error for dataset: Unknown title
Traceback (most recent call last):
  File "C:\Users\edmun\Projects\Repositories\healthpartners-interview\src\healthpartners_interview\download.py", line 33, in fetch_datasets
    dataset = Dataset(**current_item)
              ^^^^^^^^^^^^^^^^^^^^^^^
  File "C:\Users\edmun\Projects\Repositories\healthpartners-interview\.venv\Lib\site-packages\pydantic\main.py", line 193, in __init__
    self.__pydantic_validator__.validate_python(data, self_instance=self)
pydantic_core._pydantic_core.ValidationError: 16 validation errors for Dataset
accessLevel
  Field required [type=missing, input_value={}, input_type=dict]
    For further information visit https://errors.pydantic.dev/2.8/v/missing
landingPage
  Field required [type=missing, input_value={}, input_type=dict]
    For further information visit https://errors.pydantic.dev/2.8/v/missing
bureauCode
  Field required [type=missing, input_value={}, input_type=dict]
    For further information visit https://errors.pydantic.dev/2.8/v/missing
issued
  Field required [type=missing, input_value={}, input_type=dict]
    For further information visit https://errors.pydantic.dev/2.8/v/missing
@type
  Field required [type=missing, input_value={}, input_type=dict]
    For further information visit https://errors.pydantic.dev/2.8/v/missing
modified
  Field required [type=missing, input_value={}, input_type=dict]
    For further information visit https://errors.pydantic.dev/2.8/v/missing
released
  Field required [type=missing, input_value={}, input_type=dict]
    For further information visit https://errors.pydantic.dev/2.8/v/missing
keyword
  Field required [type=missing, input_value={}, input_type=dict]
    For further information visit https://errors.pydantic.dev/2.8/v/missing
contactPoint
  Field required [type=missing, input_value={}, input_type=dict]
    For further information visit https://errors.pydantic.dev/2.8/v/missing
publisher
  Field required [type=missing, input_value={}, input_type=dict]
    For further information visit https://errors.pydantic.dev/2.8/v/missing
identifier
  Field required [type=missing, input_value={}, input_type=dict]
    For further information visit https://errors.pydantic.dev/2.8/v/missing
description
  Field required [type=missing, input_value={}, input_type=dict]
    For further information visit https://errors.pydantic.dev/2.8/v/missing
title
  Field required [type=missing, input_value={}, input_type=dict]
    For further information visit https://errors.pydantic.dev/2.8/v/missing
programCode
  Field required [type=missing, input_value={}, input_type=dict]
    For further information visit https://errors.pydantic.dev/2.8/v/missing
distribution
  Field required [type=missing, input_value={}, input_type=dict]
    For further information visit https://errors.pydantic.dev/2.8/v/missing
theme
  Field required [type=missing, input_value={}, input_type=dict]
    For further information visit https://errors.pydantic.dev/2.8/v/missing
2024-08-23 12:47:08 - INFO - Starting CMS data download and processing...
2024-08-23 12:47:08 - INFO - 🏗️ Fetching datasets...
2024-08-23 12:47:08 - DEBUG - Starting new HTTPS connection (1): data.cms.gov:443
2024-08-23 12:47:08 - DEBUG - https://data.cms.gov:443 "GET /provider-data/api/1/metastore/schemas/dataset/items HTTP/11" 200 30377
2024-08-23 12:47:08 - ERROR - Validation error for dataset: Unknown title
Traceback (most recent call last):
  File "C:\Users\edmun\Projects\Repositories\healthpartners-interview\src\healthpartners_interview\download.py", line 33, in fetch_datasets
    dataset = Dataset(**current_item)
              ^^^^^^^^^^^^^^^^^^^^^^^
  File "C:\Users\edmun\Projects\Repositories\healthpartners-interview\.venv\Lib\site-packages\pydantic\main.py", line 193, in __init__
    self.__pydantic_validator__.validate_python(data, self_instance=self)
pydantic_core._pydantic_core.ValidationError: 16 validation errors for Dataset
accessLevel
  Field required [type=missing, input_value={}, input_type=dict]
    For further information visit https://errors.pydantic.dev/2.8/v/missing
landingPage
  Field required [type=missing, input_value={}, input_type=dict]
    For further information visit https://errors.pydantic.dev/2.8/v/missing
bureauCode
  Field required [type=missing, input_value={}, input_type=dict]
    For further information visit https://errors.pydantic.dev/2.8/v/missing
issued
  Field required [type=missing, input_value={}, input_type=dict]
    For further information visit https://errors.pydantic.dev/2.8/v/missing
@type
  Field required [type=missing, input_value={}, input_type=dict]
    For further information visit https://errors.pydantic.dev/2.8/v/missing
modified
  Field required [type=missing, input_value={}, input_type=dict]
    For further information visit https://errors.pydantic.dev/2.8/v/missing
released
  Field required [type=missing, input_value={}, input_type=dict]
    For further information visit https://errors.pydantic.dev/2.8/v/missing
keyword
  Field required [type=missing, input_value={}, input_type=dict]
    For further information visit https://errors.pydantic.dev/2.8/v/missing
contactPoint
  Field required [type=missing, input_value={}, input_type=dict]
    For further information visit https://errors.pydantic.dev/2.8/v/missing
publisher
  Field required [type=missing, input_value={}, input_type=dict]
    For further information visit https://errors.pydantic.dev/2.8/v/missing
identifier
  Field required [type=missing, input_value={}, input_type=dict]
    For further information visit https://errors.pydantic.dev/2.8/v/missing
description
  Field required [type=missing, input_value={}, input_type=dict]
    For further information visit https://errors.pydantic.dev/2.8/v/missing
title
  Field required [type=missing, input_value={}, input_type=dict]
    For further information visit https://errors.pydantic.dev/2.8/v/missing
programCode
  Field required [type=missing, input_value={}, input_type=dict]
    For further information visit https://errors.pydantic.dev/2.8/v/missing
distribution
  Field required [type=missing, input_value={}, input_type=dict]
    For further information visit https://errors.pydantic.dev/2.8/v/missing
theme
  Field required [type=missing, input_value={}, input_type=dict]
    For further information visit https://errors.pydantic.dev/2.8/v/missing
2024-08-23 12:47:25 - INFO - Starting CMS data download and processing...
2024-08-23 12:47:25 - INFO - 🏗️ Fetching datasets...
2024-08-23 12:47:25 - DEBUG - Starting new HTTPS connection (1): data.cms.gov:443
2024-08-23 12:47:25 - DEBUG - https://data.cms.gov:443 "GET /provider-data/api/1/metastore/schemas/dataset/items HTTP/11" 200 30377
2024-08-23 12:47:25 - ERROR - Validation error for dataset: Unknown title
Traceback (most recent call last):
  File "C:\Users\edmun\Projects\Repositories\healthpartners-interview\src\healthpartners_interview\download.py", line 33, in fetch_datasets
    dataset = Dataset(**current_item)
              ^^^^^^^^^^^^^^^^^^^^^^^
  File "C:\Users\edmun\Projects\Repositories\healthpartners-interview\.venv\Lib\site-packages\pydantic\main.py", line 193, in __init__
    self.__pydantic_validator__.validate_python(data, self_instance=self)
pydantic_core._pydantic_core.ValidationError: 16 validation errors for Dataset
accessLevel
  Field required [type=missing, input_value={}, input_type=dict]
    For further information visit https://errors.pydantic.dev/2.8/v/missing
landingPage
  Field required [type=missing, input_value={}, input_type=dict]
    For further information visit https://errors.pydantic.dev/2.8/v/missing
bureauCode
  Field required [type=missing, input_value={}, input_type=dict]
    For further information visit https://errors.pydantic.dev/2.8/v/missing
issued
  Field required [type=missing, input_value={}, input_type=dict]
    For further information visit https://errors.pydantic.dev/2.8/v/missing
@type
  Field required [type=missing, input_value={}, input_type=dict]
    For further information visit https://errors.pydantic.dev/2.8/v/missing
modified
  Field required [type=missing, input_value={}, input_type=dict]
    For further information visit https://errors.pydantic.dev/2.8/v/missing
released
  Field required [type=missing, input_value={}, input_type=dict]
    For further information visit https://errors.pydantic.dev/2.8/v/missing
keyword
  Field required [type=missing, input_value={}, input_type=dict]
    For further information visit https://errors.pydantic.dev/2.8/v/missing
contactPoint
  Field required [type=missing, input_value={}, input_type=dict]
    For further information visit https://errors.pydantic.dev/2.8/v/missing
publisher
  Field required [type=missing, input_value={}, input_type=dict]
    For further information visit https://errors.pydantic.dev/2.8/v/missing
identifier
  Field required [type=missing, input_value={}, input_type=dict]
    For further information visit https://errors.pydantic.dev/2.8/v/missing
description
  Field required [type=missing, input_value={}, input_type=dict]
    For further information visit https://errors.pydantic.dev/2.8/v/missing
title
  Field required [type=missing, input_value={}, input_type=dict]
    For further information visit https://errors.pydantic.dev/2.8/v/missing
programCode
  Field required [type=missing, input_value={}, input_type=dict]
    For further information visit https://errors.pydantic.dev/2.8/v/missing
distribution
  Field required [type=missing, input_value={}, input_type=dict]
    For further information visit https://errors.pydantic.dev/2.8/v/missing
theme
  Field required [type=missing, input_value={}, input_type=dict]
    For further information visit https://errors.pydantic.dev/2.8/v/missing
2024-08-23 12:47:49 - INFO - Starting CMS data download and processing...
2024-08-23 12:47:49 - INFO - 🏗️ Fetching datasets...
2024-08-23 12:47:49 - DEBUG - Starting new HTTPS connection (1): data.cms.gov:443
2024-08-23 12:47:49 - DEBUG - https://data.cms.gov:443 "GET /provider-data/api/1/metastore/schemas/dataset/items HTTP/11" 200 30377
2024-08-23 12:50:29 - INFO - Starting CMS data download and processing...
2024-08-23 12:50:29 - INFO - 🏗️ Fetching datasets...
2024-08-23 12:50:29 - DEBUG - Starting new HTTPS connection (1): data.cms.gov:443
2024-08-23 12:50:29 - DEBUG - https://data.cms.gov:443 "GET /provider-data/api/1/metastore/schemas/dataset/items HTTP/11" 200 30377
2024-08-23 12:50:53 - DEBUG - Encoding detection: ascii is most likely the one.
2024-08-23 13:08:40 - INFO - Starting CMS data download and processing...
2024-08-23 13:08:40 - INFO - 🏗️ Fetching datasets...
2024-08-23 13:08:40 - DEBUG - Starting new HTTPS connection (1): data.cms.gov:443
2024-08-23 13:08:40 - DEBUG - https://data.cms.gov:443 "GET /provider-data/api/1/metastore/schemas/dataset/items HTTP/11" 200 30377
2024-08-23 13:08:41 - ERROR - Failed to fetch datasets
Traceback (most recent call last):
  File "C:\Users\edmun\Projects\Repositories\healthpartners-interview\src\healthpartners_interview\download.py", line 40, in fetch_datasets
    print(f"Processed dataset: {current_object.title}")
                                ^^^^^^^^^^^^^^^^^^^^
AttributeError: 'NoneType' object has no attribute 'title'
2024-08-23 13:08:41 - INFO - Completed CMS data download and processing.
2024-08-23 13:10:36 - INFO - Starting CMS data download and processing...
2024-08-23 13:10:36 - INFO - 🏗️ Fetching datasets...
2024-08-23 13:10:36 - DEBUG - Starting new HTTPS connection (1): data.cms.gov:443
2024-08-23 13:10:36 - DEBUG - https://data.cms.gov:443 "GET /provider-data/api/1/metastore/schemas/dataset/items HTTP/11" 200 30377
2024-08-23 13:10:36 - DEBUG - Found top-level object:
2024-08-23 13:10:36 - ERROR - Failed to fetch datasets
Traceback (most recent call last):
  File "C:\Users\edmun\Projects\Repositories\healthpartners-interview\src\healthpartners_interview\download.py", line 40, in fetch_datasets
    print(f"Processed dataset: {current_object.title}")
                                ^^^^^^^^^^^^^^^^^^^^
AttributeError: 'dict' object has no attribute 'title'
2024-08-23 13:10:36 - INFO - Completed CMS data download and processing.
2024-08-23 13:11:24 - INFO - Starting CMS data download and processing...
2024-08-23 13:11:24 - INFO - 🏗️ Fetching datasets...
2024-08-23 13:11:24 - DEBUG - Starting new HTTPS connection (1): data.cms.gov:443
2024-08-23 13:11:24 - DEBUG - https://data.cms.gov:443 "GET /provider-data/api/1/metastore/schemas/dataset/items HTTP/11" 200 30377
2024-08-23 13:11:24 - ERROR - Failed to fetch datasets
Traceback (most recent call last):
  File "C:\Users\edmun\Projects\Repositories\healthpartners-interview\src\healthpartners_interview\download.py", line 34, in fetch_datasets
    logging.debug("Found top-level object:" + current_object)
                  ~~~~~~~~~~~~~~~~~~~~~~~~~~^~~~~~~~~~~~~~~~
TypeError: can only concatenate str (not "dict") to str
2024-08-23 13:11:24 - INFO - Completed CMS data download and processing.
2024-08-23 13:11:39 - INFO - Starting CMS data download and processing...
2024-08-23 13:11:39 - INFO - 🏗️ Fetching datasets...
2024-08-23 13:11:39 - DEBUG - Starting new HTTPS connection (1): data.cms.gov:443
2024-08-23 13:11:39 - DEBUG - https://data.cms.gov:443 "GET /provider-data/api/1/metastore/schemas/dataset/items HTTP/11" 200 30377
2024-08-23 13:11:40 - DEBUG - Found top-level object:
2024-08-23 13:11:40 - DEBUG - {'item.contactPoint': 'hasEmail', 'item.contactPoint.@type': 'vcard:Contact', 'item.contactPoint.fn': 'Dialysis Facility Helpdesk', 'item.contactPoint.hasEmail': 'mailto:DialysisData@umich.edu'}
2024-08-23 13:11:40 - ERROR - Failed to fetch datasets
Traceback (most recent call last):
  File "C:\Users\edmun\Projects\Repositories\healthpartners-interview\src\healthpartners_interview\download.py", line 41, in fetch_datasets
    print(f"Processed dataset: {current_object.title}")
                                ^^^^^^^^^^^^^^^^^^^^
AttributeError: 'dict' object has no attribute 'title'
2024-08-23 13:11:40 - INFO - Completed CMS data download and processing.
2024-08-23 13:12:11 - INFO - Starting CMS data download and processing...
2024-08-23 13:12:11 - INFO - 🏗️ Fetching datasets...
2024-08-23 13:12:11 - DEBUG - Starting new HTTPS connection (1): data.cms.gov:443
2024-08-23 13:12:11 - DEBUG - https://data.cms.gov:443 "GET /provider-data/api/1/metastore/schemas/dataset/items HTTP/11" 200 30377
2024-08-23 13:13:46 - INFO - Starting CMS data download and processing...
2024-08-23 13:13:46 - INFO - 🏗️ Fetching datasets...
2024-08-23 13:13:46 - DEBUG - Starting new HTTPS connection (1): data.cms.gov:443
2024-08-23 13:13:46 - DEBUG - https://data.cms.gov:443 "GET /provider-data/api/1/metastore/schemas/dataset/items HTTP/11" 200 30377
2024-08-23 13:13:46 - DEBUG - Found top-level object:
2024-08-23 13:13:46 - ERROR - Failed to fetch datasets
Traceback (most recent call last):
  File "C:\Users\edmun\Projects\Repositories\healthpartners-interview\src\healthpartners_interview\download.py", line 41, in fetch_datasets
    print(f"Processed dataset: {current_object.title}")
                                ^^^^^^^^^^^^^^^^^^^^
AttributeError: 'dict' object has no attribute 'title'
2024-08-23 13:13:46 - INFO - Completed CMS data download and processing.
2024-08-23 13:13:58 - INFO - Starting CMS data download and processing...
2024-08-23 13:13:58 - INFO - 🏗️ Fetching datasets...
2024-08-23 13:13:58 - DEBUG - Starting new HTTPS connection (1): data.cms.gov:443
2024-08-23 13:13:58 - DEBUG - https://data.cms.gov:443 "GET /provider-data/api/1/metastore/schemas/dataset/items HTTP/11" 200 30377
2024-08-23 13:13:58 - DEBUG - Found top-level object:
2024-08-23 13:13:58 - DEBUG - {'item.contactPoint': 'hasEmail', 'item.contactPoint.@type': 'vcard:Contact', 'item.contactPoint.fn': 'Dialysis Facility Helpdesk', 'item.contactPoint.hasEmail': 'mailto:DialysisData@umich.edu'}
2024-08-23 13:13:58 - ERROR - Failed to fetch datasets
Traceback (most recent call last):
  File "C:\Users\edmun\Projects\Repositories\healthpartners-interview\src\healthpartners_interview\download.py", line 41, in fetch_datasets
    print(f"Processed dataset: {current_object.title}")
                                ^^^^^^^^^^^^^^^^^^^^
AttributeError: 'dict' object has no attribute 'title'
2024-08-23 13:13:58 - INFO - Completed CMS data download and processing.
2024-08-23 14:36:20 - INFO - Starting CMS data download and processing...
2024-08-23 14:36:20 - INFO - 🏗️ Fetching datasets...
2024-08-23 14:36:20 - DEBUG - Starting new HTTPS connection (1): data.cms.gov:443
2024-08-23 14:36:20 - DEBUG - https://data.cms.gov:443 "GET /provider-data/api/1/metastore/schemas/dataset/items HTTP/11" 200 30377
2024-08-23 14:36:20 - ERROR - Failed to fetch datasets
Traceback (most recent call last):
  File "C:\Users\edmun\Projects\Repositories\healthpartners-interview\src\healthpartners_interview\download.py", line 61, in fetch_datasets
    for obj in parse_json(response.text):
               ^^^^^^^^^^^^^^^^^^^^^^^^^
  File "C:\Users\edmun\Projects\Repositories\healthpartners-interview\src\healthpartners_interview\download.py", line 14, in parse_json
    with open(file_path, 'rb') as file:
         ^^^^^^^^^^^^^^^^^^^^^
FileNotFoundError: [Errno 2] No such file or directory: '[{"accessLevel":"public","landingPage":"https:\\/\\/data.cms.gov\\/provider-data\\/dataset\\/23ew-n7w9","bureauCode":["009:38"],"issued":"2020-03-14","@type":"dcat:Dataset","modified":"2024-06-21","released":"2024-07-17","keyword":["Quality","Quality Measures"],"contactPoint":{"@type":"vcard:Contact","fn":"Dialysis Facility Helpdesk","hasEmail":"mailto:DialysisData@umich.edu"},"publisher":{"@type":"org:Organization","name":"Centers for Medicare \\u0026 Medicaid Services (CMS)"},"identifier":"23ew-n7w9","description":"A list of all dialysis facilities registered with Medicare that includes addresses and phone numbers, as well as services and quality of care provided.","title":"Dialysis Facility - Listing by Facility","programCode":["009:000"],"distribution":[{"@type":"dcat:Distribution","downloadURL":"https:\\/\\/data.cms.gov\\/provider-data\\/sites\\/default\\/files\\/resources\\/c04d84bc5c641284494bee4f20f17f9c_1720656304\\/DFC_FACILITY.csv","mediaType":"text\\/csv"}],"theme":["Dialysis facilities"]},{"accessLevel":"public","landingPage":"https:\\/\\/data.cms.gov\\/provider-data\\/dataset\\/2fpu-cgbb","bureauCode":["009:38"],"issued":"2020-03-14","@type":"dcat:Dataset","modified":"2024-06-21","released":"2024-07-17","keyword":["Quality","Quality Measures"],"contactPoint":{"@type":"vcard:Contact","fn":"Dialysis Facility Helpdesk","hasEmail":"mailto:DialysisData@umich.edu"},"publisher":{"@type":"org:Organization","name":"Centers for Medicare \\u0026 Medicaid Services (CMS)"},"identifier":"2fpu-cgbb","description":"State averages of common dialysis quality measures.","title":"Dialysis Facility - State Averages","programCode":["009:000"],"distribution":[{"@type":"dcat:Distribution","downloadURL":"https:\\/\\/data.cms.gov\\/provider-data\\/sites\\/default\\/files\\/resources\\/3b5f0449f531ee07c467e49abed89954_1720656305\\/DFC_STATE.csv","mediaType":"text\\/csv"}],"theme":["Dialysis facilities"]},{"accessLevel":"public","landingPage":"https:\\/\\/data.cms.gov\\/provider-data\\/dataset\\/2rkq-ygai","bureauCode":["009:38"],"issued":"2020-03-14","@type":"dcat:Dataset","modified":"2024-06-21","released":"2024-07-17","keyword":["Quality","Quality Measures"],"contactPoint":{"@type":"vcard:Contact","fn":"Dialysis Facility Helpdesk","hasEmail":"mailto:DialysisData@umich.edu"},"publisher":{"@type":"org:Organization","name":"Centers for Medicare \\u0026 Medicaid Services (CMS)"},"identifier":"2rkq-ygai","description":" National averages of common dialysis quality measures.","title":"Dialysis Facility - National Averages","programCode":["009:000"],"distribution":[{"@type":"dcat:Distribution","downloadURL":"https:\\/\\/data.cms.gov\\/provider-data\\/sites\\/default\\/files\\/resources\\/ae019f56e76839ee1da1b51f502954cc_1720656306\\/DFC_NATIONAL.csv","mediaType":"text\\/csv"}],"theme":["Dialysis facilities"]},{"accessLevel":"public","landingPage":"https:\\/\\/data.cms.gov\\/provider-data\\/dataset\\/59mq-zhts","bureauCode":["009:38"],"issued":"2020-03-14","@type":"dcat:Dataset","modified":"2024-06-21","released":"2024-07-17","keyword":["Patient Survey","Patient Experience of Care"],"contactPoint":{"@type":"vcard:Contact","fn":"Dialysis Facility Helpdesk","hasEmail":"mailto:DialysisData@umich.edu"},"publisher":{"@type":"org:Organization","name":"Centers for Medicare \\u0026 Medicaid Services (CMS)"},"identifier":"59mq-zhts","description":"In-Center Hemodialysis Facilities Patient evaluations from the In-Center Hemodialysis Consumer Assessment of Healthcare Providers and Systems (ICH-CAHPS) Survey. The ICH-CAHPS Survey is a national, standardized survey of in-center hemodialysis patients about their experiences with the facility, facility doctors and staff, and care received. ","title":"Patient survey (ICH CAHPS) - Facility","programCode":["009:000"],"distribution":[{"@type":"dcat:Distribution","downloadURL":"https:\\/\\/data.cms.gov\\/provider-data\\/sites\\/default\\/files\\/resources\\/af4027a6449e63899d56ecec0c718998_1720656307\\/ICH_CAHPS_FACILITY.csv","mediaType":"text\\/csv"}],"theme":["Dialysis facilities"]},{"accessLevel":"public","landingPage":"https:\\/\\/data.cms.gov\\/provider-data\\/dataset\\/utgq-v46w","bureauCode":["009:38"],"issued":"2020-03-14","@type":"dcat:Dataset","modified":"2024-06-21","released":"2024-07-17","keyword":["Patient Survey","Patient Experience of Care"],"contactPoint":{"@type":"vcard:Contact","fn":"Dialysis Facility Helpdesk","hasEmail":"mailto:DialysisData@umich.edu"},"publisher":{"@type":"org:Organization","name":"Centers for Medicare \\u0026 Medicaid Services (CMS)"},"identifier":"utgq-v46w","description":"The national average for ICH-CAHPS Survey measures. The ICH-CAHPS Survey is a national, standardized survey of in-center hemodialysis patients about their experiences with the facility, facility doctors and staff, and care received.","title":"Patient survey (ICH CAHPS) - National","programCode":["009:000"],"distribution":[{"@type":"dcat:Distribution","downloadURL":"https:\\/\\/data.cms.gov\\/provider-data\\/sites\\/default\\/files\\/resources\\/a30c36613321ee42e978617533508cf9_1720656309\\/ICH_CAHPS_NATIONAL.csv","mediaType":"text\\/csv"}],"theme":["Dialysis facilities"]},{"@type":"dcat:Dataset","accessLevel":"public","bureauCode":["009:38"],"contactPoint":{"@type":"vcard:Contact","fn":"Nursing homes including rehab services","hasEmail":"mailto:HomeHealthQualityQuestions@cms.hhs.gov"},"description":"Home Health Care - Zip Codes","distribution":[{"@type":"dcat:Distribution","downloadURL":"https:\\/\\/data.cms.gov\\/provider-data\\/sites\\/default\\/files\\/resources\\/fd80da91be2259ba6931aff2be58fa8a_1720656321\\/HH_Zip_Jul2024.csv","mediaType":"text\\/csv"}],"identifier":"m5eg-upu5","issued":"2024-05-22","keyword":["General Information","Quality","Ratings","Comparison","State","Average","Quality","Measures","National","Location"],"landingPage":"https:\\/\\/data.cms.gov\\/provider-data\\/dataset\\/m5eg-upu5","modified":"2024-05-22","programCode":["009:000"],"publisher":{"@type":"org:Organization","name":"Centers for Medicare \\u0026 Medicaid Services (CMS)"},"released":"2024-07-17","theme":["Home health services"],"title":"Home Health Care - Zip Codes"},{"@type":"dcat:Dataset","accessLevel":"public","bureauCode":["009:38"],"contactPoint":{"@type":"vcard:Contact","fn":"Nursing homes including rehab services","hasEmail":"mailto:HomeHealthQualityQuestions@cms.hhs.gov"},"description":"A list of all Home Health Agencies that have been registered with Medicare. The list includes addresses, phone numbers, and quality measure ratings for each agency.","distribution":[{"@type":"dcat:Distribution","downloadURL":"https:\\/\\/data.cms.gov\\/provider-data\\/sites\\/default\\/files\\/resources\\/64b6a0b7fa995d7546300bd1e85d0291_1720656323\\/HH_Provider_Jul2024.csv","mediaType":"text\\/csv"}],"identifier":"6jpm-sxkc","issued":"2024-05-22","keyword":["Address","Provider-level","Provider Data","Performance","General Information","Quality","Ratings","Comparison","State","Quality","Measures","National","Average","Quality Reporting Program"],"landingPage":"https:\\/\\/data.cms.gov\\/provider-data\\/dataset\\/6jpm-sxkc","modified":"2024-05-22","programCode":["009:000"],"publisher":{"@type":"org:Organization","name":"Centers for Medicare \\u0026 Medicaid Services (CMS)"},"released":"2024-07-17","theme":["Home health services"],"title":"Home Health Care Agencies"},{"@type":"dcat:Dataset","accessLevel":"public","bureauCode":["009:38"],"contactPoint":{"@type":"vcard:Contact","fn":"Nursing homes including rehab services","hasEmail":"mailto:HomeHealthQualityQuestions@cms.hhs.gov"},"description":"The national averages for critical quality measures of Home Health Agencies.","distribution":[{"@type":"dcat:Distribution","downloadURL":"https:\\/\\/data.cms.gov\\/provider-data\\/sites\\/default\\/files\\/resources\\/6b027ed377972a66f1eb0d333fab98bd_1720656324\\/HH_National_Jul2024.csv","mediaType":"text\\/csv"}],"identifier":"97z8-de96","issued":"2024-05-22","keyword":["General Information","Quality","Ratings","Comparison","State","Average","Quality","Measures","National"],"landingPage":"https:\\/\\/data.cms.gov\\/provider-data\\/dataset\\/97z8-de96","modified":"2024-05-22","programCode":["009:000"],"publisher":{"@type":"org:Organization","name":"Centers for Medicare \\u0026 Medicaid Services (CMS)"},"released":"2024-07-17","theme":["Home health services"],"title":"Home Health Care - National Data"},{"accessLevel":"public","landingPage":"https:\\/\\/data.cms.gov\\/provider-data\\/dataset\\/95rg-2usp","bureauCode":["009:38"],"issued":"2024-04-15","@type":"dcat:Dataset","modified":"2024-04-15","released":"2024-05-22","keyword":["Location","Quality Reporting Program"],"contactPoint":{"@type":"vcard:Contact","fn":"HospicePRquestions@cms.hhs.gov","hasEmail":"mailto:HospicePRquestions@cms.hhs.gov"},"publisher":{"@type":"org:Organization","name":"data.medicare.gov"},"identifier":"95rg-2usp","description":"A list of zip codes where hospice provides services.","title":"Hospice - Zip Data","programCode":["009:000"],"distribution":[{"@type":"dcat:Distribution","downloadURL":"https:\\/\\/data.cms.gov\\/provider-data\\/sites\\/default\\/files\\/resources\\/48f6ae7249f5f3272095a423fbc198e6_1715011505\\/Hospice_Zip_May2024.csv","mediaType":"text\\/csv"}],"theme":["Hospice care"]},{"accessLevel":"public","landingPage":"https:\\/\\/data.cms.gov\\/provider-data\\/dataset\\/yc9t-dgbk","bureauCode":["009:38"],"issued":"2024-04-15","@type":"dcat:Dataset","modified":"2024-04-15","released":"2024-05-22","keyword":["General Information","Address","Location","Quality Reporting Program"],"contactPoint":{"@type":"vcard:Contact","fn":"HospicePRquestions@cms.hhs.gov","hasEmail":"mailto:HospicePRquestions@cms.hhs.gov"},"publisher":{"@type":"org:Organization","name":"data.medicare.gov"},"identifier":"yc9t-dgbk","description":"This dataset shows characteristics of hospice providers such as address, phone number, ownership data and more.","title":"Hospice - General Information","programCode":["009:000"],"distribution":[{"@type":"dcat:Distribution","downloadURL":"https:\\/\\/data.cms.gov\\/provider-data\\/sites\\/default\\/files\\/resources\\/b46f2705c3d69cb235d6cccca130810e_1715011506\\/Hospice_General-Information_May2024.csv","mediaType":"text\\/csv"}],"theme":["Hospice care"]},{"accessLevel":"public","landingPage":"https:\\/\\/data.cms.gov\\/provider-data\\/dataset\\/252m-zfp9","bureauCode":["009:38"],"issued":"2024-04-15","@type":"dcat:Dataset","modified":"2024-04-15","released":"2024-05-22","keyword":["Measures","Quality","Provider Data","Provider-level","Quality Reporting Program"],"contactPoint":{"@type":"vcard:Contact","fn":"HospicePRquestions@cms.hhs.gov","hasEmail":"mailto:HospicePRquestions@cms.hhs.gov"},"publisher":{"@type":"org:Organization","name":"data.medicare.gov"},"identifier":"252m-zfp9","description":"A list of hospice providers with data on the quality of patient care measures.","title":"Hospice - Provider Data","programCode":["009:000"],"distribution":[{"@type":"dcat:Distribution","downloadURL":"https:\\/\\/data.cms.gov\\/provider-data\\/sites\\/default\\/files\\/resources\\/fe53abc0d6e1b830aa3f112728f438d4_1715011507\\/Hospice_Provider_May2024.csv","mediaType":"text\\/csv"}],"theme":["Hospice care"]},{"accessLevel":"public","landingPage":"https:\\/\\/data.cms.gov\\/provider-data\\/dataset\\/gxki-hrr8","bureauCode":["009:38"],"issued":"2024-04-15","@type":"dcat:Dataset","modified":"2024-04-15","released":"2024-05-22","keyword":["Average","CAHPS","Patient Experience of Care","Patient Survey"],"contactPoint":{"@type":"vcard:Contact","fn":"CMS","hasEmail":"mailto:hospicecahpssurvey@hsag.com"},"publisher":{"@type":"org:Organization","name":"Centers for Medicare \\u0026 Medicaid Services (CMS)"},"identifier":"gxki-hrr8","description":"This data set contains a list of hospice providers with data on their scores on the Consumer Assessment of Healthcare Providers and Systems (CAHPS\\u00ae) Hospice Survey measures.","title":"Hospice care - Provider CAHPS Hospice Survey Data","programCode":["009:000"],"distribution":[{"@type":"dcat:Distribution","downloadURL":"https:\\/\\/data.cms.gov\\/provider-data\\/sites\\/default\\/files\\/resources\\/5fc0fdfe01cc85e6d9c414708db7c30c_1715011509\\/Provider_CAHPS_Hospice_Survey_Data_May2024.csv","mediaType":"text\\/csv"}],"theme":["Hospice care"]},{"accessLevel":"public","landingPage":"https:\\/\\/data.cms.gov\\/provider-data\\/dataset\\/7cv8-v37d","bureauCode":["009:38"],"issued":"2024-04-15","@type":"dcat:Dataset","modified":"2024-04-15","released":"2024-05-22","keyword":["National","Average","CAHPS","Patient Experience of Care","Patient Survey"],"contactPoint":{"@type":"vcard:Contact","fn":"CMS","hasEmail":"mailto:hospicecahpssurvey@hsag.com"},"publisher":{"@type":"org:Organization","name":"Centers for Medicare \\u0026 Medicaid Services (CMS)"},"identifier":"7cv8-v37d","description":"This data set contains the national average (mean) scores of Medicare-certified hospice providers on the Consumer Assessment of Healthcare Providers and Systems (CAHPS\\u00ae) Hospice Survey measures.","title":"Hospice care - National CAHPS Hospice Survey Data","programCode":["009:000"],"distribution":[{"@type":"dcat:Distribution","downloadURL":"https:\\/\\/data.cms.gov\\/provider-data\\/sites\\/default\\/files\\/resources\\/1c6c6cec0762448e7fae88b696a658a3_1715011509\\/National_CAHPS_Hospice_Survey_Data_May2024.csv","mediaType":"text\\/csv"}],"theme":["Hospice care"]},{"accessLevel":"public","landingPage":"https:\\/\\/data.cms.gov\\/provider-data\\/dataset\\/48nr-hqxx","bureauCode":["009:38"],"issued":"2023-07-05","@type":"dcat:Dataset","modified":"2024-03-29","released":"2024-07-31","keyword":["Ambulatory Surgical Center","Outpatient","Survey","CAHPS","Surgery","Outpatient Surgery"],"contactPoint":{"@type":"vcard:Contact","fn":"Hospital Compare","hasURL":"https:\\/\\/cmsqualitysupport.servicenowservices.com\\/qnet_qa"},"publisher":{"@type":"org:Organization","name":"Centers for Medicare \\u0026 Medicaid Services (CMS)"},"identifier":"48nr-hqxx","description":"A list of ambulatory surgical center ratings for the Outpatient and Ambulatory Surgery Consumer Assessment of Healthcare Providers and Systems (OAS CAHPS) survey. The OAS CAHPS survey collects information about patients\\u0027 experiences of care in hospital outpatient departments (HOPDs) and ambulatory surgical centers (ASCs). The data are updated and reported each quarter with data from the most recently completed quarter replacing the oldest quarter of data.","title":"Outpatient and Ambulatory Surgery Consumer Assessment of Healthcare Providers and Systems (OAS CAHPS) survey for ambulatory surgical centers - Facility","programCode":["009:000"],"distribution":[{"@type":"dcat:Distribution","downloadURL":"https:\\/\\/data.cms.gov\\/provider-data\\/sites\\/default\\/files\\/resources\\/8392b7d74209bb3dc54ff1b09635e733_1720656679\\/ASCQR_OAS_CAHPS_BY_ASC.csv","mediaType":"text\\/csv"}],"theme":["Hospitals"]},{"accessLevel":"public","landingPage":"https:\\/\\/data.cms.gov\\/provider-data\\/dataset\\/4jcv-atw7","bureauCode":["009:38"],"issued":"2024-01-08","@type":"dcat:Dataset","modified":"2024-07-08","released":"2024-07-31","keyword":["Ambulatory Surgical Center","Colonoscopy"],"contactPoint":{"@type":"vcard:Contact","fn":"Hospital Compare","hasURL":"https:\\/\\/cmsqualitysupport.servicenowservices.com\\/qnet_qa"},"publisher":{"@type":"org:Organization","name":"Centers for Medicare \\u0026 Medicaid Services (CMS)"},"identifier":"4jcv-atw7","description":"A list of ambulatory surgical centers participating in the Ambulatory Surgical Center Quality Reporting (ASCQR) Program and their performance rates.","title":"Ambulatory Surgical Center Quality Measures - Facility","programCode":["009:000"],"distribution":[{"@type":"dcat:Distribution","downloadURL":"https:\\/\\/data.cms.gov\\/provider-data\\/sites\\/default\\/files\\/resources\\/dd03994fc93e296bb0297f1cd43cc987_1721117107\\/ASC_Facility.csv","mediaType":"text\\/csv"}],"theme":["Hospitals"]},{"accessLevel":"public","landingPage":"https:\\/\\/data.cms.gov\\/provider-data\\/dataset\\/wue8-3vwe","bureauCode":["009:38"],"issued":"2024-01-08","@type":"dcat:Dataset","modified":"2024-07-08","released":"2024-07-31","keyword":["Ambulatory Surgical Center","National","Surgery","Colonoscopy"],"contactPoint":{"@type":"vcard:Contact","fn":"Hospital Compare","hasURL":"https:\\/\\/cmsqualitysupport.servicenowservices.com\\/qnet_qa"},"publisher":{"@type":"org:Organization","name":"Centers for Medicare \\u0026 Medicaid Services (CMS)"},"identifier":"wue8-3vwe","description":"This file contains the national averages for all measures reported through the Ambulatory Surgical Center Quality Reporting (ASCQR) Program.","title":"Ambulatory Surgical Center Quality Measures - National","programCode":["009:000"],"distribution":[{"@type":"dcat:Distribution","downloadURL":"https:\\/\\/data.cms.gov\\/provider-data\\/sites\\/default\\/files\\/resources\\/43dcc3212bfab34ac186ac2e19196b09_1721117108\\/ASC_National.csv","mediaType":"text\\/csv"}],"theme":["Hospitals"]},{"accessLevel":"public","landingPage":"https:\\/\\/data.cms.gov\\/provider-data\\/dataset\\/tf3h-mrrs","bureauCode":["009:38"],"issued":"2020-12-10","@type":"dcat:Dataset","modified":"2024-03-29","released":"2024-07-31","keyword":["Ambulatory Surgical Center","Outpatient","Survey","CAHPS","National","Surgery","Outpatient Surgery"],"contactPoint":{"@type":"vcard:Contact","fn":"Hospital Compare","hasURL":"https:\\/\\/cmsqualitysupport.servicenowservices.com\\/qnet_qa"},"publisher":{"@type":"org:Organization","name":"Centers for Medicare \\u0026 Medicaid Services (CMS)"},"identifier":"tf3h-mrrs","description":"The file contains the national average for the OAS CAHPS survey responses. The OAS CAHPS survey collects information about patients\\u0027 experiences of care in hospital outpatient departments (HOPDs) and ambulatory surgical centers (ASCs). The data are updated and reported each quarter with data from the most recently completed quarter replacing the oldest quarter of data.","title":"Outpatient and Ambulatory Surgery Consumer Assessment of Healthcare Providers and Systems (OAS CAHPS) survey for ambulatory surgical centers - National","programCode":["009:000"],"distribution":[{"@type":"dcat:Distribution","downloadURL":"https:\\/\\/data.cms.gov\\/provider-data\\/sites\\/default\\/files\\/resources\\/65a38069cc48376e9f519a3609424537_1720656681\\/ASCQR_OAS_CAHPS_NATIONAL.csv","mediaType":"text\\/csv"}],"theme":["Hospitals"]},{"accessLevel":"public","landingPage":"https:\\/\\/data.cms.gov\\/provider-data\\/dataset\\/axe7-s95e","bureauCode":["009:38"],"issued":"2024-01-08","@type":"dcat:Dataset","modified":"2024-07-08","released":"2024-07-31","keyword":["Ambulatory Surgical Center","State","Surgery","Colonoscopy"],"contactPoint":{"@type":"vcard:Contact","fn":"Hospital Compare","hasURL":"https:\\/\\/cmsqualitysupport.servicenowservices.com\\/qnet_qa"},"publisher":{"@type":"org:Organization","name":"Centers for Medicare \\u0026 Medicaid Services (CMS)"},"identifier":"axe7-s95e","description":"This file contains state-level data for all measures reported through the Ambulatory Surgical Center Quality Reporting (ASCQR) Program.","title":"Ambulatory Surgical Center Quality Measures - State","programCode":["009:000"],"distribution":[{"@type":"dcat:Distribution","downloadURL":"https:\\/\\/data.cms.gov\\/provider-data\\/sites\\/default\\/files\\/resources\\/d3aea2dfaeae85c44017441b184aeb6d_1721117111\\/ASC_State.csv","mediaType":"text\\/csv"}],"theme":["Hospitals"]},{"accessLevel":"public","landingPage":"https:\\/\\/data.cms.gov\\/provider-data\\/dataset\\/x663-bwbj","bureauCode":["009:38"],"issued":"2020-12-10","@type":"dcat:Dataset","modified":"2024-03-29","released":"2024-07-31","keyword":["Ambulatory Surgical Center","Outpatient","Survey","CAHPS","State","Surgery","Outpatient Surgery"],"contactPoint":{"@type":"vcard:Contact","fn":"Hospital Compare","hasURL":"https:\\/\\/cmsqualitysupport.servicenowservices.com\\/qnet_qa"},"publisher":{"@type":"org:Organization","name":"Centers for Medicare \\u0026 Medicaid Services (CMS)"},"identifier":"x663-bwbj","description":"A list of the state averages for the OAS CAHPS survey responses. The OAS CAHPS survey collects information about patients\\u0027 experiences of care in hospital outpatient departments (HOPDs) and ambulatory surgical centers (ASCs). The data are updated and reported each quarter with data from the most recently completed quarter replacing the oldest quarter of data.","title":"Outpatient and Ambulatory Surgery Consumer Assessment of Healthcare Providers and Systems (OAS CAHPS) survey for ambulatory surgical centers - State","programCode":["009:000"],"distribution":[{"@type":"dcat:Distribution","downloadURL":"https:\\/\\/data.cms.gov\\/provider-data\\/sites\\/default\\/files\\/resources\\/f086b4b7fc9d628f08e70ade47dff3c5_1720656683\\/ASCQR_OAS_CAHPS_STATE.csv","mediaType":"text\\/csv"}],"theme":["Hospitals"]},{"accessLevel":"public","landingPage":"https:\\/\\/data.cms.gov\\/provider-data\\/dataset\\/tqkv-mgxq","bureauCode":["009:38"],"issued":"2020-12-10","@type":"dcat:Dataset","modified":"2024-01-08","released":"2024-07-31","keyword":["Comprehensive Care for Joint Replacement Model","Hip Knee","CAHPS"],"contactPoint":{"@type":"vcard:Contact","fn":"Hospital Compare","hasURL":"https:\\/\\/cmsqualitysupport.servicenowservices.com\\/qnet_qa"},"publisher":{"@type":"org:Organization","name":"Centers for Medicare \\u0026 Medicaid Services (CMS)"},"identifier":"tqkv-mgxq","description":"Comprehensive Care for Joint Replacement Model - provider data. This data set includes provider data for two quality measures tracked during an episode of care: complication rate for hip\\/knee replacement patients and the Hospital Consumer Assessment of Healthcare Providers and Systems (HCAHPS) Survey.","title":"Comprehensive Care For Joint Replacement Model - Provider Data","programCode":["009:000"],"distribution":[{"@type":"dcat:Distribution","downloadURL":"https:\\/\\/data.cms.gov\\/provider-data\\/sites\\/default\\/files\\/resources\\/739d54d012ec9a7113d06d2f1d29e9c2_1720656684\\/CJR_Quality_Reporting_January_2024_Production_File.csv","mediaType":"text\\/csv"}],"theme":["Hospitals"]},{"accessLevel":"public","landingPage":"https:\\/\\/data.cms.gov\\/provider-data\\/dataset\\/muwa-iene","bureauCode":["009:38"],"issued":"2020-12-10","@type":"dcat:Dataset","modified":"2024-07-08","released":"2024-07-31","keyword":["Complications","PSI"],"contactPoint":{"@type":"vcard:Contact","fn":"Hospital Compare","hasURL":"https:\\/\\/cmsqualitysupport.servicenowservices.com\\/qnet_qa"},"publisher":{"@type":"org:Organization","name":"Centers for Medicare \\u0026 Medicaid Services (CMS)"},"identifier":"muwa-iene","description":"This data set includes the Patient Safety and Adverse Events Composite measure (CMS Medicare PSI 90) and the individual CMS Patient Safety Indicators. CMS Medicare PSI 90 is a composite complication measure composed from 10 separate Patient Safety Indicators. The measure provides an overview of hospital-level quality as it relates to a set of potentially preventable hospital-related events associated with harmful outcomes for patients.","title":"CMS Medicare PSI-90 and component measures - six-digit estimate dataset","programCode":["009:000"],"distribution":[{"@type":"dcat:Distribution","downloadURL":"https:\\/\\/data.cms.gov\\/provider-data\\/sites\\/default\\/files\\/resources\\/84bd78c1b4e386185bcef2af963d8cf9_1721117114\\/CMS_PSI_6_decimal_file.csv","mediaType":"text\\/csv"}],"theme":["Hospitals"]},{"accessLevel":"public","landingPage":"https:\\/\\/data.cms.gov\\/provider-data\\/dataset\\/ynj2-r877","bureauCode":["009:38"],"issued":"2023-07-05","@type":"dcat:Dataset","modified":"2024-07-08","released":"2024-07-31","keyword":["Complications","Death","Mortality","Hip Knee","PSI"],"contactPoint":{"@type":"vcard:Contact","fn":"Hospital Compare","hasURL":"https:\\/\\/cmsqualitysupport.servicenowservices.com\\/qnet_qa"},"publisher":{"@type":"org:Organization","name":"Centers for Medicare \\u0026 Medicaid Services (CMS)"},"identifier":"ynj2-r877","description":"Complications and deaths - provider data. This data set includes provider-level data for the hip\\/knee complication measure, the CMS Patient Safety Indicators, and 30-day death rates. NOTICE: Data from the 1st and 2nd quarters of 2020 are not being reported due to the impact of the COVID-19 pandemic. For more information, please reference https:\\/\\/qualitynet.cms.gov\\/files\\/5fb838aef61c410025a64709?filename=2020-111-IP.pdf.","title":"Complications and Deaths - Hospital","programCode":["009:000"],"distribution":[{"@type":"dcat:Distribution","downloadURL":"https:\\/\\/data.cms.gov\\/provider-data\\/sites\\/default\\/files\\/resources\\/6af7c44d77436e5a1caac3ce39a83fe9_1721117115\\/Complications_and_Deaths-Hospital.csv","mediaType":"text\\/csv"}],"theme":["Hospitals"]},{"accessLevel":"public","landingPage":"https:\\/\\/data.cms.gov\\/provider-data\\/dataset\\/qqw3-t4ie","bureauCode":["009:38"],"issued":"2020-12-10","@type":"dcat:Dataset","modified":"2024-07-08","released":"2024-07-31","keyword":["Complications","Death","Mortality","Hip Knee","PSI","National"],"contactPoint":{"@type":"vcard:Contact","fn":"Hospital Compare","hasURL":"https:\\/\\/cmsqualitysupport.servicenowservices.com\\/qnet_qa"},"publisher":{"@type":"org:Organization","name":"Centers for Medicare \\u0026 Medicaid Services (CMS)"},"identifier":"qqw3-t4ie","description":"Complications and deaths - national data. This data set includes national-level data for the hip\\/knee complication measure, the CMS Patient Safety Indicators, and 30-day death rates. NOTICE: Data from the 1st and 2nd quarters of 2020 are not being reported due to the impact of the COVID-19 pandemic. For more information, please reference https:\\/\\/qualitynet.cms.gov\\/files\\/5fb838aef61c410025a64709?filename=2020-111-IP.pdf.","title":"Complications and Deaths - National","programCode":["009:000"],"distribution":[{"@type":"dcat:Distribution","downloadURL":"https:\\/\\/data.cms.gov\\/provider-data\\/sites\\/default\\/files\\/resources\\/aba37eca11edcd4272afff9e6dc78bda_1721117116\\/Complications_and_Deaths-National.csv","mediaType":"text\\/csv"}],"theme":["Hospitals"]},{"accessLevel":"public","landingPage":"https:\\/\\/data.cms.gov\\/provider-data\\/dataset\\/bs2r-24vh","bureauCode":["009:38"],"issued":"2020-12-10","@type":"dcat:Dataset","modified":"2024-07-08","released":"2024-07-31","keyword":["Complications","Death","Mortality","Hip Knee","PSI","State"],"contactPoint":{"@type":"vcard:Contact","fn":"Hospital Compare","hasURL":"https:\\/\\/cmsqualitysupport.servicenowservices.com\\/qnet_qa"},"publisher":{"@type":"org:Organization","name":"Centers for Medicare \\u0026 Medicaid Services (CMS)"},"identifier":"bs2r-24vh","description":"Complications and deaths - state data. This data set includes state-level data for the hip\\/knee complication measure, the CMS Patient Safety Indicators, and 30-day death rates. NOTICE: Data from the 1st and 2nd quarters of 2020 are not being reported due to the impact of the COVID-19 pandemic. For more information, please reference https:\\/\\/qualitynet.cms.gov\\/files\\/5fb838aef61c410025a64709?filename=2020-111-IP.pdf.","title":"Complications and Deaths - State","programCode":["009:000"],"distribution":[{"@type":"dcat:Distribution","downloadURL":"https:\\/\\/data.cms.gov\\/provider-data\\/sites\\/default\\/files\\/resources\\/247bb4364e310313773d74ccb0fb3231_1721117118\\/Complications_and_Deaths-State.csv","mediaType":"text\\/csv"}],"theme":["Hospitals"]},{"accessLevel":"public","landingPage":"https:\\/\\/data.cms.gov\\/provider-data\\/dataset\\/y9us-9xdf","bureauCode":["009:38"],"issued":"2020-12-10","@type":"dcat:Dataset","modified":"2022-10-04","released":"2024-07-31","keyword":["General Information"],"contactPoint":{"@type":"vcard:Contact","fn":"Hospital Compare","hasURL":"https:\\/\\/cmsqualitysupport.servicenowservices.com\\/qnet_qa"},"publisher":{"@type":"org:Organization","name":"Centers for Medicare \\u0026 Medicaid Services (CMS)"},"identifier":"y9us-9xdf","description":"The footnote crosswalk displays a list of footnotes and their summary.","title":"Footnote Crosswalk","programCode":["009:000"],"distribution":[{"@type":"dcat:Distribution","downloadURL":"https:\\/\\/data.cms.gov\\/provider-data\\/sites\\/default\\/files\\/resources\\/f29bb7c812e242f6edfef0a4b7d0eaca_1720656687\\/Footnote_Crosswalk.csv","mediaType":"text\\/csv"}],"theme":["Hospitals"]},{"accessLevel":"public","landingPage":"https:\\/\\/data.cms.gov\\/provider-data\\/dataset\\/e6hj-umam","bureauCode":["009:38"],"issued":"2020-12-10","@type":"dcat:Dataset","modified":"2024-03-29","released":"2024-07-31","keyword":["Ambulatory Surgical Center","Outpatient","Survey","CAHPS"],"contactPoint":{"@type":"vcard:Contact","fn":"Hospital Compare","hasURL":"https:\\/\\/cmsqualitysupport.servicenowservices.com\\/qnet_qa"},"publisher":{"@type":"org:Organization","name":"Centers for Medicare \\u0026 Medicaid Services (CMS)"},"identifier":"e6hj-umam","description":"This file contains the footnotes used in the Outpatient and Ambulatory Surgery (OAS CAHPS) survey data. The OAS CAHPS survey collects information about patients\\u0027 experiences of care in hospital outpatient departments (HOPDs) and ambulatory surgical centers (ASCs).","title":"Outpatient and Ambulatory Surgery Consumer Assessment of Healthcare Providers and Systems (OAS CAHPS) survey - Footnotes","programCode":["009:000"],"distribution":[{"@type":"dcat:Distribution","downloadURL":"https:\\/\\/data.cms.gov\\/provider-data\\/sites\\/default\\/files\\/resources\\/92e8b13e8f8b1a7d35957d49543be589_1720656688\\/OAS_CAHPS_Footnotes.csv","mediaType":"text\\/csv"}],"theme":["Hospitals"]},{"accessLevel":"public","landingPage":"https:\\/\\/data.cms.gov\\/provider-data\\/dataset\\/xrgf-x36b","bureauCode":["009:38"],"issued":"2020-12-10","@type":"dcat:Dataset","modified":"2023-01-06","released":"2024-07-31","keyword":["Value Based Purchasing","Linking Quality to Payment"],"contactPoint":{"@type":"vcard:Contact","fn":"Hospital Compare","hasURL":"https:\\/\\/cmsqualitysupport.servicenowservices.com\\/qnet_qa"},"publisher":{"@type":"org:Organization","name":"Centers for Medicare \\u0026 Medicaid Services (CMS)"},"identifier":"xrgf-x36b","description":"Distribution of Net Change in Base Operating DRG Payment Amount  shows the distribution of hospitals\\u0027 value-based incentive payment amounts after subtracting the amount of the applicable percent reduction from their Medicare payments.","title":"Table 2: FY2021 Distribution of Net Change in Base Operating DRG Payment Amount","programCode":["009:000"],"distribution":[{"@type":"dcat:Distribution","downloadURL":"https:\\/\\/data.cms.gov\\/provider-data\\/sites\\/default\\/files\\/resources\\/1896b4292d6cbc089d0b0bb6d8e6ebe7_1720656688\\/FY2021_Distribution_of_Net_Change_in_Base_Op_DRG_Payment_Amt.csv","mediaType":"text\\/csv"}],"theme":["Hospitals"]},{"accessLevel":"public","landingPage":"https:\\/\\/data.cms.gov\\/provider-data\\/dataset\\/5gv4-jwyv","bureauCode":["009:38"],"issued":"2020-12-10","@type":"dcat:Dataset","modified":"2023-01-06","released":"2024-07-31","keyword":["Value Based Purchasing","Linking Quality to Payment"],"contactPoint":{"@type":"vcard:Contact","fn":"Hospital Compare","hasURL":"https:\\/\\/cmsqualitysupport.servicenowservices.com\\/qnet_qa"},"publisher":{"@type":"org:Organization","name":"Centers for Medicare \\u0026 Medicaid Services (CMS)"},"identifier":"5gv4-jwyv","description":"Net Change in Base Operating DRG Payment Amount shows number of hospitals for specified ranges of value-based incentive payment amounts after subtracting the amount by which their Medicare payments per discharge were reduced.","title":"Table 1: FY2021 Net Change in Base Operating DRG Payment Amount","programCode":["009:000"],"distribution":[{"@type":"dcat:Distribution","downloadURL":"https:\\/\\/data.cms.gov\\/provider-data\\/sites\\/default\\/files\\/resources\\/794aef5e642b10af5e5b0502025c1ce0_1720656688\\/FY2021_Net_Change_in_Base_Op_DRG_Payment_Amt.csv","mediaType":"text\\/csv"}],"theme":["Hospitals"]},{"accessLevel":"public","landingPage":"https:\\/\\/data.cms.gov\\/provider-data\\/dataset\\/u625-zae7","bureauCode":["009:38"],"issued":"2020-12-10","@type":"dcat:Dataset","modified":"2023-01-06","released":"2024-07-31","keyword":["Value Based Purchasing","Linking Quality to Payment"],"contactPoint":{"@type":"vcard:Contact","fn":"Hospital Compare","hasURL":"https:\\/\\/cmsqualitysupport.servicenowservices.com\\/qnet_qa"},"publisher":{"@type":"org:Organization","name":"Centers for Medicare \\u0026 Medicaid Services (CMS)"},"identifier":"u625-zae7","description":"Percent Change in Medicare Payments displays how hospitals\\u0027 Medicare payments changed as a result of the Hospital VBP Program in percentage terms. ","title":"Table 3: FY2021 Percent Change in Medicare Payments","programCode":["009:000"],"distribution":[{"@type":"dcat:Distribution","downloadURL":"https:\\/\\/data.cms.gov\\/provider-data\\/sites\\/default\\/files\\/resources\\/4f65e943e47afa24ea45a22b4163bfa9_1720656689\\/FY2021_Percent_Change_in_Medicare_Payments.csv","mediaType":"text\\/csv"}],"theme":["Hospitals"]},{"accessLevel":"public","landingPage":"https:\\/\\/data.cms.gov\\/provider-data\\/dataset\\/vtqa-m4zn","bureauCode":["009:38"],"issued":"2020-12-10","@type":"dcat:Dataset","modified":"2023-01-06","released":"2024-07-31","keyword":["Value Based Purchasing","Linking Quality to Payment"],"contactPoint":{"@type":"vcard:Contact","fn":"Hospital Compare","hasURL":"https:\\/\\/cmsqualitysupport.servicenowservices.com\\/qnet_qa"},"publisher":{"@type":"org:Organization","name":"Centers for Medicare \\u0026 Medicaid Services (CMS)"},"identifier":"vtqa-m4zn","description":"Value-Based Incentive Payment Amount displays the number of hospitals that received value-based incentive payment amounts in ranges of $50,000.","title":"Table 4: FY2021 Value-Based Incentive Payment Amount","programCode":["009:000"],"distribution":[{"@type":"dcat:Distribution","downloadURL":"https:\\/\\/data.cms.gov\\/provider-data\\/sites\\/default\\/files\\/resources\\/cec1d2baf2535cf914795f3fdcbbcb0a_1720656689\\/FY2021_Value_Based_Incentive_Payment_Amount.csv","mediaType":"text\\/csv"}],"theme":["Hospitals"]},{"accessLevel":"public","landingPage":"https:\\/\\/data.cms.gov\\/provider-data\\/dataset\\/dgck-syfz","bureauCode":["009:38"],"issued":"2023-07-05","@type":"dcat:Dataset","modified":"2024-07-08","released":"2024-07-31","keyword":["CAHPS","Patient Survey","Patient Experience of Care","Survey"],"contactPoint":{"@type":"vcard:Contact","fn":"Hospital Compare","hasURL":"https:\\/\\/cmsqualitysupport.servicenowservices.com\\/qnet_qa"},"publisher":{"@type":"org:Organization","name":"Centers for Medicare \\u0026 Medicaid Services (CMS)"},"identifier":"dgck-syfz","description":"A list of hospital ratings for the Hospital Consumer Assessment of Healthcare Providers and Systems (HCAHPS). HCAHPS is a national, standardized survey of hospital patients about their experiences during a recent inpatient hospital stay.","title":"Patient survey (HCAHPS) - Hospital","programCode":["009:000"],"distribution":[{"@type":"dcat:Distribution","downloadURL":"https:\\/\\/data.cms.gov\\/provider-data\\/sites\\/default\\/files\\/resources\\/78a50346fbe828ea0ce2837847af6a7c_1721117123\\/HCAHPS-Hospital.csv","mediaType":"text\\/csv"}],"theme":["Hospitals"]},{"accessLevel":"public","landingPage":"https:\\/\\/data.cms.gov\\/provider-data\\/dataset\\/99ue-w85f","bureauCode":["009:38"],"issued":"2020-12-10","@type":"dcat:Dataset","modified":"2024-07-08","released":"2024-07-31","keyword":["CAHPS","Patient Survey","Patient Experience of Care","Survey","National"],"contactPoint":{"@type":"vcard:Contact","fn":"Hospital Compare","hasURL":"https:\\/\\/cmsqualitysupport.servicenowservices.com\\/qnet_qa"},"publisher":{"@type":"org:Organization","name":"Centers for Medicare \\u0026 Medicaid Services (CMS)"},"identifier":"99ue-w85f","description":"The national average for the HCAHPS survey categories. HCAHPS is a national, standardized survey of hospital patients about their experiences during a recent inpatient hospital stay.","title":"Patient survey (HCAHPS) - National","programCode":["009:000"],"distribution":[{"@type":"dcat:Distribution","downloadURL":"https:\\/\\/data.cms.gov\\/provider-data\\/sites\\/default\\/files\\/resources\\/08eefc5ab7c6cce7b3555fd79b0d8eec_1721117124\\/HCAHPS-National.csv","mediaType":"text\\/csv"}],"theme":["Hospitals"]},{"accessLevel":"public","landingPage":"https:\\/\\/data.cms.gov\\/provider-data\\/dataset\\/84jm-wiui","bureauCode":["009:38"],"issued":"2020-12-10","@type":"dcat:Dataset","modified":"2024-07-08","released":"2024-07-31","keyword":["CAHPS","Patient Survey","Patient Experience of Care","Survey","State"],"contactPoint":{"@type":"vcard:Contact","fn":"Hospital Compare","hasURL":"https:\\/\\/cmsqualitysupport.servicenowservices.com\\/qnet_qa"},"publisher":{"@type":"org:Organization","name":"Centers for Medicare \\u0026 Medicaid Services (CMS)"},"identifier":"84jm-wiui","description":"A list of the state averages for the HCAHPS survey responses. HCAHPS is a national, standardized survey of hospital patients about their experiences during a recent inpatient hospital stay.","title":"Patient survey (HCAHPS) - State","programCode":["009:000"],"distribution":[{"@type":"dcat:Distribution","downloadURL":"https:\\/\\/data.cms.gov\\/provider-data\\/sites\\/default\\/files\\/resources\\/e4ca53701c73500a3188874f2bbd2854_1721117126\\/HCAHPS-State.csv","mediaType":"text\\/csv"}],"theme":["Hospitals"]},{"accessLevel":"public","landingPage":"https:\\/\\/data.cms.gov\\/provider-data\\/dataset\\/77hc-ibv8","bureauCode":["009:38"],"issued":"2023-07-05","@type":"dcat:Dataset","modified":"2024-07-08","released":"2024-07-31","keyword":["Healthcare Associated Infections","MRSA","Surgical Site Infections","Central Line Associated Blood Stream Infections","Catheter Associated Urinary Tract Infections","C.Difficile"],"contactPoint":{"@type":"vcard:Contact","fn":"Hospital Compare","hasURL":"https:\\/\\/cmsqualitysupport.servicenowservices.com\\/qnet_qa"},"publisher":{"@type":"org:Organization","name":"Centers for Medicare \\u0026 Medicaid Services (CMS)"},"identifier":"77hc-ibv8","description":"The Healthcare-Associated Infection (HAI) measures - provider data. These measures are developed by Centers for Disease Control and Prevention (CDC) and collected through the National Healthcare Safety Network (NHSN). They provide information on infections that occur while the patient is in the hospital. These infections can be related to devices, such as central lines and urinary catheters, or spread from patient to patient after contact with an infected person or surface. Many healthcare associated infections can be prevented when the hospitals use CDC-recommended infection control steps.","title":"Healthcare Associated Infections - Hospital","programCode":["009:000"],"distribution":[{"@type":"dcat:Distribution","downloadURL":"https:\\/\\/data.cms.gov\\/provider-data\\/sites\\/default\\/files\\/resources\\/43825e12dc0c923df9ba5cbdf473c9d5_1721117127\\/Healthcare_Associated_Infections-Hospital.csv","mediaType":"text\\/csv"}],"theme":["Hospitals"]},{"accessLevel":"public","landingPage":"https:\\/\\/data.cms.gov\\/provider-data\\/dataset\\/yd3s-jyhd","bureauCode":["009:38"],"issued":"2020-12-10","@type":"dcat:Dataset","modified":"2024-07-08","released":"2024-07-31","keyword":["Healthcare Associated Infections","MRSA","Surgical Site Infections","Central Line Associated Blood Stream Infections","Catheter Associated Urinary Tract Infections","C.Difficile","National"],"contactPoint":{"@type":"vcard:Contact","fn":"Hospital Compare","hasURL":"https:\\/\\/cmsqualitysupport.servicenowservices.com\\/qnet_qa"},"publisher":{"@type":"org:Organization","name":"Centers for Medicare \\u0026 Medicaid Services (CMS)"},"identifier":"yd3s-jyhd","description":"The Healthcare-Associated Infections (HAI) measures - national data. These measures are developed by Centers for Disease Control and Prevention (CDC) and collected through the National Healthcare Safety Network (NHSN). They provide information on infections that occur while the patient is in the hospital. These infections can be related to devices, such as central lines and urinary catheters, or spread from patient to patient after contact with an infected person or surface. Many healthcare associated infections can be prevented when the hospitals use CDC-recommended infection control steps.","title":"Healthcare Associated Infections - National","programCode":["009:000"],"distribution":[{"@type":"dcat:Distribution","downloadURL":"https:\\/\\/data.cms.gov\\/provider-data\\/sites\\/default\\/files\\/resources\\/a87585b27c50c3899eec6a857958a5f0_1721117128\\/Healthcare_Associated_Infections-National.csv","mediaType":"text\\/csv"}],"theme":["Hospitals"]},{"accessLevel":"public","landingPage":"https:\\/\\/data.cms.gov\\/provider-data\\/dataset\\/k2ze-bqvw","bureauCode":["009:38"],"issued":"2020-12-10","@type":"dcat:Dataset","modified":"2024-07-08","released":"2024-07-31","keyword":["Healthcare Associated Infections","MRSA","Surgical Site Infections","Central Line Associated Blood Stream Infections","Catheter Associated Urinary Tract Infections","C.Difficile","State"],"contactPoint":{"@type":"vcard:Contact","fn":"Hospital Compare","hasURL":"https:\\/\\/cmsqualitysupport.servicenowservices.com\\/qnet_qa"},"publisher":{"@type":"org:Organization","name":"Centers for Medicare \\u0026 Medicaid Services (CMS)"},"identifier":"k2ze-bqvw","description":"The Healthcare-Associated Infections (HAI) measures - state data. These measures are developed by Centers for Disease Control and Prevention (CDC) and collected through the National Healthcare Safety Network (NHSN). They provide information on infections that occur while the patient is in the hospital. These infections can be related to devices, such as central lines and urinary catheters, or spread from patient to patient after contact with an infected person or surface. Many healthcare associated infections can be prevented when the hospitals use CDC-recommended infection control steps.","title":"Healthcare Associated Infections - State","programCode":["009:000"],"distribution":[{"@type":"dcat:Distribution","downloadURL":"https:\\/\\/data.cms.gov\\/provider-data\\/sites\\/default\\/files\\/resources\\/27986ce2f1193d3fcad7fa1bddc93c3b_1721117129\\/Healthcare_Associated_Infections-State.csv","mediaType":"text\\/csv"}],"theme":["Hospitals"]},{"accessLevel":"public","landingPage":"https:\\/\\/data.cms.gov\\/provider-data\\/dataset\\/yizn-abxn","bureauCode":["009:38"],"issued":"2023-07-05","@type":"dcat:Dataset","modified":"2024-03-29","released":"2024-07-31","keyword":["Ambulatory Surgical Center","Outpatient","Survey","CAHPS","Surgery","Outpatient Surgery"],"contactPoint":{"@type":"vcard:Contact","fn":"Hospital Compare","hasURL":"https:\\/\\/cmsqualitysupport.servicenowservices.com\\/qnet_qa"},"publisher":{"@type":"org:Organization","name":"Centers for Medicare \\u0026 Medicaid Services (CMS)"},"identifier":"yizn-abxn","description":"A list of hospital outpatient department ratings for the Outpatient and Ambulatory Surgery Consumer Assessment of Healthcare Providers and Systems (OAS CAHPS) survey. The OAS CAHPS survey collects information about patients\\u0027 experiences of care in hospital outpatient departments (HOPDs) and ambulatory surgical centers (ASCs). The data are updated and reported each quarter with data from the most recently completed quarter replacing the oldest quarter of data.","title":"Outpatient and Ambulatory Surgery Consumer Assessment of Healthcare Providers and Systems (OAS CAHPS) survey for hospital outpatient departments - Facility","programCode":["009:000"],"distribution":[{"@type":"dcat:Distribution","downloadURL":"https:\\/\\/data.cms.gov\\/provider-data\\/sites\\/default\\/files\\/resources\\/9189f27bb8ab7a4ff8919bdc682bf79a_1720656694\\/OQR_OAS_CAHPS_BY_HOSPITAL.csv","mediaType":"text\\/csv"}],"theme":["Hospitals"]},{"accessLevel":"public","landingPage":"https:\\/\\/data.cms.gov\\/provider-data\\/dataset\\/s5pj-hua3","bureauCode":["009:38"],"issued":"2020-12-10","@type":"dcat:Dataset","modified":"2024-03-29","released":"2024-07-31","keyword":["Ambulatory Surgical Center","Outpatient","Survey","CAHPS","National","Surgery","Outpatient Surgery"],"contactPoint":{"@type":"vcard:Contact","fn":"Hospital Compare","hasURL":"https:\\/\\/cmsqualitysupport.servicenowservices.com\\/qnet_qa"},"publisher":{"@type":"org:Organization","name":"Centers for Medicare \\u0026 Medicaid Services (CMS)"},"identifier":"s5pj-hua3","description":"The file contains the national average for the OAS CAHPS survey responses. The OAS CAHPS survey collects information about patients\\u0027 experiences of care in hospital outpatient departments (HOPDs) and ambulatory surgical centers (ASCs). The data are updated and reported each quarter with data from the most recently completed quarter replacing the oldest quarter of data.","title":"Outpatient and Ambulatory Surgery Consumer Assessment of Healthcare Providers and Systems (OAS CAHPS) survey for hospital outpatient departments - National","programCode":["009:000"],"distribution":[{"@type":"dcat:Distribution","downloadURL":"https:\\/\\/data.cms.gov\\/provider-data\\/sites\\/default\\/files\\/resources\\/fdc286f2f60134775fa4b7f7b249b075_1720656695\\/OQR_OAS_CAHPS_NATIONAL.csv","mediaType":"text\\/csv"}],"theme":["Hospitals"]},{"accessLevel":"public","landingPage":"https:\\/\\/data.cms.gov\\/provider-data\\/dataset\\/6pfg-whmx","bureauCode":["009:38"],"issued":"2020-12-10","@type":"dcat:Dataset","modified":"2024-03-29","released":"2024-07-31","keyword":["Ambulatory Surgical Center","Outpatient","Survey","CAHPS","State","Surgery","Outpatient Surgery"],"contactPoint":{"@type":"vcard:Contact","fn":"Hospital Compare","hasURL":"https:\\/\\/cmsqualitysupport.servicenowservices.com\\/qnet_qa"},"publisher":{"@type":"org:Organization","name":"Centers for Medicare \\u0026 Medicaid Services (CMS)"},"identifier":"6pfg-whmx","description":"A list of the state averages for the OAS CAHPS Survey responses. The OAS CAHPS survey collects information about patients\\u0027 experiences of care in hospital outpatient departments (HOPDs) and ambulatory surgical centers (ASCs). The data are updated and reported each quarter with data from the most recently completed quarter replacing the oldest quarter of data.","title":"Outpatient and Ambulatory Surgery Consumer Assessment of Healthcare Providers and Systems (OAS CAHPS) survey for hospital outpatient departments - State","programCode":["009:000"],"distribution":[{"@type":"dcat:Distribution","downloadURL":"https:\\/\\/data.cms.gov\\/provider-data\\/sites\\/default\\/files\\/resources\\/5c995348b26c08179f1149d3b07dcb70_1720656696\\/OQR_OAS_CAHPS_STATE.csv","mediaType":"text\\/csv"}],"theme":["Hospitals"]},{"accessLevel":"public","landingPage":"https:\\/\\/data.cms.gov\\/provider-data\\/dataset\\/xubh-q36u","bureauCode":["009:38"],"issued":"2023-09-12","@type":"dcat:Dataset","modified":"2024-07-08","released":"2024-07-31","keyword":["General Information","Address","Overall Hospital Rating"],"contactPoint":{"@type":"vcard:Contact","fn":"Hospital Compare","hasURL":"https:\\/\\/cmsqualitysupport.servicenowservices.com\\/qnet_qa"},"publisher":{"@type":"org:Organization","name":"Centers for Medicare \\u0026 Medicaid Services (CMS)"},"identifier":"xubh-q36u","description":"A list of all hospitals that have been registered with Medicare. The list includes addresses, phone numbers, hospital type, and overall hospital rating.","title":"Hospital General Information","programCode":["009:000"],"distribution":[{"@type":"dcat:Distribution","downloadURL":"https:\\/\\/data.cms.gov\\/provider-data\\/sites\\/default\\/files\\/resources\\/893c372430d9d71a1c52737d01239d47_1721117134\\/Hospital_General_Information.csv","mediaType":"text\\/csv"}],"theme":["Hospitals"]},{"accessLevel":"public","landingPage":"https:\\/\\/data.cms.gov\\/provider-data\\/dataset\\/z8ax-x9j1","bureauCode":["009:38"],"issued":"2024-07-31","@type":"dcat:Dataset","modified":"2024-07-08","released":"2024-07-31","keyword":["Cancer","Readmissions","Emergency Department","PPS-Exempt Cancer Hospital Quality Reporting","Complications"],"contactPoint":{"@type":"vcard:Contact","fn":"Hospital Compare","hasURL":"https:\\/\\/cmsqualitysupport.servicenowservices.com\\/qnet_qa"},"publisher":{"@type":"org:Organization","name":"Centers for Medicare \\u0026 Medicaid Services (CMS)"},"identifier":"z8ax-x9j1","description":"Prospective Payment System (PPS)-Exempt Cancer Hospital Quality Reporting (PCHQR) Complications and Unplanned Hospital Visits. The Complication measure evaluates the quality of care delivered to patients who underwent prostate cancer surgery by providing a score of between 0 and 100 based on the number of hospital visits for incontinence and\\/or erectile dysfunction patients had in the year before versus the year after the prostate cancer surgery. The Unplanned Hospital Visits measure evaluates the percentage of patients who are receiving PCH-based outpatient chemotherapy treatment for all cancer types except leukemia who were admitted to the hospital or visited the emergency department for one of 10 conditions within 30 days after treatment.","title":"Complications and Unplanned Hospital Visits - PPS-Exempt Cancer Hospital - Hospital","programCode":["009:000"],"distribution":[{"@type":"dcat:Distribution","downloadURL":"https:\\/\\/data.cms.gov\\/provider-data\\/sites\\/default\\/files\\/resources\\/bc386a698d7a9b8d09bf37a73371a899_1721117135\\/PCH_Complications_Unplanned_Hospital_Visits_HOSPITAL.csv","mediaType":"text\\/csv"}],"theme":["Hospitals"]},{"accessLevel":"public","landingPage":"https:\\/\\/data.cms.gov\\/provider-data\\/dataset\\/jfnd-nl7s","bureauCode":["009:38"],"issued":"2024-07-31","@type":"dcat:Dataset","modified":"2024-07-08","released":"2024-07-31","keyword":["National","Cancer","Readmissions","Emergency Department","PPS-Exempt Cancer Hospital Quality Reporting","Complications"],"contactPoint":{"@type":"vcard:Contact","fn":"Hospital Compare","hasURL":"https:\\/\\/cmsqualitysupport.servicenowservices.com\\/qnet_qa"},"publisher":{"@type":"org:Organization","name":"Centers for Medicare \\u0026 Medicaid Services (CMS)"},"identifier":"jfnd-nl7s","description":"Prospective Payment System (PPS)-Exempt Cancer Hospital Quality Reporting (PCHQR) Complications and Unplanned Hospital Visits. The Complication measure evaluates the quality of care delivered to patients who underwent prostate cancer surgery by providing a score of between 0 and 100 based on the number of hospital visits for incontinence and\\/or erectile dysfunction patients had in the year before versus the year after the prostate cancer surgery. The Unplanned Hospital Visits measure evaluates the percentage of patients who are receiving PCH-based outpatient chemotherapy treatment for all cancer types except leukemia who were admitted to the hospital or visited the emergency department for one of 10 conditions within 30 days after treatment.","title":"Complications and Unplanned Hospital Visits - PPS-Exempt Cancer Hospital - National","programCode":["009:000"],"distribution":[{"@type":"dcat:Distribution","downloadURL":"https:\\/\\/data.cms.gov\\/provider-data\\/sites\\/default\\/files\\/resources\\/6a91b2a437ea47e61cd34c975dd54729_1721117136\\/PCH_Complications_Unplanned_Hospital_Visits_NATIONAL.csv","mediaType":"text\\/csv"}],"theme":["Hospitals"]},{"accessLevel":"public","landingPage":"https:\\/\\/data.cms.gov\\/provider-data\\/dataset\\/yq43-i98g","bureauCode":["009:38"],"issued":"2024-01-08","@type":"dcat:Dataset","modified":"2024-01-08","released":"2024-07-31","keyword":["PSI","Complications","Hospital-Acquired Condition","Healthcare Associated Infections","Surgical Site Infections","MRSA","Catheter Associated Urinary Tract Infections","Central Line Associated Blood Stream Infections","C.Difficile"],"contactPoint":{"@type":"vcard:Contact","fn":"Hospital Compare","hasURL":"https:\\/\\/cmsqualitysupport.servicenowservices.com\\/qnet_qa"},"publisher":{"@type":"org:Organization","name":"Centers for Medicare \\u0026 Medicaid Services (CMS)"},"identifier":"yq43-i98g","description":"Hospital-Acquired Condition (HAC) Reduction Program (HACRP) - In October 2014, CMS began reducing Medicare fee-for-service payments for subsection (d) hospitals that rank in the worst-performing quartile with respect to hospital-acquired condition (HAC) quality measures. Hospitals with a Total HAC Score above the 75th percentile of the Total HAC Score distribution will be subject to a 1-percent payment reduction. This table contains hospitals\\u0027 measure and Total HAC scores. The Total HAC Score is calculated as the equally weighted average of hospitals\\u0027 individual measure scores.","title":"Hospital-Acquired Condition (HAC) Reduction Program","programCode":["009:000"],"distribution":[{"@type":"dcat:Distribution","downloadURL":"https:\\/\\/data.cms.gov\\/provider-data\\/sites\\/default\\/files\\/resources\\/89d95e2d63816c3d32291ce22b607844_1720656699\\/FY_2024_HAC_Reduction_Program_Hospital.csv","mediaType":"text\\/csv"}],"theme":["Hospitals"]},{"accessLevel":"public","landingPage":"https:\\/\\/data.cms.gov\\/provider-data\\/dataset\\/5hk7-b79m","bureauCode":["009:38"],"issued":"2020-12-10","@type":"dcat:Dataset","modified":"2024-01-08","released":"2024-07-31","keyword":["Medicare Spending per Beneficiary"],"contactPoint":{"@type":"vcard:Contact","fn":"Hospital Compare","hasURL":"https:\\/\\/cmsqualitysupport.servicenowservices.com\\/qnet_qa"},"publisher":{"@type":"org:Organization","name":"Centers for Medicare \\u0026 Medicaid Services (CMS)"},"identifier":"5hk7-b79m","description":"The Medicare Spending Per Beneficiary (MSPB) Measure shows whether Medicare spends more, less, or about the same for an episode of care (episode) at a specific hospital compared to all hospitals nationally. An MSPB episode includes Medicare Part A and Part B payments for services provided by hospitals and other healthcare providers the 3 days prior to, during, and 30 days following a patient\\u0027s inpatient stay. This measure evaluates hospitals\\u0027 costs compared to the costs of the national median (or midpoint) hospital. This measure takes into account important factors like patient age and health status (risk adjustment) and geographic payment differences (payment-standardization). The data displayed here are identical to the data displayed in the Medicare Spending per Beneficiary file, except that this file displays hospitals measure values out to six decimal places instead of two decimal places.","title":"Medicare Spending Per Beneficiary - Hospital Additional Decimal Places","programCode":["009:000"],"distribution":[{"@type":"dcat:Distribution","downloadURL":"https:\\/\\/data.cms.gov\\/provider-data\\/sites\\/default\\/files\\/resources\\/500f70bcb6c65433c00a96af0e0c0430_1720656700\\/HOSPITAL_QUARTERLY_MSPB_6_DECIMALS.csv","mediaType":"text\\/csv"}],"theme":["Hospitals"]},{"accessLevel":"public","landingPage":"https:\\/\\/data.cms.gov\\/provider-data\\/dataset\\/k653-4ka8","bureauCode":["009:38"],"issued":"2023-07-12","@type":"dcat:Dataset","modified":"2024-07-08","released":"2024-07-31","keyword":["Cancer","Healthcare Associated Infections","Surgical Site Infections","MRSA","C.Difficile","PPS-Exempt Cancer Hospital Quality Reporting","Catheter Associated Urinary Tract Infections","Central Line Associated Blood Stream Infections"],"contactPoint":{"@type":"vcard:Contact","fn":"Hospital Compare","hasURL":"https:\\/\\/cmsqualitysupport.servicenowservices.com\\/qnet_qa"},"publisher":{"@type":"org:Organization","name":"Centers for Medicare \\u0026 Medicaid Services (CMS)"},"identifier":"k653-4ka8","description":"Prospective Payment System (PPS)-Exempt Cancer Hospital Quality Reporting (PCHQR) Program Healthcare Associated Infections. These measures are developed by Centers for Disease Control and Prevention (CDC) and collected through the National Healthcare Safety Network (NHSN). They provide information on infections that occur while the patient is in the hospital. These infections can be spread from patient to patient after contact with an infected person or surface. Many healthcare associated infections can be prevented when the hospitals use CDC-recommended infection control steps.","title":"Safety and Healthcare-Associated Infection Measures - PPS-Exempt Cancer Hospital","programCode":["009:000"],"distribution":[{"@type":"dcat:Distribution","downloadURL":"https:\\/\\/data.cms.gov\\/provider-data\\/sites\\/default\\/files\\/resources\\/d24fd9fa17ad5673de9cf6220c1c7a5a_1721117139\\/PCH_HEALTHCARE_ASSOCIATED_INFECTIONS_HOSPITAL.csv","mediaType":"text\\/csv"}],"theme":["Hospitals"]},{"accessLevel":"public","landingPage":"https:\\/\\/data.cms.gov\\/provider-data\\/dataset\\/iy27-wz37","bureauCode":["009:38"],"issued":"2023-07-12","@type":"dcat:Dataset","modified":"2024-07-08","released":"2024-07-31","keyword":["CAHPS","Patient Survey","Patient Experience of Care","Survey","Cancer","PPS-Exempt Cancer Hospital Quality Reporting"],"contactPoint":{"@type":"vcard:Contact","fn":"Hospital Compare","hasURL":"https:\\/\\/cmsqualitysupport.servicenowservices.com\\/qnet_qa"},"publisher":{"@type":"org:Organization","name":"Centers for Medicare \\u0026 Medicaid Services (CMS)"},"identifier":"iy27-wz37","description":"A list of hospital ratings for the Hospital Consumer Assessment of Healthcare Providers and Systems (HCAHPS). HCAHPS is a national, standardized survey of hospital patients about their experiences during a recent inpatient hospital stay.","title":"Patient Survey (PCH - HCAHPS) PPS-Exempt Cancer Hospital - Hospital","programCode":["009:000"],"distribution":[{"@type":"dcat:Distribution","downloadURL":"https:\\/\\/data.cms.gov\\/provider-data\\/sites\\/default\\/files\\/resources\\/155aff6db1e04cbbe1676ce459d71053_1721117140\\/PCH_HCAHPS_HOSPITAL.csv","mediaType":"text\\/csv"}],"theme":["Hospitals"]},{"accessLevel":"public","landingPage":"https:\\/\\/data.cms.gov\\/provider-data\\/dataset\\/9g7e-btyt","bureauCode":["009:38"],"issued":"2020-12-10","@type":"dcat:Dataset","modified":"2024-07-08","released":"2024-07-31","keyword":["CAHPS","Patient Survey","Patient Experience of Care","Survey","National","Cancer","PPS-Exempt Cancer Hospital Quality Reporting"],"contactPoint":{"@type":"vcard:Contact","fn":"Hospital Compare","hasURL":"https:\\/\\/cmsqualitysupport.servicenowservices.com\\/qnet_qa"},"publisher":{"@type":"org:Organization","name":"Centers for Medicare \\u0026 Medicaid Services (CMS)"},"identifier":"9g7e-btyt","description":"The national average for the HCAHPS survey categories. HCAHPS is a national, standardized survey of hospital patients about their experiences during a recent inpatient hospital stay.","title":"Patient Survey (PCH - HCAHPS) PPS-Exempt Cancer Hospital - National","programCode":["009:000"],"distribution":[{"@type":"dcat:Distribution","downloadURL":"https:\\/\\/data.cms.gov\\/provider-data\\/sites\\/default\\/files\\/resources\\/51dabafd670b6379256fc111bcbec8b4_1721117142\\/PCH_HCAHPS_NATIONAL.csv","mediaType":"text\\/csv"}],"theme":["Hospitals"]},{"accessLevel":"public","landingPage":"https:\\/\\/data.cms.gov\\/provider-data\\/dataset\\/qatj-nmws","bureauCode":["009:38"],"issued":"2020-12-10","@type":"dcat:Dataset","modified":"2024-07-08","released":"2024-07-31","keyword":["CAHPS","Patient Survey","Patient Experience of Care","Survey","State","Cancer","PPS-Exempt Cancer Hospital Quality Reporting"],"contactPoint":{"@type":"vcard:Contact","fn":"Hospital Compare","hasURL":"https:\\/\\/cmsqualitysupport.servicenowservices.com\\/qnet_qa"},"publisher":{"@type":"org:Organization","name":"Centers for Medicare \\u0026 Medicaid Services (CMS)"},"identifier":"qatj-nmws","description":"A list of the state averages for the HCAHPS survey responses. HCAHPS is a national, standardized survey of hospital patients about their experiences during a recent inpatient hospital stay.","title":"Patient Survey (PCH - HCAHPS) PPS-Exempt Cancer Hospital - State","programCode":["009:000"],"distribution":[{"@type":"dcat:Distribution","downloadURL":"https:\\/\\/data.cms.gov\\/provider-data\\/sites\\/default\\/files\\/resources\\/f1d65b1e3b562b932fd3827c7783ea35_1721117143\\/PCH_HCAHPS_STATE.csv","mediaType":"text\\/csv"}],"theme":["Hospitals"]},{"accessLevel":"public","landingPage":"https:\\/\\/data.cms.gov\\/provider-data\\/dataset\\/9n3s-kdb3","bureauCode":["009:38"],"issued":"2020-12-10","@type":"dcat:Dataset","modified":"2024-01-08","released":"2024-07-31","keyword":["Hospital Readmissions Reduction Program","Readmissions","Acute Myocardial Infarction","Heart Failure","Pneumonia","Chronic Obstructive Pulmonary Disease","Total Hip and\\/or Total Knee Arthroplasty","Coronary Artery Bypass Graft"],"contactPoint":{"@type":"vcard:Contact","fn":"Hospital Compare","hasURL":"https:\\/\\/cmsqualitysupport.servicenowservices.com\\/qnet_qa"},"publisher":{"@type":"org:Organization","name":"Centers for Medicare \\u0026 Medicaid Services (CMS)"},"identifier":"9n3s-kdb3","description":"In October 2012, CMS began reducing Medicare payments for subsection(d) hospitals with excess readmissions under the Hospital Readmissions Reduction Program (HRRP). Excess readmissions are measured by a ratio, calculated by dividing a hospital\\u0027s predicted rate of readmissions for heart attack (AMI), heart failure (HF), pneumonia, chronic obstructive pulmonary disease (COPD), hip\\/knee replacement (THA\\/TKA), and coronary artery bypass graft surgery (CABG) by the expected rate of readmissions, based on an average hospital with similar patients.","title":"Hospital Readmissions Reduction Program","programCode":["009:000"],"distribution":[{"@type":"dcat:Distribution","downloadURL":"https:\\/\\/data.cms.gov\\/provider-data\\/sites\\/default\\/files\\/resources\\/bfd0c8c38e221fa2045de81691a6e300_1720656704\\/FY_2024_Hospital_Readmissions_Reduction_Program_Hospital.csv","mediaType":"text\\/csv"}],"theme":["Hospitals"]},{"accessLevel":"public","landingPage":"https:\\/\\/data.cms.gov\\/provider-data\\/dataset\\/pudb-wetr","bureauCode":["009:38"],"issued":"2023-07-05","@type":"dcat:Dataset","modified":"2024-01-08","released":"2024-07-31","keyword":["Value Based Purchasing","Linking Quality to Payment","Clinical Outcomes","Mortality","Complications","Acute Myocardial Infarction","Heart Failure","Pneumonia","Chronic Obstructive Pulmonary Disease","Coronary Artery Bypass Graft","Performance","Achievement","Total Hip and\\/or Total Knee Arthroplasty"],"contactPoint":{"@type":"vcard:Contact","fn":"Hospital Compare","hasURL":"https:\\/\\/cmsqualitysupport.servicenowservices.com\\/qnet_qa"},"publisher":{"@type":"org:Organization","name":"Centers for Medicare \\u0026 Medicaid Services (CMS)"},"identifier":"pudb-wetr","description":"A list of hospitals participating in the FY 2024 Hospital VBP Program and their performance rates and scores for the Clinical Outcomes measures. As finalized in the interim rule with comment period (CMS-3401-IFC), published on September 2, 2020, CMS will not use claims reflecting services provided January 1, 2020-June 30, 2020 (Q1 and Q2 2020) in its calculations for the Medicare quality reporting and value-based purchasing programs. The discharge period has been updated to reflect this policy. ","title":"Hospital Value-Based Purchasing (HVBP) - Clinical Outcomes Domain Scores","programCode":["009:000"],"distribution":[{"@type":"dcat:Distribution","downloadURL":"https:\\/\\/data.cms.gov\\/provider-data\\/sites\\/default\\/files\\/resources\\/f5c74a8e8a0f2017f6e13b6fc517ae4e_1720656705\\/hvbp_clinical_outcomes.csv","mediaType":"text\\/csv"}],"theme":["Hospitals"]},{"accessLevel":"public","landingPage":"https:\\/\\/data.cms.gov\\/provider-data\\/dataset\\/su9h-3pvj","bureauCode":["009:38"],"issued":"2023-07-05","@type":"dcat:Dataset","modified":"2024-01-08","released":"2024-07-31","keyword":["Value Based Purchasing","Linking Quality to Payment","Efficiency","Medicare Spending per Beneficiary","Performance"],"contactPoint":{"@type":"vcard:Contact","fn":"Hospital Compare","hasURL":"https:\\/\\/cmsqualitysupport.servicenowservices.com\\/qnet_qa"},"publisher":{"@type":"org:Organization","name":"Centers for Medicare \\u0026 Medicaid Services (CMS)"},"identifier":"su9h-3pvj","description":"A list of hospitals participating in the FY 2024 Hospital VBP Program and their performance ratios and scores for the Efficiency and Cost Reduction Medicare Spending per Beneficiary (MSPB) measure.","title":"Hospital Value-Based Purchasing (HVBP) - Efficiency Scores","programCode":["009:000"],"distribution":[{"@type":"dcat:Distribution","downloadURL":"https:\\/\\/data.cms.gov\\/provider-data\\/sites\\/default\\/files\\/resources\\/46325dbbe6d2f654ecbb5046059c664e_1720656706\\/hvbp_efficiency_and_cost_reduction.csv","mediaType":"text\\/csv"}],"theme":["Hospitals"]},{"accessLevel":"public","landingPage":"https:\\/\\/data.cms.gov\\/provider-data\\/dataset\\/avtz-f2ge","bureauCode":["009:38"],"issued":"2023-07-05","@type":"dcat:Dataset","modified":"2024-01-08","released":"2024-07-31","keyword":["Value Based Purchasing","Linking Quality to Payment","CAHPS","Patient Survey","Patient Experience of Care","Performance"],"contactPoint":{"@type":"vcard:Contact","fn":"Hospital Compare","hasURL":"https:\\/\\/cmsqualitysupport.servicenowservices.com\\/qnet_qa"},"publisher":{"@type":"org:Organization","name":"Centers for Medicare \\u0026 Medicaid Services (CMS)"},"identifier":"avtz-f2ge","description":"A list of hospitals participating in the FY 2024 Hospital VBP Program and their scores for the Person and Community Engagement HCAHPS dimensions.","title":"Hospital Value-Based Purchasing (HVBP) - Person and Community Engagement Domain Scores (HCAHPS)","programCode":["009:000"],"distribution":[{"@type":"dcat:Distribution","downloadURL":"https:\\/\\/data.cms.gov\\/provider-data\\/sites\\/default\\/files\\/resources\\/ccc6534894a9bfe22b5f986260ed359e_1720656706\\/hvbp_person_and_community_engagement.csv","mediaType":"text\\/csv"}],"theme":["Hospitals"]},{"accessLevel":"public","landingPage":"https:\\/\\/data.cms.gov\\/provider-data\\/dataset\\/dgmq-aat3","bureauCode":["009:38"],"issued":"2023-07-05","@type":"dcat:Dataset","modified":"2024-01-08","released":"2024-07-31","keyword":["Value Based Purchasing","Linking Quality to Payment","PSI","Healthcare Associated Infections","MRSA","Surgical Site Infections","Central Line Associated Blood Stream Infections","Catheter Associated Urinary Tract Infections","C.Difficile","Achievement","Performance"],"contactPoint":{"@type":"vcard:Contact","fn":"Hospital Compare","hasURL":"https:\\/\\/cmsqualitysupport.servicenowservices.com\\/qnet_qa"},"publisher":{"@type":"org:Organization","name":"Centers for Medicare \\u0026 Medicaid Services (CMS)"},"identifier":"dgmq-aat3","description":"A list of hospitals participating in the FY 2024 Hospital VBP Program and their performance rates and scores for the Safety measures. ","title":"Hospital Value-Based Purchasing (HVBP) - Safety","programCode":["009:000"],"distribution":[{"@type":"dcat:Distribution","downloadURL":"https:\\/\\/data.cms.gov\\/provider-data\\/sites\\/default\\/files\\/resources\\/33e26123c259ca779642b0d61b2e82f5_1720656707\\/hvbp_safety.csv","mediaType":"text\\/csv"}],"theme":["Hospitals"]},{"accessLevel":"public","landingPage":"https:\\/\\/data.cms.gov\\/provider-data\\/dataset\\/ypbt-wvdk","bureauCode":["009:38"],"issued":"2023-07-05","@type":"dcat:Dataset","modified":"2024-01-08","released":"2024-07-31","keyword":["Value Based Purchasing","Linking Quality to Payment","Total Performance Score","Achievement","Performance","Efficiency and Cost Reduction Domain","Efficiency","Clinical Outcomes","CAHPS","Patient Experience of Care"],"contactPoint":{"@type":"vcard:Contact","fn":"Hospital Compare","hasURL":"https:\\/\\/cmsqualitysupport.servicenowservices.com\\/qnet_qa"},"publisher":{"@type":"org:Organization","name":"Centers for Medicare \\u0026 Medicaid Services (CMS)"},"identifier":"ypbt-wvdk","description":"A list of hospitals participating in the FY 2024 Hospital VBP Program and their domain scores and Total Performance Scores.","title":"Hospital Value-Based Purchasing (HVBP) - Total Performance Score","programCode":["009:000"],"distribution":[{"@type":"dcat:Distribution","downloadURL":"https:\\/\\/data.cms.gov\\/provider-data\\/sites\\/default\\/files\\/resources\\/5551d4839c1dd75e3f7fe1310a1e2369_1720656708\\/hvbp_tps.csv","mediaType":"text\\/csv"}],"theme":["Hospitals"]},{"accessLevel":"public","landingPage":"https:\\/\\/data.cms.gov\\/provider-data\\/dataset\\/q9vs-r7wp","bureauCode":["009:38"],"issued":"2024-01-08","@type":"dcat:Dataset","modified":"2024-07-08","released":"2024-07-31","keyword":["Inpatient Psychiatric Facility Quality Reporting","Psychiatric"],"contactPoint":{"@type":"vcard:Contact","fn":"Hospital Compare","hasURL":"https:\\/\\/cmsqualitysupport.servicenowservices.com\\/qnet_qa"},"publisher":{"@type":"org:Organization","name":"Centers for Medicare \\u0026 Medicaid Services (CMS)"},"identifier":"q9vs-r7wp","description":"This dataset includes provider-level data for quality measures included under the IPFQR program, including HBIPS, SUB, TOB, Transition Record (TR), Screening for Metabolic Disorders (SMD), FAPH, IMM, Readmissions (READM), and Medication Continuation (MedCont, formerly known as MedCoPsy). Psychiatric facilities that are eligible for the Inpatient Psychiatric Facility Quality Reporting (IPFQR) program are required to meet all program requirements, otherwise their Medicare payments may be reduced. ","title":"Inpatient Psychiatric Facility Quality Measure Data - by Facility","programCode":["009:000"],"distribution":[{"@type":"dcat:Distribution","downloadURL":"https:\\/\\/data.cms.gov\\/provider-data\\/sites\\/default\\/files\\/resources\\/e56cdbea2d002358610ebdb957cb35de_1721117151\\/IPFQR_QualityMeasures_Facility.csv","mediaType":"text\\/csv"}],"theme":["Hospitals"]},{"accessLevel":"public","landingPage":"https:\\/\\/data.cms.gov\\/provider-data\\/dataset\\/s5xg-sys6","bureauCode":["009:38"],"issued":"2024-01-08","@type":"dcat:Dataset","modified":"2024-07-08","released":"2024-07-31","keyword":["Inpatient Psychiatric Facility Quality Reporting","Psychiatric","National"],"contactPoint":{"@type":"vcard:Contact","fn":"Hospital Compare","hasURL":"https:\\/\\/cmsqualitysupport.servicenowservices.com\\/qnet_qa"},"publisher":{"@type":"org:Organization","name":"Centers for Medicare \\u0026 Medicaid Services (CMS)"},"identifier":"s5xg-sys6","description":"This dataset includes national-level data for quality measures included under the IPFQR program, including HBIPS, SUB, TOB, Transition Record (TR), Screening for Metabolic Disorders (SMD), FAPH, IMM, Readmissions (READM), and Medication Continuation (MedCont, formerly known as MedCoPsy). Psychiatric facilities that are eligible for the Inpatient Psychiatric Facility Quality Reporting (IPFQR) program are required to meet all program requirements, otherwise their Medicare payments may be reduced. ","title":"Inpatient Psychiatric Facility Quality Measure Data - National","programCode":["009:000"],"distribution":[{"@type":"dcat:Distribution","downloadURL":"https:\\/\\/data.cms.gov\\/provider-data\\/sites\\/default\\/files\\/resources\\/463e16600bec8c0aeb75ebfaef253ab7_1721117152\\/IPFQR_QualityMeasures_National.csv","mediaType":"text\\/csv"}],"theme":["Hospitals"]},{"accessLevel":"public","landingPage":"https:\\/\\/data.cms.gov\\/provider-data\\/dataset\\/dc76-gh7x","bureauCode":["009:38"],"issued":"2024-01-08","@type":"dcat:Dataset","modified":"2024-07-08","released":"2024-07-31","keyword":["Inpatient Psychiatric Facility Quality Reporting","Psychiatric","State"],"contactPoint":{"@type":"vcard:Contact","fn":"Hospital Compare","hasURL":"https:\\/\\/cmsqualitysupport.servicenowservices.com\\/qnet_qa"},"publisher":{"@type":"org:Organization","name":"Centers for Medicare \\u0026 Medicaid Services (CMS)"},"identifier":"dc76-gh7x","description":"This dataset includes state-level data for quality measures included under the IPFQR program, including HBIPS, SUB, TOB, Transition Record (TR), Screening for Metabolic Disorders (SMD), FAPH, IMM, Readmissions (READM), and Medication Continuation (MedCont, formerly known as MedCoPsy). Psychiatric facilities that are eligible for the Inpatient Psychiatric Facility Quality Reporting (IPFQR) program are required to meet all program requirements, otherwise their Medicare payments may be reduced. ","title":"Inpatient Psychiatric Facility Quality Measure Data - by State","programCode":["009:000"],"distribution":[{"@type":"dcat:Distribution","downloadURL":"https:\\/\\/data.cms.gov\\/provider-data\\/sites\\/default\\/files\\/resources\\/aaf5b6168e889e217580d86b5c443c6d_1721117153\\/IPFQR_QualityMeasures_State.csv","mediaType":"text\\/csv"}],"theme":["Hospitals"]},{"accessLevel":"public","landingPage":"https:\\/\\/data.cms.gov\\/provider-data\\/dataset\\/4j6d-yzce","bureauCode":["009:38"],"issued":"2020-12-10","@type":"dcat:Dataset","modified":"2024-07-08","released":"2024-07-31","keyword":["Data Collection Period","Reporting Period"],"contactPoint":{"@type":"vcard:Contact","fn":"Hospital Compare","hasURL":"https:\\/\\/cmsqualitysupport.servicenowservices.com\\/qnet_qa"},"publisher":{"@type":"org:Organization","name":"Centers for Medicare \\u0026 Medicaid Services (CMS)"},"identifier":"4j6d-yzce","description":"Data Collection Periods for all measures.","title":"Measure Dates","programCode":["009:000"],"distribution":[{"@type":"dcat:Distribution","downloadURL":"https:\\/\\/data.cms.gov\\/provider-data\\/sites\\/default\\/files\\/resources\\/633113381312e1fa86c8e0ba8b14ed0f_1721117154\\/Measure_Dates.csv","mediaType":"text\\/csv"}],"theme":["Hospitals"]},{"accessLevel":"public","landingPage":"https:\\/\\/data.cms.gov\\/provider-data\\/dataset\\/nrth-mfg3","bureauCode":["009:38"],"issued":"2020-12-10","@type":"dcat:Dataset","modified":"2024-01-08","released":"2024-07-31","keyword":["Medicare Spending per Beneficiary"],"contactPoint":{"@type":"vcard:Contact","fn":"Hospital Compare","hasURL":"https:\\/\\/cmsqualitysupport.servicenowservices.com\\/qnet_qa"},"publisher":{"@type":"org:Organization","name":"Centers for Medicare \\u0026 Medicaid Services (CMS)"},"identifier":"nrth-mfg3","description":"The data displayed here describes average spending levels during hospitals\\u0027 Medicare Spending Per Beneficiary (MSPB) episodes by Medicare claim type. The data presented provide price-standardized, non-risk-adjusted values for hospital spending by claim type because risk adjustment is done at the episode level rather than at the service category\\/claim level. An MSPB episode includes all Medicare Part A and Part B claims paid during the period from 3 days prior to an inpatient hospital admission through 30 days after discharge.","title":"Medicare Hospital Spending by Claim","programCode":["009:000"],"distribution":[{"@type":"dcat:Distribution","downloadURL":"https:\\/\\/data.cms.gov\\/provider-data\\/sites\\/default\\/files\\/resources\\/1f8cde9e222d5d49f88a894bcf7a8981_1720656712\\/Medicare_Hospital_Spending_by_Claim.csv","mediaType":"text\\/csv"}],"theme":["Hospitals"]},{"accessLevel":"public","landingPage":"https:\\/\\/data.cms.gov\\/provider-data\\/dataset\\/rrqw-56er","bureauCode":["009:38"],"issued":"2020-12-10","@type":"dcat:Dataset","modified":"2024-07-08","released":"2024-07-31","keyword":["Medicare Spending per Beneficiary"],"contactPoint":{"@type":"vcard:Contact","fn":"Hospital Compare","hasURL":"https:\\/\\/cmsqualitysupport.servicenowservices.com\\/qnet_qa"},"publisher":{"@type":"org:Organization","name":"Centers for Medicare \\u0026 Medicaid Services (CMS)"},"identifier":"rrqw-56er","description":"The Medicare Spending Per Beneficiary (MSPB) Measure shows whether Medicare spends more, less, or about the same for an episode of care (episode) at a specific hospital compared to all hospitals nationally. An MSPB episode includes Medicare Part A and Part B payments for services provided by hospitals and other healthcare providers the 3 days prior to, during, and 30 days following a patient\\u0027s inpatient stay. This measure evaluates hospitals\\u0027 costs compared to the costs of the national median (or midpoint) hospital. This measure takes into account important factors like patient age and health status (risk adjustment) and geographic payment differences (payment-standardization).","title":"Medicare Spending Per Beneficiary - Hospital","programCode":["009:000"],"distribution":[{"@type":"dcat:Distribution","downloadURL":"https:\\/\\/data.cms.gov\\/provider-data\\/sites\\/default\\/files\\/resources\\/69874ce604586980ac088283c1b35095_1721117156\\/Medicare_Hospital_Spending_Per_Patient-Hospital.csv","mediaType":"text\\/csv"}],"theme":["Hospitals"]},{"accessLevel":"public","landingPage":"https:\\/\\/data.cms.gov\\/provider-data\\/dataset\\/3n5g-6b7f","bureauCode":["009:38"],"issued":"2020-12-10","@type":"dcat:Dataset","modified":"2024-07-08","released":"2024-07-31","keyword":["Medicare Spending per Beneficiary","National"],"contactPoint":{"@type":"vcard:Contact","fn":"Hospital Compare","hasURL":"https:\\/\\/cmsqualitysupport.servicenowservices.com\\/qnet_qa"},"publisher":{"@type":"org:Organization","name":"Centers for Medicare \\u0026 Medicaid Services (CMS)"},"identifier":"3n5g-6b7f","description":"The Medicare Spending Per Beneficiary (MSPB) Measure shows whether Medicare spends more, less, or about the same for an episode of care (episode) at a specific hospital compared to all hospitals nationally. An MSPB episode includes Medicare Part A and Part B payments for services provided by hospitals and other healthcare providers the 3 days prior to, during, and 30 days following a patient\\u0027s inpatient stay. This measure evaluates hospitals\\u0027 costs compared to the costs of the national median (or midpoint) hospital. This measure takes into account important factors like patient age and health status (risk adjustment) and geographic payment differences (payment-standardization). The numbers displayed here are: 1) the average MSPB measure for the nation; and 2) the national episode-weighted median MSPB amount used as the denominator in the calculation of each hospital\\u0027s MSPB measure.","title":"Medicare Spending Per Beneficiary - National","programCode":["009:000"],"distribution":[{"@type":"dcat:Distribution","downloadURL":"https:\\/\\/data.cms.gov\\/provider-data\\/sites\\/default\\/files\\/resources\\/ff15a8451b83ebc70b85a5c0e870a751_1721117157\\/Medicare_Hospital_Spending_Per_Patient-National.csv","mediaType":"text\\/csv"}],"theme":["Hospitals"]},{"accessLevel":"public","landingPage":"https:\\/\\/data.cms.gov\\/provider-data\\/dataset\\/rs6n-9qwg","bureauCode":["009:38"],"issued":"2023-07-05","@type":"dcat:Dataset","modified":"2024-07-08","released":"2024-07-31","keyword":["Medicare Spending per Beneficiary","State"],"contactPoint":{"@type":"vcard:Contact","fn":"Hospital Compare","hasURL":"https:\\/\\/cmsqualitysupport.servicenowservices.com\\/qnet_qa"},"publisher":{"@type":"org:Organization","name":"Centers for Medicare \\u0026 Medicaid Services (CMS)"},"identifier":"rs6n-9qwg","description":"The Medicare Spending Per Beneficiary (MSPB) Measure shows whether Medicare spends more, less, or about the same for an episode of care (episode) at a specific hospital compared to all hospitals nationally. An MSPB episode includes Medicare Part A and Part B payments for services provided by hospitals and other healthcare providers the 3 days prior to, during, and 30 days following a patient\\u0027s inpatient stay. This measure evaluates hospitals\\u0027 costs compared to the costs of the national median (or midpoint) hospital. This measure takes into account important factors like patient age and health status (risk adjustment) and geographic payment differences (payment-standardization). The data displayed here are the average measures for each state.","title":"Medicare Spending Per Beneficiary - State","programCode":["009:000"],"distribution":[{"@type":"dcat:Distribution","downloadURL":"https:\\/\\/data.cms.gov\\/provider-data\\/sites\\/default\\/files\\/resources\\/b53c8e7d24557eb1e898557e4c7d7484_1721117158\\/Medicare_Hospital_Spending_Per_Patient-State.csv","mediaType":"text\\/csv"}],"theme":["Hospitals"]},{"accessLevel":"public","landingPage":"https:\\/\\/data.cms.gov\\/provider-data\\/dataset\\/wkfw-kthe","bureauCode":["009:38"],"issued":"2023-07-05","@type":"dcat:Dataset","modified":"2024-07-08","released":"2024-07-31","keyword":["Outpatient","CT Scans"],"contactPoint":{"@type":"vcard:Contact","fn":"Hospital Compare","hasURL":"https:\\/\\/cmsqualitysupport.servicenowservices.com\\/qnet_qa"},"publisher":{"@type":"org:Organization","name":"Centers for Medicare \\u0026 Medicaid Services (CMS)"},"identifier":"wkfw-kthe","description":"Use of medical imaging - provider data. These measures give you information about hospitals\\u0027 use of medical imaging tests for outpatients. Examples of medical imaging tests include CT scans and MRIs.","title":"Outpatient Imaging Efficiency - Hospital","programCode":["009:000"],"distribution":[{"@type":"dcat:Distribution","downloadURL":"https:\\/\\/data.cms.gov\\/provider-data\\/sites\\/default\\/files\\/resources\\/d0134a9a89e59d49426cf5a2ad063b60_1721117159\\/Outpatient_Imaging_Efficiency-Hospital.csv","mediaType":"text\\/csv"}],"theme":["Hospitals"]},{"accessLevel":"public","landingPage":"https:\\/\\/data.cms.gov\\/provider-data\\/dataset\\/di9i-zzrc","bureauCode":["009:38"],"issued":"2020-12-10","@type":"dcat:Dataset","modified":"2024-07-08","released":"2024-07-31","keyword":["Outpatient","CT Scans","National"],"contactPoint":{"@type":"vcard:Contact","fn":"Hospital Compare","hasURL":"https:\\/\\/cmsqualitysupport.servicenowservices.com\\/qnet_qa"},"publisher":{"@type":"org:Organization","name":"Centers for Medicare \\u0026 Medicaid Services (CMS)"},"identifier":"di9i-zzrc","description":"Use of medical imaging - national data. These measures give you information about hospitals\\u0027 use of medical imaging tests for outpatients. Examples of medical imaging tests include CT scans and MRIs.","title":"Outpatient Imaging Efficiency - National","programCode":["009:000"],"distribution":[{"@type":"dcat:Distribution","downloadURL":"https:\\/\\/data.cms.gov\\/provider-data\\/sites\\/default\\/files\\/resources\\/78172a595e76dc064ea87884c5aea1f8_1721117160\\/Outpatient_Imaging_Efficiency-National.csv","mediaType":"text\\/csv"}],"theme":["Hospitals"]},{"accessLevel":"public","landingPage":"https:\\/\\/data.cms.gov\\/provider-data\\/dataset\\/if5v-4x48","bureauCode":["009:38"],"issued":"2020-12-10","@type":"dcat:Dataset","modified":"2024-07-08","released":"2024-07-31","keyword":["Outpatient","CT Scans","State"],"contactPoint":{"@type":"vcard:Contact","fn":"Hospital Compare","hasURL":"https:\\/\\/cmsqualitysupport.servicenowservices.com\\/qnet_qa"},"publisher":{"@type":"org:Organization","name":"Centers for Medicare \\u0026 Medicaid Services (CMS)"},"identifier":"if5v-4x48","description":"Use of medical imaging - state data. These measures give you information about hospitals\\u0027 use of medical imaging tests for outpatients. Examples of medical imaging tests include CT scans and MRIs.","title":"Outpatient Imaging Efficiency - State","programCode":["009:000"],"distribution":[{"@type":"dcat:Distribution","downloadURL":"https:\\/\\/data.cms.gov\\/provider-data\\/sites\\/default\\/files\\/resources\\/6fb7a772c39e34e630e7e97ec4887263_1721117161\\/Outpatient_Imaging_Efficiency-State.csv","mediaType":"text\\/csv"}],"theme":["Hospitals"]},{"accessLevel":"public","landingPage":"https:\\/\\/data.cms.gov\\/provider-data\\/dataset\\/ygty-mm5a","bureauCode":["009:38"],"issued":"2020-12-10","@type":"dcat:Dataset","modified":"2024-07-08","released":"2024-07-31","keyword":["National","Pneumonia","Acute Myocardial Infarction","Heart Failure","Total Hip and\\/or Total Knee Arthroplasty"],"contactPoint":{"@type":"vcard:Contact","fn":"Hospital Compare","hasURL":"https:\\/\\/cmsqualitysupport.servicenowservices.com\\/qnet_qa"},"publisher":{"@type":"org:Organization","name":"Centers for Medicare \\u0026 Medicaid Services (CMS)"},"identifier":"ygty-mm5a","description":"Payment measures: national data. This data set includes national-level data for the payment measures associated with an episode of care for heart attack, heart failure, pneumonia, and hip\\/knee replacement patients.","title":"Payment - National","programCode":["009:000"],"distribution":[{"@type":"dcat:Distribution","downloadURL":"https:\\/\\/data.cms.gov\\/provider-data\\/sites\\/default\\/files\\/resources\\/38bcaf4b07c80b53859f2733ef74a71e_1721117163\\/Payment-National.csv","mediaType":"text\\/csv"}],"theme":["Hospitals"]},{"accessLevel":"public","landingPage":"https:\\/\\/data.cms.gov\\/provider-data\\/dataset\\/c7us-v4mf","bureauCode":["009:38"],"issued":"2023-07-05","@type":"dcat:Dataset","modified":"2024-07-08","released":"2024-07-31","keyword":["Pneumonia","Acute Myocardial Infarction","Heart Failure","Total Hip and\\/or Total Knee Arthroplasty"],"contactPoint":{"@type":"vcard:Contact","fn":"Hospital Compare","hasURL":"https:\\/\\/cmsqualitysupport.servicenowservices.com\\/qnet_qa"},"publisher":{"@type":"org:Organization","name":"Centers for Medicare \\u0026 Medicaid Services (CMS)"},"identifier":"c7us-v4mf","description":"Payment measures and value of care displays: provider data. This data set includes provider data for the payment measures and value of care displays.","title":"Payment and value of care - Hospital","programCode":["009:000"],"distribution":[{"@type":"dcat:Distribution","downloadURL":"https:\\/\\/data.cms.gov\\/provider-data\\/sites\\/default\\/files\\/resources\\/f7574fccebccbbf1155650f97bbcc952_1721117165\\/Payment_and_Value_of_Care-Hospital.csv","mediaType":"text\\/csv"}],"theme":["Hospitals"]},{"accessLevel":"public","landingPage":"https:\\/\\/data.cms.gov\\/provider-data\\/dataset\\/yv7e-xc69","bureauCode":["009:38"],"issued":"2023-07-05","@type":"dcat:Dataset","modified":"2024-07-08","released":"2024-07-31","keyword":["Timely and Effective Care","Emergency Department"],"contactPoint":{"@type":"vcard:Contact","fn":"Hospital Compare","hasURL":"https:\\/\\/cmsqualitysupport.servicenowservices.com\\/qnet_qa"},"publisher":{"@type":"org:Organization","name":"Centers for Medicare \\u0026 Medicaid Services (CMS)"},"identifier":"yv7e-xc69","description":"Timely and Effective Care measures - provider data. This data set includes provider-level data for measures of cataract surgery outcome, colonoscopy follow-up, emergency department care, preventive care, and pregnancy and delivery care.","title":"Timely and Effective Care - Hospital","programCode":["009:000"],"distribution":[{"@type":"dcat:Distribution","downloadURL":"https:\\/\\/data.cms.gov\\/provider-data\\/sites\\/default\\/files\\/resources\\/0437b5494ac61507ad90f2af6b8085a7_1721117166\\/Timely_and_Effective_Care-Hospital.csv","mediaType":"text\\/csv"}],"theme":["Hospitals"]},{"accessLevel":"public","landingPage":"https:\\/\\/data.cms.gov\\/provider-data\\/dataset\\/isrn-hqyy","bureauCode":["009:38"],"issued":"2020-12-10","@type":"dcat:Dataset","modified":"2024-07-08","released":"2024-07-31","keyword":["Timely and Effective Care","Emergency Department","National"],"contactPoint":{"@type":"vcard:Contact","fn":"Hospital Compare","hasURL":"https:\\/\\/cmsqualitysupport.servicenowservices.com\\/qnet_qa"},"publisher":{"@type":"org:Organization","name":"Centers for Medicare \\u0026 Medicaid Services (CMS)"},"identifier":"isrn-hqyy","description":"Timely and Effective Care measures - national data. This data set includes national-level data for measures of cataract surgery outcome, colonoscopy follow-up,  emergency department care, preventive care, and pregnancy and delivery care.","title":"Timely and Effective Care - National","programCode":["009:000"],"distribution":[{"@type":"dcat:Distribution","downloadURL":"https:\\/\\/data.cms.gov\\/provider-data\\/sites\\/default\\/files\\/resources\\/b298b4a8c05addc75d1e9c9c9b2e4706_1721117167\\/Timely_and_Effective_Care-National.csv","mediaType":"text\\/csv"}],"theme":["Hospitals"]},{"accessLevel":"public","landingPage":"https:\\/\\/data.cms.gov\\/provider-data\\/dataset\\/apyc-v239","bureauCode":["009:38"],"issued":"2020-12-10","@type":"dcat:Dataset","modified":"2024-07-08","released":"2024-07-31","keyword":["Timely and Effective Care","Emergency Department","State"],"contactPoint":{"@type":"vcard:Contact","fn":"Hospital Compare","hasURL":"https:\\/\\/cmsqualitysupport.servicenowservices.com\\/qnet_qa"},"publisher":{"@type":"org:Organization","name":"Centers for Medicare \\u0026 Medicaid Services (CMS)"},"identifier":"apyc-v239","description":"Timely and Effective Care measures - state data. This data set includes state-level data for measures of cataract surgery outcome, colonoscopy follow-up, emergency department care, preventive care, and pregnancy and delivery care.","title":"Timely and Effective Care - State","programCode":["009:000"],"distribution":[{"@type":"dcat:Distribution","downloadURL":"https:\\/\\/data.cms.gov\\/provider-data\\/sites\\/default\\/files\\/resources\\/c4f74a440cc6ce4ed941fa3c9de2ab58_1721117168\\/Timely_and_Effective_Care-State.csv","mediaType":"text\\/csv"}],"theme":["Hospitals"]},{"accessLevel":"public","landingPage":"https:\\/\\/data.cms.gov\\/provider-data\\/dataset\\/632h-zaca","bureauCode":["009:38"],"issued":"2023-07-05","@type":"dcat:Dataset","modified":"2024-07-08","released":"2024-07-31","keyword":["Unplanned Hospital Visits","Readmissions","Excess Days in Acute Care","Outpatient Surgery","Outpatient","Pneumonia","Acute Myocardial Infarction","Heart Failure","Chronic Obstructive Pulmonary Disease","Coronary Artery Bypass Graft","Colonoscopy","Total Hip and\\/or Total Knee Arthroplasty"],"contactPoint":{"@type":"vcard:Contact","fn":"Hospital Compare","hasURL":"https:\\/\\/cmsqualitysupport.servicenowservices.com\\/qnet_qa"},"publisher":{"@type":"org:Organization","name":"Centers for Medicare \\u0026 Medicaid Services (CMS)"},"identifier":"632h-zaca","description":"Unplanned Hospital Visits: provider data. This data set includes provider data for the hospital return days (or excess days in acute care [EDAC]) measures, the unplanned readmissions measures, and measures of unplanned hospital visits after outpatient procedures. NOTICE: Data from the 1st and 2nd quarters of 2020 are not being reported due to the impact of the COVID-19 pandemic. For more information, please reference https:\\/\\/qualitynet.cms.gov\\/files\\/5fb838aef61c410025a64709?filename=2020-111-IP.pdf.","title":"Unplanned Hospital Visits - Hospital","programCode":["009:000"],"distribution":[{"@type":"dcat:Distribution","downloadURL":"https:\\/\\/data.cms.gov\\/provider-data\\/sites\\/default\\/files\\/resources\\/30edc1d0417a34b58affcc2495a02b0a_1721117170\\/Unplanned_Hospital_Visits-Hospital.csv","mediaType":"text\\/csv"}],"theme":["Hospitals"]},{"accessLevel":"public","landingPage":"https:\\/\\/data.cms.gov\\/provider-data\\/dataset\\/cvcs-xecj","bureauCode":["009:38"],"issued":"2020-12-10","@type":"dcat:Dataset","modified":"2024-07-08","released":"2024-07-31","keyword":["Unplanned Hospital Visits","Readmissions","Excess Days in Acute Care","National","Outpatient Surgery","Outpatient","Pneumonia","Acute Myocardial Infarction","Heart Failure","Chronic Obstructive Pulmonary Disease","Coronary Artery Bypass Graft","Colonoscopy","Total Hip and\\/or Total Knee Arthroplasty"],"contactPoint":{"@type":"vcard:Contact","fn":"Hospital Compare","hasURL":"https:\\/\\/cmsqualitysupport.servicenowservices.com\\/qnet_qa"},"publisher":{"@type":"org:Organization","name":"Centers for Medicare \\u0026 Medicaid Services (CMS)"},"identifier":"cvcs-xecj","description":"Unplanned Hospital Visits: national data. This data set includes national-level data for the hospital return days (or excess days in acute care [EDAC]) measures, the unplanned readmissions measures, and measures of unplanned hospital visits after outpatient procedures. NOTICE: Data from the 1st and 2nd quarters of 2020 are not being reported due to the impact of the COVID-19 pandemic. For more information, please reference https:\\/\\/qualitynet.cms.gov\\/files\\/5fb838aef61c410025a64709?filename=2020-111-IP.pdf.","title":"Unplanned Hospital Visits - National","programCode":["009:000"],"distribution":[{"@type":"dcat:Distribution","downloadURL":"https:\\/\\/data.cms.gov\\/provider-data\\/sites\\/default\\/files\\/resources\\/d30b0557f1d06bee1d5646d2eaede709_1721117171\\/Unplanned_Hospital_Visits-National.csv","mediaType":"text\\/csv"}],"theme":["Hospitals"]},{"accessLevel":"public","landingPage":"https:\\/\\/data.cms.gov\\/provider-data\\/dataset\\/4gkm-5ypv","bureauCode":["009:38"],"issued":"2020-12-10","@type":"dcat:Dataset","modified":"2024-07-08","released":"2024-07-31","keyword":["Unplanned Hospital Visits","Readmissions","Excess Days in Acute Care","State","Outpatient Surgery","Outpatient","Pneumonia","Acute Myocardial Infarction","Heart Failure","Chronic Obstructive Pulmonary Disease","Coronary Artery Bypass Graft","Colonoscopy","Total Hip and\\/or Total Knee Arthroplasty"],"contactPoint":{"@type":"vcard:Contact","fn":"Hospital Compare","hasURL":"https:\\/\\/cmsqualitysupport.servicenowservices.com\\/qnet_qa"},"publisher":{"@type":"org:Organization","name":"Centers for Medicare \\u0026 Medicaid Services (CMS)"},"identifier":"4gkm-5ypv","description":"Unplanned Hospital Visits: state data. This data set includes state-level data for the hospital return days (or excess days in acute care [EDAC]) measures, the unplanned readmissions measures, and measures of unplanned hospital visits after outpatient procedures. NOTICE: Data from the 1st and 2nd quarters of 2020 are not being reported due to the impact of the COVID-19 pandemic. For more information, please reference https:\\/\\/qualitynet.cms.gov\\/files\\/5fb838aef61c410025a64709?filename=2020-111-IP.pdf.","title":"Unplanned Hospital Visits - State","programCode":["009:000"],"distribution":[{"@type":"dcat:Distribution","downloadURL":"https:\\/\\/data.cms.gov\\/provider-data\\/sites\\/default\\/files\\/resources\\/73ce05bc6ecbb5def0e859818a906f7b_1721117172\\/Unplanned_Hospital_Visits-State.csv","mediaType":"text\\/csv"}],"theme":["Hospitals"]},{"accessLevel":"public","landingPage":"https:\\/\\/data.cms.gov\\/provider-data\\/dataset\\/6qxe-iqz8","bureauCode":["009:38"],"issued":"2023-07-05","@type":"dcat:Dataset","modified":"2024-07-08","released":"2024-07-31","keyword":["Veterans Health Administration","Behavioral","Psychiatric"],"contactPoint":{"@type":"vcard:Contact","fn":"Hospital Compare","hasURL":"https:\\/\\/cmsqualitysupport.servicenowservices.com\\/qnet_qa"},"publisher":{"@type":"org:Organization","name":"Centers for Medicare \\u0026 Medicaid Services (CMS)"},"identifier":"6qxe-iqz8","description":"A list of VHA hospitals with behavioral health measure data. VHA reports data on a set of core performance measures for Hospital-Based Inpatient Psychiatric Services (HBIPS), Substance Use, and Tobacco Treatment.","title":"Veterans Health Administration Behavioral Health Data","programCode":["009:000"],"distribution":[{"@type":"dcat:Distribution","downloadURL":"https:\\/\\/data.cms.gov\\/provider-data\\/sites\\/default\\/files\\/resources\\/0742f326b7a19b57bc01136b2cd8b7b6_1721117174\\/VA_IPF.csv","mediaType":"text\\/csv"}],"theme":["Hospitals"]},{"accessLevel":"public","landingPage":"https:\\/\\/data.cms.gov\\/provider-data\\/dataset\\/ptds-r8im","bureauCode":["009:38"],"issued":"2023-07-05","@type":"dcat:Dataset","modified":"2024-07-08","released":"2024-07-31","keyword":["Veterans Health Administration","Timely and Effective Care","Emergency Department"],"contactPoint":{"@type":"vcard:Contact","fn":"Hospital Compare","hasURL":"https:\\/\\/cmsqualitysupport.servicenowservices.com\\/qnet_qa"},"publisher":{"@type":"org:Organization","name":"Centers for Medicare \\u0026 Medicaid Services (CMS)"},"identifier":"ptds-r8im","description":"A list of VHA hospitals with timely and effective care (process of care) measure data. VHA collects this information through a Quality Improvement Organization (External Peer Review Program) or directly from electronic medical records.","title":"Veterans Health Administration Timely and Effective Care Data","programCode":["009:000"],"distribution":[{"@type":"dcat:Distribution","downloadURL":"https:\\/\\/data.cms.gov\\/provider-data\\/sites\\/default\\/files\\/resources\\/07084088a9de9e44c51bef291a4e163a_1721117175\\/VA_TE.csv","mediaType":"text\\/csv"}],"theme":["Hospitals"]},{"accessLevel":"public","landingPage":"https:\\/\\/data.cms.gov\\/provider-data\\/dataset\\/gbq5-7hzr","bureauCode":["009:38"],"issued":"2020-12-10","@type":"dcat:Dataset","modified":"2024-07-08","released":"2024-07-31","keyword":["National","Pneumonia","Acute Myocardial Infarction","Heart Failure","Total Hip and\\/or Total Knee Arthroplasty"],"contactPoint":{"@type":"vcard:Contact","fn":"Hospital Compare","hasURL":"https:\\/\\/cmsqualitysupport.servicenowservices.com\\/qnet_qa"},"publisher":{"@type":"org:Organization","name":"Centers for Medicare \\u0026 Medicaid Services (CMS)"},"identifier":"gbq5-7hzr","description":"Value of care displays: national data. This data set includes national-level data for the value of care displays associated with an episode of care for heart attack, heart failure, pneumonia, and hip\\/knee replacement patients.","title":"Value of care - National","programCode":["009:000"],"distribution":[{"@type":"dcat:Distribution","downloadURL":"https:\\/\\/data.cms.gov\\/provider-data\\/sites\\/default\\/files\\/resources\\/d59debd89c80b2ecf3c24d40c4bb0869_1721117176\\/Value_of_Care-National.csv","mediaType":"text\\/csv"}],"theme":["Hospitals"]},{"accessLevel":"public","landingPage":"https:\\/\\/data.cms.gov\\/provider-data\\/dataset\\/uyx4-5s7f","bureauCode":["009:38"],"issued":"2023-07-12","@type":"dcat:Dataset","modified":"2024-07-08","released":"2024-07-31","keyword":["Veterans Health Administration","General Information"],"contactPoint":{"@type":"vcard:Contact","fn":"Hospital Compare","hasURL":"https:\\/\\/cmsqualitysupport.servicenowservices.com\\/qnet_qa"},"publisher":{"@type":"org:Organization","name":"Centers for Medicare \\u0026 Medicaid Services (CMS)"},"identifier":"uyx4-5s7f","description":"A list of all VHA hospitals. The list includes addresses and phone numbers.","title":"Veterans Health Administration Provider Level Data","programCode":["009:000"],"distribution":[{"@type":"dcat:Distribution","downloadURL":"https:\\/\\/data.cms.gov\\/provider-data\\/sites\\/default\\/files\\/resources\\/9cea8696850b78e02559183bd6071fd6_1721117177\\/Veterans_Health_Administration_Provider_Level_Data.csv","mediaType":"text\\/csv"}],"theme":["Hospitals"]},{"accessLevel":"public","landingPage":"https:\\/\\/data.cms.gov\\/provider-data\\/dataset\\/bzsr-4my4","bureauCode":["009:38"],"issued":"2020-12-10","@type":"dcat:Dataset","modified":"2024-06-24","released":"2024-07-31","keyword":["General Information"],"contactPoint":{"@type":"vcard:Contact","fn":"Hospital Compare","hasURL":"https:\\/\\/cmsqualitysupport.servicenowservices.com\\/qnet_qa"},"publisher":{"@type":"org:Organization","name":"Centers for Medicare \\u0026 Medicaid Services (CMS)"},"identifier":"bzsr-4my4","description":"Lists the data updates for a scheduled quarterly refresh and as well those that are updated in between refreshes.","title":"Data Updates","programCode":["009:000"],"distribution":[{"@type":"dcat:Distribution","downloadURL":"https:\\/\\/data.cms.gov\\/provider-data\\/sites\\/default\\/files\\/resources\\/f1488424869a0b91d966a4735a7131d4_1721117178\\/Data_Updates_July_2024.csv","mediaType":"text\\/csv"}],"theme":["Hospitals"]},{"@type":"dcat:Dataset","accessLevel":"public","bureauCode":["009:38"],"contactPoint":{"@type":"vcard:Contact","fn":"Nursing homes including rehab services","hasEmail":"mailto:IRFQualityQuestions@cms.hhs.gov"},"description":"This dataset shows characteristics of the inpatient rehabilitation facilities that are shown on Inpatient Rehabilitation Facility Compare.","distribution":[{"@type":"dcat:Distribution","downloadURL":"https:\\/\\/data.cms.gov\\/provider-data\\/sites\\/default\\/files\\/resources\\/2f058f4e821cdff4bdb1b2135be070de_1718121911\\/Inpatient_Rehabilitation_Facility-General_Information_Jun2024.csv","mediaType":"text\\/csv"}],"identifier":"7t8x-u3ir","issued":"2024-04-30","keyword":["Rehabilitation","General Information","Address","Location","Quality Reporting"],"landingPage":"https:\\/\\/data.cms.gov\\/provider-data\\/dataset\\/7t8x-u3ir","modified":"2024-04-30","programCode":["009:000"],"publisher":{"@type":"org:Organization","name":"Centers for Medicare \\u0026 Medicaid Services (CMS)"},"released":"2024-06-26","theme":["Inpatient rehabilitation facilities"],"title":"Inpatient Rehabilitation Facility - General Information"},{"@type":"dcat:Dataset","accessLevel":"public","bureauCode":["009:38"],"contactPoint":{"@type":"vcard:Contact","fn":"Nursing homes including rehab services","hasEmail":"mailto:IRFQualityQuestions@cms.hhs.gov"},"description":"A list of inpatient rehabilitation facilities with data on the quality of patient care measures shown on Inpatient Rehabilitation Facility Compare.","distribution":[{"@type":"dcat:Distribution","downloadURL":"https:\\/\\/data.cms.gov\\/provider-data\\/sites\\/default\\/files\\/resources\\/7ad8227fb7a2290959dde7957eac9805_1718121912\\/Inpatient_Rehabilitation_Facility-Provider_Data_Jun2024.csv","mediaType":"text\\/csv"}],"identifier":"v9e4-nwhh","issued":"2024-04-30","keyword":["Quality","Measures","Provider Data","Provider-level","Rehabilitation","Quality Reporting"],"landingPage":"https:\\/\\/data.cms.gov\\/provider-data\\/dataset\\/v9e4-nwhh","modified":"2024-04-30","programCode":["009:000"],"publisher":{"@type":"org:Organization","name":"Centers for Medicare \\u0026 Medicaid Services (CMS)"},"released":"2024-06-26","theme":["Inpatient rehabilitation facilities"],"title":"Inpatient Rehabilitation Facility - Provider Data"},{"@type":"dcat:Dataset","accessLevel":"public","bureauCode":["009:38"],"contactPoint":{"@type":"vcard:Contact","fn":"Nursing homes including rehab services","hasEmail":"mailto:IRFQualityQuestions@cms.hhs.gov"},"description":"A list of inpatient rehabilitation facilities with data on the number of times people with Medicare who had certain medical conditions were treated in the last year.","distribution":[{"@type":"dcat:Distribution","downloadURL":"https:\\/\\/data.cms.gov\\/provider-data\\/sites\\/default\\/files\\/resources\\/848019e7c13b847328f6f0c7a226b297_1718121914\\/Inpatient_Rehabilitation_Facility-Conditions_Jun2024.csv","mediaType":"text\\/csv"}],"identifier":"ka5z-ibe3","issued":"2024-04-30","keyword":["Rehabilitation","Quality Reporting","Conditions"],"landingPage":"https:\\/\\/data.cms.gov\\/provider-data\\/dataset\\/ka5z-ibe3","modified":"2024-04-30","programCode":["009:000"],"publisher":{"@type":"org:Organization","name":"Centers for Medicare \\u0026 Medicaid Services (CMS)"},"released":"2024-06-26","theme":["Inpatient rehabilitation facilities"],"title":"Inpatient Rehabilitation Facility - Conditions"},{"@type":"dcat:Dataset","accessLevel":"public","bureauCode":["009:38"],"contactPoint":{"@type":"vcard:Contact","fn":"Nursing homes including rehab services","hasEmail":"mailto:LTCHQualityQuestions@cms.hhs.gov"},"description":"A list of long-term care hospitals with information such as address, phone number, ownership data and more.","distribution":[{"@type":"dcat:Distribution","downloadURL":"https:\\/\\/data.cms.gov\\/provider-data\\/sites\\/default\\/files\\/resources\\/927e37fc6f317e7ce855095467bfb7de_1718121915\\/Long-Term_Care_Hospital-General_Information_Jun2024.csv","mediaType":"text\\/csv"}],"identifier":"azum-44iv","issued":"2024-04-30","keyword":["Quality Reporting","General Information","Address","Location"],"landingPage":"https:\\/\\/data.cms.gov\\/provider-data\\/dataset\\/azum-44iv","modified":"2024-04-30","programCode":["009:000"],"publisher":{"@type":"org:Organization","name":"Centers for Medicare \\u0026 Medicaid Services (CMS)"},"released":"2024-06-26","theme":["Long-term care hospitals"],"title":"Long-Term Care Hospital - General Information"},{"@type":"dcat:Dataset","accessLevel":"public","bureauCode":["009:38"],"contactPoint":{"@type":"vcard:Contact","fn":"Nursing homes including rehab services","hasEmail":"mailto:LTCHQualityQuestions@cms.hhs.gov"},"description":"A list of long-term care hospitals with data on the quality of patient care measures shown on Long-Term Care Hospital Compare.","distribution":[{"@type":"dcat:Distribution","downloadURL":"https:\\/\\/data.cms.gov\\/provider-data\\/sites\\/default\\/files\\/resources\\/de0e6ff033c45e23acfc83e5f952940a_1718121916\\/Long-Term_Care_Hospital-Provider_Data_Jun2024.csv","mediaType":"text\\/csv"}],"identifier":"fp6g-2gsn","issued":"2024-04-30","keyword":["Quality Reporting","Quality","Measures","Provider Data","Provider-level"],"landingPage":"https:\\/\\/data.cms.gov\\/provider-data\\/dataset\\/fp6g-2gsn","modified":"2024-04-30","programCode":["009:000"],"publisher":{"@type":"org:Organization","name":"Centers for Medicare \\u0026 Medicaid Services (CMS)"},"released":"2024-06-26","theme":["Long-term care hospitals"],"title":"Long-Term Care Hospital - Provider Data"},{"accessLevel":"public","landingPage":"https:\\/\\/data.cms.gov\\/provider-data\\/dataset\\/ifjz-ge4w","bureauCode":["009:38"],"issued":"2023-06-01","@type":"dcat:Dataset","modified":"2024-07-23","released":"2024-07-31","keyword":["Complaints","Deficiencies","Citations"],"contactPoint":{"@type":"vcard:Contact","fn":"Nursing homes including rehab services","hasEmail":"mailto:BetterCare@cms.hhs.gov"},"publisher":{"@type":"org:Organization","name":"Centers for Medicare \\u0026 Medicaid Services (CMS)"},"identifier":"ifjz-ge4w","description":"A list of nursing home fire safety citations in the last three years, including the nursing home that received the citation, the associated inspection date, citation tag number and description, scope and severity, the current status of the citation and the correction date. Data are presented as one citation per row.","title":"Fire Safety Deficiencies","programCode":["009:000"],"distribution":[{"@type":"dcat:Distribution","downloadURL":"https:\\/\\/data.cms.gov\\/provider-data\\/sites\\/default\\/files\\/resources\\/50d7bde4345f47a567fb10d888d50242_1721765108\\/NH_FireSafetyCitations_Jul2024.csv","mediaType":"text\\/csv"}],"theme":["Nursing homes including rehab services"]},{"accessLevel":"public","landingPage":"https:\\/\\/data.cms.gov\\/provider-data\\/dataset\\/r5ix-sfxw","bureauCode":["009:38"],"issued":"2023-06-01","@type":"dcat:Dataset","modified":"2024-07-23","released":"2024-07-31","keyword":["Complaints","Deficiencies","Citations"],"contactPoint":{"@type":"vcard:Contact","fn":"Nursing homes including rehab services","hasEmail":"mailto:BetterCare@cms.hhs.gov"},"publisher":{"@type":"org:Organization","name":"Centers for Medicare \\u0026 Medicaid Services (CMS)"},"identifier":"r5ix-sfxw","description":"A list of nursing home health citations in the last three years, including the nursing home that received the citation, the associated inspection date, citation tag number and description, scope and severity, the current status of the citation and the correction date. Data are presented as one citation per row.","title":"Health Deficiencies","programCode":["009:000"],"distribution":[{"@type":"dcat:Distribution","downloadURL":"https:\\/\\/data.cms.gov\\/provider-data\\/sites\\/default\\/files\\/resources\\/d0a970561af44bfe33fc41be2b6258ea_1721765109\\/NH_HealthCitations_Jul2024.csv","mediaType":"text\\/csv"}],"theme":["Nursing homes including rehab services"]},{"accessLevel":"public","landingPage":"https:\\/\\/data.cms.gov\\/provider-data\\/dataset\\/djen-97ju","bureauCode":["009:38"],"issued":"2023-06-01","@type":"dcat:Dataset","modified":"2024-07-23","released":"2024-07-31","keyword":["Quality","Measures","Ratings","MDS"],"contactPoint":{"@type":"vcard:Contact","fn":"Nursing homes including rehab services","hasEmail":"mailto:BetterCare@cms.hhs.gov"},"publisher":{"@type":"org:Organization","name":"Centers for Medicare \\u0026 Medicaid Services (CMS)"},"identifier":"djen-97ju","description":"Quality measures that are based on the resident assessments that make up the nursing home Minimum Data Set (MDS). Each row contains a specific quality measure for a specific nursing home and includes the 4-quarter score average and scores for each individual quarter.","title":"MDS Quality Measures","programCode":["009:000"],"distribution":[{"@type":"dcat:Distribution","downloadURL":"https:\\/\\/data.cms.gov\\/provider-data\\/sites\\/default\\/files\\/resources\\/0c4283ce197a27a893a8e3ce7a080c70_1721765110\\/NH_QualityMsr_MDS_Jul2024.csv","mediaType":"text\\/csv"}],"theme":["Nursing homes including rehab services"]},{"accessLevel":"public","landingPage":"https:\\/\\/data.cms.gov\\/provider-data\\/dataset\\/ijh5-nb2v","bureauCode":["009:38"],"issued":"2023-06-01","@type":"dcat:Dataset","modified":"2024-07-23","released":"2024-07-31","keyword":["Quality","Measures","Ratings"],"contactPoint":{"@type":"vcard:Contact","fn":"Nursing homes including rehab services","hasEmail":"mailto:BetterCare@cms.hhs.gov"},"publisher":{"@type":"org:Organization","name":"Centers for Medicare \\u0026 Medicaid Services (CMS)"},"identifier":"ijh5-nb2v","description":"Quality measures that are based on Medicare claims data. Each row contains a specific quality measure for a specific nursing home and includes the risk-adjusted score.","title":"Medicare Claims Quality Measures","programCode":["009:000"],"distribution":[{"@type":"dcat:Distribution","downloadURL":"https:\\/\\/data.cms.gov\\/provider-data\\/sites\\/default\\/files\\/resources\\/7a3bcd32abdf0e12af623b8c21f362b0_1721765111\\/NH_QualityMsr_Claims_Jul2024.csv","mediaType":"text\\/csv"}],"theme":["Nursing homes including rehab services"]},{"accessLevel":"public","landingPage":"https:\\/\\/data.cms.gov\\/provider-data\\/dataset\\/y2hd-n93e","bureauCode":["009:38"],"issued":"2023-06-01","@type":"dcat:Dataset","modified":"2024-07-23","released":"2024-07-31","keyword":["Ownership"],"contactPoint":{"@type":"vcard:Contact","fn":"Nursing homes including rehab services","hasEmail":"mailto:BetterCare@cms.hhs.gov"},"publisher":{"@type":"org:Organization","name":"Centers for Medicare \\u0026 Medicaid Services (CMS)"},"identifier":"y2hd-n93e","description":"A list of ownership information for currently active nursing homes.","title":"Ownership","programCode":["009:000"],"distribution":[{"@type":"dcat:Distribution","downloadURL":"https:\\/\\/data.cms.gov\\/provider-data\\/sites\\/default\\/files\\/resources\\/1a28abafbcc5963796029730f6cfea79_1721765112\\/NH_Ownership_Jul2024.csv","mediaType":"text\\/csv"}],"theme":["Nursing homes including rehab services"]},{"accessLevel":"public","landingPage":"https:\\/\\/data.cms.gov\\/provider-data\\/dataset\\/g6vv-u9sr","bureauCode":["009:38"],"issued":"2023-06-01","@type":"dcat:Dataset","modified":"2024-07-23","released":"2024-07-31","keyword":["Penalties"],"contactPoint":{"@type":"vcard:Contact","fn":"Nursing homes including rehab services","hasEmail":"mailto:BetterCare@cms.hhs.gov"},"publisher":{"@type":"org:Organization","name":"Centers for Medicare \\u0026 Medicaid Services (CMS)"},"identifier":"g6vv-u9sr","description":"A list of the fines and payment denials received by nursing homes in the last three years.","title":"Penalties","programCode":["009:000"],"distribution":[{"@type":"dcat:Distribution","downloadURL":"https:\\/\\/data.cms.gov\\/provider-data\\/sites\\/default\\/files\\/resources\\/30daa2a51165b035f912bfb6faea1e49_1721765113\\/NH_Penalties_Jul2024.csv","mediaType":"text\\/csv"}],"theme":["Nursing homes including rehab services"]},{"accessLevel":"public","landingPage":"https:\\/\\/data.cms.gov\\/provider-data\\/dataset\\/4pq5-n9py","bureauCode":["009:38"],"issued":"2024-07-01","@type":"dcat:Dataset","modified":"2024-07-24","released":"2024-07-31","keyword":["General Information","Address","Location","Ratings","Beds","Quality","Staffing","Penalties"],"contactPoint":{"@type":"vcard:Contact","fn":"Nursing homes including rehab services","hasEmail":"mailto:BetterCare@cms.hhs.gov"},"publisher":{"@type":"org:Organization","name":"Centers for Medicare \\u0026 Medicaid Services (CMS)"},"identifier":"4pq5-n9py","description":"General information on currently active nursing homes, including number of certified beds, quality measure scores, staffing and other information used in the Five-Star Rating System. Data are presented as one row per nursing home.","title":"Provider Information","programCode":["009:000"],"distribution":[{"@type":"dcat:Distribution","downloadURL":"https:\\/\\/data.cms.gov\\/provider-data\\/sites\\/default\\/files\\/resources\\/f4f4b08a3a1297d759c1990cd6b8c6f5_1721865908\\/NH_ProviderInfo_Jul2024.csv","mediaType":"text\\/csv"}],"theme":["Nursing homes including rehab services"]},{"accessLevel":"public","landingPage":"https:\\/\\/data.cms.gov\\/provider-data\\/dataset\\/fykj-qjee","bureauCode":["009:38"],"issued":"2023-10-01","@type":"dcat:Dataset","modified":"2024-07-23","released":"2024-07-31","keyword":["Skilled Nursing Facility Quality Reporting Program","Provider-level"],"contactPoint":{"@type":"vcard:Contact","fn":"Nursing homes including rehab services","hasEmail":"mailto:SNFQRPPRQuestions@cms.hhs.gov"},"publisher":{"@type":"org:Organization","name":"Centers for Medicare \\u0026 Medicaid Services (CMS)"},"identifier":"fykj-qjee","description":"Skilled Nursing Facilities (SNFs) provide Medicare Part A SNF services to beneficiaries and must report data on certain measures of quality to Medicare through the Skilled Nursing Facility Quality Reporting Program (SNF QRP). This file contains a list of SNFs, as well as their results on the quality of resident care measures implemented under the IMPACT Act.","title":"Skilled Nursing Facility Quality Reporting Program - Provider Data","programCode":["009:000"],"distribution":[{"@type":"dcat:Distribution","downloadURL":"https:\\/\\/data.cms.gov\\/provider-data\\/sites\\/default\\/files\\/resources\\/d22133fedcf54146a05779fcd27914dc_1721765117\\/Skilled_Nursing_Facility_Quality_Reporting_Program_Provider_Data_Jul2024.csv","mediaType":"text\\/csv"}],"theme":["Nursing homes including rehab services"]},{"accessLevel":"public","landingPage":"https:\\/\\/data.cms.gov\\/provider-data\\/dataset\\/6uyb-waub","bureauCode":["009:38"],"issued":"2023-10-01","@type":"dcat:Dataset","modified":"2024-07-23","released":"2024-07-31","keyword":["Skilled Nursing Facility Quality Reporting Program","Swing Bed"],"contactPoint":{"@type":"vcard:Contact","fn":"Nursing homes including rehab services","hasEmail":"mailto:SNFQRPPRQuestions@cms.hhs.gov"},"publisher":{"@type":"org:Organization","name":"Centers for Medicare \\u0026 Medicaid Services (CMS)"},"identifier":"6uyb-waub","description":"Non-Critical Access Hospitals (CAHs) with swing beds are hospitals that provide Medicare Part A Skilled Nursing Facility (SNF) services to beneficiaries and must report data on certain measures of quality to Medicare through the Skilled Nursing Facility Quality Reporting Program (SNF QRP). This file contains a list of the swing bed units participating in the SNF QRP, as well as their results on quality measures implemented under the IMPACT Act.","title":"Skilled Nursing Facility Quality Reporting Program - Swing Beds - Provider Data","programCode":["009:000"],"distribution":[{"@type":"dcat:Distribution","downloadURL":"https:\\/\\/data.cms.gov\\/provider-data\\/sites\\/default\\/files\\/resources\\/52c2954eb770f9102fcd6a2bd8087d56_1721765118\\/Swing_Bed_SNF_data_Jul2024.csv","mediaType":"text\\/csv"}],"theme":["Nursing homes including rehab services"]},{"accessLevel":"public","landingPage":"https:\\/\\/data.cms.gov\\/provider-data\\/dataset\\/xcdc-v8bm","bureauCode":["009:38"],"issued":"2024-07-01","@type":"dcat:Dataset","modified":"2024-07-24","released":"2024-07-31","keyword":["Average","State","National","Quality","Staffing","Penalties"],"contactPoint":{"@type":"vcard:Contact","fn":"Nursing homes including rehab services","hasEmail":"mailto:BetterCare@cms.hhs.gov"},"publisher":{"@type":"org:Organization","name":"Centers for Medicare \\u0026 Medicaid Services (CMS)"},"identifier":"xcdc-v8bm","description":"A list of a variety of averages for each state or territory as well as the national average, including each quality measure, staffing, fine amount and number of deficiencies. Each row displays a specific state or territory, the associated measure and average.","title":"State US Averages","programCode":["009:000"],"distribution":[{"@type":"dcat:Distribution","downloadURL":"https:\\/\\/data.cms.gov\\/provider-data\\/sites\\/default\\/files\\/resources\\/c26b7addc0b44dbf8037f7e842a80b68_1721865909\\/NH_StateUSAverages_Jul2024.csv","mediaType":"text\\/csv"}],"theme":["Nursing homes including rehab services"]},{"accessLevel":"public","landingPage":"https:\\/\\/data.cms.gov\\/provider-data\\/dataset\\/tbry-pc2d","bureauCode":["009:38"],"issued":"2023-06-01","@type":"dcat:Dataset","modified":"2024-07-23","released":"2024-07-31","keyword":["Complaints","Deficiencies","Citations"],"contactPoint":{"@type":"vcard:Contact","fn":"Nursing homes including rehab services","hasEmail":"mailto:BetterCare@cms.hhs.gov"},"publisher":{"@type":"org:Organization","name":"Centers for Medicare \\u0026 Medicaid Services (CMS)"},"identifier":"tbry-pc2d","description":"Nursing home summary information for nursing home health and fire safety inspections in the last three years, including dates of the three most recent inspections (including those with no citations), and counts of citations, overall and within specified categories. Data are presented as one inspection per provider. Note that citation counts do not include citations from complaint inspections.","title":"Survey Summary","programCode":["009:000"],"distribution":[{"@type":"dcat:Distribution","downloadURL":"https:\\/\\/data.cms.gov\\/provider-data\\/sites\\/default\\/files\\/resources\\/cbaea607f09d1dd9e60d4f5126acd370_1721765120\\/NH_SurveySummary_Jul2024.csv","mediaType":"text\\/csv"}],"theme":["Nursing homes including rehab services"]},{"accessLevel":"public","landingPage":"https:\\/\\/data.cms.gov\\/provider-data\\/dataset\\/284v-j9fz","bureauCode":["009:38"],"issued":"2023-11-01","@type":"dcat:Dataset","modified":"2023-11-29","released":"2024-07-31","keyword":["Value Based Purchasing"],"contactPoint":{"@type":"vcard:Contact","fn":"Nursing homes including rehab services","hasEmail":"mailto:SNFVBP@rti.org"},"publisher":{"@type":"org:Organization","name":"Centers for Medicare \\u0026 Medicaid Services (CMS)"},"identifier":"284v-j9fz","description":"This dataset contains facility-specific performance results for the fiscal year (FY) 2024 Skilled Nursing Facility Value-Based Purchasing (SNF VBP) Program. Included are baseline period (FY 2019) and performance period (FY 2022) risk-standardized readmission rates (RSRRs), achievement scores, improvement scores, and performance scores, rankings, and incentive payment multipliers for the FY 2024 SNF VBP Program year.\\u003Cbr \\/\\u003E\\u003Cbr \\/\\u003ENote: SNFs that did not meet the SNFRM\\u2019s case minimum (25 or more eligible stays) in the performance period (FY 2022) are excluded from the SNF VBP Program for FY 2024. Payments to these SNFs in FY 2024 will not be affected by the SNF VBP Program; instead, these SNFs will receive their adjusted federal per diem rate. CMS will not publicly report any data for the FY 2024 SNF VBP Program year for these excluded SNFs.","title":"FY 2024 SNF VBP Facility-Level Dataset","programCode":["009:000"],"distribution":[{"@type":"dcat:Distribution","downloadURL":"https:\\/\\/data.cms.gov\\/provider-data\\/sites\\/default\\/files\\/resources\\/59802959b5fa19e9fa742d168e9b06a9_1720657809\\/FY_2024_SNF_VBP_Facility_Performance.csv","mediaType":"text\\/csv"}],"theme":["Nursing homes including rehab services"]},{"accessLevel":"public","landingPage":"https:\\/\\/data.cms.gov\\/provider-data\\/dataset\\/ujcx-uaut","bureauCode":["009:38"],"issued":"2023-11-01","@type":"dcat:Dataset","modified":"2023-11-29","released":"2024-07-31","keyword":["Value Based Purchasing"],"contactPoint":{"@type":"vcard:Contact","fn":"Nursing homes including rehab services","hasEmail":"mailto:SNFVBP@rti.org"},"publisher":{"@type":"org:Organization","name":"Centers for Medicare \\u0026 Medicaid Services (CMS)"},"identifier":"ujcx-uaut","description":"This table contains national, aggregate-level results for the fiscal year (FY) 2024 Skilled Nursing Facility Value-Based Purchasing (SNF VBP) Program. Included are unadjusted national average readmission rates for the baseline period (FY 2019) and performance period (FY 2022), the achievement threshold and benchmark (that is, the performance standards for the FY 2024 SNF VBP Program year), and information on performance scores, incentive payment multipliers, value-based incentive payments (in dollars), and the total number of SNFs receiving value-based incentive payments for the FY 2024 SNF VBP Program year.\\u003Cbr \\/\\u003E\\u003Cbr \\/\\u003ENote: SNFs that did not meet the SNFRM\\u2019s case minimum (25 or more eligible stays) in the performance period (FY 2022) are excluded from the SNF VBP Program for FY 2024. Payments to these SNFs in FY 2024 will not be affected by the SNF VBP Program; instead, these SNFs will receive their adjusted federal per diem rate. CMS will not publicly report any data for the FY 2024 SNF VBP Program year for these excluded SNFs.","title":"FY 2024 SNF VBP Aggregate Performance","programCode":["009:000"],"distribution":[{"@type":"dcat:Distribution","downloadURL":"https:\\/\\/data.cms.gov\\/provider-data\\/sites\\/default\\/files\\/resources\\/a11738273c26a4afa1704e6bcb169e0f_1720657810\\/FY_2024_SNF_VBP_Aggregate_Performance.csv","mediaType":"text\\/csv"}],"theme":["Nursing homes including rehab services"]},{"accessLevel":"public","landingPage":"https:\\/\\/data.cms.gov\\/provider-data\\/dataset\\/qmdc-9999","bureauCode":["009:38"],"issued":"2023-10-01","@type":"dcat:Dataset","modified":"2024-07-23","released":"2024-07-31","keyword":["Quality","Measures","Staffing","Data Collection Period","Time Periods"],"contactPoint":{"@type":"vcard:Contact","fn":"Nursing homes including rehab services","hasEmail":"mailto:BetterCare@cms.hhs.gov"},"publisher":{"@type":"org:Organization","name":"Centers for Medicare \\u0026 Medicaid Services (CMS)"},"identifier":"qmdc-9999","description":"This table lists the data collection periods for the quality measures displayed for Nursing Homes including Rehab Services as well as the intervals for complaint citations and citations on focused infection control inspections. It also includes the data collection period for the nursing home staffing measures. The data collection periods for some short-stay measures differ slightly from the measure periods in the MDS Quality Measure file due to the look-back periods for these measures.","title":"Nursing Home Data Collection Intervals","programCode":["009:000"],"distribution":[{"@type":"dcat:Distribution","downloadURL":"https:\\/\\/data.cms.gov\\/provider-data\\/sites\\/default\\/files\\/resources\\/645968d7b3289ba094a87bcc4a90d861_1721765122\\/NH_DataCollectionIntervals_Jul2024.csv","mediaType":"text\\/csv"}],"theme":["Nursing homes including rehab services"]},{"accessLevel":"public","landingPage":"https:\\/\\/data.cms.gov\\/provider-data\\/dataset\\/tagd-9999","bureauCode":["009:38"],"issued":"2020-09-01","@type":"dcat:Dataset","modified":"2024-07-23","released":"2024-07-31","keyword":["Complaints","Deficiencies","Citations"],"contactPoint":{"@type":"vcard:Contact","fn":"Nursing homes including rehab services","hasEmail":"mailto:BetterCare@cms.hhs.gov"},"publisher":{"@type":"org:Organization","name":"Centers for Medicare \\u0026 Medicaid Services (CMS)"},"identifier":"tagd-9999","description":"This is a look-up table for nursing home inspection citations, providing a text description for each citation or tag code.","title":"Citation Code Look-up","programCode":["009:000"],"distribution":[{"@type":"dcat:Distribution","downloadURL":"https:\\/\\/data.cms.gov\\/provider-data\\/sites\\/default\\/files\\/resources\\/f3381774f73e94b9e2c86b31cc536140_1721765123\\/NH_CitationDescriptions_Jul2024.csv","mediaType":"text\\/csv"}],"theme":["Nursing homes including rehab services"]},{"accessLevel":"public","landingPage":"https:\\/\\/data.cms.gov\\/provider-data\\/dataset\\/mj5m-pzi6","bureauCode":["009:38"],"issued":"2023-08-17","@type":"dcat:Dataset","modified":"2024-08-02","released":"2024-08-15","keyword":["Clinicians","Quality","Location"],"contactPoint":{"@type":"vcard:Contact","fn":"CMS","hasEmail":"mailto:QPP@cms.hhs.gov"},"publisher":{"@type":"org:Organization","name":"Centers for Medicare \\u0026 Medicaid Services (CMS)"},"identifier":"mj5m-pzi6","description":"The Doctors and Clinicians national downloadable file is organized such that each line is unique at the clinician\\/enrollment record\\/group\\/address level. Clinicians with multiple Medicare enrollment records and\\/or single enrollments linking to multiple practice locations are listed on multiple lines.","title":"National Downloadable File","programCode":["009:000"],"distribution":[{"@type":"dcat:Distribution","downloadURL":"https:\\/\\/data.cms.gov\\/provider-data\\/sites\\/default\\/files\\/resources\\/52c3f098d7e56028a298fd297cb0b38d_1722888315\\/DAC_NationalDownloadableFile.csv","mediaType":"text\\/csv"}],"theme":["Doctors and clinicians"],"archiveExclude":false},{"accessLevel":"public","landingPage":"https:\\/\\/data.cms.gov\\/provider-data\\/dataset\\/0ba7-2cb0","bureauCode":["009:38"],"issued":"2023-08-17","@type":"dcat:Dataset","modified":"2024-05-16","released":"2024-05-30","keyword":["Performance","Quality","Measures","MIPS","Quality Payment Program"],"contactPoint":{"@type":"vcard:Contact","fn":"CMS","hasEmail":"mailto:QPP@cms.hhs.gov"},"publisher":{"@type":"org:Organization","name":"Centers for Medicare \\u0026 Medicaid Services (CMS)"},"identifier":"0ba7-2cb0","description":"This file contains performance information for Merit-Based Incentive Payment System (MIPS) Quality, Promoting Interoperability, and Improvement Activities performance information submitted by groups.","title":"PY 2022 Group Public Reporting: MIPS Measures and Attestations","programCode":["009:000"],"distribution":[{"@type":"dcat:Distribution","downloadURL":"https:\\/\\/data.cms.gov\\/provider-data\\/sites\\/default\\/files\\/resources\\/410d73868de5a4ea585a61ca1365a256_1715976322\\/grp_public_reporting.csv","mediaType":"text\\/csv"}],"theme":["Doctors and clinicians"],"archiveExclude":false},{"accessLevel":"public","landingPage":"https:\\/\\/data.cms.gov\\/provider-data\\/dataset\\/8c70-d353","bureauCode":["009:38"],"issued":"2023-08-17","@type":"dcat:Dataset","modified":"2024-05-16","released":"2024-05-30","keyword":["Patient Experience of Care","CAHPS","Performance","MIPS","Quality Payment Program"],"contactPoint":{"@type":"vcard:Contact","fn":"CMS","hasEmail":"mailto:QPP@cms.hhs.gov"},"publisher":{"@type":"org:Organization","name":"Centers for Medicare \\u0026 Medicaid Services (CMS)"},"identifier":"8c70-d353","description":"This file contains information for the Consumer Assessment of Healthcare Providers and Systems (CAHPS) for MIPS measures submitted by groups.","title":"PY 2022 Group Public Reporting: Patient Experience","programCode":["009:000"],"distribution":[{"@type":"dcat:Distribution","downloadURL":"https:\\/\\/data.cms.gov\\/provider-data\\/sites\\/default\\/files\\/resources\\/6083bb351293e72eda42881d6a93d803_1715976323\\/grp_public_reporting_cahps.csv","mediaType":"text\\/csv"}],"theme":["Doctors and clinicians"],"archiveExclude":false},{"accessLevel":"public","landingPage":"https:\\/\\/data.cms.gov\\/provider-data\\/dataset\\/7d6a-e7a6","bureauCode":["009:38"],"issued":"2020-11-30","@type":"dcat:Dataset","modified":"2024-05-16","released":"2024-05-30","keyword":["Clinicians","Performance","Quality","Measures","MIPS","Quality Payment Program"],"contactPoint":{"@type":"vcard:Contact","fn":"CMS","hasEmail":"mailto:QPP@cms.hhs.gov"},"publisher":{"@type":"org:Organization","name":"Centers for Medicare \\u0026 Medicaid Services (CMS)"},"identifier":"7d6a-e7a6","description":"This file contains performance information for Merit-Based Incentive Payment System (MIPS) Quality, Promoting Interoperability, and Improvement Activities performance information submitted by clinicians.","title":"PY 2022 Clinician Public Reporting: MIPS Measures and Attestations","programCode":["009:000"],"distribution":[{"@type":"dcat:Distribution","downloadURL":"https:\\/\\/data.cms.gov\\/provider-data\\/sites\\/default\\/files\\/resources\\/b9c4d902c52ae898d3f422fffbdc59fe_1715976323\\/ec_public_reporting.csv","mediaType":"text\\/csv"}],"theme":["Doctors and clinicians"],"archiveExclude":false},{"accessLevel":"public","landingPage":"https:\\/\\/data.cms.gov\\/provider-data\\/dataset\\/a174-a962","bureauCode":["009:38"],"issued":"2023-08-17","@type":"dcat:Dataset","modified":"2024-07-25","released":"2024-08-01","keyword":["MIPS","Quality Payment Program","Clinicians","APM","Performance","Quality"],"contactPoint":{"@type":"vcard:Contact","fn":"CMS","hasEmail":"mailto:QPP@cms.hhs.gov"},"publisher":{"@type":"org:Organization","name":"Centers for Medicare \\u0026 Medicaid Services (CMS)"},"identifier":"a174-a962","description":"This file contains Merit-Based Incentive Payment System (MIPS) Final Scores and performance category scores for clinicians. For further details on 2022 MIPS scoring, see the 2022 Traditional MIPS Scoring Guide.","title":"PY 2022 Clinician Public Reporting: Overall MIPS Performance","programCode":["009:000"],"distribution":[{"@type":"dcat:Distribution","downloadURL":"https:\\/\\/data.cms.gov\\/provider-data\\/sites\\/default\\/files\\/resources\\/6b9e57db797c95853b034b329b1212b2_1721952317\\/ec_score_file.csv","mediaType":"text\\/csv"}],"theme":["Doctors and clinicians"],"archiveExclude":false},{"accessLevel":"public","landingPage":"https:\\/\\/data.cms.gov\\/provider-data\\/dataset\\/svdt-c123","bureauCode":["009:38"],"issued":"2023-06-01","@type":"dcat:Dataset","modified":"2024-07-23","released":"2024-07-31","keyword":["Complaints","Deficiencies","Citations"],"contactPoint":{"@type":"vcard:Contact","fn":"Nursing homes including rehab services","hasEmail":"mailto:BetterCare@cms.hhs.gov"},"publisher":{"@type":"org:Organization","name":"Centers for Medicare \\u0026 Medicaid Services (CMS)"},"identifier":"svdt-c123","description":"A list of nursing home inspection dates in the past three years, including health inspections, fire safety inspections, complaint inspections and infection control inspections","title":"Inspection Dates","programCode":["009:000"],"distribution":[{"@type":"dcat:Distribution","downloadURL":"https:\\/\\/data.cms.gov\\/provider-data\\/sites\\/default\\/files\\/resources\\/558aa49d88d6efaedb500df8b4722828_1721765124\\/NH_SurveyDates_Jul2024.csv","mediaType":"text\\/csv"}],"theme":["Nursing homes including rehab services"]},{"accessLevel":"public","landingPage":"https:\\/\\/data.cms.gov\\/provider-data\\/dataset\\/hicp-9999","bureauCode":["009:38"],"issued":"2021-04-01","@type":"dcat:Dataset","modified":"2024-07-23","released":"2024-07-31","keyword":["Deficiencies","Citations","Ratings","State"],"contactPoint":{"@type":"vcard:Contact","fn":"Nursing homes including rehab services","hasEmail":"mailto:BetterCare@cms.hhs.gov"},"publisher":{"@type":"org:Organization","name":"Centers for Medicare \\u0026 Medicaid Services (CMS)"},"identifier":"hicp-9999","description":"State-specific ranges for the weighted health inspection score for each health inspection star rating category.  Data are presented as one row per state or territory.","title":"State-Level Health Inspection Cut Points","programCode":["009:000"],"distribution":[{"@type":"dcat:Distribution","downloadURL":"https:\\/\\/data.cms.gov\\/provider-data\\/sites\\/default\\/files\\/resources\\/9736060bdd66c0d51e73ad985d914e4a_1721765125\\/NH_HlthInspecCutpointsState_Jul2024.csv","mediaType":"text\\/csv"}],"theme":["Nursing homes including rehab services"]},{"@type":"dcat:Dataset","accessLevel":"public","bureauCode":["009:38"],"contactPoint":{"@type":"vcard:Contact","fn":"Home Health CAHPS Helpdesk","hasEmail":"mailto:hhcahps@rti.org"},"description":"Patient Data for Home Health Care (HHCAHPS) for 2023Q1 to 2023Q4","distribution":[{"@type":"dcat:Distribution","downloadURL":"https:\\/\\/data.cms.gov\\/provider-data\\/sites\\/default\\/files\\/resources\\/d754d4926c9e5a6b495bc351861297ee_1720656327\\/HHCAHPS_Provider_Jul2024.csv","mediaType":"text\\/csv"}],"identifier":"ccn4-8vby","issued":"2024-06-12","keyword":["Patient Survey","CAHPS","Medicare","Patient Experience of Care","Provider Data","Average"],"landingPage":"https:\\/\\/data.cms.gov\\/provider-data\\/dataset\\/ccn4-8vby","modified":"2024-06-12","programCode":["009:000"],"publisher":{"@type":"org:Organization","name":"Centers for Medicare \\u0026 Medicaid Services (CMS)"},"released":"2024-07-17","theme":["Home health services"],"title":"Home Health Care - Patient Survey (HHCAHPS) 2023Q1 to 2023Q4"},{"@type":"dcat:Dataset","accessLevel":"public","bureauCode":["009:38"],"contactPoint":{"@type":"vcard:Contact","fn":"Home Health CAHPS Helpdesk","hasEmail":"mailto:hhcahps@rti.org"},"description":"National Data for Home Health Care - Patient Survey (HHCAHPS) for 2023Q1 to 2023Q4","distribution":[{"@type":"dcat:Distribution","downloadURL":"https:\\/\\/data.cms.gov\\/provider-data\\/sites\\/default\\/files\\/resources\\/da9087a622ebb8ec7f4cc00b7b793e09_1720656328\\/HHCAHPS_National_Jul2024.csv","mediaType":"text\\/csv"}],"identifier":"vxub-6swi","issued":"2024-06-12","keyword":["Patient Survey","National","Average","CAHPS","Medicare","Patient Experience of Care"],"landingPage":"https:\\/\\/data.cms.gov\\/provider-data\\/dataset\\/vxub-6swi","modified":"2024-06-12","programCode":["009:000"],"publisher":{"@type":"org:Organization","name":"Centers for Medicare \\u0026 Medicaid Services (CMS)"},"released":"2024-07-17","theme":["Home health services"],"title":"Home Health Care - Patient Survey (HHCAHPS) National Data 2023Q1 to 2023Q4"},{"@type":"dcat:Dataset","accessLevel":"public","bureauCode":["009:38"],"contactPoint":{"@type":"vcard:Contact","fn":"Home Health CAHPS Helpdesk","hasEmail":"mailto:hhcahps@rti.org"},"description":"State Data for Home Health Care - Patient Survey (HHCAHPS) for 2023Q1 to 2023Q4","distribution":[{"@type":"dcat:Distribution","downloadURL":"https:\\/\\/data.cms.gov\\/provider-data\\/sites\\/default\\/files\\/resources\\/2b3627e9f29ea9a4f85454a6aab8bfd7_1720656329\\/HHCAHPS_State_Jul2024.csv","mediaType":"text\\/csv"}],"identifier":"m5jg-jg7i","issued":"2024-06-12","keyword":["Patient Survey","State","Average","CAHPS","Medicare","Patient Experience of Care"],"landingPage":"https:\\/\\/data.cms.gov\\/provider-data\\/dataset\\/m5jg-jg7i","modified":"2024-06-12","programCode":["009:000"],"publisher":{"@type":"org:Organization","name":"Centers for Medicare \\u0026 Medicaid Services (CMS)"},"released":"2024-07-17","theme":["Home health services"],"title":"Home Health Care - Patient Survey (HHCAHPS) State Data 2023Q1 to 2023Q4"},{"@type":"dcat:Dataset","accessLevel":"public","bureauCode":["009:38"],"contactPoint":{"@type":"vcard:Contact","fn":"Home Health CAHPS Helpdesk","hasEmail":"mailto:hhcahps@rti.org"},"description":"Measure Dates for Home Health Care - Patient Survey (HHCAHPS) for 2023Q1 to 2023Q4","distribution":[{"@type":"dcat:Distribution","downloadURL":"https:\\/\\/data.cms.gov\\/provider-data\\/sites\\/default\\/files\\/resources\\/d17c6757e25b86a805b39fbcd3f8a764_1720656330\\/HHCAHPS_MeasureDateRange_Jul2024.csv","mediaType":"text\\/csv"}],"identifier":"fa88-6ff2","issued":"2024-06-12","keyword":["Patient Survey","CAHPS","Medicare","Patient Experience of Care","Data Collection Period","Measure Dates"],"landingPage":"https:\\/\\/data.cms.gov\\/provider-data\\/dataset\\/fa88-6ff2","modified":"2024-06-12","programCode":["009:000"],"publisher":{"@type":"org:Organization","name":"Centers for Medicare \\u0026 Medicaid Services (CMS)"},"released":"2024-07-17","theme":["Home health services"],"title":"Home Health Care - Patient Survey (HHCAHPS) Measure Dates 2023Q1 to 2023Q4"},{"@type":"dcat:Dataset","identifier":"3614-1eef","title":"Addiction Medicine Office Visit Costs","description":"Returns addiction medicine office visit costs per zip code for new and established patients.","keyword":["Addiction Medicine"],"issued":"2024-08-05","modified":"2024-08-05","released":"2024-08-08","distribution":[{"@type":"dcat:Distribution","downloadURL":"https:\\/\\/data.cms.gov\\/provider-data\\/sites\\/default\\/files\\/resources\\/d1ab7920355d5e990a5a6820b3fde80a_1722902710\\/Addiction_Medicine.csv","mediaType":"text\\/csv","title":"Addiction_Medicine.csv"}],"landingPage":"https:\\/\\/data.medicare.gov\\/provider-data\\/dataset\\/3614-1eef","theme":["Physician office visit costs"],"accessLevel":"public","bureauCode":["009:38"],"contactPoint":{"@type":"vcard:Contact","fn":"PPL Dataset","hasEmail":"mailto:PPL_Dataset@cms.hhs.gov"},"publisher":{"@type":"org:Organization","name":"Centers for Medicare \\u0026 Medicaid Services (CMS)"},"programCode":["009:000"]},{"@type":"dcat:Dataset","identifier":"bdd5-4a04","title":"Advanced Heart Failure and Transplant Cardiology Office Visit Costs","description":"Returns advanced heart failure and transplant cardiology office visit costs per zip code for new and established patients.","keyword":["Advanced Heart Failure and Transplant Cardiology"],"issued":"2024-08-05","modified":"2024-08-05","released":"2024-08-08","distribution":[{"@type":"dcat:Distribution","downloadURL":"https:\\/\\/data.cms.gov\\/provider-data\\/sites\\/default\\/files\\/resources\\/0d1cb3f16a5181acc5f88210b2cbb1b9_1722902711\\/Advanced_Heart_Failure_and_Transplant_Cardiology.csv","mediaType":"text\\/csv","title":"Advanced_Heart_Failure_and_Transplant_Cardiology.csv"}],"landingPage":"https:\\/\\/data.medicare.gov\\/provider-data\\/dataset\\/bdd5-4a04","theme":["Physician office visit costs"],"accessLevel":"public","bureauCode":["009:38"],"contactPoint":{"@type":"vcard:Contact","fn":"PPL Dataset","hasEmail":"mailto:PPL_Dataset@cms.hhs.gov"},"publisher":{"@type":"org:Organization","name":"Centers for Medicare \\u0026 Medicaid Services (CMS)"},"programCode":["009:000"]},{"@type":"dcat:Dataset","identifier":"4269-8a74","title":"Allergy\\/ Immunology Office Visit Costs","description":"Returns allergy\\/ immunology office visit costs per zip code for new and established patients.","keyword":["Allergy\\/ Immunology"],"issued":"2024-08-05","modified":"2024-08-05","released":"2024-08-08","distribution":[{"@type":"dcat:Distribution","downloadURL":"https:\\/\\/data.cms.gov\\/provider-data\\/sites\\/default\\/files\\/resources\\/6497f42593cb2186e2a829c73e066587_1722902712\\/Allergy_Immunology.csv","mediaType":"text\\/csv","title":"Allergy_Immunology.csv"}],"landingPage":"https:\\/\\/data.medicare.gov\\/provider-data\\/dataset\\/4269-8a74","theme":["Physician office visit costs"],"accessLevel":"public","bureauCode":["009:38"],"contactPoint":{"@type":"vcard:Contact","fn":"PPL Dataset","hasEmail":"mailto:PPL_Dataset@cms.hhs.gov"},"publisher":{"@type":"org:Organization","name":"Centers for Medicare \\u0026 Medicaid Services (CMS)"},"programCode":["009:000"]},{"@type":"dcat:Dataset","identifier":"2fbd-6172","title":"Anesthesiology Office Visit Costs","description":"Returns anesthesiology office visit costs per zip code for new and established patients.","keyword":["Anesthesiology"],"issued":"2024-08-05","modified":"2024-08-05","released":"2024-08-08","distribution":[{"@type":"dcat:Distribution","downloadURL":"https:\\/\\/data.cms.gov\\/provider-data\\/sites\\/default\\/files\\/resources\\/b2865dff92f9fdd8c29f28fb675daf44_1722902712\\/Anesthesiology.csv","mediaType":"text\\/csv","title":"Anesthesiology.csv"}],"landingPage":"https:\\/\\/data.medicare.gov\\/provider-data\\/dataset\\/2fbd-6172","theme":["Physician office visit costs"],"accessLevel":"public","bureauCode":["009:38"],"contactPoint":{"@type":"vcard:Contact","fn":"PPL Dataset","hasEmail":"mailto:PPL_Dataset@cms.hhs.gov"},"publisher":{"@type":"org:Organization","name":"Centers for Medicare \\u0026 Medicaid Services (CMS)"},"programCode":["009:000"]},{"@type":"dcat:Dataset","identifier":"075a-d487","title":"Cardiac Surgery Office Visit Costs","description":"Returns cardiac surgery office visit costs per zip code for new and established patients.","keyword":["Cardiac Surgery"],"issued":"2024-08-05","modified":"2024-08-05","released":"2024-08-08","distribution":[{"@type":"dcat:Distribution","downloadURL":"https:\\/\\/data.cms.gov\\/provider-data\\/sites\\/default\\/files\\/resources\\/07d58122e6e786e1bb50d1031faf18b0_1722902713\\/Cardiac_Surgery.csv","mediaType":"text\\/csv","title":"Cardiac_Surgery.csv"}],"landingPage":"https:\\/\\/data.medicare.gov\\/provider-data\\/dataset\\/075a-d487","theme":["Physician office visit costs"],"accessLevel":"public","bureauCode":["009:38"],"contactPoint":{"@type":"vcard:Contact","fn":"PPL Dataset","hasEmail":"mailto:PPL_Dataset@cms.hhs.gov"},"publisher":{"@type":"org:Organization","name":"Centers for Medicare \\u0026 Medicaid Services (CMS)"},"programCode":["009:000"]},{"@type":"dcat:Dataset","identifier":"3f64-129e","title":"Cardiology Office Visit Costs","description":"Returns cardiology office visit costs per zip code for new and established patients.","keyword":["Cardiology"],"issued":"2024-08-05","modified":"2024-08-05","released":"2024-08-08","distribution":[{"@type":"dcat:Distribution","downloadURL":"https:\\/\\/data.cms.gov\\/provider-data\\/sites\\/default\\/files\\/resources\\/be5b5fc720c0215811fe6f7f35d125a1_1722902714\\/Cardiology.csv","mediaType":"text\\/csv","title":"Cardiology.csv"}],"landingPage":"https:\\/\\/data.medicare.gov\\/provider-data\\/dataset\\/3f64-129e","theme":["Physician office visit costs"],"accessLevel":"public","bureauCode":["009:38"],"contactPoint":{"@type":"vcard:Contact","fn":"PPL Dataset","hasEmail":"mailto:PPL_Dataset@cms.hhs.gov"},"publisher":{"@type":"org:Organization","name":"Centers for Medicare \\u0026 Medicaid Services (CMS)"},"programCode":["009:000"]},{"@type":"dcat:Dataset","identifier":"ea2d-9467","title":"Certified Clinical Nurse Specialist Office Visit Costs","description":"Returns certified clinical nurse specialist office visit costs per zip code for new and established patients.","keyword":["Certified Clinical Nurse Specialist"],"issued":"2024-08-05","modified":"2024-08-05","released":"2024-08-08","distribution":[{"@type":"dcat:Distribution","downloadURL":"https:\\/\\/data.cms.gov\\/provider-data\\/sites\\/default\\/files\\/resources\\/7cb7415ea6ecf047dfb7d5e0e93ef7cc_1722902715\\/Certified_Clinical_Nurse_Specialist.csv","mediaType":"text\\/csv","title":"Certified_Clinical_Nurse_Specialist.csv"}],"landingPage":"https:\\/\\/data.medicare.gov\\/provider-data\\/dataset\\/ea2d-9467","theme":["Physician office visit costs"],"accessLevel":"public","bureauCode":["009:38"],"contactPoint":{"@type":"vcard:Contact","fn":"PPL Dataset","hasEmail":"mailto:PPL_Dataset@cms.hhs.gov"},"publisher":{"@type":"org:Organization","name":"Centers for Medicare \\u0026 Medicaid Services (CMS)"},"programCode":["009:000"]},{"@type":"dcat:Dataset","identifier":"9873-722a","title":"Certified Nurse Midwife Office Visit Costs","description":"Returns certified nurse midwife office visit costs per zip code for new and established patients.","keyword":["Certified Nurse Midwife"],"issued":"2024-08-05","modified":"2024-08-05","released":"2024-08-08","distribution":[{"@type":"dcat:Distribution","downloadURL":"https:\\/\\/data.cms.gov\\/provider-data\\/sites\\/default\\/files\\/resources\\/7bdbfe969222b47e2f6a44fbb57a8399_1722902716\\/Certified_Nurse_Midwife.csv","mediaType":"text\\/csv","title":"Certified_Nurse_Midwife.csv"}],"landingPage":"https:\\/\\/data.medicare.gov\\/provider-data\\/dataset\\/9873-722a","theme":["Physician office visit costs"],"accessLevel":"public","bureauCode":["009:38"],"contactPoint":{"@type":"vcard:Contact","fn":"PPL Dataset","hasEmail":"mailto:PPL_Dataset@cms.hhs.gov"},"publisher":{"@type":"org:Organization","name":"Centers for Medicare \\u0026 Medicaid Services (CMS)"},"programCode":["009:000"]},{"@type":"dcat:Dataset","identifier":"3a83-ee2d","title":"Certified Registered Nurse Anesthetist (CRNA) Office Visit Costs","description":"Returns certified registered nurse anesthetist (crna) office visit costs per zip code for new and established patients.","keyword":["Certified Registered Nurse Anesthetist (CRNA)"],"issued":"2024-08-05","modified":"2024-08-05","released":"2024-08-08","distribution":[{"@type":"dcat:Distribution","downloadURL":"https:\\/\\/data.cms.gov\\/provider-data\\/sites\\/default\\/files\\/resources\\/d3cc3cf2d04ccd5dc696abc182658f85_1722902717\\/Certified_Registered_Nurse_Anesthetist_CRNA.csv","mediaType":"text\\/csv","title":"Certified_Registered_Nurse_Anesthetist_CRNA.csv"}],"landingPage":"https:\\/\\/data.medicare.gov\\/provider-data\\/dataset\\/3a83-ee2d","theme":["Physician office visit costs"],"accessLevel":"public","bureauCode":["009:38"],"contactPoint":{"@type":"vcard:Contact","fn":"PPL Dataset","hasEmail":"mailto:PPL_Dataset@cms.hhs.gov"},"publisher":{"@type":"org:Organization","name":"Centers for Medicare \\u0026 Medicaid Services (CMS)"},"programCode":["009:000"]},{"@type":"dcat:Dataset","identifier":"98d4-0871","title":"Clinic or Group Practice Office Visit Costs","description":"Returns clinic or group practice office visit costs per zip code for new and established patients.","keyword":["Clinic or Group Practice"],"issued":"2024-08-05","modified":"2024-08-05","released":"2024-08-08","distribution":[{"@type":"dcat:Distribution","downloadURL":"https:\\/\\/data.cms.gov\\/provider-data\\/sites\\/default\\/files\\/resources\\/473f702e3bdcf3136e20157ea8561853_1722902717\\/Clinic_or_Group_Practice.csv","mediaType":"text\\/csv","title":"Clinic_or_Group_Practice.csv"}],"landingPage":"https:\\/\\/data.medicare.gov\\/provider-data\\/dataset\\/98d4-0871","theme":["Physician office visit costs"],"accessLevel":"public","bureauCode":["009:38"],"contactPoint":{"@type":"vcard:Contact","fn":"PPL Dataset","hasEmail":"mailto:PPL_Dataset@cms.hhs.gov"},"publisher":{"@type":"org:Organization","name":"Centers for Medicare \\u0026 Medicaid Services (CMS)"},"programCode":["009:000"]},{"@type":"dcat:Dataset","identifier":"94f7-ab53","title":"Clinical Cardiac Electrophysiology Office Visit Costs","description":"Returns clinical cardiac electrophysiology office visit costs per zip code for new and established patients.","keyword":["Clinical Cardiac Electrophysiology"],"issued":"2024-08-05","modified":"2024-08-05","released":"2024-08-08","distribution":[{"@type":"dcat:Distribution","downloadURL":"https:\\/\\/data.cms.gov\\/provider-data\\/sites\\/default\\/files\\/resources\\/1a50aa4384acd6138ec8312c851b91fb_1722902718\\/Clinical_Cardiac_Electrophysiology.csv","mediaType":"text\\/csv","title":"Clinical_Cardiac_Electrophysiology.csv"}],"landingPage":"https:\\/\\/data.medicare.gov\\/provider-data\\/dataset\\/94f7-ab53","theme":["Physician office visit costs"],"accessLevel":"public","bureauCode":["009:38"],"contactPoint":{"@type":"vcard:Contact","fn":"PPL Dataset","hasEmail":"mailto:PPL_Dataset@cms.hhs.gov"},"publisher":{"@type":"org:Organization","name":"Centers for Medicare \\u0026 Medicaid Services (CMS)"},"programCode":["009:000"]},{"@type":"dcat:Dataset","identifier":"adba-1d45","title":"Clinical Laboratory Office Visit Costs","description":"Returns clinical laboratory office visit costs per zip code for new and established patients.","keyword":["Clinical Laboratory"],"issued":"2024-08-05","modified":"2024-08-05","released":"2024-08-08","distribution":[{"@type":"dcat:Distribution","downloadURL":"https:\\/\\/data.cms.gov\\/provider-data\\/sites\\/default\\/files\\/resources\\/8321aa019ab9c5279adae26ec5cc37af_1722902719\\/Clinical_Laboratory.csv","mediaType":"text\\/csv","title":"Clinical_Laboratory.csv"}],"landingPage":"https:\\/\\/data.medicare.gov\\/provider-data\\/dataset\\/adba-1d45","theme":["Physician office visit costs"],"accessLevel":"public","bureauCode":["009:38"],"contactPoint":{"@type":"vcard:Contact","fn":"PPL Dataset","hasEmail":"mailto:PPL_Dataset@cms.hhs.gov"},"publisher":{"@type":"org:Organization","name":"Centers for Medicare \\u0026 Medicaid Services (CMS)"},"programCode":["009:000"]},{"@type":"dcat:Dataset","identifier":"bd7d-078a","title":"Colorectal Surgery (Proctology) Office Visit Costs","description":"Returns colorectal surgery (proctology) office visit costs per zip code for new and established patients.","keyword":["Colorectal Surgery (Proctology)"],"issued":"2024-08-05","modified":"2024-08-05","released":"2024-08-08","distribution":[{"@type":"dcat:Distribution","downloadURL":"https:\\/\\/data.cms.gov\\/provider-data\\/sites\\/default\\/files\\/resources\\/9410a43e6a0602517d74b3a8a61f4cce_1722902720\\/Colorectal_Surgery_Proctology.csv","mediaType":"text\\/csv","title":"Colorectal_Surgery_Proctology.csv"}],"landingPage":"https:\\/\\/data.medicare.gov\\/provider-data\\/dataset\\/bd7d-078a","theme":["Physician office visit costs"],"accessLevel":"public","bureauCode":["009:38"],"contactPoint":{"@type":"vcard:Contact","fn":"PPL Dataset","hasEmail":"mailto:PPL_Dataset@cms.hhs.gov"},"publisher":{"@type":"org:Organization","name":"Centers for Medicare \\u0026 Medicaid Services (CMS)"},"programCode":["009:000"]},{"@type":"dcat:Dataset","identifier":"c8a8-342e","title":"Critical Care (Intensivists) Office Visit Costs","description":"Returns critical care (intensivists) office visit costs per zip code for new and established patients.","keyword":["Critical Care (Intensivists)"],"issued":"2024-08-05","modified":"2024-08-05","released":"2024-08-08","distribution":[{"@type":"dcat:Distribution","downloadURL":"https:\\/\\/data.cms.gov\\/provider-data\\/sites\\/default\\/files\\/resources\\/e5c72925603621ced4c80432cc3bc8fb_1722902721\\/Critical_Care_Intensivists.csv","mediaType":"text\\/csv","title":"Critical_Care_Intensivists.csv"}],"landingPage":"https:\\/\\/data.medicare.gov\\/provider-data\\/dataset\\/c8a8-342e","theme":["Physician office visit costs"],"accessLevel":"public","bureauCode":["009:38"],"contactPoint":{"@type":"vcard:Contact","fn":"PPL Dataset","hasEmail":"mailto:PPL_Dataset@cms.hhs.gov"},"publisher":{"@type":"org:Organization","name":"Centers for Medicare \\u0026 Medicaid Services (CMS)"},"programCode":["009:000"]},{"@type":"dcat:Dataset","identifier":"32d8-3235","title":"Dentist Office Visit Costs","description":"Returns dentist office visit costs per zip code for new and established patients.","keyword":["Dentist"],"issued":"2024-08-05","modified":"2024-08-05","released":"2024-08-08","distribution":[{"@type":"dcat:Distribution","downloadURL":"https:\\/\\/data.cms.gov\\/provider-data\\/sites\\/default\\/files\\/resources\\/43981be93f4eec32cd9ec2e77f529fa6_1722902721\\/Dentist.csv","mediaType":"text\\/csv","title":"Dentist.csv"}],"landingPage":"https:\\/\\/data.medicare.gov\\/provider-data\\/dataset\\/32d8-3235","theme":["Physician office visit costs"],"accessLevel":"public","bureauCode":["009:38"],"contactPoint":{"@type":"vcard:Contact","fn":"PPL Dataset","hasEmail":"mailto:PPL_Dataset@cms.hhs.gov"},"publisher":{"@type":"org:Organization","name":"Centers for Medicare \\u0026 Medicaid Services (CMS)"},"programCode":["009:000"]},{"@type":"dcat:Dataset","identifier":"d796-7f06","title":"Dermatology Office Visit Costs","description":"Returns dermatology office visit costs per zip code for new and established patients.","keyword":["Dermatology"],"issued":"2024-08-05","modified":"2024-08-05","released":"2024-08-08","distribution":[{"@type":"dcat:Distribution","downloadURL":"https:\\/\\/data.cms.gov\\/provider-data\\/sites\\/default\\/files\\/resources\\/20ea6e922a2c3ecbdf266b128a18c13a_1722902722\\/Dermatology.csv","mediaType":"text\\/csv","title":"Dermatology.csv"}],"landingPage":"https:\\/\\/data.medicare.gov\\/provider-data\\/dataset\\/d796-7f06","theme":["Physician office visit costs"],"accessLevel":"public","bureauCode":["009:38"],"contactPoint":{"@type":"vcard:Contact","fn":"PPL Dataset","hasEmail":"mailto:PPL_Dataset@cms.hhs.gov"},"publisher":{"@type":"org:Organization","name":"Centers for Medicare \\u0026 Medicaid Services (CMS)"},"programCode":["009:000"]},{"@type":"dcat:Dataset","identifier":"c14e-6492","title":"Diagnostic Radiology Office Visit Costs","description":"Returns diagnostic radiology office visit costs per zip code for new and established patients.","keyword":["Diagnostic Radiology"],"issued":"2024-08-05","modified":"2024-08-05","released":"2024-08-08","distribution":[{"@type":"dcat:Distribution","downloadURL":"https:\\/\\/data.cms.gov\\/provider-data\\/sites\\/default\\/files\\/resources\\/3fae2513816b319dc754ff9c46d5f04c_1722902723\\/Diagnostic_Radiology.csv","mediaType":"text\\/csv","title":"Diagnostic_Radiology.csv"}],"landingPage":"https:\\/\\/data.medicare.gov\\/provider-data\\/dataset\\/c14e-6492","theme":["Physician office visit costs"],"accessLevel":"public","bureauCode":["009:38"],"contactPoint":{"@type":"vcard:Contact","fn":"PPL Dataset","hasEmail":"mailto:PPL_Dataset@cms.hhs.gov"},"publisher":{"@type":"org:Organization","name":"Centers for Medicare \\u0026 Medicaid Services (CMS)"},"programCode":["009:000"]},{"@type":"dcat:Dataset","identifier":"6b8f-5372","title":"Emergency Medicine Office Visit Costs","description":"Returns emergency medicine office visit costs per zip code for new and established patients.","keyword":["Emergency Medicine"],"issued":"2024-08-05","modified":"2024-08-05","released":"2024-08-08","distribution":[{"@type":"dcat:Distribution","downloadURL":"https:\\/\\/data.cms.gov\\/provider-data\\/sites\\/default\\/files\\/resources\\/3afc3d414b2fadb494f6270749bdd417_1722902724\\/Emergency_Medicine.csv","mediaType":"text\\/csv","title":"Emergency_Medicine.csv"}],"landingPage":"https:\\/\\/data.medicare.gov\\/provider-data\\/dataset\\/6b8f-5372","theme":["Physician office visit costs"],"accessLevel":"public","bureauCode":["009:38"],"contactPoint":{"@type":"vcard:Contact","fn":"PPL Dataset","hasEmail":"mailto:PPL_Dataset@cms.hhs.gov"},"publisher":{"@type":"org:Organization","name":"Centers for Medicare \\u0026 Medicaid Services (CMS)"},"programCode":["009:000"]},{"@type":"dcat:Dataset","identifier":"b554-ef7e","title":"Endocrinology Office Visit Costs","description":"Returns endocrinology office visit costs per zip code for new and established patients.","keyword":["Endocrinology"],"issued":"2024-08-05","modified":"2024-08-05","released":"2024-08-08","distribution":[{"@type":"dcat:Distribution","downloadURL":"https:\\/\\/data.cms.gov\\/provider-data\\/sites\\/default\\/files\\/resources\\/b22573450a1c82d4c22c7df6da1c19ac_1722902725\\/Endocrinology.csv","mediaType":"text\\/csv","title":"Endocrinology.csv"}],"landingPage":"https:\\/\\/data.medicare.gov\\/provider-data\\/dataset\\/b554-ef7e","theme":["Physician office visit costs"],"accessLevel":"public","bureauCode":["009:38"],"contactPoint":{"@type":"vcard:Contact","fn":"PPL Dataset","hasEmail":"mailto:PPL_Dataset@cms.hhs.gov"},"publisher":{"@type":"org:Organization","name":"Centers for Medicare \\u0026 Medicaid Services (CMS)"},"programCode":["009:000"]},{"@type":"dcat:Dataset","identifier":"bb4c-dcdf","title":"Family Practice Office Visit Costs","description":"Returns family practice office visit costs per zip code for new and established patients.","keyword":["Family Practice"],"issued":"2024-08-05","modified":"2024-08-05","released":"2024-08-08","distribution":[{"@type":"dcat:Distribution","downloadURL":"https:\\/\\/data.cms.gov\\/provider-data\\/sites\\/default\\/files\\/resources\\/1cf8d8955d98968aa0cd5afbfad8cb0b_1722902725\\/Family_Practice.csv","mediaType":"text\\/csv","title":"Family_Practice.csv"}],"landingPage":"https:\\/\\/data.medicare.gov\\/provider-data\\/dataset\\/bb4c-dcdf","theme":["Physician office visit costs"],"accessLevel":"public","bureauCode":["009:38"],"contactPoint":{"@type":"vcard:Contact","fn":"PPL Dataset","hasEmail":"mailto:PPL_Dataset@cms.hhs.gov"},"publisher":{"@type":"org:Organization","name":"Centers for Medicare \\u0026 Medicaid Services (CMS)"},"programCode":["009:000"]},{"@type":"dcat:Dataset","identifier":"501b-ecd4","title":"Gastroenterology Office Visit Costs","description":"Returns gastroenterology office visit costs per zip code for new and established patients.","keyword":["Gastroenterology"],"issued":"2024-08-05","modified":"2024-08-05","released":"2024-08-08","distribution":[{"@type":"dcat:Distribution","downloadURL":"https:\\/\\/data.cms.gov\\/provider-data\\/sites\\/default\\/files\\/resources\\/7fe17b7747df29ef2a791aada41c7be9_1722902726\\/Gastroenterology.csv","mediaType":"text\\/csv","title":"Gastroenterology.csv"}],"landingPage":"https:\\/\\/data.medicare.gov\\/provider-data\\/dataset\\/501b-ecd4","theme":["Physician office visit costs"],"accessLevel":"public","bureauCode":["009:38"],"contactPoint":{"@type":"vcard:Contact","fn":"PPL Dataset","hasEmail":"mailto:PPL_Dataset@cms.hhs.gov"},"publisher":{"@type":"org:Organization","name":"Centers for Medicare \\u0026 Medicaid Services (CMS)"},"programCode":["009:000"]},{"@type":"dcat:Dataset","identifier":"2e55-8767","title":"General Practice Office Visit Costs","description":"Returns general practice office visit costs per zip code for new and established patients.","keyword":["General Practice"],"issued":"2024-08-05","modified":"2024-08-05","released":"2024-08-08","distribution":[{"@type":"dcat:Distribution","downloadURL":"https:\\/\\/data.cms.gov\\/provider-data\\/sites\\/default\\/files\\/resources\\/239bc18fb11181b325f33336b1dba6e6_1722902727\\/General_Practice.csv","mediaType":"text\\/csv","title":"General_Practice.csv"}],"landingPage":"https:\\/\\/data.medicare.gov\\/provider-data\\/dataset\\/2e55-8767","theme":["Physician office visit costs"],"accessLevel":"public","bureauCode":["009:38"],"contactPoint":{"@type":"vcard:Contact","fn":"PPL Dataset","hasEmail":"mailto:PPL_Dataset@cms.hhs.gov"},"publisher":{"@type":"org:Organization","name":"Centers for Medicare \\u0026 Medicaid Services (CMS)"},"programCode":["009:000"]},{"@type":"dcat:Dataset","identifier":"fbfb-4b94","title":"General Surgery Office Visit Costs","description":"Returns general surgery office visit costs per zip code for new and established patients.","keyword":["General Surgery"],"issued":"2024-08-05","modified":"2024-08-05","released":"2024-08-08","distribution":[{"@type":"dcat:Distribution","downloadURL":"https:\\/\\/data.cms.gov\\/provider-data\\/sites\\/default\\/files\\/resources\\/fe6e0255998e3bfe1f55e66be97f2e4c_1722902728\\/General_Surgery.csv","mediaType":"text\\/csv","title":"General_Surgery.csv"}],"landingPage":"https:\\/\\/data.medicare.gov\\/provider-data\\/dataset\\/fbfb-4b94","theme":["Physician office visit costs"],"accessLevel":"public","bureauCode":["009:38"],"contactPoint":{"@type":"vcard:Contact","fn":"PPL Dataset","hasEmail":"mailto:PPL_Dataset@cms.hhs.gov"},"publisher":{"@type":"org:Organization","name":"Centers for Medicare \\u0026 Medicaid Services (CMS)"},"programCode":["009:000"]},{"@type":"dcat:Dataset","identifier":"bce0-b5db","title":"Geriatric Medicine Office Visit Costs","description":"Returns geriatric medicine office visit costs per zip code for new and established patients.","keyword":["Geriatric Medicine"],"issued":"2024-08-05","modified":"2024-08-05","released":"2024-08-08","distribution":[{"@type":"dcat:Distribution","downloadURL":"https:\\/\\/data.cms.gov\\/provider-data\\/sites\\/default\\/files\\/resources\\/56512463c9cd930d1784bab94fb7e116_1722902729\\/Geriatric_Medicine.csv","mediaType":"text\\/csv","title":"Geriatric_Medicine.csv"}],"landingPage":"https:\\/\\/data.medicare.gov\\/provider-data\\/dataset\\/bce0-b5db","theme":["Physician office visit costs"],"accessLevel":"public","bureauCode":["009:38"],"contactPoint":{"@type":"vcard:Contact","fn":"PPL Dataset","hasEmail":"mailto:PPL_Dataset@cms.hhs.gov"},"publisher":{"@type":"org:Organization","name":"Centers for Medicare \\u0026 Medicaid Services (CMS)"},"programCode":["009:000"]},{"@type":"dcat:Dataset","identifier":"0f37-cab0","title":"Geriatric Psychiatry Office Visit Costs","description":"Returns geriatric psychiatry office visit costs per zip code for new and established patients.","keyword":["Geriatric Psychiatry"],"issued":"2024-08-05","modified":"2024-08-05","released":"2024-08-08","distribution":[{"@type":"dcat:Distribution","downloadURL":"https:\\/\\/data.cms.gov\\/provider-data\\/sites\\/default\\/files\\/resources\\/59736d82eced8f7c476767731d285041_1722902729\\/Geriatric_Psychiatry.csv","mediaType":"text\\/csv","title":"Geriatric_Psychiatry.csv"}],"landingPage":"https:\\/\\/data.medicare.gov\\/provider-data\\/dataset\\/0f37-cab0","theme":["Physician office visit costs"],"accessLevel":"public","bureauCode":["009:38"],"contactPoint":{"@type":"vcard:Contact","fn":"PPL Dataset","hasEmail":"mailto:PPL_Dataset@cms.hhs.gov"},"publisher":{"@type":"org:Organization","name":"Centers for Medicare \\u0026 Medicaid Services (CMS)"},"programCode":["009:000"]},{"@type":"dcat:Dataset","identifier":"e84d-d357","title":"Gynecological Oncology Office Visit Costs","description":"Returns gynecological oncology office visit costs per zip code for new and established patients.","keyword":["Gynecological Oncology"],"issued":"2024-08-05","modified":"2024-08-05","released":"2024-08-08","distribution":[{"@type":"dcat:Distribution","downloadURL":"https:\\/\\/data.cms.gov\\/provider-data\\/sites\\/default\\/files\\/resources\\/886e56a8813d4e143c15e52072bf2c32_1722902730\\/Gynecological_Oncology.csv","mediaType":"text\\/csv","title":"Gynecological_Oncology.csv"}],"landingPage":"https:\\/\\/data.medicare.gov\\/provider-data\\/dataset\\/e84d-d357","theme":["Physician office visit costs"],"accessLevel":"public","bureauCode":["009:38"],"contactPoint":{"@type":"vcard:Contact","fn":"PPL Dataset","hasEmail":"mailto:PPL_Dataset@cms.hhs.gov"},"publisher":{"@type":"org:Organization","name":"Centers for Medicare \\u0026 Medicaid Services (CMS)"},"programCode":["009:000"]},{"@type":"dcat:Dataset","identifier":"c44d-bde6","title":"Hand Surgery Office Visit Costs","description":"Returns hand surgery office visit costs per zip code for new and established patients.","keyword":["Hand Surgery"],"issued":"2024-08-05","modified":"2024-08-05","released":"2024-08-08","distribution":[{"@type":"dcat:Distribution","downloadURL":"https:\\/\\/data.cms.gov\\/provider-data\\/sites\\/default\\/files\\/resources\\/6fbe2bcd4ffd11573c46ea2095647f85_1722902731\\/Hand_Surgery.csv","mediaType":"text\\/csv","title":"Hand_Surgery.csv"}],"landingPage":"https:\\/\\/data.medicare.gov\\/provider-data\\/dataset\\/c44d-bde6","theme":["Physician office visit costs"],"accessLevel":"public","bureauCode":["009:38"],"contactPoint":{"@type":"vcard:Contact","fn":"PPL Dataset","hasEmail":"mailto:PPL_Dataset@cms.hhs.gov"},"publisher":{"@type":"org:Organization","name":"Centers for Medicare \\u0026 Medicaid Services (CMS)"},"programCode":["009:000"]},{"@type":"dcat:Dataset","identifier":"e1a1-c9b4","title":"Hematology Office Visit Costs","description":"Returns hematology office visit costs per zip code for new and established patients.","keyword":["Hematology"],"issued":"2024-08-05","modified":"2024-08-05","released":"2024-08-08","distribution":[{"@type":"dcat:Distribution","downloadURL":"https:\\/\\/data.cms.gov\\/provider-data\\/sites\\/default\\/files\\/resources\\/33d996d60460ce345f0d633ff29ffbec_1722902732\\/Hematology.csv","mediaType":"text\\/csv","title":"Hematology.csv"}],"landingPage":"https:\\/\\/data.medicare.gov\\/provider-data\\/dataset\\/e1a1-c9b4","theme":["Physician office visit costs"],"accessLevel":"public","bureauCode":["009:38"],"contactPoint":{"@type":"vcard:Contact","fn":"PPL Dataset","hasEmail":"mailto:PPL_Dataset@cms.hhs.gov"},"publisher":{"@type":"org:Organization","name":"Centers for Medicare \\u0026 Medicaid Services (CMS)"},"programCode":["009:000"]},{"@type":"dcat:Dataset","identifier":"2483-f62b","title":"Hematology-Oncology Office Visit Costs","description":"Returns hematology-oncology office visit costs per zip code for new and established patients.","keyword":["Hematology-Oncology"],"issued":"2024-08-05","modified":"2024-08-05","released":"2024-08-08","distribution":[{"@type":"dcat:Distribution","downloadURL":"https:\\/\\/data.cms.gov\\/provider-data\\/sites\\/default\\/files\\/resources\\/71e4cd38ccf7eb277a19ccacbdc08001_1722902733\\/Hematology_Oncology.csv","mediaType":"text\\/csv","title":"Hematology_Oncology.csv"}],"landingPage":"https:\\/\\/data.medicare.gov\\/provider-data\\/dataset\\/2483-f62b","theme":["Physician office visit costs"],"accessLevel":"public","bureauCode":["009:38"],"contactPoint":{"@type":"vcard:Contact","fn":"PPL Dataset","hasEmail":"mailto:PPL_Dataset@cms.hhs.gov"},"publisher":{"@type":"org:Organization","name":"Centers for Medicare \\u0026 Medicaid Services (CMS)"},"programCode":["009:000"]},{"@type":"dcat:Dataset","identifier":"d150-d141","title":"Hematopoietic Cell Transplantation and Cellular Therapy Office Visit Costs","description":"Returns hematopoietic cell transplantation and cellular therapy office visit costs per zip code for new and established patients.","keyword":["Hematopoietic Cell Transplantation and Cellular Therapy"],"issued":"2024-08-05","modified":"2024-08-05","released":"2024-08-08","distribution":[{"@type":"dcat:Distribution","downloadURL":"https:\\/\\/data.cms.gov\\/provider-data\\/sites\\/default\\/files\\/resources\\/cf5cc3da63e3131d2f91a97dafd5e6ba_1722902733\\/Hematopoietic_Cell_Transplantation_and_Cellular_Therapy.csv","mediaType":"text\\/csv","title":"Hematopoietic_Cell_Transplantation_and_Cellular_Therapy.csv"}],"landingPage":"https:\\/\\/data.medicare.gov\\/provider-data\\/dataset\\/d150-d141","theme":["Physician office visit costs"],"accessLevel":"public","bureauCode":["009:38"],"contactPoint":{"@type":"vcard:Contact","fn":"PPL Dataset","hasEmail":"mailto:PPL_Dataset@cms.hhs.gov"},"publisher":{"@type":"org:Organization","name":"Centers for Medicare \\u0026 Medicaid Services (CMS)"},"programCode":["009:000"]},{"@type":"dcat:Dataset","identifier":"0ddf-4325","title":"Hospice and Palliative Care Office Visit Costs","description":"Returns hospice and palliative care office visit costs per zip code for new and established patients.","keyword":["Hospice and Palliative Care"],"issued":"2024-08-05","modified":"2024-08-05","released":"2024-08-08","distribution":[{"@type":"dcat:Distribution","downloadURL":"https:\\/\\/data.cms.gov\\/provider-data\\/sites\\/default\\/files\\/resources\\/1b686eb1b0d9d32c656ab6751b38a61d_1722902734\\/Hospice_and_Palliative_Care.csv","mediaType":"text\\/csv","title":"Hospice_and_Palliative_Care.csv"}],"landingPage":"https:\\/\\/data.medicare.gov\\/provider-data\\/dataset\\/0ddf-4325","theme":["Physician office visit costs"],"accessLevel":"public","bureauCode":["009:38"],"contactPoint":{"@type":"vcard:Contact","fn":"PPL Dataset","hasEmail":"mailto:PPL_Dataset@cms.hhs.gov"},"publisher":{"@type":"org:Organization","name":"Centers for Medicare \\u0026 Medicaid Services (CMS)"},"programCode":["009:000"]},{"@type":"dcat:Dataset","identifier":"a0cb-cdab","title":"Hospitalist Office Visit Costs","description":"Returns hospitalist office visit costs per zip code for new and established patients.","keyword":["Hospitalist"],"issued":"2024-08-05","modified":"2024-08-05","released":"2024-08-08","distribution":[{"@type":"dcat:Distribution","downloadURL":"https:\\/\\/data.cms.gov\\/provider-data\\/sites\\/default\\/files\\/resources\\/c4108689fb48c020be17efd2697fc7f6_1722902735\\/Hospitalist.csv","mediaType":"text\\/csv","title":"Hospitalist.csv"}],"landingPage":"https:\\/\\/data.medicare.gov\\/provider-data\\/dataset\\/a0cb-cdab","theme":["Physician office visit costs"],"accessLevel":"public","bureauCode":["009:38"],"contactPoint":{"@type":"vcard:Contact","fn":"PPL Dataset","hasEmail":"mailto:PPL_Dataset@cms.hhs.gov"},"publisher":{"@type":"org:Organization","name":"Centers for Medicare \\u0026 Medicaid Services (CMS)"},"programCode":["009:000"]},{"@type":"dcat:Dataset","identifier":"e2bb-d371","title":"Infectious Disease Office Visit Costs","description":"Returns infectious disease office visit costs per zip code for new and established patients.","keyword":["Infectious Disease"],"issued":"2024-08-05","modified":"2024-08-05","released":"2024-08-08","distribution":[{"@type":"dcat:Distribution","downloadURL":"https:\\/\\/data.cms.gov\\/provider-data\\/sites\\/default\\/files\\/resources\\/0eb216351ab21b17ed8229dd0a1b30e9_1722902736\\/Infectious_Disease.csv","mediaType":"text\\/csv","title":"Infectious_Disease.csv"}],"landingPage":"https:\\/\\/data.medicare.gov\\/provider-data\\/dataset\\/e2bb-d371","theme":["Physician office visit costs"],"accessLevel":"public","bureauCode":["009:38"],"contactPoint":{"@type":"vcard:Contact","fn":"PPL Dataset","hasEmail":"mailto:PPL_Dataset@cms.hhs.gov"},"publisher":{"@type":"org:Organization","name":"Centers for Medicare \\u0026 Medicaid Services (CMS)"},"programCode":["009:000"]},{"@type":"dcat:Dataset","identifier":"9735-7176","title":"Internal Medicine Office Visit Costs","description":"Returns internal medicine office visit costs per zip code for new and established patients.","keyword":["Internal Medicine"],"issued":"2024-08-05","modified":"2024-08-05","released":"2024-08-08","distribution":[{"@type":"dcat:Distribution","downloadURL":"https:\\/\\/data.cms.gov\\/provider-data\\/sites\\/default\\/files\\/resources\\/7503fbb67cc6ded55f58c46c0f2a40d1_1722902737\\/Internal_Medicine.csv","mediaType":"text\\/csv","title":"Internal_Medicine.csv"}],"landingPage":"https:\\/\\/data.medicare.gov\\/provider-data\\/dataset\\/9735-7176","theme":["Physician office visit costs"],"accessLevel":"public","bureauCode":["009:38"],"contactPoint":{"@type":"vcard:Contact","fn":"PPL Dataset","hasEmail":"mailto:PPL_Dataset@cms.hhs.gov"},"publisher":{"@type":"org:Organization","name":"Centers for Medicare \\u0026 Medicaid Services (CMS)"},"programCode":["009:000"]},{"@type":"dcat:Dataset","identifier":"6787-a1bf","title":"Interventional Cardiology Office Visit Costs","description":"Returns interventional cardiology office visit costs per zip code for new and established patients.","keyword":["Interventional Cardiology"],"issued":"2024-08-05","modified":"2024-08-05","released":"2024-08-08","distribution":[{"@type":"dcat:Distribution","downloadURL":"https:\\/\\/data.cms.gov\\/provider-data\\/sites\\/default\\/files\\/resources\\/7f5c14167d7a3e381aa0cb11fabaf49e_1722902737\\/Interventional_Cardiology.csv","mediaType":"text\\/csv","title":"Interventional_Cardiology.csv"}],"landingPage":"https:\\/\\/data.medicare.gov\\/provider-data\\/dataset\\/6787-a1bf","theme":["Physician office visit costs"],"accessLevel":"public","bureauCode":["009:38"],"contactPoint":{"@type":"vcard:Contact","fn":"PPL Dataset","hasEmail":"mailto:PPL_Dataset@cms.hhs.gov"},"publisher":{"@type":"org:Organization","name":"Centers for Medicare \\u0026 Medicaid Services (CMS)"},"programCode":["009:000"]},{"@type":"dcat:Dataset","identifier":"b06f-0828","title":"Interventional Pain Management Office Visit Costs","description":"Returns interventional pain management office visit costs per zip code for new and established patients.","keyword":["Interventional Pain Management"],"issued":"2024-08-05","modified":"2024-08-05","released":"2024-08-08","distribution":[{"@type":"dcat:Distribution","downloadURL":"https:\\/\\/data.cms.gov\\/provider-data\\/sites\\/default\\/files\\/resources\\/17032774578501a30d0fdcc48e19dca4_1722902738\\/Interventional_Pain_Management.csv","mediaType":"text\\/csv","title":"Interventional_Pain_Management.csv"}],"landingPage":"https:\\/\\/data.medicare.gov\\/provider-data\\/dataset\\/b06f-0828","theme":["Physician office visit costs"],"accessLevel":"public","bureauCode":["009:38"],"contactPoint":{"@type":"vcard:Contact","fn":"PPL Dataset","hasEmail":"mailto:PPL_Dataset@cms.hhs.gov"},"publisher":{"@type":"org:Organization","name":"Centers for Medicare \\u0026 Medicaid Services (CMS)"},"programCode":["009:000"]},{"@type":"dcat:Dataset","identifier":"b9bf-6883","title":"Interventional Radiology Office Visit Costs","description":"Returns interventional radiology office visit costs per zip code for new and established patients.","keyword":["Interventional Radiology"],"issued":"2024-08-05","modified":"2024-08-05","released":"2024-08-08","distribution":[{"@type":"dcat:Distribution","downloadURL":"https:\\/\\/data.cms.gov\\/provider-data\\/sites\\/default\\/files\\/resources\\/41094211ed2d2bce6490200a4f7c3516_1722902739\\/Interventional_Radiology.csv","mediaType":"text\\/csv","title":"Interventional_Radiology.csv"}],"landingPage":"https:\\/\\/data.medicare.gov\\/provider-data\\/dataset\\/b9bf-6883","theme":["Physician office visit costs"],"accessLevel":"public","bureauCode":["009:38"],"contactPoint":{"@type":"vcard:Contact","fn":"PPL Dataset","hasEmail":"mailto:PPL_Dataset@cms.hhs.gov"},"publisher":{"@type":"org:Organization","name":"Centers for Medicare \\u0026 Medicaid Services (CMS)"},"programCode":["009:000"]},{"@type":"dcat:Dataset","identifier":"86e1-d1d1","title":"Maxillofacial Surgery Office Visit Costs","description":"Returns maxillofacial surgery office visit costs per zip code for new and established patients.","keyword":["Maxillofacial Surgery"],"issued":"2024-08-05","modified":"2024-08-05","released":"2024-08-08","distribution":[{"@type":"dcat:Distribution","downloadURL":"https:\\/\\/data.cms.gov\\/provider-data\\/sites\\/default\\/files\\/resources\\/ecdd7ff7cd20fb0508f959ebeb3e77c8_1722902741\\/Maxillofacial_Surgery.csv","mediaType":"text\\/csv","title":"Maxillofacial_Surgery.csv"}],"landingPage":"https:\\/\\/data.medicare.gov\\/provider-data\\/dataset\\/86e1-d1d1","theme":["Physician office visit costs"],"accessLevel":"public","bureauCode":["009:38"],"contactPoint":{"@type":"vcard:Contact","fn":"PPL Dataset","hasEmail":"mailto:PPL_Dataset@cms.hhs.gov"},"publisher":{"@type":"org:Organization","name":"Centers for Medicare \\u0026 Medicaid Services (CMS)"},"programCode":["009:000"]},{"@type":"dcat:Dataset","identifier":"5d65-6dcf","title":"Medical Oncology Office Visit Costs","description":"Returns medical oncology office visit costs per zip code for new and established patients.","keyword":["Medical Oncology"],"issued":"2024-08-05","modified":"2024-08-05","released":"2024-08-08","distribution":[{"@type":"dcat:Distribution","downloadURL":"https:\\/\\/data.cms.gov\\/provider-data\\/sites\\/default\\/files\\/resources\\/afdb4b3e1e1a1fc23a4ee3a5ec22f1df_1722902742\\/Medical_Oncology.csv","mediaType":"text\\/csv","title":"Medical_Oncology.csv"}],"landingPage":"https:\\/\\/data.medicare.gov\\/provider-data\\/dataset\\/5d65-6dcf","theme":["Physician office visit costs"],"accessLevel":"public","bureauCode":["009:38"],"contactPoint":{"@type":"vcard:Contact","fn":"PPL Dataset","hasEmail":"mailto:PPL_Dataset@cms.hhs.gov"},"publisher":{"@type":"org:Organization","name":"Centers for Medicare \\u0026 Medicaid Services (CMS)"},"programCode":["009:000"]},{"@type":"dcat:Dataset","identifier":"9b4a-75d5","title":"Medical Toxicology Office Visit Costs","description":"Returns medical toxicology office visit costs per zip code for new and established patients.","keyword":["Medical Toxicology"],"issued":"2024-08-05","modified":"2024-08-05","released":"2024-08-08","distribution":[{"@type":"dcat:Distribution","downloadURL":"https:\\/\\/data.cms.gov\\/provider-data\\/sites\\/default\\/files\\/resources\\/376d83aa6b33b0dd94bb62dcae41158e_1722902743\\/Medical_Toxicology.csv","mediaType":"text\\/csv","title":"Medical_Toxicology.csv"}],"landingPage":"https:\\/\\/data.medicare.gov\\/provider-data\\/dataset\\/9b4a-75d5","theme":["Physician office visit costs"],"accessLevel":"public","bureauCode":["009:38"],"contactPoint":{"@type":"vcard:Contact","fn":"PPL Dataset","hasEmail":"mailto:PPL_Dataset@cms.hhs.gov"},"publisher":{"@type":"org:Organization","name":"Centers for Medicare \\u0026 Medicaid Services (CMS)"},"programCode":["009:000"]},{"@type":"dcat:Dataset","identifier":"0938-3dfa","title":"Nephrology Office Visit Costs","description":"Returns nephrology office visit costs per zip code for new and established patients.","keyword":["Nephrology"],"issued":"2024-08-05","modified":"2024-08-05","released":"2024-08-08","distribution":[{"@type":"dcat:Distribution","downloadURL":"https:\\/\\/data.cms.gov\\/provider-data\\/sites\\/default\\/files\\/resources\\/f944fb96af37547f2d329cfc84c18eeb_1722902744\\/Nephrology.csv","mediaType":"text\\/csv","title":"Nephrology.csv"}],"landingPage":"https:\\/\\/data.medicare.gov\\/provider-data\\/dataset\\/0938-3dfa","theme":["Physician office visit costs"],"accessLevel":"public","bureauCode":["009:38"],"contactPoint":{"@type":"vcard:Contact","fn":"PPL Dataset","hasEmail":"mailto:PPL_Dataset@cms.hhs.gov"},"publisher":{"@type":"org:Organization","name":"Centers for Medicare \\u0026 Medicaid Services (CMS)"},"programCode":["009:000"]},{"@type":"dcat:Dataset","identifier":"8c8a-b911","title":"Neurology Office Visit Costs","description":"Returns neurology office visit costs per zip code for new and established patients.","keyword":["Neurology"],"issued":"2024-08-05","modified":"2024-08-05","released":"2024-08-08","distribution":[{"@type":"dcat:Distribution","downloadURL":"https:\\/\\/data.cms.gov\\/provider-data\\/sites\\/default\\/files\\/resources\\/c98e12cf0e3da619eea0c351397aa5df_1722902745\\/Neurology.csv","mediaType":"text\\/csv","title":"Neurology.csv"}],"landingPage":"https:\\/\\/data.medicare.gov\\/provider-data\\/dataset\\/8c8a-b911","theme":["Physician office visit costs"],"accessLevel":"public","bureauCode":["009:38"],"contactPoint":{"@type":"vcard:Contact","fn":"PPL Dataset","hasEmail":"mailto:PPL_Dataset@cms.hhs.gov"},"publisher":{"@type":"org:Organization","name":"Centers for Medicare \\u0026 Medicaid Services (CMS)"},"programCode":["009:000"]},{"@type":"dcat:Dataset","identifier":"0b1a-da3f","title":"Neuropsychiatry Office Visit Costs","description":"Returns neuropsychiatry office visit costs per zip code for new and established patients.","keyword":["Neuropsychiatry"],"issued":"2024-08-05","modified":"2024-08-05","released":"2024-08-08","distribution":[{"@type":"dcat:Distribution","downloadURL":"https:\\/\\/data.cms.gov\\/provider-data\\/sites\\/default\\/files\\/resources\\/f9c31cc9360a72f0ee53f6f12808fa1a_1722902746\\/Neuropsychiatry.csv","mediaType":"text\\/csv","title":"Neuropsychiatry.csv"}],"landingPage":"https:\\/\\/data.medicare.gov\\/provider-data\\/dataset\\/0b1a-da3f","theme":["Physician office visit costs"],"accessLevel":"public","bureauCode":["009:38"],"contactPoint":{"@type":"vcard:Contact","fn":"PPL Dataset","hasEmail":"mailto:PPL_Dataset@cms.hhs.gov"},"publisher":{"@type":"org:Organization","name":"Centers for Medicare \\u0026 Medicaid Services (CMS)"},"programCode":["009:000"]},{"@type":"dcat:Dataset","identifier":"f90c-2246","title":"Neurosurgery Office Visit Costs","description":"Returns neurosurgery office visit costs per zip code for new and established patients.","keyword":["Neurosurgery"],"issued":"2024-08-05","modified":"2024-08-05","released":"2024-08-08","distribution":[{"@type":"dcat:Distribution","downloadURL":"https:\\/\\/data.cms.gov\\/provider-data\\/sites\\/default\\/files\\/resources\\/6cc23cdee4b9348aa38d5287b07f27cf_1722902747\\/Neurosurgery.csv","mediaType":"text\\/csv","title":"Neurosurgery.csv"}],"landingPage":"https:\\/\\/data.medicare.gov\\/provider-data\\/dataset\\/f90c-2246","theme":["Physician office visit costs"],"accessLevel":"public","bureauCode":["009:38"],"contactPoint":{"@type":"vcard:Contact","fn":"PPL Dataset","hasEmail":"mailto:PPL_Dataset@cms.hhs.gov"},"publisher":{"@type":"org:Organization","name":"Centers for Medicare \\u0026 Medicaid Services (CMS)"},"programCode":["009:000"]},{"@type":"dcat:Dataset","identifier":"d0ce-5cad","title":"Nuclear Medicine Office Visit Costs","description":"Returns nuclear medicine office visit costs per zip code for new and established patients.","keyword":["Nuclear Medicine"],"issued":"2024-08-05","modified":"2024-08-05","released":"2024-08-08","distribution":[{"@type":"dcat:Distribution","downloadURL":"https:\\/\\/data.cms.gov\\/provider-data\\/sites\\/default\\/files\\/resources\\/31ee2cf3e0609ab6a307b7162341f05d_1722902747\\/Nuclear_Medicine.csv","mediaType":"text\\/csv","title":"Nuclear_Medicine.csv"}],"landingPage":"https:\\/\\/data.medicare.gov\\/provider-data\\/dataset\\/d0ce-5cad","theme":["Physician office visit costs"],"accessLevel":"public","bureauCode":["009:38"],"contactPoint":{"@type":"vcard:Contact","fn":"PPL Dataset","hasEmail":"mailto:PPL_Dataset@cms.hhs.gov"},"publisher":{"@type":"org:Organization","name":"Centers for Medicare \\u0026 Medicaid Services (CMS)"},"programCode":["009:000"]},{"@type":"dcat:Dataset","identifier":"57e0-2991","title":"Nurse Practitioner Office Visit Costs","description":"Returns nurse practitioner office visit costs per zip code for new and established patients.","keyword":["Nurse Practitioner"],"issued":"2024-08-05","modified":"2024-08-05","released":"2024-08-08","distribution":[{"@type":"dcat:Distribution","downloadURL":"https:\\/\\/data.cms.gov\\/provider-data\\/sites\\/default\\/files\\/resources\\/3e3bf0d958e5afffeb999e718aa2b601_1722902748\\/Nurse_Practitioner.csv","mediaType":"text\\/csv","title":"Nurse_Practitioner.csv"}],"landingPage":"https:\\/\\/data.medicare.gov\\/provider-data\\/dataset\\/57e0-2991","theme":["Physician office visit costs"],"accessLevel":"public","bureauCode":["009:38"],"contactPoint":{"@type":"vcard:Contact","fn":"PPL Dataset","hasEmail":"mailto:PPL_Dataset@cms.hhs.gov"},"publisher":{"@type":"org:Organization","name":"Centers for Medicare \\u0026 Medicaid Services (CMS)"},"programCode":["009:000"]},{"@type":"dcat:Dataset","identifier":"069d-826b","title":"Obstetrics \\u0026 Gynecology Office Visit Costs","description":"Returns obstetrics \\u0026amp; gynecology office visit costs per zip code for new and established patients.","keyword":["Obstetrics \\u0026 Gynecology"],"issued":"2024-08-05","modified":"2024-08-05","released":"2024-08-08","distribution":[{"@type":"dcat:Distribution","downloadURL":"https:\\/\\/data.cms.gov\\/provider-data\\/sites\\/default\\/files\\/resources\\/ef0e951993eefdbf3a464f5206a72d7f_1722902749\\/Obstetrics_Gynecology.csv","mediaType":"text\\/csv","title":"Obstetrics_Gynecology.csv"}],"landingPage":"https:\\/\\/data.medicare.gov\\/provider-data\\/dataset\\/069d-826b","theme":["Physician office visit costs"],"accessLevel":"public","bureauCode":["009:38"],"contactPoint":{"@type":"vcard:Contact","fn":"PPL Dataset","hasEmail":"mailto:PPL_Dataset@cms.hhs.gov"},"publisher":{"@type":"org:Organization","name":"Centers for Medicare \\u0026 Medicaid Services (CMS)"},"programCode":["009:000"]},{"@type":"dcat:Dataset","identifier":"5f44-cb84","title":"Ophthalmology Office Visit Costs","description":"Returns ophthalmology office visit costs per zip code for new and established patients.","keyword":["Ophthalmology"],"issued":"2024-08-05","modified":"2024-08-05","released":"2024-08-08","distribution":[{"@type":"dcat:Distribution","downloadURL":"https:\\/\\/data.cms.gov\\/provider-data\\/sites\\/default\\/files\\/resources\\/1f76251f0fe271e4a48b24659182c2e0_1722902750\\/Ophthalmology.csv","mediaType":"text\\/csv","title":"Ophthalmology.csv"}],"landingPage":"https:\\/\\/data.medicare.gov\\/provider-data\\/dataset\\/5f44-cb84","theme":["Physician office visit costs"],"accessLevel":"public","bureauCode":["009:38"],"contactPoint":{"@type":"vcard:Contact","fn":"PPL Dataset","hasEmail":"mailto:PPL_Dataset@cms.hhs.gov"},"publisher":{"@type":"org:Organization","name":"Centers for Medicare \\u0026 Medicaid Services (CMS)"},"programCode":["009:000"]},{"@type":"dcat:Dataset","identifier":"d640-e528","title":"Optometry Office Visit Costs","description":"Returns optometry office visit costs per zip code for new and established patients.","keyword":["Optometry"],"issued":"2024-08-05","modified":"2024-08-05","released":"2024-08-08","distribution":[{"@type":"dcat:Distribution","downloadURL":"https:\\/\\/data.cms.gov\\/provider-data\\/sites\\/default\\/files\\/resources\\/764a156bb917396a21c05b3fffdcf4c7_1722902751\\/Optometry.csv","mediaType":"text\\/csv","title":"Optometry.csv"}],"landingPage":"https:\\/\\/data.medicare.gov\\/provider-data\\/dataset\\/d640-e528","theme":["Physician office visit costs"],"accessLevel":"public","bureauCode":["009:38"],"contactPoint":{"@type":"vcard:Contact","fn":"PPL Dataset","hasEmail":"mailto:PPL_Dataset@cms.hhs.gov"},"publisher":{"@type":"org:Organization","name":"Centers for Medicare \\u0026 Medicaid Services (CMS)"},"programCode":["009:000"]},{"@type":"dcat:Dataset","identifier":"8c6b-fe40","title":"Oral Surgery (Dentist only) Office Visit Costs","description":"Returns oral surgery (dentist only) office visit costs per zip code for new and established patients.","keyword":["Oral Surgery (Dentist only)"],"issued":"2024-08-05","modified":"2024-08-05","released":"2024-08-08","distribution":[{"@type":"dcat:Distribution","downloadURL":"https:\\/\\/data.cms.gov\\/provider-data\\/sites\\/default\\/files\\/resources\\/0a2144c51d4f79043bf38585f0b4af1c_1722902752\\/Oral_Surgery_Dentist_only.csv","mediaType":"text\\/csv","title":"Oral_Surgery_Dentist_only.csv"}],"landingPage":"https:\\/\\/data.medicare.gov\\/provider-data\\/dataset\\/8c6b-fe40","theme":["Physician office visit costs"],"accessLevel":"public","bureauCode":["009:38"],"contactPoint":{"@type":"vcard:Contact","fn":"PPL Dataset","hasEmail":"mailto:PPL_Dataset@cms.hhs.gov"},"publisher":{"@type":"org:Organization","name":"Centers for Medicare \\u0026 Medicaid Services (CMS)"},"programCode":["009:000"]},{"@type":"dcat:Dataset","identifier":"c382-eab7","title":"Orthopedic Surgery Office Visit Costs","description":"Returns orthopedic surgery office visit costs per zip code for new and established patients.","keyword":["Orthopedic Surgery"],"issued":"2024-08-05","modified":"2024-08-05","released":"2024-08-08","distribution":[{"@type":"dcat:Distribution","downloadURL":"https:\\/\\/data.cms.gov\\/provider-data\\/sites\\/default\\/files\\/resources\\/576a4c5f12a959cec5419966ca112594_1722902752\\/Orthopedic_Surgery.csv","mediaType":"text\\/csv","title":"Orthopedic_Surgery.csv"}],"landingPage":"https:\\/\\/data.medicare.gov\\/provider-data\\/dataset\\/c382-eab7","theme":["Physician office visit costs"],"accessLevel":"public","bureauCode":["009:38"],"contactPoint":{"@type":"vcard:Contact","fn":"PPL Dataset","hasEmail":"mailto:PPL_Dataset@cms.hhs.gov"},"publisher":{"@type":"org:Organization","name":"Centers for Medicare \\u0026 Medicaid Services (CMS)"},"programCode":["009:000"]},{"@type":"dcat:Dataset","identifier":"8753-38d1","title":"Osteopathic Manipulative Medicine Office Visit Costs","description":"Returns osteopathic manipulative medicine office visit costs per zip code for new and established patients.","keyword":["Osteopathic Manipulative Medicine"],"issued":"2024-08-05","modified":"2024-08-05","released":"2024-08-08","distribution":[{"@type":"dcat:Distribution","downloadURL":"https:\\/\\/data.cms.gov\\/provider-data\\/sites\\/default\\/files\\/resources\\/1e06a31bf08987eb29e0e5180a75cf30_1722902753\\/Osteopathic_Manipulative_Medicine.csv","mediaType":"text\\/csv","title":"Osteopathic_Manipulative_Medicine.csv"}],"landingPage":"https:\\/\\/data.medicare.gov\\/provider-data\\/dataset\\/8753-38d1","theme":["Physician office visit costs"],"accessLevel":"public","bureauCode":["009:38"],"contactPoint":{"@type":"vcard:Contact","fn":"PPL Dataset","hasEmail":"mailto:PPL_Dataset@cms.hhs.gov"},"publisher":{"@type":"org:Organization","name":"Centers for Medicare \\u0026 Medicaid Services (CMS)"},"programCode":["009:000"]},{"@type":"dcat:Dataset","identifier":"4a4e-e0da","title":"Otolaryngology Office Visit Costs","description":"Returns otolaryngology office visit costs per zip code for new and established patients.","keyword":["Otolaryngology"],"issued":"2024-08-05","modified":"2024-08-05","released":"2024-08-08","distribution":[{"@type":"dcat:Distribution","downloadURL":"https:\\/\\/data.cms.gov\\/provider-data\\/sites\\/default\\/files\\/resources\\/4b718840da8d12b1a388ccd9c01ac45c_1722902754\\/Otolaryngology.csv","mediaType":"text\\/csv","title":"Otolaryngology.csv"}],"landingPage":"https:\\/\\/data.medicare.gov\\/provider-data\\/dataset\\/4a4e-e0da","theme":["Physician office visit costs"],"accessLevel":"public","bureauCode":["009:38"],"contactPoint":{"@type":"vcard:Contact","fn":"PPL Dataset","hasEmail":"mailto:PPL_Dataset@cms.hhs.gov"},"publisher":{"@type":"org:Organization","name":"Centers for Medicare \\u0026 Medicaid Services (CMS)"},"programCode":["009:000"]},{"@type":"dcat:Dataset","identifier":"cfa7-e909","title":"Pain Management Office Visit Costs","description":"Returns pain management office visit costs per zip code for new and established patients.","keyword":["Pain Management"],"issued":"2024-08-05","modified":"2024-08-05","released":"2024-08-08","distribution":[{"@type":"dcat:Distribution","downloadURL":"https:\\/\\/data.cms.gov\\/provider-data\\/sites\\/default\\/files\\/resources\\/66f0fc11291c9d41539639b1549dcb53_1722902755\\/Pain_Management.csv","mediaType":"text\\/csv","title":"Pain_Management.csv"}],"landingPage":"https:\\/\\/data.medicare.gov\\/provider-data\\/dataset\\/cfa7-e909","theme":["Physician office visit costs"],"accessLevel":"public","bureauCode":["009:38"],"contactPoint":{"@type":"vcard:Contact","fn":"PPL Dataset","hasEmail":"mailto:PPL_Dataset@cms.hhs.gov"},"publisher":{"@type":"org:Organization","name":"Centers for Medicare \\u0026 Medicaid Services (CMS)"},"programCode":["009:000"]},{"@type":"dcat:Dataset","identifier":"914a-7700","title":"Pathology Office Visit Costs","description":"Returns pathology office visit costs per zip code for new and established patients.","keyword":["Pathology"],"issued":"2024-08-05","modified":"2024-08-05","released":"2024-08-08","distribution":[{"@type":"dcat:Distribution","downloadURL":"https:\\/\\/data.cms.gov\\/provider-data\\/sites\\/default\\/files\\/resources\\/64b5909bb6b7e46b6239c441b9cdb644_1722902756\\/Pathology.csv","mediaType":"text\\/csv","title":"Pathology.csv"}],"landingPage":"https:\\/\\/data.medicare.gov\\/provider-data\\/dataset\\/914a-7700","theme":["Physician office visit costs"],"accessLevel":"public","bureauCode":["009:38"],"contactPoint":{"@type":"vcard:Contact","fn":"PPL Dataset","hasEmail":"mailto:PPL_Dataset@cms.hhs.gov"},"publisher":{"@type":"org:Organization","name":"Centers for Medicare \\u0026 Medicaid Services (CMS)"},"programCode":["009:000"]},{"@type":"dcat:Dataset","identifier":"d226-80a4","title":"Pediatric Medicine Office Visit Costs","description":"Returns pediatric medicine office visit costs per zip code for new and established patients.","keyword":["Pediatric Medicine"],"issued":"2024-08-05","modified":"2024-08-05","released":"2024-08-08","distribution":[{"@type":"dcat:Distribution","downloadURL":"https:\\/\\/data.cms.gov\\/provider-data\\/sites\\/default\\/files\\/resources\\/7d0e273b9d12254f7274320f96a266e6_1722902756\\/Pediatric_Medicine.csv","mediaType":"text\\/csv","title":"Pediatric_Medicine.csv"}],"landingPage":"https:\\/\\/data.medicare.gov\\/provider-data\\/dataset\\/d226-80a4","theme":["Physician office visit costs"],"accessLevel":"public","bureauCode":["009:38"],"contactPoint":{"@type":"vcard:Contact","fn":"PPL Dataset","hasEmail":"mailto:PPL_Dataset@cms.hhs.gov"},"publisher":{"@type":"org:Organization","name":"Centers for Medicare \\u0026 Medicaid Services (CMS)"},"programCode":["009:000"]},{"@type":"dcat:Dataset","identifier":"ccbb-cbfa","title":"Peripheral Vascular Disease Office Visit Costs","description":"Returns peripheral vascular disease office visit costs per zip code for new and established patients.","keyword":["Peripheral Vascular Disease"],"issued":"2024-08-05","modified":"2024-08-05","released":"2024-08-08","distribution":[{"@type":"dcat:Distribution","downloadURL":"https:\\/\\/data.cms.gov\\/provider-data\\/sites\\/default\\/files\\/resources\\/7203271cbe620462471a316879d91d5b_1722902757\\/Peripheral_Vascular_Disease.csv","mediaType":"text\\/csv","title":"Peripheral_Vascular_Disease.csv"}],"landingPage":"https:\\/\\/data.medicare.gov\\/provider-data\\/dataset\\/ccbb-cbfa","theme":["Physician office visit costs"],"accessLevel":"public","bureauCode":["009:38"],"contactPoint":{"@type":"vcard:Contact","fn":"PPL Dataset","hasEmail":"mailto:PPL_Dataset@cms.hhs.gov"},"publisher":{"@type":"org:Organization","name":"Centers for Medicare \\u0026 Medicaid Services (CMS)"},"programCode":["009:000"]},{"@type":"dcat:Dataset","identifier":"5e3a-bee4","title":"Physical Medicine and Rehabilitation Office Visit Costs","description":"Returns physical medicine and rehabilitation office visit costs per zip code for new and established patients.","keyword":["Physical Medicine and Rehabilitation"],"issued":"2024-08-05","modified":"2024-08-05","released":"2024-08-08","distribution":[{"@type":"dcat:Distribution","downloadURL":"https:\\/\\/data.cms.gov\\/provider-data\\/sites\\/default\\/files\\/resources\\/28a80083f9df0ddf320a4c2bb4dfa70a_1722902758\\/Physical_Medicine_and_Rehabilitation.csv","mediaType":"text\\/csv","title":"Physical_Medicine_and_Rehabilitation.csv"}],"landingPage":"https:\\/\\/data.medicare.gov\\/provider-data\\/dataset\\/5e3a-bee4","theme":["Physician office visit costs"],"accessLevel":"public","bureauCode":["009:38"],"contactPoint":{"@type":"vcard:Contact","fn":"PPL Dataset","hasEmail":"mailto:PPL_Dataset@cms.hhs.gov"},"publisher":{"@type":"org:Organization","name":"Centers for Medicare \\u0026 Medicaid Services (CMS)"},"programCode":["009:000"]},{"@type":"dcat:Dataset","identifier":"029b-dd7e","title":"Physical Therapist in Private Practice Office Visit Costs","description":"Returns physical therapist in private practice office visit costs per zip code for new and established patients.","keyword":["Physical Therapist in Private Practice"],"issued":"2024-08-05","modified":"2024-08-05","released":"2024-08-08","distribution":[{"@type":"dcat:Distribution","downloadURL":"https:\\/\\/data.cms.gov\\/provider-data\\/sites\\/default\\/files\\/resources\\/7f415eefebf56eed51e1fe811db70130_1722902759\\/Physical_Therapist_in_Private_Practice.csv","mediaType":"text\\/csv","title":"Physical_Therapist_in_Private_Practice.csv"}],"landingPage":"https:\\/\\/data.medicare.gov\\/provider-data\\/dataset\\/029b-dd7e","theme":["Physician office visit costs"],"accessLevel":"public","bureauCode":["009:38"],"contactPoint":{"@type":"vcard:Contact","fn":"PPL Dataset","hasEmail":"mailto:PPL_Dataset@cms.hhs.gov"},"publisher":{"@type":"org:Organization","name":"Centers for Medicare \\u0026 Medicaid Services (CMS)"},"programCode":["009:000"]},{"@type":"dcat:Dataset","identifier":"0d7d-e988","title":"Physician Assistant Office Visit Costs","description":"Returns physician assistant office visit costs per zip code for new and established patients.","keyword":["Physician Assistant"],"issued":"2024-08-05","modified":"2024-08-05","released":"2024-08-08","distribution":[{"@type":"dcat:Distribution","downloadURL":"https:\\/\\/data.cms.gov\\/provider-data\\/sites\\/default\\/files\\/resources\\/1552910fe3bbe9b7aea9ba36060befd5_1722902760\\/Physician_Assistant.csv","mediaType":"text\\/csv","title":"Physician_Assistant.csv"}],"landingPage":"https:\\/\\/data.medicare.gov\\/provider-data\\/dataset\\/0d7d-e988","theme":["Physician office visit costs"],"accessLevel":"public","bureauCode":["009:38"],"contactPoint":{"@type":"vcard:Contact","fn":"PPL Dataset","hasEmail":"mailto:PPL_Dataset@cms.hhs.gov"},"publisher":{"@type":"org:Organization","name":"Centers for Medicare \\u0026 Medicaid Services (CMS)"},"programCode":["009:000"]},{"@type":"dcat:Dataset","identifier":"32b2-9f88","title":"Plastic and Reconstructive Surgery Office Visit Costs","description":"Returns plastic and reconstructive surgery office visit costs per zip code for new and established patients.","keyword":["Plastic and Reconstructive Surgery"],"issued":"2024-08-05","modified":"2024-08-05","released":"2024-08-08","distribution":[{"@type":"dcat:Distribution","downloadURL":"https:\\/\\/data.cms.gov\\/provider-data\\/sites\\/default\\/files\\/resources\\/3e434a0b692b96e1f98ddae16e4a2302_1722902761\\/Plastic_and_Reconstructive_Surgery.csv","mediaType":"text\\/csv","title":"Plastic_and_Reconstructive_Surgery.csv"}],"landingPage":"https:\\/\\/data.medicare.gov\\/provider-data\\/dataset\\/32b2-9f88","theme":["Physician office visit costs"],"accessLevel":"public","bureauCode":["009:38"],"contactPoint":{"@type":"vcard:Contact","fn":"PPL Dataset","hasEmail":"mailto:PPL_Dataset@cms.hhs.gov"},"publisher":{"@type":"org:Organization","name":"Centers for Medicare \\u0026 Medicaid Services (CMS)"},"programCode":["009:000"]},{"@type":"dcat:Dataset","identifier":"8634-f6a7","title":"Podiatry Office Visit Costs","description":"Returns podiatry office visit costs per zip code for new and established patients.","keyword":["Podiatry"],"issued":"2024-08-05","modified":"2024-08-05","released":"2024-08-08","distribution":[{"@type":"dcat:Distribution","downloadURL":"https:\\/\\/data.cms.gov\\/provider-data\\/sites\\/default\\/files\\/resources\\/4b1c09db009da09790e2136b34c23392_1722902762\\/Podiatry.csv","mediaType":"text\\/csv","title":"Podiatry.csv"}],"landingPage":"https:\\/\\/data.medicare.gov\\/provider-data\\/dataset\\/8634-f6a7","theme":["Physician office visit costs"],"accessLevel":"public","bureauCode":["009:38"],"contactPoint":{"@type":"vcard:Contact","fn":"PPL Dataset","hasEmail":"mailto:PPL_Dataset@cms.hhs.gov"},"publisher":{"@type":"org:Organization","name":"Centers for Medicare \\u0026 Medicaid Services (CMS)"},"programCode":["009:000"]},{"@type":"dcat:Dataset","identifier":"0330-b6e0","title":"Preventive Medicine Office Visit Costs","description":"Returns preventive medicine office visit costs per zip code for new and established patients.","keyword":["Preventive Medicine"],"issued":"2024-08-05","modified":"2024-08-05","released":"2024-08-08","distribution":[{"@type":"dcat:Distribution","downloadURL":"https:\\/\\/data.cms.gov\\/provider-data\\/sites\\/default\\/files\\/resources\\/efe1f060d5a19c23fd3f94d39fb97659_1722902762\\/Preventive_Medicine.csv","mediaType":"text\\/csv","title":"Preventive_Medicine.csv"}],"landingPage":"https:\\/\\/data.medicare.gov\\/provider-data\\/dataset\\/0330-b6e0","theme":["Physician office visit costs"],"accessLevel":"public","bureauCode":["009:38"],"contactPoint":{"@type":"vcard:Contact","fn":"PPL Dataset","hasEmail":"mailto:PPL_Dataset@cms.hhs.gov"},"publisher":{"@type":"org:Organization","name":"Centers for Medicare \\u0026 Medicaid Services (CMS)"},"programCode":["009:000"]},{"@type":"dcat:Dataset","identifier":"057a-5bcf","title":"Psychiatry Office Visit Costs","description":"Returns psychiatry office visit costs per zip code for new and established patients.","keyword":["Psychiatry"],"issued":"2024-08-05","modified":"2024-08-05","released":"2024-08-08","distribution":[{"@type":"dcat:Distribution","downloadURL":"https:\\/\\/data.cms.gov\\/provider-data\\/sites\\/default\\/files\\/resources\\/2aab19c0470ed3ce74a651ddb417d87f_1722902763\\/Psychiatry.csv","mediaType":"text\\/csv","title":"Psychiatry.csv"}],"landingPage":"https:\\/\\/data.medicare.gov\\/provider-data\\/dataset\\/057a-5bcf","theme":["Physician office visit costs"],"accessLevel":"public","bureauCode":["009:38"],"contactPoint":{"@type":"vcard:Contact","fn":"PPL Dataset","hasEmail":"mailto:PPL_Dataset@cms.hhs.gov"},"publisher":{"@type":"org:Organization","name":"Centers for Medicare \\u0026 Medicaid Services (CMS)"},"programCode":["009:000"]},{"@type":"dcat:Dataset","identifier":"92bb-de79","title":"Psychologist, Clinical Office Visit Costs","description":"Returns psychologist, clinical office visit costs per zip code for new and established patients.","keyword":["Psychologist, Clinical"],"issued":"2024-08-05","modified":"2024-08-05","released":"2024-08-08","distribution":[{"@type":"dcat:Distribution","downloadURL":"https:\\/\\/data.cms.gov\\/provider-data\\/sites\\/default\\/files\\/resources\\/9dc4f5d32f76a0197c9ad8f1a243702a_1722902764\\/Psychologist_Clinical.csv","mediaType":"text\\/csv","title":"Psychologist_Clinical.csv"}],"landingPage":"https:\\/\\/data.medicare.gov\\/provider-data\\/dataset\\/92bb-de79","theme":["Physician office visit costs"],"accessLevel":"public","bureauCode":["009:38"],"contactPoint":{"@type":"vcard:Contact","fn":"PPL Dataset","hasEmail":"mailto:PPL_Dataset@cms.hhs.gov"},"publisher":{"@type":"org:Organization","name":"Centers for Medicare \\u0026 Medicaid Services (CMS)"},"programCode":["009:000"]},{"@type":"dcat:Dataset","identifier":"2ca5-1007","title":"Public Health or Welfare Agency Office Visit Costs","description":"Returns public health or welfare agency office visit costs per zip code for new and established patients.","keyword":["Public Health or Welfare Agency"],"issued":"2024-08-05","modified":"2024-08-05","released":"2024-08-08","distribution":[{"@type":"dcat:Distribution","downloadURL":"https:\\/\\/data.cms.gov\\/provider-data\\/sites\\/default\\/files\\/resources\\/1ffc95c8b8a2cfcd58b234264bc4771b_1722902765\\/Public_Health_or_Welfare_Agency.csv","mediaType":"text\\/csv","title":"Public_Health_or_Welfare_Agency.csv"}],"landingPage":"https:\\/\\/data.medicare.gov\\/provider-data\\/dataset\\/2ca5-1007","theme":["Physician office visit costs"],"accessLevel":"public","bureauCode":["009:38"],"contactPoint":{"@type":"vcard:Contact","fn":"PPL Dataset","hasEmail":"mailto:PPL_Dataset@cms.hhs.gov"},"publisher":{"@type":"org:Organization","name":"Centers for Medicare \\u0026 Medicaid Services (CMS)"},"programCode":["009:000"]},{"@type":"dcat:Dataset","identifier":"0127-af37","title":"Pulmonary Disease Office Visit Costs","description":"Returns pulmonary disease office visit costs per zip code for new and established patients.","keyword":["Pulmonary Disease"],"issued":"2024-08-05","modified":"2024-08-05","released":"2024-08-08","distribution":[{"@type":"dcat:Distribution","downloadURL":"https:\\/\\/data.cms.gov\\/provider-data\\/sites\\/default\\/files\\/resources\\/42ab5f223769b7afe1cc11d7af4658a5_1722902766\\/Pulmonary_Disease.csv","mediaType":"text\\/csv","title":"Pulmonary_Disease.csv"}],"landingPage":"https:\\/\\/data.medicare.gov\\/provider-data\\/dataset\\/0127-af37","theme":["Physician office visit costs"],"accessLevel":"public","bureauCode":["009:38"],"contactPoint":{"@type":"vcard:Contact","fn":"PPL Dataset","hasEmail":"mailto:PPL_Dataset@cms.hhs.gov"},"publisher":{"@type":"org:Organization","name":"Centers for Medicare \\u0026 Medicaid Services (CMS)"},"programCode":["009:000"]},{"@type":"dcat:Dataset","identifier":"288b-4bed","title":"Radiation Oncology Office Visit Costs","description":"Returns radiation oncology office visit costs per zip code for new and established patients.","keyword":["Radiation Oncology"],"issued":"2024-08-05","modified":"2024-08-05","released":"2024-08-08","distribution":[{"@type":"dcat:Distribution","downloadURL":"https:\\/\\/data.cms.gov\\/provider-data\\/sites\\/default\\/files\\/resources\\/37f1c6c369bd97231d88a745fea585d6_1722902766\\/Radiation_Oncology.csv","mediaType":"text\\/csv","title":"Radiation_Oncology.csv"}],"landingPage":"https:\\/\\/data.medicare.gov\\/provider-data\\/dataset\\/288b-4bed","theme":["Physician office visit costs"],"accessLevel":"public","bureauCode":["009:38"],"contactPoint":{"@type":"vcard:Contact","fn":"PPL Dataset","hasEmail":"mailto:PPL_Dataset@cms.hhs.gov"},"publisher":{"@type":"org:Organization","name":"Centers for Medicare \\u0026 Medicaid Services (CMS)"},"programCode":["009:000"]},{"@type":"dcat:Dataset","identifier":"8283-8a65","title":"Registered Dietitian or Nutrition Professional Office Visit Costs","description":"Returns registered dietitian or nutrition professional office visit costs per zip code for new and established patients.","keyword":["Registered Dietitian or Nutrition Professional"],"issued":"2024-08-05","modified":"2024-08-05","released":"2024-08-08","distribution":[{"@type":"dcat:Distribution","downloadURL":"https:\\/\\/data.cms.gov\\/provider-data\\/sites\\/default\\/files\\/resources\\/ddc631dc8189ff683bb405928b06b5f9_1722902767\\/Registered_Dietitian_or_Nutrition_Professional.csv","mediaType":"text\\/csv","title":"Registered_Dietitian_or_Nutrition_Professional.csv"}],"landingPage":"https:\\/\\/data.medicare.gov\\/provider-data\\/dataset\\/8283-8a65","theme":["Physician office visit costs"],"accessLevel":"public","bureauCode":["009:38"],"contactPoint":{"@type":"vcard:Contact","fn":"PPL Dataset","hasEmail":"mailto:PPL_Dataset@cms.hhs.gov"},"publisher":{"@type":"org:Organization","name":"Centers for Medicare \\u0026 Medicaid Services (CMS)"},"programCode":["009:000"]},{"@type":"dcat:Dataset","identifier":"385c-8c97","title":"Rheumatology Office Visit Costs","description":"Returns rheumatology office visit costs per zip code for new and established patients.","keyword":["Rheumatology"],"issued":"2024-08-05","modified":"2024-08-05","released":"2024-08-08","distribution":[{"@type":"dcat:Distribution","downloadURL":"https:\\/\\/data.cms.gov\\/provider-data\\/sites\\/default\\/files\\/resources\\/103a90281c86d5e1bc1550aa33c0a186_1722902768\\/Rheumatology.csv","mediaType":"text\\/csv","title":"Rheumatology.csv"}],"landingPage":"https:\\/\\/data.medicare.gov\\/provider-data\\/dataset\\/385c-8c97","theme":["Physician office visit costs"],"accessLevel":"public","bureauCode":["009:38"],"contactPoint":{"@type":"vcard:Contact","fn":"PPL Dataset","hasEmail":"mailto:PPL_Dataset@cms.hhs.gov"},"publisher":{"@type":"org:Organization","name":"Centers for Medicare \\u0026 Medicaid Services (CMS)"},"programCode":["009:000"]},{"@type":"dcat:Dataset","identifier":"39da-b8ab","title":"Sleep Medicine Office Visit Costs","description":"Returns sleep medicine office visit costs per zip code for new and established patients.","keyword":["Sleep Medicine"],"issued":"2024-08-05","modified":"2024-08-05","released":"2024-08-08","distribution":[{"@type":"dcat:Distribution","downloadURL":"https:\\/\\/data.cms.gov\\/provider-data\\/sites\\/default\\/files\\/resources\\/1c1a0ed15cda4de12ec0a8e3cc97705b_1722902769\\/Sleep_Medicine.csv","mediaType":"text\\/csv","title":"Sleep_Medicine.csv"}],"landingPage":"https:\\/\\/data.medicare.gov\\/provider-data\\/dataset\\/39da-b8ab","theme":["Physician office visit costs"],"accessLevel":"public","bureauCode":["009:38"],"contactPoint":{"@type":"vcard:Contact","fn":"PPL Dataset","hasEmail":"mailto:PPL_Dataset@cms.hhs.gov"},"publisher":{"@type":"org:Organization","name":"Centers for Medicare \\u0026 Medicaid Services (CMS)"},"programCode":["009:000"]},{"@type":"dcat:Dataset","identifier":"c713-00e8","title":"Sports Medicine Office Visit Costs","description":"Returns sports medicine office visit costs per zip code for new and established patients.","keyword":["Sports Medicine"],"issued":"2024-08-05","modified":"2024-08-05","released":"2024-08-08","distribution":[{"@type":"dcat:Distribution","downloadURL":"https:\\/\\/data.cms.gov\\/provider-data\\/sites\\/default\\/files\\/resources\\/9cb06dd078371a13e615e39dce99e254_1722902770\\/Sports_Medicine.csv","mediaType":"text\\/csv","title":"Sports_Medicine.csv"}],"landingPage":"https:\\/\\/data.medicare.gov\\/provider-data\\/dataset\\/c713-00e8","theme":["Physician office visit costs"],"accessLevel":"public","bureauCode":["009:38"],"contactPoint":{"@type":"vcard:Contact","fn":"PPL Dataset","hasEmail":"mailto:PPL_Dataset@cms.hhs.gov"},"publisher":{"@type":"org:Organization","name":"Centers for Medicare \\u0026 Medicaid Services (CMS)"},"programCode":["009:000"]},{"@type":"dcat:Dataset","identifier":"0f6a-98c3","title":"Surgical Oncology Office Visit Costs","description":"Returns surgical oncology office visit costs per zip code for new and established patients.","keyword":["Surgical Oncology"],"issued":"2024-08-05","modified":"2024-08-05","released":"2024-08-08","distribution":[{"@type":"dcat:Distribution","downloadURL":"https:\\/\\/data.cms.gov\\/provider-data\\/sites\\/default\\/files\\/resources\\/63738d8788ddd32b29ebee631c886b01_1722902770\\/Surgical_Oncology.csv","mediaType":"text\\/csv","title":"Surgical_Oncology.csv"}],"landingPage":"https:\\/\\/data.medicare.gov\\/provider-data\\/dataset\\/0f6a-98c3","theme":["Physician office visit costs"],"accessLevel":"public","bureauCode":["009:38"],"contactPoint":{"@type":"vcard:Contact","fn":"PPL Dataset","hasEmail":"mailto:PPL_Dataset@cms.hhs.gov"},"publisher":{"@type":"org:Organization","name":"Centers for Medicare \\u0026 Medicaid Services (CMS)"},"programCode":["009:000"]},{"@type":"dcat:Dataset","identifier":"5d9c-1e86","title":"Thoracic Surgery Office Visit Costs","description":"Returns thoracic surgery office visit costs per zip code for new and established patients.","keyword":["Thoracic Surgery"],"issued":"2024-08-05","modified":"2024-08-05","released":"2024-08-08","distribution":[{"@type":"dcat:Distribution","downloadURL":"https:\\/\\/data.cms.gov\\/provider-data\\/sites\\/default\\/files\\/resources\\/a36245d7815b93270f573bfa619c9e82_1722902771\\/Thoracic_Surgery.csv","mediaType":"text\\/csv","title":"Thoracic_Surgery.csv"}],"landingPage":"https:\\/\\/data.medicare.gov\\/provider-data\\/dataset\\/5d9c-1e86","theme":["Physician office visit costs"],"accessLevel":"public","bureauCode":["009:38"],"contactPoint":{"@type":"vcard:Contact","fn":"PPL Dataset","hasEmail":"mailto:PPL_Dataset@cms.hhs.gov"},"publisher":{"@type":"org:Organization","name":"Centers for Medicare \\u0026 Medicaid Services (CMS)"},"programCode":["009:000"]},{"@type":"dcat:Dataset","identifier":"d1c9-d5b4","title":"Undefined Physician type Office Visit Costs","description":"Returns undefined physician type office visit costs per zip code for new and established patients.","keyword":["Undefined Physician type"],"issued":"2024-08-05","modified":"2024-08-05","released":"2024-08-08","distribution":[{"@type":"dcat:Distribution","downloadURL":"https:\\/\\/data.cms.gov\\/provider-data\\/sites\\/default\\/files\\/resources\\/2b565f9fdb3e7d41e20ef504757672d0_1722902772\\/Undefined_Physician_type.csv","mediaType":"text\\/csv","title":"Undefined_Physician_type.csv"}],"landingPage":"https:\\/\\/data.medicare.gov\\/provider-data\\/dataset\\/d1c9-d5b4","theme":["Physician office visit costs"],"accessLevel":"public","bureauCode":["009:38"],"contactPoint":{"@type":"vcard:Contact","fn":"PPL Dataset","hasEmail":"mailto:PPL_Dataset@cms.hhs.gov"},"publisher":{"@type":"org:Organization","name":"Centers for Medicare \\u0026 Medicaid Services (CMS)"},"programCode":["009:000"]},{"@type":"dcat:Dataset","identifier":"993f-4504","title":"Undersea and Hyperbaric Medicine Office Visit Costs","description":"Returns undersea and hyperbaric medicine office visit costs per zip code for new and established patients.","keyword":["Undersea and Hyperbaric Medicine"],"issued":"2024-08-05","modified":"2024-08-05","released":"2024-08-08","distribution":[{"@type":"dcat:Distribution","downloadURL":"https:\\/\\/data.cms.gov\\/provider-data\\/sites\\/default\\/files\\/resources\\/7542bfe3478c2a4d74ae290856a00a57_1722902773\\/Undersea_and_Hyperbaric_Medicine.csv","mediaType":"text\\/csv","title":"Undersea_and_Hyperbaric_Medicine.csv"}],"landingPage":"https:\\/\\/data.medicare.gov\\/provider-data\\/dataset\\/993f-4504","theme":["Physician office visit costs"],"accessLevel":"public","bureauCode":["009:38"],"contactPoint":{"@type":"vcard:Contact","fn":"PPL Dataset","hasEmail":"mailto:PPL_Dataset@cms.hhs.gov"},"publisher":{"@type":"org:Organization","name":"Centers for Medicare \\u0026 Medicaid Services (CMS)"},"programCode":["009:000"]},{"@type":"dcat:Dataset","identifier":"afcb-07d8","title":"Urology Office Visit Costs","description":"Returns urology office visit costs per zip code for new and established patients.","keyword":["Urology"],"issued":"2024-08-05","modified":"2024-08-05","released":"2024-08-08","distribution":[{"@type":"dcat:Distribution","downloadURL":"https:\\/\\/data.cms.gov\\/provider-data\\/sites\\/default\\/files\\/resources\\/8d55d3466e6869ec06d00ea761b30d67_1722902774\\/Urology.csv","mediaType":"text\\/csv","title":"Urology.csv"}],"landingPage":"https:\\/\\/data.medicare.gov\\/provider-data\\/dataset\\/afcb-07d8","theme":["Physician office visit costs"],"accessLevel":"public","bureauCode":["009:38"],"contactPoint":{"@type":"vcard:Contact","fn":"PPL Dataset","hasEmail":"mailto:PPL_Dataset@cms.hhs.gov"},"publisher":{"@type":"org:Organization","name":"Centers for Medicare \\u0026 Medicaid Services (CMS)"},"programCode":["009:000"]},{"@type":"dcat:Dataset","identifier":"f226-42b7","title":"Vascular Surgery Office Visit Costs","description":"Returns vascular surgery office visit costs per zip code for new and established patients.","keyword":["Vascular Surgery"],"issued":"2024-08-05","modified":"2024-08-05","released":"2024-08-08","distribution":[{"@type":"dcat:Distribution","downloadURL":"https:\\/\\/data.cms.gov\\/provider-data\\/sites\\/default\\/files\\/resources\\/6a64087744c5c7d5ee57f44ab36a752f_1722902774\\/Vascular_Surgery.csv","mediaType":"text\\/csv","title":"Vascular_Surgery.csv"}],"landingPage":"https:\\/\\/data.medicare.gov\\/provider-data\\/dataset\\/f226-42b7","theme":["Physician office visit costs"],"accessLevel":"public","bureauCode":["009:38"],"contactPoint":{"@type":"vcard:Contact","fn":"PPL Dataset","hasEmail":"mailto:PPL_Dataset@cms.hhs.gov"},"publisher":{"@type":"org:Organization","name":"Centers for Medicare \\u0026 Medicaid Services (CMS)"},"programCode":["009:000"]},{"accessLevel":"public","landingPage":"https:\\/\\/data.cms.gov\\/provider-data\\/dataset\\/46dc-a66c","bureauCode":["009:38"],"issued":"2021-06-04","@type":"dcat:Dataset","modified":"2024-05-16","released":"2024-05-30","keyword":["Clinicians"],"contactPoint":{"@type":"vcard:Contact","fn":"CMS","hasEmail":"mailto:QPP@cms.hhs.gov"},"publisher":{"@type":"org:Organization","name":"Centers for Medicare \\u0026 Medicaid Services (CMS)"},"identifier":"46dc-a66c","description":"This file contains performance information for Merit-Based Incentive Payment System (MIPS) Quality, Promoting Interoperability, and Improvement Activities performance information submitted by virtual groups.","title":"PY 2022 Virtual Group Public Reporting: MIPS Measures and Attestations","programCode":["009:000"],"distribution":[{"@type":"dcat:Distribution","downloadURL":"https:\\/\\/data.cms.gov\\/provider-data\\/sites\\/default\\/files\\/resources\\/635d18fe1428158bf5b033cd27da6cc3_1715976333\\/vg_public_reporting.csv","mediaType":"text\\/csv"}],"theme":["Doctors and clinicians"],"archiveExclude":false},{"accessLevel":"public","landingPage":"https:\\/\\/data.cms.gov\\/provider-data\\/dataset\\/pvax-cv19","bureauCode":["009:38"],"issued":"2023-07-06","@type":"dcat:Dataset","modified":"2024-08-04","released":"2024-08-15","keyword":["COVID"],"contactPoint":{"@type":"vcard:Contact","fn":"Nursing homes including rehab services","hasEmail":"mailto:NH_COVID_Data@cms.hhs.gov"},"publisher":{"@type":"org:Organization","name":"Centers for Medicare \\u0026 Medicaid Services (CMS)"},"identifier":"pvax-cv19","description":"Current resident and healthcare personnel COVID-19 vaccination rates. Data are presented as one row per provider.\\u003Cbr \\/\\u003E\\u003Cbr \\/\\u003ENote: On January 1, 2024, the CDC changed the data collection methodology for the percent of staff who are up to date with their COVID-19 vaccination. It may take facilities some time to adapt to the new methodology. As a result, the reported percent of staff who are up to date with their COVID-19 vaccination should be viewed with caution over the next few weeks. Consumers or interested parties should contact facilities directly for more information on their vaccination levels.","title":"COVID-19 Vaccination Rates - Provider Data","programCode":["009:000"],"distribution":[{"@type":"dcat:Distribution","downloadURL":"https:\\/\\/data.cms.gov\\/provider-data\\/sites\\/default\\/files\\/resources\\/69aa7b68627e102ea247424efc9891ae_1723161907\\/NH_CovidVaxProvider_20240804.csv","mediaType":"text\\/csv"}],"theme":["Nursing homes including rehab services"]},{"accessLevel":"public","landingPage":"https:\\/\\/data.cms.gov\\/provider-data\\/dataset\\/avax-cv19","bureauCode":["009:38"],"issued":"2023-07-06","@type":"dcat:Dataset","modified":"2024-08-04","released":"2024-08-15","keyword":["COVID","Average"],"contactPoint":{"@type":"vcard:Contact","fn":"Nursing homes including rehab services","hasEmail":"mailto:NH_COVID_Data@cms.hhs.gov"},"publisher":{"@type":"org:Organization","name":"Centers for Medicare \\u0026 Medicaid Services (CMS)"},"identifier":"avax-cv19","description":"State and National averages for facility resident and healthcare personnel COVID-19 vaccination rates. Data are presented as one row per state or territory plus a row for national averages.\\u003Cbr \\/\\u003E\\u003Cbr \\/\\u003ENote: On January 1, 2024, the CDC changed the data collection methodology for the percent of staff who are up to date with their COVID-19 vaccination. It may take facilities some time to adapt to the new methodology. As a result, the reported percent of staff who are up to date with their COVID-19 vaccination should be viewed with caution over the next few weeks. Consumers or interested parties should contact facilities directly for more information on their vaccination levels.","title":"COVID-19 Vaccination Rates - State and National Averages","programCode":["009:000"],"distribution":[{"@type":"dcat:Distribution","downloadURL":"https:\\/\\/data.cms.gov\\/provider-data\\/sites\\/default\\/files\\/resources\\/5bbb181656d6ed7219e62f194d5aeec6_1723161908\\/NH_CovidVaxAverages_20240804.csv","mediaType":"text\\/csv"}],"theme":["Nursing homes including rehab services"]},{"accessLevel":"public","landingPage":"https:\\/\\/data.cms.gov\\/provider-data\\/dataset\\/a55e-5b88","bureauCode":["009:38"],"issued":"2024-04-15","@type":"dcat:Dataset","modified":"2024-04-15","released":"2024-05-22","keyword":["State","Average","CAHPS","Patient Experience of Care","Patient Survey"],"contactPoint":{"@type":"vcard:Contact","fn":"CMS","hasEmail":"mailto:hospicecahpssurvey@hsag.com"},"publisher":{"@type":"org:Organization","name":"Centers for Medicare \\u0026 Medicaid Services (CMS)"},"identifier":"a55e-5b88","description":"This data set contains state average (mean) scores of Medicare-certified hospice providers on the Consumer Assessment of Healthcare Providers and Systems (CAHPS\\u00ae) Hospice Survey measures.","title":"Hospice care - State CAHPS Hospice Survey Data","programCode":["009:000"],"distribution":[{"@type":"dcat:Distribution","downloadURL":"https:\\/\\/data.cms.gov\\/provider-data\\/sites\\/default\\/files\\/resources\\/e52b5e979362ec7f86830ea5212a26b7_1715011510\\/State_CAHPS_Hospice_Survey_Data_May2024.csv","mediaType":"text\\/csv"}],"theme":["Hospice care"]},{"accessLevel":"public","landingPage":"https:\\/\\/data.cms.gov\\/provider-data\\/dataset\\/eda0-92f0","bureauCode":["009:38"],"issued":"2024-04-15","@type":"dcat:Dataset","modified":"2024-04-15","released":"2024-05-22","keyword":["State","Average","Quality","Measures","Quality Reporting Program"],"contactPoint":{"@type":"vcard:Contact","fn":"HospicePRquestions@cms.hhs.gov","hasEmail":"mailto:HospicePRquestions@cms.hhs.gov"},"publisher":{"@type":"org:Organization","name":"Centers for Medicare \\u0026 Medicaid Services (CMS)"},"identifier":"eda0-92f0","description":"State data on the quality of patient care measures. ","title":"Hospice - State Data","programCode":["009:000"],"distribution":[{"@type":"dcat:Distribution","downloadURL":"https:\\/\\/data.cms.gov\\/provider-data\\/sites\\/default\\/files\\/resources\\/36b226bcf40d1985a01f9b544292ec05_1715011508\\/Hospice_State_May2024.csv","mediaType":"text\\/csv"}],"theme":["Hospice care"]},{"@type":"dcat:Dataset","identifier":"ecb7-cb46","title":"Licensed Clinical Social Worker Office Visit Costs","description":"Returns licensed clinical social worker office visit costs per zip code for new and established patients.","keyword":["Licensed Clinical Social Worker"],"issued":"2024-08-05","modified":"2024-08-05","released":"2024-08-08","distribution":[{"@type":"dcat:Distribution","downloadURL":"https:\\/\\/data.cms.gov\\/provider-data\\/sites\\/default\\/files\\/resources\\/dff1a91fe1de17b31f80684d46e53ad9_1722902740\\/Licensed_Clinical_Social_Worker.csv","mediaType":"text\\/csv","title":"Licensed_Clinical_Social_Worker.csv"}],"landingPage":"https:\\/\\/data.medicare.gov\\/provider-data\\/dataset\\/ecb7-cb46","theme":["Physician office visit costs"],"accessLevel":"public","bureauCode":["009:38"],"contactPoint":{"@type":"vcard:Contact","fn":"PPL Dataset","hasEmail":"mailto:PPL_Dataset@cms.hhs.gov"},"publisher":{"@type":"org:Organization","name":"Centers for Medicare \\u0026 Medicaid Services (CMS)"},"programCode":["009:000"]},{"@type":"dcat:Dataset","identifier":"b599-54c1","title":"Medical Genetics and Genomics Office Visit Costs","description":"Returns medical genetics and genomics office visit costs per zip code for new and established patients.","keyword":["Medical Genetics and Genomics"],"issued":"2024-08-05","modified":"2024-08-05","released":"2024-08-08","distribution":[{"@type":"dcat:Distribution","downloadURL":"https:\\/\\/data.cms.gov\\/provider-data\\/sites\\/default\\/files\\/resources\\/bff5bb0830ae14eff99c120384297298_1722902742\\/Medical_Genetics_and_Genomics.csv","mediaType":"text\\/csv","title":"Medical_Genetics_and_Genomics.csv"}],"landingPage":"https:\\/\\/data.medicare.gov\\/provider-data\\/dataset\\/b599-54c1","theme":["Physician office visit costs"],"accessLevel":"public","bureauCode":["009:38"],"contactPoint":{"@type":"vcard:Contact","fn":"PPL Dataset","hasEmail":"mailto:PPL_Dataset@cms.hhs.gov"},"publisher":{"@type":"org:Organization","name":"Centers for Medicare \\u0026 Medicaid Services (CMS)"},"programCode":["009:000"]},{"@type":"dcat:Dataset","accessLevel":"public","bureauCode":["009:38"],"contactPoint":{"@type":"vcard:Contact","fn":"Nursing homes including rehab services","hasEmail":"mailto:HomeHealthQualityQuestions@cms.hhs.gov"},"description":"State averages of several home health agency quality measures for Home Health Agencies.","distribution":[{"@type":"dcat:Distribution","downloadURL":"https:\\/\\/data.cms.gov\\/provider-data\\/sites\\/default\\/files\\/resources\\/dc6e583c00d2472100112ede30f429cb_1720656322\\/HH_State_Jul2024.csv","mediaType":"text\\/csv"}],"identifier":"tee5-ixt5","issued":"2024-05-22","keyword":["General Information","Quality","Ratings","Comparison","State","Average","Measures","National","Quality Reporting Program"],"landingPage":"https:\\/\\/data.cms.gov\\/provider-data\\/dataset\\/tee5-ixt5","modified":"2024-05-22","programCode":["009:000"],"publisher":{"@type":"org:Organization","name":"Centers for Medicare \\u0026 Medicaid Services (CMS)"},"released":"2024-07-17","theme":["Home health services"],"title":"Home Health Care - State by State Data"},{"@type":"dcat:Dataset","accessLevel":"public","bureauCode":["009:38"],"contactPoint":{"@type":"vcard:Contact","fn":"Nursing homes including rehab services","hasEmail":"mailto:HomeHealthQualityQuestions@cms.hhs.gov"},"description":"Home Health Care - Measure Date Range","distribution":[{"@type":"dcat:Distribution","downloadURL":"https:\\/\\/data.cms.gov\\/provider-data\\/sites\\/default\\/files\\/resources\\/6e4941cc4dadd13788736499ecb39949_1720656325\\/HH_MeasureDateRange_Jul2024.csv","mediaType":"text\\/csv"}],"identifier":"c886-nwpj","issued":"2024-05-22","keyword":["General Information","Quality","Ratings","Comparison","Measure Dates","Data Collection Period","State","Average","Measures","National","Quality Reporting Program"],"landingPage":"https:\\/\\/data.cms.gov\\/provider-data\\/dataset\\/c886-nwpj","modified":"2024-05-22","programCode":["009:000"],"publisher":{"@type":"org:Organization","name":"Centers for Medicare \\u0026 Medicaid Services (CMS)"},"released":"2024-07-17","theme":["Home health services"],"title":"Home Health Care - Measure Date Range"},{"accessLevel":"public","landingPage":"https:\\/\\/data.cms.gov\\/provider-data\\/dataset\\/98ix-2iqy","bureauCode":["009:38"],"issued":"2020-12-10","@type":"dcat:Dataset","modified":"2024-07-08","released":"2024-07-31","keyword":["State","Pneumonia","Acute Myocardial Infarction","Heart Failure","Total Hip and\\/or Total Knee Arthroplasty"],"contactPoint":{"@type":"vcard:Contact","fn":"Hospital Compare","hasURL":"https:\\/\\/cmsqualitysupport.servicenowservices.com\\/qnet_qa"},"publisher":{"@type":"org:Organization","name":"Centers for Medicare \\u0026 Medicaid Services (CMS)"},"identifier":"98ix-2iqy","description":"Payment measures: state data. This data set includes state-level data for the payment measures associated with an episode of care for heart attack, heart failure, pneumonia, and hip\\/knee replacement patients.","title":"Payment - State","programCode":["009:000"],"distribution":[{"@type":"dcat:Distribution","downloadURL":"https:\\/\\/data.cms.gov\\/provider-data\\/sites\\/default\\/files\\/resources\\/85c72b7f141f6373088dc6c530d662f4_1721117164\\/Payment-State.csv","mediaType":"text\\/csv"}],"theme":["Hospitals"]},{"accessLevel":"public","landingPage":"https:\\/\\/data.cms.gov\\/provider-data\\/dataset\\/nrdb-3fcy","bureauCode":["009:38"],"issued":"2023-07-05","@type":"dcat:Dataset","modified":"2024-07-08","released":"2024-07-31","keyword":["Maternal Health","Structural Measure"],"contactPoint":{"@type":"vcard:Contact","fn":"Hospital Compare","hasURL":"https:\\/\\/cmsqualitysupport.servicenowservices.com\\/qnet_qa"},"publisher":{"@type":"org:Organization","name":"Centers for Medicare \\u0026 Medicaid Services (CMS)"},"identifier":"nrdb-3fcy","description":"These measures are intended to drive improvements in maternal health. By providing care to pregnant individuals that follows best practices that advance health care quality, safety, and equity, hospitals and doctors can improve chances for a safe delivery and a healthy baby.","title":"Maternal Health - Hospital","programCode":["009:000"],"distribution":[{"@type":"dcat:Distribution","downloadURL":"https:\\/\\/data.cms.gov\\/provider-data\\/sites\\/default\\/files\\/resources\\/5a4754b088fdb10d2ae278ef215925a7_1721117179\\/Maternal_Health-Hospital.csv","mediaType":"text\\/csv"}],"theme":["Hospitals"]},{"accessLevel":"public","landingPage":"https:\\/\\/data.cms.gov\\/provider-data\\/dataset\\/anxg-51lp","bureauCode":["009:38"],"issued":"2022-10-04","@type":"dcat:Dataset","modified":"2024-07-08","released":"2024-07-31","keyword":["Maternal Health","Structural Measure","National"],"contactPoint":{"@type":"vcard:Contact","fn":"Hospital Compare","hasURL":"https:\\/\\/cmsqualitysupport.servicenowservices.com\\/qnet_qa"},"publisher":{"@type":"org:Organization","name":"Centers for Medicare \\u0026 Medicaid Services (CMS)"},"identifier":"anxg-51lp","description":"These measures are intended to drive improvements in maternal health. By providing care to pregnant individuals that follows best practices that advance health care quality, safety, and equity, hospitals and doctors can improve chances for a safe delivery and a healthy baby.","title":"Maternal Health - National","programCode":["009:000"],"distribution":[{"@type":"dcat:Distribution","downloadURL":"https:\\/\\/data.cms.gov\\/provider-data\\/sites\\/default\\/files\\/resources\\/96584b566c4af50acd2e377c193d870a_1721117180\\/Maternal_Health-National.csv","mediaType":"text\\/csv"}],"theme":["Hospitals"]},{"accessLevel":"public","landingPage":"https:\\/\\/data.cms.gov\\/provider-data\\/dataset\\/by6q-6tc4","bureauCode":["009:38"],"issued":"2022-10-04","@type":"dcat:Dataset","modified":"2024-07-08","released":"2024-07-31","keyword":["Maternal Health","Structural Measure","State"],"contactPoint":{"@type":"vcard:Contact","fn":"Hospital Compare","hasURL":"https:\\/\\/cmsqualitysupport.servicenowservices.com\\/qnet_qa"},"publisher":{"@type":"org:Organization","name":"Centers for Medicare \\u0026 Medicaid Services (CMS)"},"identifier":"by6q-6tc4","description":"These measures are intended to drive improvements in maternal health. By providing care to pregnant individuals that follows best practices that advance health care quality, safety, and equity, hospitals and doctors can improve chances for a safe delivery and a healthy baby.","title":"Maternal Health - State","programCode":["009:000"],"distribution":[{"@type":"dcat:Distribution","downloadURL":"https:\\/\\/data.cms.gov\\/provider-data\\/sites\\/default\\/files\\/resources\\/95a24d7554864accbd8dc777d39ae334_1721117181\\/Maternal_Health-State.csv","mediaType":"text\\/csv"}],"theme":["Hospitals"]},{"accessLevel":"public","landingPage":"https:\\/\\/data.cms.gov\\/provider-data\\/dataset\\/ct36-nrcq","bureauCode":["009:38"],"issued":"2020-12-17","@type":"dcat:Dataset","modified":"2024-08-12","released":"2024-08-12","keyword":["Medical equipment","Supplies","Supplier"],"contactPoint":{"@type":"vcard:Contact","fn":"Supplier","hasEmail":"mailto:FeedbackDataCatalog@cms.hhs.gov"},"publisher":{"@type":"org:Organization","name":"data.medicare.gov"},"identifier":"ct36-nrcq","description":"A list of Suppliers that indicates the supplies carried at that location and the supplier\\u0027s Medicare participation status.","title":"Medical Equipment Suppliers","programCode":["009:000"],"distribution":[{"@type":"dcat:Distribution","downloadURL":"https:\\/\\/data.cms.gov\\/provider-data\\/sites\\/default\\/files\\/resources\\/3b76abb9b6f610373563b5ef08bb0d81_1723377911\\/Medical-Equipment-Suppliers.csv","mediaType":"text\\/csv"}],"theme":["Supplier directory"]},{"@type":"dcat:Dataset","accessLevel":"public","bureauCode":["009:38"],"contactPoint":{"@type":"vcard:Contact","fn":"Nursing homes including rehab services","hasEmail":"mailto:IRFQualityQuestions@cms.hhs.gov"},"description":"National data on the quality of patient care measures shown on Inpatient Rehabilitation Facility Compare.","distribution":[{"@type":"dcat:Distribution","downloadURL":"https:\\/\\/data.cms.gov\\/provider-data\\/sites\\/default\\/files\\/resources\\/6ac51b64e38ccae370f54482814ad42a_1718121913\\/Inpatient_Rehabilitation_Facility-National_Data_Jun2024.csv","mediaType":"text\\/csv"}],"identifier":"nasn-k89k","issued":"2024-04-30","keyword":["Rehabilitation","National","Average","Quality","Measures","Quality Reporting"],"landingPage":"https:\\/\\/data.cms.gov\\/provider-data\\/dataset\\/nasn-k89k","modified":"2024-04-30","programCode":["009:000"],"publisher":{"@type":"org:Organization","name":"Centers for Medicare \\u0026 Medicaid Services (CMS)"},"released":"2024-06-26","theme":["Inpatient rehabilitation facilities"],"title":"Inpatient Rehabilitation Facility - National Data"},{"@type":"dcat:Dataset","accessLevel":"public","bureauCode":["009:38"],"contactPoint":{"@type":"vcard:Contact","fn":"Nursing homes including rehab services","hasEmail":"mailto:LTCHQualityQuestions@cms.hhs.gov"},"description":"National data on the quality of patient care measures shown on Long-Term Care Hospital Compare.","distribution":[{"@type":"dcat:Distribution","downloadURL":"https:\\/\\/data.cms.gov\\/provider-data\\/sites\\/default\\/files\\/resources\\/0687186305d91be5262c875bfc5a92cf_1718121916\\/Long-Term_Care_Hospital-National_Data_Jun2024.csv","mediaType":"text\\/csv"}],"identifier":"5zdx-ny2x","issued":"2024-04-30","keyword":["National","Average","Quality","Measures","Quality Reporting"],"landingPage":"https:\\/\\/data.cms.gov\\/provider-data\\/dataset\\/5zdx-ny2x","modified":"2024-04-30","programCode":["009:000"],"publisher":{"@type":"org:Organization","name":"Centers for Medicare \\u0026 Medicaid Services (CMS)"},"released":"2024-06-26","theme":["Long-term care hospitals"],"title":"Long-Term Care Hospital - National Data"},{"accessLevel":"public","landingPage":"https:\\/\\/data.cms.gov\\/provider-data\\/dataset\\/5sqm-2qku","bureauCode":["009:38"],"issued":"2023-10-01","@type":"dcat:Dataset","modified":"2024-07-23","released":"2024-07-31","keyword":["Skilled Nursing Facility Quality Reporting Program","National"],"contactPoint":{"@type":"vcard:Contact","fn":"Nursing homes including rehab services","hasEmail":"mailto:SNFQRPPRQuestions@cms.hhs.gov"},"publisher":{"@type":"org:Organization","name":"Centers for Medicare \\u0026 Medicaid Services (CMS)"},"identifier":"5sqm-2qku","description":"Skilled Nursing Facilities (SNFs) provide Medicare Part A SNF services to beneficiaries and must report data on certain measures of quality to Medicare through the Skilled Nursing Facility Quality Reporting Program (SNF QRP). This file contains national averages on quality measures implemented under the IMPACT Act.","title":"Skilled Nursing Facility Quality Reporting Program - National Data","programCode":["009:000"],"distribution":[{"@type":"dcat:Distribution","downloadURL":"https:\\/\\/data.cms.gov\\/provider-data\\/sites\\/default\\/files\\/resources\\/d28f4fe39808fbcea5728a42e14f8c2a_1721765116\\/Skilled_Nursing_Facility_Quality_Reporting_Program_National_Data_Jul2024.csv","mediaType":"text\\/csv"}],"theme":["Nursing homes including rehab services"]},{"accessLevel":"public","landingPage":"https:\\/\\/data.cms.gov\\/provider-data\\/dataset\\/hanv-ru8h","bureauCode":["009:38"],"issued":"2020-03-14","@type":"dcat:Dataset","modified":"2024-06-21","released":"2024-07-17","keyword":["Patient Survey","Patient Experience of Care"],"contactPoint":{"@type":"vcard:Contact","fn":"Dialysis Facility Helpdesk","hasEmail":"mailto:DialysisData@umich.edu"},"publisher":{"@type":"org:Organization","name":"Centers for Medicare \\u0026 Medicaid Services (CMS)"},"identifier":"hanv-ru8h","description":"State averages for ICH-CAHPS Survey measures. The ICH-CAHPS Survey is a national, standardized survey of in-center hemodialysis patients about their experiences with the facility, facility doctors and staff, and care received.","title":"Patient survey (ICH CAHPS) - State","programCode":["009:000"],"distribution":[{"@type":"dcat:Distribution","downloadURL":"https:\\/\\/data.cms.gov\\/provider-data\\/sites\\/default\\/files\\/resources\\/93f9c6ee2f94aec3b2233772f13ebfd1_1720656308\\/ICH_CAHPS_STATE.csv","mediaType":"text\\/csv"}],"theme":["Dialysis facilities"]},{"accessLevel":"public","landingPage":"https:\\/\\/data.cms.gov\\/provider-data\\/dataset\\/3xeb-u9wp","bureauCode":["009:38"],"issued":"2024-04-15","@type":"dcat:Dataset","modified":"2024-04-15","released":"2024-05-22","keyword":["National","Average","Quality","Measures","Quality Reporting Program"],"contactPoint":{"@type":"vcard:Contact","fn":"HospicePRquestions@cms.hhs.gov","hasEmail":"mailto:HospicePRquestions@cms.hhs.gov"},"publisher":{"@type":"org:Organization","name":"Centers for Medicare \\u0026 Medicaid Services (CMS)"},"identifier":"3xeb-u9wp","description":"National data on the quality of patient care measures.","title":"Hospice-National Data","programCode":["009:000"],"distribution":[{"@type":"dcat:Distribution","downloadURL":"https:\\/\\/data.cms.gov\\/provider-data\\/sites\\/default\\/files\\/resources\\/69f4c9466fe321a979bffc3a3c8318de_1715011507\\/Hospice_National_May2024.csv","mediaType":"text\\/csv"}],"theme":["Hospice care"]},{"accessLevel":"public","landingPage":"https:\\/\\/data.cms.gov\\/provider-data\\/dataset\\/27ea-46a8","bureauCode":["009:38"],"issued":"2023-08-17","@type":"dcat:Dataset","modified":"2024-08-01","released":"2024-08-15","keyword":["Clinicians"],"contactPoint":{"@type":"vcard:Contact","fn":"CMS","hasEmail":"mailto:QPP@cms.hhs.gov"},"publisher":{"@type":"org:Organization","name":"Centers for Medicare \\u0026 Medicaid Services (CMS)"},"identifier":"27ea-46a8","description":"This is the facility affiliations data publicly reported in the Provider Data Catalog.","title":"Facility Affiliation Data","programCode":["009:000"],"distribution":[{"@type":"dcat:Distribution","downloadURL":"https:\\/\\/data.cms.gov\\/provider-data\\/sites\\/default\\/files\\/resources\\/b7c4080ae144663e43353a9c35cd3f53_1722629116\\/Facility_Affiliation.csv","mediaType":"text\\/csv"}],"theme":["Doctors and clinicians"],"archiveExclude":false},{"accessLevel":"public","landingPage":"https:\\/\\/data.cms.gov\\/provider-data\\/dataset\\/n0yb-util","bureauCode":["009:38"],"issued":"2024-01-04","@type":"dcat:Dataset","modified":"2024-07-25","released":"2024-08-01","keyword":["Clinicians","Utilization"],"contactPoint":{"@type":"vcard:Contact","fn":"CMS","hasEmail":"mailto:QPP@cms.hhs.gov"},"publisher":{"@type":"org:Organization","name":"Centers for Medicare \\u0026 Medicaid Services (CMS)"},"identifier":"n0yb-util","description":"The Doctors and Clinicians utilization data file reports volume information for procedures of interest on clinician profile pages and in the provider data catalog (PDC) to inform patients and caregivers about clinicians\\u0027 experience.","title":"Utilization Data","programCode":["009:000"],"distribution":[{"@type":"dcat:Distribution","downloadURL":"https:\\/\\/data.cms.gov\\/provider-data\\/sites\\/default\\/files\\/resources\\/72eedb23fcbe1ef3666f89db01b85e1d_1721952314\\/Utilization.csv","mediaType":"text\\/csv"}],"theme":["Doctors and clinicians"],"archiveExclude":false},{"accessLevel":"public","landingPage":"https:\\/\\/data.cms.gov\\/provider-data\\/dataset\\/clinical_depression","bureauCode":["009:38"],"issued":"2021-01-20","@type":"dcat:Dataset","modified":"2024-01-03","released":"2024-01-18","keyword":["Linking Quality to Payment"],"contactPoint":{"@type":"vcard:Contact","fn":"ESRD QIP Helpdesk","hasEmail":"mailto:ESRDQIP@cms.hhs.gov"},"publisher":{"@type":"org:Organization","name":"Centers for Medicare \\u0026 Medicaid Services (CMS)"},"identifier":"clinical_depression","description":"This dataset includes facility details, measure score, and the state and national average measure scores for the clinical depression screening and follow up reporting measure included in the PY 2024 ESRD QIP.","title":"ESRD QIP - Clinical Depression Screening and Follow-up - Payment Year 2024","programCode":["009:000"],"distribution":[{"@type":"dcat:Distribution","downloadURL":"https:\\/\\/data.cms.gov\\/provider-data\\/sites\\/default\\/files\\/resources\\/71946e118019d4ad8016531d8b9eb077_1704384306\\/CLINICAL_DEPRESSION.csv","mediaType":"text\\/csv"}],"theme":["Dialysis facilities"]},{"accessLevel":"public","landingPage":"https:\\/\\/data.cms.gov\\/provider-data\\/dataset\\/complete_qip_data","bureauCode":["009:38"],"issued":"2021-01-20","@type":"dcat:Dataset","modified":"2024-01-03","released":"2024-01-18","keyword":["Linking Quality to Payment"],"contactPoint":{"@type":"vcard:Contact","fn":"ESRD QIP Helpdesk","hasEmail":"mailto:ESRDQIP@cms.hhs.gov"},"publisher":{"@type":"org:Organization","name":"Centers for Medicare \\u0026 Medicaid Services (CMS)"},"identifier":"complete_qip_data","description":"This dataset includes facility details, the number of eligible cases, numerator, denominator, performance rates, and measure score for each clinical measure and the measure score for each reporting measure included in the PY 2024 ESRD QIP.","title":"ESRD QIP - Complete QIP Data - Payment Year 2024","programCode":["009:000"],"distribution":[{"@type":"dcat:Distribution","downloadURL":"https:\\/\\/data.cms.gov\\/provider-data\\/sites\\/default\\/files\\/resources\\/a9d867cda63d6770bb848f381fc7f967_1704384306\\/COMPLETE_QIP_DATA.csv","mediaType":"text\\/csv"}],"theme":["Dialysis facilities"]},{"accessLevel":"public","landingPage":"https:\\/\\/data.cms.gov\\/provider-data\\/dataset\\/ktv_comprehensive","bureauCode":["009:38"],"issued":"2021-01-20","@type":"dcat:Dataset","modified":"2024-01-03","released":"2024-01-18","keyword":["Linking Quality to Payment"],"contactPoint":{"@type":"vcard:Contact","fn":"ESRD QIP Helpdesk","hasEmail":"mailto:ESRDQIP@cms.hhs.gov"},"publisher":{"@type":"org:Organization","name":"Centers for Medicare \\u0026 Medicaid Services (CMS)"},"identifier":"ktv_comprehensive","description":"This dataset includes facility details, performance rate, Kt\\/V Dialysis Adequacy Comprehensive measure score, and the state and national average measure scores for the Kt\\/V Dialysis Adequacy Comprehensive measure for the PY 2024 ESRD QIP.","title":"ESRD QIP - Dialysis Adequacy - Payment Year 2024","programCode":["009:000"],"distribution":[{"@type":"dcat:Distribution","downloadURL":"https:\\/\\/data.cms.gov\\/provider-data\\/sites\\/default\\/files\\/resources\\/ceb34f72829ad20dcc6a1b1c53d5d587_1704384306\\/KTV_COMPREHENSIVE.csv","mediaType":"text\\/csv"}],"theme":["Dialysis facilities"]},{"accessLevel":"public","landingPage":"https:\\/\\/data.cms.gov\\/provider-data\\/dataset\\/footnotes","bureauCode":["009:38"],"issued":"2021-01-20","@type":"dcat:Dataset","modified":"2024-01-03","released":"2024-01-18","keyword":["Linking Quality to Payment"],"contactPoint":{"@type":"vcard:Contact","fn":"ESRD QIP Helpdesk","hasEmail":"mailto:ESRDQIP@cms.hhs.gov"},"publisher":{"@type":"org:Organization","name":"Centers for Medicare \\u0026 Medicaid Services (CMS)"},"identifier":"footnotes","description":"This table includes a description of the footnotes that are used in the ESRD QIP datasets.","title":"ESRD QIP - Footnotes - Payment Year 2024","programCode":["009:000"],"distribution":[{"@type":"dcat:Distribution","downloadURL":"https:\\/\\/data.cms.gov\\/provider-data\\/sites\\/default\\/files\\/resources\\/3423f0b606712ba661c2dc51e22c1626_1704384306\\/FOOTNOTES.csv","mediaType":"text\\/csv"}],"theme":["Dialysis facilities"]},{"accessLevel":"public","landingPage":"https:\\/\\/data.cms.gov\\/provider-data\\/dataset\\/hypercalcemia","bureauCode":["009:38"],"issued":"2021-01-20","@type":"dcat:Dataset","modified":"2024-01-03","released":"2024-01-18","keyword":["Linking Quality to Payment"],"contactPoint":{"@type":"vcard:Contact","fn":"ESRD QIP Helpdesk","hasEmail":"mailto:ESRDQIP@cms.hhs.gov"},"publisher":{"@type":"org:Organization","name":"Centers for Medicare \\u0026 Medicaid Services (CMS)"},"identifier":"hypercalcemia","description":"This dataset includes facility details, performance rate, measure score, and the state and national average measure scores for the hypercalcemia measure included in the PY 2024 ESRD QIP.","title":"ESRD QIP - Hypercalcemia - Payment Year 2024","programCode":["009:000"],"distribution":[{"@type":"dcat:Distribution","downloadURL":"https:\\/\\/data.cms.gov\\/provider-data\\/sites\\/default\\/files\\/resources\\/3b82bdac88b42fba3d51f34cf6bd66cd_1704384306\\/HYPERCALCEMIA.csv","mediaType":"text\\/csv"}],"theme":["Dialysis facilities"]},{"accessLevel":"public","landingPage":"https:\\/\\/data.cms.gov\\/provider-data\\/dataset\\/nhsn_de","bureauCode":["009:38"],"issued":"2021-01-04","@type":"dcat:Dataset","modified":"2024-01-03","released":"2024-01-18","keyword":["Linking Quality to Payment"],"contactPoint":{"@type":"vcard:Contact","fn":"ESRD QIP Helpdesk","hasEmail":"mailto:ESRDQIP@cms.hhs.gov"},"publisher":{"@type":"org:Organization","name":"Centers for Medicare \\u0026 Medicaid Services (CMS)"},"identifier":"nhsn_de","description":"This dataset includes facility details, measure score, and the state and national average measure scores for the NHSN Dialysis Event measure included in the PY 2024 ESRD QIP.","title":"ESRD QIP - NHSN Dialysis Event Measure - Payment Year 2024","programCode":["009:000"],"distribution":[{"@type":"dcat:Distribution","downloadURL":"https:\\/\\/data.cms.gov\\/provider-data\\/sites\\/default\\/files\\/resources\\/5e2ba5055262b367cc03f1bb350eb057_1704384307\\/NHSN_DIALYSIS_EVENT.csv","mediaType":"text\\/csv"}],"theme":["Dialysis facilities"]},{"accessLevel":"public","landingPage":"https:\\/\\/data.cms.gov\\/provider-data\\/dataset\\/nhsn_bsi","bureauCode":["009:38"],"issued":"2021-01-04","@type":"dcat:Dataset","modified":"2024-01-03","released":"2024-01-18","keyword":["Linking Quality to Payment"],"contactPoint":{"@type":"vcard:Contact","fn":"ESRD QIP Helpdesk","hasEmail":"mailto:ESRDQIP@cms.hhs.gov"},"publisher":{"@type":"org:Organization","name":"Centers for Medicare \\u0026 Medicaid Services (CMS)"},"identifier":"nhsn_bsi","description":"This dataset includes facility details, performance rate, measure score, and the state and national average measure scores for the NHSN Bloodstream Infection measure included in the PY 2024 ESRD QIP.","title":"ESRD QIP - NHSN Bloodstream Infection - Payment Year 2024","programCode":["009:000"],"distribution":[{"@type":"dcat:Distribution","downloadURL":"https:\\/\\/data.cms.gov\\/provider-data\\/sites\\/default\\/files\\/resources\\/1a1a5eecbf9de992ae0a179d0ac0fa55_1704384307\\/NHSN_BSI.csv","mediaType":"text\\/csv"}],"theme":["Dialysis facilities"]},{"accessLevel":"public","landingPage":"https:\\/\\/data.cms.gov\\/provider-data\\/dataset\\/srr","bureauCode":["009:38"],"issued":"2021-01-20","@type":"dcat:Dataset","modified":"2024-01-03","released":"2024-01-18","keyword":["Linking Quality to Payment"],"contactPoint":{"@type":"vcard:Contact","fn":"ESRD QIP Helpdesk","hasEmail":"mailto:ESRDQIP@cms.hhs.gov"},"publisher":{"@type":"org:Organization","name":"Centers for Medicare \\u0026 Medicaid Services (CMS)"},"identifier":"srr","description":"This dataset includes facility details, performance ratio, measure score, and the state and national average measure scores for the SRR measure included in the PY 2024 ESRD QIP.","title":"ESRD QIP - Standardized Readmission Ratio - Payment Year 2024","programCode":["009:000"],"distribution":[{"@type":"dcat:Distribution","downloadURL":"https:\\/\\/data.cms.gov\\/provider-data\\/sites\\/default\\/files\\/resources\\/19fe743b2e345c886d57b2878777de02_1704384307\\/SRR.csv","mediaType":"text\\/csv"}],"theme":["Dialysis facilities"]},{"accessLevel":"public","landingPage":"https:\\/\\/data.cms.gov\\/provider-data\\/dataset\\/strr","bureauCode":["009:38"],"issued":"2021-01-20","@type":"dcat:Dataset","modified":"2024-01-03","released":"2024-01-18","keyword":["Linking Quality to Payment"],"contactPoint":{"@type":"vcard:Contact","fn":"ESRD QIP Helpdesk","hasEmail":"mailto:ESRDQIP@cms.hhs.gov"},"publisher":{"@type":"org:Organization","name":"Centers for Medicare \\u0026 Medicaid Services (CMS)"},"identifier":"strr","description":"This dataset includes facility details, measure score, and the state and national average measure scores for the STrR measure included in the PY 2024 ESRD QIP.","title":"ESRD QIP - Standardized Transfusion Ratio - Payment Year 2024","programCode":["009:000"],"distribution":[{"@type":"dcat:Distribution","downloadURL":"https:\\/\\/data.cms.gov\\/provider-data\\/sites\\/default\\/files\\/resources\\/23672a762f8e0140913f3dd87b4fa13d_1704384307\\/STRR.csv","mediaType":"text\\/csv"}],"theme":["Dialysis facilities"]},{"accessLevel":"public","landingPage":"https:\\/\\/data.cms.gov\\/provider-data\\/dataset\\/tps","bureauCode":["009:38"],"issued":"2021-01-20","@type":"dcat:Dataset","modified":"2024-01-03","released":"2024-01-18","keyword":["Linking Quality to Payment"],"contactPoint":{"@type":"vcard:Contact","fn":"ESRD QIP Helpdesk","hasEmail":"mailto:ESRDQIP@cms.hhs.gov"},"publisher":{"@type":"org:Organization","name":"Centers for Medicare \\u0026 Medicaid Services (CMS)"},"identifier":"tps","description":"This dataset includes facility details, total performance score, and payment reduction percentage for each facility as well as the state and national average total performance scores for the PY 2024 ESRD QIP.","title":"ESRD QIP - Total Performance Scores - Payment Year 2024","programCode":["009:000"],"distribution":[{"@type":"dcat:Distribution","downloadURL":"https:\\/\\/data.cms.gov\\/provider-data\\/sites\\/default\\/files\\/resources\\/daf8b48809955c430fc23644d393831b_1704384307\\/TPS.csv","mediaType":"text\\/csv"}],"theme":["Dialysis facilities"]},{"accessLevel":"public","landingPage":"https:\\/\\/data.cms.gov\\/provider-data\\/dataset\\/vat_topic","bureauCode":["009:38"],"issued":"2021-01-20","@type":"dcat:Dataset","modified":"2024-01-03","released":"2024-01-18","keyword":["Linking Quality to Payment"],"contactPoint":{"@type":"vcard:Contact","fn":"ESRD QIP Helpdesk","hasEmail":"mailto:ESRDQIP@cms.hhs.gov"},"publisher":{"@type":"org:Organization","name":"Centers for Medicare \\u0026 Medicaid Services (CMS)"},"identifier":"vat_topic","description":"This dataset includes facility details, performance rates, vascular access topic measure score, and the state and national average measure scores for the vascular access topic measure and the following vascular access measures: AV fistula and catheter \\u0026gt;= 90 days, which are included in the vascular access type measure topic for the PY 2024 ESRD QIP.","title":"ESRD QIP - Vascular Access Topic - Payment Year 2024","programCode":["009:000"],"distribution":[{"@type":"dcat:Distribution","downloadURL":"https:\\/\\/data.cms.gov\\/provider-data\\/sites\\/default\\/files\\/resources\\/d8fa8585330f0bc2530456aae745f37e_1704384307\\/VAT_TOPIC.csv","mediaType":"text\\/csv"}],"theme":["Dialysis facilities"]},{"accessLevel":"public","landingPage":"https:\\/\\/data.cms.gov\\/provider-data\\/dataset\\/ufr","bureauCode":["009:38"],"issued":"2021-01-20","@type":"dcat:Dataset","modified":"2024-01-03","released":"2024-01-18","keyword":["Linking Quality to Payment"],"contactPoint":{"@type":"vcard:Contact","fn":"ESRD QIP Helpdesk","hasEmail":"mailto:ESRDQIP@cms.hhs.gov"},"publisher":{"@type":"org:Organization","name":"Centers for Medicare \\u0026 Medicaid Services (CMS)"},"identifier":"ufr","description":"This dataset includes facility details, measure score, and the state and national average measure scores for the ultrafiltration reporting measure included in the PY 2024 ESRD QIP.","title":"ESRD QIP - Ultrafiltration Rate - Payment Year 2024","programCode":["009:000"],"distribution":[{"@type":"dcat:Distribution","downloadURL":"https:\\/\\/data.cms.gov\\/provider-data\\/sites\\/default\\/files\\/resources\\/6abdbe7fb30e914fd97d946c8ea9a93f_1704384307\\/UFR.csv","mediaType":"text\\/csv"}],"theme":["Dialysis facilities"]},{"accessLevel":"public","landingPage":"https:\\/\\/data.cms.gov\\/provider-data\\/dataset\\/shr","bureauCode":["009:38"],"issued":"2021-01-20","@type":"dcat:Dataset","modified":"2024-01-03","released":"2024-01-18","keyword":["Linking Quality to Payment"],"contactPoint":{"@type":"vcard:Contact","fn":"ESRD QIP Helpdesk","hasEmail":"mailto:ESRDQIP@cms.hhs.gov"},"publisher":{"@type":"org:Organization","name":"Centers for Medicare \\u0026 Medicaid Services (CMS)"},"identifier":"shr","description":"This dataset includes facility details, performance rates, hospitalization measure score, and the state and national average measure scores for the SHR measure for the PY 2024 ESRD QIP.","title":"ESRD QIP - Standardized Hospitalization Ratio - Payment Year 2024","programCode":["009:000"],"distribution":[{"@type":"dcat:Distribution","downloadURL":"https:\\/\\/data.cms.gov\\/provider-data\\/sites\\/default\\/files\\/resources\\/f5bd0506b305f5a8c8d9bd9b1d967271_1704384307\\/SHR.csv","mediaType":"text\\/csv"}],"theme":["Dialysis facilities"]},{"accessLevel":"public","landingPage":"https:\\/\\/data.cms.gov\\/provider-data\\/dataset\\/medrec","bureauCode":["009:38"],"issued":"2022-04-12","@type":"dcat:Dataset","modified":"2024-01-03","released":"2024-01-18","keyword":["Linking Quality to Payment"],"contactPoint":{"@type":"vcard:Contact","fn":"ESRD QIP Helpdesk","hasEmail":"mailto:ESRDQIP@cms.hhs.gov"},"publisher":{"@type":"org:Organization","name":"Centers for Medicare \\u0026 Medicaid Services (CMS)"},"identifier":"medrec","description":"This dataset includes facility details, measure score, and the state and national average measure scores for the Medication Reconciliation reporting measure included in the PY 2024 ESRD QIP.","title":"ESRD QIP - Medication Reconciliation - Payment Year 2024","programCode":["009:000"],"distribution":[{"@type":"dcat:Distribution","downloadURL":"https:\\/\\/data.cms.gov\\/provider-data\\/sites\\/default\\/files\\/resources\\/c57dd316e0bc6eaebfbc4becd4931414_1704384308\\/MEDREC.csv","mediaType":"text\\/csv"}],"theme":["Dialysis facilities"]},{"accessLevel":"public","landingPage":"https:\\/\\/data.cms.gov\\/provider-data\\/dataset\\/pppw","bureauCode":["009:38"],"issued":"2022-04-12","@type":"dcat:Dataset","modified":"2024-01-03","released":"2024-01-18","keyword":["Linking Quality to Payment"],"contactPoint":{"@type":"vcard:Contact","fn":"ESRD QIP Helpdesk","hasEmail":"mailto:ESRDQIP@cms.hhs.gov"},"publisher":{"@type":"org:Organization","name":"Centers for Medicare \\u0026 Medicaid Services (CMS)"},"identifier":"pppw","description":"This dataset includes facility details, performance rates, measure score, and the state and national average measure scores for the PPPW measure for the PY 2024 ESRD QIP.","title":"ESRD QIP - Percentage of Prevalent Patients Waitlisted - Payment Year 2024","programCode":["009:000"],"distribution":[{"@type":"dcat:Distribution","downloadURL":"https:\\/\\/data.cms.gov\\/provider-data\\/sites\\/default\\/files\\/resources\\/65d576c2601397e4b3d58abb7c894a3e_1704384308\\/PPPW.csv","mediaType":"text\\/csv"}],"theme":["Dialysis facilities"]},{"accessLevel":"public","landingPage":"https:\\/\\/data.cms.gov\\/provider-data\\/dataset\\/mxtu-43qs","bureauCode":["009:38"],"issued":"2024-07-31","@type":"dcat:Dataset","modified":"2024-07-18","released":"2024-07-31","keyword":["Hip Knee","Patient Reported","Outcomes","Surgery"],"contactPoint":{"@type":"vcard:Contact","fn":"Hospital Compare","hasURL":"https:\\/\\/cmsqualitysupport.servicenowservices.com\\/qnet_qa"},"publisher":{"@type":"org:Organization","name":"Centers for Medicare \\u0026 Medicaid Services (CMS)"},"identifier":"mxtu-43qs","description":"Patient-reported outcomes are reports from patients about aspects of care that matter most to them, like pain management, functional ability (like their ability to walk, think, see, hear and remember), and overall quality of life. Through surveys or questionnaires, patients self-report the effectiveness of the care they got from their provider.","title":"Patient-Reported Outcomes - Hospital","programCode":["009:000"],"distribution":[{"@type":"dcat:Distribution","downloadURL":"https:\\/\\/data.cms.gov\\/provider-data\\/sites\\/default\\/files\\/resources\\/60ee1962356ca17e50e12f95d2871b46_1721347506\\/PATIENT_REPORTED_OUTCOMES_FACILITY.csv","mediaType":"text\\/csv"}],"theme":["Hospitals"]},{"accessLevel":"public","landingPage":"https:\\/\\/data.cms.gov\\/provider-data\\/dataset\\/qoeg-w7ck","bureauCode":["009:38"],"issued":"2024-07-31","@type":"dcat:Dataset","modified":"2024-07-08","released":"2024-07-31","keyword":["Cancer","Chemotherapy","Hospice","Intensive Care Unit"],"contactPoint":{"@type":"vcard:Contact","fn":"Hospital Compare","hasURL":"https:\\/\\/cmsqualitysupport.servicenowservices.com\\/qnet_qa"},"publisher":{"@type":"org:Organization","name":"Centers for Medicare \\u0026 Medicaid Services (CMS)"},"identifier":"qoeg-w7ck","description":"Palliative care is specialized medical care that focuses on providing relief from pain and other symptoms of a serious illness. These measures are first steps that seek to broadly assess what is happening in PCHs at the end-of-life and will provide a baseline picture of existing end-of-life care at these hospitals.","title":"Palliative Care - PPS-Exempt Cancer Hospital - Hospital","programCode":["009:000"],"distribution":[{"@type":"dcat:Distribution","downloadURL":"https:\\/\\/data.cms.gov\\/provider-data\\/sites\\/default\\/files\\/resources\\/2d420234bc6bcc963c6c374d91b0ed90_1721117182\\/PCH_Palliative_Care_HOSPITAL.csv","mediaType":"text\\/csv"}],"theme":["Hospitals"]},{"accessLevel":"public","landingPage":"https:\\/\\/data.cms.gov\\/provider-data\\/dataset\\/qigt-w5cx","bureauCode":["009:38"],"issued":"2024-07-31","@type":"dcat:Dataset","modified":"2024-07-08","released":"2024-07-31","keyword":["Cancer","Chemotherapy","Hospice","Intensive Care Unit"],"contactPoint":{"@type":"vcard:Contact","fn":"Hospital Compare","hasURL":"https:\\/\\/cmsqualitysupport.servicenowservices.com\\/qnet_qa"},"publisher":{"@type":"org:Organization","name":"Centers for Medicare \\u0026 Medicaid Services (CMS)"},"identifier":"qigt-w5cx","description":"Palliative care is specialized medical care that focuses on providing relief from pain and other symptoms of a serious illness. These measures are first steps that seek to broadly assess what is happening in PCHs at the end-of-life and will provide a baseline picture of existing end-of-life care at these hospitals.","title":"Palliative Care - PPS-Exempt Cancer Hospital - National","programCode":["009:000"],"distribution":[{"@type":"dcat:Distribution","downloadURL":"https:\\/\\/data.cms.gov\\/provider-data\\/sites\\/default\\/files\\/resources\\/b19666c7d9f040b0fffd9c7135a7d92d_1721117182\\/PCH_Palliative_Care_NATIONAL.csv","mediaType":"text\\/csv"}],"theme":["Hospitals"]},{"@type":"dcat:Dataset","identifier":"e491-a466","title":"Audiologist Office Visit Costs","description":"Returns audiologist office visit costs per zip code for new and established patients.","keyword":["Audiologist"],"issued":"2024-08-05","modified":"2024-08-05","released":"2024-08-08","distribution":[{"@type":"dcat:Distribution","downloadURL":"https:\\/\\/data.cms.gov\\/provider-data\\/sites\\/default\\/files\\/resources\\/087e2956299a744bd3a07a16e55be62a_1722902713\\/Audiologist.csv","mediaType":"text\\/csv","title":"Audiologist.csv"}],"landingPage":"https:\\/\\/data.medicare.gov\\/provider-data\\/dataset\\/e491-a466","theme":["Physician office visit costs"],"accessLevel":"public","bureauCode":["009:38"],"contactPoint":{"@type":"vcard:Contact","fn":"PPL Dataset","hasEmail":"mailto:PPL_Dataset@cms.hhs.gov"},"publisher":{"@type":"org:Organization","name":"Centers for Medicare \\u0026 Medicaid Services (CMS)"},"programCode":["009:000"]},{"@type":"dcat:Dataset","identifier":"730a-fcd0","title":"Mass Immunizer Roster Biller Office Visit Costs","description":"Returns mass immunizer roster biller office visit costs per zip code for new and established patients.","keyword":["Mass Immunizer Roster Biller"],"issued":"2024-08-05","modified":"2024-08-05","released":"2024-08-08","distribution":[{"@type":"dcat:Distribution","downloadURL":"https:\\/\\/data.cms.gov\\/provider-data\\/sites\\/default\\/files\\/resources\\/4711c8c896de8fff0b89c9020723d855_1722902740\\/Mass_Immunizer_Roster_Biller.csv","mediaType":"text\\/csv","title":"Mass_Immunizer_Roster_Biller.csv"}],"landingPage":"https:\\/\\/data.medicare.gov\\/provider-data\\/dataset\\/730a-fcd0","theme":["Physician office visit costs"],"accessLevel":"public","bureauCode":["009:38"],"contactPoint":{"@type":"vcard:Contact","fn":"PPL Dataset","hasEmail":"mailto:PPL_Dataset@cms.hhs.gov"},"publisher":{"@type":"org:Organization","name":"Centers for Medicare \\u0026 Medicaid Services (CMS)"},"programCode":["009:000"]},{"@type":"dcat:Dataset","identifier":"cd1d-5f84","title":"Micrographic Dermatologic Surgery Office Visit Costs","description":"Returns micrographic dermatologic surgery office visit costs per zip code for new and established patients.","keyword":["Micrographic Dermatologic Surgery"],"issued":"2024-08-05","modified":"2024-08-05","released":"2024-08-08","distribution":[{"@type":"dcat:Distribution","downloadURL":"https:\\/\\/data.cms.gov\\/provider-data\\/sites\\/default\\/files\\/resources\\/b520953b8dfd04683444a3bef8a8b36a_1722902743\\/Micrographic_Dermatologic_Surgery.csv","mediaType":"text\\/csv","title":"Micrographic_Dermatologic_Surgery.csv"}],"landingPage":"https:\\/\\/data.medicare.gov\\/provider-data\\/dataset\\/cd1d-5f84","theme":["Physician office visit costs"],"accessLevel":"public","bureauCode":["009:38"],"contactPoint":{"@type":"vcard:Contact","fn":"PPL Dataset","hasEmail":"mailto:PPL_Dataset@cms.hhs.gov"},"publisher":{"@type":"org:Organization","name":"Centers for Medicare \\u0026 Medicaid Services (CMS)"},"programCode":["009:000"]},{"@type":"dcat:Dataset","identifier":"4533-9861","title":"Opioid Treatment Program Office Visit Costs","description":"Returns opioid treatment program office visit costs per zip code for new and established patients.","keyword":["Opioid Treatment Program"],"issued":"2024-08-05","modified":"2024-08-05","released":"2024-08-08","distribution":[{"@type":"dcat:Distribution","downloadURL":"https:\\/\\/data.cms.gov\\/provider-data\\/sites\\/default\\/files\\/resources\\/6ac0d653f0fa1b7a772eaac1ab2c8711_1722902750\\/Opioid_Treatment_Program.csv","mediaType":"text\\/csv","title":"Opioid_Treatment_Program.csv"}],"landingPage":"https:\\/\\/data.medicare.gov\\/provider-data\\/dataset\\/4533-9861","theme":["Physician office visit costs"],"accessLevel":"public","bureauCode":["009:38"],"contactPoint":{"@type":"vcard:Contact","fn":"PPL Dataset","hasEmail":"mailto:PPL_Dataset@cms.hhs.gov"},"publisher":{"@type":"org:Organization","name":"Centers for Medicare \\u0026 Medicaid Services (CMS)"},"programCode":["009:000"]},{"@type":"dcat:Dataset","identifier":"254e-694c","title":"Pharmacy Office Visit Costs","description":"Returns pharmacy office visit costs per zip code for new and established patients.","keyword":["Pharmacy"],"issued":"2024-08-05","modified":"2024-08-05","released":"2024-08-08","distribution":[{"@type":"dcat:Distribution","downloadURL":"https:\\/\\/data.cms.gov\\/provider-data\\/sites\\/default\\/files\\/resources\\/b86892ffca1fa50e9c3f5d329065a01d_1722902758\\/Pharmacy.csv","mediaType":"text\\/csv","title":"Pharmacy.csv"}],"landingPage":"https:\\/\\/data.medicare.gov\\/provider-data\\/dataset\\/254e-694c","theme":["Physician office visit costs"],"accessLevel":"public","bureauCode":["009:38"],"contactPoint":{"@type":"vcard:Contact","fn":"PPL Dataset","hasEmail":"mailto:PPL_Dataset@cms.hhs.gov"},"publisher":{"@type":"org:Organization","name":"Centers for Medicare \\u0026 Medicaid Services (CMS)"},"programCode":["009:000"]}]'
2024-08-23 14:36:20 - INFO - Completed CMS data download and processing.
2024-08-23 14:37:30 - INFO - Starting CMS data download and processing...
2024-08-23 14:37:30 - INFO - 🏗️ Fetching datasets...
2024-08-23 14:37:30 - DEBUG - Starting new HTTPS connection (1): data.cms.gov:443
2024-08-23 14:37:30 - DEBUG - https://data.cms.gov:443 "GET /provider-data/api/1/metastore/schemas/dataset/items HTTP/11" 200 30377
2024-08-23 14:37:30 - INFO - ✅ Finished fetching datasets.
2024-08-23 14:37:30 - INFO - Completed CMS data download and processing.
2024-08-23 14:41:18 - INFO - Starting CMS data download and processing...
2024-08-23 14:41:18 - INFO - 🏗️ Fetching datasets...
2024-08-23 14:41:18 - DEBUG - Starting new HTTPS connection (1): data.cms.gov:443
2024-08-23 14:41:19 - DEBUG - https://data.cms.gov:443 "GET /provider-data/api/1/metastore/schemas/dataset/items HTTP/11" 200 30377
2024-08-23 14:42:09 - INFO - Starting CMS data download and processing...
2024-08-23 14:42:09 - INFO - 🏗️ Fetching datasets...
2024-08-23 14:42:09 - DEBUG - Starting new HTTPS connection (1): data.cms.gov:443
2024-08-23 14:42:10 - DEBUG - https://data.cms.gov:443 "GET /provider-data/api/1/metastore/schemas/dataset/items HTTP/11" 200 30377
2024-08-23 14:43:00 - INFO - Starting CMS data download and processing...
2024-08-23 14:43:00 - INFO - 🏗️ Fetching datasets...
2024-08-23 14:43:00 - DEBUG - Starting new HTTPS connection (1): data.cms.gov:443
2024-08-23 14:43:00 - DEBUG - https://data.cms.gov:443 "GET /provider-data/api/1/metastore/schemas/dataset/items HTTP/11" 200 30377
2024-08-23 14:44:19 - INFO - Starting CMS data download and processing...
2024-08-23 14:44:19 - INFO - 🏗️ Fetching datasets...
2024-08-23 14:44:19 - DEBUG - Starting new HTTPS connection (1): data.cms.gov:443
2024-08-23 14:44:19 - DEBUG - https://data.cms.gov:443 "GET /provider-data/api/1/metastore/schemas/dataset/items HTTP/11" 200 30377
2024-08-23 14:47:16 - INFO - Starting CMS data download and processing...
2024-08-23 14:47:16 - INFO - 🏗️ Fetching datasets...
2024-08-23 14:47:16 - DEBUG - Starting new HTTPS connection (1): data.cms.gov:443
2024-08-23 14:47:16 - DEBUG - https://data.cms.gov:443 "GET /provider-data/api/1/metastore/schemas/dataset/items HTTP/11" 200 30377
2024-08-23 14:47:16 - INFO - Validated dataset: Dialysis Facility - Listing by Facility
2024-08-23 14:47:16 - INFO - Validated dataset: Dialysis Facility - State Averages
2024-08-23 14:47:16 - INFO - Validated dataset: Dialysis Facility - National Averages
2024-08-23 14:47:16 - INFO - Validated dataset: Patient survey (ICH CAHPS) - Facility
2024-08-23 14:47:16 - INFO - Validated dataset: Patient survey (ICH CAHPS) - National
2024-08-23 14:47:16 - INFO - Validated dataset: Home Health Care - Zip Codes
2024-08-23 14:47:16 - INFO - Validated dataset: Home Health Care Agencies
2024-08-23 14:47:16 - INFO - Validated dataset: Home Health Care - National Data
2024-08-23 14:47:16 - INFO - Validated dataset: Hospice - Zip Data
2024-08-23 14:47:16 - INFO - Validated dataset: Hospice - General Information
2024-08-23 14:47:16 - INFO - Validated dataset: Hospice - Provider Data
2024-08-23 14:47:16 - INFO - Validated dataset: Hospice care - Provider CAHPS Hospice Survey Data
2024-08-23 14:47:16 - INFO - Validated dataset: Hospice care - National CAHPS Hospice Survey Data
2024-08-23 14:47:16 - INFO - Validated dataset: Outpatient and Ambulatory Surgery Consumer Assessment of Healthcare Providers and Systems (OAS CAHPS) survey for ambulatory surgical centers - Facility
2024-08-23 14:47:16 - INFO - Validated dataset: Ambulatory Surgical Center Quality Measures - Facility
2024-08-23 14:47:16 - INFO - Validated dataset: Ambulatory Surgical Center Quality Measures - National
2024-08-23 14:47:16 - INFO - Validated dataset: Outpatient and Ambulatory Surgery Consumer Assessment of Healthcare Providers and Systems (OAS CAHPS) survey for ambulatory surgical centers - National
2024-08-23 14:47:16 - INFO - Validated dataset: Ambulatory Surgical Center Quality Measures - State
2024-08-23 14:47:16 - INFO - Validated dataset: Outpatient and Ambulatory Surgery Consumer Assessment of Healthcare Providers and Systems (OAS CAHPS) survey for ambulatory surgical centers - State
2024-08-23 14:47:16 - INFO - Validated dataset: Comprehensive Care For Joint Replacement Model - Provider Data
2024-08-23 14:47:16 - INFO - Validated dataset: CMS Medicare PSI-90 and component measures - six-digit estimate dataset
2024-08-23 14:47:16 - INFO - Validated dataset: Complications and Deaths - Hospital
2024-08-23 14:47:16 - INFO - Validated dataset: Complications and Deaths - National
2024-08-23 14:47:16 - INFO - Validated dataset: Complications and Deaths - State
2024-08-23 14:47:16 - INFO - Validated dataset: Footnote Crosswalk
2024-08-23 14:47:16 - INFO - Validated dataset: Outpatient and Ambulatory Surgery Consumer Assessment of Healthcare Providers and Systems (OAS CAHPS) survey - Footnotes
2024-08-23 14:47:16 - INFO - Validated dataset: Table 2: FY2021 Distribution of Net Change in Base Operating DRG Payment Amount
2024-08-23 14:47:16 - INFO - Validated dataset: Table 1: FY2021 Net Change in Base Operating DRG Payment Amount
2024-08-23 14:47:16 - INFO - Validated dataset: Table 3: FY2021 Percent Change in Medicare Payments
2024-08-23 14:47:16 - INFO - Validated dataset: Table 4: FY2021 Value-Based Incentive Payment Amount
2024-08-23 14:47:16 - INFO - Validated dataset: Patient survey (HCAHPS) - Hospital
2024-08-23 14:47:16 - INFO - Validated dataset: Patient survey (HCAHPS) - National
2024-08-23 14:47:16 - INFO - Validated dataset: Patient survey (HCAHPS) - State
2024-08-23 14:47:16 - INFO - Validated dataset: Healthcare Associated Infections - Hospital
2024-08-23 14:47:16 - INFO - Validated dataset: Healthcare Associated Infections - National
2024-08-23 14:47:16 - INFO - Validated dataset: Healthcare Associated Infections - State
2024-08-23 14:47:16 - INFO - Validated dataset: Outpatient and Ambulatory Surgery Consumer Assessment of Healthcare Providers and Systems (OAS CAHPS) survey for hospital outpatient departments - Facility
2024-08-23 14:47:16 - INFO - Validated dataset: Outpatient and Ambulatory Surgery Consumer Assessment of Healthcare Providers and Systems (OAS CAHPS) survey for hospital outpatient departments - National
2024-08-23 14:47:16 - INFO - Validated dataset: Outpatient and Ambulatory Surgery Consumer Assessment of Healthcare Providers and Systems (OAS CAHPS) survey for hospital outpatient departments - State
2024-08-23 14:47:16 - INFO - Validated dataset: Hospital General Information
2024-08-23 14:47:16 - INFO - Validated dataset: Complications and Unplanned Hospital Visits - PPS-Exempt Cancer Hospital - Hospital
2024-08-23 14:47:16 - INFO - Validated dataset: Complications and Unplanned Hospital Visits - PPS-Exempt Cancer Hospital - National
2024-08-23 14:47:16 - INFO - Validated dataset: Hospital-Acquired Condition (HAC) Reduction Program
2024-08-23 14:47:16 - INFO - Validated dataset: Medicare Spending Per Beneficiary - Hospital Additional Decimal Places
2024-08-23 14:47:16 - INFO - Validated dataset: Safety and Healthcare-Associated Infection Measures - PPS-Exempt Cancer Hospital
2024-08-23 14:47:16 - INFO - Validated dataset: Patient Survey (PCH - HCAHPS) PPS-Exempt Cancer Hospital - Hospital
2024-08-23 14:47:16 - INFO - Validated dataset: Patient Survey (PCH - HCAHPS) PPS-Exempt Cancer Hospital - National
2024-08-23 14:47:16 - INFO - Validated dataset: Patient Survey (PCH - HCAHPS) PPS-Exempt Cancer Hospital - State
2024-08-23 14:47:16 - INFO - Validated dataset: Hospital Readmissions Reduction Program
2024-08-23 14:47:16 - INFO - Validated dataset: Hospital Value-Based Purchasing (HVBP) - Clinical Outcomes Domain Scores
2024-08-23 14:47:16 - INFO - Validated dataset: Hospital Value-Based Purchasing (HVBP) - Efficiency Scores
2024-08-23 14:47:16 - INFO - Validated dataset: Hospital Value-Based Purchasing (HVBP) - Person and Community Engagement Domain Scores (HCAHPS)
2024-08-23 14:47:16 - INFO - Validated dataset: Hospital Value-Based Purchasing (HVBP) - Safety
2024-08-23 14:47:16 - INFO - Validated dataset: Hospital Value-Based Purchasing (HVBP) - Total Performance Score
2024-08-23 14:47:16 - INFO - Validated dataset: Inpatient Psychiatric Facility Quality Measure Data - by Facility
2024-08-23 14:47:16 - INFO - Validated dataset: Inpatient Psychiatric Facility Quality Measure Data - National
2024-08-23 14:47:16 - INFO - Validated dataset: Inpatient Psychiatric Facility Quality Measure Data - by State
2024-08-23 14:47:16 - INFO - Validated dataset: Measure Dates
2024-08-23 14:47:16 - INFO - Validated dataset: Medicare Hospital Spending by Claim
2024-08-23 14:47:16 - INFO - Validated dataset: Medicare Spending Per Beneficiary - Hospital
2024-08-23 14:47:16 - INFO - Validated dataset: Medicare Spending Per Beneficiary - National
2024-08-23 14:47:16 - INFO - Validated dataset: Medicare Spending Per Beneficiary - State
2024-08-23 14:47:16 - INFO - Validated dataset: Outpatient Imaging Efficiency - Hospital
2024-08-23 14:47:16 - INFO - Validated dataset: Outpatient Imaging Efficiency - National
2024-08-23 14:47:16 - INFO - Validated dataset: Outpatient Imaging Efficiency - State
2024-08-23 14:47:16 - INFO - Validated dataset: Payment - National
2024-08-23 14:47:16 - INFO - Validated dataset: Payment and value of care - Hospital
2024-08-23 14:47:16 - INFO - Validated dataset: Timely and Effective Care - Hospital
2024-08-23 14:47:16 - INFO - Validated dataset: Timely and Effective Care - National
2024-08-23 14:47:16 - INFO - Validated dataset: Timely and Effective Care - State
2024-08-23 14:47:16 - INFO - Validated dataset: Unplanned Hospital Visits - Hospital
2024-08-23 14:47:16 - INFO - Validated dataset: Unplanned Hospital Visits - National
2024-08-23 14:47:16 - INFO - Validated dataset: Unplanned Hospital Visits - State
2024-08-23 14:47:16 - INFO - Validated dataset: Veterans Health Administration Behavioral Health Data
2024-08-23 14:47:16 - INFO - Validated dataset: Veterans Health Administration Timely and Effective Care Data
2024-08-23 14:47:16 - INFO - Validated dataset: Value of care - National
2024-08-23 14:47:16 - INFO - Validated dataset: Veterans Health Administration Provider Level Data
2024-08-23 14:47:16 - INFO - Validated dataset: Data Updates
2024-08-23 14:47:16 - INFO - Validated dataset: Inpatient Rehabilitation Facility - General Information
2024-08-23 14:47:16 - INFO - Validated dataset: Inpatient Rehabilitation Facility - Provider Data
2024-08-23 14:47:16 - INFO - Validated dataset: Inpatient Rehabilitation Facility - Conditions
2024-08-23 14:47:16 - INFO - Validated dataset: Long-Term Care Hospital - General Information
2024-08-23 14:47:16 - INFO - Validated dataset: Long-Term Care Hospital - Provider Data
2024-08-23 14:47:16 - INFO - Validated dataset: Fire Safety Deficiencies
2024-08-23 14:47:16 - INFO - Validated dataset: Health Deficiencies
2024-08-23 14:47:16 - INFO - Validated dataset: MDS Quality Measures
2024-08-23 14:47:16 - INFO - Validated dataset: Medicare Claims Quality Measures
2024-08-23 14:47:16 - INFO - Validated dataset: Ownership
2024-08-23 14:47:16 - INFO - Validated dataset: Penalties
2024-08-23 14:47:16 - INFO - Validated dataset: Provider Information
2024-08-23 14:47:16 - INFO - Validated dataset: Skilled Nursing Facility Quality Reporting Program - Provider Data
2024-08-23 14:47:16 - INFO - Validated dataset: Skilled Nursing Facility Quality Reporting Program - Swing Beds - Provider Data
2024-08-23 14:47:16 - INFO - Validated dataset: State US Averages
2024-08-23 14:47:16 - INFO - Validated dataset: Survey Summary
2024-08-23 14:47:16 - INFO - Validated dataset: FY 2024 SNF VBP Facility-Level Dataset
2024-08-23 14:47:16 - INFO - Validated dataset: FY 2024 SNF VBP Aggregate Performance
2024-08-23 14:47:16 - INFO - Validated dataset: Nursing Home Data Collection Intervals
2024-08-23 14:47:16 - INFO - Validated dataset: Citation Code Look-up
2024-08-23 14:47:16 - INFO - Validated dataset: National Downloadable File
2024-08-23 14:47:16 - INFO - Validated dataset: PY 2022 Group Public Reporting: MIPS Measures and Attestations
2024-08-23 14:47:16 - INFO - Validated dataset: PY 2022 Group Public Reporting: Patient Experience
2024-08-23 14:47:16 - INFO - Validated dataset: PY 2022 Clinician Public Reporting: MIPS Measures and Attestations
2024-08-23 14:47:16 - INFO - Validated dataset: PY 2022 Clinician Public Reporting: Overall MIPS Performance
2024-08-23 14:47:16 - INFO - Validated dataset: Inspection Dates
2024-08-23 14:47:16 - INFO - Validated dataset: State-Level Health Inspection Cut Points
2024-08-23 14:47:16 - INFO - Validated dataset: Home Health Care - Patient Survey (HHCAHPS) 2023Q1 to 2023Q4
2024-08-23 14:47:16 - INFO - Validated dataset: Home Health Care - Patient Survey (HHCAHPS) National Data 2023Q1 to 2023Q4
2024-08-23 14:47:16 - INFO - Validated dataset: Home Health Care - Patient Survey (HHCAHPS) State Data 2023Q1 to 2023Q4
2024-08-23 14:47:16 - INFO - Validated dataset: Home Health Care - Patient Survey (HHCAHPS) Measure Dates 2023Q1 to 2023Q4
2024-08-23 14:47:16 - INFO - Validated dataset: Addiction Medicine Office Visit Costs
2024-08-23 14:47:16 - INFO - Validated dataset: Advanced Heart Failure and Transplant Cardiology Office Visit Costs
2024-08-23 14:47:16 - INFO - Validated dataset: Allergy/ Immunology Office Visit Costs
2024-08-23 14:47:16 - INFO - Validated dataset: Anesthesiology Office Visit Costs
2024-08-23 14:47:16 - INFO - Validated dataset: Cardiac Surgery Office Visit Costs
2024-08-23 14:47:16 - INFO - Validated dataset: Cardiology Office Visit Costs
2024-08-23 14:47:16 - INFO - Validated dataset: Certified Clinical Nurse Specialist Office Visit Costs
2024-08-23 14:47:16 - INFO - Validated dataset: Certified Nurse Midwife Office Visit Costs
2024-08-23 14:47:16 - INFO - Validated dataset: Certified Registered Nurse Anesthetist (CRNA) Office Visit Costs
2024-08-23 14:47:16 - INFO - Validated dataset: Clinic or Group Practice Office Visit Costs
2024-08-23 14:47:16 - INFO - Validated dataset: Clinical Cardiac Electrophysiology Office Visit Costs
2024-08-23 14:47:16 - INFO - Validated dataset: Clinical Laboratory Office Visit Costs
2024-08-23 14:47:16 - INFO - Validated dataset: Colorectal Surgery (Proctology) Office Visit Costs
2024-08-23 14:47:16 - INFO - Validated dataset: Critical Care (Intensivists) Office Visit Costs
2024-08-23 14:47:16 - INFO - Validated dataset: Dentist Office Visit Costs
2024-08-23 14:47:16 - INFO - Validated dataset: Dermatology Office Visit Costs
2024-08-23 14:47:16 - INFO - Validated dataset: Diagnostic Radiology Office Visit Costs
2024-08-23 14:47:16 - INFO - Validated dataset: Emergency Medicine Office Visit Costs
2024-08-23 14:47:16 - INFO - Validated dataset: Endocrinology Office Visit Costs
2024-08-23 14:47:16 - INFO - Validated dataset: Family Practice Office Visit Costs
2024-08-23 14:47:16 - INFO - Validated dataset: Gastroenterology Office Visit Costs
2024-08-23 14:47:16 - INFO - Validated dataset: General Practice Office Visit Costs
2024-08-23 14:47:16 - INFO - Validated dataset: General Surgery Office Visit Costs
2024-08-23 14:47:16 - INFO - Validated dataset: Geriatric Medicine Office Visit Costs
2024-08-23 14:47:16 - INFO - Validated dataset: Geriatric Psychiatry Office Visit Costs
2024-08-23 14:47:16 - INFO - Validated dataset: Gynecological Oncology Office Visit Costs
2024-08-23 14:47:16 - INFO - Validated dataset: Hand Surgery Office Visit Costs
2024-08-23 14:47:16 - INFO - Validated dataset: Hematology Office Visit Costs
2024-08-23 14:47:16 - INFO - Validated dataset: Hematology-Oncology Office Visit Costs
2024-08-23 14:47:16 - INFO - Validated dataset: Hematopoietic Cell Transplantation and Cellular Therapy Office Visit Costs
2024-08-23 14:47:16 - INFO - Validated dataset: Hospice and Palliative Care Office Visit Costs
2024-08-23 14:47:16 - INFO - Validated dataset: Hospitalist Office Visit Costs
2024-08-23 14:47:16 - INFO - Validated dataset: Infectious Disease Office Visit Costs
2024-08-23 14:47:16 - INFO - Validated dataset: Internal Medicine Office Visit Costs
2024-08-23 14:47:16 - INFO - Validated dataset: Interventional Cardiology Office Visit Costs
2024-08-23 14:47:16 - INFO - Validated dataset: Interventional Pain Management Office Visit Costs
2024-08-23 14:47:16 - INFO - Validated dataset: Interventional Radiology Office Visit Costs
2024-08-23 14:47:16 - INFO - Validated dataset: Maxillofacial Surgery Office Visit Costs
2024-08-23 14:47:16 - INFO - Validated dataset: Medical Oncology Office Visit Costs
2024-08-23 14:47:16 - INFO - Validated dataset: Medical Toxicology Office Visit Costs
2024-08-23 14:47:16 - INFO - Validated dataset: Nephrology Office Visit Costs
2024-08-23 14:47:16 - INFO - Validated dataset: Neurology Office Visit Costs
2024-08-23 14:47:16 - INFO - Validated dataset: Neuropsychiatry Office Visit Costs
2024-08-23 14:47:16 - INFO - Validated dataset: Neurosurgery Office Visit Costs
2024-08-23 14:47:16 - INFO - Validated dataset: Nuclear Medicine Office Visit Costs
2024-08-23 14:47:16 - INFO - Validated dataset: Nurse Practitioner Office Visit Costs
2024-08-23 14:47:16 - INFO - Validated dataset: Obstetrics & Gynecology Office Visit Costs
2024-08-23 14:47:16 - INFO - Validated dataset: Ophthalmology Office Visit Costs
2024-08-23 14:47:16 - INFO - Validated dataset: Optometry Office Visit Costs
2024-08-23 14:47:16 - INFO - Validated dataset: Oral Surgery (Dentist only) Office Visit Costs
2024-08-23 14:47:16 - INFO - Validated dataset: Orthopedic Surgery Office Visit Costs
2024-08-23 14:47:16 - INFO - Validated dataset: Osteopathic Manipulative Medicine Office Visit Costs
2024-08-23 14:47:16 - INFO - Validated dataset: Otolaryngology Office Visit Costs
2024-08-23 14:47:16 - INFO - Validated dataset: Pain Management Office Visit Costs
2024-08-23 14:47:16 - INFO - Validated dataset: Pathology Office Visit Costs
2024-08-23 14:47:16 - INFO - Validated dataset: Pediatric Medicine Office Visit Costs
2024-08-23 14:47:16 - INFO - Validated dataset: Peripheral Vascular Disease Office Visit Costs
2024-08-23 14:47:16 - INFO - Validated dataset: Physical Medicine and Rehabilitation Office Visit Costs
2024-08-23 14:47:16 - INFO - Validated dataset: Physical Therapist in Private Practice Office Visit Costs
2024-08-23 14:47:16 - INFO - Validated dataset: Physician Assistant Office Visit Costs
2024-08-23 14:47:16 - INFO - Validated dataset: Plastic and Reconstructive Surgery Office Visit Costs
2024-08-23 14:47:16 - INFO - Validated dataset: Podiatry Office Visit Costs
2024-08-23 14:47:16 - INFO - Validated dataset: Preventive Medicine Office Visit Costs
2024-08-23 14:47:16 - INFO - Validated dataset: Psychiatry Office Visit Costs
2024-08-23 14:47:16 - INFO - Validated dataset: Psychologist, Clinical Office Visit Costs
2024-08-23 14:47:16 - INFO - Validated dataset: Public Health or Welfare Agency Office Visit Costs
2024-08-23 14:47:16 - INFO - Validated dataset: Pulmonary Disease Office Visit Costs
2024-08-23 14:47:16 - INFO - Validated dataset: Radiation Oncology Office Visit Costs
2024-08-23 14:47:16 - INFO - Validated dataset: Registered Dietitian or Nutrition Professional Office Visit Costs
2024-08-23 14:47:16 - INFO - Validated dataset: Rheumatology Office Visit Costs
2024-08-23 14:47:16 - INFO - Validated dataset: Sleep Medicine Office Visit Costs
2024-08-23 14:47:16 - INFO - Validated dataset: Sports Medicine Office Visit Costs
2024-08-23 14:47:16 - INFO - Validated dataset: Surgical Oncology Office Visit Costs
2024-08-23 14:47:16 - INFO - Validated dataset: Thoracic Surgery Office Visit Costs
2024-08-23 14:47:16 - INFO - Validated dataset: Undefined Physician type Office Visit Costs
2024-08-23 14:47:16 - INFO - Validated dataset: Undersea and Hyperbaric Medicine Office Visit Costs
2024-08-23 14:47:16 - INFO - Validated dataset: Urology Office Visit Costs
2024-08-23 14:47:16 - INFO - Validated dataset: Vascular Surgery Office Visit Costs
2024-08-23 14:47:16 - INFO - Validated dataset: PY 2022 Virtual Group Public Reporting: MIPS Measures and Attestations
2024-08-23 14:47:16 - INFO - Validated dataset: COVID-19 Vaccination Rates - Provider Data
2024-08-23 14:47:16 - INFO - Validated dataset: COVID-19 Vaccination Rates - State and National Averages
2024-08-23 14:47:16 - INFO - Validated dataset: Hospice care - State CAHPS Hospice Survey Data
2024-08-23 14:47:16 - INFO - Validated dataset: Hospice - State Data
2024-08-23 14:47:16 - INFO - Validated dataset: Licensed Clinical Social Worker Office Visit Costs
2024-08-23 14:47:16 - INFO - Validated dataset: Medical Genetics and Genomics Office Visit Costs
2024-08-23 14:47:16 - INFO - Validated dataset: Home Health Care - State by State Data
2024-08-23 14:47:16 - INFO - Validated dataset: Home Health Care - Measure Date Range
2024-08-23 14:47:16 - INFO - Validated dataset: Payment - State
2024-08-23 14:47:16 - INFO - Validated dataset: Maternal Health - Hospital
2024-08-23 14:47:16 - INFO - Validated dataset: Maternal Health - National
2024-08-23 14:47:16 - INFO - Validated dataset: Maternal Health - State
2024-08-23 14:47:16 - INFO - Validated dataset: Medical Equipment Suppliers
2024-08-23 14:47:16 - INFO - Validated dataset: Inpatient Rehabilitation Facility - National Data
2024-08-23 14:47:16 - INFO - Validated dataset: Long-Term Care Hospital - National Data
2024-08-23 14:47:16 - INFO - Validated dataset: Skilled Nursing Facility Quality Reporting Program - National Data
2024-08-23 14:47:16 - INFO - Validated dataset: Patient survey (ICH CAHPS) - State
2024-08-23 14:47:16 - INFO - Validated dataset: Hospice-National Data
2024-08-23 14:47:16 - INFO - Validated dataset: Facility Affiliation Data
2024-08-23 14:47:16 - INFO - Validated dataset: Utilization Data
2024-08-23 14:47:16 - INFO - Validated dataset: ESRD QIP - Clinical Depression Screening and Follow-up - Payment Year 2024
2024-08-23 14:47:16 - INFO - Validated dataset: ESRD QIP - Complete QIP Data - Payment Year 2024
2024-08-23 14:47:16 - INFO - Validated dataset: ESRD QIP - Dialysis Adequacy - Payment Year 2024
2024-08-23 14:47:16 - INFO - Validated dataset: ESRD QIP - Footnotes - Payment Year 2024
2024-08-23 14:47:16 - INFO - Validated dataset: ESRD QIP - Hypercalcemia - Payment Year 2024
2024-08-23 14:47:16 - INFO - Validated dataset: ESRD QIP - NHSN Dialysis Event Measure - Payment Year 2024
2024-08-23 14:47:16 - INFO - Validated dataset: ESRD QIP - NHSN Bloodstream Infection - Payment Year 2024
2024-08-23 14:47:16 - INFO - Validated dataset: ESRD QIP - Standardized Readmission Ratio - Payment Year 2024
2024-08-23 14:47:16 - INFO - Validated dataset: ESRD QIP - Standardized Transfusion Ratio - Payment Year 2024
2024-08-23 14:47:16 - INFO - Validated dataset: ESRD QIP - Total Performance Scores - Payment Year 2024
2024-08-23 14:47:16 - INFO - Validated dataset: ESRD QIP - Vascular Access Topic - Payment Year 2024
2024-08-23 14:47:16 - INFO - Validated dataset: ESRD QIP - Ultrafiltration Rate - Payment Year 2024
2024-08-23 14:47:16 - INFO - Validated dataset: ESRD QIP - Standardized Hospitalization Ratio - Payment Year 2024
2024-08-23 14:47:16 - INFO - Validated dataset: ESRD QIP - Medication Reconciliation - Payment Year 2024
2024-08-23 14:47:16 - INFO - Validated dataset: ESRD QIP - Percentage of Prevalent Patients Waitlisted - Payment Year 2024
2024-08-23 14:47:16 - INFO - Validated dataset: Patient-Reported Outcomes - Hospital
2024-08-23 14:47:16 - INFO - Validated dataset: Palliative Care - PPS-Exempt Cancer Hospital - Hospital
2024-08-23 14:47:16 - INFO - Validated dataset: Palliative Care - PPS-Exempt Cancer Hospital - National
2024-08-23 14:47:16 - INFO - Validated dataset: Audiologist Office Visit Costs
2024-08-23 14:47:16 - INFO - Validated dataset: Mass Immunizer Roster Biller Office Visit Costs
2024-08-23 14:47:16 - INFO - Validated dataset: Micrographic Dermatologic Surgery Office Visit Costs
2024-08-23 14:47:16 - INFO - Validated dataset: Opioid Treatment Program Office Visit Costs
2024-08-23 14:47:16 - INFO - Validated dataset: Pharmacy Office Visit Costs
2024-08-23 14:47:16 - INFO - ✅ Finished fetching datasets.
2024-08-23 14:47:16 - INFO - Completed CMS data download and processing.
2024-08-23 14:47:34 - INFO - Starting CMS data download and processing...
2024-08-23 14:47:34 - INFO - 🏗️ Fetching datasets...
2024-08-23 14:47:34 - DEBUG - Starting new HTTPS connection (1): data.cms.gov:443
2024-08-23 14:47:34 - DEBUG - https://data.cms.gov:443 "GET /provider-data/api/1/metastore/schemas/dataset/items HTTP/11" 200 30377
2024-08-23 14:47:34 - INFO - Validated dataset: Dialysis Facility - Listing by Facility
2024-08-23 14:47:34 - INFO - Validated dataset: Dialysis Facility - State Averages
2024-08-23 14:47:34 - INFO - Validated dataset: Dialysis Facility - National Averages
2024-08-23 14:47:34 - INFO - Validated dataset: Patient survey (ICH CAHPS) - Facility
2024-08-23 14:47:34 - INFO - Validated dataset: Patient survey (ICH CAHPS) - National
2024-08-23 14:47:34 - INFO - Validated dataset: Home Health Care - Zip Codes
2024-08-23 14:47:34 - INFO - Validated dataset: Home Health Care Agencies
2024-08-23 14:47:34 - INFO - Validated dataset: Home Health Care - National Data
2024-08-23 14:47:34 - INFO - Validated dataset: Hospice - Zip Data
2024-08-23 14:47:34 - INFO - Validated dataset: Hospice - General Information
2024-08-23 14:47:34 - INFO - Validated dataset: Hospice - Provider Data
2024-08-23 14:47:34 - INFO - Validated dataset: Hospice care - Provider CAHPS Hospice Survey Data
2024-08-23 14:47:34 - INFO - Validated dataset: Hospice care - National CAHPS Hospice Survey Data
2024-08-23 14:47:34 - INFO - Validated dataset: Outpatient and Ambulatory Surgery Consumer Assessment of Healthcare Providers and Systems (OAS CAHPS) survey for ambulatory surgical centers - Facility
2024-08-23 14:47:34 - INFO - Validated dataset: Ambulatory Surgical Center Quality Measures - Facility
2024-08-23 14:47:34 - INFO - Validated dataset: Ambulatory Surgical Center Quality Measures - National
2024-08-23 14:47:34 - INFO - Validated dataset: Outpatient and Ambulatory Surgery Consumer Assessment of Healthcare Providers and Systems (OAS CAHPS) survey for ambulatory surgical centers - National
2024-08-23 14:47:34 - INFO - Validated dataset: Ambulatory Surgical Center Quality Measures - State
2024-08-23 14:47:34 - INFO - Validated dataset: Outpatient and Ambulatory Surgery Consumer Assessment of Healthcare Providers and Systems (OAS CAHPS) survey for ambulatory surgical centers - State
2024-08-23 14:47:34 - INFO - Validated dataset: Comprehensive Care For Joint Replacement Model - Provider Data
2024-08-23 14:47:34 - INFO - Validated dataset: CMS Medicare PSI-90 and component measures - six-digit estimate dataset
2024-08-23 14:47:34 - INFO - Validated dataset: Complications and Deaths - Hospital
2024-08-23 14:47:34 - INFO - Validated dataset: Complications and Deaths - National
2024-08-23 14:47:34 - INFO - Validated dataset: Complications and Deaths - State
2024-08-23 14:47:34 - INFO - Validated dataset: Footnote Crosswalk
2024-08-23 14:47:34 - INFO - Validated dataset: Outpatient and Ambulatory Surgery Consumer Assessment of Healthcare Providers and Systems (OAS CAHPS) survey - Footnotes
2024-08-23 14:47:34 - INFO - Validated dataset: Table 2: FY2021 Distribution of Net Change in Base Operating DRG Payment Amount
2024-08-23 14:47:34 - INFO - Validated dataset: Table 1: FY2021 Net Change in Base Operating DRG Payment Amount
2024-08-23 14:47:34 - INFO - Validated dataset: Table 3: FY2021 Percent Change in Medicare Payments
2024-08-23 14:47:34 - INFO - Validated dataset: Table 4: FY2021 Value-Based Incentive Payment Amount
2024-08-23 14:47:34 - INFO - Validated dataset: Patient survey (HCAHPS) - Hospital
2024-08-23 14:47:34 - INFO - Validated dataset: Patient survey (HCAHPS) - National
2024-08-23 14:47:34 - INFO - Validated dataset: Patient survey (HCAHPS) - State
2024-08-23 14:47:34 - INFO - Validated dataset: Healthcare Associated Infections - Hospital
2024-08-23 14:47:34 - INFO - Validated dataset: Healthcare Associated Infections - National
2024-08-23 14:47:34 - INFO - Validated dataset: Healthcare Associated Infections - State
2024-08-23 14:47:34 - INFO - Validated dataset: Outpatient and Ambulatory Surgery Consumer Assessment of Healthcare Providers and Systems (OAS CAHPS) survey for hospital outpatient departments - Facility
2024-08-23 14:47:34 - INFO - Validated dataset: Outpatient and Ambulatory Surgery Consumer Assessment of Healthcare Providers and Systems (OAS CAHPS) survey for hospital outpatient departments - National
2024-08-23 14:47:34 - INFO - Validated dataset: Outpatient and Ambulatory Surgery Consumer Assessment of Healthcare Providers and Systems (OAS CAHPS) survey for hospital outpatient departments - State
2024-08-23 14:47:34 - INFO - Validated dataset: Hospital General Information
2024-08-23 14:47:34 - INFO - Validated dataset: Complications and Unplanned Hospital Visits - PPS-Exempt Cancer Hospital - Hospital
2024-08-23 14:47:34 - INFO - Validated dataset: Complications and Unplanned Hospital Visits - PPS-Exempt Cancer Hospital - National
2024-08-23 14:47:34 - INFO - Validated dataset: Hospital-Acquired Condition (HAC) Reduction Program
2024-08-23 14:47:34 - INFO - Validated dataset: Medicare Spending Per Beneficiary - Hospital Additional Decimal Places
2024-08-23 14:47:34 - INFO - Validated dataset: Safety and Healthcare-Associated Infection Measures - PPS-Exempt Cancer Hospital
2024-08-23 14:47:34 - INFO - Validated dataset: Patient Survey (PCH - HCAHPS) PPS-Exempt Cancer Hospital - Hospital
2024-08-23 14:47:34 - INFO - Validated dataset: Patient Survey (PCH - HCAHPS) PPS-Exempt Cancer Hospital - National
2024-08-23 14:47:34 - INFO - Validated dataset: Patient Survey (PCH - HCAHPS) PPS-Exempt Cancer Hospital - State
2024-08-23 14:47:34 - INFO - Validated dataset: Hospital Readmissions Reduction Program
2024-08-23 14:47:34 - INFO - Validated dataset: Hospital Value-Based Purchasing (HVBP) - Clinical Outcomes Domain Scores
2024-08-23 14:47:34 - INFO - Validated dataset: Hospital Value-Based Purchasing (HVBP) - Efficiency Scores
2024-08-23 14:47:34 - INFO - Validated dataset: Hospital Value-Based Purchasing (HVBP) - Person and Community Engagement Domain Scores (HCAHPS)
2024-08-23 14:47:34 - INFO - Validated dataset: Hospital Value-Based Purchasing (HVBP) - Safety
2024-08-23 14:47:34 - INFO - Validated dataset: Hospital Value-Based Purchasing (HVBP) - Total Performance Score
2024-08-23 14:47:34 - INFO - Validated dataset: Inpatient Psychiatric Facility Quality Measure Data - by Facility
2024-08-23 14:47:34 - INFO - Validated dataset: Inpatient Psychiatric Facility Quality Measure Data - National
2024-08-23 14:47:34 - INFO - Validated dataset: Inpatient Psychiatric Facility Quality Measure Data - by State
2024-08-23 14:47:34 - INFO - Validated dataset: Measure Dates
2024-08-23 14:47:34 - INFO - Validated dataset: Medicare Hospital Spending by Claim
2024-08-23 14:47:34 - INFO - Validated dataset: Medicare Spending Per Beneficiary - Hospital
2024-08-23 14:47:34 - INFO - Validated dataset: Medicare Spending Per Beneficiary - National
2024-08-23 14:47:34 - INFO - Validated dataset: Medicare Spending Per Beneficiary - State
2024-08-23 14:47:34 - INFO - Validated dataset: Outpatient Imaging Efficiency - Hospital
2024-08-23 14:47:34 - INFO - Validated dataset: Outpatient Imaging Efficiency - National
2024-08-23 14:47:34 - INFO - Validated dataset: Outpatient Imaging Efficiency - State
2024-08-23 14:47:34 - INFO - Validated dataset: Payment - National
2024-08-23 14:47:34 - INFO - Validated dataset: Payment and value of care - Hospital
2024-08-23 14:47:34 - INFO - Validated dataset: Timely and Effective Care - Hospital
2024-08-23 14:47:34 - INFO - Validated dataset: Timely and Effective Care - National
2024-08-23 14:47:34 - INFO - Validated dataset: Timely and Effective Care - State
2024-08-23 14:47:34 - INFO - Validated dataset: Unplanned Hospital Visits - Hospital
2024-08-23 14:47:34 - INFO - Validated dataset: Unplanned Hospital Visits - National
2024-08-23 14:47:34 - INFO - Validated dataset: Unplanned Hospital Visits - State
2024-08-23 14:47:34 - INFO - Validated dataset: Veterans Health Administration Behavioral Health Data
2024-08-23 14:47:34 - INFO - Validated dataset: Veterans Health Administration Timely and Effective Care Data
2024-08-23 14:47:34 - INFO - Validated dataset: Value of care - National
2024-08-23 14:47:34 - INFO - Validated dataset: Veterans Health Administration Provider Level Data
2024-08-23 14:47:34 - INFO - Validated dataset: Data Updates
2024-08-23 14:47:34 - INFO - Validated dataset: Inpatient Rehabilitation Facility - General Information
2024-08-23 14:47:34 - INFO - Validated dataset: Inpatient Rehabilitation Facility - Provider Data
2024-08-23 14:47:34 - INFO - Validated dataset: Inpatient Rehabilitation Facility - Conditions
2024-08-23 14:47:34 - INFO - Validated dataset: Long-Term Care Hospital - General Information
2024-08-23 14:47:34 - INFO - Validated dataset: Long-Term Care Hospital - Provider Data
2024-08-23 14:47:34 - INFO - Validated dataset: Fire Safety Deficiencies
2024-08-23 14:47:34 - INFO - Validated dataset: Health Deficiencies
2024-08-23 14:47:34 - INFO - Validated dataset: MDS Quality Measures
2024-08-23 14:47:34 - INFO - Validated dataset: Medicare Claims Quality Measures
2024-08-23 14:47:34 - INFO - Validated dataset: Ownership
2024-08-23 14:47:34 - INFO - Validated dataset: Penalties
2024-08-23 14:47:34 - INFO - Validated dataset: Provider Information
2024-08-23 14:47:34 - INFO - Validated dataset: Skilled Nursing Facility Quality Reporting Program - Provider Data
2024-08-23 14:47:34 - INFO - Validated dataset: Skilled Nursing Facility Quality Reporting Program - Swing Beds - Provider Data
2024-08-23 14:47:34 - INFO - Validated dataset: State US Averages
2024-08-23 14:47:34 - INFO - Validated dataset: Survey Summary
2024-08-23 14:47:34 - INFO - Validated dataset: FY 2024 SNF VBP Facility-Level Dataset
2024-08-23 14:47:34 - INFO - Validated dataset: FY 2024 SNF VBP Aggregate Performance
2024-08-23 14:47:34 - INFO - Validated dataset: Nursing Home Data Collection Intervals
2024-08-23 14:47:34 - INFO - Validated dataset: Citation Code Look-up
2024-08-23 14:47:34 - INFO - Validated dataset: National Downloadable File
2024-08-23 14:47:34 - INFO - Validated dataset: PY 2022 Group Public Reporting: MIPS Measures and Attestations
2024-08-23 14:47:34 - INFO - Validated dataset: PY 2022 Group Public Reporting: Patient Experience
2024-08-23 14:47:34 - INFO - Validated dataset: PY 2022 Clinician Public Reporting: MIPS Measures and Attestations
2024-08-23 14:47:34 - INFO - Validated dataset: PY 2022 Clinician Public Reporting: Overall MIPS Performance
2024-08-23 14:47:34 - INFO - Validated dataset: Inspection Dates
2024-08-23 14:47:34 - INFO - Validated dataset: State-Level Health Inspection Cut Points
2024-08-23 14:47:34 - INFO - Validated dataset: Home Health Care - Patient Survey (HHCAHPS) 2023Q1 to 2023Q4
2024-08-23 14:47:34 - INFO - Validated dataset: Home Health Care - Patient Survey (HHCAHPS) National Data 2023Q1 to 2023Q4
2024-08-23 14:47:34 - INFO - Validated dataset: Home Health Care - Patient Survey (HHCAHPS) State Data 2023Q1 to 2023Q4
2024-08-23 14:47:34 - INFO - Validated dataset: Home Health Care - Patient Survey (HHCAHPS) Measure Dates 2023Q1 to 2023Q4
2024-08-23 14:47:34 - INFO - Validated dataset: Addiction Medicine Office Visit Costs
2024-08-23 14:47:34 - INFO - Validated dataset: Advanced Heart Failure and Transplant Cardiology Office Visit Costs
2024-08-23 14:47:34 - INFO - Validated dataset: Allergy/ Immunology Office Visit Costs
2024-08-23 14:47:34 - INFO - Validated dataset: Anesthesiology Office Visit Costs
2024-08-23 14:47:34 - INFO - Validated dataset: Cardiac Surgery Office Visit Costs
2024-08-23 14:47:34 - INFO - Validated dataset: Cardiology Office Visit Costs
2024-08-23 14:47:34 - INFO - Validated dataset: Certified Clinical Nurse Specialist Office Visit Costs
2024-08-23 14:47:34 - INFO - Validated dataset: Certified Nurse Midwife Office Visit Costs
2024-08-23 14:47:34 - INFO - Validated dataset: Certified Registered Nurse Anesthetist (CRNA) Office Visit Costs
2024-08-23 14:47:34 - INFO - Validated dataset: Clinic or Group Practice Office Visit Costs
2024-08-23 14:47:34 - INFO - Validated dataset: Clinical Cardiac Electrophysiology Office Visit Costs
2024-08-23 14:47:34 - INFO - Validated dataset: Clinical Laboratory Office Visit Costs
2024-08-23 14:47:34 - INFO - Validated dataset: Colorectal Surgery (Proctology) Office Visit Costs
2024-08-23 14:47:34 - INFO - Validated dataset: Critical Care (Intensivists) Office Visit Costs
2024-08-23 14:47:34 - INFO - Validated dataset: Dentist Office Visit Costs
2024-08-23 14:47:34 - INFO - Validated dataset: Dermatology Office Visit Costs
2024-08-23 14:47:34 - INFO - Validated dataset: Diagnostic Radiology Office Visit Costs
2024-08-23 14:47:34 - INFO - Validated dataset: Emergency Medicine Office Visit Costs
2024-08-23 14:47:34 - INFO - Validated dataset: Endocrinology Office Visit Costs
2024-08-23 14:47:34 - INFO - Validated dataset: Family Practice Office Visit Costs
2024-08-23 14:47:34 - INFO - Validated dataset: Gastroenterology Office Visit Costs
2024-08-23 14:47:34 - INFO - Validated dataset: General Practice Office Visit Costs
2024-08-23 14:47:34 - INFO - Validated dataset: General Surgery Office Visit Costs
2024-08-23 14:47:34 - INFO - Validated dataset: Geriatric Medicine Office Visit Costs
2024-08-23 14:47:34 - INFO - Validated dataset: Geriatric Psychiatry Office Visit Costs
2024-08-23 14:47:34 - INFO - Validated dataset: Gynecological Oncology Office Visit Costs
2024-08-23 14:47:34 - INFO - Validated dataset: Hand Surgery Office Visit Costs
2024-08-23 14:47:34 - INFO - Validated dataset: Hematology Office Visit Costs
2024-08-23 14:47:34 - INFO - Validated dataset: Hematology-Oncology Office Visit Costs
2024-08-23 14:47:34 - INFO - Validated dataset: Hematopoietic Cell Transplantation and Cellular Therapy Office Visit Costs
2024-08-23 14:47:34 - INFO - Validated dataset: Hospice and Palliative Care Office Visit Costs
2024-08-23 14:47:34 - INFO - Validated dataset: Hospitalist Office Visit Costs
2024-08-23 14:47:34 - INFO - Validated dataset: Infectious Disease Office Visit Costs
2024-08-23 14:47:34 - INFO - Validated dataset: Internal Medicine Office Visit Costs
2024-08-23 14:47:34 - INFO - Validated dataset: Interventional Cardiology Office Visit Costs
2024-08-23 14:47:34 - INFO - Validated dataset: Interventional Pain Management Office Visit Costs
2024-08-23 14:47:34 - INFO - Validated dataset: Interventional Radiology Office Visit Costs
2024-08-23 14:47:34 - INFO - Validated dataset: Maxillofacial Surgery Office Visit Costs
2024-08-23 14:47:34 - INFO - Validated dataset: Medical Oncology Office Visit Costs
2024-08-23 14:47:34 - INFO - Validated dataset: Medical Toxicology Office Visit Costs
2024-08-23 14:47:34 - INFO - Validated dataset: Nephrology Office Visit Costs
2024-08-23 14:47:34 - INFO - Validated dataset: Neurology Office Visit Costs
2024-08-23 14:47:34 - INFO - Validated dataset: Neuropsychiatry Office Visit Costs
2024-08-23 14:47:34 - INFO - Validated dataset: Neurosurgery Office Visit Costs
2024-08-23 14:47:34 - INFO - Validated dataset: Nuclear Medicine Office Visit Costs
2024-08-23 14:47:34 - INFO - Validated dataset: Nurse Practitioner Office Visit Costs
2024-08-23 14:47:34 - INFO - Validated dataset: Obstetrics & Gynecology Office Visit Costs
2024-08-23 14:47:34 - INFO - Validated dataset: Ophthalmology Office Visit Costs
2024-08-23 14:47:34 - INFO - Validated dataset: Optometry Office Visit Costs
2024-08-23 14:47:34 - INFO - Validated dataset: Oral Surgery (Dentist only) Office Visit Costs
2024-08-23 14:47:34 - INFO - Validated dataset: Orthopedic Surgery Office Visit Costs
2024-08-23 14:47:34 - INFO - Validated dataset: Osteopathic Manipulative Medicine Office Visit Costs
2024-08-23 14:47:34 - INFO - Validated dataset: Otolaryngology Office Visit Costs
2024-08-23 14:47:34 - INFO - Validated dataset: Pain Management Office Visit Costs
2024-08-23 14:47:34 - INFO - Validated dataset: Pathology Office Visit Costs
2024-08-23 14:47:34 - INFO - Validated dataset: Pediatric Medicine Office Visit Costs
2024-08-23 14:47:34 - INFO - Validated dataset: Peripheral Vascular Disease Office Visit Costs
2024-08-23 14:47:34 - INFO - Validated dataset: Physical Medicine and Rehabilitation Office Visit Costs
2024-08-23 14:47:34 - INFO - Validated dataset: Physical Therapist in Private Practice Office Visit Costs
2024-08-23 14:47:34 - INFO - Validated dataset: Physician Assistant Office Visit Costs
2024-08-23 14:47:34 - INFO - Validated dataset: Plastic and Reconstructive Surgery Office Visit Costs
2024-08-23 14:47:34 - INFO - Validated dataset: Podiatry Office Visit Costs
2024-08-23 14:47:34 - INFO - Validated dataset: Preventive Medicine Office Visit Costs
2024-08-23 14:47:34 - INFO - Validated dataset: Psychiatry Office Visit Costs
2024-08-23 14:47:34 - INFO - Validated dataset: Psychologist, Clinical Office Visit Costs
2024-08-23 14:47:34 - INFO - Validated dataset: Public Health or Welfare Agency Office Visit Costs
2024-08-23 14:47:34 - INFO - Validated dataset: Pulmonary Disease Office Visit Costs
2024-08-23 14:47:34 - INFO - Validated dataset: Radiation Oncology Office Visit Costs
2024-08-23 14:47:34 - INFO - Validated dataset: Registered Dietitian or Nutrition Professional Office Visit Costs
2024-08-23 14:47:34 - INFO - Validated dataset: Rheumatology Office Visit Costs
2024-08-23 14:47:34 - INFO - Validated dataset: Sleep Medicine Office Visit Costs
2024-08-23 14:47:34 - INFO - Validated dataset: Sports Medicine Office Visit Costs
2024-08-23 14:47:34 - INFO - Validated dataset: Surgical Oncology Office Visit Costs
2024-08-23 14:47:34 - INFO - Validated dataset: Thoracic Surgery Office Visit Costs
2024-08-23 14:47:34 - INFO - Validated dataset: Undefined Physician type Office Visit Costs
2024-08-23 14:47:34 - INFO - Validated dataset: Undersea and Hyperbaric Medicine Office Visit Costs
2024-08-23 14:47:34 - INFO - Validated dataset: Urology Office Visit Costs
2024-08-23 14:47:34 - INFO - Validated dataset: Vascular Surgery Office Visit Costs
2024-08-23 14:47:34 - INFO - Validated dataset: PY 2022 Virtual Group Public Reporting: MIPS Measures and Attestations
2024-08-23 14:47:34 - INFO - Validated dataset: COVID-19 Vaccination Rates - Provider Data
2024-08-23 14:47:34 - INFO - Validated dataset: COVID-19 Vaccination Rates - State and National Averages
2024-08-23 14:47:34 - INFO - Validated dataset: Hospice care - State CAHPS Hospice Survey Data
2024-08-23 14:47:34 - INFO - Validated dataset: Hospice - State Data
2024-08-23 14:47:34 - INFO - Validated dataset: Licensed Clinical Social Worker Office Visit Costs
2024-08-23 14:47:34 - INFO - Validated dataset: Medical Genetics and Genomics Office Visit Costs
2024-08-23 14:47:34 - INFO - Validated dataset: Home Health Care - State by State Data
2024-08-23 14:47:34 - INFO - Validated dataset: Home Health Care - Measure Date Range
2024-08-23 14:47:34 - INFO - Validated dataset: Payment - State
2024-08-23 14:47:34 - INFO - Validated dataset: Maternal Health - Hospital
2024-08-23 14:47:34 - INFO - Validated dataset: Maternal Health - National
2024-08-23 14:47:34 - INFO - Validated dataset: Maternal Health - State
2024-08-23 14:47:34 - INFO - Validated dataset: Medical Equipment Suppliers
2024-08-23 14:47:34 - INFO - Validated dataset: Inpatient Rehabilitation Facility - National Data
2024-08-23 14:47:34 - INFO - Validated dataset: Long-Term Care Hospital - National Data
2024-08-23 14:47:34 - INFO - Validated dataset: Skilled Nursing Facility Quality Reporting Program - National Data
2024-08-23 14:47:34 - INFO - Validated dataset: Patient survey (ICH CAHPS) - State
2024-08-23 14:47:34 - INFO - Validated dataset: Hospice-National Data
2024-08-23 14:47:34 - INFO - Validated dataset: Facility Affiliation Data
2024-08-23 14:47:34 - INFO - Validated dataset: Utilization Data
2024-08-23 14:47:34 - INFO - Validated dataset: ESRD QIP - Clinical Depression Screening and Follow-up - Payment Year 2024
2024-08-23 14:47:34 - INFO - Validated dataset: ESRD QIP - Complete QIP Data - Payment Year 2024
2024-08-23 14:47:34 - INFO - Validated dataset: ESRD QIP - Dialysis Adequacy - Payment Year 2024
2024-08-23 14:47:34 - INFO - Validated dataset: ESRD QIP - Footnotes - Payment Year 2024
2024-08-23 14:47:34 - INFO - Validated dataset: ESRD QIP - Hypercalcemia - Payment Year 2024
2024-08-23 14:47:34 - INFO - Validated dataset: ESRD QIP - NHSN Dialysis Event Measure - Payment Year 2024
2024-08-23 14:47:34 - INFO - Validated dataset: ESRD QIP - NHSN Bloodstream Infection - Payment Year 2024
2024-08-23 14:47:34 - INFO - Validated dataset: ESRD QIP - Standardized Readmission Ratio - Payment Year 2024
2024-08-23 14:47:34 - INFO - Validated dataset: ESRD QIP - Standardized Transfusion Ratio - Payment Year 2024
2024-08-23 14:47:34 - INFO - Validated dataset: ESRD QIP - Total Performance Scores - Payment Year 2024
2024-08-23 14:47:34 - INFO - Validated dataset: ESRD QIP - Vascular Access Topic - Payment Year 2024
2024-08-23 14:47:34 - INFO - Validated dataset: ESRD QIP - Ultrafiltration Rate - Payment Year 2024
2024-08-23 14:47:34 - INFO - Validated dataset: ESRD QIP - Standardized Hospitalization Ratio - Payment Year 2024
2024-08-23 14:47:34 - INFO - Validated dataset: ESRD QIP - Medication Reconciliation - Payment Year 2024
2024-08-23 14:47:34 - INFO - Validated dataset: ESRD QIP - Percentage of Prevalent Patients Waitlisted - Payment Year 2024
2024-08-23 14:47:34 - INFO - Validated dataset: Patient-Reported Outcomes - Hospital
2024-08-23 14:47:34 - INFO - Validated dataset: Palliative Care - PPS-Exempt Cancer Hospital - Hospital
2024-08-23 14:47:34 - INFO - Validated dataset: Palliative Care - PPS-Exempt Cancer Hospital - National
2024-08-23 14:47:34 - INFO - Validated dataset: Audiologist Office Visit Costs
2024-08-23 14:47:34 - INFO - Validated dataset: Mass Immunizer Roster Biller Office Visit Costs
2024-08-23 14:47:34 - INFO - Validated dataset: Micrographic Dermatologic Surgery Office Visit Costs
2024-08-23 14:47:34 - INFO - Validated dataset: Opioid Treatment Program Office Visit Costs
2024-08-23 14:47:34 - INFO - Validated dataset: Pharmacy Office Visit Costs
2024-08-23 14:47:34 - INFO - ✅ Finished fetching datasets.
2024-08-23 14:47:34 - INFO - Completed CMS data download and processing.
2024-08-23 14:53:30 - INFO - Starting CMS data download and processing...
2024-08-23 14:53:30 - INFO - 🏗️ Fetching datasets...
2024-08-23 14:53:30 - DEBUG - Starting new HTTPS connection (1): data.cms.gov:443
2024-08-23 14:53:31 - DEBUG - https://data.cms.gov:443 "GET /provider-data/api/1/metastore/schemas/dataset/items HTTP/11" 200 30377
2024-08-23 14:53:31 - INFO - Validated dataset: Dialysis Facility - Listing by Facility
2024-08-23 14:53:31 - INFO - Validated dataset: Dialysis Facility - State Averages
2024-08-23 14:53:31 - INFO - Validated dataset: Dialysis Facility - National Averages
2024-08-23 14:53:31 - INFO - Validated dataset: Patient survey (ICH CAHPS) - Facility
2024-08-23 14:53:31 - INFO - Validated dataset: Patient survey (ICH CAHPS) - National
2024-08-23 14:53:31 - INFO - Validated dataset: Home Health Care - Zip Codes
2024-08-23 14:53:31 - INFO - Validated dataset: Home Health Care Agencies
2024-08-23 14:53:31 - INFO - Validated dataset: Home Health Care - National Data
2024-08-23 14:53:31 - INFO - Validated dataset: Hospice - Zip Data
2024-08-23 14:53:31 - INFO - Validated dataset: Hospice - General Information
2024-08-23 14:53:31 - INFO - Validated dataset: Hospice - Provider Data
2024-08-23 14:53:31 - INFO - Validated dataset: Hospice care - Provider CAHPS Hospice Survey Data
2024-08-23 14:53:31 - INFO - Validated dataset: Hospice care - National CAHPS Hospice Survey Data
2024-08-23 14:53:31 - INFO - Validated dataset: Outpatient and Ambulatory Surgery Consumer Assessment of Healthcare Providers and Systems (OAS CAHPS) survey for ambulatory surgical centers - Facility
2024-08-23 14:53:31 - INFO - Validated dataset: Ambulatory Surgical Center Quality Measures - Facility
2024-08-23 14:53:31 - INFO - Validated dataset: Ambulatory Surgical Center Quality Measures - National
2024-08-23 14:53:31 - INFO - Validated dataset: Outpatient and Ambulatory Surgery Consumer Assessment of Healthcare Providers and Systems (OAS CAHPS) survey for ambulatory surgical centers - National
2024-08-23 14:53:31 - INFO - Validated dataset: Ambulatory Surgical Center Quality Measures - State
2024-08-23 14:53:31 - INFO - Validated dataset: Outpatient and Ambulatory Surgery Consumer Assessment of Healthcare Providers and Systems (OAS CAHPS) survey for ambulatory surgical centers - State
2024-08-23 14:53:31 - INFO - Validated dataset: Comprehensive Care For Joint Replacement Model - Provider Data
2024-08-23 14:53:31 - INFO - Validated dataset: CMS Medicare PSI-90 and component measures - six-digit estimate dataset
2024-08-23 14:53:31 - INFO - Validated dataset: Complications and Deaths - Hospital
2024-08-23 14:53:31 - INFO - Validated dataset: Complications and Deaths - National
2024-08-23 14:53:31 - INFO - Validated dataset: Complications and Deaths - State
2024-08-23 14:53:31 - INFO - Validated dataset: Footnote Crosswalk
2024-08-23 14:53:31 - INFO - Validated dataset: Outpatient and Ambulatory Surgery Consumer Assessment of Healthcare Providers and Systems (OAS CAHPS) survey - Footnotes
2024-08-23 14:53:31 - INFO - Validated dataset: Table 2: FY2021 Distribution of Net Change in Base Operating DRG Payment Amount
2024-08-23 14:53:31 - INFO - Validated dataset: Table 1: FY2021 Net Change in Base Operating DRG Payment Amount
2024-08-23 14:53:31 - INFO - Validated dataset: Table 3: FY2021 Percent Change in Medicare Payments
2024-08-23 14:53:31 - INFO - Validated dataset: Table 4: FY2021 Value-Based Incentive Payment Amount
2024-08-23 14:53:31 - INFO - Validated dataset: Patient survey (HCAHPS) - Hospital
2024-08-23 14:53:31 - INFO - Validated dataset: Patient survey (HCAHPS) - National
2024-08-23 14:53:31 - INFO - Validated dataset: Patient survey (HCAHPS) - State
2024-08-23 14:53:31 - INFO - Validated dataset: Healthcare Associated Infections - Hospital
2024-08-23 14:53:31 - INFO - Validated dataset: Healthcare Associated Infections - National
2024-08-23 14:53:31 - INFO - Validated dataset: Healthcare Associated Infections - State
2024-08-23 14:53:31 - INFO - Validated dataset: Outpatient and Ambulatory Surgery Consumer Assessment of Healthcare Providers and Systems (OAS CAHPS) survey for hospital outpatient departments - Facility
2024-08-23 14:53:31 - INFO - Validated dataset: Outpatient and Ambulatory Surgery Consumer Assessment of Healthcare Providers and Systems (OAS CAHPS) survey for hospital outpatient departments - National
2024-08-23 14:53:31 - INFO - Validated dataset: Outpatient and Ambulatory Surgery Consumer Assessment of Healthcare Providers and Systems (OAS CAHPS) survey for hospital outpatient departments - State
2024-08-23 14:53:31 - INFO - Validated dataset: Hospital General Information
2024-08-23 14:53:31 - INFO - Validated dataset: Complications and Unplanned Hospital Visits - PPS-Exempt Cancer Hospital - Hospital
2024-08-23 14:53:31 - INFO - Validated dataset: Complications and Unplanned Hospital Visits - PPS-Exempt Cancer Hospital - National
2024-08-23 14:53:31 - INFO - Validated dataset: Hospital-Acquired Condition (HAC) Reduction Program
2024-08-23 14:53:31 - INFO - Validated dataset: Medicare Spending Per Beneficiary - Hospital Additional Decimal Places
2024-08-23 14:53:31 - INFO - Validated dataset: Safety and Healthcare-Associated Infection Measures - PPS-Exempt Cancer Hospital
2024-08-23 14:53:31 - INFO - Validated dataset: Patient Survey (PCH - HCAHPS) PPS-Exempt Cancer Hospital - Hospital
2024-08-23 14:53:31 - INFO - Validated dataset: Patient Survey (PCH - HCAHPS) PPS-Exempt Cancer Hospital - National
2024-08-23 14:53:31 - INFO - Validated dataset: Patient Survey (PCH - HCAHPS) PPS-Exempt Cancer Hospital - State
2024-08-23 14:53:31 - INFO - Validated dataset: Hospital Readmissions Reduction Program
2024-08-23 14:53:31 - INFO - Validated dataset: Hospital Value-Based Purchasing (HVBP) - Clinical Outcomes Domain Scores
2024-08-23 14:53:31 - INFO - Validated dataset: Hospital Value-Based Purchasing (HVBP) - Efficiency Scores
2024-08-23 14:53:31 - INFO - Validated dataset: Hospital Value-Based Purchasing (HVBP) - Person and Community Engagement Domain Scores (HCAHPS)
2024-08-23 14:53:31 - INFO - Validated dataset: Hospital Value-Based Purchasing (HVBP) - Safety
2024-08-23 14:53:31 - INFO - Validated dataset: Hospital Value-Based Purchasing (HVBP) - Total Performance Score
2024-08-23 14:53:31 - INFO - Validated dataset: Inpatient Psychiatric Facility Quality Measure Data - by Facility
2024-08-23 14:53:31 - INFO - Validated dataset: Inpatient Psychiatric Facility Quality Measure Data - National
2024-08-23 14:53:31 - INFO - Validated dataset: Inpatient Psychiatric Facility Quality Measure Data - by State
2024-08-23 14:53:31 - INFO - Validated dataset: Measure Dates
2024-08-23 14:53:31 - INFO - Validated dataset: Medicare Hospital Spending by Claim
2024-08-23 14:53:31 - INFO - Validated dataset: Medicare Spending Per Beneficiary - Hospital
2024-08-23 14:53:31 - INFO - Validated dataset: Medicare Spending Per Beneficiary - National
2024-08-23 14:53:31 - INFO - Validated dataset: Medicare Spending Per Beneficiary - State
2024-08-23 14:53:31 - INFO - Validated dataset: Outpatient Imaging Efficiency - Hospital
2024-08-23 14:53:31 - INFO - Validated dataset: Outpatient Imaging Efficiency - National
2024-08-23 14:53:31 - INFO - Validated dataset: Outpatient Imaging Efficiency - State
2024-08-23 14:53:31 - INFO - Validated dataset: Payment - National
2024-08-23 14:53:31 - INFO - Validated dataset: Payment and value of care - Hospital
2024-08-23 14:53:31 - INFO - Validated dataset: Timely and Effective Care - Hospital
2024-08-23 14:53:31 - INFO - Validated dataset: Timely and Effective Care - National
2024-08-23 14:53:31 - INFO - Validated dataset: Timely and Effective Care - State
2024-08-23 14:53:31 - INFO - Validated dataset: Unplanned Hospital Visits - Hospital
2024-08-23 14:53:31 - INFO - Validated dataset: Unplanned Hospital Visits - National
2024-08-23 14:53:31 - INFO - Validated dataset: Unplanned Hospital Visits - State
2024-08-23 14:53:31 - INFO - Validated dataset: Veterans Health Administration Behavioral Health Data
2024-08-23 14:53:31 - INFO - Validated dataset: Veterans Health Administration Timely and Effective Care Data
2024-08-23 14:53:31 - INFO - Validated dataset: Value of care - National
2024-08-23 14:53:31 - INFO - Validated dataset: Veterans Health Administration Provider Level Data
2024-08-23 14:53:31 - INFO - Validated dataset: Data Updates
2024-08-23 14:53:31 - INFO - Validated dataset: Inpatient Rehabilitation Facility - General Information
2024-08-23 14:53:31 - INFO - Validated dataset: Inpatient Rehabilitation Facility - Provider Data
2024-08-23 14:53:31 - INFO - Validated dataset: Inpatient Rehabilitation Facility - Conditions
2024-08-23 14:53:31 - INFO - Validated dataset: Long-Term Care Hospital - General Information
2024-08-23 14:53:31 - INFO - Validated dataset: Long-Term Care Hospital - Provider Data
2024-08-23 14:53:31 - INFO - Validated dataset: Fire Safety Deficiencies
2024-08-23 14:53:31 - INFO - Validated dataset: Health Deficiencies
2024-08-23 14:53:31 - INFO - Validated dataset: MDS Quality Measures
2024-08-23 14:53:31 - INFO - Validated dataset: Medicare Claims Quality Measures
2024-08-23 14:53:31 - INFO - Validated dataset: Ownership
2024-08-23 14:53:31 - INFO - Validated dataset: Penalties
2024-08-23 14:53:31 - INFO - Validated dataset: Provider Information
2024-08-23 14:53:31 - INFO - Validated dataset: Skilled Nursing Facility Quality Reporting Program - Provider Data
2024-08-23 14:53:31 - INFO - Validated dataset: Skilled Nursing Facility Quality Reporting Program - Swing Beds - Provider Data
2024-08-23 14:53:31 - INFO - Validated dataset: State US Averages
2024-08-23 14:53:31 - INFO - Validated dataset: Survey Summary
2024-08-23 14:53:31 - INFO - Validated dataset: FY 2024 SNF VBP Facility-Level Dataset
2024-08-23 14:53:31 - INFO - Validated dataset: FY 2024 SNF VBP Aggregate Performance
2024-08-23 14:53:31 - INFO - Validated dataset: Nursing Home Data Collection Intervals
2024-08-23 14:53:31 - INFO - Validated dataset: Citation Code Look-up
2024-08-23 14:53:31 - INFO - Validated dataset: National Downloadable File
2024-08-23 14:53:31 - INFO - Validated dataset: PY 2022 Group Public Reporting: MIPS Measures and Attestations
2024-08-23 14:53:31 - INFO - Validated dataset: PY 2022 Group Public Reporting: Patient Experience
2024-08-23 14:53:31 - INFO - Validated dataset: PY 2022 Clinician Public Reporting: MIPS Measures and Attestations
2024-08-23 14:53:31 - INFO - Validated dataset: PY 2022 Clinician Public Reporting: Overall MIPS Performance
2024-08-23 14:53:31 - INFO - Validated dataset: Inspection Dates
2024-08-23 14:53:31 - INFO - Validated dataset: State-Level Health Inspection Cut Points
2024-08-23 14:53:31 - INFO - Validated dataset: Home Health Care - Patient Survey (HHCAHPS) 2023Q1 to 2023Q4
2024-08-23 14:53:31 - INFO - Validated dataset: Home Health Care - Patient Survey (HHCAHPS) National Data 2023Q1 to 2023Q4
2024-08-23 14:53:31 - INFO - Validated dataset: Home Health Care - Patient Survey (HHCAHPS) State Data 2023Q1 to 2023Q4
2024-08-23 14:53:31 - INFO - Validated dataset: Home Health Care - Patient Survey (HHCAHPS) Measure Dates 2023Q1 to 2023Q4
2024-08-23 14:53:31 - INFO - Validated dataset: Addiction Medicine Office Visit Costs
2024-08-23 14:53:31 - INFO - Validated dataset: Advanced Heart Failure and Transplant Cardiology Office Visit Costs
2024-08-23 14:53:31 - INFO - Validated dataset: Allergy/ Immunology Office Visit Costs
2024-08-23 14:53:31 - INFO - Validated dataset: Anesthesiology Office Visit Costs
2024-08-23 14:53:31 - INFO - Validated dataset: Cardiac Surgery Office Visit Costs
2024-08-23 14:53:31 - INFO - Validated dataset: Cardiology Office Visit Costs
2024-08-23 14:53:31 - INFO - Validated dataset: Certified Clinical Nurse Specialist Office Visit Costs
2024-08-23 14:53:31 - INFO - Validated dataset: Certified Nurse Midwife Office Visit Costs
2024-08-23 14:53:31 - INFO - Validated dataset: Certified Registered Nurse Anesthetist (CRNA) Office Visit Costs
2024-08-23 14:53:31 - INFO - Validated dataset: Clinic or Group Practice Office Visit Costs
2024-08-23 14:53:31 - INFO - Validated dataset: Clinical Cardiac Electrophysiology Office Visit Costs
2024-08-23 14:53:31 - INFO - Validated dataset: Clinical Laboratory Office Visit Costs
2024-08-23 14:53:31 - INFO - Validated dataset: Colorectal Surgery (Proctology) Office Visit Costs
2024-08-23 14:53:31 - INFO - Validated dataset: Critical Care (Intensivists) Office Visit Costs
2024-08-23 14:53:31 - INFO - Validated dataset: Dentist Office Visit Costs
2024-08-23 14:53:31 - INFO - Validated dataset: Dermatology Office Visit Costs
2024-08-23 14:53:31 - INFO - Validated dataset: Diagnostic Radiology Office Visit Costs
2024-08-23 14:53:31 - INFO - Validated dataset: Emergency Medicine Office Visit Costs
2024-08-23 14:53:31 - INFO - Validated dataset: Endocrinology Office Visit Costs
2024-08-23 14:53:31 - INFO - Validated dataset: Family Practice Office Visit Costs
2024-08-23 14:53:31 - INFO - Validated dataset: Gastroenterology Office Visit Costs
2024-08-23 14:53:31 - INFO - Validated dataset: General Practice Office Visit Costs
2024-08-23 14:53:31 - INFO - Validated dataset: General Surgery Office Visit Costs
2024-08-23 14:53:31 - INFO - Validated dataset: Geriatric Medicine Office Visit Costs
2024-08-23 14:53:31 - INFO - Validated dataset: Geriatric Psychiatry Office Visit Costs
2024-08-23 14:53:31 - INFO - Validated dataset: Gynecological Oncology Office Visit Costs
2024-08-23 14:53:31 - INFO - Validated dataset: Hand Surgery Office Visit Costs
2024-08-23 14:53:31 - INFO - Validated dataset: Hematology Office Visit Costs
2024-08-23 14:53:31 - INFO - Validated dataset: Hematology-Oncology Office Visit Costs
2024-08-23 14:53:31 - INFO - Validated dataset: Hematopoietic Cell Transplantation and Cellular Therapy Office Visit Costs
2024-08-23 14:53:31 - INFO - Validated dataset: Hospice and Palliative Care Office Visit Costs
2024-08-23 14:53:31 - INFO - Validated dataset: Hospitalist Office Visit Costs
2024-08-23 14:53:31 - INFO - Validated dataset: Infectious Disease Office Visit Costs
2024-08-23 14:53:31 - INFO - Validated dataset: Internal Medicine Office Visit Costs
2024-08-23 14:53:31 - INFO - Validated dataset: Interventional Cardiology Office Visit Costs
2024-08-23 14:53:31 - INFO - Validated dataset: Interventional Pain Management Office Visit Costs
2024-08-23 14:53:31 - INFO - Validated dataset: Interventional Radiology Office Visit Costs
2024-08-23 14:53:31 - INFO - Validated dataset: Maxillofacial Surgery Office Visit Costs
2024-08-23 14:53:31 - INFO - Validated dataset: Medical Oncology Office Visit Costs
2024-08-23 14:53:31 - INFO - Validated dataset: Medical Toxicology Office Visit Costs
2024-08-23 14:53:31 - INFO - Validated dataset: Nephrology Office Visit Costs
2024-08-23 14:53:31 - INFO - Validated dataset: Neurology Office Visit Costs
2024-08-23 14:53:31 - INFO - Validated dataset: Neuropsychiatry Office Visit Costs
2024-08-23 14:53:31 - INFO - Validated dataset: Neurosurgery Office Visit Costs
2024-08-23 14:53:31 - INFO - Validated dataset: Nuclear Medicine Office Visit Costs
2024-08-23 14:53:31 - INFO - Validated dataset: Nurse Practitioner Office Visit Costs
2024-08-23 14:53:31 - INFO - Validated dataset: Obstetrics & Gynecology Office Visit Costs
2024-08-23 14:53:31 - INFO - Validated dataset: Ophthalmology Office Visit Costs
2024-08-23 14:53:31 - INFO - Validated dataset: Optometry Office Visit Costs
2024-08-23 14:53:31 - INFO - Validated dataset: Oral Surgery (Dentist only) Office Visit Costs
2024-08-23 14:53:31 - INFO - Validated dataset: Orthopedic Surgery Office Visit Costs
2024-08-23 14:53:31 - INFO - Validated dataset: Osteopathic Manipulative Medicine Office Visit Costs
2024-08-23 14:53:31 - INFO - Validated dataset: Otolaryngology Office Visit Costs
2024-08-23 14:53:31 - INFO - Validated dataset: Pain Management Office Visit Costs
2024-08-23 14:53:31 - INFO - Validated dataset: Pathology Office Visit Costs
2024-08-23 14:53:31 - INFO - Validated dataset: Pediatric Medicine Office Visit Costs
2024-08-23 14:53:31 - INFO - Validated dataset: Peripheral Vascular Disease Office Visit Costs
2024-08-23 14:53:31 - INFO - Validated dataset: Physical Medicine and Rehabilitation Office Visit Costs
2024-08-23 14:53:31 - INFO - Validated dataset: Physical Therapist in Private Practice Office Visit Costs
2024-08-23 14:53:31 - INFO - Validated dataset: Physician Assistant Office Visit Costs
2024-08-23 14:53:31 - INFO - Validated dataset: Plastic and Reconstructive Surgery Office Visit Costs
2024-08-23 14:53:31 - INFO - Validated dataset: Podiatry Office Visit Costs
2024-08-23 14:53:31 - INFO - Validated dataset: Preventive Medicine Office Visit Costs
2024-08-23 14:53:31 - INFO - Validated dataset: Psychiatry Office Visit Costs
2024-08-23 14:53:31 - INFO - Validated dataset: Psychologist, Clinical Office Visit Costs
2024-08-23 14:53:31 - INFO - Validated dataset: Public Health or Welfare Agency Office Visit Costs
2024-08-23 14:53:31 - INFO - Validated dataset: Pulmonary Disease Office Visit Costs
2024-08-23 14:53:31 - INFO - Validated dataset: Radiation Oncology Office Visit Costs
2024-08-23 14:53:31 - INFO - Validated dataset: Registered Dietitian or Nutrition Professional Office Visit Costs
2024-08-23 14:53:31 - INFO - Validated dataset: Rheumatology Office Visit Costs
2024-08-23 14:53:31 - INFO - Validated dataset: Sleep Medicine Office Visit Costs
2024-08-23 14:53:31 - INFO - Validated dataset: Sports Medicine Office Visit Costs
2024-08-23 14:53:31 - INFO - Validated dataset: Surgical Oncology Office Visit Costs
2024-08-23 14:53:31 - INFO - Validated dataset: Thoracic Surgery Office Visit Costs
2024-08-23 14:53:31 - INFO - Validated dataset: Undefined Physician type Office Visit Costs
2024-08-23 14:53:31 - INFO - Validated dataset: Undersea and Hyperbaric Medicine Office Visit Costs
2024-08-23 14:53:31 - INFO - Validated dataset: Urology Office Visit Costs
2024-08-23 14:53:31 - INFO - Validated dataset: Vascular Surgery Office Visit Costs
2024-08-23 14:53:31 - INFO - Validated dataset: PY 2022 Virtual Group Public Reporting: MIPS Measures and Attestations
2024-08-23 14:53:31 - INFO - Validated dataset: COVID-19 Vaccination Rates - Provider Data
2024-08-23 14:53:31 - INFO - Validated dataset: COVID-19 Vaccination Rates - State and National Averages
2024-08-23 14:53:31 - INFO - Validated dataset: Hospice care - State CAHPS Hospice Survey Data
2024-08-23 14:53:31 - INFO - Validated dataset: Hospice - State Data
2024-08-23 14:53:31 - INFO - Validated dataset: Licensed Clinical Social Worker Office Visit Costs
2024-08-23 14:53:31 - INFO - Validated dataset: Medical Genetics and Genomics Office Visit Costs
2024-08-23 14:53:31 - INFO - Validated dataset: Home Health Care - State by State Data
2024-08-23 14:53:31 - INFO - Validated dataset: Home Health Care - Measure Date Range
2024-08-23 14:53:31 - INFO - Validated dataset: Payment - State
2024-08-23 14:53:31 - INFO - Validated dataset: Maternal Health - Hospital
2024-08-23 14:53:31 - INFO - Validated dataset: Maternal Health - National
2024-08-23 14:53:31 - INFO - Validated dataset: Maternal Health - State
2024-08-23 14:53:31 - INFO - Validated dataset: Medical Equipment Suppliers
2024-08-23 14:53:31 - INFO - Validated dataset: Inpatient Rehabilitation Facility - National Data
2024-08-23 14:53:31 - INFO - Validated dataset: Long-Term Care Hospital - National Data
2024-08-23 14:53:31 - INFO - Validated dataset: Skilled Nursing Facility Quality Reporting Program - National Data
2024-08-23 14:53:31 - INFO - Validated dataset: Patient survey (ICH CAHPS) - State
2024-08-23 14:53:31 - INFO - Validated dataset: Hospice-National Data
2024-08-23 14:53:31 - INFO - Validated dataset: Facility Affiliation Data
2024-08-23 14:53:31 - INFO - Validated dataset: Utilization Data
2024-08-23 14:53:31 - INFO - Validated dataset: ESRD QIP - Clinical Depression Screening and Follow-up - Payment Year 2024
2024-08-23 14:53:31 - INFO - Validated dataset: ESRD QIP - Complete QIP Data - Payment Year 2024
2024-08-23 14:53:31 - INFO - Validated dataset: ESRD QIP - Dialysis Adequacy - Payment Year 2024
2024-08-23 14:53:31 - INFO - Validated dataset: ESRD QIP - Footnotes - Payment Year 2024
2024-08-23 14:53:31 - INFO - Validated dataset: ESRD QIP - Hypercalcemia - Payment Year 2024
2024-08-23 14:53:31 - INFO - Validated dataset: ESRD QIP - NHSN Dialysis Event Measure - Payment Year 2024
2024-08-23 14:53:31 - INFO - Validated dataset: ESRD QIP - NHSN Bloodstream Infection - Payment Year 2024
2024-08-23 14:53:31 - INFO - Validated dataset: ESRD QIP - Standardized Readmission Ratio - Payment Year 2024
2024-08-23 14:53:31 - INFO - Validated dataset: ESRD QIP - Standardized Transfusion Ratio - Payment Year 2024
2024-08-23 14:53:31 - INFO - Validated dataset: ESRD QIP - Total Performance Scores - Payment Year 2024
2024-08-23 14:53:31 - INFO - Validated dataset: ESRD QIP - Vascular Access Topic - Payment Year 2024
2024-08-23 14:53:31 - INFO - Validated dataset: ESRD QIP - Ultrafiltration Rate - Payment Year 2024
2024-08-23 14:53:31 - INFO - Validated dataset: ESRD QIP - Standardized Hospitalization Ratio - Payment Year 2024
2024-08-23 14:53:31 - INFO - Validated dataset: ESRD QIP - Medication Reconciliation - Payment Year 2024
2024-08-23 14:53:31 - INFO - Validated dataset: ESRD QIP - Percentage of Prevalent Patients Waitlisted - Payment Year 2024
2024-08-23 14:53:31 - INFO - Validated dataset: Patient-Reported Outcomes - Hospital
2024-08-23 14:53:31 - INFO - Validated dataset: Palliative Care - PPS-Exempt Cancer Hospital - Hospital
2024-08-23 14:53:31 - INFO - Validated dataset: Palliative Care - PPS-Exempt Cancer Hospital - National
2024-08-23 14:53:31 - INFO - Validated dataset: Audiologist Office Visit Costs
2024-08-23 14:53:31 - INFO - Validated dataset: Mass Immunizer Roster Biller Office Visit Costs
2024-08-23 14:53:31 - INFO - Validated dataset: Micrographic Dermatologic Surgery Office Visit Costs
2024-08-23 14:53:31 - INFO - Validated dataset: Opioid Treatment Program Office Visit Costs
2024-08-23 14:53:31 - INFO - Validated dataset: Pharmacy Office Visit Costs
2024-08-23 14:53:31 - INFO - ✅ Finished fetching datasets.
2024-08-23 14:53:31 - INFO - Completed CMS data download and processing.
2024-08-23 14:54:05 - INFO - Starting CMS data download and processing...
2024-08-23 14:54:05 - INFO - 🏗️ Fetching datasets...
2024-08-23 14:54:05 - DEBUG - Starting new HTTPS connection (1): data.cms.gov:443
2024-08-23 14:54:05 - DEBUG - https://data.cms.gov:443 "GET /provider-data/api/1/metastore/schemas/dataset/items HTTP/11" 200 30377
2024-08-23 14:54:05 - INFO - Validated dataset: Dialysis Facility - Listing by Facility
2024-08-23 14:54:05 - INFO - Validated dataset: Dialysis Facility - State Averages
2024-08-23 14:54:05 - INFO - Validated dataset: Dialysis Facility - National Averages
2024-08-23 14:54:05 - INFO - Validated dataset: Patient survey (ICH CAHPS) - Facility
2024-08-23 14:54:05 - INFO - Validated dataset: Patient survey (ICH CAHPS) - National
2024-08-23 14:54:05 - INFO - Validated dataset: Home Health Care - Zip Codes
2024-08-23 14:54:05 - INFO - Validated dataset: Home Health Care Agencies
2024-08-23 14:54:05 - INFO - Validated dataset: Home Health Care - National Data
2024-08-23 14:54:05 - INFO - Validated dataset: Hospice - Zip Data
2024-08-23 14:54:05 - INFO - Validated dataset: Hospice - General Information
2024-08-23 14:54:05 - INFO - Validated dataset: Hospice - Provider Data
2024-08-23 14:54:05 - INFO - Validated dataset: Hospice care - Provider CAHPS Hospice Survey Data
2024-08-23 14:54:05 - INFO - Validated dataset: Hospice care - National CAHPS Hospice Survey Data
2024-08-23 14:54:05 - INFO - Validated dataset: Outpatient and Ambulatory Surgery Consumer Assessment of Healthcare Providers and Systems (OAS CAHPS) survey for ambulatory surgical centers - Facility
2024-08-23 14:54:05 - INFO - Validated dataset: Ambulatory Surgical Center Quality Measures - Facility
2024-08-23 14:54:05 - INFO - Validated dataset: Ambulatory Surgical Center Quality Measures - National
2024-08-23 14:54:05 - INFO - Validated dataset: Outpatient and Ambulatory Surgery Consumer Assessment of Healthcare Providers and Systems (OAS CAHPS) survey for ambulatory surgical centers - National
2024-08-23 14:54:05 - INFO - Validated dataset: Ambulatory Surgical Center Quality Measures - State
2024-08-23 14:54:05 - INFO - Validated dataset: Outpatient and Ambulatory Surgery Consumer Assessment of Healthcare Providers and Systems (OAS CAHPS) survey for ambulatory surgical centers - State
2024-08-23 14:54:05 - INFO - Validated dataset: Comprehensive Care For Joint Replacement Model - Provider Data
2024-08-23 14:54:05 - INFO - Validated dataset: CMS Medicare PSI-90 and component measures - six-digit estimate dataset
2024-08-23 14:54:05 - INFO - Validated dataset: Complications and Deaths - Hospital
2024-08-23 14:54:05 - INFO - Validated dataset: Complications and Deaths - National
2024-08-23 14:54:05 - INFO - Validated dataset: Complications and Deaths - State
2024-08-23 14:54:05 - INFO - Validated dataset: Footnote Crosswalk
2024-08-23 14:54:05 - INFO - Validated dataset: Outpatient and Ambulatory Surgery Consumer Assessment of Healthcare Providers and Systems (OAS CAHPS) survey - Footnotes
2024-08-23 14:54:05 - INFO - Validated dataset: Table 2: FY2021 Distribution of Net Change in Base Operating DRG Payment Amount
2024-08-23 14:54:05 - INFO - Validated dataset: Table 1: FY2021 Net Change in Base Operating DRG Payment Amount
2024-08-23 14:54:05 - INFO - Validated dataset: Table 3: FY2021 Percent Change in Medicare Payments
2024-08-23 14:54:05 - INFO - Validated dataset: Table 4: FY2021 Value-Based Incentive Payment Amount
2024-08-23 14:54:05 - INFO - Validated dataset: Patient survey (HCAHPS) - Hospital
2024-08-23 14:54:05 - INFO - Validated dataset: Patient survey (HCAHPS) - National
2024-08-23 14:54:05 - INFO - Validated dataset: Patient survey (HCAHPS) - State
2024-08-23 14:54:05 - INFO - Validated dataset: Healthcare Associated Infections - Hospital
2024-08-23 14:54:05 - INFO - Validated dataset: Healthcare Associated Infections - National
2024-08-23 14:54:05 - INFO - Validated dataset: Healthcare Associated Infections - State
2024-08-23 14:54:05 - INFO - Validated dataset: Outpatient and Ambulatory Surgery Consumer Assessment of Healthcare Providers and Systems (OAS CAHPS) survey for hospital outpatient departments - Facility
2024-08-23 14:54:05 - INFO - Validated dataset: Outpatient and Ambulatory Surgery Consumer Assessment of Healthcare Providers and Systems (OAS CAHPS) survey for hospital outpatient departments - National
2024-08-23 14:54:05 - INFO - Validated dataset: Outpatient and Ambulatory Surgery Consumer Assessment of Healthcare Providers and Systems (OAS CAHPS) survey for hospital outpatient departments - State
2024-08-23 14:54:05 - INFO - Validated dataset: Hospital General Information
2024-08-23 14:54:05 - INFO - Validated dataset: Complications and Unplanned Hospital Visits - PPS-Exempt Cancer Hospital - Hospital
2024-08-23 14:54:05 - INFO - Validated dataset: Complications and Unplanned Hospital Visits - PPS-Exempt Cancer Hospital - National
2024-08-23 14:54:05 - INFO - Validated dataset: Hospital-Acquired Condition (HAC) Reduction Program
2024-08-23 14:54:05 - INFO - Validated dataset: Medicare Spending Per Beneficiary - Hospital Additional Decimal Places
2024-08-23 14:54:05 - INFO - Validated dataset: Safety and Healthcare-Associated Infection Measures - PPS-Exempt Cancer Hospital
2024-08-23 14:54:05 - INFO - Validated dataset: Patient Survey (PCH - HCAHPS) PPS-Exempt Cancer Hospital - Hospital
2024-08-23 14:54:05 - INFO - Validated dataset: Patient Survey (PCH - HCAHPS) PPS-Exempt Cancer Hospital - National
2024-08-23 14:54:05 - INFO - Validated dataset: Patient Survey (PCH - HCAHPS) PPS-Exempt Cancer Hospital - State
2024-08-23 14:54:05 - INFO - Validated dataset: Hospital Readmissions Reduction Program
2024-08-23 14:54:05 - INFO - Validated dataset: Hospital Value-Based Purchasing (HVBP) - Clinical Outcomes Domain Scores
2024-08-23 14:54:05 - INFO - Validated dataset: Hospital Value-Based Purchasing (HVBP) - Efficiency Scores
2024-08-23 14:54:05 - INFO - Validated dataset: Hospital Value-Based Purchasing (HVBP) - Person and Community Engagement Domain Scores (HCAHPS)
2024-08-23 14:54:05 - INFO - Validated dataset: Hospital Value-Based Purchasing (HVBP) - Safety
2024-08-23 14:54:05 - INFO - Validated dataset: Hospital Value-Based Purchasing (HVBP) - Total Performance Score
2024-08-23 14:54:05 - INFO - Validated dataset: Inpatient Psychiatric Facility Quality Measure Data - by Facility
2024-08-23 14:54:05 - INFO - Validated dataset: Inpatient Psychiatric Facility Quality Measure Data - National
2024-08-23 14:54:05 - INFO - Validated dataset: Inpatient Psychiatric Facility Quality Measure Data - by State
2024-08-23 14:54:05 - INFO - Validated dataset: Measure Dates
2024-08-23 14:54:05 - INFO - Validated dataset: Medicare Hospital Spending by Claim
2024-08-23 14:54:05 - INFO - Validated dataset: Medicare Spending Per Beneficiary - Hospital
2024-08-23 14:54:05 - INFO - Validated dataset: Medicare Spending Per Beneficiary - National
2024-08-23 14:54:05 - INFO - Validated dataset: Medicare Spending Per Beneficiary - State
2024-08-23 14:54:05 - INFO - Validated dataset: Outpatient Imaging Efficiency - Hospital
2024-08-23 14:54:05 - INFO - Validated dataset: Outpatient Imaging Efficiency - National
2024-08-23 14:54:05 - INFO - Validated dataset: Outpatient Imaging Efficiency - State
2024-08-23 14:54:05 - INFO - Validated dataset: Payment - National
2024-08-23 14:54:05 - INFO - Validated dataset: Payment and value of care - Hospital
2024-08-23 14:54:05 - INFO - Validated dataset: Timely and Effective Care - Hospital
2024-08-23 14:54:05 - INFO - Validated dataset: Timely and Effective Care - National
2024-08-23 14:54:05 - INFO - Validated dataset: Timely and Effective Care - State
2024-08-23 14:54:05 - INFO - Validated dataset: Unplanned Hospital Visits - Hospital
2024-08-23 14:54:05 - INFO - Validated dataset: Unplanned Hospital Visits - National
2024-08-23 14:54:05 - INFO - Validated dataset: Unplanned Hospital Visits - State
2024-08-23 14:54:05 - INFO - Validated dataset: Veterans Health Administration Behavioral Health Data
2024-08-23 14:54:05 - INFO - Validated dataset: Veterans Health Administration Timely and Effective Care Data
2024-08-23 14:54:05 - INFO - Validated dataset: Value of care - National
2024-08-23 14:54:05 - INFO - Validated dataset: Veterans Health Administration Provider Level Data
2024-08-23 14:54:05 - INFO - Validated dataset: Data Updates
2024-08-23 14:54:05 - INFO - Validated dataset: Inpatient Rehabilitation Facility - General Information
2024-08-23 14:54:05 - INFO - Validated dataset: Inpatient Rehabilitation Facility - Provider Data
2024-08-23 14:54:05 - INFO - Validated dataset: Inpatient Rehabilitation Facility - Conditions
2024-08-23 14:54:05 - INFO - Validated dataset: Long-Term Care Hospital - General Information
2024-08-23 14:54:05 - INFO - Validated dataset: Long-Term Care Hospital - Provider Data
2024-08-23 14:54:05 - INFO - Validated dataset: Fire Safety Deficiencies
2024-08-23 14:54:05 - INFO - Validated dataset: Health Deficiencies
2024-08-23 14:54:05 - INFO - Validated dataset: MDS Quality Measures
2024-08-23 14:54:05 - INFO - Validated dataset: Medicare Claims Quality Measures
2024-08-23 14:54:05 - INFO - Validated dataset: Ownership
2024-08-23 14:54:05 - INFO - Validated dataset: Penalties
2024-08-23 14:54:05 - INFO - Validated dataset: Provider Information
2024-08-23 14:54:05 - INFO - Validated dataset: Skilled Nursing Facility Quality Reporting Program - Provider Data
2024-08-23 14:54:05 - INFO - Validated dataset: Skilled Nursing Facility Quality Reporting Program - Swing Beds - Provider Data
2024-08-23 14:54:05 - INFO - Validated dataset: State US Averages
2024-08-23 14:54:05 - INFO - Validated dataset: Survey Summary
2024-08-23 14:54:05 - INFO - Validated dataset: FY 2024 SNF VBP Facility-Level Dataset
2024-08-23 14:54:05 - INFO - Validated dataset: FY 2024 SNF VBP Aggregate Performance
2024-08-23 14:54:05 - INFO - Validated dataset: Nursing Home Data Collection Intervals
2024-08-23 14:54:05 - INFO - Validated dataset: Citation Code Look-up
2024-08-23 14:54:05 - INFO - Validated dataset: National Downloadable File
2024-08-23 14:54:05 - INFO - Validated dataset: PY 2022 Group Public Reporting: MIPS Measures and Attestations
2024-08-23 14:54:05 - INFO - Validated dataset: PY 2022 Group Public Reporting: Patient Experience
2024-08-23 14:54:05 - INFO - Validated dataset: PY 2022 Clinician Public Reporting: MIPS Measures and Attestations
2024-08-23 14:54:05 - INFO - Validated dataset: PY 2022 Clinician Public Reporting: Overall MIPS Performance
2024-08-23 14:54:05 - INFO - Validated dataset: Inspection Dates
2024-08-23 14:54:05 - INFO - Validated dataset: State-Level Health Inspection Cut Points
2024-08-23 14:54:05 - INFO - Validated dataset: Home Health Care - Patient Survey (HHCAHPS) 2023Q1 to 2023Q4
2024-08-23 14:54:05 - INFO - Validated dataset: Home Health Care - Patient Survey (HHCAHPS) National Data 2023Q1 to 2023Q4
2024-08-23 14:54:05 - INFO - Validated dataset: Home Health Care - Patient Survey (HHCAHPS) State Data 2023Q1 to 2023Q4
2024-08-23 14:54:05 - INFO - Validated dataset: Home Health Care - Patient Survey (HHCAHPS) Measure Dates 2023Q1 to 2023Q4
2024-08-23 14:54:05 - INFO - Validated dataset: Addiction Medicine Office Visit Costs
2024-08-23 14:54:05 - INFO - Validated dataset: Advanced Heart Failure and Transplant Cardiology Office Visit Costs
2024-08-23 14:54:05 - INFO - Validated dataset: Allergy/ Immunology Office Visit Costs
2024-08-23 14:54:05 - INFO - Validated dataset: Anesthesiology Office Visit Costs
2024-08-23 14:54:05 - INFO - Validated dataset: Cardiac Surgery Office Visit Costs
2024-08-23 14:54:05 - INFO - Validated dataset: Cardiology Office Visit Costs
2024-08-23 14:54:05 - INFO - Validated dataset: Certified Clinical Nurse Specialist Office Visit Costs
2024-08-23 14:54:05 - INFO - Validated dataset: Certified Nurse Midwife Office Visit Costs
2024-08-23 14:54:05 - INFO - Validated dataset: Certified Registered Nurse Anesthetist (CRNA) Office Visit Costs
2024-08-23 14:54:05 - INFO - Validated dataset: Clinic or Group Practice Office Visit Costs
2024-08-23 14:54:05 - INFO - Validated dataset: Clinical Cardiac Electrophysiology Office Visit Costs
2024-08-23 14:54:05 - INFO - Validated dataset: Clinical Laboratory Office Visit Costs
2024-08-23 14:54:05 - INFO - Validated dataset: Colorectal Surgery (Proctology) Office Visit Costs
2024-08-23 14:54:05 - INFO - Validated dataset: Critical Care (Intensivists) Office Visit Costs
2024-08-23 14:54:05 - INFO - Validated dataset: Dentist Office Visit Costs
2024-08-23 14:54:05 - INFO - Validated dataset: Dermatology Office Visit Costs
2024-08-23 14:54:05 - INFO - Validated dataset: Diagnostic Radiology Office Visit Costs
2024-08-23 14:54:05 - INFO - Validated dataset: Emergency Medicine Office Visit Costs
2024-08-23 14:54:05 - INFO - Validated dataset: Endocrinology Office Visit Costs
2024-08-23 14:54:05 - INFO - Validated dataset: Family Practice Office Visit Costs
2024-08-23 14:54:05 - INFO - Validated dataset: Gastroenterology Office Visit Costs
2024-08-23 14:54:05 - INFO - Validated dataset: General Practice Office Visit Costs
2024-08-23 14:54:05 - INFO - Validated dataset: General Surgery Office Visit Costs
2024-08-23 14:54:05 - INFO - Validated dataset: Geriatric Medicine Office Visit Costs
2024-08-23 14:54:05 - INFO - Validated dataset: Geriatric Psychiatry Office Visit Costs
2024-08-23 14:54:05 - INFO - Validated dataset: Gynecological Oncology Office Visit Costs
2024-08-23 14:54:05 - INFO - Validated dataset: Hand Surgery Office Visit Costs
2024-08-23 14:54:05 - INFO - Validated dataset: Hematology Office Visit Costs
2024-08-23 14:54:05 - INFO - Validated dataset: Hematology-Oncology Office Visit Costs
2024-08-23 14:54:05 - INFO - Validated dataset: Hematopoietic Cell Transplantation and Cellular Therapy Office Visit Costs
2024-08-23 14:54:05 - INFO - Validated dataset: Hospice and Palliative Care Office Visit Costs
2024-08-23 14:54:05 - INFO - Validated dataset: Hospitalist Office Visit Costs
2024-08-23 14:54:05 - INFO - Validated dataset: Infectious Disease Office Visit Costs
2024-08-23 14:54:05 - INFO - Validated dataset: Internal Medicine Office Visit Costs
2024-08-23 14:54:05 - INFO - Validated dataset: Interventional Cardiology Office Visit Costs
2024-08-23 14:54:05 - INFO - Validated dataset: Interventional Pain Management Office Visit Costs
2024-08-23 14:54:05 - INFO - Validated dataset: Interventional Radiology Office Visit Costs
2024-08-23 14:54:05 - INFO - Validated dataset: Maxillofacial Surgery Office Visit Costs
2024-08-23 14:54:05 - INFO - Validated dataset: Medical Oncology Office Visit Costs
2024-08-23 14:54:05 - INFO - Validated dataset: Medical Toxicology Office Visit Costs
2024-08-23 14:54:05 - INFO - Validated dataset: Nephrology Office Visit Costs
2024-08-23 14:54:05 - INFO - Validated dataset: Neurology Office Visit Costs
2024-08-23 14:54:05 - INFO - Validated dataset: Neuropsychiatry Office Visit Costs
2024-08-23 14:54:05 - INFO - Validated dataset: Neurosurgery Office Visit Costs
2024-08-23 14:54:05 - INFO - Validated dataset: Nuclear Medicine Office Visit Costs
2024-08-23 14:54:05 - INFO - Validated dataset: Nurse Practitioner Office Visit Costs
2024-08-23 14:54:05 - INFO - Validated dataset: Obstetrics & Gynecology Office Visit Costs
2024-08-23 14:54:05 - INFO - Validated dataset: Ophthalmology Office Visit Costs
2024-08-23 14:54:05 - INFO - Validated dataset: Optometry Office Visit Costs
2024-08-23 14:54:05 - INFO - Validated dataset: Oral Surgery (Dentist only) Office Visit Costs
2024-08-23 14:54:05 - INFO - Validated dataset: Orthopedic Surgery Office Visit Costs
2024-08-23 14:54:05 - INFO - Validated dataset: Osteopathic Manipulative Medicine Office Visit Costs
2024-08-23 14:54:05 - INFO - Validated dataset: Otolaryngology Office Visit Costs
2024-08-23 14:54:05 - INFO - Validated dataset: Pain Management Office Visit Costs
2024-08-23 14:54:05 - INFO - Validated dataset: Pathology Office Visit Costs
2024-08-23 14:54:05 - INFO - Validated dataset: Pediatric Medicine Office Visit Costs
2024-08-23 14:54:05 - INFO - Validated dataset: Peripheral Vascular Disease Office Visit Costs
2024-08-23 14:54:05 - INFO - Validated dataset: Physical Medicine and Rehabilitation Office Visit Costs
2024-08-23 14:54:05 - INFO - Validated dataset: Physical Therapist in Private Practice Office Visit Costs
2024-08-23 14:54:05 - INFO - Validated dataset: Physician Assistant Office Visit Costs
2024-08-23 14:54:05 - INFO - Validated dataset: Plastic and Reconstructive Surgery Office Visit Costs
2024-08-23 14:54:05 - INFO - Validated dataset: Podiatry Office Visit Costs
2024-08-23 14:54:05 - INFO - Validated dataset: Preventive Medicine Office Visit Costs
2024-08-23 14:54:05 - INFO - Validated dataset: Psychiatry Office Visit Costs
2024-08-23 14:54:05 - INFO - Validated dataset: Psychologist, Clinical Office Visit Costs
2024-08-23 14:54:05 - INFO - Validated dataset: Public Health or Welfare Agency Office Visit Costs
2024-08-23 14:54:05 - INFO - Validated dataset: Pulmonary Disease Office Visit Costs
2024-08-23 14:54:05 - INFO - Validated dataset: Radiation Oncology Office Visit Costs
2024-08-23 14:54:05 - INFO - Validated dataset: Registered Dietitian or Nutrition Professional Office Visit Costs
2024-08-23 14:54:05 - INFO - Validated dataset: Rheumatology Office Visit Costs
2024-08-23 14:54:05 - INFO - Validated dataset: Sleep Medicine Office Visit Costs
2024-08-23 14:54:05 - INFO - Validated dataset: Sports Medicine Office Visit Costs
2024-08-23 14:54:05 - INFO - Validated dataset: Surgical Oncology Office Visit Costs
2024-08-23 14:54:05 - INFO - Validated dataset: Thoracic Surgery Office Visit Costs
2024-08-23 14:54:05 - INFO - Validated dataset: Undefined Physician type Office Visit Costs
2024-08-23 14:54:05 - INFO - Validated dataset: Undersea and Hyperbaric Medicine Office Visit Costs
2024-08-23 14:54:05 - INFO - Validated dataset: Urology Office Visit Costs
2024-08-23 14:54:05 - INFO - Validated dataset: Vascular Surgery Office Visit Costs
2024-08-23 14:54:05 - INFO - Validated dataset: PY 2022 Virtual Group Public Reporting: MIPS Measures and Attestations
2024-08-23 14:54:05 - INFO - Validated dataset: COVID-19 Vaccination Rates - Provider Data
2024-08-23 14:54:05 - INFO - Validated dataset: COVID-19 Vaccination Rates - State and National Averages
2024-08-23 14:54:05 - INFO - Validated dataset: Hospice care - State CAHPS Hospice Survey Data
2024-08-23 14:54:05 - INFO - Validated dataset: Hospice - State Data
2024-08-23 14:54:05 - INFO - Validated dataset: Licensed Clinical Social Worker Office Visit Costs
2024-08-23 14:54:05 - INFO - Validated dataset: Medical Genetics and Genomics Office Visit Costs
2024-08-23 14:54:05 - INFO - Validated dataset: Home Health Care - State by State Data
2024-08-23 14:54:05 - INFO - Validated dataset: Home Health Care - Measure Date Range
2024-08-23 14:54:05 - INFO - Validated dataset: Payment - State
2024-08-23 14:54:05 - INFO - Validated dataset: Maternal Health - Hospital
2024-08-23 14:54:05 - INFO - Validated dataset: Maternal Health - National
2024-08-23 14:54:05 - INFO - Validated dataset: Maternal Health - State
2024-08-23 14:54:05 - INFO - Validated dataset: Medical Equipment Suppliers
2024-08-23 14:54:05 - INFO - Validated dataset: Inpatient Rehabilitation Facility - National Data
2024-08-23 14:54:05 - INFO - Validated dataset: Long-Term Care Hospital - National Data
2024-08-23 14:54:05 - INFO - Validated dataset: Skilled Nursing Facility Quality Reporting Program - National Data
2024-08-23 14:54:05 - INFO - Validated dataset: Patient survey (ICH CAHPS) - State
2024-08-23 14:54:05 - INFO - Validated dataset: Hospice-National Data
2024-08-23 14:54:05 - INFO - Validated dataset: Facility Affiliation Data
2024-08-23 14:54:05 - INFO - Validated dataset: Utilization Data
2024-08-23 14:54:05 - INFO - Validated dataset: ESRD QIP - Clinical Depression Screening and Follow-up - Payment Year 2024
2024-08-23 14:54:05 - INFO - Validated dataset: ESRD QIP - Complete QIP Data - Payment Year 2024
2024-08-23 14:54:05 - INFO - Validated dataset: ESRD QIP - Dialysis Adequacy - Payment Year 2024
2024-08-23 14:54:05 - INFO - Validated dataset: ESRD QIP - Footnotes - Payment Year 2024
2024-08-23 14:54:05 - INFO - Validated dataset: ESRD QIP - Hypercalcemia - Payment Year 2024
2024-08-23 14:54:05 - INFO - Validated dataset: ESRD QIP - NHSN Dialysis Event Measure - Payment Year 2024
2024-08-23 14:54:05 - INFO - Validated dataset: ESRD QIP - NHSN Bloodstream Infection - Payment Year 2024
2024-08-23 14:54:05 - INFO - Validated dataset: ESRD QIP - Standardized Readmission Ratio - Payment Year 2024
2024-08-23 14:54:05 - INFO - Validated dataset: ESRD QIP - Standardized Transfusion Ratio - Payment Year 2024
2024-08-23 14:54:05 - INFO - Validated dataset: ESRD QIP - Total Performance Scores - Payment Year 2024
2024-08-23 14:54:05 - INFO - Validated dataset: ESRD QIP - Vascular Access Topic - Payment Year 2024
2024-08-23 14:54:05 - INFO - Validated dataset: ESRD QIP - Ultrafiltration Rate - Payment Year 2024
2024-08-23 14:54:05 - INFO - Validated dataset: ESRD QIP - Standardized Hospitalization Ratio - Payment Year 2024
2024-08-23 14:54:05 - INFO - Validated dataset: ESRD QIP - Medication Reconciliation - Payment Year 2024
2024-08-23 14:54:05 - INFO - Validated dataset: ESRD QIP - Percentage of Prevalent Patients Waitlisted - Payment Year 2024
2024-08-23 14:54:05 - INFO - Validated dataset: Patient-Reported Outcomes - Hospital
2024-08-23 14:54:05 - INFO - Validated dataset: Palliative Care - PPS-Exempt Cancer Hospital - Hospital
2024-08-23 14:54:05 - INFO - Validated dataset: Palliative Care - PPS-Exempt Cancer Hospital - National
2024-08-23 14:54:05 - INFO - Validated dataset: Audiologist Office Visit Costs
2024-08-23 14:54:05 - INFO - Validated dataset: Mass Immunizer Roster Biller Office Visit Costs
2024-08-23 14:54:05 - INFO - Validated dataset: Micrographic Dermatologic Surgery Office Visit Costs
2024-08-23 14:54:05 - INFO - Validated dataset: Opioid Treatment Program Office Visit Costs
2024-08-23 14:54:05 - INFO - Validated dataset: Pharmacy Office Visit Costs
2024-08-23 14:54:05 - INFO - ✅ Finished fetching datasets.
2024-08-23 14:54:05 - INFO - Completed CMS data download and processing.
2024-08-23 14:55:06 - INFO - Starting CMS data download and processing...
2024-08-23 14:55:06 - INFO - 🏗️ Fetching datasets...
2024-08-23 14:55:06 - DEBUG - Starting new HTTPS connection (1): data.cms.gov:443
2024-08-23 14:55:06 - DEBUG - https://data.cms.gov:443 "GET /provider-data/api/1/metastore/schemas/dataset/items HTTP/11" 200 30377
2024-08-23 14:55:06 - INFO - Validated dataset: Dialysis Facility - Listing by Facility
2024-08-23 14:55:06 - INFO - Validated dataset: Dialysis Facility - State Averages
2024-08-23 14:55:06 - INFO - Validated dataset: Dialysis Facility - National Averages
2024-08-23 14:55:06 - INFO - Validated dataset: Patient survey (ICH CAHPS) - Facility
2024-08-23 14:55:06 - INFO - Validated dataset: Patient survey (ICH CAHPS) - National
2024-08-23 14:55:06 - INFO - Validated dataset: Home Health Care - Zip Codes
2024-08-23 14:55:06 - INFO - Validated dataset: Home Health Care Agencies
2024-08-23 14:55:06 - INFO - Validated dataset: Home Health Care - National Data
2024-08-23 14:55:06 - INFO - Validated dataset: Hospice - Zip Data
2024-08-23 14:55:06 - INFO - Validated dataset: Hospice - General Information
2024-08-23 14:55:06 - INFO - Validated dataset: Hospice - Provider Data
2024-08-23 14:55:06 - INFO - Validated dataset: Hospice care - Provider CAHPS Hospice Survey Data
2024-08-23 14:55:06 - INFO - Validated dataset: Hospice care - National CAHPS Hospice Survey Data
2024-08-23 14:55:06 - INFO - Validated dataset: Outpatient and Ambulatory Surgery Consumer Assessment of Healthcare Providers and Systems (OAS CAHPS) survey for ambulatory surgical centers - Facility
2024-08-23 14:55:06 - INFO - Validated dataset: Ambulatory Surgical Center Quality Measures - Facility
2024-08-23 14:55:06 - INFO - Validated dataset: Ambulatory Surgical Center Quality Measures - National
2024-08-23 14:55:06 - INFO - Validated dataset: Outpatient and Ambulatory Surgery Consumer Assessment of Healthcare Providers and Systems (OAS CAHPS) survey for ambulatory surgical centers - National
2024-08-23 14:55:06 - INFO - Validated dataset: Ambulatory Surgical Center Quality Measures - State
2024-08-23 14:55:06 - INFO - Validated dataset: Outpatient and Ambulatory Surgery Consumer Assessment of Healthcare Providers and Systems (OAS CAHPS) survey for ambulatory surgical centers - State
2024-08-23 14:55:06 - INFO - Validated dataset: Comprehensive Care For Joint Replacement Model - Provider Data
2024-08-23 14:55:06 - INFO - Validated dataset: CMS Medicare PSI-90 and component measures - six-digit estimate dataset
2024-08-23 14:55:06 - INFO - Validated dataset: Complications and Deaths - Hospital
2024-08-23 14:55:06 - INFO - Validated dataset: Complications and Deaths - National
2024-08-23 14:55:06 - INFO - Validated dataset: Complications and Deaths - State
2024-08-23 14:55:06 - INFO - Validated dataset: Footnote Crosswalk
2024-08-23 14:55:06 - INFO - Validated dataset: Outpatient and Ambulatory Surgery Consumer Assessment of Healthcare Providers and Systems (OAS CAHPS) survey - Footnotes
2024-08-23 14:55:06 - INFO - Validated dataset: Table 2: FY2021 Distribution of Net Change in Base Operating DRG Payment Amount
2024-08-23 14:55:06 - INFO - Validated dataset: Table 1: FY2021 Net Change in Base Operating DRG Payment Amount
2024-08-23 14:55:06 - INFO - Validated dataset: Table 3: FY2021 Percent Change in Medicare Payments
2024-08-23 14:55:06 - INFO - Validated dataset: Table 4: FY2021 Value-Based Incentive Payment Amount
2024-08-23 14:55:06 - INFO - Validated dataset: Patient survey (HCAHPS) - Hospital
2024-08-23 14:55:06 - INFO - Validated dataset: Patient survey (HCAHPS) - National
2024-08-23 14:55:06 - INFO - Validated dataset: Patient survey (HCAHPS) - State
2024-08-23 14:55:06 - INFO - Validated dataset: Healthcare Associated Infections - Hospital
2024-08-23 14:55:06 - INFO - Validated dataset: Healthcare Associated Infections - National
2024-08-23 14:55:06 - INFO - Validated dataset: Healthcare Associated Infections - State
2024-08-23 14:55:06 - INFO - Validated dataset: Outpatient and Ambulatory Surgery Consumer Assessment of Healthcare Providers and Systems (OAS CAHPS) survey for hospital outpatient departments - Facility
2024-08-23 14:55:06 - INFO - Validated dataset: Outpatient and Ambulatory Surgery Consumer Assessment of Healthcare Providers and Systems (OAS CAHPS) survey for hospital outpatient departments - National
2024-08-23 14:55:06 - INFO - Validated dataset: Outpatient and Ambulatory Surgery Consumer Assessment of Healthcare Providers and Systems (OAS CAHPS) survey for hospital outpatient departments - State
2024-08-23 14:55:06 - INFO - Validated dataset: Hospital General Information
2024-08-23 14:55:06 - INFO - Validated dataset: Complications and Unplanned Hospital Visits - PPS-Exempt Cancer Hospital - Hospital
2024-08-23 14:55:06 - INFO - Validated dataset: Complications and Unplanned Hospital Visits - PPS-Exempt Cancer Hospital - National
2024-08-23 14:55:06 - INFO - Validated dataset: Hospital-Acquired Condition (HAC) Reduction Program
2024-08-23 14:55:06 - INFO - Validated dataset: Medicare Spending Per Beneficiary - Hospital Additional Decimal Places
2024-08-23 14:55:06 - INFO - Validated dataset: Safety and Healthcare-Associated Infection Measures - PPS-Exempt Cancer Hospital
2024-08-23 14:55:06 - INFO - Validated dataset: Patient Survey (PCH - HCAHPS) PPS-Exempt Cancer Hospital - Hospital
2024-08-23 14:55:06 - INFO - Validated dataset: Patient Survey (PCH - HCAHPS) PPS-Exempt Cancer Hospital - National
2024-08-23 14:55:06 - INFO - Validated dataset: Patient Survey (PCH - HCAHPS) PPS-Exempt Cancer Hospital - State
2024-08-23 14:55:06 - INFO - Validated dataset: Hospital Readmissions Reduction Program
2024-08-23 14:55:06 - INFO - Validated dataset: Hospital Value-Based Purchasing (HVBP) - Clinical Outcomes Domain Scores
2024-08-23 14:55:06 - INFO - Validated dataset: Hospital Value-Based Purchasing (HVBP) - Efficiency Scores
2024-08-23 14:55:06 - INFO - Validated dataset: Hospital Value-Based Purchasing (HVBP) - Person and Community Engagement Domain Scores (HCAHPS)
2024-08-23 14:55:06 - INFO - Validated dataset: Hospital Value-Based Purchasing (HVBP) - Safety
2024-08-23 14:55:06 - INFO - Validated dataset: Hospital Value-Based Purchasing (HVBP) - Total Performance Score
2024-08-23 14:55:06 - INFO - Validated dataset: Inpatient Psychiatric Facility Quality Measure Data - by Facility
2024-08-23 14:55:06 - INFO - Validated dataset: Inpatient Psychiatric Facility Quality Measure Data - National
2024-08-23 14:55:06 - INFO - Validated dataset: Inpatient Psychiatric Facility Quality Measure Data - by State
2024-08-23 14:55:06 - INFO - Validated dataset: Measure Dates
2024-08-23 14:55:06 - INFO - Validated dataset: Medicare Hospital Spending by Claim
2024-08-23 14:55:06 - INFO - Validated dataset: Medicare Spending Per Beneficiary - Hospital
2024-08-23 14:55:06 - INFO - Validated dataset: Medicare Spending Per Beneficiary - National
2024-08-23 14:55:06 - INFO - Validated dataset: Medicare Spending Per Beneficiary - State
2024-08-23 14:55:06 - INFO - Validated dataset: Outpatient Imaging Efficiency - Hospital
2024-08-23 14:55:06 - INFO - Validated dataset: Outpatient Imaging Efficiency - National
2024-08-23 14:55:06 - INFO - Validated dataset: Outpatient Imaging Efficiency - State
2024-08-23 14:55:06 - INFO - Validated dataset: Payment - National
2024-08-23 14:55:06 - INFO - Validated dataset: Payment and value of care - Hospital
2024-08-23 14:55:06 - INFO - Validated dataset: Timely and Effective Care - Hospital
2024-08-23 14:55:06 - INFO - Validated dataset: Timely and Effective Care - National
2024-08-23 14:55:06 - INFO - Validated dataset: Timely and Effective Care - State
2024-08-23 14:55:06 - INFO - Validated dataset: Unplanned Hospital Visits - Hospital
2024-08-23 14:55:06 - INFO - Validated dataset: Unplanned Hospital Visits - National
2024-08-23 14:55:06 - INFO - Validated dataset: Unplanned Hospital Visits - State
2024-08-23 14:55:06 - INFO - Validated dataset: Veterans Health Administration Behavioral Health Data
2024-08-23 14:55:06 - INFO - Validated dataset: Veterans Health Administration Timely and Effective Care Data
2024-08-23 14:55:06 - INFO - Validated dataset: Value of care - National
2024-08-23 14:55:06 - INFO - Validated dataset: Veterans Health Administration Provider Level Data
2024-08-23 14:55:06 - INFO - Validated dataset: Data Updates
2024-08-23 14:55:06 - INFO - Validated dataset: Inpatient Rehabilitation Facility - General Information
2024-08-23 14:55:06 - INFO - Validated dataset: Inpatient Rehabilitation Facility - Provider Data
2024-08-23 14:55:06 - INFO - Validated dataset: Inpatient Rehabilitation Facility - Conditions
2024-08-23 14:55:06 - INFO - Validated dataset: Long-Term Care Hospital - General Information
2024-08-23 14:55:06 - INFO - Validated dataset: Long-Term Care Hospital - Provider Data
2024-08-23 14:55:06 - INFO - Validated dataset: Fire Safety Deficiencies
2024-08-23 14:55:06 - INFO - Validated dataset: Health Deficiencies
2024-08-23 14:55:06 - INFO - Validated dataset: MDS Quality Measures
2024-08-23 14:55:06 - INFO - Validated dataset: Medicare Claims Quality Measures
2024-08-23 14:55:06 - INFO - Validated dataset: Ownership
2024-08-23 14:55:06 - INFO - Validated dataset: Penalties
2024-08-23 14:55:06 - INFO - Validated dataset: Provider Information
2024-08-23 14:55:06 - INFO - Validated dataset: Skilled Nursing Facility Quality Reporting Program - Provider Data
2024-08-23 14:55:06 - INFO - Validated dataset: Skilled Nursing Facility Quality Reporting Program - Swing Beds - Provider Data
2024-08-23 14:55:06 - INFO - Validated dataset: State US Averages
2024-08-23 14:55:06 - INFO - Validated dataset: Survey Summary
2024-08-23 14:55:06 - INFO - Validated dataset: FY 2024 SNF VBP Facility-Level Dataset
2024-08-23 14:55:06 - INFO - Validated dataset: FY 2024 SNF VBP Aggregate Performance
2024-08-23 14:55:06 - INFO - Validated dataset: Nursing Home Data Collection Intervals
2024-08-23 14:55:06 - INFO - Validated dataset: Citation Code Look-up
2024-08-23 14:55:06 - INFO - Validated dataset: National Downloadable File
2024-08-23 14:55:06 - INFO - Validated dataset: PY 2022 Group Public Reporting: MIPS Measures and Attestations
2024-08-23 14:55:06 - INFO - Validated dataset: PY 2022 Group Public Reporting: Patient Experience
2024-08-23 14:55:06 - INFO - Validated dataset: PY 2022 Clinician Public Reporting: MIPS Measures and Attestations
2024-08-23 14:55:06 - INFO - Validated dataset: PY 2022 Clinician Public Reporting: Overall MIPS Performance
2024-08-23 14:55:06 - INFO - Validated dataset: Inspection Dates
2024-08-23 14:55:06 - INFO - Validated dataset: State-Level Health Inspection Cut Points
2024-08-23 14:55:06 - INFO - Validated dataset: Home Health Care - Patient Survey (HHCAHPS) 2023Q1 to 2023Q4
2024-08-23 14:55:06 - INFO - Validated dataset: Home Health Care - Patient Survey (HHCAHPS) National Data 2023Q1 to 2023Q4
2024-08-23 14:55:06 - INFO - Validated dataset: Home Health Care - Patient Survey (HHCAHPS) State Data 2023Q1 to 2023Q4
2024-08-23 14:55:06 - INFO - Validated dataset: Home Health Care - Patient Survey (HHCAHPS) Measure Dates 2023Q1 to 2023Q4
2024-08-23 14:55:06 - INFO - Validated dataset: Addiction Medicine Office Visit Costs
2024-08-23 14:55:06 - INFO - Validated dataset: Advanced Heart Failure and Transplant Cardiology Office Visit Costs
2024-08-23 14:55:06 - INFO - Validated dataset: Allergy/ Immunology Office Visit Costs
2024-08-23 14:55:06 - INFO - Validated dataset: Anesthesiology Office Visit Costs
2024-08-23 14:55:06 - INFO - Validated dataset: Cardiac Surgery Office Visit Costs
2024-08-23 14:55:06 - INFO - Validated dataset: Cardiology Office Visit Costs
2024-08-23 14:55:06 - INFO - Validated dataset: Certified Clinical Nurse Specialist Office Visit Costs
2024-08-23 14:55:06 - INFO - Validated dataset: Certified Nurse Midwife Office Visit Costs
2024-08-23 14:55:06 - INFO - Validated dataset: Certified Registered Nurse Anesthetist (CRNA) Office Visit Costs
2024-08-23 14:55:06 - INFO - Validated dataset: Clinic or Group Practice Office Visit Costs
2024-08-23 14:55:06 - INFO - Validated dataset: Clinical Cardiac Electrophysiology Office Visit Costs
2024-08-23 14:55:06 - INFO - Validated dataset: Clinical Laboratory Office Visit Costs
2024-08-23 14:55:06 - INFO - Validated dataset: Colorectal Surgery (Proctology) Office Visit Costs
2024-08-23 14:55:06 - INFO - Validated dataset: Critical Care (Intensivists) Office Visit Costs
2024-08-23 14:55:06 - INFO - Validated dataset: Dentist Office Visit Costs
2024-08-23 14:55:06 - INFO - Validated dataset: Dermatology Office Visit Costs
2024-08-23 14:55:06 - INFO - Validated dataset: Diagnostic Radiology Office Visit Costs
2024-08-23 14:55:06 - INFO - Validated dataset: Emergency Medicine Office Visit Costs
2024-08-23 14:55:06 - INFO - Validated dataset: Endocrinology Office Visit Costs
2024-08-23 14:55:06 - INFO - Validated dataset: Family Practice Office Visit Costs
2024-08-23 14:55:06 - INFO - Validated dataset: Gastroenterology Office Visit Costs
2024-08-23 14:55:06 - INFO - Validated dataset: General Practice Office Visit Costs
2024-08-23 14:55:06 - INFO - Validated dataset: General Surgery Office Visit Costs
2024-08-23 14:55:06 - INFO - Validated dataset: Geriatric Medicine Office Visit Costs
2024-08-23 14:55:06 - INFO - Validated dataset: Geriatric Psychiatry Office Visit Costs
2024-08-23 14:55:06 - INFO - Validated dataset: Gynecological Oncology Office Visit Costs
2024-08-23 14:55:06 - INFO - Validated dataset: Hand Surgery Office Visit Costs
2024-08-23 14:55:06 - INFO - Validated dataset: Hematology Office Visit Costs
2024-08-23 14:55:06 - INFO - Validated dataset: Hematology-Oncology Office Visit Costs
2024-08-23 14:55:06 - INFO - Validated dataset: Hematopoietic Cell Transplantation and Cellular Therapy Office Visit Costs
2024-08-23 14:55:06 - INFO - Validated dataset: Hospice and Palliative Care Office Visit Costs
2024-08-23 14:55:06 - INFO - Validated dataset: Hospitalist Office Visit Costs
2024-08-23 14:55:06 - INFO - Validated dataset: Infectious Disease Office Visit Costs
2024-08-23 14:55:06 - INFO - Validated dataset: Internal Medicine Office Visit Costs
2024-08-23 14:55:06 - INFO - Validated dataset: Interventional Cardiology Office Visit Costs
2024-08-23 14:55:06 - INFO - Validated dataset: Interventional Pain Management Office Visit Costs
2024-08-23 14:55:06 - INFO - Validated dataset: Interventional Radiology Office Visit Costs
2024-08-23 14:55:06 - INFO - Validated dataset: Maxillofacial Surgery Office Visit Costs
2024-08-23 14:55:06 - INFO - Validated dataset: Medical Oncology Office Visit Costs
2024-08-23 14:55:06 - INFO - Validated dataset: Medical Toxicology Office Visit Costs
2024-08-23 14:55:06 - INFO - Validated dataset: Nephrology Office Visit Costs
2024-08-23 14:55:06 - INFO - Validated dataset: Neurology Office Visit Costs
2024-08-23 14:55:06 - INFO - Validated dataset: Neuropsychiatry Office Visit Costs
2024-08-23 14:55:06 - INFO - Validated dataset: Neurosurgery Office Visit Costs
2024-08-23 14:55:06 - INFO - Validated dataset: Nuclear Medicine Office Visit Costs
2024-08-23 14:55:06 - INFO - Validated dataset: Nurse Practitioner Office Visit Costs
2024-08-23 14:55:06 - INFO - Validated dataset: Obstetrics & Gynecology Office Visit Costs
2024-08-23 14:55:06 - INFO - Validated dataset: Ophthalmology Office Visit Costs
2024-08-23 14:55:06 - INFO - Validated dataset: Optometry Office Visit Costs
2024-08-23 14:55:06 - INFO - Validated dataset: Oral Surgery (Dentist only) Office Visit Costs
2024-08-23 14:55:06 - INFO - Validated dataset: Orthopedic Surgery Office Visit Costs
2024-08-23 14:55:06 - INFO - Validated dataset: Osteopathic Manipulative Medicine Office Visit Costs
2024-08-23 14:55:06 - INFO - Validated dataset: Otolaryngology Office Visit Costs
2024-08-23 14:55:06 - INFO - Validated dataset: Pain Management Office Visit Costs
2024-08-23 14:55:06 - INFO - Validated dataset: Pathology Office Visit Costs
2024-08-23 14:55:06 - INFO - Validated dataset: Pediatric Medicine Office Visit Costs
2024-08-23 14:55:06 - INFO - Validated dataset: Peripheral Vascular Disease Office Visit Costs
2024-08-23 14:55:06 - INFO - Validated dataset: Physical Medicine and Rehabilitation Office Visit Costs
2024-08-23 14:55:06 - INFO - Validated dataset: Physical Therapist in Private Practice Office Visit Costs
2024-08-23 14:55:06 - INFO - Validated dataset: Physician Assistant Office Visit Costs
2024-08-23 14:55:06 - INFO - Validated dataset: Plastic and Reconstructive Surgery Office Visit Costs
2024-08-23 14:55:06 - INFO - Validated dataset: Podiatry Office Visit Costs
2024-08-23 14:55:06 - INFO - Validated dataset: Preventive Medicine Office Visit Costs
2024-08-23 14:55:06 - INFO - Validated dataset: Psychiatry Office Visit Costs
2024-08-23 14:55:06 - INFO - Validated dataset: Psychologist, Clinical Office Visit Costs
2024-08-23 14:55:06 - INFO - Validated dataset: Public Health or Welfare Agency Office Visit Costs
2024-08-23 14:55:06 - INFO - Validated dataset: Pulmonary Disease Office Visit Costs
2024-08-23 14:55:06 - INFO - Validated dataset: Radiation Oncology Office Visit Costs
2024-08-23 14:55:06 - INFO - Validated dataset: Registered Dietitian or Nutrition Professional Office Visit Costs
2024-08-23 14:55:06 - INFO - Validated dataset: Rheumatology Office Visit Costs
2024-08-23 14:55:06 - INFO - Validated dataset: Sleep Medicine Office Visit Costs
2024-08-23 14:55:06 - INFO - Validated dataset: Sports Medicine Office Visit Costs
2024-08-23 14:55:06 - INFO - Validated dataset: Surgical Oncology Office Visit Costs
2024-08-23 14:55:06 - INFO - Validated dataset: Thoracic Surgery Office Visit Costs
2024-08-23 14:55:06 - INFO - Validated dataset: Undefined Physician type Office Visit Costs
2024-08-23 14:55:06 - INFO - Validated dataset: Undersea and Hyperbaric Medicine Office Visit Costs
2024-08-23 14:55:06 - INFO - Validated dataset: Urology Office Visit Costs
2024-08-23 14:55:06 - INFO - Validated dataset: Vascular Surgery Office Visit Costs
2024-08-23 14:55:06 - INFO - Validated dataset: PY 2022 Virtual Group Public Reporting: MIPS Measures and Attestations
2024-08-23 14:55:06 - INFO - Validated dataset: COVID-19 Vaccination Rates - Provider Data
2024-08-23 14:55:06 - INFO - Validated dataset: COVID-19 Vaccination Rates - State and National Averages
2024-08-23 14:55:06 - INFO - Validated dataset: Hospice care - State CAHPS Hospice Survey Data
2024-08-23 14:55:06 - INFO - Validated dataset: Hospice - State Data
2024-08-23 14:55:06 - INFO - Validated dataset: Licensed Clinical Social Worker Office Visit Costs
2024-08-23 14:55:06 - INFO - Validated dataset: Medical Genetics and Genomics Office Visit Costs
2024-08-23 14:55:06 - INFO - Validated dataset: Home Health Care - State by State Data
2024-08-23 14:55:06 - INFO - Validated dataset: Home Health Care - Measure Date Range
2024-08-23 14:55:06 - INFO - Validated dataset: Payment - State
2024-08-23 14:55:06 - INFO - Validated dataset: Maternal Health - Hospital
2024-08-23 14:55:06 - INFO - Validated dataset: Maternal Health - National
2024-08-23 14:55:06 - INFO - Validated dataset: Maternal Health - State
2024-08-23 14:55:06 - INFO - Validated dataset: Medical Equipment Suppliers
2024-08-23 14:55:06 - INFO - Validated dataset: Inpatient Rehabilitation Facility - National Data
2024-08-23 14:55:06 - INFO - Validated dataset: Long-Term Care Hospital - National Data
2024-08-23 14:55:06 - INFO - Validated dataset: Skilled Nursing Facility Quality Reporting Program - National Data
2024-08-23 14:55:06 - INFO - Validated dataset: Patient survey (ICH CAHPS) - State
2024-08-23 14:55:06 - INFO - Validated dataset: Hospice-National Data
2024-08-23 14:55:06 - INFO - Validated dataset: Facility Affiliation Data
2024-08-23 14:55:06 - INFO - Validated dataset: Utilization Data
2024-08-23 14:55:06 - INFO - Validated dataset: ESRD QIP - Clinical Depression Screening and Follow-up - Payment Year 2024
2024-08-23 14:55:06 - INFO - Validated dataset: ESRD QIP - Complete QIP Data - Payment Year 2024
2024-08-23 14:55:06 - INFO - Validated dataset: ESRD QIP - Dialysis Adequacy - Payment Year 2024
2024-08-23 14:55:06 - INFO - Validated dataset: ESRD QIP - Footnotes - Payment Year 2024
2024-08-23 14:55:06 - INFO - Validated dataset: ESRD QIP - Hypercalcemia - Payment Year 2024
2024-08-23 14:55:06 - INFO - Validated dataset: ESRD QIP - NHSN Dialysis Event Measure - Payment Year 2024
2024-08-23 14:55:06 - INFO - Validated dataset: ESRD QIP - NHSN Bloodstream Infection - Payment Year 2024
2024-08-23 14:55:06 - INFO - Validated dataset: ESRD QIP - Standardized Readmission Ratio - Payment Year 2024
2024-08-23 14:55:06 - INFO - Validated dataset: ESRD QIP - Standardized Transfusion Ratio - Payment Year 2024
2024-08-23 14:55:06 - INFO - Validated dataset: ESRD QIP - Total Performance Scores - Payment Year 2024
2024-08-23 14:55:06 - INFO - Validated dataset: ESRD QIP - Vascular Access Topic - Payment Year 2024
2024-08-23 14:55:06 - INFO - Validated dataset: ESRD QIP - Ultrafiltration Rate - Payment Year 2024
2024-08-23 14:55:06 - INFO - Validated dataset: ESRD QIP - Standardized Hospitalization Ratio - Payment Year 2024
2024-08-23 14:55:06 - INFO - Validated dataset: ESRD QIP - Medication Reconciliation - Payment Year 2024
2024-08-23 14:55:06 - INFO - Validated dataset: ESRD QIP - Percentage of Prevalent Patients Waitlisted - Payment Year 2024
2024-08-23 14:55:06 - INFO - Validated dataset: Patient-Reported Outcomes - Hospital
2024-08-23 14:55:06 - INFO - Validated dataset: Palliative Care - PPS-Exempt Cancer Hospital - Hospital
2024-08-23 14:55:06 - INFO - Validated dataset: Palliative Care - PPS-Exempt Cancer Hospital - National
2024-08-23 14:55:06 - INFO - Validated dataset: Audiologist Office Visit Costs
2024-08-23 14:55:06 - INFO - Validated dataset: Mass Immunizer Roster Biller Office Visit Costs
2024-08-23 14:55:06 - INFO - Validated dataset: Micrographic Dermatologic Surgery Office Visit Costs
2024-08-23 14:55:06 - INFO - Validated dataset: Opioid Treatment Program Office Visit Costs
2024-08-23 14:55:06 - INFO - Validated dataset: Pharmacy Office Visit Costs
2024-08-23 14:55:06 - INFO - ✅ Finished fetching datasets.
2024-08-23 14:55:06 - INFO - Completed CMS data download and processing.
2024-08-23 15:05:32 - INFO - Starting CMS data download and processing...
2024-08-23 15:05:32 - INFO - 🏗️ Fetching datasets...
2024-08-23 15:05:32 - DEBUG - Starting new HTTPS connection (1): data.cms.gov:443
2024-08-23 15:05:32 - DEBUG - https://data.cms.gov:443 "GET /provider-data/api/1/metastore/schemas/dataset/items HTTP/11" 200 30377
2024-08-23 15:05:32 - INFO - Validated dataset: Dialysis Facility - Listing by Facility
2024-08-23 15:05:32 - INFO - Validated dataset: Dialysis Facility - State Averages
2024-08-23 15:05:32 - INFO - Validated dataset: Dialysis Facility - National Averages
2024-08-23 15:05:32 - INFO - Validated dataset: Patient survey (ICH CAHPS) - Facility
2024-08-23 15:05:32 - INFO - Validated dataset: Patient survey (ICH CAHPS) - National
2024-08-23 15:05:32 - INFO - Validated dataset: Home Health Care - Zip Codes
2024-08-23 15:05:32 - INFO - Validated dataset: Home Health Care Agencies
2024-08-23 15:05:32 - INFO - Validated dataset: Home Health Care - National Data
2024-08-23 15:05:32 - INFO - Validated dataset: Hospice - Zip Data
2024-08-23 15:05:32 - INFO - Validated dataset: Hospice - General Information
2024-08-23 15:05:32 - INFO - Validated dataset: Hospice - Provider Data
2024-08-23 15:05:32 - INFO - Validated dataset: Hospice care - Provider CAHPS Hospice Survey Data
2024-08-23 15:05:32 - INFO - Validated dataset: Hospice care - National CAHPS Hospice Survey Data
2024-08-23 15:05:32 - INFO - Validated dataset: Outpatient and Ambulatory Surgery Consumer Assessment of Healthcare Providers and Systems (OAS CAHPS) survey for ambulatory surgical centers - Facility
2024-08-23 15:05:32 - INFO - Validated dataset: Ambulatory Surgical Center Quality Measures - Facility
2024-08-23 15:05:32 - INFO - Validated dataset: Ambulatory Surgical Center Quality Measures - National
2024-08-23 15:05:32 - INFO - Validated dataset: Outpatient and Ambulatory Surgery Consumer Assessment of Healthcare Providers and Systems (OAS CAHPS) survey for ambulatory surgical centers - National
2024-08-23 15:05:32 - INFO - Validated dataset: Ambulatory Surgical Center Quality Measures - State
2024-08-23 15:05:32 - INFO - Validated dataset: Outpatient and Ambulatory Surgery Consumer Assessment of Healthcare Providers and Systems (OAS CAHPS) survey for ambulatory surgical centers - State
2024-08-23 15:05:32 - INFO - Validated dataset: Comprehensive Care For Joint Replacement Model - Provider Data
2024-08-23 15:05:32 - INFO - Validated dataset: CMS Medicare PSI-90 and component measures - six-digit estimate dataset
2024-08-23 15:05:32 - INFO - Validated dataset: Complications and Deaths - Hospital
2024-08-23 15:05:32 - INFO - Validated dataset: Complications and Deaths - National
2024-08-23 15:05:32 - INFO - Validated dataset: Complications and Deaths - State
2024-08-23 15:05:32 - INFO - Validated dataset: Footnote Crosswalk
2024-08-23 15:05:32 - INFO - Validated dataset: Outpatient and Ambulatory Surgery Consumer Assessment of Healthcare Providers and Systems (OAS CAHPS) survey - Footnotes
2024-08-23 15:05:32 - INFO - Validated dataset: Table 2: FY2021 Distribution of Net Change in Base Operating DRG Payment Amount
2024-08-23 15:05:32 - INFO - Validated dataset: Table 1: FY2021 Net Change in Base Operating DRG Payment Amount
2024-08-23 15:05:32 - INFO - Validated dataset: Table 3: FY2021 Percent Change in Medicare Payments
2024-08-23 15:05:32 - INFO - Validated dataset: Table 4: FY2021 Value-Based Incentive Payment Amount
2024-08-23 15:05:32 - INFO - Validated dataset: Patient survey (HCAHPS) - Hospital
2024-08-23 15:05:32 - INFO - Validated dataset: Patient survey (HCAHPS) - National
2024-08-23 15:05:32 - INFO - Validated dataset: Patient survey (HCAHPS) - State
2024-08-23 15:05:32 - INFO - Validated dataset: Healthcare Associated Infections - Hospital
2024-08-23 15:05:32 - INFO - Validated dataset: Healthcare Associated Infections - National
2024-08-23 15:05:32 - INFO - Validated dataset: Healthcare Associated Infections - State
2024-08-23 15:05:32 - INFO - Validated dataset: Outpatient and Ambulatory Surgery Consumer Assessment of Healthcare Providers and Systems (OAS CAHPS) survey for hospital outpatient departments - Facility
2024-08-23 15:05:32 - INFO - Validated dataset: Outpatient and Ambulatory Surgery Consumer Assessment of Healthcare Providers and Systems (OAS CAHPS) survey for hospital outpatient departments - National
2024-08-23 15:05:32 - INFO - Validated dataset: Outpatient and Ambulatory Surgery Consumer Assessment of Healthcare Providers and Systems (OAS CAHPS) survey for hospital outpatient departments - State
2024-08-23 15:05:32 - INFO - Validated dataset: Hospital General Information
2024-08-23 15:05:32 - INFO - Validated dataset: Complications and Unplanned Hospital Visits - PPS-Exempt Cancer Hospital - Hospital
2024-08-23 15:05:32 - INFO - Validated dataset: Complications and Unplanned Hospital Visits - PPS-Exempt Cancer Hospital - National
2024-08-23 15:05:32 - INFO - Validated dataset: Hospital-Acquired Condition (HAC) Reduction Program
2024-08-23 15:05:32 - INFO - Validated dataset: Medicare Spending Per Beneficiary - Hospital Additional Decimal Places
2024-08-23 15:05:32 - INFO - Validated dataset: Safety and Healthcare-Associated Infection Measures - PPS-Exempt Cancer Hospital
2024-08-23 15:05:32 - INFO - Validated dataset: Patient Survey (PCH - HCAHPS) PPS-Exempt Cancer Hospital - Hospital
2024-08-23 15:05:32 - INFO - Validated dataset: Patient Survey (PCH - HCAHPS) PPS-Exempt Cancer Hospital - National
2024-08-23 15:05:32 - INFO - Validated dataset: Patient Survey (PCH - HCAHPS) PPS-Exempt Cancer Hospital - State
2024-08-23 15:05:32 - INFO - Validated dataset: Hospital Readmissions Reduction Program
2024-08-23 15:05:32 - INFO - Validated dataset: Hospital Value-Based Purchasing (HVBP) - Clinical Outcomes Domain Scores
2024-08-23 15:05:32 - INFO - Validated dataset: Hospital Value-Based Purchasing (HVBP) - Efficiency Scores
2024-08-23 15:05:32 - INFO - Validated dataset: Hospital Value-Based Purchasing (HVBP) - Person and Community Engagement Domain Scores (HCAHPS)
2024-08-23 15:05:32 - INFO - Validated dataset: Hospital Value-Based Purchasing (HVBP) - Safety
2024-08-23 15:05:32 - INFO - Validated dataset: Hospital Value-Based Purchasing (HVBP) - Total Performance Score
2024-08-23 15:05:32 - INFO - Validated dataset: Inpatient Psychiatric Facility Quality Measure Data - by Facility
2024-08-23 15:05:32 - INFO - Validated dataset: Inpatient Psychiatric Facility Quality Measure Data - National
2024-08-23 15:05:32 - INFO - Validated dataset: Inpatient Psychiatric Facility Quality Measure Data - by State
2024-08-23 15:05:32 - INFO - Validated dataset: Measure Dates
2024-08-23 15:05:32 - INFO - Validated dataset: Medicare Hospital Spending by Claim
2024-08-23 15:05:32 - INFO - Validated dataset: Medicare Spending Per Beneficiary - Hospital
2024-08-23 15:05:32 - INFO - Validated dataset: Medicare Spending Per Beneficiary - National
2024-08-23 15:05:32 - INFO - Validated dataset: Medicare Spending Per Beneficiary - State
2024-08-23 15:05:32 - INFO - Validated dataset: Outpatient Imaging Efficiency - Hospital
2024-08-23 15:05:32 - INFO - Validated dataset: Outpatient Imaging Efficiency - National
2024-08-23 15:05:32 - INFO - Validated dataset: Outpatient Imaging Efficiency - State
2024-08-23 15:05:32 - INFO - Validated dataset: Payment - National
2024-08-23 15:05:32 - INFO - Validated dataset: Payment and value of care - Hospital
2024-08-23 15:05:32 - INFO - Validated dataset: Timely and Effective Care - Hospital
2024-08-23 15:05:32 - INFO - Validated dataset: Timely and Effective Care - National
2024-08-23 15:05:32 - INFO - Validated dataset: Timely and Effective Care - State
2024-08-23 15:05:32 - INFO - Validated dataset: Unplanned Hospital Visits - Hospital
2024-08-23 15:05:32 - INFO - Validated dataset: Unplanned Hospital Visits - National
2024-08-23 15:05:32 - INFO - Validated dataset: Unplanned Hospital Visits - State
2024-08-23 15:05:32 - INFO - Validated dataset: Veterans Health Administration Behavioral Health Data
2024-08-23 15:05:32 - INFO - Validated dataset: Veterans Health Administration Timely and Effective Care Data
2024-08-23 15:05:32 - INFO - Validated dataset: Value of care - National
2024-08-23 15:05:32 - INFO - Validated dataset: Veterans Health Administration Provider Level Data
2024-08-23 15:05:32 - INFO - Validated dataset: Data Updates
2024-08-23 15:05:32 - INFO - Validated dataset: Inpatient Rehabilitation Facility - General Information
2024-08-23 15:05:32 - INFO - Validated dataset: Inpatient Rehabilitation Facility - Provider Data
2024-08-23 15:05:32 - INFO - Validated dataset: Inpatient Rehabilitation Facility - Conditions
2024-08-23 15:05:32 - INFO - Validated dataset: Long-Term Care Hospital - General Information
2024-08-23 15:05:32 - INFO - Validated dataset: Long-Term Care Hospital - Provider Data
2024-08-23 15:05:32 - INFO - Validated dataset: Fire Safety Deficiencies
2024-08-23 15:05:32 - INFO - Validated dataset: Health Deficiencies
2024-08-23 15:05:32 - INFO - Validated dataset: MDS Quality Measures
2024-08-23 15:05:32 - INFO - Validated dataset: Medicare Claims Quality Measures
2024-08-23 15:05:32 - INFO - Validated dataset: Ownership
2024-08-23 15:05:32 - INFO - Validated dataset: Penalties
2024-08-23 15:05:32 - INFO - Validated dataset: Provider Information
2024-08-23 15:05:32 - INFO - Validated dataset: Skilled Nursing Facility Quality Reporting Program - Provider Data
2024-08-23 15:05:32 - INFO - Validated dataset: Skilled Nursing Facility Quality Reporting Program - Swing Beds - Provider Data
2024-08-23 15:05:32 - INFO - Validated dataset: State US Averages
2024-08-23 15:05:32 - INFO - Validated dataset: Survey Summary
2024-08-23 15:05:32 - INFO - Validated dataset: FY 2024 SNF VBP Facility-Level Dataset
2024-08-23 15:05:32 - INFO - Validated dataset: FY 2024 SNF VBP Aggregate Performance
2024-08-23 15:05:32 - INFO - Validated dataset: Nursing Home Data Collection Intervals
2024-08-23 15:05:32 - INFO - Validated dataset: Citation Code Look-up
2024-08-23 15:05:32 - INFO - Validated dataset: National Downloadable File
2024-08-23 15:05:32 - INFO - Validated dataset: PY 2022 Group Public Reporting: MIPS Measures and Attestations
2024-08-23 15:05:32 - INFO - Validated dataset: PY 2022 Group Public Reporting: Patient Experience
2024-08-23 15:05:32 - INFO - Validated dataset: PY 2022 Clinician Public Reporting: MIPS Measures and Attestations
2024-08-23 15:05:32 - INFO - Validated dataset: PY 2022 Clinician Public Reporting: Overall MIPS Performance
2024-08-23 15:05:32 - INFO - Validated dataset: Inspection Dates
2024-08-23 15:05:32 - INFO - Validated dataset: State-Level Health Inspection Cut Points
2024-08-23 15:05:32 - INFO - Validated dataset: Home Health Care - Patient Survey (HHCAHPS) 2023Q1 to 2023Q4
2024-08-23 15:05:32 - INFO - Validated dataset: Home Health Care - Patient Survey (HHCAHPS) National Data 2023Q1 to 2023Q4
2024-08-23 15:05:32 - INFO - Validated dataset: Home Health Care - Patient Survey (HHCAHPS) State Data 2023Q1 to 2023Q4
2024-08-23 15:05:32 - INFO - Validated dataset: Home Health Care - Patient Survey (HHCAHPS) Measure Dates 2023Q1 to 2023Q4
2024-08-23 15:05:32 - INFO - Validated dataset: Addiction Medicine Office Visit Costs
2024-08-23 15:05:32 - INFO - Validated dataset: Advanced Heart Failure and Transplant Cardiology Office Visit Costs
2024-08-23 15:05:32 - INFO - Validated dataset: Allergy/ Immunology Office Visit Costs
2024-08-23 15:05:32 - INFO - Validated dataset: Anesthesiology Office Visit Costs
2024-08-23 15:05:32 - INFO - Validated dataset: Cardiac Surgery Office Visit Costs
2024-08-23 15:05:32 - INFO - Validated dataset: Cardiology Office Visit Costs
2024-08-23 15:05:32 - INFO - Validated dataset: Certified Clinical Nurse Specialist Office Visit Costs
2024-08-23 15:05:32 - INFO - Validated dataset: Certified Nurse Midwife Office Visit Costs
2024-08-23 15:05:32 - INFO - Validated dataset: Certified Registered Nurse Anesthetist (CRNA) Office Visit Costs
2024-08-23 15:05:32 - INFO - Validated dataset: Clinic or Group Practice Office Visit Costs
2024-08-23 15:05:32 - INFO - Validated dataset: Clinical Cardiac Electrophysiology Office Visit Costs
2024-08-23 15:05:32 - INFO - Validated dataset: Clinical Laboratory Office Visit Costs
2024-08-23 15:05:32 - INFO - Validated dataset: Colorectal Surgery (Proctology) Office Visit Costs
2024-08-23 15:05:32 - INFO - Validated dataset: Critical Care (Intensivists) Office Visit Costs
2024-08-23 15:05:32 - INFO - Validated dataset: Dentist Office Visit Costs
2024-08-23 15:05:32 - INFO - Validated dataset: Dermatology Office Visit Costs
2024-08-23 15:05:32 - INFO - Validated dataset: Diagnostic Radiology Office Visit Costs
2024-08-23 15:05:32 - INFO - Validated dataset: Emergency Medicine Office Visit Costs
2024-08-23 15:05:32 - INFO - Validated dataset: Endocrinology Office Visit Costs
2024-08-23 15:05:32 - INFO - Validated dataset: Family Practice Office Visit Costs
2024-08-23 15:05:32 - INFO - Validated dataset: Gastroenterology Office Visit Costs
2024-08-23 15:05:32 - INFO - Validated dataset: General Practice Office Visit Costs
2024-08-23 15:05:32 - INFO - Validated dataset: General Surgery Office Visit Costs
2024-08-23 15:05:32 - INFO - Validated dataset: Geriatric Medicine Office Visit Costs
2024-08-23 15:05:32 - INFO - Validated dataset: Geriatric Psychiatry Office Visit Costs
2024-08-23 15:05:32 - INFO - Validated dataset: Gynecological Oncology Office Visit Costs
2024-08-23 15:05:32 - INFO - Validated dataset: Hand Surgery Office Visit Costs
2024-08-23 15:05:32 - INFO - Validated dataset: Hematology Office Visit Costs
2024-08-23 15:05:32 - INFO - Validated dataset: Hematology-Oncology Office Visit Costs
2024-08-23 15:05:32 - INFO - Validated dataset: Hematopoietic Cell Transplantation and Cellular Therapy Office Visit Costs
2024-08-23 15:05:32 - INFO - Validated dataset: Hospice and Palliative Care Office Visit Costs
2024-08-23 15:05:32 - INFO - Validated dataset: Hospitalist Office Visit Costs
2024-08-23 15:05:32 - INFO - Validated dataset: Infectious Disease Office Visit Costs
2024-08-23 15:05:32 - INFO - Validated dataset: Internal Medicine Office Visit Costs
2024-08-23 15:05:32 - INFO - Validated dataset: Interventional Cardiology Office Visit Costs
2024-08-23 15:05:32 - INFO - Validated dataset: Interventional Pain Management Office Visit Costs
2024-08-23 15:05:32 - INFO - Validated dataset: Interventional Radiology Office Visit Costs
2024-08-23 15:05:32 - INFO - Validated dataset: Maxillofacial Surgery Office Visit Costs
2024-08-23 15:05:32 - INFO - Validated dataset: Medical Oncology Office Visit Costs
2024-08-23 15:05:32 - INFO - Validated dataset: Medical Toxicology Office Visit Costs
2024-08-23 15:05:32 - INFO - Validated dataset: Nephrology Office Visit Costs
2024-08-23 15:05:32 - INFO - Validated dataset: Neurology Office Visit Costs
2024-08-23 15:05:32 - INFO - Validated dataset: Neuropsychiatry Office Visit Costs
2024-08-23 15:05:32 - INFO - Validated dataset: Neurosurgery Office Visit Costs
2024-08-23 15:05:32 - INFO - Validated dataset: Nuclear Medicine Office Visit Costs
2024-08-23 15:05:32 - INFO - Validated dataset: Nurse Practitioner Office Visit Costs
2024-08-23 15:05:32 - INFO - Validated dataset: Obstetrics & Gynecology Office Visit Costs
2024-08-23 15:05:32 - INFO - Validated dataset: Ophthalmology Office Visit Costs
2024-08-23 15:05:32 - INFO - Validated dataset: Optometry Office Visit Costs
2024-08-23 15:05:32 - INFO - Validated dataset: Oral Surgery (Dentist only) Office Visit Costs
2024-08-23 15:05:32 - INFO - Validated dataset: Orthopedic Surgery Office Visit Costs
2024-08-23 15:05:32 - INFO - Validated dataset: Osteopathic Manipulative Medicine Office Visit Costs
2024-08-23 15:05:32 - INFO - Validated dataset: Otolaryngology Office Visit Costs
2024-08-23 15:05:32 - INFO - Validated dataset: Pain Management Office Visit Costs
2024-08-23 15:05:32 - INFO - Validated dataset: Pathology Office Visit Costs
2024-08-23 15:05:32 - INFO - Validated dataset: Pediatric Medicine Office Visit Costs
2024-08-23 15:05:32 - INFO - Validated dataset: Peripheral Vascular Disease Office Visit Costs
2024-08-23 15:05:32 - INFO - Validated dataset: Physical Medicine and Rehabilitation Office Visit Costs
2024-08-23 15:05:32 - INFO - Validated dataset: Physical Therapist in Private Practice Office Visit Costs
2024-08-23 15:05:32 - INFO - Validated dataset: Physician Assistant Office Visit Costs
2024-08-23 15:05:32 - INFO - Validated dataset: Plastic and Reconstructive Surgery Office Visit Costs
2024-08-23 15:05:32 - INFO - Validated dataset: Podiatry Office Visit Costs
2024-08-23 15:05:32 - INFO - Validated dataset: Preventive Medicine Office Visit Costs
2024-08-23 15:05:32 - INFO - Validated dataset: Psychiatry Office Visit Costs
2024-08-23 15:05:32 - INFO - Validated dataset: Psychologist, Clinical Office Visit Costs
2024-08-23 15:05:32 - INFO - Validated dataset: Public Health or Welfare Agency Office Visit Costs
2024-08-23 15:05:32 - INFO - Validated dataset: Pulmonary Disease Office Visit Costs
2024-08-23 15:05:32 - INFO - Validated dataset: Radiation Oncology Office Visit Costs
2024-08-23 15:05:32 - INFO - Validated dataset: Registered Dietitian or Nutrition Professional Office Visit Costs
2024-08-23 15:05:32 - INFO - Validated dataset: Rheumatology Office Visit Costs
2024-08-23 15:05:32 - INFO - Validated dataset: Sleep Medicine Office Visit Costs
2024-08-23 15:05:32 - INFO - Validated dataset: Sports Medicine Office Visit Costs
2024-08-23 15:05:32 - INFO - Validated dataset: Surgical Oncology Office Visit Costs
2024-08-23 15:05:32 - INFO - Validated dataset: Thoracic Surgery Office Visit Costs
2024-08-23 15:05:32 - INFO - Validated dataset: Undefined Physician type Office Visit Costs
2024-08-23 15:05:32 - INFO - Validated dataset: Undersea and Hyperbaric Medicine Office Visit Costs
2024-08-23 15:05:32 - INFO - Validated dataset: Urology Office Visit Costs
2024-08-23 15:05:32 - INFO - Validated dataset: Vascular Surgery Office Visit Costs
2024-08-23 15:05:32 - INFO - Validated dataset: PY 2022 Virtual Group Public Reporting: MIPS Measures and Attestations
2024-08-23 15:05:32 - INFO - Validated dataset: COVID-19 Vaccination Rates - Provider Data
2024-08-23 15:05:32 - INFO - Validated dataset: COVID-19 Vaccination Rates - State and National Averages
2024-08-23 15:05:32 - INFO - Validated dataset: Hospice care - State CAHPS Hospice Survey Data
2024-08-23 15:05:32 - INFO - Validated dataset: Hospice - State Data
2024-08-23 15:05:32 - INFO - Validated dataset: Licensed Clinical Social Worker Office Visit Costs
2024-08-23 15:05:32 - INFO - Validated dataset: Medical Genetics and Genomics Office Visit Costs
2024-08-23 15:05:32 - INFO - Validated dataset: Home Health Care - State by State Data
2024-08-23 15:05:32 - INFO - Validated dataset: Home Health Care - Measure Date Range
2024-08-23 15:05:32 - INFO - Validated dataset: Payment - State
2024-08-23 15:05:32 - INFO - Validated dataset: Maternal Health - Hospital
2024-08-23 15:05:32 - INFO - Validated dataset: Maternal Health - National
2024-08-23 15:05:32 - INFO - Validated dataset: Maternal Health - State
2024-08-23 15:05:32 - INFO - Validated dataset: Medical Equipment Suppliers
2024-08-23 15:05:32 - INFO - Validated dataset: Inpatient Rehabilitation Facility - National Data
2024-08-23 15:05:32 - INFO - Validated dataset: Long-Term Care Hospital - National Data
2024-08-23 15:05:32 - INFO - Validated dataset: Skilled Nursing Facility Quality Reporting Program - National Data
2024-08-23 15:05:32 - INFO - Validated dataset: Patient survey (ICH CAHPS) - State
2024-08-23 15:05:32 - INFO - Validated dataset: Hospice-National Data
2024-08-23 15:05:32 - INFO - Validated dataset: Facility Affiliation Data
2024-08-23 15:05:32 - INFO - Validated dataset: Utilization Data
2024-08-23 15:05:32 - INFO - Validated dataset: ESRD QIP - Clinical Depression Screening and Follow-up - Payment Year 2024
2024-08-23 15:05:32 - INFO - Validated dataset: ESRD QIP - Complete QIP Data - Payment Year 2024
2024-08-23 15:05:32 - INFO - Validated dataset: ESRD QIP - Dialysis Adequacy - Payment Year 2024
2024-08-23 15:05:32 - INFO - Validated dataset: ESRD QIP - Footnotes - Payment Year 2024
2024-08-23 15:05:32 - INFO - Validated dataset: ESRD QIP - Hypercalcemia - Payment Year 2024
2024-08-23 15:05:32 - INFO - Validated dataset: ESRD QIP - NHSN Dialysis Event Measure - Payment Year 2024
2024-08-23 15:05:32 - INFO - Validated dataset: ESRD QIP - NHSN Bloodstream Infection - Payment Year 2024
2024-08-23 15:05:32 - INFO - Validated dataset: ESRD QIP - Standardized Readmission Ratio - Payment Year 2024
2024-08-23 15:05:32 - INFO - Validated dataset: ESRD QIP - Standardized Transfusion Ratio - Payment Year 2024
2024-08-23 15:05:32 - INFO - Validated dataset: ESRD QIP - Total Performance Scores - Payment Year 2024
2024-08-23 15:05:32 - INFO - Validated dataset: ESRD QIP - Vascular Access Topic - Payment Year 2024
2024-08-23 15:05:32 - INFO - Validated dataset: ESRD QIP - Ultrafiltration Rate - Payment Year 2024
2024-08-23 15:05:32 - INFO - Validated dataset: ESRD QIP - Standardized Hospitalization Ratio - Payment Year 2024
2024-08-23 15:05:32 - INFO - Validated dataset: ESRD QIP - Medication Reconciliation - Payment Year 2024
2024-08-23 15:05:32 - INFO - Validated dataset: ESRD QIP - Percentage of Prevalent Patients Waitlisted - Payment Year 2024
2024-08-23 15:05:32 - INFO - Validated dataset: Patient-Reported Outcomes - Hospital
2024-08-23 15:05:32 - INFO - Validated dataset: Palliative Care - PPS-Exempt Cancer Hospital - Hospital
2024-08-23 15:05:32 - INFO - Validated dataset: Palliative Care - PPS-Exempt Cancer Hospital - National
2024-08-23 15:05:32 - INFO - Validated dataset: Audiologist Office Visit Costs
2024-08-23 15:05:32 - INFO - Validated dataset: Mass Immunizer Roster Biller Office Visit Costs
2024-08-23 15:05:32 - INFO - Validated dataset: Micrographic Dermatologic Surgery Office Visit Costs
2024-08-23 15:05:32 - INFO - Validated dataset: Opioid Treatment Program Office Visit Costs
2024-08-23 15:05:32 - INFO - Validated dataset: Pharmacy Office Visit Costs
2024-08-23 15:05:32 - INFO - Number of themed datasets: 0
2024-08-23 15:05:32 - INFO - ✅ Finished fetching datasets.
2024-08-23 15:05:32 - INFO - Completed CMS data download and processing.
2024-08-23 15:06:11 - INFO - Starting CMS data download and processing...
2024-08-23 15:06:11 - INFO - 🏗️ Fetching datasets...
2024-08-23 15:06:11 - DEBUG - Starting new HTTPS connection (1): data.cms.gov:443
2024-08-23 15:06:11 - DEBUG - https://data.cms.gov:443 "GET /provider-data/api/1/metastore/schemas/dataset/items HTTP/11" 200 30377
2024-08-23 15:06:11 - INFO - Validated dataset: Dialysis Facility - Listing by Facility
2024-08-23 15:06:44 - INFO - Starting CMS data download and processing...
2024-08-23 15:06:44 - INFO - 🏗️ Fetching datasets...
2024-08-23 15:06:44 - DEBUG - Starting new HTTPS connection (1): data.cms.gov:443
2024-08-23 15:06:45 - DEBUG - https://data.cms.gov:443 "GET /provider-data/api/1/metastore/schemas/dataset/items HTTP/11" 200 30377
2024-08-23 15:06:45 - INFO - Validated dataset: Dialysis Facility - Listing by Facility
2024-08-23 15:06:45 - INFO - Validated dataset: Dialysis Facility - State Averages
2024-08-23 15:06:45 - INFO - Validated dataset: Dialysis Facility - National Averages
2024-08-23 15:06:45 - INFO - Validated dataset: Patient survey (ICH CAHPS) - Facility
2024-08-23 15:06:45 - INFO - Validated dataset: Patient survey (ICH CAHPS) - National
2024-08-23 15:06:45 - INFO - Validated dataset: Home Health Care - Zip Codes
2024-08-23 15:06:45 - INFO - Validated dataset: Home Health Care Agencies
2024-08-23 15:06:45 - INFO - Validated dataset: Home Health Care - National Data
2024-08-23 15:06:45 - INFO - Validated dataset: Hospice - Zip Data
2024-08-23 15:06:45 - INFO - Validated dataset: Hospice - General Information
2024-08-23 15:06:45 - INFO - Validated dataset: Hospice - Provider Data
2024-08-23 15:06:45 - INFO - Validated dataset: Hospice care - Provider CAHPS Hospice Survey Data
2024-08-23 15:06:45 - INFO - Validated dataset: Hospice care - National CAHPS Hospice Survey Data
2024-08-23 15:06:45 - INFO - Validated dataset: Outpatient and Ambulatory Surgery Consumer Assessment of Healthcare Providers and Systems (OAS CAHPS) survey for ambulatory surgical centers - Facility
2024-08-23 15:06:45 - INFO - Validated dataset: Ambulatory Surgical Center Quality Measures - Facility
2024-08-23 15:06:45 - INFO - Validated dataset: Ambulatory Surgical Center Quality Measures - National
2024-08-23 15:06:45 - INFO - Validated dataset: Outpatient and Ambulatory Surgery Consumer Assessment of Healthcare Providers and Systems (OAS CAHPS) survey for ambulatory surgical centers - National
2024-08-23 15:06:45 - INFO - Validated dataset: Ambulatory Surgical Center Quality Measures - State
2024-08-23 15:06:45 - INFO - Validated dataset: Outpatient and Ambulatory Surgery Consumer Assessment of Healthcare Providers and Systems (OAS CAHPS) survey for ambulatory surgical centers - State
2024-08-23 15:06:45 - INFO - Validated dataset: Comprehensive Care For Joint Replacement Model - Provider Data
2024-08-23 15:06:45 - INFO - Validated dataset: CMS Medicare PSI-90 and component measures - six-digit estimate dataset
2024-08-23 15:06:45 - INFO - Validated dataset: Complications and Deaths - Hospital
2024-08-23 15:06:45 - INFO - Validated dataset: Complications and Deaths - National
2024-08-23 15:06:45 - INFO - Validated dataset: Complications and Deaths - State
2024-08-23 15:06:45 - INFO - Validated dataset: Footnote Crosswalk
2024-08-23 15:06:45 - INFO - Validated dataset: Outpatient and Ambulatory Surgery Consumer Assessment of Healthcare Providers and Systems (OAS CAHPS) survey - Footnotes
2024-08-23 15:06:45 - INFO - Validated dataset: Table 2: FY2021 Distribution of Net Change in Base Operating DRG Payment Amount
2024-08-23 15:06:45 - INFO - Validated dataset: Table 1: FY2021 Net Change in Base Operating DRG Payment Amount
2024-08-23 15:06:45 - INFO - Validated dataset: Table 3: FY2021 Percent Change in Medicare Payments
2024-08-23 15:06:45 - INFO - Validated dataset: Table 4: FY2021 Value-Based Incentive Payment Amount
2024-08-23 15:06:45 - INFO - Validated dataset: Patient survey (HCAHPS) - Hospital
2024-08-23 15:06:45 - INFO - Validated dataset: Patient survey (HCAHPS) - National
2024-08-23 15:06:45 - INFO - Validated dataset: Patient survey (HCAHPS) - State
2024-08-23 15:06:45 - INFO - Validated dataset: Healthcare Associated Infections - Hospital
2024-08-23 15:06:45 - INFO - Validated dataset: Healthcare Associated Infections - National
2024-08-23 15:06:45 - INFO - Validated dataset: Healthcare Associated Infections - State
2024-08-23 15:06:45 - INFO - Validated dataset: Outpatient and Ambulatory Surgery Consumer Assessment of Healthcare Providers and Systems (OAS CAHPS) survey for hospital outpatient departments - Facility
2024-08-23 15:06:45 - INFO - Validated dataset: Outpatient and Ambulatory Surgery Consumer Assessment of Healthcare Providers and Systems (OAS CAHPS) survey for hospital outpatient departments - National
2024-08-23 15:06:45 - INFO - Validated dataset: Outpatient and Ambulatory Surgery Consumer Assessment of Healthcare Providers and Systems (OAS CAHPS) survey for hospital outpatient departments - State
2024-08-23 15:06:45 - INFO - Validated dataset: Hospital General Information
2024-08-23 15:06:45 - INFO - Validated dataset: Complications and Unplanned Hospital Visits - PPS-Exempt Cancer Hospital - Hospital
2024-08-23 15:06:45 - INFO - Validated dataset: Complications and Unplanned Hospital Visits - PPS-Exempt Cancer Hospital - National
2024-08-23 15:06:45 - INFO - Validated dataset: Hospital-Acquired Condition (HAC) Reduction Program
2024-08-23 15:06:45 - INFO - Validated dataset: Medicare Spending Per Beneficiary - Hospital Additional Decimal Places
2024-08-23 15:06:45 - INFO - Validated dataset: Safety and Healthcare-Associated Infection Measures - PPS-Exempt Cancer Hospital
2024-08-23 15:06:45 - INFO - Validated dataset: Patient Survey (PCH - HCAHPS) PPS-Exempt Cancer Hospital - Hospital
2024-08-23 15:06:45 - INFO - Validated dataset: Patient Survey (PCH - HCAHPS) PPS-Exempt Cancer Hospital - National
2024-08-23 15:06:45 - INFO - Validated dataset: Patient Survey (PCH - HCAHPS) PPS-Exempt Cancer Hospital - State
2024-08-23 15:06:45 - INFO - Validated dataset: Hospital Readmissions Reduction Program
2024-08-23 15:06:45 - INFO - Validated dataset: Hospital Value-Based Purchasing (HVBP) - Clinical Outcomes Domain Scores
2024-08-23 15:06:45 - INFO - Validated dataset: Hospital Value-Based Purchasing (HVBP) - Efficiency Scores
2024-08-23 15:06:45 - INFO - Validated dataset: Hospital Value-Based Purchasing (HVBP) - Person and Community Engagement Domain Scores (HCAHPS)
2024-08-23 15:06:45 - INFO - Validated dataset: Hospital Value-Based Purchasing (HVBP) - Safety
2024-08-23 15:06:45 - INFO - Validated dataset: Hospital Value-Based Purchasing (HVBP) - Total Performance Score
2024-08-23 15:06:45 - INFO - Validated dataset: Inpatient Psychiatric Facility Quality Measure Data - by Facility
2024-08-23 15:06:45 - INFO - Validated dataset: Inpatient Psychiatric Facility Quality Measure Data - National
2024-08-23 15:06:45 - INFO - Validated dataset: Inpatient Psychiatric Facility Quality Measure Data - by State
2024-08-23 15:06:45 - INFO - Validated dataset: Measure Dates
2024-08-23 15:06:45 - INFO - Validated dataset: Medicare Hospital Spending by Claim
2024-08-23 15:06:45 - INFO - Validated dataset: Medicare Spending Per Beneficiary - Hospital
2024-08-23 15:06:45 - INFO - Validated dataset: Medicare Spending Per Beneficiary - National
2024-08-23 15:06:45 - INFO - Validated dataset: Medicare Spending Per Beneficiary - State
2024-08-23 15:06:45 - INFO - Validated dataset: Outpatient Imaging Efficiency - Hospital
2024-08-23 15:06:45 - INFO - Validated dataset: Outpatient Imaging Efficiency - National
2024-08-23 15:06:45 - INFO - Validated dataset: Outpatient Imaging Efficiency - State
2024-08-23 15:06:45 - INFO - Validated dataset: Payment - National
2024-08-23 15:06:45 - INFO - Validated dataset: Payment and value of care - Hospital
2024-08-23 15:06:45 - INFO - Validated dataset: Timely and Effective Care - Hospital
2024-08-23 15:06:45 - INFO - Validated dataset: Timely and Effective Care - National
2024-08-23 15:06:45 - INFO - Validated dataset: Timely and Effective Care - State
2024-08-23 15:06:45 - INFO - Validated dataset: Unplanned Hospital Visits - Hospital
2024-08-23 15:06:45 - INFO - Validated dataset: Unplanned Hospital Visits - National
2024-08-23 15:06:45 - INFO - Validated dataset: Unplanned Hospital Visits - State
2024-08-23 15:06:45 - INFO - Validated dataset: Veterans Health Administration Behavioral Health Data
2024-08-23 15:06:45 - INFO - Validated dataset: Veterans Health Administration Timely and Effective Care Data
2024-08-23 15:06:45 - INFO - Validated dataset: Value of care - National
2024-08-23 15:06:45 - INFO - Validated dataset: Veterans Health Administration Provider Level Data
2024-08-23 15:06:45 - INFO - Validated dataset: Data Updates
2024-08-23 15:06:45 - INFO - Validated dataset: Inpatient Rehabilitation Facility - General Information
2024-08-23 15:06:45 - INFO - Validated dataset: Inpatient Rehabilitation Facility - Provider Data
2024-08-23 15:06:45 - INFO - Validated dataset: Inpatient Rehabilitation Facility - Conditions
2024-08-23 15:06:45 - INFO - Validated dataset: Long-Term Care Hospital - General Information
2024-08-23 15:06:45 - INFO - Validated dataset: Long-Term Care Hospital - Provider Data
2024-08-23 15:06:45 - INFO - Validated dataset: Fire Safety Deficiencies
2024-08-23 15:06:45 - INFO - Validated dataset: Health Deficiencies
2024-08-23 15:06:45 - INFO - Validated dataset: MDS Quality Measures
2024-08-23 15:06:45 - INFO - Validated dataset: Medicare Claims Quality Measures
2024-08-23 15:06:45 - INFO - Validated dataset: Ownership
2024-08-23 15:06:45 - INFO - Validated dataset: Penalties
2024-08-23 15:06:45 - INFO - Validated dataset: Provider Information
2024-08-23 15:06:45 - INFO - Validated dataset: Skilled Nursing Facility Quality Reporting Program - Provider Data
2024-08-23 15:06:45 - INFO - Validated dataset: Skilled Nursing Facility Quality Reporting Program - Swing Beds - Provider Data
2024-08-23 15:06:45 - INFO - Validated dataset: State US Averages
2024-08-23 15:06:45 - INFO - Validated dataset: Survey Summary
2024-08-23 15:06:45 - INFO - Validated dataset: FY 2024 SNF VBP Facility-Level Dataset
2024-08-23 15:06:45 - INFO - Validated dataset: FY 2024 SNF VBP Aggregate Performance
2024-08-23 15:06:45 - INFO - Validated dataset: Nursing Home Data Collection Intervals
2024-08-23 15:06:45 - INFO - Validated dataset: Citation Code Look-up
2024-08-23 15:06:45 - INFO - Validated dataset: National Downloadable File
2024-08-23 15:06:45 - INFO - Validated dataset: PY 2022 Group Public Reporting: MIPS Measures and Attestations
2024-08-23 15:06:45 - INFO - Validated dataset: PY 2022 Group Public Reporting: Patient Experience
2024-08-23 15:06:45 - INFO - Validated dataset: PY 2022 Clinician Public Reporting: MIPS Measures and Attestations
2024-08-23 15:06:45 - INFO - Validated dataset: PY 2022 Clinician Public Reporting: Overall MIPS Performance
2024-08-23 15:06:45 - INFO - Validated dataset: Inspection Dates
2024-08-23 15:06:45 - INFO - Validated dataset: State-Level Health Inspection Cut Points
2024-08-23 15:06:45 - INFO - Validated dataset: Home Health Care - Patient Survey (HHCAHPS) 2023Q1 to 2023Q4
2024-08-23 15:06:45 - INFO - Validated dataset: Home Health Care - Patient Survey (HHCAHPS) National Data 2023Q1 to 2023Q4
2024-08-23 15:06:45 - INFO - Validated dataset: Home Health Care - Patient Survey (HHCAHPS) State Data 2023Q1 to 2023Q4
2024-08-23 15:06:45 - INFO - Validated dataset: Home Health Care - Patient Survey (HHCAHPS) Measure Dates 2023Q1 to 2023Q4
2024-08-23 15:06:45 - INFO - Validated dataset: Addiction Medicine Office Visit Costs
2024-08-23 15:06:45 - INFO - Validated dataset: Advanced Heart Failure and Transplant Cardiology Office Visit Costs
2024-08-23 15:06:45 - INFO - Validated dataset: Allergy/ Immunology Office Visit Costs
2024-08-23 15:06:45 - INFO - Validated dataset: Anesthesiology Office Visit Costs
2024-08-23 15:06:45 - INFO - Validated dataset: Cardiac Surgery Office Visit Costs
2024-08-23 15:06:45 - INFO - Validated dataset: Cardiology Office Visit Costs
2024-08-23 15:06:45 - INFO - Validated dataset: Certified Clinical Nurse Specialist Office Visit Costs
2024-08-23 15:06:45 - INFO - Validated dataset: Certified Nurse Midwife Office Visit Costs
2024-08-23 15:06:45 - INFO - Validated dataset: Certified Registered Nurse Anesthetist (CRNA) Office Visit Costs
2024-08-23 15:06:45 - INFO - Validated dataset: Clinic or Group Practice Office Visit Costs
2024-08-23 15:06:45 - INFO - Validated dataset: Clinical Cardiac Electrophysiology Office Visit Costs
2024-08-23 15:06:45 - INFO - Validated dataset: Clinical Laboratory Office Visit Costs
2024-08-23 15:06:45 - INFO - Validated dataset: Colorectal Surgery (Proctology) Office Visit Costs
2024-08-23 15:06:45 - INFO - Validated dataset: Critical Care (Intensivists) Office Visit Costs
2024-08-23 15:06:45 - INFO - Validated dataset: Dentist Office Visit Costs
2024-08-23 15:06:45 - INFO - Validated dataset: Dermatology Office Visit Costs
2024-08-23 15:06:45 - INFO - Validated dataset: Diagnostic Radiology Office Visit Costs
2024-08-23 15:06:45 - INFO - Validated dataset: Emergency Medicine Office Visit Costs
2024-08-23 15:06:45 - INFO - Validated dataset: Endocrinology Office Visit Costs
2024-08-23 15:06:45 - INFO - Validated dataset: Family Practice Office Visit Costs
2024-08-23 15:06:45 - INFO - Validated dataset: Gastroenterology Office Visit Costs
2024-08-23 15:06:45 - INFO - Validated dataset: General Practice Office Visit Costs
2024-08-23 15:06:45 - INFO - Validated dataset: General Surgery Office Visit Costs
2024-08-23 15:06:45 - INFO - Validated dataset: Geriatric Medicine Office Visit Costs
2024-08-23 15:06:45 - INFO - Validated dataset: Geriatric Psychiatry Office Visit Costs
2024-08-23 15:06:45 - INFO - Validated dataset: Gynecological Oncology Office Visit Costs
2024-08-23 15:06:45 - INFO - Validated dataset: Hand Surgery Office Visit Costs
2024-08-23 15:06:45 - INFO - Validated dataset: Hematology Office Visit Costs
2024-08-23 15:06:45 - INFO - Validated dataset: Hematology-Oncology Office Visit Costs
2024-08-23 15:06:45 - INFO - Validated dataset: Hematopoietic Cell Transplantation and Cellular Therapy Office Visit Costs
2024-08-23 15:06:45 - INFO - Validated dataset: Hospice and Palliative Care Office Visit Costs
2024-08-23 15:06:45 - INFO - Validated dataset: Hospitalist Office Visit Costs
2024-08-23 15:06:45 - INFO - Validated dataset: Infectious Disease Office Visit Costs
2024-08-23 15:06:45 - INFO - Validated dataset: Internal Medicine Office Visit Costs
2024-08-23 15:06:45 - INFO - Validated dataset: Interventional Cardiology Office Visit Costs
2024-08-23 15:06:45 - INFO - Validated dataset: Interventional Pain Management Office Visit Costs
2024-08-23 15:06:45 - INFO - Validated dataset: Interventional Radiology Office Visit Costs
2024-08-23 15:06:45 - INFO - Validated dataset: Maxillofacial Surgery Office Visit Costs
2024-08-23 15:06:45 - INFO - Validated dataset: Medical Oncology Office Visit Costs
2024-08-23 15:06:45 - INFO - Validated dataset: Medical Toxicology Office Visit Costs
2024-08-23 15:06:45 - INFO - Validated dataset: Nephrology Office Visit Costs
2024-08-23 15:06:45 - INFO - Validated dataset: Neurology Office Visit Costs
2024-08-23 15:06:45 - INFO - Validated dataset: Neuropsychiatry Office Visit Costs
2024-08-23 15:06:45 - INFO - Validated dataset: Neurosurgery Office Visit Costs
2024-08-23 15:06:45 - INFO - Validated dataset: Nuclear Medicine Office Visit Costs
2024-08-23 15:06:45 - INFO - Validated dataset: Nurse Practitioner Office Visit Costs
2024-08-23 15:06:45 - INFO - Validated dataset: Obstetrics & Gynecology Office Visit Costs
2024-08-23 15:06:45 - INFO - Validated dataset: Ophthalmology Office Visit Costs
2024-08-23 15:06:45 - INFO - Validated dataset: Optometry Office Visit Costs
2024-08-23 15:06:45 - INFO - Validated dataset: Oral Surgery (Dentist only) Office Visit Costs
2024-08-23 15:06:45 - INFO - Validated dataset: Orthopedic Surgery Office Visit Costs
2024-08-23 15:06:45 - INFO - Validated dataset: Osteopathic Manipulative Medicine Office Visit Costs
2024-08-23 15:06:45 - INFO - Validated dataset: Otolaryngology Office Visit Costs
2024-08-23 15:06:45 - INFO - Validated dataset: Pain Management Office Visit Costs
2024-08-23 15:06:45 - INFO - Validated dataset: Pathology Office Visit Costs
2024-08-23 15:06:45 - INFO - Validated dataset: Pediatric Medicine Office Visit Costs
2024-08-23 15:06:45 - INFO - Validated dataset: Peripheral Vascular Disease Office Visit Costs
2024-08-23 15:06:45 - INFO - Validated dataset: Physical Medicine and Rehabilitation Office Visit Costs
2024-08-23 15:06:45 - INFO - Validated dataset: Physical Therapist in Private Practice Office Visit Costs
2024-08-23 15:06:45 - INFO - Validated dataset: Physician Assistant Office Visit Costs
2024-08-23 15:06:45 - INFO - Validated dataset: Plastic and Reconstructive Surgery Office Visit Costs
2024-08-23 15:06:45 - INFO - Validated dataset: Podiatry Office Visit Costs
2024-08-23 15:06:45 - INFO - Validated dataset: Preventive Medicine Office Visit Costs
2024-08-23 15:06:45 - INFO - Validated dataset: Psychiatry Office Visit Costs
2024-08-23 15:06:45 - INFO - Validated dataset: Psychologist, Clinical Office Visit Costs
2024-08-23 15:06:45 - INFO - Validated dataset: Public Health or Welfare Agency Office Visit Costs
2024-08-23 15:06:45 - INFO - Validated dataset: Pulmonary Disease Office Visit Costs
2024-08-23 15:06:45 - INFO - Validated dataset: Radiation Oncology Office Visit Costs
2024-08-23 15:06:45 - INFO - Validated dataset: Registered Dietitian or Nutrition Professional Office Visit Costs
2024-08-23 15:06:45 - INFO - Validated dataset: Rheumatology Office Visit Costs
2024-08-23 15:06:45 - INFO - Validated dataset: Sleep Medicine Office Visit Costs
2024-08-23 15:06:45 - INFO - Validated dataset: Sports Medicine Office Visit Costs
2024-08-23 15:06:45 - INFO - Validated dataset: Surgical Oncology Office Visit Costs
2024-08-23 15:06:45 - INFO - Validated dataset: Thoracic Surgery Office Visit Costs
2024-08-23 15:06:45 - INFO - Validated dataset: Undefined Physician type Office Visit Costs
2024-08-23 15:06:45 - INFO - Validated dataset: Undersea and Hyperbaric Medicine Office Visit Costs
2024-08-23 15:06:45 - INFO - Validated dataset: Urology Office Visit Costs
2024-08-23 15:06:45 - INFO - Validated dataset: Vascular Surgery Office Visit Costs
2024-08-23 15:06:45 - INFO - Validated dataset: PY 2022 Virtual Group Public Reporting: MIPS Measures and Attestations
2024-08-23 15:06:45 - INFO - Validated dataset: COVID-19 Vaccination Rates - Provider Data
2024-08-23 15:06:45 - INFO - Validated dataset: COVID-19 Vaccination Rates - State and National Averages
2024-08-23 15:06:45 - INFO - Validated dataset: Hospice care - State CAHPS Hospice Survey Data
2024-08-23 15:06:45 - INFO - Validated dataset: Hospice - State Data
2024-08-23 15:06:45 - INFO - Validated dataset: Licensed Clinical Social Worker Office Visit Costs
2024-08-23 15:06:45 - INFO - Validated dataset: Medical Genetics and Genomics Office Visit Costs
2024-08-23 15:06:45 - INFO - Validated dataset: Home Health Care - State by State Data
2024-08-23 15:06:45 - INFO - Validated dataset: Home Health Care - Measure Date Range
2024-08-23 15:06:45 - INFO - Validated dataset: Payment - State
2024-08-23 15:06:45 - INFO - Validated dataset: Maternal Health - Hospital
2024-08-23 15:06:45 - INFO - Validated dataset: Maternal Health - National
2024-08-23 15:06:45 - INFO - Validated dataset: Maternal Health - State
2024-08-23 15:06:45 - INFO - Validated dataset: Medical Equipment Suppliers
2024-08-23 15:06:45 - INFO - Validated dataset: Inpatient Rehabilitation Facility - National Data
2024-08-23 15:06:45 - INFO - Validated dataset: Long-Term Care Hospital - National Data
2024-08-23 15:06:45 - INFO - Validated dataset: Skilled Nursing Facility Quality Reporting Program - National Data
2024-08-23 15:06:45 - INFO - Validated dataset: Patient survey (ICH CAHPS) - State
2024-08-23 15:06:45 - INFO - Validated dataset: Hospice-National Data
2024-08-23 15:06:45 - INFO - Validated dataset: Facility Affiliation Data
2024-08-23 15:06:45 - INFO - Validated dataset: Utilization Data
2024-08-23 15:06:45 - INFO - Validated dataset: ESRD QIP - Clinical Depression Screening and Follow-up - Payment Year 2024
2024-08-23 15:06:45 - INFO - Validated dataset: ESRD QIP - Complete QIP Data - Payment Year 2024
2024-08-23 15:06:45 - INFO - Validated dataset: ESRD QIP - Dialysis Adequacy - Payment Year 2024
2024-08-23 15:06:45 - INFO - Validated dataset: ESRD QIP - Footnotes - Payment Year 2024
2024-08-23 15:06:45 - INFO - Validated dataset: ESRD QIP - Hypercalcemia - Payment Year 2024
2024-08-23 15:06:45 - INFO - Validated dataset: ESRD QIP - NHSN Dialysis Event Measure - Payment Year 2024
2024-08-23 15:06:45 - INFO - Validated dataset: ESRD QIP - NHSN Bloodstream Infection - Payment Year 2024
2024-08-23 15:06:45 - INFO - Validated dataset: ESRD QIP - Standardized Readmission Ratio - Payment Year 2024
2024-08-23 15:06:45 - INFO - Validated dataset: ESRD QIP - Standardized Transfusion Ratio - Payment Year 2024
2024-08-23 15:06:45 - INFO - Validated dataset: ESRD QIP - Total Performance Scores - Payment Year 2024
2024-08-23 15:06:45 - INFO - Validated dataset: ESRD QIP - Vascular Access Topic - Payment Year 2024
2024-08-23 15:06:45 - INFO - Validated dataset: ESRD QIP - Ultrafiltration Rate - Payment Year 2024
2024-08-23 15:06:45 - INFO - Validated dataset: ESRD QIP - Standardized Hospitalization Ratio - Payment Year 2024
2024-08-23 15:06:45 - INFO - Validated dataset: ESRD QIP - Medication Reconciliation - Payment Year 2024
2024-08-23 15:06:45 - INFO - Validated dataset: ESRD QIP - Percentage of Prevalent Patients Waitlisted - Payment Year 2024
2024-08-23 15:06:45 - INFO - Validated dataset: Patient-Reported Outcomes - Hospital
2024-08-23 15:06:45 - INFO - Validated dataset: Palliative Care - PPS-Exempt Cancer Hospital - Hospital
2024-08-23 15:06:45 - INFO - Validated dataset: Palliative Care - PPS-Exempt Cancer Hospital - National
2024-08-23 15:06:45 - INFO - Validated dataset: Audiologist Office Visit Costs
2024-08-23 15:06:45 - INFO - Validated dataset: Mass Immunizer Roster Biller Office Visit Costs
2024-08-23 15:06:45 - INFO - Validated dataset: Micrographic Dermatologic Surgery Office Visit Costs
2024-08-23 15:06:45 - INFO - Validated dataset: Opioid Treatment Program Office Visit Costs
2024-08-23 15:06:45 - INFO - Validated dataset: Pharmacy Office Visit Costs
2024-08-23 15:06:45 - INFO - Number of themed datasets: 72
2024-08-23 15:06:45 - INFO - ✅ Finished fetching datasets.
2024-08-23 15:06:45 - INFO - Completed CMS data download and processing.
2024-08-23 15:30:50 - INFO - Starting CMS data download and processing...
2024-08-23 15:31:42 - INFO - Starting CMS data download and processing...
2024-08-23 15:31:48 - INFO - Starting CMS data download and processing...
2024-08-23 15:33:47 - INFO - Starting CMS data download and processing...
2024-08-23 15:33:47 - INFO - 🏗️ Fetching datasets...
2024-08-23 15:33:47 - DEBUG - Starting new HTTPS connection (1): data.cms.gov:443
2024-08-23 15:33:48 - DEBUG - https://data.cms.gov:443 "GET /provider-data/api/1/metastore/schemas/dataset/items HTTP/11" 200 30377
2024-08-23 15:33:48 - INFO - Validated dataset: Dialysis Facility - Listing by Facility
2024-08-23 15:33:48 - INFO - Validated dataset: Dialysis Facility - State Averages
2024-08-23 15:33:48 - INFO - Validated dataset: Dialysis Facility - National Averages
2024-08-23 15:33:48 - INFO - Validated dataset: Patient survey (ICH CAHPS) - Facility
2024-08-23 15:33:48 - INFO - Validated dataset: Patient survey (ICH CAHPS) - National
2024-08-23 15:33:48 - INFO - Validated dataset: Home Health Care - Zip Codes
2024-08-23 15:33:48 - INFO - Validated dataset: Home Health Care Agencies
2024-08-23 15:33:48 - INFO - Validated dataset: Home Health Care - National Data
2024-08-23 15:33:48 - INFO - Validated dataset: Hospice - Zip Data
2024-08-23 15:33:48 - INFO - Validated dataset: Hospice - General Information
2024-08-23 15:33:48 - INFO - Validated dataset: Hospice - Provider Data
2024-08-23 15:33:48 - INFO - Validated dataset: Hospice care - Provider CAHPS Hospice Survey Data
2024-08-23 15:33:48 - INFO - Validated dataset: Hospice care - National CAHPS Hospice Survey Data
2024-08-23 15:33:48 - INFO - Validated dataset: Outpatient and Ambulatory Surgery Consumer Assessment of Healthcare Providers and Systems (OAS CAHPS) survey for ambulatory surgical centers - Facility
2024-08-23 15:33:48 - INFO - Validated dataset: Ambulatory Surgical Center Quality Measures - Facility
2024-08-23 15:33:48 - INFO - Validated dataset: Ambulatory Surgical Center Quality Measures - National
2024-08-23 15:33:48 - INFO - Validated dataset: Outpatient and Ambulatory Surgery Consumer Assessment of Healthcare Providers and Systems (OAS CAHPS) survey for ambulatory surgical centers - National
2024-08-23 15:33:48 - INFO - Validated dataset: Ambulatory Surgical Center Quality Measures - State
2024-08-23 15:33:48 - INFO - Validated dataset: Outpatient and Ambulatory Surgery Consumer Assessment of Healthcare Providers and Systems (OAS CAHPS) survey for ambulatory surgical centers - State
2024-08-23 15:33:48 - INFO - Validated dataset: Comprehensive Care For Joint Replacement Model - Provider Data
2024-08-23 15:33:48 - INFO - Validated dataset: CMS Medicare PSI-90 and component measures - six-digit estimate dataset
2024-08-23 15:33:48 - INFO - Validated dataset: Complications and Deaths - Hospital
2024-08-23 15:33:48 - INFO - Validated dataset: Complications and Deaths - National
2024-08-23 15:33:48 - INFO - Validated dataset: Complications and Deaths - State
2024-08-23 15:33:48 - INFO - Validated dataset: Footnote Crosswalk
2024-08-23 15:33:48 - INFO - Validated dataset: Outpatient and Ambulatory Surgery Consumer Assessment of Healthcare Providers and Systems (OAS CAHPS) survey - Footnotes
2024-08-23 15:33:48 - INFO - Validated dataset: Table 2: FY2021 Distribution of Net Change in Base Operating DRG Payment Amount
2024-08-23 15:33:48 - INFO - Validated dataset: Table 1: FY2021 Net Change in Base Operating DRG Payment Amount
2024-08-23 15:33:48 - INFO - Validated dataset: Table 3: FY2021 Percent Change in Medicare Payments
2024-08-23 15:33:48 - INFO - Validated dataset: Table 4: FY2021 Value-Based Incentive Payment Amount
2024-08-23 15:33:48 - INFO - Validated dataset: Patient survey (HCAHPS) - Hospital
2024-08-23 15:33:48 - INFO - Validated dataset: Patient survey (HCAHPS) - National
2024-08-23 15:33:48 - INFO - Validated dataset: Patient survey (HCAHPS) - State
2024-08-23 15:33:48 - INFO - Validated dataset: Healthcare Associated Infections - Hospital
2024-08-23 15:33:48 - INFO - Validated dataset: Healthcare Associated Infections - National
2024-08-23 15:33:48 - INFO - Validated dataset: Healthcare Associated Infections - State
2024-08-23 15:33:48 - INFO - Validated dataset: Outpatient and Ambulatory Surgery Consumer Assessment of Healthcare Providers and Systems (OAS CAHPS) survey for hospital outpatient departments - Facility
2024-08-23 15:33:48 - INFO - Validated dataset: Outpatient and Ambulatory Surgery Consumer Assessment of Healthcare Providers and Systems (OAS CAHPS) survey for hospital outpatient departments - National
2024-08-23 15:33:48 - INFO - Validated dataset: Outpatient and Ambulatory Surgery Consumer Assessment of Healthcare Providers and Systems (OAS CAHPS) survey for hospital outpatient departments - State
2024-08-23 15:33:48 - INFO - Validated dataset: Hospital General Information
2024-08-23 15:33:48 - INFO - Validated dataset: Complications and Unplanned Hospital Visits - PPS-Exempt Cancer Hospital - Hospital
2024-08-23 15:33:48 - INFO - Validated dataset: Complications and Unplanned Hospital Visits - PPS-Exempt Cancer Hospital - National
2024-08-23 15:33:48 - INFO - Validated dataset: Hospital-Acquired Condition (HAC) Reduction Program
2024-08-23 15:33:48 - INFO - Validated dataset: Medicare Spending Per Beneficiary - Hospital Additional Decimal Places
2024-08-23 15:33:48 - INFO - Validated dataset: Safety and Healthcare-Associated Infection Measures - PPS-Exempt Cancer Hospital
2024-08-23 15:33:48 - INFO - Validated dataset: Patient Survey (PCH - HCAHPS) PPS-Exempt Cancer Hospital - Hospital
2024-08-23 15:33:48 - INFO - Validated dataset: Patient Survey (PCH - HCAHPS) PPS-Exempt Cancer Hospital - National
2024-08-23 15:33:48 - INFO - Validated dataset: Patient Survey (PCH - HCAHPS) PPS-Exempt Cancer Hospital - State
2024-08-23 15:33:48 - INFO - Validated dataset: Hospital Readmissions Reduction Program
2024-08-23 15:33:48 - INFO - Validated dataset: Hospital Value-Based Purchasing (HVBP) - Clinical Outcomes Domain Scores
2024-08-23 15:33:48 - INFO - Validated dataset: Hospital Value-Based Purchasing (HVBP) - Efficiency Scores
2024-08-23 15:33:48 - INFO - Validated dataset: Hospital Value-Based Purchasing (HVBP) - Person and Community Engagement Domain Scores (HCAHPS)
2024-08-23 15:33:48 - INFO - Validated dataset: Hospital Value-Based Purchasing (HVBP) - Safety
2024-08-23 15:33:48 - INFO - Validated dataset: Hospital Value-Based Purchasing (HVBP) - Total Performance Score
2024-08-23 15:33:48 - INFO - Validated dataset: Inpatient Psychiatric Facility Quality Measure Data - by Facility
2024-08-23 15:33:48 - INFO - Validated dataset: Inpatient Psychiatric Facility Quality Measure Data - National
2024-08-23 15:33:48 - INFO - Validated dataset: Inpatient Psychiatric Facility Quality Measure Data - by State
2024-08-23 15:33:48 - INFO - Validated dataset: Measure Dates
2024-08-23 15:33:48 - INFO - Validated dataset: Medicare Hospital Spending by Claim
2024-08-23 15:33:48 - INFO - Validated dataset: Medicare Spending Per Beneficiary - Hospital
2024-08-23 15:33:48 - INFO - Validated dataset: Medicare Spending Per Beneficiary - National
2024-08-23 15:33:48 - INFO - Validated dataset: Medicare Spending Per Beneficiary - State
2024-08-23 15:33:48 - INFO - Validated dataset: Outpatient Imaging Efficiency - Hospital
2024-08-23 15:33:48 - INFO - Validated dataset: Outpatient Imaging Efficiency - National
2024-08-23 15:33:48 - INFO - Validated dataset: Outpatient Imaging Efficiency - State
2024-08-23 15:33:48 - INFO - Validated dataset: Payment - National
2024-08-23 15:33:48 - INFO - Validated dataset: Payment and value of care - Hospital
2024-08-23 15:33:48 - INFO - Validated dataset: Timely and Effective Care - Hospital
2024-08-23 15:33:48 - INFO - Validated dataset: Timely and Effective Care - National
2024-08-23 15:33:48 - INFO - Validated dataset: Timely and Effective Care - State
2024-08-23 15:33:48 - INFO - Validated dataset: Unplanned Hospital Visits - Hospital
2024-08-23 15:33:48 - INFO - Validated dataset: Unplanned Hospital Visits - National
2024-08-23 15:33:48 - INFO - Validated dataset: Unplanned Hospital Visits - State
2024-08-23 15:33:48 - INFO - Validated dataset: Veterans Health Administration Behavioral Health Data
2024-08-23 15:33:48 - INFO - Validated dataset: Veterans Health Administration Timely and Effective Care Data
2024-08-23 15:33:48 - INFO - Validated dataset: Value of care - National
2024-08-23 15:33:48 - INFO - Validated dataset: Veterans Health Administration Provider Level Data
2024-08-23 15:33:48 - INFO - Validated dataset: Data Updates
2024-08-23 15:33:48 - INFO - Validated dataset: Inpatient Rehabilitation Facility - General Information
2024-08-23 15:33:48 - INFO - Validated dataset: Inpatient Rehabilitation Facility - Provider Data
2024-08-23 15:33:48 - INFO - Validated dataset: Inpatient Rehabilitation Facility - Conditions
2024-08-23 15:33:48 - INFO - Validated dataset: Long-Term Care Hospital - General Information
2024-08-23 15:33:48 - INFO - Validated dataset: Long-Term Care Hospital - Provider Data
2024-08-23 15:33:48 - INFO - Validated dataset: Fire Safety Deficiencies
2024-08-23 15:33:48 - INFO - Validated dataset: Health Deficiencies
2024-08-23 15:33:48 - INFO - Validated dataset: MDS Quality Measures
2024-08-23 15:33:48 - INFO - Validated dataset: Medicare Claims Quality Measures
2024-08-23 15:33:48 - INFO - Validated dataset: Ownership
2024-08-23 15:33:48 - INFO - Validated dataset: Penalties
2024-08-23 15:33:48 - INFO - Validated dataset: Provider Information
2024-08-23 15:33:48 - INFO - Validated dataset: Skilled Nursing Facility Quality Reporting Program - Provider Data
2024-08-23 15:33:48 - INFO - Validated dataset: Skilled Nursing Facility Quality Reporting Program - Swing Beds - Provider Data
2024-08-23 15:33:48 - INFO - Validated dataset: State US Averages
2024-08-23 15:33:48 - INFO - Validated dataset: Survey Summary
2024-08-23 15:33:48 - INFO - Validated dataset: FY 2024 SNF VBP Facility-Level Dataset
2024-08-23 15:33:48 - INFO - Validated dataset: FY 2024 SNF VBP Aggregate Performance
2024-08-23 15:33:48 - INFO - Validated dataset: Nursing Home Data Collection Intervals
2024-08-23 15:33:48 - INFO - Validated dataset: Citation Code Look-up
2024-08-23 15:33:48 - INFO - Validated dataset: National Downloadable File
2024-08-23 15:33:48 - INFO - Validated dataset: PY 2022 Group Public Reporting: MIPS Measures and Attestations
2024-08-23 15:33:48 - INFO - Validated dataset: PY 2022 Group Public Reporting: Patient Experience
2024-08-23 15:33:48 - INFO - Validated dataset: PY 2022 Clinician Public Reporting: MIPS Measures and Attestations
2024-08-23 15:33:48 - INFO - Validated dataset: PY 2022 Clinician Public Reporting: Overall MIPS Performance
2024-08-23 15:33:48 - INFO - Validated dataset: Inspection Dates
2024-08-23 15:33:48 - INFO - Validated dataset: State-Level Health Inspection Cut Points
2024-08-23 15:33:48 - INFO - Validated dataset: Home Health Care - Patient Survey (HHCAHPS) 2023Q1 to 2023Q4
2024-08-23 15:33:48 - INFO - Validated dataset: Home Health Care - Patient Survey (HHCAHPS) National Data 2023Q1 to 2023Q4
2024-08-23 15:33:48 - INFO - Validated dataset: Home Health Care - Patient Survey (HHCAHPS) State Data 2023Q1 to 2023Q4
2024-08-23 15:33:48 - INFO - Validated dataset: Home Health Care - Patient Survey (HHCAHPS) Measure Dates 2023Q1 to 2023Q4
2024-08-23 15:33:48 - INFO - Validated dataset: Addiction Medicine Office Visit Costs
2024-08-23 15:33:48 - INFO - Validated dataset: Advanced Heart Failure and Transplant Cardiology Office Visit Costs
2024-08-23 15:33:48 - INFO - Validated dataset: Allergy/ Immunology Office Visit Costs
2024-08-23 15:33:48 - INFO - Validated dataset: Anesthesiology Office Visit Costs
2024-08-23 15:33:48 - INFO - Validated dataset: Cardiac Surgery Office Visit Costs
2024-08-23 15:33:48 - INFO - Validated dataset: Cardiology Office Visit Costs
2024-08-23 15:33:48 - INFO - Validated dataset: Certified Clinical Nurse Specialist Office Visit Costs
2024-08-23 15:33:48 - INFO - Validated dataset: Certified Nurse Midwife Office Visit Costs
2024-08-23 15:33:48 - INFO - Validated dataset: Certified Registered Nurse Anesthetist (CRNA) Office Visit Costs
2024-08-23 15:33:48 - INFO - Validated dataset: Clinic or Group Practice Office Visit Costs
2024-08-23 15:33:48 - INFO - Validated dataset: Clinical Cardiac Electrophysiology Office Visit Costs
2024-08-23 15:33:48 - INFO - Validated dataset: Clinical Laboratory Office Visit Costs
2024-08-23 15:33:48 - INFO - Validated dataset: Colorectal Surgery (Proctology) Office Visit Costs
2024-08-23 15:33:48 - INFO - Validated dataset: Critical Care (Intensivists) Office Visit Costs
2024-08-23 15:33:48 - INFO - Validated dataset: Dentist Office Visit Costs
2024-08-23 15:33:48 - INFO - Validated dataset: Dermatology Office Visit Costs
2024-08-23 15:33:48 - INFO - Validated dataset: Diagnostic Radiology Office Visit Costs
2024-08-23 15:33:48 - INFO - Validated dataset: Emergency Medicine Office Visit Costs
2024-08-23 15:33:48 - INFO - Validated dataset: Endocrinology Office Visit Costs
2024-08-23 15:33:48 - INFO - Validated dataset: Family Practice Office Visit Costs
2024-08-23 15:33:48 - INFO - Validated dataset: Gastroenterology Office Visit Costs
2024-08-23 15:33:48 - INFO - Validated dataset: General Practice Office Visit Costs
2024-08-23 15:33:48 - INFO - Validated dataset: General Surgery Office Visit Costs
2024-08-23 15:33:48 - INFO - Validated dataset: Geriatric Medicine Office Visit Costs
2024-08-23 15:33:48 - INFO - Validated dataset: Geriatric Psychiatry Office Visit Costs
2024-08-23 15:33:48 - INFO - Validated dataset: Gynecological Oncology Office Visit Costs
2024-08-23 15:33:48 - INFO - Validated dataset: Hand Surgery Office Visit Costs
2024-08-23 15:33:48 - INFO - Validated dataset: Hematology Office Visit Costs
2024-08-23 15:33:48 - INFO - Validated dataset: Hematology-Oncology Office Visit Costs
2024-08-23 15:33:48 - INFO - Validated dataset: Hematopoietic Cell Transplantation and Cellular Therapy Office Visit Costs
2024-08-23 15:33:48 - INFO - Validated dataset: Hospice and Palliative Care Office Visit Costs
2024-08-23 15:33:48 - INFO - Validated dataset: Hospitalist Office Visit Costs
2024-08-23 15:33:48 - INFO - Validated dataset: Infectious Disease Office Visit Costs
2024-08-23 15:33:48 - INFO - Validated dataset: Internal Medicine Office Visit Costs
2024-08-23 15:33:48 - INFO - Validated dataset: Interventional Cardiology Office Visit Costs
2024-08-23 15:33:48 - INFO - Validated dataset: Interventional Pain Management Office Visit Costs
2024-08-23 15:33:48 - INFO - Validated dataset: Interventional Radiology Office Visit Costs
2024-08-23 15:33:48 - INFO - Validated dataset: Maxillofacial Surgery Office Visit Costs
2024-08-23 15:33:48 - INFO - Validated dataset: Medical Oncology Office Visit Costs
2024-08-23 15:33:48 - INFO - Validated dataset: Medical Toxicology Office Visit Costs
2024-08-23 15:33:48 - INFO - Validated dataset: Nephrology Office Visit Costs
2024-08-23 15:33:48 - INFO - Validated dataset: Neurology Office Visit Costs
2024-08-23 15:33:48 - INFO - Validated dataset: Neuropsychiatry Office Visit Costs
2024-08-23 15:33:48 - INFO - Validated dataset: Neurosurgery Office Visit Costs
2024-08-23 15:33:48 - INFO - Validated dataset: Nuclear Medicine Office Visit Costs
2024-08-23 15:33:48 - INFO - Validated dataset: Nurse Practitioner Office Visit Costs
2024-08-23 15:33:48 - INFO - Validated dataset: Obstetrics & Gynecology Office Visit Costs
2024-08-23 15:33:48 - INFO - Validated dataset: Ophthalmology Office Visit Costs
2024-08-23 15:33:48 - INFO - Validated dataset: Optometry Office Visit Costs
2024-08-23 15:33:48 - INFO - Validated dataset: Oral Surgery (Dentist only) Office Visit Costs
2024-08-23 15:33:48 - INFO - Validated dataset: Orthopedic Surgery Office Visit Costs
2024-08-23 15:33:48 - INFO - Validated dataset: Osteopathic Manipulative Medicine Office Visit Costs
2024-08-23 15:33:48 - INFO - Validated dataset: Otolaryngology Office Visit Costs
2024-08-23 15:33:48 - INFO - Validated dataset: Pain Management Office Visit Costs
2024-08-23 15:33:48 - INFO - Validated dataset: Pathology Office Visit Costs
2024-08-23 15:33:48 - INFO - Validated dataset: Pediatric Medicine Office Visit Costs
2024-08-23 15:33:48 - INFO - Validated dataset: Peripheral Vascular Disease Office Visit Costs
2024-08-23 15:33:48 - INFO - Validated dataset: Physical Medicine and Rehabilitation Office Visit Costs
2024-08-23 15:33:48 - INFO - Validated dataset: Physical Therapist in Private Practice Office Visit Costs
2024-08-23 15:33:48 - INFO - Validated dataset: Physician Assistant Office Visit Costs
2024-08-23 15:33:48 - INFO - Validated dataset: Plastic and Reconstructive Surgery Office Visit Costs
2024-08-23 15:33:48 - INFO - Validated dataset: Podiatry Office Visit Costs
2024-08-23 15:33:48 - INFO - Validated dataset: Preventive Medicine Office Visit Costs
2024-08-23 15:33:48 - INFO - Validated dataset: Psychiatry Office Visit Costs
2024-08-23 15:33:48 - INFO - Validated dataset: Psychologist, Clinical Office Visit Costs
2024-08-23 15:33:48 - INFO - Validated dataset: Public Health or Welfare Agency Office Visit Costs
2024-08-23 15:33:48 - INFO - Validated dataset: Pulmonary Disease Office Visit Costs
2024-08-23 15:33:48 - INFO - Validated dataset: Radiation Oncology Office Visit Costs
2024-08-23 15:33:48 - INFO - Validated dataset: Registered Dietitian or Nutrition Professional Office Visit Costs
2024-08-23 15:33:48 - INFO - Validated dataset: Rheumatology Office Visit Costs
2024-08-23 15:33:48 - INFO - Validated dataset: Sleep Medicine Office Visit Costs
2024-08-23 15:33:48 - INFO - Validated dataset: Sports Medicine Office Visit Costs
2024-08-23 15:33:48 - INFO - Validated dataset: Surgical Oncology Office Visit Costs
2024-08-23 15:33:48 - INFO - Validated dataset: Thoracic Surgery Office Visit Costs
2024-08-23 15:33:48 - INFO - Validated dataset: Undefined Physician type Office Visit Costs
2024-08-23 15:33:48 - INFO - Validated dataset: Undersea and Hyperbaric Medicine Office Visit Costs
2024-08-23 15:33:48 - INFO - Validated dataset: Urology Office Visit Costs
2024-08-23 15:33:48 - INFO - Validated dataset: Vascular Surgery Office Visit Costs
2024-08-23 15:33:48 - INFO - Validated dataset: PY 2022 Virtual Group Public Reporting: MIPS Measures and Attestations
2024-08-23 15:33:48 - INFO - Validated dataset: COVID-19 Vaccination Rates - Provider Data
2024-08-23 15:33:48 - INFO - Validated dataset: COVID-19 Vaccination Rates - State and National Averages
2024-08-23 15:33:48 - INFO - Validated dataset: Hospice care - State CAHPS Hospice Survey Data
2024-08-23 15:33:48 - INFO - Validated dataset: Hospice - State Data
2024-08-23 15:33:48 - INFO - Validated dataset: Licensed Clinical Social Worker Office Visit Costs
2024-08-23 15:33:48 - INFO - Validated dataset: Medical Genetics and Genomics Office Visit Costs
2024-08-23 15:33:48 - INFO - Validated dataset: Home Health Care - State by State Data
2024-08-23 15:33:48 - INFO - Validated dataset: Home Health Care - Measure Date Range
2024-08-23 15:33:48 - INFO - Validated dataset: Payment - State
2024-08-23 15:33:48 - INFO - Validated dataset: Maternal Health - Hospital
2024-08-23 15:33:48 - INFO - Validated dataset: Maternal Health - National
2024-08-23 15:33:48 - INFO - Validated dataset: Maternal Health - State
2024-08-23 15:33:48 - INFO - Validated dataset: Medical Equipment Suppliers
2024-08-23 15:33:48 - INFO - Validated dataset: Inpatient Rehabilitation Facility - National Data
2024-08-23 15:33:48 - INFO - Validated dataset: Long-Term Care Hospital - National Data
2024-08-23 15:33:48 - INFO - Validated dataset: Skilled Nursing Facility Quality Reporting Program - National Data
2024-08-23 15:33:48 - INFO - Validated dataset: Patient survey (ICH CAHPS) - State
2024-08-23 15:33:48 - INFO - Validated dataset: Hospice-National Data
2024-08-23 15:33:48 - INFO - Validated dataset: Facility Affiliation Data
2024-08-23 15:33:48 - INFO - Validated dataset: Utilization Data
2024-08-23 15:33:48 - INFO - Validated dataset: ESRD QIP - Clinical Depression Screening and Follow-up - Payment Year 2024
2024-08-23 15:33:48 - INFO - Validated dataset: ESRD QIP - Complete QIP Data - Payment Year 2024
2024-08-23 15:33:48 - INFO - Validated dataset: ESRD QIP - Dialysis Adequacy - Payment Year 2024
2024-08-23 15:33:48 - INFO - Validated dataset: ESRD QIP - Footnotes - Payment Year 2024
2024-08-23 15:33:48 - INFO - Validated dataset: ESRD QIP - Hypercalcemia - Payment Year 2024
2024-08-23 15:33:48 - INFO - Validated dataset: ESRD QIP - NHSN Dialysis Event Measure - Payment Year 2024
2024-08-23 15:33:48 - INFO - Validated dataset: ESRD QIP - NHSN Bloodstream Infection - Payment Year 2024
2024-08-23 15:33:48 - INFO - Validated dataset: ESRD QIP - Standardized Readmission Ratio - Payment Year 2024
2024-08-23 15:33:48 - INFO - Validated dataset: ESRD QIP - Standardized Transfusion Ratio - Payment Year 2024
2024-08-23 15:33:48 - INFO - Validated dataset: ESRD QIP - Total Performance Scores - Payment Year 2024
2024-08-23 15:33:48 - INFO - Validated dataset: ESRD QIP - Vascular Access Topic - Payment Year 2024
2024-08-23 15:33:48 - INFO - Validated dataset: ESRD QIP - Ultrafiltration Rate - Payment Year 2024
2024-08-23 15:33:48 - INFO - Validated dataset: ESRD QIP - Standardized Hospitalization Ratio - Payment Year 2024
2024-08-23 15:33:48 - INFO - Validated dataset: ESRD QIP - Medication Reconciliation - Payment Year 2024
2024-08-23 15:33:48 - INFO - Validated dataset: ESRD QIP - Percentage of Prevalent Patients Waitlisted - Payment Year 2024
2024-08-23 15:33:48 - INFO - Validated dataset: Patient-Reported Outcomes - Hospital
2024-08-23 15:33:48 - INFO - Validated dataset: Palliative Care - PPS-Exempt Cancer Hospital - Hospital
2024-08-23 15:33:48 - INFO - Validated dataset: Palliative Care - PPS-Exempt Cancer Hospital - National
2024-08-23 15:33:48 - INFO - Validated dataset: Audiologist Office Visit Costs
2024-08-23 15:33:48 - INFO - Validated dataset: Mass Immunizer Roster Biller Office Visit Costs
2024-08-23 15:33:48 - INFO - Validated dataset: Micrographic Dermatologic Surgery Office Visit Costs
2024-08-23 15:33:48 - INFO - Validated dataset: Opioid Treatment Program Office Visit Costs
2024-08-23 15:33:48 - INFO - Validated dataset: Pharmacy Office Visit Costs
2024-08-23 15:33:48 - INFO - Number of themed datasets: 72
2024-08-23 15:33:48 - INFO - ✅ Finished fetching datasets.
2024-08-23 15:33:48 - INFO - Completed CMS data download and processing.
2024-08-23 15:33:53 - INFO - Starting CMS data download and processing...
2024-08-23 15:33:53 - INFO - 🏗️ Fetching datasets...
2024-08-23 15:33:53 - DEBUG - Starting new HTTPS connection (1): data.cms.gov:443
2024-08-23 15:33:53 - DEBUG - https://data.cms.gov:443 "GET /provider-data/api/1/metastore/schemas/dataset/items HTTP/11" 200 30377
2024-08-23 15:33:53 - INFO - Validated dataset: Dialysis Facility - Listing by Facility
2024-08-23 15:33:53 - INFO - Validated dataset: Dialysis Facility - State Averages
2024-08-23 15:33:53 - INFO - Validated dataset: Dialysis Facility - National Averages
2024-08-23 15:33:53 - INFO - Validated dataset: Patient survey (ICH CAHPS) - Facility
2024-08-23 15:33:53 - INFO - Validated dataset: Patient survey (ICH CAHPS) - National
2024-08-23 15:33:53 - INFO - Validated dataset: Home Health Care - Zip Codes
2024-08-23 15:33:53 - INFO - Validated dataset: Home Health Care Agencies
2024-08-23 15:33:53 - INFO - Validated dataset: Home Health Care - National Data
2024-08-23 15:33:53 - INFO - Validated dataset: Hospice - Zip Data
2024-08-23 15:33:53 - INFO - Validated dataset: Hospice - General Information
2024-08-23 15:33:53 - INFO - Validated dataset: Hospice - Provider Data
2024-08-23 15:33:53 - INFO - Validated dataset: Hospice care - Provider CAHPS Hospice Survey Data
2024-08-23 15:33:53 - INFO - Validated dataset: Hospice care - National CAHPS Hospice Survey Data
2024-08-23 15:33:53 - INFO - Validated dataset: Outpatient and Ambulatory Surgery Consumer Assessment of Healthcare Providers and Systems (OAS CAHPS) survey for ambulatory surgical centers - Facility
2024-08-23 15:33:53 - INFO - Validated dataset: Ambulatory Surgical Center Quality Measures - Facility
2024-08-23 15:33:53 - INFO - Validated dataset: Ambulatory Surgical Center Quality Measures - National
2024-08-23 15:33:53 - INFO - Validated dataset: Outpatient and Ambulatory Surgery Consumer Assessment of Healthcare Providers and Systems (OAS CAHPS) survey for ambulatory surgical centers - National
2024-08-23 15:33:53 - INFO - Validated dataset: Ambulatory Surgical Center Quality Measures - State
2024-08-23 15:33:53 - INFO - Validated dataset: Outpatient and Ambulatory Surgery Consumer Assessment of Healthcare Providers and Systems (OAS CAHPS) survey for ambulatory surgical centers - State
2024-08-23 15:33:53 - INFO - Validated dataset: Comprehensive Care For Joint Replacement Model - Provider Data
2024-08-23 15:33:53 - INFO - Validated dataset: CMS Medicare PSI-90 and component measures - six-digit estimate dataset
2024-08-23 15:33:53 - INFO - Validated dataset: Complications and Deaths - Hospital
2024-08-23 15:33:53 - INFO - Validated dataset: Complications and Deaths - National
2024-08-23 15:33:53 - INFO - Validated dataset: Complications and Deaths - State
2024-08-23 15:33:53 - INFO - Validated dataset: Footnote Crosswalk
2024-08-23 15:33:53 - INFO - Validated dataset: Outpatient and Ambulatory Surgery Consumer Assessment of Healthcare Providers and Systems (OAS CAHPS) survey - Footnotes
2024-08-23 15:33:53 - INFO - Validated dataset: Table 2: FY2021 Distribution of Net Change in Base Operating DRG Payment Amount
2024-08-23 15:33:53 - INFO - Validated dataset: Table 1: FY2021 Net Change in Base Operating DRG Payment Amount
2024-08-23 15:33:53 - INFO - Validated dataset: Table 3: FY2021 Percent Change in Medicare Payments
2024-08-23 15:33:53 - INFO - Validated dataset: Table 4: FY2021 Value-Based Incentive Payment Amount
2024-08-23 15:33:53 - INFO - Validated dataset: Patient survey (HCAHPS) - Hospital
2024-08-23 15:33:53 - INFO - Validated dataset: Patient survey (HCAHPS) - National
2024-08-23 15:33:53 - INFO - Validated dataset: Patient survey (HCAHPS) - State
2024-08-23 15:33:53 - INFO - Validated dataset: Healthcare Associated Infections - Hospital
2024-08-23 15:33:53 - INFO - Validated dataset: Healthcare Associated Infections - National
2024-08-23 15:33:53 - INFO - Validated dataset: Healthcare Associated Infections - State
2024-08-23 15:33:53 - INFO - Validated dataset: Outpatient and Ambulatory Surgery Consumer Assessment of Healthcare Providers and Systems (OAS CAHPS) survey for hospital outpatient departments - Facility
2024-08-23 15:33:53 - INFO - Validated dataset: Outpatient and Ambulatory Surgery Consumer Assessment of Healthcare Providers and Systems (OAS CAHPS) survey for hospital outpatient departments - National
2024-08-23 15:33:53 - INFO - Validated dataset: Outpatient and Ambulatory Surgery Consumer Assessment of Healthcare Providers and Systems (OAS CAHPS) survey for hospital outpatient departments - State
2024-08-23 15:33:53 - INFO - Validated dataset: Hospital General Information
2024-08-23 15:33:53 - INFO - Validated dataset: Complications and Unplanned Hospital Visits - PPS-Exempt Cancer Hospital - Hospital
2024-08-23 15:33:53 - INFO - Validated dataset: Complications and Unplanned Hospital Visits - PPS-Exempt Cancer Hospital - National
2024-08-23 15:33:53 - INFO - Validated dataset: Hospital-Acquired Condition (HAC) Reduction Program
2024-08-23 15:33:53 - INFO - Validated dataset: Medicare Spending Per Beneficiary - Hospital Additional Decimal Places
2024-08-23 15:33:53 - INFO - Validated dataset: Safety and Healthcare-Associated Infection Measures - PPS-Exempt Cancer Hospital
2024-08-23 15:33:53 - INFO - Validated dataset: Patient Survey (PCH - HCAHPS) PPS-Exempt Cancer Hospital - Hospital
2024-08-23 15:33:53 - INFO - Validated dataset: Patient Survey (PCH - HCAHPS) PPS-Exempt Cancer Hospital - National
2024-08-23 15:33:53 - INFO - Validated dataset: Patient Survey (PCH - HCAHPS) PPS-Exempt Cancer Hospital - State
2024-08-23 15:33:53 - INFO - Validated dataset: Hospital Readmissions Reduction Program
2024-08-23 15:33:53 - INFO - Validated dataset: Hospital Value-Based Purchasing (HVBP) - Clinical Outcomes Domain Scores
2024-08-23 15:33:53 - INFO - Validated dataset: Hospital Value-Based Purchasing (HVBP) - Efficiency Scores
2024-08-23 15:33:53 - INFO - Validated dataset: Hospital Value-Based Purchasing (HVBP) - Person and Community Engagement Domain Scores (HCAHPS)
2024-08-23 15:33:53 - INFO - Validated dataset: Hospital Value-Based Purchasing (HVBP) - Safety
2024-08-23 15:33:53 - INFO - Validated dataset: Hospital Value-Based Purchasing (HVBP) - Total Performance Score
2024-08-23 15:33:53 - INFO - Validated dataset: Inpatient Psychiatric Facility Quality Measure Data - by Facility
2024-08-23 15:33:53 - INFO - Validated dataset: Inpatient Psychiatric Facility Quality Measure Data - National
2024-08-23 15:33:53 - INFO - Validated dataset: Inpatient Psychiatric Facility Quality Measure Data - by State
2024-08-23 15:33:53 - INFO - Validated dataset: Measure Dates
2024-08-23 15:33:53 - INFO - Validated dataset: Medicare Hospital Spending by Claim
2024-08-23 15:33:53 - INFO - Validated dataset: Medicare Spending Per Beneficiary - Hospital
2024-08-23 15:33:53 - INFO - Validated dataset: Medicare Spending Per Beneficiary - National
2024-08-23 15:33:53 - INFO - Validated dataset: Medicare Spending Per Beneficiary - State
2024-08-23 15:33:53 - INFO - Validated dataset: Outpatient Imaging Efficiency - Hospital
2024-08-23 15:33:53 - INFO - Validated dataset: Outpatient Imaging Efficiency - National
2024-08-23 15:33:53 - INFO - Validated dataset: Outpatient Imaging Efficiency - State
2024-08-23 15:33:53 - INFO - Validated dataset: Payment - National
2024-08-23 15:33:53 - INFO - Validated dataset: Payment and value of care - Hospital
2024-08-23 15:33:53 - INFO - Validated dataset: Timely and Effective Care - Hospital
2024-08-23 15:33:53 - INFO - Validated dataset: Timely and Effective Care - National
2024-08-23 15:33:53 - INFO - Validated dataset: Timely and Effective Care - State
2024-08-23 15:33:53 - INFO - Validated dataset: Unplanned Hospital Visits - Hospital
2024-08-23 15:33:53 - INFO - Validated dataset: Unplanned Hospital Visits - National
2024-08-23 15:33:53 - INFO - Validated dataset: Unplanned Hospital Visits - State
2024-08-23 15:33:53 - INFO - Validated dataset: Veterans Health Administration Behavioral Health Data
2024-08-23 15:33:53 - INFO - Validated dataset: Veterans Health Administration Timely and Effective Care Data
2024-08-23 15:33:53 - INFO - Validated dataset: Value of care - National
2024-08-23 15:33:53 - INFO - Validated dataset: Veterans Health Administration Provider Level Data
2024-08-23 15:33:53 - INFO - Validated dataset: Data Updates
2024-08-23 15:33:53 - INFO - Validated dataset: Inpatient Rehabilitation Facility - General Information
2024-08-23 15:33:53 - INFO - Validated dataset: Inpatient Rehabilitation Facility - Provider Data
2024-08-23 15:33:53 - INFO - Validated dataset: Inpatient Rehabilitation Facility - Conditions
2024-08-23 15:33:53 - INFO - Validated dataset: Long-Term Care Hospital - General Information
2024-08-23 15:33:53 - INFO - Validated dataset: Long-Term Care Hospital - Provider Data
2024-08-23 15:33:53 - INFO - Validated dataset: Fire Safety Deficiencies
2024-08-23 15:33:53 - INFO - Validated dataset: Health Deficiencies
2024-08-23 15:33:53 - INFO - Validated dataset: MDS Quality Measures
2024-08-23 15:33:53 - INFO - Validated dataset: Medicare Claims Quality Measures
2024-08-23 15:33:53 - INFO - Validated dataset: Ownership
2024-08-23 15:33:53 - INFO - Validated dataset: Penalties
2024-08-23 15:33:53 - INFO - Validated dataset: Provider Information
2024-08-23 15:33:53 - INFO - Validated dataset: Skilled Nursing Facility Quality Reporting Program - Provider Data
2024-08-23 15:33:53 - INFO - Validated dataset: Skilled Nursing Facility Quality Reporting Program - Swing Beds - Provider Data
2024-08-23 15:33:53 - INFO - Validated dataset: State US Averages
2024-08-23 15:33:53 - INFO - Validated dataset: Survey Summary
2024-08-23 15:33:53 - INFO - Validated dataset: FY 2024 SNF VBP Facility-Level Dataset
2024-08-23 15:33:53 - INFO - Validated dataset: FY 2024 SNF VBP Aggregate Performance
2024-08-23 15:33:53 - INFO - Validated dataset: Nursing Home Data Collection Intervals
2024-08-23 15:33:53 - INFO - Validated dataset: Citation Code Look-up
2024-08-23 15:33:53 - INFO - Validated dataset: National Downloadable File
2024-08-23 15:33:53 - INFO - Validated dataset: PY 2022 Group Public Reporting: MIPS Measures and Attestations
2024-08-23 15:33:53 - INFO - Validated dataset: PY 2022 Group Public Reporting: Patient Experience
2024-08-23 15:33:53 - INFO - Validated dataset: PY 2022 Clinician Public Reporting: MIPS Measures and Attestations
2024-08-23 15:33:53 - INFO - Validated dataset: PY 2022 Clinician Public Reporting: Overall MIPS Performance
2024-08-23 15:33:53 - INFO - Validated dataset: Inspection Dates
2024-08-23 15:33:53 - INFO - Validated dataset: State-Level Health Inspection Cut Points
2024-08-23 15:33:53 - INFO - Validated dataset: Home Health Care - Patient Survey (HHCAHPS) 2023Q1 to 2023Q4
2024-08-23 15:33:53 - INFO - Validated dataset: Home Health Care - Patient Survey (HHCAHPS) National Data 2023Q1 to 2023Q4
2024-08-23 15:33:53 - INFO - Validated dataset: Home Health Care - Patient Survey (HHCAHPS) State Data 2023Q1 to 2023Q4
2024-08-23 15:33:53 - INFO - Validated dataset: Home Health Care - Patient Survey (HHCAHPS) Measure Dates 2023Q1 to 2023Q4
2024-08-23 15:33:53 - INFO - Validated dataset: Addiction Medicine Office Visit Costs
2024-08-23 15:33:53 - INFO - Validated dataset: Advanced Heart Failure and Transplant Cardiology Office Visit Costs
2024-08-23 15:33:53 - INFO - Validated dataset: Allergy/ Immunology Office Visit Costs
2024-08-23 15:33:53 - INFO - Validated dataset: Anesthesiology Office Visit Costs
2024-08-23 15:33:53 - INFO - Validated dataset: Cardiac Surgery Office Visit Costs
2024-08-23 15:33:53 - INFO - Validated dataset: Cardiology Office Visit Costs
2024-08-23 15:33:53 - INFO - Validated dataset: Certified Clinical Nurse Specialist Office Visit Costs
2024-08-23 15:33:53 - INFO - Validated dataset: Certified Nurse Midwife Office Visit Costs
2024-08-23 15:33:53 - INFO - Validated dataset: Certified Registered Nurse Anesthetist (CRNA) Office Visit Costs
2024-08-23 15:33:53 - INFO - Validated dataset: Clinic or Group Practice Office Visit Costs
2024-08-23 15:33:53 - INFO - Validated dataset: Clinical Cardiac Electrophysiology Office Visit Costs
2024-08-23 15:33:53 - INFO - Validated dataset: Clinical Laboratory Office Visit Costs
2024-08-23 15:33:53 - INFO - Validated dataset: Colorectal Surgery (Proctology) Office Visit Costs
2024-08-23 15:33:53 - INFO - Validated dataset: Critical Care (Intensivists) Office Visit Costs
2024-08-23 15:33:53 - INFO - Validated dataset: Dentist Office Visit Costs
2024-08-23 15:33:53 - INFO - Validated dataset: Dermatology Office Visit Costs
2024-08-23 15:33:53 - INFO - Validated dataset: Diagnostic Radiology Office Visit Costs
2024-08-23 15:33:53 - INFO - Validated dataset: Emergency Medicine Office Visit Costs
2024-08-23 15:33:53 - INFO - Validated dataset: Endocrinology Office Visit Costs
2024-08-23 15:33:53 - INFO - Validated dataset: Family Practice Office Visit Costs
2024-08-23 15:33:53 - INFO - Validated dataset: Gastroenterology Office Visit Costs
2024-08-23 15:33:53 - INFO - Validated dataset: General Practice Office Visit Costs
2024-08-23 15:33:53 - INFO - Validated dataset: General Surgery Office Visit Costs
2024-08-23 15:33:53 - INFO - Validated dataset: Geriatric Medicine Office Visit Costs
2024-08-23 15:33:53 - INFO - Validated dataset: Geriatric Psychiatry Office Visit Costs
2024-08-23 15:33:53 - INFO - Validated dataset: Gynecological Oncology Office Visit Costs
2024-08-23 15:33:53 - INFO - Validated dataset: Hand Surgery Office Visit Costs
2024-08-23 15:33:53 - INFO - Validated dataset: Hematology Office Visit Costs
2024-08-23 15:33:53 - INFO - Validated dataset: Hematology-Oncology Office Visit Costs
2024-08-23 15:33:53 - INFO - Validated dataset: Hematopoietic Cell Transplantation and Cellular Therapy Office Visit Costs
2024-08-23 15:33:53 - INFO - Validated dataset: Hospice and Palliative Care Office Visit Costs
2024-08-23 15:33:53 - INFO - Validated dataset: Hospitalist Office Visit Costs
2024-08-23 15:33:53 - INFO - Validated dataset: Infectious Disease Office Visit Costs
2024-08-23 15:33:53 - INFO - Validated dataset: Internal Medicine Office Visit Costs
2024-08-23 15:33:53 - INFO - Validated dataset: Interventional Cardiology Office Visit Costs
2024-08-23 15:33:53 - INFO - Validated dataset: Interventional Pain Management Office Visit Costs
2024-08-23 15:33:53 - INFO - Validated dataset: Interventional Radiology Office Visit Costs
2024-08-23 15:33:53 - INFO - Validated dataset: Maxillofacial Surgery Office Visit Costs
2024-08-23 15:33:53 - INFO - Validated dataset: Medical Oncology Office Visit Costs
2024-08-23 15:33:53 - INFO - Validated dataset: Medical Toxicology Office Visit Costs
2024-08-23 15:33:53 - INFO - Validated dataset: Nephrology Office Visit Costs
2024-08-23 15:33:53 - INFO - Validated dataset: Neurology Office Visit Costs
2024-08-23 15:33:53 - INFO - Validated dataset: Neuropsychiatry Office Visit Costs
2024-08-23 15:33:53 - INFO - Validated dataset: Neurosurgery Office Visit Costs
2024-08-23 15:33:53 - INFO - Validated dataset: Nuclear Medicine Office Visit Costs
2024-08-23 15:33:53 - INFO - Validated dataset: Nurse Practitioner Office Visit Costs
2024-08-23 15:33:53 - INFO - Validated dataset: Obstetrics & Gynecology Office Visit Costs
2024-08-23 15:33:53 - INFO - Validated dataset: Ophthalmology Office Visit Costs
2024-08-23 15:33:53 - INFO - Validated dataset: Optometry Office Visit Costs
2024-08-23 15:33:53 - INFO - Validated dataset: Oral Surgery (Dentist only) Office Visit Costs
2024-08-23 15:33:53 - INFO - Validated dataset: Orthopedic Surgery Office Visit Costs
2024-08-23 15:33:53 - INFO - Validated dataset: Osteopathic Manipulative Medicine Office Visit Costs
2024-08-23 15:33:53 - INFO - Validated dataset: Otolaryngology Office Visit Costs
2024-08-23 15:33:53 - INFO - Validated dataset: Pain Management Office Visit Costs
2024-08-23 15:33:53 - INFO - Validated dataset: Pathology Office Visit Costs
2024-08-23 15:33:53 - INFO - Validated dataset: Pediatric Medicine Office Visit Costs
2024-08-23 15:33:53 - INFO - Validated dataset: Peripheral Vascular Disease Office Visit Costs
2024-08-23 15:33:53 - INFO - Validated dataset: Physical Medicine and Rehabilitation Office Visit Costs
2024-08-23 15:33:53 - INFO - Validated dataset: Physical Therapist in Private Practice Office Visit Costs
2024-08-23 15:33:53 - INFO - Validated dataset: Physician Assistant Office Visit Costs
2024-08-23 15:33:53 - INFO - Validated dataset: Plastic and Reconstructive Surgery Office Visit Costs
2024-08-23 15:33:53 - INFO - Validated dataset: Podiatry Office Visit Costs
2024-08-23 15:33:53 - INFO - Validated dataset: Preventive Medicine Office Visit Costs
2024-08-23 15:33:53 - INFO - Validated dataset: Psychiatry Office Visit Costs
2024-08-23 15:33:53 - INFO - Validated dataset: Psychologist, Clinical Office Visit Costs
2024-08-23 15:33:53 - INFO - Validated dataset: Public Health or Welfare Agency Office Visit Costs
2024-08-23 15:33:53 - INFO - Validated dataset: Pulmonary Disease Office Visit Costs
2024-08-23 15:33:53 - INFO - Validated dataset: Radiation Oncology Office Visit Costs
2024-08-23 15:33:53 - INFO - Validated dataset: Registered Dietitian or Nutrition Professional Office Visit Costs
2024-08-23 15:33:53 - INFO - Validated dataset: Rheumatology Office Visit Costs
2024-08-23 15:33:53 - INFO - Validated dataset: Sleep Medicine Office Visit Costs
2024-08-23 15:33:53 - INFO - Validated dataset: Sports Medicine Office Visit Costs
2024-08-23 15:33:53 - INFO - Validated dataset: Surgical Oncology Office Visit Costs
2024-08-23 15:33:53 - INFO - Validated dataset: Thoracic Surgery Office Visit Costs
2024-08-23 15:33:53 - INFO - Validated dataset: Undefined Physician type Office Visit Costs
2024-08-23 15:33:53 - INFO - Validated dataset: Undersea and Hyperbaric Medicine Office Visit Costs
2024-08-23 15:33:53 - INFO - Validated dataset: Urology Office Visit Costs
2024-08-23 15:33:53 - INFO - Validated dataset: Vascular Surgery Office Visit Costs
2024-08-23 15:33:53 - INFO - Validated dataset: PY 2022 Virtual Group Public Reporting: MIPS Measures and Attestations
2024-08-23 15:33:53 - INFO - Validated dataset: COVID-19 Vaccination Rates - Provider Data
2024-08-23 15:33:53 - INFO - Validated dataset: COVID-19 Vaccination Rates - State and National Averages
2024-08-23 15:33:53 - INFO - Validated dataset: Hospice care - State CAHPS Hospice Survey Data
2024-08-23 15:33:53 - INFO - Validated dataset: Hospice - State Data
2024-08-23 15:33:53 - INFO - Validated dataset: Licensed Clinical Social Worker Office Visit Costs
2024-08-23 15:33:53 - INFO - Validated dataset: Medical Genetics and Genomics Office Visit Costs
2024-08-23 15:33:53 - INFO - Validated dataset: Home Health Care - State by State Data
2024-08-23 15:33:53 - INFO - Validated dataset: Home Health Care - Measure Date Range
2024-08-23 15:33:53 - INFO - Validated dataset: Payment - State
2024-08-23 15:33:53 - INFO - Validated dataset: Maternal Health - Hospital
2024-08-23 15:33:53 - INFO - Validated dataset: Maternal Health - National
2024-08-23 15:33:53 - INFO - Validated dataset: Maternal Health - State
2024-08-23 15:33:53 - INFO - Validated dataset: Medical Equipment Suppliers
2024-08-23 15:33:53 - INFO - Validated dataset: Inpatient Rehabilitation Facility - National Data
2024-08-23 15:33:53 - INFO - Validated dataset: Long-Term Care Hospital - National Data
2024-08-23 15:33:53 - INFO - Validated dataset: Skilled Nursing Facility Quality Reporting Program - National Data
2024-08-23 15:33:53 - INFO - Validated dataset: Patient survey (ICH CAHPS) - State
2024-08-23 15:33:53 - INFO - Validated dataset: Hospice-National Data
2024-08-23 15:33:53 - INFO - Validated dataset: Facility Affiliation Data
2024-08-23 15:33:53 - INFO - Validated dataset: Utilization Data
2024-08-23 15:33:53 - INFO - Validated dataset: ESRD QIP - Clinical Depression Screening and Follow-up - Payment Year 2024
2024-08-23 15:33:53 - INFO - Validated dataset: ESRD QIP - Complete QIP Data - Payment Year 2024
2024-08-23 15:33:53 - INFO - Validated dataset: ESRD QIP - Dialysis Adequacy - Payment Year 2024
2024-08-23 15:33:53 - INFO - Validated dataset: ESRD QIP - Footnotes - Payment Year 2024
2024-08-23 15:33:53 - INFO - Validated dataset: ESRD QIP - Hypercalcemia - Payment Year 2024
2024-08-23 15:33:53 - INFO - Validated dataset: ESRD QIP - NHSN Dialysis Event Measure - Payment Year 2024
2024-08-23 15:33:53 - INFO - Validated dataset: ESRD QIP - NHSN Bloodstream Infection - Payment Year 2024
2024-08-23 15:33:53 - INFO - Validated dataset: ESRD QIP - Standardized Readmission Ratio - Payment Year 2024
2024-08-23 15:33:53 - INFO - Validated dataset: ESRD QIP - Standardized Transfusion Ratio - Payment Year 2024
2024-08-23 15:33:53 - INFO - Validated dataset: ESRD QIP - Total Performance Scores - Payment Year 2024
2024-08-23 15:33:53 - INFO - Validated dataset: ESRD QIP - Vascular Access Topic - Payment Year 2024
2024-08-23 15:33:53 - INFO - Validated dataset: ESRD QIP - Ultrafiltration Rate - Payment Year 2024
2024-08-23 15:33:53 - INFO - Validated dataset: ESRD QIP - Standardized Hospitalization Ratio - Payment Year 2024
2024-08-23 15:33:53 - INFO - Validated dataset: ESRD QIP - Medication Reconciliation - Payment Year 2024
2024-08-23 15:33:53 - INFO - Validated dataset: ESRD QIP - Percentage of Prevalent Patients Waitlisted - Payment Year 2024
2024-08-23 15:33:53 - INFO - Validated dataset: Patient-Reported Outcomes - Hospital
2024-08-23 15:33:53 - INFO - Validated dataset: Palliative Care - PPS-Exempt Cancer Hospital - Hospital
2024-08-23 15:33:53 - INFO - Validated dataset: Palliative Care - PPS-Exempt Cancer Hospital - National
2024-08-23 15:33:53 - INFO - Validated dataset: Audiologist Office Visit Costs
2024-08-23 15:33:53 - INFO - Validated dataset: Mass Immunizer Roster Biller Office Visit Costs
2024-08-23 15:33:53 - INFO - Validated dataset: Micrographic Dermatologic Surgery Office Visit Costs
2024-08-23 15:33:53 - INFO - Validated dataset: Opioid Treatment Program Office Visit Costs
2024-08-23 15:33:53 - INFO - Validated dataset: Pharmacy Office Visit Costs
2024-08-23 15:33:53 - INFO - Number of themed datasets: 72
2024-08-23 15:33:53 - INFO - ✅ Finished fetching datasets.
2024-08-23 15:33:53 - INFO - Completed CMS data download and processing.
2024-08-23 15:34:06 - INFO - Starting CMS data download and processing...
2024-08-23 15:34:13 - INFO - 🏗️ Fetching datasets...
2024-08-23 15:34:13 - DEBUG - Starting new HTTPS connection (1): data.cms.gov:443
2024-08-23 15:34:13 - DEBUG - https://data.cms.gov:443 "GET /provider-data/api/1/metastore/schemas/dataset/items HTTP/11" 200 30377
2024-08-23 15:34:13 - INFO - Validated dataset: Dialysis Facility - Listing by Facility
2024-08-23 15:35:02 - INFO - Starting CMS data download and processing...
2024-08-23 15:35:02 - INFO - 🏗️ Fetching datasets...
2024-08-23 15:35:02 - DEBUG - Starting new HTTPS connection (1): data.cms.gov:443
2024-08-23 15:35:03 - DEBUG - https://data.cms.gov:443 "GET /provider-data/api/1/metastore/schemas/dataset/items HTTP/11" 200 30377
2024-08-23 15:35:03 - INFO - Validated dataset: Dialysis Facility - Listing by Facility
2024-08-23 15:35:03 - INFO - Validated dataset: Dialysis Facility - State Averages
2024-08-23 15:35:03 - INFO - Validated dataset: Dialysis Facility - National Averages
2024-08-23 15:35:03 - INFO - Validated dataset: Patient survey (ICH CAHPS) - Facility
2024-08-23 15:35:03 - INFO - Validated dataset: Patient survey (ICH CAHPS) - National
2024-08-23 15:35:03 - INFO - Validated dataset: Home Health Care - Zip Codes
2024-08-23 15:35:03 - INFO - Validated dataset: Home Health Care Agencies
2024-08-23 15:35:03 - INFO - Validated dataset: Home Health Care - National Data
2024-08-23 15:35:03 - INFO - Validated dataset: Hospice - Zip Data
2024-08-23 15:35:03 - INFO - Validated dataset: Hospice - General Information
2024-08-23 15:35:03 - INFO - Validated dataset: Hospice - Provider Data
2024-08-23 15:35:03 - INFO - Validated dataset: Hospice care - Provider CAHPS Hospice Survey Data
2024-08-23 15:35:03 - INFO - Validated dataset: Hospice care - National CAHPS Hospice Survey Data
2024-08-23 15:35:03 - INFO - Validated dataset: Outpatient and Ambulatory Surgery Consumer Assessment of Healthcare Providers and Systems (OAS CAHPS) survey for ambulatory surgical centers - Facility
2024-08-23 15:35:03 - INFO - Validated dataset: Ambulatory Surgical Center Quality Measures - Facility
2024-08-23 15:35:03 - INFO - Validated dataset: Ambulatory Surgical Center Quality Measures - National
2024-08-23 15:35:03 - INFO - Validated dataset: Outpatient and Ambulatory Surgery Consumer Assessment of Healthcare Providers and Systems (OAS CAHPS) survey for ambulatory surgical centers - National
2024-08-23 15:35:03 - INFO - Validated dataset: Ambulatory Surgical Center Quality Measures - State
2024-08-23 15:35:03 - INFO - Validated dataset: Outpatient and Ambulatory Surgery Consumer Assessment of Healthcare Providers and Systems (OAS CAHPS) survey for ambulatory surgical centers - State
2024-08-23 15:35:03 - INFO - Validated dataset: Comprehensive Care For Joint Replacement Model - Provider Data
2024-08-23 15:35:03 - INFO - Validated dataset: CMS Medicare PSI-90 and component measures - six-digit estimate dataset
2024-08-23 15:35:03 - INFO - Validated dataset: Complications and Deaths - Hospital
2024-08-23 15:35:03 - INFO - Validated dataset: Complications and Deaths - National
2024-08-23 15:35:03 - INFO - Validated dataset: Complications and Deaths - State
2024-08-23 15:35:03 - INFO - Validated dataset: Footnote Crosswalk
2024-08-23 15:35:03 - INFO - Validated dataset: Outpatient and Ambulatory Surgery Consumer Assessment of Healthcare Providers and Systems (OAS CAHPS) survey - Footnotes
2024-08-23 15:35:03 - INFO - Validated dataset: Table 2: FY2021 Distribution of Net Change in Base Operating DRG Payment Amount
2024-08-23 15:35:03 - INFO - Validated dataset: Table 1: FY2021 Net Change in Base Operating DRG Payment Amount
2024-08-23 15:35:03 - INFO - Validated dataset: Table 3: FY2021 Percent Change in Medicare Payments
2024-08-23 15:35:03 - INFO - Validated dataset: Table 4: FY2021 Value-Based Incentive Payment Amount
2024-08-23 15:35:03 - INFO - Validated dataset: Patient survey (HCAHPS) - Hospital
2024-08-23 15:35:03 - INFO - Validated dataset: Patient survey (HCAHPS) - National
2024-08-23 15:35:03 - INFO - Validated dataset: Patient survey (HCAHPS) - State
2024-08-23 15:35:03 - INFO - Validated dataset: Healthcare Associated Infections - Hospital
2024-08-23 15:35:03 - INFO - Validated dataset: Healthcare Associated Infections - National
2024-08-23 15:35:03 - INFO - Validated dataset: Healthcare Associated Infections - State
2024-08-23 15:35:03 - INFO - Validated dataset: Outpatient and Ambulatory Surgery Consumer Assessment of Healthcare Providers and Systems (OAS CAHPS) survey for hospital outpatient departments - Facility
2024-08-23 15:35:03 - INFO - Validated dataset: Outpatient and Ambulatory Surgery Consumer Assessment of Healthcare Providers and Systems (OAS CAHPS) survey for hospital outpatient departments - National
2024-08-23 15:35:03 - INFO - Validated dataset: Outpatient and Ambulatory Surgery Consumer Assessment of Healthcare Providers and Systems (OAS CAHPS) survey for hospital outpatient departments - State
2024-08-23 15:35:03 - INFO - Validated dataset: Hospital General Information
2024-08-23 15:35:03 - INFO - Validated dataset: Complications and Unplanned Hospital Visits - PPS-Exempt Cancer Hospital - Hospital
2024-08-23 15:35:03 - INFO - Validated dataset: Complications and Unplanned Hospital Visits - PPS-Exempt Cancer Hospital - National
2024-08-23 15:35:03 - INFO - Validated dataset: Hospital-Acquired Condition (HAC) Reduction Program
2024-08-23 15:35:03 - INFO - Validated dataset: Medicare Spending Per Beneficiary - Hospital Additional Decimal Places
2024-08-23 15:35:03 - INFO - Validated dataset: Safety and Healthcare-Associated Infection Measures - PPS-Exempt Cancer Hospital
2024-08-23 15:35:03 - INFO - Validated dataset: Patient Survey (PCH - HCAHPS) PPS-Exempt Cancer Hospital - Hospital
2024-08-23 15:35:03 - INFO - Validated dataset: Patient Survey (PCH - HCAHPS) PPS-Exempt Cancer Hospital - National
2024-08-23 15:35:03 - INFO - Validated dataset: Patient Survey (PCH - HCAHPS) PPS-Exempt Cancer Hospital - State
2024-08-23 15:35:03 - INFO - Validated dataset: Hospital Readmissions Reduction Program
2024-08-23 15:35:03 - INFO - Validated dataset: Hospital Value-Based Purchasing (HVBP) - Clinical Outcomes Domain Scores
2024-08-23 15:35:03 - INFO - Validated dataset: Hospital Value-Based Purchasing (HVBP) - Efficiency Scores
2024-08-23 15:35:03 - INFO - Validated dataset: Hospital Value-Based Purchasing (HVBP) - Person and Community Engagement Domain Scores (HCAHPS)
2024-08-23 15:35:03 - INFO - Validated dataset: Hospital Value-Based Purchasing (HVBP) - Safety
2024-08-23 15:35:03 - INFO - Validated dataset: Hospital Value-Based Purchasing (HVBP) - Total Performance Score
2024-08-23 15:35:03 - INFO - Validated dataset: Inpatient Psychiatric Facility Quality Measure Data - by Facility
2024-08-23 15:35:03 - INFO - Validated dataset: Inpatient Psychiatric Facility Quality Measure Data - National
2024-08-23 15:35:03 - INFO - Validated dataset: Inpatient Psychiatric Facility Quality Measure Data - by State
2024-08-23 15:35:03 - INFO - Validated dataset: Measure Dates
2024-08-23 15:35:03 - INFO - Validated dataset: Medicare Hospital Spending by Claim
2024-08-23 15:35:03 - INFO - Validated dataset: Medicare Spending Per Beneficiary - Hospital
2024-08-23 15:35:03 - INFO - Validated dataset: Medicare Spending Per Beneficiary - National
2024-08-23 15:35:03 - INFO - Validated dataset: Medicare Spending Per Beneficiary - State
2024-08-23 15:35:03 - INFO - Validated dataset: Outpatient Imaging Efficiency - Hospital
2024-08-23 15:35:03 - INFO - Validated dataset: Outpatient Imaging Efficiency - National
2024-08-23 15:35:03 - INFO - Validated dataset: Outpatient Imaging Efficiency - State
2024-08-23 15:35:03 - INFO - Validated dataset: Payment - National
2024-08-23 15:35:03 - INFO - Validated dataset: Payment and value of care - Hospital
2024-08-23 15:35:03 - INFO - Validated dataset: Timely and Effective Care - Hospital
2024-08-23 15:35:03 - INFO - Validated dataset: Timely and Effective Care - National
2024-08-23 15:35:03 - INFO - Validated dataset: Timely and Effective Care - State
2024-08-23 15:35:03 - INFO - Validated dataset: Unplanned Hospital Visits - Hospital
2024-08-23 15:35:03 - INFO - Validated dataset: Unplanned Hospital Visits - National
2024-08-23 15:35:03 - INFO - Validated dataset: Unplanned Hospital Visits - State
2024-08-23 15:35:03 - INFO - Validated dataset: Veterans Health Administration Behavioral Health Data
2024-08-23 15:35:03 - INFO - Validated dataset: Veterans Health Administration Timely and Effective Care Data
2024-08-23 15:35:03 - INFO - Validated dataset: Value of care - National
2024-08-23 15:35:03 - INFO - Validated dataset: Veterans Health Administration Provider Level Data
2024-08-23 15:35:03 - INFO - Validated dataset: Data Updates
2024-08-23 15:35:03 - INFO - Validated dataset: Inpatient Rehabilitation Facility - General Information
2024-08-23 15:35:03 - INFO - Validated dataset: Inpatient Rehabilitation Facility - Provider Data
2024-08-23 15:35:03 - INFO - Validated dataset: Inpatient Rehabilitation Facility - Conditions
2024-08-23 15:35:03 - INFO - Validated dataset: Long-Term Care Hospital - General Information
2024-08-23 15:35:03 - INFO - Validated dataset: Long-Term Care Hospital - Provider Data
2024-08-23 15:35:03 - INFO - Validated dataset: Fire Safety Deficiencies
2024-08-23 15:35:03 - INFO - Validated dataset: Health Deficiencies
2024-08-23 15:35:03 - INFO - Validated dataset: MDS Quality Measures
2024-08-23 15:35:03 - INFO - Validated dataset: Medicare Claims Quality Measures
2024-08-23 15:35:03 - INFO - Validated dataset: Ownership
2024-08-23 15:35:03 - INFO - Validated dataset: Penalties
2024-08-23 15:35:03 - INFO - Validated dataset: Provider Information
2024-08-23 15:35:03 - INFO - Validated dataset: Skilled Nursing Facility Quality Reporting Program - Provider Data
2024-08-23 15:35:03 - INFO - Validated dataset: Skilled Nursing Facility Quality Reporting Program - Swing Beds - Provider Data
2024-08-23 15:35:03 - INFO - Validated dataset: State US Averages
2024-08-23 15:35:03 - INFO - Validated dataset: Survey Summary
2024-08-23 15:35:03 - INFO - Validated dataset: FY 2024 SNF VBP Facility-Level Dataset
2024-08-23 15:35:03 - INFO - Validated dataset: FY 2024 SNF VBP Aggregate Performance
2024-08-23 15:35:03 - INFO - Validated dataset: Nursing Home Data Collection Intervals
2024-08-23 15:35:03 - INFO - Validated dataset: Citation Code Look-up
2024-08-23 15:35:03 - INFO - Validated dataset: National Downloadable File
2024-08-23 15:35:03 - INFO - Validated dataset: PY 2022 Group Public Reporting: MIPS Measures and Attestations
2024-08-23 15:35:03 - INFO - Validated dataset: PY 2022 Group Public Reporting: Patient Experience
2024-08-23 15:35:03 - INFO - Validated dataset: PY 2022 Clinician Public Reporting: MIPS Measures and Attestations
2024-08-23 15:35:03 - INFO - Validated dataset: PY 2022 Clinician Public Reporting: Overall MIPS Performance
2024-08-23 15:35:03 - INFO - Validated dataset: Inspection Dates
2024-08-23 15:35:03 - INFO - Validated dataset: State-Level Health Inspection Cut Points
2024-08-23 15:35:03 - INFO - Validated dataset: Home Health Care - Patient Survey (HHCAHPS) 2023Q1 to 2023Q4
2024-08-23 15:35:03 - INFO - Validated dataset: Home Health Care - Patient Survey (HHCAHPS) National Data 2023Q1 to 2023Q4
2024-08-23 15:35:03 - INFO - Validated dataset: Home Health Care - Patient Survey (HHCAHPS) State Data 2023Q1 to 2023Q4
2024-08-23 15:35:03 - INFO - Validated dataset: Home Health Care - Patient Survey (HHCAHPS) Measure Dates 2023Q1 to 2023Q4
2024-08-23 15:35:03 - INFO - Validated dataset: Addiction Medicine Office Visit Costs
2024-08-23 15:35:03 - INFO - Validated dataset: Advanced Heart Failure and Transplant Cardiology Office Visit Costs
2024-08-23 15:35:03 - INFO - Validated dataset: Allergy/ Immunology Office Visit Costs
2024-08-23 15:35:03 - INFO - Validated dataset: Anesthesiology Office Visit Costs
2024-08-23 15:35:03 - INFO - Validated dataset: Cardiac Surgery Office Visit Costs
2024-08-23 15:35:03 - INFO - Validated dataset: Cardiology Office Visit Costs
2024-08-23 15:35:03 - INFO - Validated dataset: Certified Clinical Nurse Specialist Office Visit Costs
2024-08-23 15:35:03 - INFO - Validated dataset: Certified Nurse Midwife Office Visit Costs
2024-08-23 15:35:03 - INFO - Validated dataset: Certified Registered Nurse Anesthetist (CRNA) Office Visit Costs
2024-08-23 15:35:03 - INFO - Validated dataset: Clinic or Group Practice Office Visit Costs
2024-08-23 15:35:03 - INFO - Validated dataset: Clinical Cardiac Electrophysiology Office Visit Costs
2024-08-23 15:35:03 - INFO - Validated dataset: Clinical Laboratory Office Visit Costs
2024-08-23 15:35:03 - INFO - Validated dataset: Colorectal Surgery (Proctology) Office Visit Costs
2024-08-23 15:35:03 - INFO - Validated dataset: Critical Care (Intensivists) Office Visit Costs
2024-08-23 15:35:03 - INFO - Validated dataset: Dentist Office Visit Costs
2024-08-23 15:35:03 - INFO - Validated dataset: Dermatology Office Visit Costs
2024-08-23 15:35:03 - INFO - Validated dataset: Diagnostic Radiology Office Visit Costs
2024-08-23 15:35:03 - INFO - Validated dataset: Emergency Medicine Office Visit Costs
2024-08-23 15:35:03 - INFO - Validated dataset: Endocrinology Office Visit Costs
2024-08-23 15:35:03 - INFO - Validated dataset: Family Practice Office Visit Costs
2024-08-23 15:35:03 - INFO - Validated dataset: Gastroenterology Office Visit Costs
2024-08-23 15:35:03 - INFO - Validated dataset: General Practice Office Visit Costs
2024-08-23 15:35:03 - INFO - Validated dataset: General Surgery Office Visit Costs
2024-08-23 15:35:03 - INFO - Validated dataset: Geriatric Medicine Office Visit Costs
2024-08-23 15:35:03 - INFO - Validated dataset: Geriatric Psychiatry Office Visit Costs
2024-08-23 15:35:03 - INFO - Validated dataset: Gynecological Oncology Office Visit Costs
2024-08-23 15:35:03 - INFO - Validated dataset: Hand Surgery Office Visit Costs
2024-08-23 15:35:03 - INFO - Validated dataset: Hematology Office Visit Costs
2024-08-23 15:35:03 - INFO - Validated dataset: Hematology-Oncology Office Visit Costs
2024-08-23 15:35:03 - INFO - Validated dataset: Hematopoietic Cell Transplantation and Cellular Therapy Office Visit Costs
2024-08-23 15:35:03 - INFO - Validated dataset: Hospice and Palliative Care Office Visit Costs
2024-08-23 15:35:03 - INFO - Validated dataset: Hospitalist Office Visit Costs
2024-08-23 15:35:03 - INFO - Validated dataset: Infectious Disease Office Visit Costs
2024-08-23 15:35:03 - INFO - Validated dataset: Internal Medicine Office Visit Costs
2024-08-23 15:35:03 - INFO - Validated dataset: Interventional Cardiology Office Visit Costs
2024-08-23 15:35:03 - INFO - Validated dataset: Interventional Pain Management Office Visit Costs
2024-08-23 15:35:03 - INFO - Validated dataset: Interventional Radiology Office Visit Costs
2024-08-23 15:35:03 - INFO - Validated dataset: Maxillofacial Surgery Office Visit Costs
2024-08-23 15:35:03 - INFO - Validated dataset: Medical Oncology Office Visit Costs
2024-08-23 15:35:03 - INFO - Validated dataset: Medical Toxicology Office Visit Costs
2024-08-23 15:35:03 - INFO - Validated dataset: Nephrology Office Visit Costs
2024-08-23 15:35:03 - INFO - Validated dataset: Neurology Office Visit Costs
2024-08-23 15:35:03 - INFO - Validated dataset: Neuropsychiatry Office Visit Costs
2024-08-23 15:35:03 - INFO - Validated dataset: Neurosurgery Office Visit Costs
2024-08-23 15:35:03 - INFO - Validated dataset: Nuclear Medicine Office Visit Costs
2024-08-23 15:35:03 - INFO - Validated dataset: Nurse Practitioner Office Visit Costs
2024-08-23 15:35:03 - INFO - Validated dataset: Obstetrics & Gynecology Office Visit Costs
2024-08-23 15:35:03 - INFO - Validated dataset: Ophthalmology Office Visit Costs
2024-08-23 15:35:03 - INFO - Validated dataset: Optometry Office Visit Costs
2024-08-23 15:35:03 - INFO - Validated dataset: Oral Surgery (Dentist only) Office Visit Costs
2024-08-23 15:35:03 - INFO - Validated dataset: Orthopedic Surgery Office Visit Costs
2024-08-23 15:35:03 - INFO - Validated dataset: Osteopathic Manipulative Medicine Office Visit Costs
2024-08-23 15:35:03 - INFO - Validated dataset: Otolaryngology Office Visit Costs
2024-08-23 15:35:03 - INFO - Validated dataset: Pain Management Office Visit Costs
2024-08-23 15:35:03 - INFO - Validated dataset: Pathology Office Visit Costs
2024-08-23 15:35:03 - INFO - Validated dataset: Pediatric Medicine Office Visit Costs
2024-08-23 15:35:03 - INFO - Validated dataset: Peripheral Vascular Disease Office Visit Costs
2024-08-23 15:35:03 - INFO - Validated dataset: Physical Medicine and Rehabilitation Office Visit Costs
2024-08-23 15:35:03 - INFO - Validated dataset: Physical Therapist in Private Practice Office Visit Costs
2024-08-23 15:35:03 - INFO - Validated dataset: Physician Assistant Office Visit Costs
2024-08-23 15:35:03 - INFO - Validated dataset: Plastic and Reconstructive Surgery Office Visit Costs
2024-08-23 15:35:03 - INFO - Validated dataset: Podiatry Office Visit Costs
2024-08-23 15:35:03 - INFO - Validated dataset: Preventive Medicine Office Visit Costs
2024-08-23 15:35:03 - INFO - Validated dataset: Psychiatry Office Visit Costs
2024-08-23 15:35:03 - INFO - Validated dataset: Psychologist, Clinical Office Visit Costs
2024-08-23 15:35:03 - INFO - Validated dataset: Public Health or Welfare Agency Office Visit Costs
2024-08-23 15:35:03 - INFO - Validated dataset: Pulmonary Disease Office Visit Costs
2024-08-23 15:35:03 - INFO - Validated dataset: Radiation Oncology Office Visit Costs
2024-08-23 15:35:03 - INFO - Validated dataset: Registered Dietitian or Nutrition Professional Office Visit Costs
2024-08-23 15:35:03 - INFO - Validated dataset: Rheumatology Office Visit Costs
2024-08-23 15:35:03 - INFO - Validated dataset: Sleep Medicine Office Visit Costs
2024-08-23 15:35:03 - INFO - Validated dataset: Sports Medicine Office Visit Costs
2024-08-23 15:35:03 - INFO - Validated dataset: Surgical Oncology Office Visit Costs
2024-08-23 15:35:03 - INFO - Validated dataset: Thoracic Surgery Office Visit Costs
2024-08-23 15:35:03 - INFO - Validated dataset: Undefined Physician type Office Visit Costs
2024-08-23 15:35:03 - INFO - Validated dataset: Undersea and Hyperbaric Medicine Office Visit Costs
2024-08-23 15:35:03 - INFO - Validated dataset: Urology Office Visit Costs
2024-08-23 15:35:03 - INFO - Validated dataset: Vascular Surgery Office Visit Costs
2024-08-23 15:35:03 - INFO - Validated dataset: PY 2022 Virtual Group Public Reporting: MIPS Measures and Attestations
2024-08-23 15:35:03 - INFO - Validated dataset: COVID-19 Vaccination Rates - Provider Data
2024-08-23 15:35:03 - INFO - Validated dataset: COVID-19 Vaccination Rates - State and National Averages
2024-08-23 15:35:03 - INFO - Validated dataset: Hospice care - State CAHPS Hospice Survey Data
2024-08-23 15:35:03 - INFO - Validated dataset: Hospice - State Data
2024-08-23 15:35:03 - INFO - Validated dataset: Licensed Clinical Social Worker Office Visit Costs
2024-08-23 15:35:03 - INFO - Validated dataset: Medical Genetics and Genomics Office Visit Costs
2024-08-23 15:35:03 - INFO - Validated dataset: Home Health Care - State by State Data
2024-08-23 15:35:03 - INFO - Validated dataset: Home Health Care - Measure Date Range
2024-08-23 15:35:03 - INFO - Validated dataset: Payment - State
2024-08-23 15:35:03 - INFO - Validated dataset: Maternal Health - Hospital
2024-08-23 15:35:03 - INFO - Validated dataset: Maternal Health - National
2024-08-23 15:35:03 - INFO - Validated dataset: Maternal Health - State
2024-08-23 15:35:03 - INFO - Validated dataset: Medical Equipment Suppliers
2024-08-23 15:35:03 - INFO - Validated dataset: Inpatient Rehabilitation Facility - National Data
2024-08-23 15:35:03 - INFO - Validated dataset: Long-Term Care Hospital - National Data
2024-08-23 15:35:03 - INFO - Validated dataset: Skilled Nursing Facility Quality Reporting Program - National Data
2024-08-23 15:35:03 - INFO - Validated dataset: Patient survey (ICH CAHPS) - State
2024-08-23 15:35:03 - INFO - Validated dataset: Hospice-National Data
2024-08-23 15:35:03 - INFO - Validated dataset: Facility Affiliation Data
2024-08-23 15:35:03 - INFO - Validated dataset: Utilization Data
2024-08-23 15:35:03 - INFO - Validated dataset: ESRD QIP - Clinical Depression Screening and Follow-up - Payment Year 2024
2024-08-23 15:35:03 - INFO - Validated dataset: ESRD QIP - Complete QIP Data - Payment Year 2024
2024-08-23 15:35:03 - INFO - Validated dataset: ESRD QIP - Dialysis Adequacy - Payment Year 2024
2024-08-23 15:35:03 - INFO - Validated dataset: ESRD QIP - Footnotes - Payment Year 2024
2024-08-23 15:35:03 - INFO - Validated dataset: ESRD QIP - Hypercalcemia - Payment Year 2024
2024-08-23 15:35:03 - INFO - Validated dataset: ESRD QIP - NHSN Dialysis Event Measure - Payment Year 2024
2024-08-23 15:35:03 - INFO - Validated dataset: ESRD QIP - NHSN Bloodstream Infection - Payment Year 2024
2024-08-23 15:35:03 - INFO - Validated dataset: ESRD QIP - Standardized Readmission Ratio - Payment Year 2024
2024-08-23 15:35:03 - INFO - Validated dataset: ESRD QIP - Standardized Transfusion Ratio - Payment Year 2024
2024-08-23 15:35:03 - INFO - Validated dataset: ESRD QIP - Total Performance Scores - Payment Year 2024
2024-08-23 15:35:03 - INFO - Validated dataset: ESRD QIP - Vascular Access Topic - Payment Year 2024
2024-08-23 15:35:03 - INFO - Validated dataset: ESRD QIP - Ultrafiltration Rate - Payment Year 2024
2024-08-23 15:35:03 - INFO - Validated dataset: ESRD QIP - Standardized Hospitalization Ratio - Payment Year 2024
2024-08-23 15:35:03 - INFO - Validated dataset: ESRD QIP - Medication Reconciliation - Payment Year 2024
2024-08-23 15:35:03 - INFO - Validated dataset: ESRD QIP - Percentage of Prevalent Patients Waitlisted - Payment Year 2024
2024-08-23 15:35:03 - INFO - Validated dataset: Patient-Reported Outcomes - Hospital
2024-08-23 15:35:03 - INFO - Validated dataset: Palliative Care - PPS-Exempt Cancer Hospital - Hospital
2024-08-23 15:35:03 - INFO - Validated dataset: Palliative Care - PPS-Exempt Cancer Hospital - National
2024-08-23 15:35:03 - INFO - Validated dataset: Audiologist Office Visit Costs
2024-08-23 15:35:03 - INFO - Validated dataset: Mass Immunizer Roster Biller Office Visit Costs
2024-08-23 15:35:03 - INFO - Validated dataset: Micrographic Dermatologic Surgery Office Visit Costs
2024-08-23 15:35:03 - INFO - Validated dataset: Opioid Treatment Program Office Visit Costs
2024-08-23 15:35:03 - INFO - Validated dataset: Pharmacy Office Visit Costs
2024-08-23 15:35:03 - INFO - Number of themed datasets: 72
2024-08-23 15:35:03 - INFO - ✅ Finished fetching datasets.
2024-08-23 15:35:03 - INFO - Completed CMS data download and processing.
2024-08-23 15:36:23 - INFO - Starting CMS data download and processing...
2024-08-23 15:36:23 - DEBUG - Last run time: 2024-08-23 15:35:03.183689
2024-08-23 15:36:23 - DEBUG - Current time: 2024-08-23 15:36:23.700445
2024-08-23 15:36:23 - DEBUG - Difference: 0:01:20.516756
2024-08-23 15:36:23 - INFO - Fetch datasets skipped. Last run was less than 24 hours ago.
2024-08-23 15:41:55 - INFO - Starting CMS data download and processing...
2024-08-23 15:41:55 - DEBUG - Last run time: 2024-08-23 15:35:03.183689
2024-08-23 15:41:55 - DEBUG - Current time: 2024-08-23 15:41:55.664631
2024-08-23 15:41:55 - DEBUG - Difference: 0:06:52.480942
2024-08-23 15:41:55 - INFO - Fetch datasets skipped. Last run was less than 24 hours ago.
